info|2025-12-13 23:00:09.281685|timerFactory-0x00007542959ff640|[RPC][WS][SERVICE]connected nodes,count=0
info|2025-12-13 23:00:09.949250|ioService-0x00007542a81ff640|[P2PService][Service][METRIC]heartBeat,connected count=3
info|2025-12-13 23:00:19.281741|timerFactory-0x00007542959ff640|[RPC][WS][SERVICE]connected nodes,count=0
info|2025-12-13 23:00:19.949285|ioService-0x00007542a81ff640|[P2PService][Service][METRIC]heartBeat,connected count=3
info|2025-12-13 23:00:29.281838|timerFactory-0x00007542959ff640|[RPC][WS][SERVICE]connected nodes,count=0
info|2025-12-13 23:00:29.949308|ioService-0x00007542a81ff640|[P2PService][Service][METRIC]heartBeat,connected count=3
info|2025-12-13 23:00:39.281928|timerFactory-0x00007542959ff640|[RPC][WS][SERVICE]connected nodes,count=0
info|2025-12-13 23:00:39.949328|ioService-0x00007542a81ff640|[P2PService][Service][METRIC]heartBeat,connected count=3
info|2025-12-13 23:00:49.282016|timerFactory-0x00007542959ff640|[RPC][WS][SERVICE]connected nodes,count=0
info|2025-12-13 23:00:49.949347|ioService-0x00007542a81ff640|[P2PService][Service][METRIC]heartBeat,connected count=3
info|2025-12-13 23:00:58.281595|objMonitor-0x00007542835ff640|[startMonitor][AliveObjectMonitor],AliveObjectAllocStat=[ type: bcos::gateway::Socket ,created: 9 ,destroyed: 5 ,alive: 4 ] 
info|2025-12-13 23:00:59.282104|timerFactory-0x00007542959ff640|[RPC][WS][SERVICE]connected nodes,count=0
info|2025-12-13 23:00:59.949367|ioService-0x00007542a81ff640|[P2PService][Service][METRIC]heartBeat,connected count=3
info|2025-12-13 23:01:09.282160|timerFactory-0x00007542959ff640|[RPC][WS][SERVICE]connected nodes,count=0
info|2025-12-13 23:01:09.949386|ioService-0x00007542a81ff640|[P2PService][Service][METRIC]heartBeat,connected count=3
info|2025-12-13 23:01:19.282191|timerFactory-0x00007542959ff640|[RPC][WS][SERVICE]connected nodes,count=0
info|2025-12-13 23:01:19.949443|ioService-0x00007542a81ff640|[P2PService][Service][METRIC]heartBeat,connected count=3
info|2025-12-13 23:01:29.282273|timerFactory-0x00007542959ff640|[RPC][WS][SERVICE]connected nodes,count=0
info|2025-12-13 23:01:29.949627|ioService-0x00007542a81ff640|[P2PService][Service][METRIC]heartBeat,connected count=3
info|2025-12-13 23:01:39.282329|timerFactory-0x00007542959ff640|[RPC][WS][SERVICE]connected nodes,count=0
info|2025-12-13 23:01:39.949689|ioService-0x00007542a81ff640|[P2PService][Service][METRIC]heartBeat,connected count=3
info|2025-12-13 23:01:49.282351|timerFactory-0x00007542959ff640|[RPC][WS][SERVICE]connected nodes,count=0
info|2025-12-13 23:01:49.949816|ioService-0x00007542a81ff640|[P2PService][Service][METRIC]heartBeat,connected count=3
info|2025-12-13 23:01:58.281682|objMonitor-0x00007542835ff640|[startMonitor][AliveObjectMonitor],AliveObjectAllocStat=[ type: bcos::gateway::Socket ,created: 9 ,destroyed: 5 ,alive: 4 ] [ type: bcos::gateway::ResponseCallback ,created: 4236296 ,destroyed: 4236292 ,alive: 4 ] 
info|2025-12-13 23:01:59.282377|timerFactory-0x00007542959ff640|[RPC][WS][SERVICE]connected nodes,count=0
info|2025-12-13 23:01:59.949997|ioService-0x00007542a81ff640|[P2PService][Service][METRIC]heartBeat,connected count=3
info|2025-12-13 23:02:09.282403|timerFactory-0x00007542959ff640|[RPC][WS][SERVICE]connected nodes,count=0
info|2025-12-13 23:02:09.950214|ioService-0x00007542a81ff640|[P2PService][Service][METRIC]heartBeat,connected count=3
info|2025-12-13 23:02:19.282433|timerFactory-0x00007542959ff640|[RPC][WS][SERVICE]connected nodes,count=0
info|2025-12-13 23:02:19.950273|ioService-0x00007542a81ff640|[P2PService][Service][METRIC]heartBeat,connected count=3
info|2025-12-13 23:02:29.282506|timerFactory-0x00007542959ff640|[RPC][WS][SERVICE]connected nodes,count=0
info|2025-12-13 23:02:29.950335|ioService-0x00007542a81ff640|[P2PService][Service][METRIC]heartBeat,connected count=3
info|2025-12-13 23:02:39.282534|timerFactory-0x00007542959ff640|[RPC][WS][SERVICE]connected nodes,count=0
info|2025-12-13 23:02:39.950358|ioService-0x00007542a81ff640|[P2PService][Service][METRIC]heartBeat,connected count=3
info|2025-12-13 23:02:49.282586|timerFactory-0x00007542959ff640|[RPC][WS][SERVICE]connected nodes,count=0
info|2025-12-13 23:02:49.950424|ioService-0x00007542a81ff640|[P2PService][Service][METRIC]heartBeat,connected count=3
info|2025-12-13 23:02:58.281736|objMonitor-0x00007542835ff640|[startMonitor][AliveObjectMonitor],AliveObjectAllocStat=[ type: bcos::gateway::Socket ,created: 9 ,destroyed: 5 ,alive: 4 ] 
info|2025-12-13 23:02:59.282631|timerFactory-0x00007542959ff640|[RPC][WS][SERVICE]connected nodes,count=0
info|2025-12-13 23:02:59.950689|ioService-0x00007542a81ff640|[P2PService][Service][METRIC]heartBeat,connected count=3
info|2025-12-13 23:03:09.282659|timerFactory-0x00007542959ff640|[RPC][WS][SERVICE]connected nodes,count=0
info|2025-12-13 23:03:09.950772|ioService-0x00007542a81ff640|[P2PService][Service][METRIC]heartBeat,connected count=3
info|2025-12-13 23:03:19.282682|timerFactory-0x00007542959ff640|[RPC][WS][SERVICE]connected nodes,count=0
info|2025-12-13 23:03:19.950840|ioService-0x00007542a81ff640|[P2PService][Service][METRIC]heartBeat,connected count=3
info|2025-12-13 23:03:29.282709|timerFactory-0x00007542959ff640|[RPC][WS][SERVICE]connected nodes,count=0
info|2025-12-13 23:03:29.950955|ioService-0x00007542a81ff640|[P2PService][Service][METRIC]heartBeat,connected count=3
info|2025-12-13 23:03:39.282774|timerFactory-0x00007542959ff640|[RPC][WS][SERVICE]connected nodes,count=0
info|2025-12-13 23:03:39.951024|ioService-0x00007542a81ff640|[P2PService][Service][METRIC]heartBeat,connected count=3
info|2025-12-13 23:03:49.282797|timerFactory-0x00007542959ff640|[RPC][WS][SERVICE]connected nodes,count=0
info|2025-12-13 23:03:49.951081|ioService-0x00007542a81ff640|[P2PService][Service][METRIC]heartBeat,connected count=3
info|2025-12-13 23:03:58.281821|objMonitor-0x00007542835ff640|[startMonitor][AliveObjectMonitor],AliveObjectAllocStat=[ type: bcos::gateway::Socket ,created: 9 ,destroyed: 5 ,alive: 4 ] 
info|2025-12-13 23:03:59.282821|timerFactory-0x00007542959ff640|[RPC][WS][SERVICE]connected nodes,count=0
info|2025-12-13 23:03:59.951174|ioService-0x00007542a81ff640|[P2PService][Service][METRIC]heartBeat,connected count=3
info|2025-12-13 23:04:09.282844|timerFactory-0x00007542959ff640|[RPC][WS][SERVICE]connected nodes,count=0
info|2025-12-13 23:04:09.951256|ioService-0x00007542a81ff640|[P2PService][Service][METRIC]heartBeat,connected count=3
info|2025-12-13 23:04:19.282941|timerFactory-0x00007542959ff640|[RPC][WS][SERVICE]connected nodes,count=0
info|2025-12-13 23:04:19.951370|ioService-0x00007542a81ff640|[P2PService][Service][METRIC]heartBeat,connected count=3
info|2025-12-13 23:04:29.283055|timerFactory-0x00007542959ff640|[RPC][WS][SERVICE]connected nodes,count=0
info|2025-12-13 23:04:29.951434|ioService-0x00007542a81ff640|[P2PService][Service][METRIC]heartBeat,connected count=3
info|2025-12-13 23:04:39.283118|timerFactory-0x00007542959ff640|[RPC][WS][SERVICE]connected nodes,count=0
info|2025-12-13 23:04:39.951454|ioService-0x00007542a81ff640|[P2PService][Service][METRIC]heartBeat,connected count=3
info|2025-12-13 23:04:49.283230|timerFactory-0x00007542959ff640|[RPC][WS][SERVICE]connected nodes,count=0
info|2025-12-13 23:04:49.951507|ioService-0x00007542a81ff640|[P2PService][Service][METRIC]heartBeat,connected count=3
info|2025-12-13 23:04:58.281874|objMonitor-0x00007542835ff640|[startMonitor][AliveObjectMonitor],AliveObjectAllocStat=[ type: bcos::gateway::Socket ,created: 9 ,destroyed: 5 ,alive: 4 ] 
info|2025-12-13 23:04:59.283291|timerFactory-0x00007542959ff640|[RPC][WS][SERVICE]connected nodes,count=0
info|2025-12-13 23:04:59.951575|ioService-0x00007542a81ff640|[P2PService][Service][METRIC]heartBeat,connected count=3
info|2025-12-13 23:05:09.283315|timerFactory-0x00007542959ff640|[RPC][WS][SERVICE]connected nodes,count=0
info|2025-12-13 23:05:09.951643|ioService-0x00007542a81ff640|[P2PService][Service][METRIC]heartBeat,connected count=3
info|2025-12-13 23:05:19.283393|timerFactory-0x00007542959ff640|[RPC][WS][SERVICE]connected nodes,count=0
info|2025-12-13 23:05:19.951710|ioService-0x00007542a81ff640|[P2PService][Service][METRIC]heartBeat,connected count=3
info|2025-12-13 23:05:29.283420|timerFactory-0x00007542959ff640|[RPC][WS][SERVICE]connected nodes,count=0
info|2025-12-13 23:05:29.951765|ioService-0x00007542a81ff640|[P2PService][Service][METRIC]heartBeat,connected count=3
info|2025-12-13 23:05:39.283445|timerFactory-0x00007542959ff640|[RPC][WS][SERVICE]connected nodes,count=0
info|2025-12-13 23:05:39.951862|ioService-0x00007542a81ff640|[P2PService][Service][METRIC]heartBeat,connected count=3
info|2025-12-13 23:05:49.283465|timerFactory-0x00007542959ff640|[RPC][WS][SERVICE]connected nodes,count=0
info|2025-12-13 23:05:49.951912|ioService-0x00007542a81ff640|[P2PService][Service][METRIC]heartBeat,connected count=3
info|2025-12-13 23:05:58.282000|objMonitor-0x00007542835ff640|[startMonitor][AliveObjectMonitor],AliveObjectAllocStat=[ type: bcos::gateway::Socket ,created: 9 ,destroyed: 5 ,alive: 4 ] [ type: bcos::gateway::ResponseCallback ,created: 4239893 ,destroyed: 4239889 ,alive: 4 ] 
info|2025-12-13 23:05:59.283489|timerFactory-0x00007542959ff640|[RPC][WS][SERVICE]connected nodes,count=0
info|2025-12-13 23:05:59.951968|ioService-0x00007542a81ff640|[P2PService][Service][METRIC]heartBeat,connected count=3
info|2025-12-13 23:06:09.283510|timerFactory-0x00007542959ff640|[RPC][WS][SERVICE]connected nodes,count=0
info|2025-12-13 23:06:09.952185|ioService-0x00007542a81ff640|[P2PService][Service][METRIC]heartBeat,connected count=3
info|2025-12-13 23:06:19.283579|timerFactory-0x00007542959ff640|[RPC][WS][SERVICE]connected nodes,count=0
info|2025-12-13 23:06:19.952247|ioService-0x00007542a81ff640|[P2PService][Service][METRIC]heartBeat,connected count=3
info|2025-12-13 23:06:29.283603|timerFactory-0x00007542959ff640|[RPC][WS][SERVICE]connected nodes,count=0
info|2025-12-13 23:06:29.952265|ioService-0x00007542a81ff640|[P2PService][Service][METRIC]heartBeat,connected count=3
info|2025-12-13 23:06:39.283622|timerFactory-0x00007542959ff640|[RPC][WS][SERVICE]connected nodes,count=0
info|2025-12-13 23:06:39.952312|ioService-0x00007542a81ff640|[P2PService][Service][METRIC]heartBeat,connected count=3
info|2025-12-13 23:06:49.283675|timerFactory-0x00007542959ff640|[RPC][WS][SERVICE]connected nodes,count=0
info|2025-12-13 23:06:49.952330|ioService-0x00007542a81ff640|[P2PService][Service][METRIC]heartBeat,connected count=3
info|2025-12-13 23:06:58.282094|objMonitor-0x00007542835ff640|[startMonitor][AliveObjectMonitor],AliveObjectAllocStat=[ type: bcos::gateway::Socket ,created: 9 ,destroyed: 5 ,alive: 4 ] 
info|2025-12-13 23:06:59.283829|timerFactory-0x00007542959ff640|[RPC][WS][SERVICE]connected nodes,count=0
info|2025-12-13 23:06:59.952415|ioService-0x00007542a81ff640|[P2PService][Service][METRIC]heartBeat,connected count=3
info|2025-12-13 23:07:09.283921|timerFactory-0x00007542959ff640|[RPC][WS][SERVICE]connected nodes,count=0
info|2025-12-13 23:07:09.952440|ioService-0x00007542a81ff640|[P2PService][Service][METRIC]heartBeat,connected count=3
info|2025-12-13 23:07:19.283971|timerFactory-0x00007542959ff640|[RPC][WS][SERVICE]connected nodes,count=0
info|2025-12-13 23:07:19.952525|ioService-0x00007542a81ff640|[P2PService][Service][METRIC]heartBeat,connected count=3
info|2025-12-13 23:07:29.284021|timerFactory-0x00007542959ff640|[RPC][WS][SERVICE]connected nodes,count=0
info|2025-12-13 23:07:29.952608|ioService-0x00007542a81ff640|[P2PService][Service][METRIC]heartBeat,connected count=3
info|2025-12-13 23:07:39.284073|timerFactory-0x00007542959ff640|[RPC][WS][SERVICE]connected nodes,count=0
info|2025-12-13 23:07:39.952860|ioService-0x00007542a81ff640|[P2PService][Service][METRIC]heartBeat,connected count=3
info|2025-12-13 23:07:49.284188|timerFactory-0x00007542959ff640|[RPC][WS][SERVICE]connected nodes,count=0
info|2025-12-13 23:07:49.952887|ioService-0x00007542a81ff640|[P2PService][Service][METRIC]heartBeat,connected count=3
info|2025-12-13 23:07:58.282144|objMonitor-0x00007542835ff640|[startMonitor][AliveObjectMonitor],AliveObjectAllocStat=[ type: bcos::gateway::Socket ,created: 9 ,destroyed: 5 ,alive: 4 ] 
info|2025-12-13 23:07:59.284256|timerFactory-0x00007542959ff640|[RPC][WS][SERVICE]connected nodes,count=0
info|2025-12-13 23:07:59.952954|ioService-0x00007542a81ff640|[P2PService][Service][METRIC]heartBeat,connected count=3
info|2025-12-13 23:08:09.284279|timerFactory-0x00007542959ff640|[RPC][WS][SERVICE]connected nodes,count=0
info|2025-12-13 23:08:09.953050|ioService-0x00007542a81ff640|[P2PService][Service][METRIC]heartBeat,connected count=3
info|2025-12-13 23:08:19.284298|timerFactory-0x00007542959ff640|[RPC][WS][SERVICE]connected nodes,count=0
info|2025-12-13 23:08:19.953106|ioService-0x00007542a81ff640|[P2PService][Service][METRIC]heartBeat,connected count=3
info|2025-12-13 23:08:29.284321|timerFactory-0x00007542959ff640|[RPC][WS][SERVICE]connected nodes,count=0
info|2025-12-13 23:08:29.953203|ioService-0x00007542a81ff640|[P2PService][Service][METRIC]heartBeat,connected count=3
info|2025-12-13 23:08:39.284341|timerFactory-0x00007542959ff640|[RPC][WS][SERVICE]connected nodes,count=0
info|2025-12-13 23:08:39.953425|ioService-0x00007542a81ff640|[P2PService][Service][METRIC]heartBeat,connected count=3
info|2025-12-13 23:08:49.284360|timerFactory-0x00007542959ff640|[RPC][WS][SERVICE]connected nodes,count=0
info|2025-12-13 23:08:49.953483|ioService-0x00007542a81ff640|[P2PService][Service][METRIC]heartBeat,connected count=3
info|2025-12-13 23:08:58.282263|objMonitor-0x00007542835ff640|[startMonitor][AliveObjectMonitor],AliveObjectAllocStat=[ type: bcos::gateway::Socket ,created: 9 ,destroyed: 5 ,alive: 4 ] 
info|2025-12-13 23:08:59.284381|timerFactory-0x00007542959ff640|[RPC][WS][SERVICE]connected nodes,count=0
info|2025-12-13 23:08:59.953577|ioService-0x00007542a81ff640|[P2PService][Service][METRIC]heartBeat,connected count=3
info|2025-12-13 23:09:09.284402|timerFactory-0x00007542959ff640|[RPC][WS][SERVICE]connected nodes,count=0
info|2025-12-13 23:09:09.953600|ioService-0x00007542a81ff640|[P2PService][Service][METRIC]heartBeat,connected count=3
info|2025-12-13 23:09:19.284427|timerFactory-0x00007542959ff640|[RPC][WS][SERVICE]connected nodes,count=0
info|2025-12-13 23:09:19.953707|ioService-0x00007542a81ff640|[P2PService][Service][METRIC]heartBeat,connected count=3
info|2025-12-13 23:09:29.284459|timerFactory-0x00007542959ff640|[RPC][WS][SERVICE]connected nodes,count=0
info|2025-12-13 23:09:29.953776|ioService-0x00007542a81ff640|[P2PService][Service][METRIC]heartBeat,connected count=3
info|2025-12-13 23:09:39.284507|timerFactory-0x00007542959ff640|[RPC][WS][SERVICE]connected nodes,count=0
info|2025-12-13 23:09:39.953795|ioService-0x00007542a81ff640|[P2PService][Service][METRIC]heartBeat,connected count=3
info|2025-12-13 23:09:49.284549|timerFactory-0x00007542959ff640|[RPC][WS][SERVICE]connected nodes,count=0
info|2025-12-13 23:09:49.953875|ioService-0x00007542a81ff640|[P2PService][Service][METRIC]heartBeat,connected count=3
info|2025-12-13 23:09:58.282328|objMonitor-0x00007542835ff640|[startMonitor][AliveObjectMonitor],AliveObjectAllocStat=[ type: bcos::gateway::Socket ,created: 9 ,destroyed: 5 ,alive: 4 ] [ type: bcos::gateway::ResponseCallback ,created: 4243490 ,destroyed: 4243484 ,alive: 6 ] 
info|2025-12-13 23:09:59.284607|timerFactory-0x00007542959ff640|[RPC][WS][SERVICE]connected nodes,count=0
info|2025-12-13 23:09:59.954066|ioService-0x00007542a81ff640|[P2PService][Service][METRIC]heartBeat,connected count=3
info|2025-12-13 23:10:09.284627|timerFactory-0x00007542959ff640|[RPC][WS][SERVICE]connected nodes,count=0
info|2025-12-13 23:10:09.954131|ioService-0x00007542a81ff640|[P2PService][Service][METRIC]heartBeat,connected count=3
info|2025-12-13 23:10:19.284648|timerFactory-0x00007542959ff640|[RPC][WS][SERVICE]connected nodes,count=0
info|2025-12-13 23:10:19.954473|ioService-0x00007542a81ff640|[P2PService][Service][METRIC]heartBeat,connected count=3
info|2025-12-13 23:10:29.284713|timerFactory-0x00007542959ff640|[RPC][WS][SERVICE]connected nodes,count=0
info|2025-12-13 23:10:29.954560|ioService-0x00007542a81ff640|[P2PService][Service][METRIC]heartBeat,connected count=3
info|2025-12-13 23:10:39.284738|timerFactory-0x00007542959ff640|[RPC][WS][SERVICE]connected nodes,count=0
info|2025-12-13 23:10:39.954600|ioService-0x00007542a81ff640|[P2PService][Service][METRIC]heartBeat,connected count=3
info|2025-12-13 23:10:49.284761|timerFactory-0x00007542959ff640|[RPC][WS][SERVICE]connected nodes,count=0
info|2025-12-13 23:10:49.954623|ioService-0x00007542a81ff640|[P2PService][Service][METRIC]heartBeat,connected count=3
info|2025-12-13 23:10:58.282374|objMonitor-0x00007542835ff640|[startMonitor][AliveObjectMonitor],AliveObjectAllocStat=[ type: bcos::gateway::Socket ,created: 9 ,destroyed: 5 ,alive: 4 ] 
info|2025-12-13 23:10:59.284787|timerFactory-0x00007542959ff640|[RPC][WS][SERVICE]connected nodes,count=0
info|2025-12-13 23:10:59.954812|ioService-0x00007542a81ff640|[P2PService][Service][METRIC]heartBeat,connected count=3
info|2025-12-13 23:11:09.284812|timerFactory-0x00007542959ff640|[RPC][WS][SERVICE]connected nodes,count=0
info|2025-12-13 23:11:09.954866|ioService-0x00007542a81ff640|[P2PService][Service][METRIC]heartBeat,connected count=3
info|2025-12-13 23:11:19.284886|timerFactory-0x00007542959ff640|[RPC][WS][SERVICE]connected nodes,count=0
info|2025-12-13 23:11:19.954894|ioService-0x00007542a81ff640|[P2PService][Service][METRIC]heartBeat,connected count=3
info|2025-12-13 23:11:29.284943|timerFactory-0x00007542959ff640|[RPC][WS][SERVICE]connected nodes,count=0
info|2025-12-13 23:11:29.954953|ioService-0x00007542a81ff640|[P2PService][Service][METRIC]heartBeat,connected count=3
info|2025-12-13 23:11:39.284995|timerFactory-0x00007542959ff640|[RPC][WS][SERVICE]connected nodes,count=0
info|2025-12-13 23:11:39.955065|ioService-0x00007542a81ff640|[P2PService][Service][METRIC]heartBeat,connected count=3
info|2025-12-13 23:11:49.285051|timerFactory-0x00007542959ff640|[RPC][WS][SERVICE]connected nodes,count=0
info|2025-12-13 23:11:49.955223|ioService-0x00007542a81ff640|[P2PService][Service][METRIC]heartBeat,connected count=3
info|2025-12-13 23:11:58.282420|objMonitor-0x00007542835ff640|[startMonitor][AliveObjectMonitor],AliveObjectAllocStat=[ type: bcos::gateway::Socket ,created: 9 ,destroyed: 5 ,alive: 4 ] 
info|2025-12-13 23:11:59.285077|timerFactory-0x00007542959ff640|[RPC][WS][SERVICE]connected nodes,count=0
info|2025-12-13 23:11:59.955319|ioService-0x00007542a81ff640|[P2PService][Service][METRIC]heartBeat,connected count=3
info|2025-12-13 23:12:09.285101|timerFactory-0x00007542959ff640|[RPC][WS][SERVICE]connected nodes,count=0
info|2025-12-13 23:12:09.955393|ioService-0x00007542a81ff640|[P2PService][Service][METRIC]heartBeat,connected count=3
info|2025-12-13 23:12:19.285173|timerFactory-0x00007542959ff640|[RPC][WS][SERVICE]connected nodes,count=0
info|2025-12-13 23:12:19.955424|ioService-0x00007542a81ff640|[P2PService][Service][METRIC]heartBeat,connected count=3
info|2025-12-13 23:12:29.285245|timerFactory-0x00007542959ff640|[RPC][WS][SERVICE]connected nodes,count=0
info|2025-12-13 23:12:29.955496|ioService-0x00007542a81ff640|[P2PService][Service][METRIC]heartBeat,connected count=3
info|2025-12-13 23:12:39.285297|timerFactory-0x00007542959ff640|[RPC][WS][SERVICE]connected nodes,count=0
info|2025-12-13 23:12:39.955573|ioService-0x00007542a81ff640|[P2PService][Service][METRIC]heartBeat,connected count=3
info|2025-12-13 23:12:49.285323|timerFactory-0x00007542959ff640|[RPC][WS][SERVICE]connected nodes,count=0
info|2025-12-13 23:12:49.955740|ioService-0x00007542a81ff640|[P2PService][Service][METRIC]heartBeat,connected count=3
info|2025-12-13 23:12:58.282464|objMonitor-0x00007542835ff640|[startMonitor][AliveObjectMonitor],AliveObjectAllocStat=[ type: bcos::gateway::Socket ,created: 9 ,destroyed: 5 ,alive: 4 ] 
info|2025-12-13 23:12:59.285397|timerFactory-0x00007542959ff640|[RPC][WS][SERVICE]connected nodes,count=0
info|2025-12-13 23:12:59.955836|ioService-0x00007542a81ff640|[P2PService][Service][METRIC]heartBeat,connected count=3
info|2025-12-13 23:13:09.285421|timerFactory-0x00007542959ff640|[RPC][WS][SERVICE]connected nodes,count=0
info|2025-12-13 23:13:09.955951|ioService-0x00007542a81ff640|[P2PService][Service][METRIC]heartBeat,connected count=3
info|2025-12-13 23:13:19.285440|timerFactory-0x00007542959ff640|[RPC][WS][SERVICE]connected nodes,count=0
info|2025-12-13 23:13:19.955975|ioService-0x00007542a81ff640|[P2PService][Service][METRIC]heartBeat,connected count=3
info|2025-12-13 23:13:29.285459|timerFactory-0x00007542959ff640|[RPC][WS][SERVICE]connected nodes,count=0
info|2025-12-13 23:13:29.956047|ioService-0x00007542a81ff640|[P2PService][Service][METRIC]heartBeat,connected count=3
info|2025-12-13 23:13:39.285481|timerFactory-0x00007542959ff640|[RPC][WS][SERVICE]connected nodes,count=0
info|2025-12-13 23:13:39.956108|ioService-0x00007542a81ff640|[P2PService][Service][METRIC]heartBeat,connected count=3
info|2025-12-13 23:13:49.285503|timerFactory-0x00007542959ff640|[RPC][WS][SERVICE]connected nodes,count=0
info|2025-12-13 23:13:49.956250|ioService-0x00007542a81ff640|[P2PService][Service][METRIC]heartBeat,connected count=3
info|2025-12-13 23:13:58.282506|objMonitor-0x00007542835ff640|[startMonitor][AliveObjectMonitor],AliveObjectAllocStat=[ type: bcos::gateway::Socket ,created: 9 ,destroyed: 5 ,alive: 4 ] 
info|2025-12-13 23:13:59.285553|timerFactory-0x00007542959ff640|[RPC][WS][SERVICE]connected nodes,count=0
info|2025-12-13 23:13:59.956269|ioService-0x00007542a81ff640|[P2PService][Service][METRIC]heartBeat,connected count=3
info|2025-12-13 23:14:09.285592|timerFactory-0x00007542959ff640|[RPC][WS][SERVICE]connected nodes,count=0
info|2025-12-13 23:14:09.956351|ioService-0x00007542a81ff640|[P2PService][Service][METRIC]heartBeat,connected count=3
info|2025-12-13 23:14:19.285620|timerFactory-0x00007542959ff640|[RPC][WS][SERVICE]connected nodes,count=0
info|2025-12-13 23:14:19.956373|ioService-0x00007542a81ff640|[P2PService][Service][METRIC]heartBeat,connected count=3
info|2025-12-13 23:14:29.285643|timerFactory-0x00007542959ff640|[RPC][WS][SERVICE]connected nodes,count=0
info|2025-12-13 23:14:29.956438|ioService-0x00007542a81ff640|[P2PService][Service][METRIC]heartBeat,connected count=3
info|2025-12-13 23:14:39.285705|timerFactory-0x00007542959ff640|[RPC][WS][SERVICE]connected nodes,count=0
info|2025-12-13 23:14:39.956514|ioService-0x00007542a81ff640|[P2PService][Service][METRIC]heartBeat,connected count=3
info|2025-12-13 23:14:49.285760|timerFactory-0x00007542959ff640|[RPC][WS][SERVICE]connected nodes,count=0
info|2025-12-13 23:14:49.956542|ioService-0x00007542a81ff640|[P2PService][Service][METRIC]heartBeat,connected count=3
info|2025-12-13 23:14:58.282546|objMonitor-0x00007542835ff640|[startMonitor][AliveObjectMonitor],AliveObjectAllocStat=[ type: bcos::gateway::Socket ,created: 9 ,destroyed: 5 ,alive: 4 ] 
info|2025-12-13 23:14:59.285813|timerFactory-0x00007542959ff640|[RPC][WS][SERVICE]connected nodes,count=0
info|2025-12-13 23:14:59.956600|ioService-0x00007542a81ff640|[P2PService][Service][METRIC]heartBeat,connected count=3
info|2025-12-13 23:15:09.285902|timerFactory-0x00007542959ff640|[RPC][WS][SERVICE]connected nodes,count=0
info|2025-12-13 23:15:09.956661|ioService-0x00007542a81ff640|[P2PService][Service][METRIC]heartBeat,connected count=3
info|2025-12-13 23:15:19.285967|timerFactory-0x00007542959ff640|[RPC][WS][SERVICE]connected nodes,count=0
info|2025-12-13 23:15:19.956748|ioService-0x00007542a81ff640|[P2PService][Service][METRIC]heartBeat,connected count=3
info|2025-12-13 23:15:29.286025|timerFactory-0x00007542959ff640|[RPC][WS][SERVICE]connected nodes,count=0
info|2025-12-13 23:15:29.956807|ioService-0x00007542a81ff640|[P2PService][Service][METRIC]heartBeat,connected count=3
info|2025-12-13 23:15:39.286086|timerFactory-0x00007542959ff640|[RPC][WS][SERVICE]connected nodes,count=0
info|2025-12-13 23:15:39.956893|ioService-0x00007542a81ff640|[P2PService][Service][METRIC]heartBeat,connected count=3
info|2025-12-13 23:15:49.286110|timerFactory-0x00007542959ff640|[RPC][WS][SERVICE]connected nodes,count=0
info|2025-12-13 23:15:49.957033|ioService-0x00007542a81ff640|[P2PService][Service][METRIC]heartBeat,connected count=3
info|2025-12-13 23:15:58.282657|objMonitor-0x00007542835ff640|[startMonitor][AliveObjectMonitor],AliveObjectAllocStat=[ type: bcos::gateway::Socket ,created: 9 ,destroyed: 5 ,alive: 4 ] 
info|2025-12-13 23:15:59.286132|timerFactory-0x00007542959ff640|[RPC][WS][SERVICE]connected nodes,count=0
info|2025-12-13 23:15:59.957142|ioService-0x00007542a81ff640|[P2PService][Service][METRIC]heartBeat,connected count=3
info|2025-12-13 23:16:09.286203|timerFactory-0x00007542959ff640|[RPC][WS][SERVICE]connected nodes,count=0
info|2025-12-13 23:16:09.957276|ioService-0x00007542a81ff640|[P2PService][Service][METRIC]heartBeat,connected count=3
info|2025-12-13 23:16:19.286303|timerFactory-0x00007542959ff640|[RPC][WS][SERVICE]connected nodes,count=0
info|2025-12-13 23:16:19.957396|ioService-0x00007542a81ff640|[P2PService][Service][METRIC]heartBeat,connected count=3
info|2025-12-13 23:16:29.286338|timerFactory-0x00007542959ff640|[RPC][WS][SERVICE]connected nodes,count=0
info|2025-12-13 23:16:29.957503|ioService-0x00007542a81ff640|[P2PService][Service][METRIC]heartBeat,connected count=3
info|2025-12-13 23:16:39.286394|timerFactory-0x00007542959ff640|[RPC][WS][SERVICE]connected nodes,count=0
info|2025-12-13 23:16:39.957555|ioService-0x00007542a81ff640|[P2PService][Service][METRIC]heartBeat,connected count=3
info|2025-12-13 23:16:49.286455|timerFactory-0x00007542959ff640|[RPC][WS][SERVICE]connected nodes,count=0
info|2025-12-13 23:16:49.957613|ioService-0x00007542a81ff640|[P2PService][Service][METRIC]heartBeat,connected count=3
info|2025-12-13 23:16:58.282817|objMonitor-0x00007542835ff640|[startMonitor][AliveObjectMonitor],AliveObjectAllocStat=[ type: bcos::gateway::Socket ,created: 9 ,destroyed: 5 ,alive: 4 ] 
info|2025-12-13 23:16:59.286481|timerFactory-0x00007542959ff640|[RPC][WS][SERVICE]connected nodes,count=0
info|2025-12-13 23:16:59.957670|ioService-0x00007542a81ff640|[P2PService][Service][METRIC]heartBeat,connected count=3
info|2025-12-13 23:17:09.286513|timerFactory-0x00007542959ff640|[RPC][WS][SERVICE]connected nodes,count=0
info|2025-12-13 23:17:09.957754|ioService-0x00007542a81ff640|[P2PService][Service][METRIC]heartBeat,connected count=3
info|2025-12-13 23:17:19.286545|timerFactory-0x00007542959ff640|[RPC][WS][SERVICE]connected nodes,count=0
info|2025-12-13 23:17:19.957776|ioService-0x00007542a81ff640|[P2PService][Service][METRIC]heartBeat,connected count=3
info|2025-12-13 23:17:29.286684|timerFactory-0x00007542959ff640|[RPC][WS][SERVICE]connected nodes,count=0
info|2025-12-13 23:17:29.957803|ioService-0x00007542a81ff640|[P2PService][Service][METRIC]heartBeat,connected count=3
info|2025-12-13 23:17:39.286788|timerFactory-0x00007542959ff640|[RPC][WS][SERVICE]connected nodes,count=0
info|2025-12-13 23:17:39.957831|ioService-0x00007542a81ff640|[P2PService][Service][METRIC]heartBeat,connected count=3
info|2025-12-13 23:17:49.286877|timerFactory-0x00007542959ff640|[RPC][WS][SERVICE]connected nodes,count=0
info|2025-12-13 23:17:49.957960|ioService-0x00007542a81ff640|[P2PService][Service][METRIC]heartBeat,connected count=3
info|2025-12-13 23:17:58.282879|objMonitor-0x00007542835ff640|[startMonitor][AliveObjectMonitor],AliveObjectAllocStat=[ type: bcos::gateway::Socket ,created: 9 ,destroyed: 5 ,alive: 4 ] [ type: bcos::gateway::ResponseCallback ,created: 4250684 ,destroyed: 4250679 ,alive: 5 ] 
info|2025-12-13 23:17:59.286988|timerFactory-0x00007542959ff640|[RPC][WS][SERVICE]connected nodes,count=0
info|2025-12-13 23:17:59.957979|ioService-0x00007542a81ff640|[P2PService][Service][METRIC]heartBeat,connected count=3
info|2025-12-13 23:18:09.287032|timerFactory-0x00007542959ff640|[RPC][WS][SERVICE]connected nodes,count=0
info|2025-12-13 23:18:09.958128|ioService-0x00007542a81ff640|[P2PService][Service][METRIC]heartBeat,connected count=3
info|2025-12-13 23:18:19.287101|timerFactory-0x00007542959ff640|[RPC][WS][SERVICE]connected nodes,count=0
info|2025-12-13 23:18:19.958209|ioService-0x00007542a81ff640|[P2PService][Service][METRIC]heartBeat,connected count=3
info|2025-12-13 23:18:29.287180|timerFactory-0x00007542959ff640|[RPC][WS][SERVICE]connected nodes,count=0
info|2025-12-13 23:18:29.958362|ioService-0x00007542a81ff640|[P2PService][Service][METRIC]heartBeat,connected count=3
info|2025-12-13 23:18:39.287243|timerFactory-0x00007542959ff640|[RPC][WS][SERVICE]connected nodes,count=0
info|2025-12-13 23:18:39.958393|ioService-0x00007542a81ff640|[P2PService][Service][METRIC]heartBeat,connected count=3
info|2025-12-13 23:18:49.287315|timerFactory-0x00007542959ff640|[RPC][WS][SERVICE]connected nodes,count=0
info|2025-12-13 23:18:49.958449|ioService-0x00007542a81ff640|[P2PService][Service][METRIC]heartBeat,connected count=3
info|2025-12-13 23:18:58.283042|objMonitor-0x00007542835ff640|[startMonitor][AliveObjectMonitor],AliveObjectAllocStat=[ type: bcos::gateway::Socket ,created: 9 ,destroyed: 5 ,alive: 4 ] 
info|2025-12-13 23:18:59.287336|timerFactory-0x00007542959ff640|[RPC][WS][SERVICE]connected nodes,count=0
info|2025-12-13 23:18:59.958472|ioService-0x00007542a81ff640|[P2PService][Service][METRIC]heartBeat,connected count=3
info|2025-12-13 23:19:09.287362|timerFactory-0x00007542959ff640|[RPC][WS][SERVICE]connected nodes,count=0
info|2025-12-13 23:19:09.958534|ioService-0x00007542a81ff640|[P2PService][Service][METRIC]heartBeat,connected count=3
info|2025-12-13 23:19:19.287385|timerFactory-0x00007542959ff640|[RPC][WS][SERVICE]connected nodes,count=0
info|2025-12-13 23:19:19.958739|ioService-0x00007542a81ff640|[P2PService][Service][METRIC]heartBeat,connected count=3
info|2025-12-13 23:19:29.287417|timerFactory-0x00007542959ff640|[RPC][WS][SERVICE]connected nodes,count=0
info|2025-12-13 23:19:29.958899|ioService-0x00007542a81ff640|[P2PService][Service][METRIC]heartBeat,connected count=3
info|2025-12-13 23:19:39.287451|timerFactory-0x00007542959ff640|[RPC][WS][SERVICE]connected nodes,count=0
info|2025-12-13 23:19:39.958964|ioService-0x00007542a81ff640|[P2PService][Service][METRIC]heartBeat,connected count=3
info|2025-12-13 23:19:49.287473|timerFactory-0x00007542959ff640|[RPC][WS][SERVICE]connected nodes,count=0
info|2025-12-13 23:19:49.959085|ioService-0x00007542a81ff640|[P2PService][Service][METRIC]heartBeat,connected count=3
info|2025-12-13 23:19:58.283103|objMonitor-0x00007542835ff640|[startMonitor][AliveObjectMonitor],AliveObjectAllocStat=[ type: bcos::gateway::Socket ,created: 9 ,destroyed: 5 ,alive: 4 ] 
info|2025-12-13 23:19:59.287496|timerFactory-0x00007542959ff640|[RPC][WS][SERVICE]connected nodes,count=0
info|2025-12-13 23:19:59.959273|ioService-0x00007542a81ff640|[P2PService][Service][METRIC]heartBeat,connected count=3
info|2025-12-13 23:20:09.287544|timerFactory-0x00007542959ff640|[RPC][WS][SERVICE]connected nodes,count=0
info|2025-12-13 23:20:09.959350|ioService-0x00007542a81ff640|[P2PService][Service][METRIC]heartBeat,connected count=3
info|2025-12-13 23:20:19.287569|timerFactory-0x00007542959ff640|[RPC][WS][SERVICE]connected nodes,count=0
info|2025-12-13 23:20:19.959421|ioService-0x00007542a81ff640|[P2PService][Service][METRIC]heartBeat,connected count=3
info|2025-12-13 23:20:29.287601|timerFactory-0x00007542959ff640|[RPC][WS][SERVICE]connected nodes,count=0
info|2025-12-13 23:20:29.959470|ioService-0x00007542a81ff640|[P2PService][Service][METRIC]heartBeat,connected count=3
info|2025-12-13 23:20:39.287696|timerFactory-0x00007542959ff640|[RPC][WS][SERVICE]connected nodes,count=0
info|2025-12-13 23:20:39.959492|ioService-0x00007542a81ff640|[P2PService][Service][METRIC]heartBeat,connected count=3
info|2025-12-13 23:20:49.287728|timerFactory-0x00007542959ff640|[RPC][WS][SERVICE]connected nodes,count=0
info|2025-12-13 23:20:49.959572|ioService-0x00007542a81ff640|[P2PService][Service][METRIC]heartBeat,connected count=3
info|2025-12-13 23:20:58.283292|objMonitor-0x00007542835ff640|[startMonitor][AliveObjectMonitor],AliveObjectAllocStat=[ type: bcos::gateway::Socket ,created: 9 ,destroyed: 5 ,alive: 4 ] 
info|2025-12-13 23:20:59.287843|timerFactory-0x00007542959ff640|[RPC][WS][SERVICE]connected nodes,count=0
info|2025-12-13 23:20:59.959714|ioService-0x00007542a81ff640|[P2PService][Service][METRIC]heartBeat,connected count=3
info|2025-12-13 23:21:09.288048|timerFactory-0x00007542959ff640|[RPC][WS][SERVICE]connected nodes,count=0
info|2025-12-13 23:21:09.959771|ioService-0x00007542a81ff640|[P2PService][Service][METRIC]heartBeat,connected count=3
info|2025-12-13 23:21:19.288080|timerFactory-0x00007542959ff640|[RPC][WS][SERVICE]connected nodes,count=0
info|2025-12-13 23:21:19.959896|ioService-0x00007542a81ff640|[P2PService][Service][METRIC]heartBeat,connected count=3
info|2025-12-13 23:21:29.288119|timerFactory-0x00007542959ff640|[RPC][WS][SERVICE]connected nodes,count=0
info|2025-12-13 23:21:29.959957|ioService-0x00007542a81ff640|[P2PService][Service][METRIC]heartBeat,connected count=3
info|2025-12-13 23:21:39.288146|timerFactory-0x00007542959ff640|[RPC][WS][SERVICE]connected nodes,count=0
info|2025-12-13 23:21:39.960135|ioService-0x00007542a81ff640|[P2PService][Service][METRIC]heartBeat,connected count=3
info|2025-12-13 23:21:49.288230|timerFactory-0x00007542959ff640|[RPC][WS][SERVICE]connected nodes,count=0
info|2025-12-13 23:21:49.960212|ioService-0x00007542a81ff640|[P2PService][Service][METRIC]heartBeat,connected count=3
info|2025-12-13 23:21:58.283328|objMonitor-0x00007542835ff640|[startMonitor][AliveObjectMonitor],AliveObjectAllocStat=[ type: bcos::gateway::Socket ,created: 9 ,destroyed: 5 ,alive: 4 ] [ type: bcos::gateway::ResponseCallback ,created: 4254281 ,destroyed: 4254276 ,alive: 5 ] 
info|2025-12-13 23:21:59.288286|timerFactory-0x00007542959ff640|[RPC][WS][SERVICE]connected nodes,count=0
info|2025-12-13 23:21:59.960235|ioService-0x00007542a81ff640|[P2PService][Service][METRIC]heartBeat,connected count=3
info|2025-12-13 23:22:09.288314|timerFactory-0x00007542959ff640|[RPC][WS][SERVICE]connected nodes,count=0
info|2025-12-13 23:22:09.960303|ioService-0x00007542a81ff640|[P2PService][Service][METRIC]heartBeat,connected count=3
info|2025-12-13 23:22:19.288343|timerFactory-0x00007542959ff640|[RPC][WS][SERVICE]connected nodes,count=0
info|2025-12-13 23:22:19.960358|ioService-0x00007542a81ff640|[P2PService][Service][METRIC]heartBeat,connected count=3
info|2025-12-13 23:22:29.288436|timerFactory-0x00007542959ff640|[RPC][WS][SERVICE]connected nodes,count=0
info|2025-12-13 23:22:29.960445|ioService-0x00007542a81ff640|[P2PService][Service][METRIC]heartBeat,connected count=3
info|2025-12-13 23:22:39.288504|timerFactory-0x00007542959ff640|[RPC][WS][SERVICE]connected nodes,count=0
info|2025-12-13 23:22:39.960641|ioService-0x00007542a81ff640|[P2PService][Service][METRIC]heartBeat,connected count=3
info|2025-12-13 23:22:49.288531|timerFactory-0x00007542959ff640|[RPC][WS][SERVICE]connected nodes,count=0
info|2025-12-13 23:22:49.960670|ioService-0x00007542a81ff640|[P2PService][Service][METRIC]heartBeat,connected count=3
info|2025-12-13 23:22:58.283370|objMonitor-0x00007542835ff640|[startMonitor][AliveObjectMonitor],AliveObjectAllocStat=[ type: bcos::gateway::Socket ,created: 9 ,destroyed: 5 ,alive: 4 ] 
info|2025-12-13 23:22:59.288562|timerFactory-0x00007542959ff640|[RPC][WS][SERVICE]connected nodes,count=0
info|2025-12-13 23:22:59.960694|ioService-0x00007542a81ff640|[P2PService][Service][METRIC]heartBeat,connected count=3
info|2025-12-13 23:23:09.288628|timerFactory-0x00007542959ff640|[RPC][WS][SERVICE]connected nodes,count=0
info|2025-12-13 23:23:09.960772|ioService-0x00007542a81ff640|[P2PService][Service][METRIC]heartBeat,connected count=3
info|2025-12-13 23:23:19.288656|timerFactory-0x00007542959ff640|[RPC][WS][SERVICE]connected nodes,count=0
info|2025-12-13 23:23:19.960898|ioService-0x00007542a81ff640|[P2PService][Service][METRIC]heartBeat,connected count=3
info|2025-12-13 23:23:29.288749|timerFactory-0x00007542959ff640|[RPC][WS][SERVICE]connected nodes,count=0
info|2025-12-13 23:23:29.961038|ioService-0x00007542a81ff640|[P2PService][Service][METRIC]heartBeat,connected count=3
info|2025-12-13 23:23:39.288838|timerFactory-0x00007542959ff640|[RPC][WS][SERVICE]connected nodes,count=0
info|2025-12-13 23:23:39.961140|ioService-0x00007542a81ff640|[P2PService][Service][METRIC]heartBeat,connected count=3
info|2025-12-13 23:23:49.288869|timerFactory-0x00007542959ff640|[RPC][WS][SERVICE]connected nodes,count=0
info|2025-12-13 23:23:49.961222|ioService-0x00007542a81ff640|[P2PService][Service][METRIC]heartBeat,connected count=3
info|2025-12-13 23:23:58.283416|objMonitor-0x00007542835ff640|[startMonitor][AliveObjectMonitor],AliveObjectAllocStat=[ type: bcos::gateway::Socket ,created: 9 ,destroyed: 5 ,alive: 4 ] 
info|2025-12-13 23:23:59.288899|timerFactory-0x00007542959ff640|[RPC][WS][SERVICE]connected nodes,count=0
info|2025-12-13 23:23:59.961359|ioService-0x00007542a81ff640|[P2PService][Service][METRIC]heartBeat,connected count=3
info|2025-12-13 23:24:09.288932|timerFactory-0x00007542959ff640|[RPC][WS][SERVICE]connected nodes,count=0
info|2025-12-13 23:24:09.961379|ioService-0x00007542a81ff640|[P2PService][Service][METRIC]heartBeat,connected count=3
info|2025-12-13 23:24:19.289014|timerFactory-0x00007542959ff640|[RPC][WS][SERVICE]connected nodes,count=0
info|2025-12-13 23:24:19.961395|ioService-0x00007542a81ff640|[P2PService][Service][METRIC]heartBeat,connected count=3
info|2025-12-13 23:24:29.289082|timerFactory-0x00007542959ff640|[RPC][WS][SERVICE]connected nodes,count=0
info|2025-12-13 23:24:29.961410|ioService-0x00007542a81ff640|[P2PService][Service][METRIC]heartBeat,connected count=3
info|2025-12-13 23:24:39.289173|timerFactory-0x00007542959ff640|[RPC][WS][SERVICE]connected nodes,count=0
info|2025-12-13 23:24:39.961507|ioService-0x00007542a81ff640|[P2PService][Service][METRIC]heartBeat,connected count=3
info|2025-12-13 23:24:49.289199|timerFactory-0x00007542959ff640|[RPC][WS][SERVICE]connected nodes,count=0
info|2025-12-13 23:24:49.961554|ioService-0x00007542a81ff640|[P2PService][Service][METRIC]heartBeat,connected count=3
info|2025-12-13 23:24:58.283462|objMonitor-0x00007542835ff640|[startMonitor][AliveObjectMonitor],AliveObjectAllocStat=[ type: bcos::gateway::Socket ,created: 9 ,destroyed: 5 ,alive: 4 ] 
info|2025-12-13 23:24:59.289226|timerFactory-0x00007542959ff640|[RPC][WS][SERVICE]connected nodes,count=0
info|2025-12-13 23:24:59.961604|ioService-0x00007542a81ff640|[P2PService][Service][METRIC]heartBeat,connected count=3
info|2025-12-13 23:25:09.289256|timerFactory-0x00007542959ff640|[RPC][WS][SERVICE]connected nodes,count=0
info|2025-12-13 23:25:09.961657|ioService-0x00007542a81ff640|[P2PService][Service][METRIC]heartBeat,connected count=3
info|2025-12-13 23:25:19.289318|timerFactory-0x00007542959ff640|[RPC][WS][SERVICE]connected nodes,count=0
info|2025-12-13 23:25:19.961690|ioService-0x00007542a81ff640|[P2PService][Service][METRIC]heartBeat,connected count=3
info|2025-12-13 23:25:29.289347|timerFactory-0x00007542959ff640|[RPC][WS][SERVICE]connected nodes,count=0
info|2025-12-13 23:25:29.961826|ioService-0x00007542a81ff640|[P2PService][Service][METRIC]heartBeat,connected count=3
info|2025-12-13 23:25:39.289377|timerFactory-0x00007542959ff640|[RPC][WS][SERVICE]connected nodes,count=0
info|2025-12-13 23:25:39.962000|ioService-0x00007542a81ff640|[P2PService][Service][METRIC]heartBeat,connected count=3
info|2025-12-13 23:25:49.289434|timerFactory-0x00007542959ff640|[RPC][WS][SERVICE]connected nodes,count=0
info|2025-12-13 23:25:49.962100|ioService-0x00007542a81ff640|[P2PService][Service][METRIC]heartBeat,connected count=3
info|2025-12-13 23:25:58.283565|objMonitor-0x00007542835ff640|[startMonitor][AliveObjectMonitor],AliveObjectAllocStat=[ type: bcos::gateway::Socket ,created: 9 ,destroyed: 5 ,alive: 4 ] [ type: bcos::gateway::ResponseCallback ,created: 4257878 ,destroyed: 4257874 ,alive: 4 ] 
info|2025-12-13 23:25:59.289463|timerFactory-0x00007542959ff640|[RPC][WS][SERVICE]connected nodes,count=0
info|2025-12-13 23:25:59.962160|ioService-0x00007542a81ff640|[P2PService][Service][METRIC]heartBeat,connected count=3
info|2025-12-13 23:26:09.289494|timerFactory-0x00007542959ff640|[RPC][WS][SERVICE]connected nodes,count=0
info|2025-12-13 23:26:09.962216|ioService-0x00007542a81ff640|[P2PService][Service][METRIC]heartBeat,connected count=3
info|2025-12-13 23:26:19.289533|timerFactory-0x00007542959ff640|[RPC][WS][SERVICE]connected nodes,count=0
info|2025-12-13 23:26:19.962267|ioService-0x00007542a81ff640|[P2PService][Service][METRIC]heartBeat,connected count=3
info|2025-12-13 23:26:29.289566|timerFactory-0x00007542959ff640|[RPC][WS][SERVICE]connected nodes,count=0
info|2025-12-13 23:26:29.962351|ioService-0x00007542a81ff640|[P2PService][Service][METRIC]heartBeat,connected count=3
info|2025-12-13 23:26:39.289662|timerFactory-0x00007542959ff640|[RPC][WS][SERVICE]connected nodes,count=0
info|2025-12-13 23:26:39.962374|ioService-0x00007542a81ff640|[P2PService][Service][METRIC]heartBeat,connected count=3
info|2025-12-13 23:26:49.289692|timerFactory-0x00007542959ff640|[RPC][WS][SERVICE]connected nodes,count=0
info|2025-12-13 23:26:49.962430|ioService-0x00007542a81ff640|[P2PService][Service][METRIC]heartBeat,connected count=3
info|2025-12-13 23:26:58.283602|objMonitor-0x00007542835ff640|[startMonitor][AliveObjectMonitor],AliveObjectAllocStat=[ type: bcos::gateway::Socket ,created: 9 ,destroyed: 5 ,alive: 4 ] 
info|2025-12-13 23:26:59.289777|timerFactory-0x00007542959ff640|[RPC][WS][SERVICE]connected nodes,count=0
info|2025-12-13 23:26:59.962459|ioService-0x00007542a81ff640|[P2PService][Service][METRIC]heartBeat,connected count=3
info|2025-12-13 23:27:09.289863|timerFactory-0x00007542959ff640|[RPC][WS][SERVICE]connected nodes,count=0
info|2025-12-13 23:27:09.962558|ioService-0x00007542a81ff640|[P2PService][Service][METRIC]heartBeat,connected count=3
info|2025-12-13 23:27:19.289952|timerFactory-0x00007542959ff640|[RPC][WS][SERVICE]connected nodes,count=0
info|2025-12-13 23:27:19.962691|ioService-0x00007542a81ff640|[P2PService][Service][METRIC]heartBeat,connected count=3
info|2025-12-13 23:27:29.290083|timerFactory-0x00007542959ff640|[RPC][WS][SERVICE]connected nodes,count=0
info|2025-12-13 23:27:29.962800|ioService-0x00007542a81ff640|[P2PService][Service][METRIC]heartBeat,connected count=3
info|2025-12-13 23:27:39.290172|timerFactory-0x00007542959ff640|[RPC][WS][SERVICE]connected nodes,count=0
info|2025-12-13 23:27:39.962868|ioService-0x00007542a81ff640|[P2PService][Service][METRIC]heartBeat,connected count=3
info|2025-12-13 23:27:49.290239|timerFactory-0x00007542959ff640|[RPC][WS][SERVICE]connected nodes,count=0
info|2025-12-13 23:27:49.962930|ioService-0x00007542a81ff640|[P2PService][Service][METRIC]heartBeat,connected count=3
info|2025-12-13 23:27:58.283646|objMonitor-0x00007542835ff640|[startMonitor][AliveObjectMonitor],AliveObjectAllocStat=[ type: bcos::gateway::Socket ,created: 9 ,destroyed: 5 ,alive: 4 ] 
info|2025-12-13 23:27:59.290370|timerFactory-0x00007542959ff640|[RPC][WS][SERVICE]connected nodes,count=0
info|2025-12-13 23:27:59.963031|ioService-0x00007542a81ff640|[P2PService][Service][METRIC]heartBeat,connected count=3
info|2025-12-13 23:28:09.290395|timerFactory-0x00007542959ff640|[RPC][WS][SERVICE]connected nodes,count=0
info|2025-12-13 23:28:09.963064|ioService-0x00007542a81ff640|[P2PService][Service][METRIC]heartBeat,connected count=3
info|2025-12-13 23:28:19.290484|timerFactory-0x00007542959ff640|[RPC][WS][SERVICE]connected nodes,count=0
info|2025-12-13 23:28:19.963252|ioService-0x00007542a81ff640|[P2PService][Service][METRIC]heartBeat,connected count=3
info|2025-12-13 23:28:29.290526|timerFactory-0x00007542959ff640|[RPC][WS][SERVICE]connected nodes,count=0
info|2025-12-13 23:28:29.963345|ioService-0x00007542a81ff640|[P2PService][Service][METRIC]heartBeat,connected count=3
info|2025-12-13 23:28:39.290558|timerFactory-0x00007542959ff640|[RPC][WS][SERVICE]connected nodes,count=0
info|2025-12-13 23:28:39.963365|ioService-0x00007542a81ff640|[P2PService][Service][METRIC]heartBeat,connected count=3
info|2025-12-13 23:28:49.290650|timerFactory-0x00007542959ff640|[RPC][WS][SERVICE]connected nodes,count=0
info|2025-12-13 23:28:49.963423|ioService-0x00007542a81ff640|[P2PService][Service][METRIC]heartBeat,connected count=3
info|2025-12-13 23:28:58.283899|objMonitor-0x00007542835ff640|[startMonitor][AliveObjectMonitor],AliveObjectAllocStat=[ type: bcos::gateway::Socket ,created: 9 ,destroyed: 5 ,alive: 4 ] 
info|2025-12-13 23:28:59.290683|timerFactory-0x00007542959ff640|[RPC][WS][SERVICE]connected nodes,count=0
info|2025-12-13 23:28:59.963446|ioService-0x00007542a81ff640|[P2PService][Service][METRIC]heartBeat,connected count=3
info|2025-12-13 23:29:09.290758|timerFactory-0x00007542959ff640|[RPC][WS][SERVICE]connected nodes,count=0
info|2025-12-13 23:29:09.963609|ioService-0x00007542a81ff640|[P2PService][Service][METRIC]heartBeat,connected count=3
info|2025-12-13 23:29:19.290885|timerFactory-0x00007542959ff640|[RPC][WS][SERVICE]connected nodes,count=0
info|2025-12-13 23:29:19.963717|ioService-0x00007542a81ff640|[P2PService][Service][METRIC]heartBeat,connected count=3
info|2025-12-13 23:29:29.291106|timerFactory-0x00007542959ff640|[RPC][WS][SERVICE]connected nodes,count=0
info|2025-12-13 23:29:29.963770|ioService-0x00007542a81ff640|[P2PService][Service][METRIC]heartBeat,connected count=3
info|2025-12-13 23:29:39.291190|timerFactory-0x00007542959ff640|[RPC][WS][SERVICE]connected nodes,count=0
info|2025-12-13 23:29:39.963842|ioService-0x00007542a81ff640|[P2PService][Service][METRIC]heartBeat,connected count=3
info|2025-12-13 23:29:49.291339|timerFactory-0x00007542959ff640|[RPC][WS][SERVICE]connected nodes,count=0
info|2025-12-13 23:29:49.963942|ioService-0x00007542a81ff640|[P2PService][Service][METRIC]heartBeat,connected count=3
info|2025-12-13 23:29:58.283937|objMonitor-0x00007542835ff640|[startMonitor][AliveObjectMonitor],AliveObjectAllocStat=[ type: bcos::gateway::Socket ,created: 9 ,destroyed: 5 ,alive: 4 ] [ type: bcos::gateway::ResponseCallback ,created: 4261475 ,destroyed: 4261469 ,alive: 6 ] 
info|2025-12-13 23:29:59.291363|timerFactory-0x00007542959ff640|[RPC][WS][SERVICE]connected nodes,count=0
info|2025-12-13 23:29:59.964127|ioService-0x00007542a81ff640|[P2PService][Service][METRIC]heartBeat,connected count=3
info|2025-12-13 23:30:09.291388|timerFactory-0x00007542959ff640|[RPC][WS][SERVICE]connected nodes,count=0
info|2025-12-13 23:30:09.964247|ioService-0x00007542a81ff640|[P2PService][Service][METRIC]heartBeat,connected count=3
info|2025-12-13 23:30:19.291464|timerFactory-0x00007542959ff640|[RPC][WS][SERVICE]connected nodes,count=0
info|2025-12-13 23:30:19.964320|ioService-0x00007542a81ff640|[P2PService][Service][METRIC]heartBeat,connected count=3
info|2025-12-13 23:30:29.291520|timerFactory-0x00007542959ff640|[RPC][WS][SERVICE]connected nodes,count=0
info|2025-12-13 23:30:29.964382|ioService-0x00007542a81ff640|[P2PService][Service][METRIC]heartBeat,connected count=3
info|2025-12-13 23:30:39.291578|timerFactory-0x00007542959ff640|[RPC][WS][SERVICE]connected nodes,count=0
info|2025-12-13 23:30:39.964438|ioService-0x00007542a81ff640|[P2PService][Service][METRIC]heartBeat,connected count=3
info|2025-12-13 23:30:49.291645|timerFactory-0x00007542959ff640|[RPC][WS][SERVICE]connected nodes,count=0
info|2025-12-13 23:30:49.964684|ioService-0x00007542a81ff640|[P2PService][Service][METRIC]heartBeat,connected count=3
info|2025-12-13 23:30:58.283974|objMonitor-0x00007542835ff640|[startMonitor][AliveObjectMonitor],AliveObjectAllocStat=[ type: bcos::gateway::Socket ,created: 9 ,destroyed: 5 ,alive: 4 ] 
info|2025-12-13 23:30:59.291748|timerFactory-0x00007542959ff640|[RPC][WS][SERVICE]connected nodes,count=0
info|2025-12-13 23:30:59.964735|ioService-0x00007542a81ff640|[P2PService][Service][METRIC]heartBeat,connected count=3
info|2025-12-13 23:31:09.291868|timerFactory-0x00007542959ff640|[RPC][WS][SERVICE]connected nodes,count=0
info|2025-12-13 23:31:09.964816|ioService-0x00007542a81ff640|[P2PService][Service][METRIC]heartBeat,connected count=3
info|2025-12-13 23:31:19.291952|timerFactory-0x00007542959ff640|[RPC][WS][SERVICE]connected nodes,count=0
info|2025-12-13 23:31:19.964899|ioService-0x00007542a81ff640|[P2PService][Service][METRIC]heartBeat,connected count=3
info|2025-12-13 23:31:29.292068|timerFactory-0x00007542959ff640|[RPC][WS][SERVICE]connected nodes,count=0
info|2025-12-13 23:31:29.965060|ioService-0x00007542a81ff640|[P2PService][Service][METRIC]heartBeat,connected count=3
info|2025-12-13 23:31:39.292134|timerFactory-0x00007542959ff640|[RPC][WS][SERVICE]connected nodes,count=0
info|2025-12-13 23:31:39.965099|ioService-0x00007542a81ff640|[P2PService][Service][METRIC]heartBeat,connected count=3
info|2025-12-13 23:31:49.292340|timerFactory-0x00007542959ff640|[RPC][WS][SERVICE]connected nodes,count=0
info|2025-12-13 23:31:49.965117|ioService-0x00007542a81ff640|[P2PService][Service][METRIC]heartBeat,connected count=3
info|2025-12-13 23:31:58.284024|objMonitor-0x00007542835ff640|[startMonitor][AliveObjectMonitor],AliveObjectAllocStat=[ type: bcos::gateway::Socket ,created: 9 ,destroyed: 5 ,alive: 4 ] 
info|2025-12-13 23:31:59.292368|timerFactory-0x00007542959ff640|[RPC][WS][SERVICE]connected nodes,count=0
info|2025-12-13 23:31:59.965185|ioService-0x00007542a81ff640|[P2PService][Service][METRIC]heartBeat,connected count=3
info|2025-12-13 23:32:09.292395|timerFactory-0x00007542959ff640|[RPC][WS][SERVICE]connected nodes,count=0
info|2025-12-13 23:32:09.965209|ioService-0x00007542a81ff640|[P2PService][Service][METRIC]heartBeat,connected count=3
info|2025-12-13 23:32:19.292528|timerFactory-0x00007542959ff640|[RPC][WS][SERVICE]connected nodes,count=0
info|2025-12-13 23:32:19.965289|ioService-0x00007542a81ff640|[P2PService][Service][METRIC]heartBeat,connected count=3
info|2025-12-13 23:32:29.292632|timerFactory-0x00007542959ff640|[RPC][WS][SERVICE]connected nodes,count=0
info|2025-12-13 23:32:29.965357|ioService-0x00007542a81ff640|[P2PService][Service][METRIC]heartBeat,connected count=3
info|2025-12-13 23:32:39.292656|timerFactory-0x00007542959ff640|[RPC][WS][SERVICE]connected nodes,count=0
info|2025-12-13 23:32:39.965422|ioService-0x00007542a81ff640|[P2PService][Service][METRIC]heartBeat,connected count=3
info|2025-12-13 23:32:49.292682|timerFactory-0x00007542959ff640|[RPC][WS][SERVICE]connected nodes,count=0
info|2025-12-13 23:32:49.965451|ioService-0x00007542a81ff640|[P2PService][Service][METRIC]heartBeat,connected count=3
info|2025-12-13 23:32:58.284075|objMonitor-0x00007542835ff640|[startMonitor][AliveObjectMonitor],AliveObjectAllocStat=[ type: bcos::gateway::Socket ,created: 9 ,destroyed: 5 ,alive: 4 ] 
info|2025-12-13 23:32:59.292746|timerFactory-0x00007542959ff640|[RPC][WS][SERVICE]connected nodes,count=0
info|2025-12-13 23:32:59.965531|ioService-0x00007542a81ff640|[P2PService][Service][METRIC]heartBeat,connected count=3
info|2025-12-13 23:33:09.292773|timerFactory-0x00007542959ff640|[RPC][WS][SERVICE]connected nodes,count=0
info|2025-12-13 23:33:09.965648|ioService-0x00007542a81ff640|[P2PService][Service][METRIC]heartBeat,connected count=3
info|2025-12-13 23:33:19.292800|timerFactory-0x00007542959ff640|[RPC][WS][SERVICE]connected nodes,count=0
info|2025-12-13 23:33:19.965765|ioService-0x00007542a81ff640|[P2PService][Service][METRIC]heartBeat,connected count=3
info|2025-12-13 23:33:29.292868|timerFactory-0x00007542959ff640|[RPC][WS][SERVICE]connected nodes,count=0
info|2025-12-13 23:33:29.965931|ioService-0x00007542a81ff640|[P2PService][Service][METRIC]heartBeat,connected count=3
info|2025-12-13 23:33:39.292895|timerFactory-0x00007542959ff640|[RPC][WS][SERVICE]connected nodes,count=0
info|2025-12-13 23:33:39.966000|ioService-0x00007542a81ff640|[P2PService][Service][METRIC]heartBeat,connected count=3
info|2025-12-13 23:33:49.292920|timerFactory-0x00007542959ff640|[RPC][WS][SERVICE]connected nodes,count=0
info|2025-12-13 23:33:49.966063|ioService-0x00007542a81ff640|[P2PService][Service][METRIC]heartBeat,connected count=3
info|2025-12-13 23:33:58.284216|objMonitor-0x00007542835ff640|[startMonitor][AliveObjectMonitor],AliveObjectAllocStat=[ type: bcos::gateway::Socket ,created: 9 ,destroyed: 5 ,alive: 4 ] 
info|2025-12-13 23:33:59.292946|timerFactory-0x00007542959ff640|[RPC][WS][SERVICE]connected nodes,count=0
info|2025-12-13 23:33:59.966121|ioService-0x00007542a81ff640|[P2PService][Service][METRIC]heartBeat,connected count=3
info|2025-12-13 23:34:09.292975|timerFactory-0x00007542959ff640|[RPC][WS][SERVICE]connected nodes,count=0
info|2025-12-13 23:34:09.966288|ioService-0x00007542a81ff640|[P2PService][Service][METRIC]heartBeat,connected count=3
info|2025-12-13 23:34:19.293006|timerFactory-0x00007542959ff640|[RPC][WS][SERVICE]connected nodes,count=0
info|2025-12-13 23:34:19.966312|ioService-0x00007542a81ff640|[P2PService][Service][METRIC]heartBeat,connected count=3
info|2025-12-13 23:34:29.293033|timerFactory-0x00007542959ff640|[RPC][WS][SERVICE]connected nodes,count=0
info|2025-12-13 23:34:29.966399|ioService-0x00007542a81ff640|[P2PService][Service][METRIC]heartBeat,connected count=3
info|2025-12-13 23:34:39.293066|timerFactory-0x00007542959ff640|[RPC][WS][SERVICE]connected nodes,count=0
info|2025-12-13 23:34:39.966460|ioService-0x00007542a81ff640|[P2PService][Service][METRIC]heartBeat,connected count=3
info|2025-12-13 23:34:49.293222|timerFactory-0x00007542959ff640|[RPC][WS][SERVICE]connected nodes,count=0
info|2025-12-13 23:34:49.966485|ioService-0x00007542a81ff640|[P2PService][Service][METRIC]heartBeat,connected count=3
info|2025-12-13 23:34:58.284259|objMonitor-0x00007542835ff640|[startMonitor][AliveObjectMonitor],AliveObjectAllocStat=[ type: bcos::gateway::Socket ,created: 9 ,destroyed: 5 ,alive: 4 ] 
info|2025-12-13 23:34:59.293250|timerFactory-0x00007542959ff640|[RPC][WS][SERVICE]connected nodes,count=0
info|2025-12-13 23:34:59.966506|ioService-0x00007542a81ff640|[P2PService][Service][METRIC]heartBeat,connected count=3
info|2025-12-13 23:35:09.293334|timerFactory-0x00007542959ff640|[RPC][WS][SERVICE]connected nodes,count=0
info|2025-12-13 23:35:09.966524|ioService-0x00007542a81ff640|[P2PService][Service][METRIC]heartBeat,connected count=3
info|2025-12-13 23:35:19.293393|timerFactory-0x00007542959ff640|[RPC][WS][SERVICE]connected nodes,count=0
info|2025-12-13 23:35:19.966600|ioService-0x00007542a81ff640|[P2PService][Service][METRIC]heartBeat,connected count=3
info|2025-12-13 23:35:29.293454|timerFactory-0x00007542959ff640|[RPC][WS][SERVICE]connected nodes,count=0
info|2025-12-13 23:35:29.966626|ioService-0x00007542a81ff640|[P2PService][Service][METRIC]heartBeat,connected count=3
info|2025-12-13 23:35:39.293481|timerFactory-0x00007542959ff640|[RPC][WS][SERVICE]connected nodes,count=0
info|2025-12-13 23:35:39.966683|ioService-0x00007542a81ff640|[P2PService][Service][METRIC]heartBeat,connected count=3
info|2025-12-13 23:35:49.293535|timerFactory-0x00007542959ff640|[RPC][WS][SERVICE]connected nodes,count=0
info|2025-12-13 23:35:49.966747|ioService-0x00007542a81ff640|[P2PService][Service][METRIC]heartBeat,connected count=3
info|2025-12-13 23:35:58.284308|objMonitor-0x00007542835ff640|[startMonitor][AliveObjectMonitor],AliveObjectAllocStat=[ type: bcos::gateway::Socket ,created: 9 ,destroyed: 5 ,alive: 4 ] 
info|2025-12-13 23:35:59.293597|timerFactory-0x00007542959ff640|[RPC][WS][SERVICE]connected nodes,count=0
info|2025-12-13 23:35:59.966814|ioService-0x00007542a81ff640|[P2PService][Service][METRIC]heartBeat,connected count=3
info|2025-12-13 23:36:09.293651|timerFactory-0x00007542959ff640|[RPC][WS][SERVICE]connected nodes,count=0
info|2025-12-13 23:36:09.966847|ioService-0x00007542a81ff640|[P2PService][Service][METRIC]heartBeat,connected count=3
info|2025-12-13 23:36:19.293676|timerFactory-0x00007542959ff640|[RPC][WS][SERVICE]connected nodes,count=0
info|2025-12-13 23:36:19.966937|ioService-0x00007542a81ff640|[P2PService][Service][METRIC]heartBeat,connected count=3
info|2025-12-13 23:36:29.293697|timerFactory-0x00007542959ff640|[RPC][WS][SERVICE]connected nodes,count=0
info|2025-12-13 23:36:29.966962|ioService-0x00007542a81ff640|[P2PService][Service][METRIC]heartBeat,connected count=3
info|2025-12-13 23:36:39.293748|timerFactory-0x00007542959ff640|[RPC][WS][SERVICE]connected nodes,count=0
info|2025-12-13 23:36:39.966987|ioService-0x00007542a81ff640|[P2PService][Service][METRIC]heartBeat,connected count=3
info|2025-12-13 23:36:49.293803|timerFactory-0x00007542959ff640|[RPC][WS][SERVICE]connected nodes,count=0
info|2025-12-13 23:36:49.967122|ioService-0x00007542a81ff640|[P2PService][Service][METRIC]heartBeat,connected count=3
info|2025-12-13 23:36:58.284471|objMonitor-0x00007542835ff640|[startMonitor][AliveObjectMonitor],AliveObjectAllocStat=[ type: bcos::gateway::Socket ,created: 9 ,destroyed: 5 ,alive: 4 ] 
info|2025-12-13 23:36:59.293823|timerFactory-0x00007542959ff640|[RPC][WS][SERVICE]connected nodes,count=0
info|2025-12-13 23:36:59.967177|ioService-0x00007542a81ff640|[P2PService][Service][METRIC]heartBeat,connected count=3
info|2025-12-13 23:37:09.293840|timerFactory-0x00007542959ff640|[RPC][WS][SERVICE]connected nodes,count=0
info|2025-12-13 23:37:09.967232|ioService-0x00007542a81ff640|[P2PService][Service][METRIC]heartBeat,connected count=3
info|2025-12-13 23:37:19.293912|timerFactory-0x00007542959ff640|[RPC][WS][SERVICE]connected nodes,count=0
info|2025-12-13 23:37:19.967314|ioService-0x00007542a81ff640|[P2PService][Service][METRIC]heartBeat,connected count=3
info|2025-12-13 23:37:29.293984|timerFactory-0x00007542959ff640|[RPC][WS][SERVICE]connected nodes,count=0
info|2025-12-13 23:37:29.967366|ioService-0x00007542a81ff640|[P2PService][Service][METRIC]heartBeat,connected count=3
info|2025-12-13 23:37:39.294003|timerFactory-0x00007542959ff640|[RPC][WS][SERVICE]connected nodes,count=0
info|2025-12-13 23:37:39.967425|ioService-0x00007542a81ff640|[P2PService][Service][METRIC]heartBeat,connected count=3
info|2025-12-13 23:37:49.294133|timerFactory-0x00007542959ff640|[RPC][WS][SERVICE]connected nodes,count=0
info|2025-12-13 23:37:49.967524|ioService-0x00007542a81ff640|[P2PService][Service][METRIC]heartBeat,connected count=3
info|2025-12-13 23:37:58.284519|objMonitor-0x00007542835ff640|[startMonitor][AliveObjectMonitor],AliveObjectAllocStat=[ type: bcos::gateway::Socket ,created: 9 ,destroyed: 5 ,alive: 4 ] 
info|2025-12-13 23:37:59.294247|timerFactory-0x00007542959ff640|[RPC][WS][SERVICE]connected nodes,count=0
info|2025-12-13 23:37:59.967589|ioService-0x00007542a81ff640|[P2PService][Service][METRIC]heartBeat,connected count=3
info|2025-12-13 23:38:09.294271|timerFactory-0x00007542959ff640|[RPC][WS][SERVICE]connected nodes,count=0
info|2025-12-13 23:38:09.967661|ioService-0x00007542a81ff640|[P2PService][Service][METRIC]heartBeat,connected count=3
info|2025-12-13 23:38:19.294289|timerFactory-0x00007542959ff640|[RPC][WS][SERVICE]connected nodes,count=0
info|2025-12-13 23:38:19.967687|ioService-0x00007542a81ff640|[P2PService][Service][METRIC]heartBeat,connected count=3
info|2025-12-13 23:38:29.294313|timerFactory-0x00007542959ff640|[RPC][WS][SERVICE]connected nodes,count=0
info|2025-12-13 23:38:29.967755|ioService-0x00007542a81ff640|[P2PService][Service][METRIC]heartBeat,connected count=3
info|2025-12-13 23:38:39.294332|timerFactory-0x00007542959ff640|[RPC][WS][SERVICE]connected nodes,count=0
info|2025-12-13 23:38:39.967789|ioService-0x00007542a81ff640|[P2PService][Service][METRIC]heartBeat,connected count=3
info|2025-12-13 23:38:49.294351|timerFactory-0x00007542959ff640|[RPC][WS][SERVICE]connected nodes,count=0
info|2025-12-13 23:38:49.967855|ioService-0x00007542a81ff640|[P2PService][Service][METRIC]heartBeat,connected count=3
info|2025-12-13 23:38:58.284641|objMonitor-0x00007542835ff640|[startMonitor][AliveObjectMonitor],AliveObjectAllocStat=[ type: bcos::gateway::Socket ,created: 9 ,destroyed: 5 ,alive: 4 ] 
info|2025-12-13 23:38:59.294369|timerFactory-0x00007542959ff640|[RPC][WS][SERVICE]connected nodes,count=0
info|2025-12-13 23:38:59.967991|ioService-0x00007542a81ff640|[P2PService][Service][METRIC]heartBeat,connected count=3
info|2025-12-13 23:39:09.294389|timerFactory-0x00007542959ff640|[RPC][WS][SERVICE]connected nodes,count=0
info|2025-12-13 23:39:09.968095|ioService-0x00007542a81ff640|[P2PService][Service][METRIC]heartBeat,connected count=3
info|2025-12-13 23:39:19.294410|timerFactory-0x00007542959ff640|[RPC][WS][SERVICE]connected nodes,count=0
info|2025-12-13 23:39:19.968196|ioService-0x00007542a81ff640|[P2PService][Service][METRIC]heartBeat,connected count=3
info|2025-12-13 23:39:29.294538|timerFactory-0x00007542959ff640|[RPC][WS][SERVICE]connected nodes,count=0
info|2025-12-13 23:39:29.968267|ioService-0x00007542a81ff640|[P2PService][Service][METRIC]heartBeat,connected count=3
info|2025-12-13 23:39:39.294607|timerFactory-0x00007542959ff640|[RPC][WS][SERVICE]connected nodes,count=0
info|2025-12-13 23:39:39.968506|ioService-0x00007542a81ff640|[P2PService][Service][METRIC]heartBeat,connected count=3
info|2025-12-13 23:39:49.294628|timerFactory-0x00007542959ff640|[RPC][WS][SERVICE]connected nodes,count=0
info|2025-12-13 23:39:49.968628|ioService-0x00007542a81ff640|[P2PService][Service][METRIC]heartBeat,connected count=3
info|2025-12-13 23:39:58.284715|objMonitor-0x00007542835ff640|[startMonitor][AliveObjectMonitor],AliveObjectAllocStat=[ type: bcos::gateway::Socket ,created: 9 ,destroyed: 5 ,alive: 4 ] 
info|2025-12-13 23:39:59.294647|timerFactory-0x00007542959ff640|[RPC][WS][SERVICE]connected nodes,count=0
info|2025-12-13 23:39:59.968716|ioService-0x00007542a81ff640|[P2PService][Service][METRIC]heartBeat,connected count=3
info|2025-12-13 23:40:09.294706|timerFactory-0x00007542959ff640|[RPC][WS][SERVICE]connected nodes,count=0
info|2025-12-13 23:40:09.968818|ioService-0x00007542a81ff640|[P2PService][Service][METRIC]heartBeat,connected count=3
info|2025-12-13 23:40:19.294755|timerFactory-0x00007542959ff640|[RPC][WS][SERVICE]connected nodes,count=0
info|2025-12-13 23:40:19.968895|ioService-0x00007542a81ff640|[P2PService][Service][METRIC]heartBeat,connected count=3
info|2025-12-13 23:40:29.294926|timerFactory-0x00007542959ff640|[RPC][WS][SERVICE]connected nodes,count=0
info|2025-12-13 23:40:29.969089|ioService-0x00007542a81ff640|[P2PService][Service][METRIC]heartBeat,connected count=3
info|2025-12-13 23:40:39.295034|timerFactory-0x00007542959ff640|[RPC][WS][SERVICE]connected nodes,count=0
info|2025-12-13 23:40:39.969169|ioService-0x00007542a81ff640|[P2PService][Service][METRIC]heartBeat,connected count=3
info|2025-12-13 23:40:49.295090|timerFactory-0x00007542959ff640|[RPC][WS][SERVICE]connected nodes,count=0
info|2025-12-13 23:40:49.969187|ioService-0x00007542a81ff640|[P2PService][Service][METRIC]heartBeat,connected count=3
info|2025-12-13 23:40:58.284868|objMonitor-0x00007542835ff640|[startMonitor][AliveObjectMonitor],AliveObjectAllocStat=[ type: bcos::gateway::Socket ,created: 9 ,destroyed: 5 ,alive: 4 ] 
info|2025-12-13 23:40:59.295106|timerFactory-0x00007542959ff640|[RPC][WS][SERVICE]connected nodes,count=0
info|2025-12-13 23:40:59.969257|ioService-0x00007542a81ff640|[P2PService][Service][METRIC]heartBeat,connected count=3
info|2025-12-13 23:41:09.295236|timerFactory-0x00007542959ff640|[RPC][WS][SERVICE]connected nodes,count=0
info|2025-12-13 23:41:09.969339|ioService-0x00007542a81ff640|[P2PService][Service][METRIC]heartBeat,connected count=3
info|2025-12-13 23:41:19.295327|timerFactory-0x00007542959ff640|[RPC][WS][SERVICE]connected nodes,count=0
info|2025-12-13 23:41:19.969399|ioService-0x00007542a81ff640|[P2PService][Service][METRIC]heartBeat,connected count=3
info|2025-12-13 23:41:29.295347|timerFactory-0x00007542959ff640|[RPC][WS][SERVICE]connected nodes,count=0
info|2025-12-13 23:41:29.969542|ioService-0x00007542a81ff640|[P2PService][Service][METRIC]heartBeat,connected count=3
info|2025-12-13 23:41:39.295367|timerFactory-0x00007542959ff640|[RPC][WS][SERVICE]connected nodes,count=0
info|2025-12-13 23:41:39.969561|ioService-0x00007542a81ff640|[P2PService][Service][METRIC]heartBeat,connected count=3
info|2025-12-13 23:41:49.295385|timerFactory-0x00007542959ff640|[RPC][WS][SERVICE]connected nodes,count=0
info|2025-12-13 23:41:49.969589|ioService-0x00007542a81ff640|[P2PService][Service][METRIC]heartBeat,connected count=3
info|2025-12-13 23:41:58.284930|objMonitor-0x00007542835ff640|[startMonitor][AliveObjectMonitor],AliveObjectAllocStat=[ type: bcos::gateway::Socket ,created: 9 ,destroyed: 5 ,alive: 4 ] [ type: bcos::gateway::ResponseCallback ,created: 4272266 ,destroyed: 4272262 ,alive: 4 ] 
info|2025-12-13 23:41:59.295404|timerFactory-0x00007542959ff640|[RPC][WS][SERVICE]connected nodes,count=0
info|2025-12-13 23:41:59.969816|ioService-0x00007542a81ff640|[P2PService][Service][METRIC]heartBeat,connected count=3
info|2025-12-13 23:42:09.295422|timerFactory-0x00007542959ff640|[RPC][WS][SERVICE]connected nodes,count=0
info|2025-12-13 23:42:09.969920|ioService-0x00007542a81ff640|[P2PService][Service][METRIC]heartBeat,connected count=3
info|2025-12-13 23:42:19.295440|timerFactory-0x00007542959ff640|[RPC][WS][SERVICE]connected nodes,count=0
info|2025-12-13 23:42:19.969958|ioService-0x00007542a81ff640|[P2PService][Service][METRIC]heartBeat,connected count=3
info|2025-12-13 23:42:29.295466|timerFactory-0x00007542959ff640|[RPC][WS][SERVICE]connected nodes,count=0
info|2025-12-13 23:42:29.970052|ioService-0x00007542a81ff640|[P2PService][Service][METRIC]heartBeat,connected count=3
info|2025-12-13 23:42:39.295514|timerFactory-0x00007542959ff640|[RPC][WS][SERVICE]connected nodes,count=0
info|2025-12-13 23:42:39.970248|ioService-0x00007542a81ff640|[P2PService][Service][METRIC]heartBeat,connected count=3
info|2025-12-13 23:42:49.295532|timerFactory-0x00007542959ff640|[RPC][WS][SERVICE]connected nodes,count=0
info|2025-12-13 23:42:49.970310|ioService-0x00007542a81ff640|[P2PService][Service][METRIC]heartBeat,connected count=3
info|2025-12-13 23:42:58.284972|objMonitor-0x00007542835ff640|[startMonitor][AliveObjectMonitor],AliveObjectAllocStat=[ type: bcos::gateway::Socket ,created: 9 ,destroyed: 5 ,alive: 4 ] 
info|2025-12-13 23:42:59.295602|timerFactory-0x00007542959ff640|[RPC][WS][SERVICE]connected nodes,count=0
info|2025-12-13 23:42:59.970329|ioService-0x00007542a81ff640|[P2PService][Service][METRIC]heartBeat,connected count=3
info|2025-12-13 23:43:09.295621|timerFactory-0x00007542959ff640|[RPC][WS][SERVICE]connected nodes,count=0
info|2025-12-13 23:43:09.970348|ioService-0x00007542a81ff640|[P2PService][Service][METRIC]heartBeat,connected count=3
info|2025-12-13 23:43:19.295669|timerFactory-0x00007542959ff640|[RPC][WS][SERVICE]connected nodes,count=0
info|2025-12-13 23:43:19.970365|ioService-0x00007542a81ff640|[P2PService][Service][METRIC]heartBeat,connected count=3
info|2025-12-13 23:43:29.295720|timerFactory-0x00007542959ff640|[RPC][WS][SERVICE]connected nodes,count=0
info|2025-12-13 23:43:29.970435|ioService-0x00007542a81ff640|[P2PService][Service][METRIC]heartBeat,connected count=3
info|2025-12-13 23:43:39.295769|timerFactory-0x00007542959ff640|[RPC][WS][SERVICE]connected nodes,count=0
info|2025-12-13 23:43:39.970466|ioService-0x00007542a81ff640|[P2PService][Service][METRIC]heartBeat,connected count=3
info|2025-12-13 23:43:49.295933|timerFactory-0x00007542959ff640|[RPC][WS][SERVICE]connected nodes,count=0
info|2025-12-13 23:43:49.970488|ioService-0x00007542a81ff640|[P2PService][Service][METRIC]heartBeat,connected count=3
info|2025-12-13 23:43:58.285016|objMonitor-0x00007542835ff640|[startMonitor][AliveObjectMonitor],AliveObjectAllocStat=[ type: bcos::gateway::Socket ,created: 9 ,destroyed: 5 ,alive: 4 ] 
info|2025-12-13 23:43:59.296029|timerFactory-0x00007542959ff640|[RPC][WS][SERVICE]connected nodes,count=0
info|2025-12-13 23:43:59.970626|ioService-0x00007542a81ff640|[P2PService][Service][METRIC]heartBeat,connected count=3
info|2025-12-13 23:44:09.296050|timerFactory-0x00007542959ff640|[RPC][WS][SERVICE]connected nodes,count=0
info|2025-12-13 23:44:09.970737|ioService-0x00007542a81ff640|[P2PService][Service][METRIC]heartBeat,connected count=3
info|2025-12-13 23:44:19.296105|timerFactory-0x00007542959ff640|[RPC][WS][SERVICE]connected nodes,count=0
info|2025-12-13 23:44:19.970755|ioService-0x00007542a81ff640|[P2PService][Service][METRIC]heartBeat,connected count=3
info|2025-12-13 23:44:29.296176|timerFactory-0x00007542959ff640|[RPC][WS][SERVICE]connected nodes,count=0
info|2025-12-13 23:44:29.970998|ioService-0x00007542a81ff640|[P2PService][Service][METRIC]heartBeat,connected count=3
info|2025-12-13 23:44:39.296245|timerFactory-0x00007542959ff640|[RPC][WS][SERVICE]connected nodes,count=0
info|2025-12-13 23:44:39.971086|ioService-0x00007542a81ff640|[P2PService][Service][METRIC]heartBeat,connected count=3
info|2025-12-13 23:44:49.296298|timerFactory-0x00007542959ff640|[RPC][WS][SERVICE]connected nodes,count=0
info|2025-12-13 23:44:49.971196|ioService-0x00007542a81ff640|[P2PService][Service][METRIC]heartBeat,connected count=3
info|2025-12-13 23:44:58.285060|objMonitor-0x00007542835ff640|[startMonitor][AliveObjectMonitor],AliveObjectAllocStat=[ type: bcos::gateway::Socket ,created: 9 ,destroyed: 5 ,alive: 4 ] 
info|2025-12-13 23:44:59.296315|timerFactory-0x00007542959ff640|[RPC][WS][SERVICE]connected nodes,count=0
info|2025-12-13 23:44:59.971230|ioService-0x00007542a81ff640|[P2PService][Service][METRIC]heartBeat,connected count=3
info|2025-12-13 23:45:09.296367|timerFactory-0x00007542959ff640|[RPC][WS][SERVICE]connected nodes,count=0
info|2025-12-13 23:45:09.971407|ioService-0x00007542a81ff640|[P2PService][Service][METRIC]heartBeat,connected count=3
info|2025-12-13 23:45:19.296400|timerFactory-0x00007542959ff640|[RPC][WS][SERVICE]connected nodes,count=0
info|2025-12-13 23:45:19.971470|ioService-0x00007542a81ff640|[P2PService][Service][METRIC]heartBeat,connected count=3
info|2025-12-13 23:45:29.296418|timerFactory-0x00007542959ff640|[RPC][WS][SERVICE]connected nodes,count=0
info|2025-12-13 23:45:29.971558|ioService-0x00007542a81ff640|[P2PService][Service][METRIC]heartBeat,connected count=3
info|2025-12-13 23:45:39.296441|timerFactory-0x00007542959ff640|[RPC][WS][SERVICE]connected nodes,count=0
info|2025-12-13 23:45:39.971632|ioService-0x00007542a81ff640|[P2PService][Service][METRIC]heartBeat,connected count=3
info|2025-12-13 23:45:49.296463|timerFactory-0x00007542959ff640|[RPC][WS][SERVICE]connected nodes,count=0
info|2025-12-13 23:45:49.971726|ioService-0x00007542a81ff640|[P2PService][Service][METRIC]heartBeat,connected count=3
info|2025-12-13 23:45:58.285160|objMonitor-0x00007542835ff640|[startMonitor][AliveObjectMonitor],AliveObjectAllocStat=[ type: bcos::gateway::Socket ,created: 9 ,destroyed: 5 ,alive: 4 ] 
info|2025-12-13 23:45:59.296483|timerFactory-0x00007542959ff640|[RPC][WS][SERVICE]connected nodes,count=0
info|2025-12-13 23:45:59.971788|ioService-0x00007542a81ff640|[P2PService][Service][METRIC]heartBeat,connected count=3
info|2025-12-13 23:46:09.296541|timerFactory-0x00007542959ff640|[RPC][WS][SERVICE]connected nodes,count=0
info|2025-12-13 23:46:09.971817|ioService-0x00007542a81ff640|[P2PService][Service][METRIC]heartBeat,connected count=3
info|2025-12-13 23:46:19.296565|timerFactory-0x00007542959ff640|[RPC][WS][SERVICE]connected nodes,count=0
info|2025-12-13 23:46:19.971891|ioService-0x00007542a81ff640|[P2PService][Service][METRIC]heartBeat,connected count=3
info|2025-12-13 23:46:29.296582|timerFactory-0x00007542959ff640|[RPC][WS][SERVICE]connected nodes,count=0
info|2025-12-13 23:46:29.972056|ioService-0x00007542a81ff640|[P2PService][Service][METRIC]heartBeat,connected count=3
info|2025-12-13 23:46:39.296604|timerFactory-0x00007542959ff640|[RPC][WS][SERVICE]connected nodes,count=0
info|2025-12-13 23:46:39.972146|ioService-0x00007542a81ff640|[P2PService][Service][METRIC]heartBeat,connected count=3
info|2025-12-13 23:46:49.296624|timerFactory-0x00007542959ff640|[RPC][WS][SERVICE]connected nodes,count=0
info|2025-12-13 23:46:49.972221|ioService-0x00007542a81ff640|[P2PService][Service][METRIC]heartBeat,connected count=3
info|2025-12-13 23:46:58.285203|objMonitor-0x00007542835ff640|[startMonitor][AliveObjectMonitor],AliveObjectAllocStat=[ type: bcos::gateway::Socket ,created: 9 ,destroyed: 5 ,alive: 4 ] 
info|2025-12-13 23:46:59.296646|timerFactory-0x00007542959ff640|[RPC][WS][SERVICE]connected nodes,count=0
info|2025-12-13 23:46:59.972332|ioService-0x00007542a81ff640|[P2PService][Service][METRIC]heartBeat,connected count=3
info|2025-12-13 23:47:09.296668|timerFactory-0x00007542959ff640|[RPC][WS][SERVICE]connected nodes,count=0
info|2025-12-13 23:47:09.972434|ioService-0x00007542a81ff640|[P2PService][Service][METRIC]heartBeat,connected count=3
info|2025-12-13 23:47:19.296687|timerFactory-0x00007542959ff640|[RPC][WS][SERVICE]connected nodes,count=0
info|2025-12-13 23:47:19.972496|ioService-0x00007542a81ff640|[P2PService][Service][METRIC]heartBeat,connected count=3
info|2025-12-13 23:47:29.296740|timerFactory-0x00007542959ff640|[RPC][WS][SERVICE]connected nodes,count=0
info|2025-12-13 23:47:29.972521|ioService-0x00007542a81ff640|[P2PService][Service][METRIC]heartBeat,connected count=3
info|2025-12-13 23:47:39.296824|timerFactory-0x00007542959ff640|[RPC][WS][SERVICE]connected nodes,count=0
info|2025-12-13 23:47:39.972539|ioService-0x00007542a81ff640|[P2PService][Service][METRIC]heartBeat,connected count=3
info|2025-12-13 23:47:49.296993|timerFactory-0x00007542959ff640|[RPC][WS][SERVICE]connected nodes,count=0
info|2025-12-13 23:47:49.972559|ioService-0x00007542a81ff640|[P2PService][Service][METRIC]heartBeat,connected count=3
info|2025-12-13 23:47:58.285337|objMonitor-0x00007542835ff640|[startMonitor][AliveObjectMonitor],AliveObjectAllocStat=[ type: bcos::gateway::Socket ,created: 9 ,destroyed: 5 ,alive: 4 ] 
info|2025-12-13 23:47:59.297048|timerFactory-0x00007542959ff640|[RPC][WS][SERVICE]connected nodes,count=0
info|2025-12-13 23:47:59.972594|ioService-0x00007542a81ff640|[P2PService][Service][METRIC]heartBeat,connected count=3
info|2025-12-13 23:48:09.297067|timerFactory-0x00007542959ff640|[RPC][WS][SERVICE]connected nodes,count=0
info|2025-12-13 23:48:09.972624|ioService-0x00007542a81ff640|[P2PService][Service][METRIC]heartBeat,connected count=3
info|2025-12-13 23:48:19.297114|timerFactory-0x00007542959ff640|[RPC][WS][SERVICE]connected nodes,count=0
info|2025-12-13 23:48:19.972652|ioService-0x00007542a81ff640|[P2PService][Service][METRIC]heartBeat,connected count=3
info|2025-12-13 23:48:29.297133|timerFactory-0x00007542959ff640|[RPC][WS][SERVICE]connected nodes,count=0
info|2025-12-13 23:48:29.972710|ioService-0x00007542a81ff640|[P2PService][Service][METRIC]heartBeat,connected count=3
info|2025-12-13 23:48:39.297155|timerFactory-0x00007542959ff640|[RPC][WS][SERVICE]connected nodes,count=0
info|2025-12-13 23:48:39.972831|ioService-0x00007542a81ff640|[P2PService][Service][METRIC]heartBeat,connected count=3
info|2025-12-13 23:48:49.297174|timerFactory-0x00007542959ff640|[RPC][WS][SERVICE]connected nodes,count=0
info|2025-12-13 23:48:49.972935|ioService-0x00007542a81ff640|[P2PService][Service][METRIC]heartBeat,connected count=3
info|2025-12-13 23:48:58.285380|objMonitor-0x00007542835ff640|[startMonitor][AliveObjectMonitor],AliveObjectAllocStat=[ type: bcos::gateway::Socket ,created: 9 ,destroyed: 5 ,alive: 4 ] 
info|2025-12-13 23:48:59.297192|timerFactory-0x00007542959ff640|[RPC][WS][SERVICE]connected nodes,count=0
info|2025-12-13 23:48:59.972963|ioService-0x00007542a81ff640|[P2PService][Service][METRIC]heartBeat,connected count=3
info|2025-12-13 23:49:09.297209|timerFactory-0x00007542959ff640|[RPC][WS][SERVICE]connected nodes,count=0
info|2025-12-13 23:49:09.973166|ioService-0x00007542a81ff640|[P2PService][Service][METRIC]heartBeat,connected count=3
info|2025-12-13 23:49:19.297265|timerFactory-0x00007542959ff640|[RPC][WS][SERVICE]connected nodes,count=0
info|2025-12-13 23:49:19.973280|ioService-0x00007542a81ff640|[P2PService][Service][METRIC]heartBeat,connected count=3
info|2025-12-13 23:49:29.297346|timerFactory-0x00007542959ff640|[RPC][WS][SERVICE]connected nodes,count=0
info|2025-12-13 23:49:29.973419|ioService-0x00007542a81ff640|[P2PService][Service][METRIC]heartBeat,connected count=3
info|2025-12-13 23:49:39.297395|timerFactory-0x00007542959ff640|[RPC][WS][SERVICE]connected nodes,count=0
info|2025-12-13 23:49:39.973521|ioService-0x00007542a81ff640|[P2PService][Service][METRIC]heartBeat,connected count=3
info|2025-12-13 23:49:49.297415|timerFactory-0x00007542959ff640|[RPC][WS][SERVICE]connected nodes,count=0
info|2025-12-13 23:49:49.973545|ioService-0x00007542a81ff640|[P2PService][Service][METRIC]heartBeat,connected count=3
info|2025-12-13 23:49:58.285465|objMonitor-0x00007542835ff640|[startMonitor][AliveObjectMonitor],AliveObjectAllocStat=[ type: bcos::gateway::Socket ,created: 9 ,destroyed: 5 ,alive: 4 ] [ type: bcos::gateway::ResponseCallback ,created: 4279460 ,destroyed: 4279455 ,alive: 5 ] 
info|2025-12-13 23:49:59.297432|timerFactory-0x00007542959ff640|[RPC][WS][SERVICE]connected nodes,count=0
info|2025-12-13 23:49:59.973605|ioService-0x00007542a81ff640|[P2PService][Service][METRIC]heartBeat,connected count=3
info|2025-12-13 23:50:09.297451|timerFactory-0x00007542959ff640|[RPC][WS][SERVICE]connected nodes,count=0
info|2025-12-13 23:50:09.973712|ioService-0x00007542a81ff640|[P2PService][Service][METRIC]heartBeat,connected count=3
info|2025-12-13 23:50:19.297473|timerFactory-0x00007542959ff640|[RPC][WS][SERVICE]connected nodes,count=0
info|2025-12-13 23:50:19.973839|ioService-0x00007542a81ff640|[P2PService][Service][METRIC]heartBeat,connected count=3
info|2025-12-13 23:50:29.297523|timerFactory-0x00007542959ff640|[RPC][WS][SERVICE]connected nodes,count=0
info|2025-12-13 23:50:29.973915|ioService-0x00007542a81ff640|[P2PService][Service][METRIC]heartBeat,connected count=3
info|2025-12-13 23:50:39.297572|timerFactory-0x00007542959ff640|[RPC][WS][SERVICE]connected nodes,count=0
info|2025-12-13 23:50:39.974092|ioService-0x00007542a81ff640|[P2PService][Service][METRIC]heartBeat,connected count=3
info|2025-12-13 23:50:49.297592|timerFactory-0x00007542959ff640|[RPC][WS][SERVICE]connected nodes,count=0
info|2025-12-13 23:50:49.974191|ioService-0x00007542a81ff640|[P2PService][Service][METRIC]heartBeat,connected count=3
info|2025-12-13 23:50:58.285556|objMonitor-0x00007542835ff640|[startMonitor][AliveObjectMonitor],AliveObjectAllocStat=[ type: bcos::gateway::Socket ,created: 9 ,destroyed: 5 ,alive: 4 ] 
info|2025-12-13 23:50:59.297613|timerFactory-0x00007542959ff640|[RPC][WS][SERVICE]connected nodes,count=0
info|2025-12-13 23:50:59.974336|ioService-0x00007542a81ff640|[P2PService][Service][METRIC]heartBeat,connected count=3
info|2025-12-13 23:51:09.297661|timerFactory-0x00007542959ff640|[RPC][WS][SERVICE]connected nodes,count=0
info|2025-12-13 23:51:09.974391|ioService-0x00007542a81ff640|[P2PService][Service][METRIC]heartBeat,connected count=3
info|2025-12-13 23:51:19.297744|timerFactory-0x00007542959ff640|[RPC][WS][SERVICE]connected nodes,count=0
info|2025-12-13 23:51:19.974445|ioService-0x00007542a81ff640|[P2PService][Service][METRIC]heartBeat,connected count=3
info|2025-12-13 23:51:29.297796|timerFactory-0x00007542959ff640|[RPC][WS][SERVICE]connected nodes,count=0
info|2025-12-13 23:51:29.974467|ioService-0x00007542a81ff640|[P2PService][Service][METRIC]heartBeat,connected count=3
info|2025-12-13 23:51:39.297814|timerFactory-0x00007542959ff640|[RPC][WS][SERVICE]connected nodes,count=0
info|2025-12-13 23:51:39.974487|ioService-0x00007542a81ff640|[P2PService][Service][METRIC]heartBeat,connected count=3
info|2025-12-13 23:51:49.297866|timerFactory-0x00007542959ff640|[RPC][WS][SERVICE]connected nodes,count=0
info|2025-12-13 23:51:49.974511|ioService-0x00007542a81ff640|[P2PService][Service][METRIC]heartBeat,connected count=3
info|2025-12-13 23:51:58.285592|objMonitor-0x00007542835ff640|[startMonitor][AliveObjectMonitor],AliveObjectAllocStat=[ type: bcos::gateway::Socket ,created: 9 ,destroyed: 5 ,alive: 4 ] 
info|2025-12-13 23:51:59.297917|timerFactory-0x00007542959ff640|[RPC][WS][SERVICE]connected nodes,count=0
info|2025-12-13 23:51:59.974541|ioService-0x00007542a81ff640|[P2PService][Service][METRIC]heartBeat,connected count=3
info|2025-12-13 23:52:09.297975|timerFactory-0x00007542959ff640|[RPC][WS][SERVICE]connected nodes,count=0
info|2025-12-13 23:52:09.974564|ioService-0x00007542a81ff640|[P2PService][Service][METRIC]heartBeat,connected count=3
info|2025-12-13 23:52:19.298029|timerFactory-0x00007542959ff640|[RPC][WS][SERVICE]connected nodes,count=0
info|2025-12-13 23:52:19.974684|ioService-0x00007542a81ff640|[P2PService][Service][METRIC]heartBeat,connected count=3
info|2025-12-13 23:52:29.298050|timerFactory-0x00007542959ff640|[RPC][WS][SERVICE]connected nodes,count=0
info|2025-12-13 23:52:29.974792|ioService-0x00007542a81ff640|[P2PService][Service][METRIC]heartBeat,connected count=3
info|2025-12-13 23:52:39.298070|timerFactory-0x00007542959ff640|[RPC][WS][SERVICE]connected nodes,count=0
info|2025-12-13 23:52:39.974906|ioService-0x00007542a81ff640|[P2PService][Service][METRIC]heartBeat,connected count=3
info|2025-12-13 23:52:49.298089|timerFactory-0x00007542959ff640|[RPC][WS][SERVICE]connected nodes,count=0
info|2025-12-13 23:52:49.974971|ioService-0x00007542a81ff640|[P2PService][Service][METRIC]heartBeat,connected count=3
info|2025-12-13 23:52:58.285626|objMonitor-0x00007542835ff640|[startMonitor][AliveObjectMonitor],AliveObjectAllocStat=[ type: bcos::gateway::Socket ,created: 9 ,destroyed: 5 ,alive: 4 ] 
info|2025-12-13 23:52:59.298168|timerFactory-0x00007542959ff640|[RPC][WS][SERVICE]connected nodes,count=0
info|2025-12-13 23:52:59.975026|ioService-0x00007542a81ff640|[P2PService][Service][METRIC]heartBeat,connected count=3
info|2025-12-13 23:53:09.298252|timerFactory-0x00007542959ff640|[RPC][WS][SERVICE]connected nodes,count=0
info|2025-12-13 23:53:09.975145|ioService-0x00007542a81ff640|[P2PService][Service][METRIC]heartBeat,connected count=3
info|2025-12-13 23:53:19.298308|timerFactory-0x00007542959ff640|[RPC][WS][SERVICE]connected nodes,count=0
info|2025-12-13 23:53:19.975227|ioService-0x00007542a81ff640|[P2PService][Service][METRIC]heartBeat,connected count=3
info|2025-12-13 23:53:29.298328|timerFactory-0x00007542959ff640|[RPC][WS][SERVICE]connected nodes,count=0
info|2025-12-13 23:53:29.975303|ioService-0x00007542a81ff640|[P2PService][Service][METRIC]heartBeat,connected count=3
info|2025-12-13 23:53:39.298396|timerFactory-0x00007542959ff640|[RPC][WS][SERVICE]connected nodes,count=0
info|2025-12-13 23:53:39.975335|ioService-0x00007542a81ff640|[P2PService][Service][METRIC]heartBeat,connected count=3
info|2025-12-13 23:53:49.298415|timerFactory-0x00007542959ff640|[RPC][WS][SERVICE]connected nodes,count=0
info|2025-12-13 23:53:49.975443|ioService-0x00007542a81ff640|[P2PService][Service][METRIC]heartBeat,connected count=3
info|2025-12-13 23:53:58.285722|objMonitor-0x00007542835ff640|[startMonitor][AliveObjectMonitor],AliveObjectAllocStat=[ type: bcos::gateway::Socket ,created: 9 ,destroyed: 5 ,alive: 4 ] [ type: bcos::gateway::ResponseCallback ,created: 4283057 ,destroyed: 4283051 ,alive: 6 ] 
info|2025-12-13 23:53:59.298433|timerFactory-0x00007542959ff640|[RPC][WS][SERVICE]connected nodes,count=0
info|2025-12-13 23:53:59.975553|ioService-0x00007542a81ff640|[P2PService][Service][METRIC]heartBeat,connected count=3
info|2025-12-13 23:54:09.298469|timerFactory-0x00007542959ff640|[RPC][WS][SERVICE]connected nodes,count=0
info|2025-12-13 23:54:09.975694|ioService-0x00007542a81ff640|[P2PService][Service][METRIC]heartBeat,connected count=3
info|2025-12-13 23:54:19.298520|timerFactory-0x00007542959ff640|[RPC][WS][SERVICE]connected nodes,count=0
info|2025-12-13 23:54:19.975755|ioService-0x00007542a81ff640|[P2PService][Service][METRIC]heartBeat,connected count=3
info|2025-12-13 23:54:29.298573|timerFactory-0x00007542959ff640|[RPC][WS][SERVICE]connected nodes,count=0
info|2025-12-13 23:54:29.975832|ioService-0x00007542a81ff640|[P2PService][Service][METRIC]heartBeat,connected count=3
info|2025-12-13 23:54:39.298610|timerFactory-0x00007542959ff640|[RPC][WS][SERVICE]connected nodes,count=0
info|2025-12-13 23:54:39.975854|ioService-0x00007542a81ff640|[P2PService][Service][METRIC]heartBeat,connected count=3
info|2025-12-13 23:54:49.298642|timerFactory-0x00007542959ff640|[RPC][WS][SERVICE]connected nodes,count=0
info|2025-12-13 23:54:49.975884|ioService-0x00007542a81ff640|[P2PService][Service][METRIC]heartBeat,connected count=3
info|2025-12-13 23:54:58.285767|objMonitor-0x00007542835ff640|[startMonitor][AliveObjectMonitor],AliveObjectAllocStat=[ type: bcos::gateway::Socket ,created: 9 ,destroyed: 5 ,alive: 4 ] 
info|2025-12-13 23:54:59.298679|timerFactory-0x00007542959ff640|[RPC][WS][SERVICE]connected nodes,count=0
info|2025-12-13 23:54:59.975944|ioService-0x00007542a81ff640|[P2PService][Service][METRIC]heartBeat,connected count=3
info|2025-12-13 23:55:09.298736|timerFactory-0x00007542959ff640|[RPC][WS][SERVICE]connected nodes,count=0
info|2025-12-13 23:55:09.976003|ioService-0x00007542a81ff640|[P2PService][Service][METRIC]heartBeat,connected count=3
info|2025-12-13 23:55:19.298768|timerFactory-0x00007542959ff640|[RPC][WS][SERVICE]connected nodes,count=0
info|2025-12-13 23:55:19.976067|ioService-0x00007542a81ff640|[P2PService][Service][METRIC]heartBeat,connected count=3
info|2025-12-13 23:55:29.298784|timerFactory-0x00007542959ff640|[RPC][WS][SERVICE]connected nodes,count=0
info|2025-12-13 23:55:29.976124|ioService-0x00007542a81ff640|[P2PService][Service][METRIC]heartBeat,connected count=3
info|2025-12-13 23:55:39.298797|timerFactory-0x00007542959ff640|[RPC][WS][SERVICE]connected nodes,count=0
info|2025-12-13 23:55:39.976163|ioService-0x00007542a81ff640|[P2PService][Service][METRIC]heartBeat,connected count=3
info|2025-12-13 23:55:49.298834|timerFactory-0x00007542959ff640|[RPC][WS][SERVICE]connected nodes,count=0
info|2025-12-13 23:55:49.976350|ioService-0x00007542a81ff640|[P2PService][Service][METRIC]heartBeat,connected count=3
info|2025-12-13 23:55:58.285813|objMonitor-0x00007542835ff640|[startMonitor][AliveObjectMonitor],AliveObjectAllocStat=[ type: bcos::gateway::Socket ,created: 9 ,destroyed: 5 ,alive: 4 ] 
info|2025-12-13 23:55:59.298869|timerFactory-0x00007542959ff640|[RPC][WS][SERVICE]connected nodes,count=0
info|2025-12-13 23:55:59.976372|ioService-0x00007542a81ff640|[P2PService][Service][METRIC]heartBeat,connected count=3
info|2025-12-13 23:56:09.298908|timerFactory-0x00007542959ff640|[RPC][WS][SERVICE]connected nodes,count=0
info|2025-12-13 23:56:09.976503|ioService-0x00007542a81ff640|[P2PService][Service][METRIC]heartBeat,connected count=3
info|2025-12-13 23:56:19.298976|timerFactory-0x00007542959ff640|[RPC][WS][SERVICE]connected nodes,count=0
info|2025-12-13 23:56:19.976542|ioService-0x00007542a81ff640|[P2PService][Service][METRIC]heartBeat,connected count=3
info|2025-12-13 23:56:29.299009|timerFactory-0x00007542959ff640|[RPC][WS][SERVICE]connected nodes,count=0
info|2025-12-13 23:56:29.976624|ioService-0x00007542a81ff640|[P2PService][Service][METRIC]heartBeat,connected count=3
info|2025-12-13 23:56:39.299026|timerFactory-0x00007542959ff640|[RPC][WS][SERVICE]connected nodes,count=0
info|2025-12-13 23:56:39.976759|ioService-0x00007542a81ff640|[P2PService][Service][METRIC]heartBeat,connected count=3
info|2025-12-13 23:56:49.299063|timerFactory-0x00007542959ff640|[RPC][WS][SERVICE]connected nodes,count=0
info|2025-12-13 23:56:49.976851|ioService-0x00007542a81ff640|[P2PService][Service][METRIC]heartBeat,connected count=3
info|2025-12-13 23:56:58.285997|objMonitor-0x00007542835ff640|[startMonitor][AliveObjectMonitor],AliveObjectAllocStat=[ type: bcos::gateway::Socket ,created: 9 ,destroyed: 5 ,alive: 4 ] 
info|2025-12-13 23:56:59.299099|timerFactory-0x00007542959ff640|[RPC][WS][SERVICE]connected nodes,count=0
info|2025-12-13 23:56:59.976974|ioService-0x00007542a81ff640|[P2PService][Service][METRIC]heartBeat,connected count=3
info|2025-12-13 23:57:09.299112|timerFactory-0x00007542959ff640|[RPC][WS][SERVICE]connected nodes,count=0
info|2025-12-13 23:57:09.977123|ioService-0x00007542a81ff640|[P2PService][Service][METRIC]heartBeat,connected count=3
info|2025-12-13 23:57:19.299126|timerFactory-0x00007542959ff640|[RPC][WS][SERVICE]connected nodes,count=0
info|2025-12-13 23:57:19.977250|ioService-0x00007542a81ff640|[P2PService][Service][METRIC]heartBeat,connected count=3
info|2025-12-13 23:57:29.299139|timerFactory-0x00007542959ff640|[RPC][WS][SERVICE]connected nodes,count=0
info|2025-12-13 23:57:29.977316|ioService-0x00007542a81ff640|[P2PService][Service][METRIC]heartBeat,connected count=3
info|2025-12-13 23:57:39.299155|timerFactory-0x00007542959ff640|[RPC][WS][SERVICE]connected nodes,count=0
info|2025-12-13 23:57:39.977347|ioService-0x00007542a81ff640|[P2PService][Service][METRIC]heartBeat,connected count=3
info|2025-12-13 23:57:49.299169|timerFactory-0x00007542959ff640|[RPC][WS][SERVICE]connected nodes,count=0
info|2025-12-13 23:57:49.977373|ioService-0x00007542a81ff640|[P2PService][Service][METRIC]heartBeat,connected count=3
info|2025-12-13 23:57:58.286129|objMonitor-0x00007542835ff640|[startMonitor][AliveObjectMonitor],AliveObjectAllocStat=[ type: bcos::gateway::Socket ,created: 9 ,destroyed: 5 ,alive: 4 ] [ type: bcos::gateway::ResponseCallback ,created: 4286654 ,destroyed: 4286648 ,alive: 6 ] 
info|2025-12-13 23:57:59.299185|timerFactory-0x00007542959ff640|[RPC][WS][SERVICE]connected nodes,count=0
info|2025-12-13 23:57:59.977436|ioService-0x00007542a81ff640|[P2PService][Service][METRIC]heartBeat,connected count=3
info|2025-12-13 23:58:09.299221|timerFactory-0x00007542959ff640|[RPC][WS][SERVICE]connected nodes,count=0
info|2025-12-13 23:58:09.977500|ioService-0x00007542a81ff640|[P2PService][Service][METRIC]heartBeat,connected count=3
info|2025-12-13 23:58:19.299238|timerFactory-0x00007542959ff640|[RPC][WS][SERVICE]connected nodes,count=0
info|2025-12-13 23:58:19.977518|ioService-0x00007542a81ff640|[P2PService][Service][METRIC]heartBeat,connected count=3
info|2025-12-13 23:58:29.299262|timerFactory-0x00007542959ff640|[RPC][WS][SERVICE]connected nodes,count=0
info|2025-12-13 23:58:29.977620|ioService-0x00007542a81ff640|[P2PService][Service][METRIC]heartBeat,connected count=3
info|2025-12-13 23:58:39.299345|timerFactory-0x00007542959ff640|[RPC][WS][SERVICE]connected nodes,count=0
info|2025-12-13 23:58:39.977642|ioService-0x00007542a81ff640|[P2PService][Service][METRIC]heartBeat,connected count=3
info|2025-12-13 23:58:49.299379|timerFactory-0x00007542959ff640|[RPC][WS][SERVICE]connected nodes,count=0
info|2025-12-13 23:58:49.977777|ioService-0x00007542a81ff640|[P2PService][Service][METRIC]heartBeat,connected count=3
info|2025-12-13 23:58:58.286300|objMonitor-0x00007542835ff640|[startMonitor][AliveObjectMonitor],AliveObjectAllocStat=[ type: bcos::gateway::Socket ,created: 9 ,destroyed: 5 ,alive: 4 ] 
info|2025-12-13 23:58:59.299406|timerFactory-0x00007542959ff640|[RPC][WS][SERVICE]connected nodes,count=0
info|2025-12-13 23:58:59.977800|ioService-0x00007542a81ff640|[P2PService][Service][METRIC]heartBeat,connected count=3
info|2025-12-13 23:59:09.299434|timerFactory-0x00007542959ff640|[RPC][WS][SERVICE]connected nodes,count=0
info|2025-12-13 23:59:09.977823|ioService-0x00007542a81ff640|[P2PService][Service][METRIC]heartBeat,connected count=3
info|2025-12-13 23:59:19.299460|timerFactory-0x00007542959ff640|[RPC][WS][SERVICE]connected nodes,count=0
info|2025-12-13 23:59:19.977951|ioService-0x00007542a81ff640|[P2PService][Service][METRIC]heartBeat,connected count=3
info|2025-12-13 23:59:29.299485|timerFactory-0x00007542959ff640|[RPC][WS][SERVICE]connected nodes,count=0
info|2025-12-13 23:59:29.977976|ioService-0x00007542a81ff640|[P2PService][Service][METRIC]heartBeat,connected count=3
info|2025-12-13 23:59:39.299519|timerFactory-0x00007542959ff640|[RPC][WS][SERVICE]connected nodes,count=0
info|2025-12-13 23:59:39.978039|ioService-0x00007542a81ff640|[P2PService][Service][METRIC]heartBeat,connected count=3
info|2025-12-13 23:59:49.299541|timerFactory-0x00007542959ff640|[RPC][WS][SERVICE]connected nodes,count=0
info|2025-12-13 23:59:49.978117|ioService-0x00007542a81ff640|[P2PService][Service][METRIC]heartBeat,connected count=3
info|2025-12-13 23:59:58.286349|objMonitor-0x00007542835ff640|[startMonitor][AliveObjectMonitor],AliveObjectAllocStat=[ type: bcos::gateway::Socket ,created: 9 ,destroyed: 5 ,alive: 4 ] 
info|2025-12-13 23:59:59.299563|timerFactory-0x00007542959ff640|[RPC][WS][SERVICE]connected nodes,count=0
info|2025-12-13 23:59:59.978208|ioService-0x00007542a81ff640|[P2PService][Service][METRIC]heartBeat,connected count=3
