info|2026-02-06 23:00:00.382098|timerFactory-0x000071e9ca5ff6c0|[RPC][WS][SERVICE]connected nodes,count=0
info|2026-02-06 23:00:00.386027|ioService-0x000071e9da5f76c0|[P2PService][Service][METRIC]heartBeat,connected count=3
info|2026-02-06 23:00:10.382220|timerFactory-0x000071e9ca5ff6c0|[RPC][WS][SERVICE]connected nodes,count=0
info|2026-02-06 23:00:10.386275|ioService-0x000071e9da5f76c0|[P2PService][Service][METRIC]heartBeat,connected count=3
info|2026-02-06 23:00:20.345744|objMonitor-0x000071e9b95ff6c0|[startMonitor][AliveObjectMonitor],AliveObjectAllocStat=[ type: bcos::gateway::Socket ,created: 9 ,destroyed: 5 ,alive: 4 ] 
info|2026-02-06 23:00:20.382391|timerFactory-0x000071e9ca5ff6c0|[RPC][WS][SERVICE]connected nodes,count=0
info|2026-02-06 23:00:20.386462|ioService-0x000071e9da5f76c0|[P2PService][Service][METRIC]heartBeat,connected count=3
info|2026-02-06 23:00:30.382747|timerFactory-0x000071e9ca5ff6c0|[RPC][WS][SERVICE]connected nodes,count=0
info|2026-02-06 23:00:30.386776|ioService-0x000071e9da5f76c0|[P2PService][Service][METRIC]heartBeat,connected count=3
info|2026-02-06 23:00:40.383190|timerFactory-0x000071e9ca5ff6c0|[RPC][WS][SERVICE]connected nodes,count=0
info|2026-02-06 23:00:40.386935|ioService-0x000071e9da5f76c0|[P2PService][Service][METRIC]heartBeat,connected count=3
info|2026-02-06 23:00:50.384116|timerFactory-0x000071e9ca5ff6c0|[RPC][WS][SERVICE]connected nodes,count=0
info|2026-02-06 23:00:50.387125|ioService-0x000071e9da5f76c0|[P2PService][Service][METRIC]heartBeat,connected count=3
info|2026-02-06 23:01:00.384250|timerFactory-0x000071e9ca5ff6c0|[RPC][WS][SERVICE]connected nodes,count=0
info|2026-02-06 23:01:00.387324|ioService-0x000071e9da5f76c0|[P2PService][Service][METRIC]heartBeat,connected count=3
info|2026-02-06 23:01:10.384435|timerFactory-0x000071e9ca5ff6c0|[RPC][WS][SERVICE]connected nodes,count=0
info|2026-02-06 23:01:10.387547|ioService-0x000071e9da5f76c0|[P2PService][Service][METRIC]heartBeat,connected count=3
info|2026-02-06 23:01:20.342154|objMonitor-0x000071e9b95ff6c0|[startMonitor][AliveObjectMonitor],AliveObjectAllocStat=[ type: bcos::gateway::Socket ,created: 9 ,destroyed: 5 ,alive: 4 ] 
info|2026-02-06 23:01:20.384669|timerFactory-0x000071e9ca5ff6c0|[RPC][WS][SERVICE]connected nodes,count=0
info|2026-02-06 23:01:20.387929|ioService-0x000071e9da5f76c0|[P2PService][Service][METRIC]heartBeat,connected count=3
info|2026-02-06 23:01:30.385075|timerFactory-0x000071e9ca5ff6c0|[RPC][WS][SERVICE]connected nodes,count=0
info|2026-02-06 23:01:30.388513|ioService-0x000071e9da5f76c0|[P2PService][Service][METRIC]heartBeat,connected count=3
info|2026-02-06 23:01:40.387647|timerFactory-0x000071e9ca5ff6c0|[RPC][WS][SERVICE]connected nodes,count=0
info|2026-02-06 23:01:40.389014|ioService-0x000071e9da5f76c0|[P2PService][Service][METRIC]heartBeat,connected count=3
info|2026-02-06 23:01:50.387939|timerFactory-0x000071e9ca5ff6c0|[RPC][WS][SERVICE]connected nodes,count=0
info|2026-02-06 23:01:50.389470|ioService-0x000071e9da5f76c0|[P2PService][Service][METRIC]heartBeat,connected count=3
info|2026-02-06 23:02:00.388090|timerFactory-0x000071e9ca5ff6c0|[RPC][WS][SERVICE]connected nodes,count=0
info|2026-02-06 23:02:00.389633|ioService-0x000071e9da5f76c0|[P2PService][Service][METRIC]heartBeat,connected count=3
info|2026-02-06 23:02:10.388149|timerFactory-0x000071e9ca5ff6c0|[RPC][WS][SERVICE]connected nodes,count=0
info|2026-02-06 23:02:10.389757|ioService-0x000071e9da5f76c0|[P2PService][Service][METRIC]heartBeat,connected count=3
info|2026-02-06 23:02:18.361142|pbft-0x000071e9dcfff6c0|[CONSENSUS][PBFT]handlePrePrepareMsg,reqHash=68ab46d6...,reqIndex=110,reqV=3,fromIdx=1,wait(ms)=0,committedIndex=109,consNum=110,committedHash=035849e8...,view=3,toView=3,changeCycle=0,expectedCheckPoint=110,Idx=0,unsealedTxs=1,sealUntil=0,waitResealUntil=0,consensusTimeout=3000,nodeId=0d6a7f52...,utc=2302542
info|2026-02-06 23:02:18.361235|pbft-0x000071e9dcfff6c0|[TXPOOL]begin asyncVerifyBlock,consNum=110,hash=68ab46d6...
info|2026-02-06 23:02:18.361310|verifier-0x000071e9fa9f76c0|[TXPOOL]batchVerifyProposal,consNum=110,hash=68ab46d6...,txsSize=1,lockT=0,verifyT=0,missedTxs=0
info|2026-02-06 23:02:18.361382|verifier-0x000071e9fa9f76c0|[TXPOOL][METRIC]asyncVerifyBlock finished,consNum=110,hash=68ab46d6...,code=0,msg=success,result=true,timecost=0
info|2026-02-06 23:02:18.361460|verifier-0x000071e9fa9f76c0|[CONSENSUS][PBFT]handlePrePrepareMsg,reqHash=68ab46d6...,reqIndex=110,reqV=3,fromIdx=1,wait(ms)=0,committedIndex=109,consNum=110,committedHash=035849e8...,view=3,toView=3,changeCycle=0,expectedCheckPoint=110,Idx=0,unsealedTxs=1,sealUntil=0,waitResealUntil=0,consensusTimeout=3000,nodeId=0d6a7f52...,utc=2302542
info|2026-02-06 23:02:18.361501|verifier-0x000071e9fa9f76c0|[CONSENSUS][PBFT]addPrePrepareCache,reqHash=68ab46d6...,reqIndex=110,reqV=3,fromIdx=1,wait(ms)=0,sys=false,committedIndex=109,consNum=110,committedHash=035849e8...,view=3,toView=3,changeCycle=0,expectedCheckPoint=110,Idx=0,unsealedTxs=1,sealUntil=0,waitResealUntil=0,consensusTimeout=3000,nodeId=0d6a7f52...
info|2026-02-06 23:02:18.361518|validator-0x000071e9ec9db6c0|[CONSENSUS][PBFT]asyncResetTxsFlag,index=110,hash=68ab46d6...,flag=true
info|2026-02-06 23:02:18.361540|verifier-0x000071e9fa9f76c0|[CONSENSUS][PBFT]notify the committed proposal index to the sync module success,index=110
info|2026-02-06 23:02:18.361561|validator-0x000071e9ec9db6c0|[TXPOOL]batchMarkTxs,txsSize=1,batchId=110,hash=68ab46d6...,sealFlag=true,notFound=0,reSealed=0,succ=1,time=0,markT=0
info|2026-02-06 23:02:18.361623|validator-0x000071e9ec9db6c0|[CONSENSUS][PBFT]asyncMarkTxs success,index=110,hash=68ab46d6...,flag=true,markT=0,emptyTxBatchHash=false
info|2026-02-06 23:02:18.361697|verifier-0x000071e9fa9f76c0|[CONSENSUS][PBFT]addPrepareCache,reqHash=68ab46d6...,reqIndex=110,reqV=3,fromIdx=0,wait(ms)=0,committedIndex=109,consNum=110,committedHash=035849e8...,view=3,toView=3,changeCycle=0,expectedCheckPoint=110,Idx=0,unsealedTxs=0,sealUntil=0,waitResealUntil=0,consensusTimeout=3000,nodeId=0d6a7f52...,weight=1
info|2026-02-06 23:02:18.361852|verifier-0x000071e9fa9f76c0|[CONSENSUS][PBFT]broadcast prepare packet,packetSize=228,index=110
info|2026-02-06 23:02:18.363019|verifier-0x000071e9fa9f76c0|[CONSENSUS][PBFT]handlePrePrepareMsg and broadcast prepare packet,reqHash=68ab46d6...,reqIndex=110,reqV=3,fromIdx=1,wait(ms)=2,committedIndex=109,consNum=110,committedHash=035849e8...,view=3,toView=3,changeCycle=0,expectedCheckPoint=110,Idx=0,unsealedTxs=0,sealUntil=0,waitResealUntil=0,consensusTimeout=3000,nodeId=0d6a7f52...
info|2026-02-06 23:02:18.363161|txsPreStore-0x000071e9f91f46c0|[TXPOOL]storeVerifiedBlock fetch block number from LedgerConfig
info|2026-02-06 23:02:18.363218|pbft-0x000071e9dcfff6c0|[CONSENSUS][PBFT]addPrepareCache,reqHash=68ab46d6...,reqIndex=110,reqV=3,fromIdx=3,wait(ms)=1,committedIndex=109,consNum=110,committedHash=035849e8...,view=3,toView=3,changeCycle=0,expectedCheckPoint=110,Idx=0,unsealedTxs=0,sealUntil=0,waitResealUntil=0,consensusTimeout=3000,nodeId=0d6a7f52...,weight=2
info|2026-02-06 23:02:18.363250|txsPreStore-0x000071e9f91f46c0|[TOOL]LedgerConfigFetcher: fetchBlockNumber success,blockNumber=109
info|2026-02-06 23:02:18.363255|txsPreStore-0x000071e9f91f46c0|[TXPOOL]storeVerifiedBlock,consNum=110,hash=68ab46d6...,txsSize=1
info|2026-02-06 23:02:18.363270|txsPreStore-0x000071e9f91f46c0|[LEDGER]asyncPreStoreBlockTxs: needStoreUnsavedTxs,txsSize=1,unstoredTxs=1,number=110
info|2026-02-06 23:02:18.363579|pbft-0x000071e9dcfff6c0|[CONSENSUS][PBFT]addPrepareCache,reqHash=68ab46d6...,reqIndex=110,reqV=3,fromIdx=1,wait(ms)=0,committedIndex=109,consNum=110,committedHash=035849e8...,view=3,toView=3,changeCycle=0,expectedCheckPoint=110,Idx=0,unsealedTxs=0,sealUntil=0,waitResealUntil=0,consensusTimeout=3000,nodeId=0d6a7f52...,weight=3
info|2026-02-06 23:02:18.363612|pbft-0x000071e9dcfff6c0|[CONSENSUS][PBFT]setSignatureList,signatureSize=3,propHash=68ab46d6...,propIndex=110
info|2026-02-06 23:02:18.363624|pbft-0x000071e9dcfff6c0|[CONSENSUS][PBFT]intoPrecommit,reqHash=68ab46d6...,reqIndex=110,reqV=3,fromIdx=0,wait(ms)=2,committedIndex=109,consNum=110,committedHash=035849e8...,view=3,toView=3,changeCycle=0,expectedCheckPoint=110,Idx=0,unsealedTxs=0,sealUntil=0,waitResealUntil=0,consensusTimeout=3000,nodeId=0d6a7f52...
info|2026-02-06 23:02:18.363662|pbft-0x000071e9dcfff6c0|[CONSENSUS][PBFT]addCommitCache,reqHash=68ab46d6...,reqIndex=110,reqV=3,fromIdx=0,wait(ms)=0,committedIndex=109,consNum=110,committedHash=035849e8...,view=3,toView=3,changeCycle=0,expectedCheckPoint=110,Idx=0,unsealedTxs=0,sealUntil=0,waitResealUntil=0,consensusTimeout=3000,nodeId=0d6a7f52...,weight=1
info|2026-02-06 23:02:18.363667|pbft-0x000071e9dcfff6c0|[CONSENSUS][PBFT]checkAndPreCommit: broadcast commitMsg,Idx=0,hash=68ab46d6...,index=110
info|2026-02-06 23:02:18.363805|pbft-0x000071e9dcfff6c0|[CONSENSUS][PBFT]addPrepareCache,reqHash=68ab46d6...,reqIndex=110,reqV=3,fromIdx=2,wait(ms)=0,committedIndex=109,consNum=110,committedHash=035849e8...,view=3,toView=3,changeCycle=0,expectedCheckPoint=110,Idx=0,unsealedTxs=0,sealUntil=0,waitResealUntil=0,consensusTimeout=3000,nodeId=0d6a7f52...,weight=4
info|2026-02-06 23:02:18.363849|pbft-0x000071e9dcfff6c0|[CONSENSUS][PBFT]addCommitCache,reqHash=68ab46d6...,reqIndex=110,reqV=3,fromIdx=2,wait(ms)=0,committedIndex=109,consNum=110,committedHash=035849e8...,view=3,toView=3,changeCycle=0,expectedCheckPoint=110,Idx=0,unsealedTxs=0,sealUntil=0,waitResealUntil=0,consensusTimeout=3000,nodeId=0d6a7f52...,weight=2
info|2026-02-06 23:02:18.364637|txsPreStore-0x000071e9f91f46c0|[STORAGE-RocksDB]setRows finished,put=1,dataSize=9643,time(ms)=1
info|2026-02-06 23:02:18.364664|txsPreStore-0x000071e9f91f46c0|[LEDGER]asyncPreStoreBlockTxs: store uncommitted txs,blockNumber=110,blockTxsSize=1,unStoredTxs=1,msg=success,code=0,timeCost=1
info|2026-02-06 23:02:18.364679|txsPreStore-0x000071e9f91f46c0|[TXPOOL]storeVerifiedBlock success,consNum=110,hash=68ab46d6...,timecost=1
info|2026-02-06 23:02:18.364699|pbft-0x000071e9dcfff6c0|[CONSENSUS][PBFT]addCommitCache,reqHash=68ab46d6...,reqIndex=110,reqV=3,fromIdx=3,wait(ms)=0,committedIndex=109,consNum=110,committedHash=035849e8...,view=3,toView=3,changeCycle=0,expectedCheckPoint=110,Idx=0,unsealedTxs=0,sealUntil=0,waitResealUntil=0,consensusTimeout=3000,nodeId=0d6a7f52...,weight=3
info|2026-02-06 23:02:18.364715|pbft-0x000071e9dcfff6c0|[CONSENSUS][PBFT]checkAndCommit,propHash=68ab46d6...,propIndex=110,committedIndex=109,consNum=110,committedHash=035849e8...,view=3,toView=3,changeCycle=0,expectedCheckPoint=110,Idx=0,unsealedTxs=0,sealUntil=0,waitResealUntil=0,consensusTimeout=3000,nodeId=0d6a7f52...
info|2026-02-06 23:02:18.364723|pbft-0x000071e9dcfff6c0|[CONSENSUS][PBFT]######## CommitProposal,propHash=68ab46d6...,propIndex=110,sys=false,committedIndex=109,consNum=110,committedHash=035849e8...,view=3,toView=3,changeCycle=0,expectedCheckPoint=110,Idx=0,unsealedTxs=0,sealUntil=0,waitResealUntil=0,consensusTimeout=3000,nodeId=0d6a7f52...
info|2026-02-06 23:02:18.364733|pbft-0x000071e9dcfff6c0|[CONSENSUS][PBFT]notify to seal next proposal,nextProposalIndex=111
info|2026-02-06 23:02:18.364755|pbft-0x000071e9dcfff6c0|[CONSENSUS][PBFT]notify to seal next proposal,nextProposalIndex=111
info|2026-02-06 23:02:18.364759|pbft-0x000071e9dcfff6c0|[CONSENSUS][PBFT]applyStateMachine,index=110,hash=68ab46d6...,committedIndex=109,consNum=110,committedHash=035849e8...,view=3,toView=3,changeCycle=0,expectedCheckPoint=110,Idx=0,unsealedTxs=0,sealUntil=0,waitResealUntil=0,consensusTimeout=3000,nodeId=0d6a7f52...,unAppliedProposals=0
info|2026-02-06 23:02:18.364913|preExeScheduler-0x000071e9aa1fc6c0|[SCHEDULER][METRIC][BlockTrace][blk-110]preExeBlock success,blockHeader.timestamp=1770390138360,metaTxCount=1,timeCost=0
info|2026-02-06 23:02:18.365035|exeScheduler-0x000071e9a99fb6c0|[SCHEDULER][METRIC][blk-110]ExecuteBlock request,gasLimit=3000000000,gasPrice=0x0,verify=false,signatureSize=0,txCount=0,metaTxCount=1,version=3.11.0,waitT=0
info|2026-02-06 23:02:18.365099|exeScheduler-0x000071e9a99fb6c0|[SCHEDULER][blk-110][BlockTrace]ExecuteBlock start,time(ms)=0
info|2026-02-06 23:02:18.365117|exeScheduler-0x000071e9a99fb6c0|[SCHEDULER][serialExecute][blk-110][BlockTrace]serialExecute execute block
info|2026-02-06 23:02:18.365122|exeScheduler-0x000071e9a99fb6c0|[SCHEDULER][serialExecute][blk-110][BlockTrace]serialExecute batch next block
info|2026-02-06 23:02:18.365125|exeScheduler-0x000071e9a99fb6c0|[SCHEDULER][blk-110][BlockTrace]NextBlock request,executorNum=1
info|2026-02-06 23:02:18.365740|exec-0x000071e9f01e26c0|[SCHEDULER][blk-110][BlockTrace]NextBlock success,executorNum=1,timeCost=0
info|2026-02-06 23:02:18.365770|exec-0x000071e9f01e26c0|[SCHEDULER][serialExecute][blk-110][BlockTrace]serialExecute block begin
info|2026-02-06 23:02:18.366353|Unnamed-0x000071e9a71f66c0|[STORAGE-KeyPage]empty table,table=/apps/c66e573b0d7ffec1a94e0dd7c5741c446494735e_accessAuth,key=61646d696e
info|2026-02-06 23:02:18.366603|Unnamed-0x000071e9a71f66c0|[STORAGE-KeyPage]empty table,table=/apps/c66e573b0d7ffec1a94e0dd7c5741c446494735e,key=0000000000000000000000000000000000000000000000000000000000000002
info|2026-02-06 23:02:18.367369|exec-0x000071e9ef1e06c0|[STORAGE-KeyPage]hash,size=29,blockVersion=51052544,readLength=15701,writeLength=324,pageCount=2,entrycount=2,entriesHash=ffcecce01314ad2e183e11aee5c4b1b949bd4bf218d37647291d9164588b2a64,pagesHash=e2eaec4ae26a0c3d1e8ffc6382189aed710122241c5738dee83b3e513e24a41f,totalHash=1d2420aaf17ea11306b1edcd67dc2b5438bc69d604844e99c126af3566af8e7b
info|2026-02-06 23:02:18.367413|exec-0x000071e9ef1e06c0|[EXECUTOR:1770389060][blk-110]GetTableHashes success,hash=1d2420aaf17ea11306b1edcd67dc2b5438bc69d604844e99c126af3566af8e7b,time(ms)=0
info|2026-02-06 23:02:18.367450|exec-0x000071e9ef1e06c0|[SCHEDULER][blk-110][BlockTrace]ExecuteBlock success,hash=e0e3031e...,stateRoot=1d2420aaf17ea11306b1edcd67dc2b5438bc69d604844e99c126af3566af8e7b,receiptRoot=d47bdc753034276fdb8c6275ae2fa0d3b582ed9a081a6e8bffa94255671c423c,txsRoot=d6abc4c7...,gasUsed=122115,signatureSize=0,timeCost=2,blockVersion=51052544
info|2026-02-06 23:02:18.367472|exec-0x000071e9ef1e06c0|[CONSENSUS][Core][METRIC]asyncExecuteBlock success,sysBlock=false,number=110,result=e0e3031e...,txsSize=1,txsRoot=d6abc4c7...,receiptsRoot=d47bdc75...,stateRoot=1d2420aa...,timeCost=3,execPerTx=3
info|2026-02-06 23:02:18.367502|exec-0x000071e9ef1e06c0|[CONSENSUS][PBFT]applyStateMachine finished,index=110,beforeExec=68ab46d6...,afterExec=e0e3031e...,committedIndex=109,consNum=110,committedHash=035849e8...,view=3,toView=3,changeCycle=0,expectedCheckPoint=110,Idx=0,unsealedTxs=0,sealUntil=0,waitResealUntil=0,consensusTimeout=3000,nodeId=0d6a7f52...,timecost=3
info|2026-02-06 23:02:18.367740|pbftWorker-0x000071e9e89d36c0|[CONSENSUS][PBFT][STORAGE]asyncCommitProposal: write the committed proposal into db,index=110
info|2026-02-06 23:02:18.368143|pbftWorker-0x000071e9e89d36c0|[CONSENSUS][PBFT][STORAGE]asyncPutProposal: commit success,dbName=pbftCommitDB,key=max_committed_proposal,number=110,timecost=1,dataSize=3
info|2026-02-06 23:02:18.368207|pbftWorker-0x000071e9e89d36c0|[CONSENSUS][PBFT][STORAGE]asyncPutProposal: commit success,dbName=pbftCommitDB,key=110,number=110,timecost=0,dataSize=635
info|2026-02-06 23:02:18.368430|pbftWorker-0x000071e9e89d36c0|[CONSENSUS][PBFT]addCheckPointMsg,reqHash=e0e3031e...,reqIndex=110,reqV=3,fromIdx=0,wait(ms)=0,Idx=0,weight=1,minRequiredWeight=3
info|2026-02-06 23:02:18.369141|pbftWorker-0x000071e9e89d36c0|[CONSENSUS][PBFT]setCheckPointProposal,propHash=e0e3031e...,propIndex=110,committedIndex=109,consNum=110,committedHash=035849e8...,view=3,toView=3,changeCycle=0,expectedCheckPoint=110,Idx=0,unsealedTxs=0,sealUntil=0,waitResealUntil=0,consensusTimeout=3000,nodeId=0d6a7f52...
info|2026-02-06 23:02:18.369187|pbftWorker-0x000071e9e89d36c0|[CONSENSUS][PBFT]PBFTConfig: setExpectedCheckPoint,committedIndex=109,consNum=110,committedHash=035849e8...,view=3,toView=3,changeCycle=0,expectedCheckPoint=111,Idx=0,unsealedTxs=0,sealUntil=0,waitResealUntil=0,consensusTimeout=3000,nodeId=0d6a7f52...,expectedCheckPoint=111
info|2026-02-06 23:02:18.369198|pbftWorker-0x000071e9e89d36c0|[CONSENSUS][PBFT]notify to seal next proposal,nextProposalIndex=111
info|2026-02-06 23:02:18.369201|pbftWorker-0x000071e9e89d36c0|[CONSENSUS][PBFT]onProposalApplySuccess,index=110,hash=e0e3031e...,lockT=0,timecost=1
info|2026-02-06 23:02:18.369568|pbft-0x000071e9dcfff6c0|[CONSENSUS][PBFT]handleCheckPointMsg: try to add the checkpoint message into the cache,reqHash=e0e3031e...,reqIndex=110,reqV=3,fromIdx=2,wait(ms)=1,committedIndex=109,consNum=110,committedHash=035849e8...,view=3,toView=3,changeCycle=0,expectedCheckPoint=111,Idx=0,unsealedTxs=0,sealUntil=0,waitResealUntil=0,consensusTimeout=3000,nodeId=0d6a7f52...
info|2026-02-06 23:02:18.369603|pbft-0x000071e9dcfff6c0|[CONSENSUS][PBFT]addCheckPointMsg,reqHash=e0e3031e...,reqIndex=110,reqV=3,fromIdx=2,wait(ms)=1,Idx=0,weight=2,minRequiredWeight=3
info|2026-02-06 23:02:18.369611|pbft-0x000071e9dcfff6c0|[CONSENSUS][PBFT]notify to seal next proposal,nextProposalIndex=111
info|2026-02-06 23:02:18.369697|pbft-0x000071e9dcfff6c0|[CONSENSUS][PBFT]handleCheckPointMsg: try to add the checkpoint message into the cache,reqHash=e0e3031e...,reqIndex=110,reqV=3,fromIdx=3,wait(ms)=0,committedIndex=109,consNum=110,committedHash=035849e8...,view=3,toView=3,changeCycle=0,expectedCheckPoint=111,Idx=0,unsealedTxs=0,sealUntil=0,waitResealUntil=0,consensusTimeout=3000,nodeId=0d6a7f52...
info|2026-02-06 23:02:18.369707|pbft-0x000071e9dcfff6c0|[CONSENSUS][PBFT]addCheckPointMsg,reqHash=e0e3031e...,reqIndex=110,reqV=3,fromIdx=3,wait(ms)=0,Idx=0,weight=3,minRequiredWeight=3
info|2026-02-06 23:02:18.369710|pbft-0x000071e9dcfff6c0|[CONSENSUS][PBFT]notify to seal next proposal,nextProposalIndex=111
info|2026-02-06 23:02:18.369714|pbft-0x000071e9dcfff6c0|[CONSENSUS][PBFT]setSignatureList,signatureSize=3,propHash=e0e3031e...,propIndex=110
info|2026-02-06 23:02:18.369719|pbft-0x000071e9dcfff6c0|[CONSENSUS][PBFT]checkAndCommitStableCheckPoint,index=110,hash=e0e3031e...,committedIndex=109,consNum=110,committedHash=035849e8...,view=3,toView=3,changeCycle=0,expectedCheckPoint=111,Idx=0,unsealedTxs=0,sealUntil=0,waitResealUntil=0,consensusTimeout=3000,nodeId=0d6a7f52...
info|2026-02-06 23:02:18.369724|pbft-0x000071e9dcfff6c0|[CONSENSUS][PBFT]updateStableCheckPointQueue: insert new checkpoint proposal,index=110,hash=e0e3031e...,committedIndex=109,consNum=110,committedHash=035849e8...,view=3,toView=3,changeCycle=0,expectedCheckPoint=111,Idx=0,unsealedTxs=0,sealUntil=0,waitResealUntil=0,consensusTimeout=3000,nodeId=0d6a7f52...
info|2026-02-06 23:02:18.369733|pbft-0x000071e9dcfff6c0|[CONSENSUS][PBFT]updateStableCheckPointQueue: commit stable checkpoint,index=110,committedIndex=109
info|2026-02-06 23:02:18.369743|pbft-0x000071e9dcfff6c0|[CONSENSUS][PBFT]asyncCommitStableCheckPoint: set signatureList,index=110,hash=e0e3031e...,proofSize=3,blockProofSize=3
info|2026-02-06 23:02:18.369798|blockSubmit-0x000071e9eb9d96c0|[SCHEDULER][blk-110][BlockTrace]CommitBlock start
info|2026-02-06 23:02:18.370078|blockSubmit-0x000071e9eb9d96c0|[STORAGE-RocksDB]asyncPrepare,number=110
info|2026-02-06 23:02:18.370095|blockSubmit-0x000071e9eb9d96c0|[STORAGE-RocksDB]asyncPrepare finished,blockNumber=110,put=7,delete=0,startTS=0,encode(ms)=0,time(ms)=0
info|2026-02-06 23:02:18.370107|blockSubmit-0x000071e9eb9d96c0|[LEDGER]storeTransactionsAndReceipts,blockNumber=110
info|2026-02-06 23:02:18.370249|exec-0x000071e9ee9df6c0|[STORAGE-RocksDB]asyncPrepare,number=110
info|2026-02-06 23:02:18.370421|ledgerWrite-0x000071ea021fe6c0|[STORAGE-RocksDB]setRows finished,put=1,dataSize=140,time(ms)=0
info|2026-02-06 23:02:18.370600|exec-0x000071e9ee9df6c0|[STORAGE-KeyPage]parallelTraverse,size=415
info|2026-02-06 23:02:18.370629|exec-0x000071e9ee9df6c0|[STORAGE-RocksDB]asyncPrepare finished,blockNumber=110,put=6,delete=2,startTS=0,encode(ms)=0,time(ms)=0
info|2026-02-06 23:02:18.370634|exec-0x000071e9ee9df6c0|[EXECUTOR:1770389060][blk-110]Prepare success
info|2026-02-06 23:02:18.370668|blockSubmit-0x000071e9eb9d96c0|[LEDGER]storeTransactionsAndReceipts finished,blockNumber=110,blockTxsSize=1,unStoredTxs=0,timeCost=0
info|2026-02-06 23:02:18.370745|blockSubmit-0x000071e9eb9d96c0|[STORAGE-RocksDB]asyncCommit finished,blockNumber=110,startTS=0,time(ms)=0,callback time(ms)=0,count=15
info|2026-02-06 23:02:18.370766|blockSubmit-0x000071e9eb9d96c0|[LEDGER][METRIC]asyncPrewriteBlock,number=110,totalTxs=134,failedTxs=44,incTxs=1,incFailedTxs=0
info|2026-02-06 23:02:18.370839|exec-0x000071e9ee1de6c0|[TOOL]fetchCompatibilityVersion
info|2026-02-06 23:02:18.371025|exec-0x000071e9ee1de6c0|[TOOL]fetchCompatibilityVersion success,version=3.11.0,versionNumber=51052544,minSupportedVersion=3.0.0-rc4,maxSupportedVersion=3.11.0
info|2026-02-06 23:02:18.371079|exec-0x000071e9ee1de6c0|[TOOL]fetchAuthCheckStatus success,value=0
info|2026-02-06 23:02:18.371086|exec-0x000071e9ee1de6c0|[EXECUTOR:1770389060]merge keyPage to cachedStorage,number=110
info|2026-02-06 23:02:18.371215|exec-0x000071e9ee1de6c0|[STORAGE-KeyPage]parallelTraverse,size=415
info|2026-02-06 23:02:18.371230|exec-0x000071e9ee1de6c0|[STORAGE]Successful merged records,count=8
info|2026-02-06 23:02:18.373701|pbft-0x000071e9dcfff6c0|[CONSENSUS][PBFT]handleCheckPointMsg: try to add the checkpoint message into the cache,reqHash=e0e3031e...,reqIndex=110,reqV=3,fromIdx=1,wait(ms)=2,committedIndex=109,consNum=110,committedHash=035849e8...,view=3,toView=3,changeCycle=0,expectedCheckPoint=111,Idx=0,unsealedTxs=0,sealUntil=0,waitResealUntil=0,consensusTimeout=3000,nodeId=0d6a7f52...
info|2026-02-06 23:02:18.373727|pbft-0x000071e9dcfff6c0|[CONSENSUS][PBFT]addCheckPointMsg,reqHash=e0e3031e...,reqIndex=110,reqV=3,fromIdx=1,wait(ms)=2,Idx=0,weight=4,minRequiredWeight=3
info|2026-02-06 23:02:18.373733|pbft-0x000071e9dcfff6c0|[CONSENSUS][PBFT]notify to seal next proposal,nextProposalIndex=111
info|2026-02-06 23:02:18.375536|exec-0x000071e9ee1de6c0|[SCHEDULER][blk-110][BlockTrace]CommitBlock success,gas limit=3000000000,timeCost=6
info|2026-02-06 23:02:18.375627|exec-0x000071e9ee1de6c0|[SCHEDULER][BlockTrace]Notify block result success,blockNumber=110
info|2026-02-06 23:02:18.375634|exec-0x000071e9ee1de6c0|[CONSENSUS][PBFT][STORAGE][METRIC]commitStableCheckPoint success,index=110,hash=e0e3031e...,txs=1,timeCost=6,commitPerTx=6
info|2026-02-06 23:02:18.375669|exec-0x000071e9ee1de6c0|[SCHEDULER][blk-110]notify block result success,hash=e0e3031e...,txsSize=1
info|2026-02-06 23:02:18.375714|submitter-0x000071e9fd1fc6c0|[TXPOOL][METRIC]StatTPS,tps=55,totalTime=18
info|2026-02-06 23:02:18.375771|blockSubmit-0x000071e9eb9d96c0|[CONSENSUS][PBFT][METRIC]resetConfig,committedIndex=110,propHash=e0e3031e...,blockCountLimit=1000,leaderPeriod=1,consensusNodesSize=4
info|2026-02-06 23:02:18.375806|exec-0x000071e9ee1de6c0|[STORAGE-RocksDB]asyncCommit finished,blockNumber=110,startTS=0,time(ms)=0,callback time(ms)=6,count=0
info|2026-02-06 23:02:18.375857|blockSubmit-0x000071e9eb9d96c0|[CONSENSUS][PBFT][METRIC]^^^^^^^^Report,sealer=1,txs=1,committedIndex=110,consNum=111,committedHash=e0e3031e...,view=3,toView=3,changeCycle=0,expectedCheckPoint=111,Idx=0,unsealedTxs=0,sealUntil=0,waitResealUntil=0,consensusTimeout=3000,nodeId=0d6a7f52...
info|2026-02-06 23:02:18.375889|blockSubmit-0x000071e9eb9d96c0|[CONSENSUS][SEALER]asyncNoteLatestBlockNumber,number=110
info|2026-02-06 23:02:18.375893|blockSubmit-0x000071e9eb9d96c0|[CONSENSUS][SEALER]asyncNoteLatestBlockHash,_hash=e0e3031e...
info|2026-02-06 23:02:18.375909|blockSubmit-0x000071e9eb9d96c0|[BLOCK SYNC]#### BlockSyncConfig resetConfig,number=110,consNodeSize=4,observerNodeSize=0,type=CONSENSUS_NODE
info|2026-02-06 23:02:18.375927|submitter-0x000071e9fd1fc6c0|[TXPOOL][METRIC]batchRemove txs success,expectedSize=1,succCount=1,batchId=110,timecost=0,lockT=0,removeT=0,updateLedgerNonceT=0,updateTxPoolNonceT=0
info|2026-02-06 23:02:18.376193|blockSubmit-0x000071e9eb9d96c0|[CONSENSUS][PBFT]notify to seal next proposal,nextProposalIndex=111
info|2026-02-06 23:02:18.376265|blockSubmit-0x000071e9eb9d96c0|[CONSENSUS][PBFT]removeConsensusedCache finalizeConsensus,view=3,number=110,eraseSize=1,cacheSize=0
info|2026-02-06 23:02:18.376321|blockSubmit-0x000071e9eb9d96c0|[CONSENSUS][PBFT][STORAGE]asyncRemoveStabledCheckPoint,index=105
info|2026-02-06 23:02:18.376366|blockSubmit-0x000071e9eb9d96c0|[CONSENSUS][PBFT][STORAGE]asyncRemove success,dbName=pbftCommitDB,key=105
info|2026-02-06 23:02:20.339355|objMonitor-0x000071e9b95ff6c0|[startMonitor][AliveObjectMonitor],AliveObjectAllocStat=[ type: bcos::gateway::Socket ,created: 9 ,destroyed: 5 ,alive: 4 ] 
info|2026-02-06 23:02:20.388208|timerFactory-0x000071e9ca5ff6c0|[RPC][WS][SERVICE]connected nodes,count=0
info|2026-02-06 23:02:20.389849|ioService-0x000071e9da5f76c0|[P2PService][Service][METRIC]heartBeat,connected count=3
info|2026-02-06 23:02:21.532816|pbft-0x000071e9dcfff6c0|[CONSENSUS][PBFT]addPrepareCache,reqHash=cde45ae5...,reqIndex=111,reqV=3,fromIdx=3,wait(ms)=0,committedIndex=110,consNum=111,committedHash=e0e3031e...,view=3,toView=3,changeCycle=0,expectedCheckPoint=111,Idx=0,unsealedTxs=1,sealUntil=0,waitResealUntil=0,consensusTimeout=3000,nodeId=0d6a7f52...,weight=1
info|2026-02-06 23:02:21.534268|pbft-0x000071e9dcfff6c0|[CONSENSUS][PBFT]addCommitCache,reqHash=cde45ae5...,reqIndex=111,reqV=3,fromIdx=3,wait(ms)=2,committedIndex=110,consNum=111,committedHash=e0e3031e...,view=3,toView=3,changeCycle=0,expectedCheckPoint=111,Idx=0,unsealedTxs=1,sealUntil=0,waitResealUntil=0,consensusTimeout=3000,nodeId=0d6a7f52...,weight=1
info|2026-02-06 23:02:21.534536|pbft-0x000071e9dcfff6c0|[CONSENSUS][PBFT]handleCheckPointMsg: try to add the checkpoint message into the cache,reqHash=dcc99fc6...,reqIndex=111,reqV=3,fromIdx=3,wait(ms)=2,committedIndex=110,consNum=111,committedHash=e0e3031e...,view=3,toView=3,changeCycle=0,expectedCheckPoint=111,Idx=0,unsealedTxs=1,sealUntil=0,waitResealUntil=0,consensusTimeout=3000,nodeId=0d6a7f52...
info|2026-02-06 23:02:21.534610|pbft-0x000071e9dcfff6c0|[CONSENSUS][PBFT]addCheckPointMsg,reqHash=dcc99fc6...,reqIndex=111,reqV=3,fromIdx=3,wait(ms)=2,Idx=0,weight=1,minRequiredWeight=3
info|2026-02-06 23:02:21.534625|pbft-0x000071e9dcfff6c0|[CONSENSUS][PBFT]notify to seal next proposal,nextProposalIndex=111
info|2026-02-06 23:02:21.534793|pbft-0x000071e9dcfff6c0|[CONSENSUS][PBFT]addPrepareCache,reqHash=cde45ae5...,reqIndex=111,reqV=3,fromIdx=2,wait(ms)=2,committedIndex=110,consNum=111,committedHash=e0e3031e...,view=3,toView=3,changeCycle=0,expectedCheckPoint=111,Idx=0,unsealedTxs=1,sealUntil=0,waitResealUntil=0,consensusTimeout=3000,nodeId=0d6a7f52...,weight=2
info|2026-02-06 23:02:21.534887|pbft-0x000071e9dcfff6c0|[CONSENSUS][PBFT]handlePrePrepareMsg,reqHash=cde45ae5...,reqIndex=111,reqV=3,fromIdx=2,wait(ms)=2,committedIndex=110,consNum=111,committedHash=e0e3031e...,view=3,toView=3,changeCycle=0,expectedCheckPoint=111,Idx=0,unsealedTxs=1,sealUntil=0,waitResealUntil=0,consensusTimeout=3000,nodeId=0d6a7f52...,utc=2305716
info|2026-02-06 23:02:21.535020|pbft-0x000071e9dcfff6c0|[TXPOOL]begin asyncVerifyBlock,consNum=111,hash=cde45ae5...
info|2026-02-06 23:02:21.535156|pbft-0x000071e9dcfff6c0|[CONSENSUS][PBFT]addCommitCache,reqHash=cde45ae5...,reqIndex=111,reqV=3,fromIdx=2,wait(ms)=3,committedIndex=110,consNum=111,committedHash=e0e3031e...,view=3,toView=3,changeCycle=0,expectedCheckPoint=111,Idx=0,unsealedTxs=1,sealUntil=0,waitResealUntil=0,consensusTimeout=3000,nodeId=0d6a7f52...,weight=2
info|2026-02-06 23:02:21.535203|verifier-0x000071e9fa1f66c0|[TXPOOL]batchVerifyProposal,consNum=111,hash=cde45ae5...,txsSize=1,lockT=0,verifyT=0,missedTxs=0
info|2026-02-06 23:02:21.535251|verifier-0x000071e9fa1f66c0|[TXPOOL][METRIC]asyncVerifyBlock finished,consNum=111,hash=cde45ae5...,code=0,msg=success,result=true,timecost=0
info|2026-02-06 23:02:21.535324|pbft-0x000071e9dcfff6c0|[CONSENSUS][PBFT]addPrepareCache,reqHash=cde45ae5...,reqIndex=111,reqV=3,fromIdx=1,wait(ms)=3,committedIndex=110,consNum=111,committedHash=e0e3031e...,view=3,toView=3,changeCycle=0,expectedCheckPoint=111,Idx=0,unsealedTxs=1,sealUntil=0,waitResealUntil=0,consensusTimeout=3000,nodeId=0d6a7f52...,weight=3
info|2026-02-06 23:02:21.535429|validator-0x000071e9ed1dc6c0|[CONSENSUS][PBFT]asyncResetTxsFlag,index=111,hash=cde45ae5...,flag=true
info|2026-02-06 23:02:21.535504|pbft-0x000071e9dcfff6c0|[CONSENSUS][PBFT]handleCheckPointMsg: try to add the checkpoint message into the cache,reqHash=dcc99fc6...,reqIndex=111,reqV=3,fromIdx=2,wait(ms)=3,committedIndex=110,consNum=111,committedHash=e0e3031e...,view=3,toView=3,changeCycle=0,expectedCheckPoint=111,Idx=0,unsealedTxs=1,sealUntil=0,waitResealUntil=0,consensusTimeout=3000,nodeId=0d6a7f52...
info|2026-02-06 23:02:21.535522|pbft-0x000071e9dcfff6c0|[CONSENSUS][PBFT]addCheckPointMsg,reqHash=dcc99fc6...,reqIndex=111,reqV=3,fromIdx=2,wait(ms)=3,Idx=0,weight=2,minRequiredWeight=3
info|2026-02-06 23:02:21.535529|pbft-0x000071e9dcfff6c0|[CONSENSUS][PBFT]notify to seal next proposal,nextProposalIndex=111
info|2026-02-06 23:02:21.535537|pbft-0x000071e9dcfff6c0|[CONSENSUS][PBFT]request checkPoint proposal,checkPointIndex=111,checkPointHash=dcc99fc6...,committedIndex=110,consNum=111,committedHash=e0e3031e...,view=3,toView=3,changeCycle=0,expectedCheckPoint=111,Idx=0,unsealedTxs=1,sealUntil=0,waitResealUntil=0,consensusTimeout=3000,nodeId=0d6a7f52...
info|2026-02-06 23:02:21.535612|validator-0x000071e9ed1dc6c0|[TXPOOL]batchMarkTxs,txsSize=1,batchId=111,hash=cde45ae5...,sealFlag=true,notFound=0,reSealed=0,succ=1,time=0,markT=0
info|2026-02-06 23:02:21.535661|validator-0x000071e9ed1dc6c0|[CONSENSUS][PBFT]asyncMarkTxs success,index=111,hash=cde45ae5...,flag=true,markT=0,emptyTxBatchHash=false
info|2026-02-06 23:02:21.535753|pbft-0x000071e9dcfff6c0|[CONSENSUS][PBFT]handleCheckPointMsg: try to add the checkpoint message into the cache,reqHash=dcc99fc6...,reqIndex=111,reqV=3,fromIdx=1,wait(ms)=3,committedIndex=110,consNum=111,committedHash=e0e3031e...,view=3,toView=3,changeCycle=0,expectedCheckPoint=111,Idx=0,unsealedTxs=0,sealUntil=0,waitResealUntil=0,consensusTimeout=3000,nodeId=0d6a7f52...
info|2026-02-06 23:02:21.535788|pbft-0x000071e9dcfff6c0|[CONSENSUS][PBFT]addCheckPointMsg,reqHash=dcc99fc6...,reqIndex=111,reqV=3,fromIdx=1,wait(ms)=3,Idx=0,weight=3,minRequiredWeight=3
info|2026-02-06 23:02:21.535799|pbft-0x000071e9dcfff6c0|[CONSENSUS][PBFT]notify to seal next proposal,nextProposalIndex=111
info|2026-02-06 23:02:21.535927|verifier-0x000071e9fa1f66c0|[CONSENSUS][PBFT]handlePrePrepareMsg,reqHash=cde45ae5...,reqIndex=111,reqV=3,fromIdx=2,wait(ms)=3,committedIndex=110,consNum=111,committedHash=e0e3031e...,view=3,toView=3,changeCycle=0,expectedCheckPoint=111,Idx=0,unsealedTxs=0,sealUntil=0,waitResealUntil=0,consensusTimeout=3000,nodeId=0d6a7f52...,utc=2305717
info|2026-02-06 23:02:21.536038|verifier-0x000071e9fa1f66c0|[CONSENSUS][PBFT]handlePrePrepareMsg checkPrePrepareMsg failed,reqHash=cde45ae5...,reqIndex=111,reqV=3,fromIdx=2,wait(ms)=4,committedIndex=110,consNum=111,committedHash=e0e3031e...,view=3,toView=3,changeCycle=0,expectedCheckPoint=111,Idx=0,unsealedTxs=0,sealUntil=0,waitResealUntil=0,consensusTimeout=3000,nodeId=0d6a7f52...,utc=2305717
info|2026-02-06 23:02:21.536077|pbftLogSync-0x000071e9e81d26c0|[CONSENSUS][PBFT]request the missed precommit proposal,peer=2346c69c...,index=111,hash=00000000...
info|2026-02-06 23:02:21.536414|txsPreStore-0x000071e9f91f46c0|[TXPOOL]storeVerifiedBlock fetch block number from LedgerConfig
info|2026-02-06 23:02:21.536520|txsPreStore-0x000071e9f91f46c0|[TOOL]LedgerConfigFetcher: fetchBlockNumber success,blockNumber=110
info|2026-02-06 23:02:21.536553|txsPreStore-0x000071e9f91f46c0|[TXPOOL]storeVerifiedBlock,consNum=111,hash=cde45ae5...,txsSize=1
info|2026-02-06 23:02:21.536576|txsPreStore-0x000071e9f91f46c0|[LEDGER]asyncPreStoreBlockTxs: needStoreUnsavedTxs,txsSize=1,unstoredTxs=1,number=111
info|2026-02-06 23:02:21.536713|txsPreStore-0x000071e9f91f46c0|[STORAGE-RocksDB]setRows finished,put=1,dataSize=10904,time(ms)=0
info|2026-02-06 23:02:21.536746|txsPreStore-0x000071e9f91f46c0|[LEDGER]asyncPreStoreBlockTxs: store uncommitted txs,blockNumber=111,blockTxsSize=1,unStoredTxs=1,msg=success,code=0,timeCost=0
info|2026-02-06 23:02:21.536755|txsPreStore-0x000071e9f91f46c0|[TXPOOL]storeVerifiedBlock success,consNum=111,hash=cde45ae5...,timecost=0
info|2026-02-06 23:02:21.619774|fisco-bcos-0x000071e99dae36c0|[TXPOOL]begin asyncVerifyBlock,consNum=111,hash=cde45ae5...
info|2026-02-06 23:02:21.619853|validator-0x000071e9ec9db6c0|[CONSENSUS][PBFT]asyncResetTxsFlag,index=111,hash=cde45ae5...,flag=true
info|2026-02-06 23:02:21.619895|fisco-bcos-0x000071e99dae36c0|[CONSENSUS][PBFT]onRecvCommittedProposalsResponse,from=2346c69c...,proposalSize=1
info|2026-02-06 23:02:21.619901|validator-0x000071e9ec9db6c0|[TXPOOL]batchMarkTxs,txsSize=1,batchId=111,hash=cde45ae5...,sealFlag=true,notFound=0,reSealed=0,succ=1,time=0,markT=0
info|2026-02-06 23:02:21.619932|validator-0x000071e9ec9db6c0|[CONSENSUS][PBFT]asyncMarkTxs success,index=111,hash=cde45ae5...,flag=true,markT=0,emptyTxBatchHash=false
info|2026-02-06 23:02:21.619985|verifier-0x000071e9fa9f76c0|[TXPOOL]batchVerifyProposal,consNum=111,hash=cde45ae5...,txsSize=1,lockT=0,verifyT=1,missedTxs=0
info|2026-02-06 23:02:21.620015|verifier-0x000071e9fa9f76c0|[TXPOOL][METRIC]asyncVerifyBlock finished,consNum=111,hash=cde45ae5...,code=0,msg=success,result=true,timecost=1
info|2026-02-06 23:02:21.620026|verifier-0x000071e9fa9f76c0|[CONSENSUS][PBFT]loadAndVerifyProposal success,from=2346c69c...,propHash=cde45ae5...,propIndex=111
info|2026-02-06 23:02:21.620043|verifier-0x000071e9fa9f76c0|[CONSENSUS][PBFT]notify the committed proposal index to the sync module success,index=111
info|2026-02-06 23:02:21.620061|verifier-0x000071e9fa9f76c0|[CONSENSUS][PBFT]######## CommitProposal,propHash=cde45ae5...,propIndex=111,sys=false,committedIndex=110,consNum=111,committedHash=e0e3031e...,view=3,toView=3,changeCycle=0,expectedCheckPoint=111,Idx=0,unsealedTxs=0,sealUntil=0,waitResealUntil=0,consensusTimeout=3000,nodeId=0d6a7f52...
info|2026-02-06 23:02:21.620086|verifier-0x000071e9fa9f76c0|[CONSENSUS][PBFT]notify to seal next proposal,nextProposalIndex=112
info|2026-02-06 23:02:21.620195|verifier-0x000071e9fa9f76c0|[CONSENSUS][PBFT]notify to seal next proposal,nextProposalIndex=112
info|2026-02-06 23:02:21.620231|verifier-0x000071e9fa9f76c0|[CONSENSUS][PBFT]applyStateMachine,index=111,hash=cde45ae5...,committedIndex=110,consNum=111,committedHash=e0e3031e...,view=3,toView=3,changeCycle=0,expectedCheckPoint=111,Idx=0,unsealedTxs=0,sealUntil=0,waitResealUntil=0,consensusTimeout=3000,nodeId=0d6a7f52...,unAppliedProposals=0
info|2026-02-06 23:02:21.620283|verifier-0x000071e9fa9f76c0|[CONSENSUS][PBFT]setPrecommitCache,reqHash=cde45ae5...,reqIndex=111,reqV=0,fromIdx=0,wait(ms)=0
info|2026-02-06 23:02:21.620438|txsPreStore-0x000071e9f91f46c0|[TXPOOL]storeVerifiedBlock fetch block number from LedgerConfig
info|2026-02-06 23:02:21.620499|exeScheduler-0x000071e9a99fb6c0|[SCHEDULER][METRIC][blk-111]ExecuteBlock request,gasLimit=3000000000,gasPrice=0x0,verify=false,signatureSize=0,txCount=0,metaTxCount=1,version=3.11.0,waitT=0
info|2026-02-06 23:02:21.620568|preExeScheduler-0x000071e9aa9fd6c0|[SCHEDULER][METRIC][BlockTrace][blk-111]preExeBlock success,blockHeader.timestamp=1770390141495,metaTxCount=1,timeCost=0
info|2026-02-06 23:02:21.620594|txsPreStore-0x000071e9f91f46c0|[TOOL]LedgerConfigFetcher: fetchBlockNumber success,blockNumber=110
info|2026-02-06 23:02:21.620618|txsPreStore-0x000071e9f91f46c0|[TXPOOL]storeVerifiedBlock,consNum=111,hash=cde45ae5...,txsSize=1
info|2026-02-06 23:02:21.620640|txsPreStore-0x000071e9f91f46c0|[LEDGER]asyncPreStoreBlockTxs: needStoreUnsavedTxs,txsSize=1,unstoredTxs=0,number=111
info|2026-02-06 23:02:21.620654|txsPreStore-0x000071e9f91f46c0|[TXPOOL]storeVerifiedBlock success,consNum=111,hash=cde45ae5...,timecost=0
info|2026-02-06 23:02:21.620791|exeScheduler-0x000071e9a99fb6c0|[SCHEDULER][blk-111][BlockTrace]ExecuteBlock start,time(ms)=0
info|2026-02-06 23:02:21.620840|exeScheduler-0x000071e9a99fb6c0|[SCHEDULER][serialExecute][blk-111][BlockTrace]serialExecute execute block
info|2026-02-06 23:02:21.620854|exeScheduler-0x000071e9a99fb6c0|[SCHEDULER][serialExecute][blk-111][BlockTrace]serialExecute batch next block
info|2026-02-06 23:02:21.620861|exeScheduler-0x000071e9a99fb6c0|[SCHEDULER][blk-111][BlockTrace]NextBlock request,executorNum=1
info|2026-02-06 23:02:21.621587|exec-0x000071e9f71f06c0|[SCHEDULER][blk-111][BlockTrace]NextBlock success,executorNum=1,timeCost=1
info|2026-02-06 23:02:21.621648|exec-0x000071e9f71f06c0|[SCHEDULER][serialExecute][blk-111][BlockTrace]serialExecute block begin
info|2026-02-06 23:02:21.622604|Unnamed-0x000071e9a79f76c0|[STORAGE-KeyPage]empty table,table=/apps/a12817e1030e14aefa12bc42f3ff5d2a0df0ed6b_accessAuth,key=61646d696e
info|2026-02-06 23:02:21.622958|Unnamed-0x000071e9a79f76c0|[STORAGE-KeyPage]empty table,table=/apps/a12817e1030e14aefa12bc42f3ff5d2a0df0ed6b,key=0000000000000000000000000000000000000000000000000000000000000004
info|2026-02-06 23:02:21.623345|exec-0x000071e9f69ef6c0|[STORAGE-KeyPage]hash,size=29,blockVersion=51052544,readLength=18342,writeLength=452,pageCount=2,entrycount=2,entriesHash=eb98e7c690f2ea570ac0fc7f059fd720285ff8e32d1cf6a66c8bda1eb1f60769,pagesHash=6e93d0631212e51dc65624a561c87137d704b101b519c8c451bab6b36c0343d7,totalHash=850b37a582e00f4acc96d8da6457a617ff5b49e298053e623d316cadddf544be
info|2026-02-06 23:02:21.623398|exec-0x000071e9f69ef6c0|[EXECUTOR:1770389060][blk-111]GetTableHashes success,hash=850b37a582e00f4acc96d8da6457a617ff5b49e298053e623d316cadddf544be,time(ms)=0
info|2026-02-06 23:02:21.623479|exec-0x000071e9f69ef6c0|[SCHEDULER][blk-111][BlockTrace]ExecuteBlock success,hash=dcc99fc6...,stateRoot=850b37a582e00f4acc96d8da6457a617ff5b49e298053e623d316cadddf544be,receiptRoot=38bebdbca375efb1e8be9b93c6133d74914ff78d3db0b8636a742d6eea03acb8,txsRoot=6697c612...,gasUsed=128597,signatureSize=0,timeCost=3,blockVersion=51052544
info|2026-02-06 23:02:21.623512|exec-0x000071e9f69ef6c0|[CONSENSUS][Core][METRIC]asyncExecuteBlock success,sysBlock=false,number=111,result=dcc99fc6...,txsSize=1,txsRoot=6697c612...,receiptsRoot=38bebdbc...,stateRoot=850b37a5...,timeCost=3,execPerTx=3
info|2026-02-06 23:02:21.623572|exec-0x000071e9f69ef6c0|[CONSENSUS][PBFT]applyStateMachine finished,index=111,beforeExec=cde45ae5...,afterExec=dcc99fc6...,committedIndex=110,consNum=111,committedHash=e0e3031e...,view=3,toView=3,changeCycle=0,expectedCheckPoint=111,Idx=0,unsealedTxs=0,sealUntil=0,waitResealUntil=0,consensusTimeout=3000,nodeId=0d6a7f52...,timecost=3
info|2026-02-06 23:02:21.623742|pbftWorker-0x000071e9ea1d66c0|[CONSENSUS][PBFT][STORAGE]asyncCommitProposal: write the committed proposal into db,index=111
info|2026-02-06 23:02:21.623918|pbftWorker-0x000071e9ea1d66c0|[CONSENSUS][PBFT][STORAGE]asyncPutProposal: commit success,dbName=pbftCommitDB,key=max_committed_proposal,number=111,timecost=0,dataSize=3
info|2026-02-06 23:02:21.623993|pbftWorker-0x000071e9ea1d66c0|[CONSENSUS][PBFT][STORAGE]asyncPutProposal: commit success,dbName=pbftCommitDB,key=111,number=111,timecost=1,dataSize=635
info|2026-02-06 23:02:21.624418|pbftWorker-0x000071e9ea1d66c0|[CONSENSUS][PBFT]addCheckPointMsg,reqHash=dcc99fc6...,reqIndex=111,reqV=3,fromIdx=0,wait(ms)=0,Idx=0,weight=4,minRequiredWeight=3
info|2026-02-06 23:02:21.624465|pbftWorker-0x000071e9ea1d66c0|[CONSENSUS][PBFT]setCheckPointProposal,propHash=dcc99fc6...,propIndex=111,committedIndex=110,consNum=111,committedHash=e0e3031e...,view=3,toView=3,changeCycle=0,expectedCheckPoint=111,Idx=0,unsealedTxs=0,sealUntil=0,waitResealUntil=0,consensusTimeout=3000,nodeId=0d6a7f52...
info|2026-02-06 23:02:21.624484|pbftWorker-0x000071e9ea1d66c0|[CONSENSUS][PBFT]PBFTConfig: setExpectedCheckPoint,committedIndex=110,consNum=111,committedHash=e0e3031e...,view=3,toView=3,changeCycle=0,expectedCheckPoint=112,Idx=0,unsealedTxs=0,sealUntil=0,waitResealUntil=0,consensusTimeout=3000,nodeId=0d6a7f52...,expectedCheckPoint=112
info|2026-02-06 23:02:21.624504|pbftWorker-0x000071e9ea1d66c0|[CONSENSUS][PBFT]setSignatureList,signatureSize=4,propHash=dcc99fc6...,propIndex=111
info|2026-02-06 23:02:21.624537|pbftWorker-0x000071e9ea1d66c0|[CONSENSUS][PBFT]checkAndCommitStableCheckPoint,index=111,hash=dcc99fc6...,committedIndex=110,consNum=111,committedHash=e0e3031e...,view=3,toView=3,changeCycle=0,expectedCheckPoint=112,Idx=0,unsealedTxs=0,sealUntil=0,waitResealUntil=0,consensusTimeout=3000,nodeId=0d6a7f52...
info|2026-02-06 23:02:21.624560|pbftWorker-0x000071e9ea1d66c0|[CONSENSUS][PBFT]updateStableCheckPointQueue: insert new checkpoint proposal,index=111,hash=dcc99fc6...,committedIndex=110,consNum=111,committedHash=e0e3031e...,view=3,toView=3,changeCycle=0,expectedCheckPoint=112,Idx=0,unsealedTxs=0,sealUntil=0,waitResealUntil=0,consensusTimeout=3000,nodeId=0d6a7f52...
info|2026-02-06 23:02:21.624600|pbftWorker-0x000071e9ea1d66c0|[CONSENSUS][PBFT]updateStableCheckPointQueue: commit stable checkpoint,index=111,committedIndex=110
info|2026-02-06 23:02:21.624625|pbftWorker-0x000071e9ea1d66c0|[CONSENSUS][PBFT]asyncCommitStableCheckPoint: set signatureList,index=111,hash=dcc99fc6...,proofSize=4,blockProofSize=4
info|2026-02-06 23:02:21.624663|pbftWorker-0x000071e9ea1d66c0|[CONSENSUS][PBFT]notify to seal next proposal,nextProposalIndex=112
info|2026-02-06 23:02:21.624705|pbftWorker-0x000071e9ea1d66c0|[CONSENSUS][PBFT]onProposalApplySuccess,index=111,hash=dcc99fc6...,lockT=0,timecost=0
info|2026-02-06 23:02:21.624856|blockSubmit-0x000071e9eb9d96c0|[SCHEDULER][blk-111][BlockTrace]CommitBlock start
info|2026-02-06 23:02:21.625372|blockSubmit-0x000071e9eb9d96c0|[STORAGE-RocksDB]asyncPrepare,number=111
info|2026-02-06 23:02:21.625415|blockSubmit-0x000071e9eb9d96c0|[STORAGE-RocksDB]asyncPrepare finished,blockNumber=111,put=7,delete=0,startTS=0,encode(ms)=0,time(ms)=0
info|2026-02-06 23:02:21.625496|blockSubmit-0x000071e9eb9d96c0|[LEDGER]storeTransactionsAndReceipts,blockNumber=111
info|2026-02-06 23:02:21.625564|exec-0x000071e9f61ee6c0|[STORAGE-RocksDB]asyncPrepare,number=111
info|2026-02-06 23:02:21.625785|exec-0x000071e9f61ee6c0|[STORAGE-KeyPage]parallelTraverse,size=591
info|2026-02-06 23:02:21.625846|exec-0x000071e9f61ee6c0|[STORAGE-RocksDB]asyncPrepare finished,blockNumber=111,put=6,delete=3,startTS=0,encode(ms)=1,time(ms)=1
info|2026-02-06 23:02:21.625856|exec-0x000071e9f61ee6c0|[EXECUTOR:1770389060][blk-111]Prepare success
info|2026-02-06 23:02:21.625917|ledgerWrite-0x000071e9fe9ff6c0|[STORAGE-RocksDB]setRows finished,put=1,dataSize=140,time(ms)=1
info|2026-02-06 23:02:21.626036|blockSubmit-0x000071e9eb9d96c0|[LEDGER]storeTransactionsAndReceipts finished,blockNumber=111,blockTxsSize=1,unStoredTxs=0,timeCost=1
info|2026-02-06 23:02:21.626301|blockSubmit-0x000071e9eb9d96c0|[STORAGE-RocksDB]asyncCommit finished,blockNumber=111,startTS=0,time(ms)=0,callback time(ms)=0,count=16
info|2026-02-06 23:02:21.626345|blockSubmit-0x000071e9eb9d96c0|[LEDGER][METRIC]asyncPrewriteBlock,number=111,totalTxs=135,failedTxs=44,incTxs=1,incFailedTxs=0
info|2026-02-06 23:02:21.626371|exec-0x000071e9f59ed6c0|[TOOL]fetchCompatibilityVersion
info|2026-02-06 23:02:21.626506|exec-0x000071e9f59ed6c0|[TOOL]fetchCompatibilityVersion success,version=3.11.0,versionNumber=51052544,minSupportedVersion=3.0.0-rc4,maxSupportedVersion=3.11.0
info|2026-02-06 23:02:21.626617|exec-0x000071e9f59ed6c0|[TOOL]fetchAuthCheckStatus success,value=0
info|2026-02-06 23:02:21.626627|exec-0x000071e9f59ed6c0|[EXECUTOR:1770389060]merge keyPage to cachedStorage,number=111
info|2026-02-06 23:02:21.626691|exec-0x000071e9f59ed6c0|[STORAGE-KeyPage]parallelTraverse,size=591
info|2026-02-06 23:02:21.626696|exec-0x000071e9f59ed6c0|[STORAGE]Successful merged records,count=9
info|2026-02-06 23:02:21.627589|exec-0x000071e9f59ed6c0|[SCHEDULER][blk-111][BlockTrace]CommitBlock success,gas limit=3000000000,timeCost=3
info|2026-02-06 23:02:21.627692|exec-0x000071e9f59ed6c0|[SCHEDULER][BlockTrace]Notify block result success,blockNumber=111
info|2026-02-06 23:02:21.627703|exec-0x000071e9f59ed6c0|[CONSENSUS][PBFT][STORAGE][METRIC]commitStableCheckPoint success,index=111,hash=dcc99fc6...,txs=1,timeCost=3,commitPerTx=3
info|2026-02-06 23:02:21.627754|exec-0x000071e9f59ed6c0|[SCHEDULER][blk-111]notify block result success,hash=dcc99fc6...,txsSize=1
info|2026-02-06 23:02:21.627900|blockSubmit-0x000071e9eb9d96c0|[CONSENSUS][PBFT][METRIC]resetConfig,committedIndex=111,propHash=dcc99fc6...,blockCountLimit=1000,leaderPeriod=1,consensusNodesSize=4
info|2026-02-06 23:02:21.627933|exec-0x000071e9f59ed6c0|[STORAGE-RocksDB]asyncCommit finished,blockNumber=111,startTS=0,time(ms)=0,callback time(ms)=2,count=0
info|2026-02-06 23:02:21.628158|submitter-0x000071e9fc9fb6c0|[TXPOOL][METRIC]StatTPS,tps=7,totalTime=135
info|2026-02-06 23:02:21.628229|blockSubmit-0x000071e9eb9d96c0|[CONSENSUS][PBFT][METRIC]^^^^^^^^Report,sealer=2,txs=1,committedIndex=111,consNum=112,committedHash=dcc99fc6...,view=3,toView=3,changeCycle=0,expectedCheckPoint=112,Idx=0,unsealedTxs=0,sealUntil=0,waitResealUntil=0,consensusTimeout=3000,nodeId=0d6a7f52...
info|2026-02-06 23:02:21.628273|blockSubmit-0x000071e9eb9d96c0|[CONSENSUS][SEALER]asyncNoteLatestBlockNumber,number=111
info|2026-02-06 23:02:21.628279|blockSubmit-0x000071e9eb9d96c0|[CONSENSUS][SEALER]asyncNoteLatestBlockHash,_hash=dcc99fc6...
info|2026-02-06 23:02:21.628305|blockSubmit-0x000071e9eb9d96c0|[BLOCK SYNC]#### BlockSyncConfig resetConfig,number=111,consNodeSize=4,observerNodeSize=0,type=CONSENSUS_NODE
info|2026-02-06 23:02:21.628608|submitter-0x000071e9fc9fb6c0|[TXPOOL][METRIC]batchRemove txs success,expectedSize=1,succCount=1,batchId=111,timecost=1,lockT=1,removeT=1,updateLedgerNonceT=0,updateTxPoolNonceT=0
info|2026-02-06 23:02:21.628705|blockSubmit-0x000071e9eb9d96c0|[CONSENSUS][PBFT]notify to seal next proposal,nextProposalIndex=112
info|2026-02-06 23:02:21.628724|blockSubmit-0x000071e9eb9d96c0|[CONSENSUS][PBFT]resetCache: asyncResetTxsFlag exceptionPrePrepare,prePrepare=false,curView=3,propHash=cde45ae5...,propIndex=111consensusProposal is null,propHash=cde45ae5...,propIndex=111
info|2026-02-06 23:02:21.628836|blockSubmit-0x000071e9eb9d96c0|[CONSENSUS][PBFT]removeConsensusedCache finalizeConsensus,view=3,number=111,eraseSize=1,cacheSize=0
info|2026-02-06 23:02:21.628906|blockSubmit-0x000071e9eb9d96c0|[CONSENSUS][PBFT][STORAGE]asyncRemoveStabledCheckPoint,index=106
info|2026-02-06 23:02:21.628995|blockSubmit-0x000071e9eb9d96c0|[CONSENSUS][PBFT][STORAGE]asyncRemove success,dbName=pbftCommitDB,key=106
info|2026-02-06 23:02:24.493396|pbft-0x000071e9dcfff6c0|[CONSENSUS][PBFT]handlePrePrepareMsg,reqHash=75807656...,reqIndex=112,reqV=3,fromIdx=3,wait(ms)=0,committedIndex=111,consNum=112,committedHash=dcc99fc6...,view=3,toView=3,changeCycle=0,expectedCheckPoint=112,Idx=0,unsealedTxs=0,sealUntil=0,waitResealUntil=0,consensusTimeout=3000,nodeId=0d6a7f52...,utc=2308674
info|2026-02-06 23:02:24.493624|pbft-0x000071e9dcfff6c0|[TXPOOL]begin asyncVerifyBlock,consNum=112,hash=75807656...
info|2026-02-06 23:02:24.493695|verifier-0x000071e9fa1f66c0|[TXPOOL]batchVerifyProposal,consNum=112,hash=75807656...,txsSize=1,lockT=0,verifyT=0,missedTxs=0
info|2026-02-06 23:02:24.493727|verifier-0x000071e9fa1f66c0|[TXPOOL][METRIC]asyncVerifyBlock finished,consNum=112,hash=75807656...,code=0,msg=success,result=true,timecost=0
info|2026-02-06 23:02:24.493752|pbft-0x000071e9dcfff6c0|[CONSENSUS][PBFT]addPrepareCache,reqHash=75807656...,reqIndex=112,reqV=3,fromIdx=3,wait(ms)=0,committedIndex=111,consNum=112,committedHash=dcc99fc6...,view=3,toView=3,changeCycle=0,expectedCheckPoint=112,Idx=0,unsealedTxs=1,sealUntil=0,waitResealUntil=0,consensusTimeout=3000,nodeId=0d6a7f52...,weight=1
info|2026-02-06 23:02:24.493770|validator-0x000071e9ed1dc6c0|[CONSENSUS][PBFT]asyncResetTxsFlag,index=112,hash=75807656...,flag=true
info|2026-02-06 23:02:24.493809|validator-0x000071e9ed1dc6c0|[TXPOOL]batchMarkTxs,txsSize=1,batchId=112,hash=75807656...,sealFlag=true,notFound=0,reSealed=0,succ=1,time=0,markT=0
info|2026-02-06 23:02:24.493845|validator-0x000071e9ed1dc6c0|[CONSENSUS][PBFT]asyncMarkTxs success,index=112,hash=75807656...,flag=true,markT=1,emptyTxBatchHash=false
info|2026-02-06 23:02:24.493839|verifier-0x000071e9fa1f66c0|[CONSENSUS][PBFT]handlePrePrepareMsg,reqHash=75807656...,reqIndex=112,reqV=3,fromIdx=3,wait(ms)=0,committedIndex=111,consNum=112,committedHash=dcc99fc6...,view=3,toView=3,changeCycle=0,expectedCheckPoint=112,Idx=0,unsealedTxs=0,sealUntil=0,waitResealUntil=0,consensusTimeout=3000,nodeId=0d6a7f52...,utc=2308675
info|2026-02-06 23:02:24.493883|verifier-0x000071e9fa1f66c0|[CONSENSUS][PBFT]addPrePrepareCache,reqHash=75807656...,reqIndex=112,reqV=3,fromIdx=3,wait(ms)=0,sys=false,committedIndex=111,consNum=112,committedHash=dcc99fc6...,view=3,toView=3,changeCycle=0,expectedCheckPoint=112,Idx=0,unsealedTxs=0,sealUntil=0,waitResealUntil=0,consensusTimeout=3000,nodeId=0d6a7f52...
info|2026-02-06 23:02:24.493912|validator-0x000071e9ec9db6c0|[CONSENSUS][PBFT]asyncResetTxsFlag,index=112,hash=75807656...,flag=true
info|2026-02-06 23:02:24.493925|verifier-0x000071e9fa1f66c0|[CONSENSUS][PBFT]notify the committed proposal index to the sync module success,index=112
info|2026-02-06 23:02:24.493930|validator-0x000071e9ec9db6c0|[TXPOOL]batchMarkTxs,txsSize=1,batchId=112,hash=75807656...,sealFlag=true,notFound=0,reSealed=0,succ=1,time=0,markT=0
info|2026-02-06 23:02:24.493969|validator-0x000071e9ec9db6c0|[CONSENSUS][PBFT]asyncMarkTxs success,index=112,hash=75807656...,flag=true,markT=0,emptyTxBatchHash=false
info|2026-02-06 23:02:24.493995|verifier-0x000071e9fa1f66c0|[CONSENSUS][PBFT]addPrepareCache,reqHash=75807656...,reqIndex=112,reqV=3,fromIdx=0,wait(ms)=1,committedIndex=111,consNum=112,committedHash=dcc99fc6...,view=3,toView=3,changeCycle=0,expectedCheckPoint=112,Idx=0,unsealedTxs=0,sealUntil=0,waitResealUntil=0,consensusTimeout=3000,nodeId=0d6a7f52...,weight=2
info|2026-02-06 23:02:24.494068|verifier-0x000071e9fa1f66c0|[CONSENSUS][PBFT]broadcast prepare packet,packetSize=228,index=112
info|2026-02-06 23:02:24.494293|verifier-0x000071e9fa1f66c0|[CONSENSUS][PBFT]handlePrePrepareMsg and broadcast prepare packet,reqHash=75807656...,reqIndex=112,reqV=3,fromIdx=3,wait(ms)=1,committedIndex=111,consNum=112,committedHash=dcc99fc6...,view=3,toView=3,changeCycle=0,expectedCheckPoint=112,Idx=0,unsealedTxs=0,sealUntil=0,waitResealUntil=0,consensusTimeout=3000,nodeId=0d6a7f52...
info|2026-02-06 23:02:24.494360|txsPreStore-0x000071e9f91f46c0|[TXPOOL]storeVerifiedBlock fetch block number from LedgerConfig
info|2026-02-06 23:02:24.494421|txsPreStore-0x000071e9f91f46c0|[TOOL]LedgerConfigFetcher: fetchBlockNumber success,blockNumber=111
info|2026-02-06 23:02:24.494429|txsPreStore-0x000071e9f91f46c0|[TXPOOL]storeVerifiedBlock,consNum=112,hash=75807656...,txsSize=1
info|2026-02-06 23:02:24.494456|txsPreStore-0x000071e9f91f46c0|[LEDGER]asyncPreStoreBlockTxs: needStoreUnsavedTxs,txsSize=1,unstoredTxs=1,number=112
info|2026-02-06 23:02:24.494889|txsPreStore-0x000071e9f91f46c0|[STORAGE-RocksDB]setRows finished,put=1,dataSize=5683,time(ms)=1
info|2026-02-06 23:02:24.494933|pbft-0x000071e9dcfff6c0|[CONSENSUS][PBFT]addPrepareCache,reqHash=75807656...,reqIndex=112,reqV=3,fromIdx=2,wait(ms)=0,committedIndex=111,consNum=112,committedHash=dcc99fc6...,view=3,toView=3,changeCycle=0,expectedCheckPoint=112,Idx=0,unsealedTxs=0,sealUntil=0,waitResealUntil=0,consensusTimeout=3000,nodeId=0d6a7f52...,weight=3
info|2026-02-06 23:02:24.494948|txsPreStore-0x000071e9f91f46c0|[LEDGER]asyncPreStoreBlockTxs: store uncommitted txs,blockNumber=112,blockTxsSize=1,unStoredTxs=1,msg=success,code=0,timeCost=0
info|2026-02-06 23:02:24.494956|pbft-0x000071e9dcfff6c0|[CONSENSUS][PBFT]setSignatureList,signatureSize=3,propHash=75807656...,propIndex=112
info|2026-02-06 23:02:24.494958|txsPreStore-0x000071e9f91f46c0|[TXPOOL]storeVerifiedBlock success,consNum=112,hash=75807656...,timecost=0
info|2026-02-06 23:02:24.494964|pbft-0x000071e9dcfff6c0|[CONSENSUS][PBFT]intoPrecommit,reqHash=75807656...,reqIndex=112,reqV=3,fromIdx=0,wait(ms)=1,committedIndex=111,consNum=112,committedHash=dcc99fc6...,view=3,toView=3,changeCycle=0,expectedCheckPoint=112,Idx=0,unsealedTxs=0,sealUntil=0,waitResealUntil=0,consensusTimeout=3000,nodeId=0d6a7f52...
info|2026-02-06 23:02:24.495004|pbft-0x000071e9dcfff6c0|[CONSENSUS][PBFT]addCommitCache,reqHash=75807656...,reqIndex=112,reqV=3,fromIdx=0,wait(ms)=1,committedIndex=111,consNum=112,committedHash=dcc99fc6...,view=3,toView=3,changeCycle=0,expectedCheckPoint=112,Idx=0,unsealedTxs=0,sealUntil=0,waitResealUntil=0,consensusTimeout=3000,nodeId=0d6a7f52...,weight=1
info|2026-02-06 23:02:24.495015|pbft-0x000071e9dcfff6c0|[CONSENSUS][PBFT]checkAndPreCommit: broadcast commitMsg,Idx=0,hash=75807656...,index=112
info|2026-02-06 23:02:24.495612|pbft-0x000071e9dcfff6c0|[CONSENSUS][PBFT]addCommitCache,reqHash=75807656...,reqIndex=112,reqV=3,fromIdx=3,wait(ms)=0,committedIndex=111,consNum=112,committedHash=dcc99fc6...,view=3,toView=3,changeCycle=0,expectedCheckPoint=112,Idx=0,unsealedTxs=0,sealUntil=0,waitResealUntil=0,consensusTimeout=3000,nodeId=0d6a7f52...,weight=2
info|2026-02-06 23:02:24.498675|pbft-0x000071e9dcfff6c0|[CONSENSUS][PBFT]handleCheckPointMsg: try to add the checkpoint message into the cache,reqHash=0499cceb...,reqIndex=112,reqV=3,fromIdx=3,wait(ms)=0,committedIndex=111,consNum=112,committedHash=dcc99fc6...,view=3,toView=3,changeCycle=0,expectedCheckPoint=112,Idx=0,unsealedTxs=0,sealUntil=0,waitResealUntil=0,consensusTimeout=3000,nodeId=0d6a7f52...
info|2026-02-06 23:02:24.498703|pbft-0x000071e9dcfff6c0|[CONSENSUS][PBFT]addCheckPointMsg,reqHash=0499cceb...,reqIndex=112,reqV=3,fromIdx=3,wait(ms)=0,Idx=0,weight=1,minRequiredWeight=3
info|2026-02-06 23:02:24.498710|pbft-0x000071e9dcfff6c0|[CONSENSUS][PBFT]notify to seal next proposal,nextProposalIndex=112
info|2026-02-06 23:02:24.503972|pbft-0x000071e9dcfff6c0|[CONSENSUS][PBFT]addPrepareCache,reqHash=75807656...,reqIndex=112,reqV=3,fromIdx=1,wait(ms)=1,committedIndex=111,consNum=112,committedHash=dcc99fc6...,view=3,toView=3,changeCycle=0,expectedCheckPoint=112,Idx=0,unsealedTxs=0,sealUntil=0,waitResealUntil=0,consensusTimeout=3000,nodeId=0d6a7f52...,weight=4
info|2026-02-06 23:02:24.504261|pbft-0x000071e9dcfff6c0|[CONSENSUS][PBFT]addCommitCache,reqHash=75807656...,reqIndex=112,reqV=3,fromIdx=1,wait(ms)=1,committedIndex=111,consNum=112,committedHash=dcc99fc6...,view=3,toView=3,changeCycle=0,expectedCheckPoint=112,Idx=0,unsealedTxs=0,sealUntil=0,waitResealUntil=0,consensusTimeout=3000,nodeId=0d6a7f52...,weight=3
info|2026-02-06 23:02:24.504330|pbft-0x000071e9dcfff6c0|[CONSENSUS][PBFT]checkAndCommit,propHash=75807656...,propIndex=112,committedIndex=111,consNum=112,committedHash=dcc99fc6...,view=3,toView=3,changeCycle=0,expectedCheckPoint=112,Idx=0,unsealedTxs=0,sealUntil=0,waitResealUntil=0,consensusTimeout=3000,nodeId=0d6a7f52...
info|2026-02-06 23:02:24.504436|pbft-0x000071e9dcfff6c0|[CONSENSUS][PBFT]######## CommitProposal,propHash=75807656...,propIndex=112,sys=false,committedIndex=111,consNum=112,committedHash=dcc99fc6...,view=3,toView=3,changeCycle=0,expectedCheckPoint=112,Idx=0,unsealedTxs=0,sealUntil=0,waitResealUntil=0,consensusTimeout=3000,nodeId=0d6a7f52...
info|2026-02-06 23:02:24.504505|pbft-0x000071e9dcfff6c0|[CONSENSUS][SEALER]resetSealingInfo,start=113,end=113,sealingNumber=113,waitUntil=0,unsealedTxs=0
info|2026-02-06 23:02:24.504518|pbft-0x000071e9dcfff6c0|[CONSENSUS][PBFT]asyncNotifySealProposal success,startIndex=113,endIndex=113,maxTxsToSeal=1000
info|2026-02-06 23:02:24.504525|pbft-0x000071e9dcfff6c0|[CONSENSUS][SEALER]asyncNotifySealProposal,startIndex=113,endIndex=113,maxTxsPerBlock=1000
info|2026-02-06 23:02:24.504531|pbft-0x000071e9dcfff6c0|[CONSENSUS][PBFT]notifySealer: notify the new leader to seal block,lockNotifyT=0,idx=0,startIndex=113,endIndex=113,notifyBeginIndex=113,waitSealUntil=0,waitResealUntil=0,maxTxsToSeal=1000,committedIndex=111,consNum=112,committedHash=dcc99fc6...,view=3,toView=3,changeCycle=0,expectedCheckPoint=112,Idx=0,unsealedTxs=0,sealUntil=0,waitResealUntil=0,consensusTimeout=3000,nodeId=0d6a7f52...
info|2026-02-06 23:02:24.504585|pbft-0x000071e9dcfff6c0|[CONSENSUS][PBFT]notify to seal next proposal,nextProposalIndex=113
info|2026-02-06 23:02:24.504655|pbft-0x000071e9dcfff6c0|[CONSENSUS][PBFT]notifySealer return for invalid seal range,lockNotifyT=0,currentEndIndex=113,expectedEndIndex=113,committedIndex=111,consNum=112,committedHash=dcc99fc6...,view=3,toView=3,changeCycle=0,expectedCheckPoint=112,Idx=0,unsealedTxs=0,sealUntil=0,waitResealUntil=0,consensusTimeout=3000,nodeId=0d6a7f52...
info|2026-02-06 23:02:24.504690|pbft-0x000071e9dcfff6c0|[CONSENSUS][PBFT]notify to seal next proposal,nextProposalIndex=113
info|2026-02-06 23:02:24.504699|pbft-0x000071e9dcfff6c0|[CONSENSUS][PBFT]applyStateMachine,index=112,hash=75807656...,committedIndex=111,consNum=112,committedHash=dcc99fc6...,view=3,toView=3,changeCycle=0,expectedCheckPoint=112,Idx=0,unsealedTxs=0,sealUntil=0,waitResealUntil=0,consensusTimeout=3000,nodeId=0d6a7f52...,unAppliedProposals=0
info|2026-02-06 23:02:24.505099|exeScheduler-0x000071e9a99fb6c0|[SCHEDULER][METRIC][blk-112]ExecuteBlock request,gasLimit=3000000000,gasPrice=0x0,verify=false,signatureSize=0,txCount=0,metaTxCount=1,version=3.11.0,waitT=2882
info|2026-02-06 23:02:24.505140|exeScheduler-0x000071e9a99fb6c0|[SCHEDULER][blk-112][BlockTrace]ExecuteBlock start,time(ms)=0
info|2026-02-06 23:02:24.505159|exeScheduler-0x000071e9a99fb6c0|[SCHEDULER][serialExecute][blk-112][BlockTrace]serialExecute execute block
info|2026-02-06 23:02:24.505146|pbft-0x000071e9dcfff6c0|[CONSENSUS][PBFT]handleCheckPointMsg: try to add the checkpoint message into the cache,reqHash=0499cceb...,reqIndex=112,reqV=3,fromIdx=1,wait(ms)=2,committedIndex=111,consNum=112,committedHash=dcc99fc6...,view=3,toView=3,changeCycle=0,expectedCheckPoint=112,Idx=0,unsealedTxs=0,sealUntil=0,waitResealUntil=0,consensusTimeout=3000,nodeId=0d6a7f52...
info|2026-02-06 23:02:24.505176|pbft-0x000071e9dcfff6c0|[CONSENSUS][PBFT]addCheckPointMsg,reqHash=0499cceb...,reqIndex=112,reqV=3,fromIdx=1,wait(ms)=2,Idx=0,weight=2,minRequiredWeight=3
info|2026-02-06 23:02:24.505284|pbft-0x000071e9dcfff6c0|[CONSENSUS][PBFT]notifySealer return for invalid seal range,lockNotifyT=0,currentEndIndex=113,expectedEndIndex=113,committedIndex=111,consNum=112,committedHash=dcc99fc6...,view=3,toView=3,changeCycle=0,expectedCheckPoint=112,Idx=0,unsealedTxs=0,sealUntil=0,waitResealUntil=0,consensusTimeout=3000,nodeId=0d6a7f52...
info|2026-02-06 23:02:24.505367|preExeScheduler-0x000071e9aa1fc6c0|[SCHEDULER][METRIC][BlockTrace][blk-112]preExeBlock success,blockHeader.timestamp=1770390144492,metaTxCount=1,timeCost=1
info|2026-02-06 23:02:24.505401|pbft-0x000071e9dcfff6c0|[CONSENSUS][PBFT]notify to seal next proposal,nextProposalIndex=113
info|2026-02-06 23:02:24.505435|exeScheduler-0x000071e9a99fb6c0|[SCHEDULER][serialExecute][blk-112][BlockTrace]serialExecute batch next block
info|2026-02-06 23:02:24.505443|exeScheduler-0x000071e9a99fb6c0|[SCHEDULER][blk-112][BlockTrace]NextBlock request,executorNum=1
info|2026-02-06 23:02:24.505865|exec-0x000071e9f49eb6c0|[SCHEDULER][blk-112][BlockTrace]NextBlock success,executorNum=1,timeCost=0
info|2026-02-06 23:02:24.505900|exec-0x000071e9f49eb6c0|[SCHEDULER][serialExecute][blk-112][BlockTrace]serialExecute block begin
info|2026-02-06 23:02:24.506284|Unnamed-0x000071e9a69f56c0|[STORAGE-KeyPage]empty table,table=/apps/6d5de407db930fd7f5a0d9f19be7ec7bc7b36a2a_accessAuth,key=61646d696e
info|2026-02-06 23:02:24.506401|Unnamed-0x000071e9a69f56c0|[STORAGE-KeyPage]empty table,table=/apps/6d5de407db930fd7f5a0d9f19be7ec7bc7b36a2a,key=0000000000000000000000000000000000000000000000000000000000000000
info|2026-02-06 23:02:24.506565|exec-0x000071e9f41ea6c0|[STORAGE-KeyPage]hash,size=29,blockVersion=51052544,readLength=10494,writeLength=388,pageCount=2,entrycount=2,entriesHash=ad328610a42e409c6b08f36bde12e3d9468ee245a041c01e807fc79c581d74d9,pagesHash=35c8db44f774a25f33baa53257ecd92add062e4ef1a9b368263012d37cefbc6c,totalHash=98fa5d54535ae2c358b2565989fe3af39b88cc0b51e87376a64fd54f24f2c8b5
info|2026-02-06 23:02:24.506589|exec-0x000071e9f41ea6c0|[EXECUTOR:1770389060][blk-112]GetTableHashes success,hash=98fa5d54535ae2c358b2565989fe3af39b88cc0b51e87376a64fd54f24f2c8b5,time(ms)=0
info|2026-02-06 23:02:24.506621|exec-0x000071e9f41ea6c0|[SCHEDULER][blk-112][BlockTrace]ExecuteBlock success,hash=0499cceb...,stateRoot=98fa5d54535ae2c358b2565989fe3af39b88cc0b51e87376a64fd54f24f2c8b5,receiptRoot=11b68c1ff61d5dff3f770ece11208b419b4f838db22b63d9ed98f8acb68ae0e4,txsRoot=d6627fd3...,gasUsed=67112,signatureSize=0,timeCost=1,blockVersion=51052544
info|2026-02-06 23:02:24.506629|exec-0x000071e9f41ea6c0|[CONSENSUS][Core][METRIC]asyncExecuteBlock success,sysBlock=false,number=112,result=0499cceb...,txsSize=1,txsRoot=d6627fd3...,receiptsRoot=11b68c1f...,stateRoot=98fa5d54...,timeCost=2,execPerTx=2
info|2026-02-06 23:02:24.506656|exec-0x000071e9f41ea6c0|[CONSENSUS][PBFT]applyStateMachine finished,index=112,beforeExec=75807656...,afterExec=0499cceb...,committedIndex=111,consNum=112,committedHash=dcc99fc6...,view=3,toView=3,changeCycle=0,expectedCheckPoint=112,Idx=0,unsealedTxs=0,sealUntil=0,waitResealUntil=0,consensusTimeout=3000,nodeId=0d6a7f52...,timecost=2
info|2026-02-06 23:02:24.506712|pbftWorker-0x000071e9e99d56c0|[CONSENSUS][PBFT][STORAGE]asyncCommitProposal: write the committed proposal into db,index=112
info|2026-02-06 23:02:24.506854|pbftWorker-0x000071e9e99d56c0|[CONSENSUS][PBFT][STORAGE]asyncPutProposal: commit success,dbName=pbftCommitDB,key=max_committed_proposal,number=112,timecost=0,dataSize=3
info|2026-02-06 23:02:24.506889|pbftWorker-0x000071e9e99d56c0|[CONSENSUS][PBFT][STORAGE]asyncPutProposal: commit success,dbName=pbftCommitDB,key=112,number=112,timecost=0,dataSize=635
info|2026-02-06 23:02:24.507068|pbftWorker-0x000071e9e99d56c0|[CONSENSUS][PBFT]addCheckPointMsg,reqHash=0499cceb...,reqIndex=112,reqV=3,fromIdx=0,wait(ms)=1,Idx=0,weight=3,minRequiredWeight=3
info|2026-02-06 23:02:24.507091|pbftWorker-0x000071e9e99d56c0|[CONSENSUS][PBFT]setCheckPointProposal,propHash=0499cceb...,propIndex=112,committedIndex=111,consNum=112,committedHash=dcc99fc6...,view=3,toView=3,changeCycle=0,expectedCheckPoint=112,Idx=0,unsealedTxs=0,sealUntil=0,waitResealUntil=0,consensusTimeout=3000,nodeId=0d6a7f52...
info|2026-02-06 23:02:24.507100|pbftWorker-0x000071e9e99d56c0|[CONSENSUS][PBFT]PBFTConfig: setExpectedCheckPoint,committedIndex=111,consNum=112,committedHash=dcc99fc6...,view=3,toView=3,changeCycle=0,expectedCheckPoint=113,Idx=0,unsealedTxs=0,sealUntil=0,waitResealUntil=0,consensusTimeout=3000,nodeId=0d6a7f52...,expectedCheckPoint=113
info|2026-02-06 23:02:24.507108|pbftWorker-0x000071e9e99d56c0|[CONSENSUS][PBFT]setSignatureList,signatureSize=3,propHash=0499cceb...,propIndex=112
info|2026-02-06 23:02:24.507111|pbftWorker-0x000071e9e99d56c0|[CONSENSUS][PBFT]checkAndCommitStableCheckPoint,index=112,hash=0499cceb...,committedIndex=111,consNum=112,committedHash=dcc99fc6...,view=3,toView=3,changeCycle=0,expectedCheckPoint=113,Idx=0,unsealedTxs=0,sealUntil=0,waitResealUntil=0,consensusTimeout=3000,nodeId=0d6a7f52...
info|2026-02-06 23:02:24.507117|pbftWorker-0x000071e9e99d56c0|[CONSENSUS][PBFT]updateStableCheckPointQueue: insert new checkpoint proposal,index=112,hash=0499cceb...,committedIndex=111,consNum=112,committedHash=dcc99fc6...,view=3,toView=3,changeCycle=0,expectedCheckPoint=113,Idx=0,unsealedTxs=0,sealUntil=0,waitResealUntil=0,consensusTimeout=3000,nodeId=0d6a7f52...
info|2026-02-06 23:02:24.507122|pbftWorker-0x000071e9e99d56c0|[CONSENSUS][PBFT]updateStableCheckPointQueue: commit stable checkpoint,index=112,committedIndex=111
info|2026-02-06 23:02:24.507131|pbftWorker-0x000071e9e99d56c0|[CONSENSUS][PBFT]asyncCommitStableCheckPoint: set signatureList,index=112,hash=0499cceb...,proofSize=3,blockProofSize=3
info|2026-02-06 23:02:24.507153|pbftWorker-0x000071e9e99d56c0|[CONSENSUS][PBFT]notifySealer return for invalid seal range,lockNotifyT=0,currentEndIndex=113,expectedEndIndex=113,committedIndex=111,consNum=112,committedHash=dcc99fc6...,view=3,toView=3,changeCycle=0,expectedCheckPoint=113,Idx=0,unsealedTxs=0,sealUntil=0,waitResealUntil=0,consensusTimeout=3000,nodeId=0d6a7f52...
info|2026-02-06 23:02:24.507163|pbftWorker-0x000071e9e99d56c0|[CONSENSUS][PBFT]notify to seal next proposal,nextProposalIndex=113
info|2026-02-06 23:02:24.507167|pbftWorker-0x000071e9e99d56c0|[CONSENSUS][PBFT]onProposalApplySuccess,index=112,hash=0499cceb...,lockT=0,timecost=0
info|2026-02-06 23:02:24.507229|blockSubmit-0x000071e9eb9d96c0|[SCHEDULER][blk-112][BlockTrace]CommitBlock start
info|2026-02-06 23:02:24.507742|blockSubmit-0x000071e9eb9d96c0|[STORAGE-RocksDB]asyncPrepare,number=112
info|2026-02-06 23:02:24.507819|blockSubmit-0x000071e9eb9d96c0|[STORAGE-RocksDB]asyncPrepare finished,blockNumber=112,put=7,delete=0,startTS=0,encode(ms)=0,time(ms)=1
info|2026-02-06 23:02:24.507861|blockSubmit-0x000071e9eb9d96c0|[LEDGER]storeTransactionsAndReceipts,blockNumber=112
info|2026-02-06 23:02:24.507927|exec-0x000071e9f31e86c0|[STORAGE-RocksDB]asyncPrepare,number=112
info|2026-02-06 23:02:24.507940|ledgerWrite-0x000071ea021fe6c0|[STORAGE-RocksDB]setRows finished,put=1,dataSize=139,time(ms)=0
info|2026-02-06 23:02:24.507995|blockSubmit-0x000071e9eb9d96c0|[LEDGER]storeTransactionsAndReceipts finished,blockNumber=112,blockTxsSize=1,unStoredTxs=0,timeCost=1
info|2026-02-06 23:02:24.508017|blockSubmit-0x000071e9eb9d96c0|[LEDGER][METRIC]asyncPrewriteBlock,number=112,totalTxs=136,failedTxs=44,incTxs=1,incFailedTxs=0
info|2026-02-06 23:02:24.508111|exec-0x000071e9f31e86c0|[STORAGE-KeyPage]parallelTraverse,size=491
info|2026-02-06 23:02:24.508133|exec-0x000071e9f31e86c0|[STORAGE-RocksDB]asyncPrepare finished,blockNumber=112,put=6,delete=3,startTS=0,encode(ms)=0,time(ms)=0
info|2026-02-06 23:02:24.508138|exec-0x000071e9f31e86c0|[EXECUTOR:1770389060][blk-112]Prepare success
info|2026-02-06 23:02:24.508195|exec-0x000071e9f31e86c0|[STORAGE-RocksDB]asyncCommit finished,blockNumber=112,startTS=0,time(ms)=0,callback time(ms)=0,count=16
info|2026-02-06 23:02:24.508215|exec-0x000071e9f39e96c0|[TOOL]fetchCompatibilityVersion
info|2026-02-06 23:02:24.508272|exec-0x000071e9f39e96c0|[TOOL]fetchCompatibilityVersion success,version=3.11.0,versionNumber=51052544,minSupportedVersion=3.0.0-rc4,maxSupportedVersion=3.11.0
info|2026-02-06 23:02:24.508312|exec-0x000071e9f39e96c0|[TOOL]fetchAuthCheckStatus success,value=0
info|2026-02-06 23:02:24.508329|exec-0x000071e9f39e96c0|[EXECUTOR:1770389060]merge keyPage to cachedStorage,number=112
info|2026-02-06 23:02:24.508370|exec-0x000071e9f39e96c0|[STORAGE-KeyPage]parallelTraverse,size=491
info|2026-02-06 23:02:24.508386|exec-0x000071e9f39e96c0|[STORAGE]Successful merged records,count=9
info|2026-02-06 23:02:24.508768|exec-0x000071e9f39e96c0|[SCHEDULER][blk-112][BlockTrace]CommitBlock success,gas limit=3000000000,timeCost=1
info|2026-02-06 23:02:24.508817|exec-0x000071e9f39e96c0|[SCHEDULER][BlockTrace]Notify block result success,blockNumber=112
info|2026-02-06 23:02:24.508834|exec-0x000071e9f39e96c0|[CONSENSUS][PBFT][STORAGE][METRIC]commitStableCheckPoint success,index=112,hash=0499cceb...,txs=1,timeCost=1,commitPerTx=1
info|2026-02-06 23:02:24.508859|exec-0x000071e9f39e96c0|[SCHEDULER][blk-112]notify block result success,hash=0499cceb...,txsSize=1
info|2026-02-06 23:02:24.508874|blockSubmit-0x000071e9eb9d96c0|[CONSENSUS][PBFT][METRIC]resetConfig,committedIndex=112,propHash=0499cceb...,blockCountLimit=1000,leaderPeriod=1,consensusNodesSize=4
info|2026-02-06 23:02:24.508915|blockSubmit-0x000071e9eb9d96c0|[CONSENSUS][PBFT][METRIC]^^^^^^^^Report,sealer=3,txs=1,committedIndex=112,consNum=113,committedHash=0499cceb...,view=3,toView=3,changeCycle=0,expectedCheckPoint=113,Idx=0,unsealedTxs=0,sealUntil=0,waitResealUntil=0,consensusTimeout=3000,nodeId=0d6a7f52...
info|2026-02-06 23:02:24.508941|blockSubmit-0x000071e9eb9d96c0|[CONSENSUS][SEALER]asyncNoteLatestBlockNumber,number=112
info|2026-02-06 23:02:24.508901|submitter-0x000071e9fc1fa6c0|[TXPOOL][METRIC]StatTPS,tps=66,totalTime=15
info|2026-02-06 23:02:24.508950|blockSubmit-0x000071e9eb9d96c0|[CONSENSUS][SEALER]asyncNoteLatestBlockHash,_hash=0499cceb...
info|2026-02-06 23:02:24.508970|blockSubmit-0x000071e9eb9d96c0|[BLOCK SYNC]#### BlockSyncConfig resetConfig,number=112,consNodeSize=4,observerNodeSize=0,type=CONSENSUS_NODE
info|2026-02-06 23:02:24.508979|exec-0x000071e9f39e96c0|[STORAGE-RocksDB]asyncCommit finished,blockNumber=112,startTS=0,time(ms)=0,callback time(ms)=1,count=0
info|2026-02-06 23:02:24.509134|blockSubmit-0x000071e9eb9d96c0|[CONSENSUS][PBFT]notifySealer return for invalid seal range,lockNotifyT=0,currentEndIndex=113,expectedEndIndex=113,committedIndex=112,consNum=113,committedHash=0499cceb...,view=3,toView=3,changeCycle=0,expectedCheckPoint=113,Idx=0,unsealedTxs=0,sealUntil=0,waitResealUntil=0,consensusTimeout=3000,nodeId=0d6a7f52...
info|2026-02-06 23:02:24.509166|blockSubmit-0x000071e9eb9d96c0|[CONSENSUS][PBFT]notifySealer return for invalid seal range,lockNotifyT=0,currentEndIndex=113,expectedEndIndex=113,committedIndex=112,consNum=113,committedHash=0499cceb...,view=3,toView=3,changeCycle=0,expectedCheckPoint=113,Idx=0,unsealedTxs=0,sealUntil=0,waitResealUntil=0,consensusTimeout=3000,nodeId=0d6a7f52...
info|2026-02-06 23:02:24.509173|blockSubmit-0x000071e9eb9d96c0|[CONSENSUS][PBFT]notify to seal next proposal,nextProposalIndex=113
info|2026-02-06 23:02:24.509205|blockSubmit-0x000071e9eb9d96c0|[CONSENSUS][PBFT]removeConsensusedCache finalizeConsensus,view=3,number=112,eraseSize=1,cacheSize=0
info|2026-02-06 23:02:24.509240|blockSubmit-0x000071e9eb9d96c0|[CONSENSUS][PBFT][STORAGE]asyncRemoveStabledCheckPoint,index=107
info|2026-02-06 23:02:24.509267|blockSubmit-0x000071e9eb9d96c0|[CONSENSUS][PBFT][STORAGE]asyncRemove success,dbName=pbftCommitDB,key=107
info|2026-02-06 23:02:24.509334|submitter-0x000071e9fc1fa6c0|[TXPOOL][METRIC]batchRemove txs success,expectedSize=1,succCount=1,batchId=112,timecost=1,lockT=0,removeT=0,updateLedgerNonceT=0,updateTxPoolNonceT=0
info|2026-02-06 23:02:26.509282|pullTxsTimer-0x000071e9ea9d76c0|[CONSENSUS][PBFT]tryToSyncTxs: try to request unsealing txs from peer,committedIndex=112,consNum=113,committedHash=0499cceb...,view=3,toView=3,changeCycle=0,expectedCheckPoint=113,Idx=0,unsealedTxs=0,sealUntil=0,waitResealUntil=0,consensusTimeout=3000,nodeId=0d6a7f52...
info|2026-02-06 23:02:30.388297|timerFactory-0x000071e9ca5ff6c0|[RPC][WS][SERVICE]connected nodes,count=0
info|2026-02-06 23:02:30.389987|ioService-0x000071e9da5f76c0|[P2PService][Service][METRIC]heartBeat,connected count=3
info|2026-02-06 23:02:40.388470|timerFactory-0x000071e9ca5ff6c0|[RPC][WS][SERVICE]connected nodes,count=0
info|2026-02-06 23:02:40.390224|ioService-0x000071e9da5f76c0|[P2PService][Service][METRIC]heartBeat,connected count=3
info|2026-02-06 23:02:50.390362|ioService-0x000071e9da5f76c0|[P2PService][Service][METRIC]heartBeat,connected count=3
info|2026-02-06 23:02:50.390975|timerFactory-0x000071e9ca5ff6c0|[RPC][WS][SERVICE]connected nodes,count=0
info|2026-02-06 23:03:00.390489|ioService-0x000071e9da5f76c0|[P2PService][Service][METRIC]heartBeat,connected count=3
info|2026-02-06 23:03:00.391053|timerFactory-0x000071e9ca5ff6c0|[RPC][WS][SERVICE]connected nodes,count=0
info|2026-02-06 23:03:10.390815|ioService-0x000071e9da5f76c0|[P2PService][Service][METRIC]heartBeat,connected count=3
info|2026-02-06 23:03:10.391183|timerFactory-0x000071e9ca5ff6c0|[RPC][WS][SERVICE]connected nodes,count=0
info|2026-02-06 23:03:20.344060|objMonitor-0x000071e9b95ff6c0|[startMonitor][AliveObjectMonitor],AliveObjectAllocStat=[ type: bcos::gateway::Socket ,created: 9 ,destroyed: 5 ,alive: 4 ] 
info|2026-02-06 23:03:20.391186|ioService-0x000071e9da5f76c0|[P2PService][Service][METRIC]heartBeat,connected count=3
info|2026-02-06 23:03:20.393338|timerFactory-0x000071e9ca5ff6c0|[RPC][WS][SERVICE]connected nodes,count=0
info|2026-02-06 23:03:30.391347|ioService-0x000071e9da5f76c0|[P2PService][Service][METRIC]heartBeat,connected count=3
info|2026-02-06 23:03:30.393460|timerFactory-0x000071e9ca5ff6c0|[RPC][WS][SERVICE]connected nodes,count=0
info|2026-02-06 23:03:40.391535|ioService-0x000071e9da5f76c0|[P2PService][Service][METRIC]heartBeat,connected count=3
info|2026-02-06 23:03:40.393688|timerFactory-0x000071e9ca5ff6c0|[RPC][WS][SERVICE]connected nodes,count=0
info|2026-02-06 23:03:50.391749|ioService-0x000071e9da5f76c0|[P2PService][Service][METRIC]heartBeat,connected count=3
info|2026-02-06 23:03:50.394501|timerFactory-0x000071e9ca5ff6c0|[RPC][WS][SERVICE]connected nodes,count=0
info|2026-02-06 23:04:00.391875|ioService-0x000071e9da5f76c0|[P2PService][Service][METRIC]heartBeat,connected count=3
info|2026-02-06 23:04:00.394610|timerFactory-0x000071e9ca5ff6c0|[RPC][WS][SERVICE]connected nodes,count=0
