the error = [libproviders.so: 无法打开共享目标文件: 没有那个文件或目录]
FISCO BCOS Version : 3.11.0
Build Time         : 20240827 04:30:34
Build Type         : Linux/g++/Release
Git Branch         : HEAD
Git Commit         : 3fea676716990b2ed453b4f079915daafff451f9
[2025-12-10 16:30:57] The fisco-bcos is running...
nohup: failed to run command '/home/tr/projects/fisco-bcos/nodes/127.0.0.1/node0/../fisco-bcos': Permission denied
nohup: failed to run command '/home/tr/projects/fisco-bcos/nodes/127.0.0.1/node0/../fisco-bcos': Permission denied
nohup: failed to run command '/home/tr/projects/fisco-bcos/nodes/127.0.0.1/node0/../fisco-bcos': Permission denied
nohup: failed to run command '/home/tr/projects/fisco-bcos/nodes/127.0.0.1/node0/../fisco-bcos': Permission denied
the error = [libproviders.so: cannot open shared object file: No such file or directory]
FISCO BCOS Version : 3.11.0
Build Time         : 20240827 04:30:34
Build Type         : Linux/g++/Release
Git Branch         : HEAD
Git Commit         : 3fea676716990b2ed453b4f079915daafff451f9
[2025-12-25 20:24:32] The fisco-bcos is running...
[2025-12-25 20:28:23] exit because receive signal 15
[2025-12-25 20:28:23] fisco-bcos program exit normally.
FISCO BCOS Version : 3.11.0
Build Time         : 20240827 04:30:34
Build Type         : Linux/g++/Release
Git Branch         : HEAD
Git Commit         : 3fea676716990b2ed453b4f079915daafff451f9
[2025-12-25 20:28:27] start fisco-bcos failed, error:/home/ci/actions-runner/_work/FISCO-BCOS/FISCO-BCOS/build/vcpkg_installed/x64-linux/include/boost/property_tree/ini_parser.hpp(172): Throw in function void boost::property_tree::ini_parser::read_ini(const string&, Ptree&, const std::locale&) [with Ptree = boost::property_tree::basic_ptree<std::basic_string<char>, std::basic_string<char> >; std::string = std::basic_string<char>]
Dynamic exception type: boost::wrapexcept<boost::property_tree::ini_parser::ini_parser_error>
std::exception::what: config.ini(34): duplicate key name

FISCO BCOS Version : 3.11.0
Build Time         : 20240827 04:30:34
Build Type         : Linux/g++/Release
Git Branch         : HEAD
Git Commit         : 3fea676716990b2ed453b4f079915daafff451f9
[2025-12-25 20:33:26] start fisco-bcos failed, error:/home/ci/actions-runner/_work/FISCO-BCOS/FISCO-BCOS/bcos-tool/bcos-tool/NodeConfig.cpp(661): Throw in function virtual void bcos::tool::NodeConfig::loadStorageSecurityConfig(const ptree&)
Dynamic exception type: boost::wrapexcept<bcos::InvalidParameter>
std::exception::what: std::exception
[bcos::tag_comment*] = initGlobalConfig storage_security failed! Invalid key_center_url!

FISCO BCOS Version : 3.11.0
Build Time         : 20240827 04:30:34
Build Type         : Linux/g++/Release
Git Branch         : HEAD
Git Commit         : 3fea676716990b2ed453b4f079915daafff451f9
[2025-12-25 20:36:28] start fisco-bcos failed, error:/home/ci/actions-runner/_work/FISCO-BCOS/FISCO-BCOS/bcos-tool/bcos-tool/NodeConfig.cpp(661): Throw in function virtual void bcos::tool::NodeConfig::loadStorageSecurityConfig(const ptree&)
Dynamic exception type: boost::wrapexcept<bcos::InvalidParameter>
std::exception::what: std::exception
[bcos::tag_comment*] = initGlobalConfig storage_security failed! Invalid key_center_url!

FISCO BCOS Version : 3.11.0
Build Time         : 20240827 04:30:34
Build Type         : Linux/g++/Release
Git Branch         : HEAD
Git Commit         : 3fea676716990b2ed453b4f079915daafff451f9
[2025-12-25 20:39:12] start fisco-bcos failed, error:/home/ci/actions-runner/_work/FISCO-BCOS/FISCO-BCOS/bcos-tool/bcos-tool/NodeConfig.cpp(661): Throw in function virtual void bcos::tool::NodeConfig::loadStorageSecurityConfig(const ptree&)
Dynamic exception type: boost::wrapexcept<bcos::InvalidParameter>
std::exception::what: std::exception
[bcos::tag_comment*] = initGlobalConfig storage_security failed! Invalid key_center_url!

the error = [libproviders.so: cannot open shared object file: No such file or directory]
FISCO BCOS Version : 3.11.0
Build Time         : 20240827 04:30:34
Build Type         : Linux/g++/Release
Git Branch         : HEAD
Git Commit         : 3fea676716990b2ed453b4f079915daafff451f9
[2025-12-25 20:42:43] The fisco-bcos is running...
FISCO BCOS Version : 3.11.0
Build Time         : 20240827 04:30:34
Build Type         : Linux/g++/Release
Git Branch         : HEAD
Git Commit         : 3fea676716990b2ed453b4f079915daafff451f9
[2025-12-25 20:42:43] start fisco-bcos failed, error:/home/ci/actions-runner/_work/FISCO-BCOS/FISCO-BCOS/bcos-boostssl/bcos-boostssl/httpserver/HttpServer.cpp(71): Throw in function void bcos::boostssl::http::HttpServer::start()
Dynamic exception type: boost::wrapexcept<std::runtime_error>
std::exception::what: acceptor bind failed

the error = [libproviders.so: cannot open shared object file: No such file or directory]
FISCO BCOS Version : 3.11.0
Build Time         : 20240827 04:30:34
Build Type         : Linux/g++/Release
Git Branch         : HEAD
Git Commit         : 3fea676716990b2ed453b4f079915daafff451f9
[2025-12-25 21:25:41] The fisco-bcos is running...
[2025-12-25 21:45:50] exit because receive signal 15
the error = [libproviders.so: cannot open shared object file: No such file or directory]
FISCO BCOS Version : 3.11.0
Build Time         : 20240827 04:30:34
Build Type         : Linux/g++/Release
Git Branch         : HEAD
Git Commit         : 3fea676716990b2ed453b4f079915daafff451f9
[2026-02-06 13:59:59] The fisco-bcos is running...
[2026-02-06 14:36:12] exit because receive signal 15
[2026-02-06 14:36:12] fisco-bcos program exit normally.
the error = [libproviders.so: cannot open shared object file: No such file or directory]
FISCO BCOS Version : 3.11.0
Build Time         : 20240827 04:30:34
Build Type         : Linux/g++/Release
Git Branch         : HEAD
Git Commit         : 3fea676716990b2ed453b4f079915daafff451f9
[2026-02-06 14:36:18] The fisco-bcos is running...
[2026-02-06 14:47:08] exit because receive signal 15
[2026-02-06 14:47:08] fisco-bcos program exit normally.
the error = [libproviders.so: cannot open shared object file: No such file or directory]
FISCO BCOS Version : 3.11.0
Build Time         : 20240827 04:30:34
Build Type         : Linux/g++/Release
Git Branch         : HEAD
Git Commit         : 3fea676716990b2ed453b4f079915daafff451f9
[2026-02-06 14:47:14] The fisco-bcos is running...
[2026-02-06 14:49:04] exit because receive signal 15
[2026-02-06 14:49:04] fisco-bcos program exit normally.
the error = [libproviders.so: cannot open shared object file: No such file or directory]
FISCO BCOS Version : 3.11.0
Build Time         : 20240827 04:30:34
Build Type         : Linux/g++/Release
Git Branch         : HEAD
Git Commit         : 3fea676716990b2ed453b4f079915daafff451f9
[2026-02-06 14:49:10] The fisco-bcos is running...
[2026-02-06 14:57:23] exit because receive signal 15
[2026-02-06 14:57:23] fisco-bcos program exit normally.
the error = [libproviders.so: cannot open shared object file: No such file or directory]
FISCO BCOS Version : 3.11.0
Build Time         : 20240827 04:30:34
Build Type         : Linux/g++/Release
Git Branch         : HEAD
Git Commit         : 3fea676716990b2ed453b4f079915daafff451f9
[2026-02-06 14:57:29] The fisco-bcos is running...
[2026-02-06 14:59:58] exit because receive signal 15
[2026-02-06 14:59:58] fisco-bcos program exit normally.
the error = [libproviders.so: cannot open shared object file: No such file or directory]
FISCO BCOS Version : 3.11.0
Build Time         : 20240827 04:30:34
Build Type         : Linux/g++/Release
Git Branch         : HEAD
Git Commit         : 3fea676716990b2ed453b4f079915daafff451f9
[2026-02-06 15:00:04] The fisco-bcos is running...
[2026-02-06 15:03:55] exit because receive signal 15
[2026-02-06 15:03:55] fisco-bcos program exit normally.
the error = [libproviders.so: cannot open shared object file: No such file or directory]
FISCO BCOS Version : 3.11.0
Build Time         : 20240827 04:30:34
Build Type         : Linux/g++/Release
Git Branch         : HEAD
Git Commit         : 3fea676716990b2ed453b4f079915daafff451f9
[2026-02-06 15:04:01] The fisco-bcos is running...
[2026-02-06 15:24:10] exit because receive signal 15
[2026-02-06 15:24:10] fisco-bcos program exit normally.
the error = [libproviders.so: cannot open shared object file: No such file or directory]
FISCO BCOS Version : 3.11.0
Build Time         : 20240827 04:30:34
Build Type         : Linux/g++/Release
Git Branch         : HEAD
Git Commit         : 3fea676716990b2ed453b4f079915daafff451f9
[2026-02-06 15:24:16] The fisco-bcos is running...
[2026-02-06 16:57:08] exit because receive signal 15
[2026-02-06 16:57:08] fisco-bcos program exit normally.
the error = [libproviders.so: cannot open shared object file: No such file or directory]
FISCO BCOS Version : 3.11.0
Build Time         : 20240827 04:30:34
Build Type         : Linux/g++/Release
Git Branch         : HEAD
Git Commit         : 3fea676716990b2ed453b4f079915daafff451f9
[2026-02-06 16:57:14] The fisco-bcos is running...
[2026-02-06 17:27:25] exit because receive signal 15
[2026-02-06 17:27:25] fisco-bcos program exit normally.
the error = [libproviders.so: cannot open shared object file: No such file or directory]
FISCO BCOS Version : 3.11.0
Build Time         : 20240827 04:30:34
Build Type         : Linux/g++/Release
Git Branch         : HEAD
Git Commit         : 3fea676716990b2ed453b4f079915daafff451f9
[2026-02-06 17:27:31] The fisco-bcos is running...
[2026-02-06 21:14:33] exit because receive signal 15
[2026-02-06 21:14:33] fisco-bcos program exit normally.
the error = [libproviders.so: cannot open shared object file: No such file or directory]
FISCO BCOS Version : 3.11.0
Build Time         : 20240827 04:30:34
Build Type         : Linux/g++/Release
Git Branch         : HEAD
Git Commit         : 3fea676716990b2ed453b4f079915daafff451f9
[2026-02-06 21:14:39] The fisco-bcos is running...
[2026-02-06 21:36:41] exit because receive signal 15
[2026-02-06 21:36:41] fisco-bcos program exit normally.
the error = [libproviders.so: cannot open shared object file: No such file or directory]
FISCO BCOS Version : 3.11.0
Build Time         : 20240827 04:30:34
Build Type         : Linux/g++/Release
Git Branch         : HEAD
Git Commit         : 3fea676716990b2ed453b4f079915daafff451f9
[2026-02-06 21:36:48] The fisco-bcos is running...
the error = [libproviders.so: cannot open shared object file: No such file or directory]
FISCO BCOS Version : 3.11.0
Build Time         : 20240827 04:30:34
Build Type         : Linux/g++/Release
Git Branch         : HEAD
Git Commit         : 3fea676716990b2ed453b4f079915daafff451f9
[2026-02-06 22:44:20] The fisco-bcos is running...
the error = [libproviders.so: cannot open shared object file: No such file or directory]
FISCO BCOS Version : 3.11.0
Build Time         : 20240827 04:30:34
Build Type         : Linux/g++/Release
Git Branch         : HEAD
Git Commit         : 3fea676716990b2ed453b4f079915daafff451f9
[2026-02-06 23:23:48] The fisco-bcos is running...
[2026-02-07 00:21:48] exit because receive signal 15
[2026-02-07 00:21:49] fisco-bcos program exit normally.
the error = [libproviders.so: cannot open shared object file: No such file or directory]
FISCO BCOS Version : 3.11.0
Build Time         : 20240827 04:30:34
Build Type         : Linux/g++/Release
Git Branch         : HEAD
Git Commit         : 3fea676716990b2ed453b4f079915daafff451f9
[2026-02-07 00:21:55] The fisco-bcos is running...
the error = [libproviders.so: cannot open shared object file: No such file or directory]
FISCO BCOS Version : 3.11.0
Build Time         : 20240827 04:30:34
Build Type         : Linux/g++/Release
Git Branch         : HEAD
Git Commit         : 3fea676716990b2ed453b4f079915daafff451f9
[2026-02-07 00:22:52] start fisco-bcos failed, error:Dynamic exception type: std::runtime_error
std::exception::what: open rocksDB failed, msg:IO error: While lock file: data/LOCK: Resource temporarily unavailable

[2026-02-07 00:23:02] exit because receive signal 15
[2026-02-07 00:23:03] fisco-bcos program exit normally.
the error = [libproviders.so: cannot open shared object file: No such file or directory]
FISCO BCOS Version : 3.11.0
Build Time         : 20240827 04:30:34
Build Type         : Linux/g++/Release
Git Branch         : HEAD
Git Commit         : 3fea676716990b2ed453b4f079915daafff451f9
[2026-02-07 00:23:09] The fisco-bcos is running...
[2026-02-07 00:23:19] exit because receive signal 15
[2026-02-07 00:23:19] fisco-bcos program exit normally.
the error = [libproviders.so: cannot open shared object file: No such file or directory]
FISCO BCOS Version : 3.11.0
Build Time         : 20240827 04:30:34
Build Type         : Linux/g++/Release
Git Branch         : HEAD
Git Commit         : 3fea676716990b2ed453b4f079915daafff451f9
[2026-02-07 00:23:26] The fisco-bcos is running...
[2026-02-07 00:24:15] exit because receive signal 15
[2026-02-07 00:24:15] fisco-bcos program exit normally.
the error = [libproviders.so: cannot open shared object file: No such file or directory]
FISCO BCOS Version : 3.11.0
Build Time         : 20240827 04:30:34
Build Type         : Linux/g++/Release
Git Branch         : HEAD
Git Commit         : 3fea676716990b2ed453b4f079915daafff451f9
[2026-02-07 00:24:22] The fisco-bcos is running...
[2026-02-07 00:27:41] exit because receive signal 15
[2026-02-07 00:27:41] fisco-bcos program exit normally.
the error = [libproviders.so: cannot open shared object file: No such file or directory]
FISCO BCOS Version : 3.11.0
Build Time         : 20240827 04:30:34
Build Type         : Linux/g++/Release
Git Branch         : HEAD
Git Commit         : 3fea676716990b2ed453b4f079915daafff451f9
[2026-02-07 00:27:47] The fisco-bcos is running...
the error = [libproviders.so: cannot open shared object file: No such file or directory]
FISCO BCOS Version : 3.11.0
Build Time         : 20240827 04:30:34
Build Type         : Linux/g++/Release
Git Branch         : HEAD
Git Commit         : 3fea676716990b2ed453b4f079915daafff451f9
[2026-02-07 00:27:49] start fisco-bcos failed, error:Dynamic exception type: std::runtime_error
std::exception::what: open rocksDB failed, msg:IO error: While lock file: data/LOCK: Resource temporarily unavailable

[2026-02-07 00:32:03] exit because receive signal 15
the error = [libproviders.so: cannot open shared object file: No such file or directory]
FISCO BCOS Version : 3.11.0
Build Time         : 20240827 04:30:34
Build Type         : Linux/g++/Release
Git Branch         : HEAD
Git Commit         : 3fea676716990b2ed453b4f079915daafff451f9
[2026-02-07 10:39:37] The fisco-bcos is running...
[2026-02-07 10:41:22] exit because receive signal 15
[2026-02-07 10:41:23] fisco-bcos program exit normally.
the error = [libproviders.so: cannot open shared object file: No such file or directory]
FISCO BCOS Version : 3.11.0
Build Time         : 20240827 04:30:34
Build Type         : Linux/g++/Release
Git Branch         : HEAD
Git Commit         : 3fea676716990b2ed453b4f079915daafff451f9
[2026-02-07 10:41:29] The fisco-bcos is running...
[2026-02-07 10:41:36] exit because receive signal 15
[2026-02-07 10:41:36] fisco-bcos program exit normally.
the error = [libproviders.so: cannot open shared object file: No such file or directory]
FISCO BCOS Version : 3.11.0
Build Time         : 20240827 04:30:34
Build Type         : Linux/g++/Release
Git Branch         : HEAD
Git Commit         : 3fea676716990b2ed453b4f079915daafff451f9
[2026-02-07 10:41:43] The fisco-bcos is running...
[2026-02-07 10:54:33] exit because receive signal 15
[2026-02-07 10:54:33] fisco-bcos program exit normally.
the error = [libproviders.so: cannot open shared object file: No such file or directory]
FISCO BCOS Version : 3.11.0
Build Time         : 20240827 04:30:34
Build Type         : Linux/g++/Release
Git Branch         : HEAD
Git Commit         : 3fea676716990b2ed453b4f079915daafff451f9
[2026-02-07 10:54:39] The fisco-bcos is running...
[2026-02-07 10:54:46] exit because receive signal 15
[2026-02-07 10:54:46] fisco-bcos program exit normally.
the error = [libproviders.so: cannot open shared object file: No such file or directory]
FISCO BCOS Version : 3.11.0
Build Time         : 20240827 04:30:34
Build Type         : Linux/g++/Release
Git Branch         : HEAD
Git Commit         : 3fea676716990b2ed453b4f079915daafff451f9
[2026-02-07 10:54:52] The fisco-bcos is running...
[2026-02-07 13:26:14] exit because receive signal 15
[2026-02-07 13:26:14] fisco-bcos program exit normally.
the error = [libproviders.so: cannot open shared object file: No such file or directory]
FISCO BCOS Version : 3.11.0
Build Time         : 20240827 04:30:34
Build Type         : Linux/g++/Release
Git Branch         : HEAD
Git Commit         : 3fea676716990b2ed453b4f079915daafff451f9
[2026-02-07 13:26:21] The fisco-bcos is running...
[2026-02-07 15:26:08] exit because receive signal 15
[2026-02-07 15:26:09] fisco-bcos program exit normally.
the error = [libproviders.so: cannot open shared object file: No such file or directory]
FISCO BCOS Version : 3.11.0
Build Time         : 20240827 04:30:34
Build Type         : Linux/g++/Release
Git Branch         : HEAD
Git Commit         : 3fea676716990b2ed453b4f079915daafff451f9
[2026-02-07 15:26:15] The fisco-bcos is running...
[2026-02-07 15:54:11] exit because receive signal 15
[2026-02-07 15:54:11] fisco-bcos program exit normally.
the error = [libproviders.so: cannot open shared object file: No such file or directory]
FISCO BCOS Version : 3.11.0
Build Time         : 20240827 04:30:34
Build Type         : Linux/g++/Release
Git Branch         : HEAD
Git Commit         : 3fea676716990b2ed453b4f079915daafff451f9
[2026-02-07 15:54:18] The fisco-bcos is running...
[2026-02-07 16:28:55] exit because receive signal 15
[2026-02-07 16:28:56] fisco-bcos program exit normally.
the error = [libproviders.so: cannot open shared object file: No such file or directory]
FISCO BCOS Version : 3.11.0
Build Time         : 20240827 04:30:34
Build Type         : Linux/g++/Release
Git Branch         : HEAD
Git Commit         : 3fea676716990b2ed453b4f079915daafff451f9
[2026-02-07 16:29:02] The fisco-bcos is running...
[2026-02-07 17:13:09] exit because receive signal 15
[2026-02-07 17:13:09] fisco-bcos program exit normally.
the error = [libproviders.so: cannot open shared object file: No such file or directory]
FISCO BCOS Version : 3.11.0
Build Time         : 20240827 04:30:34
Build Type         : Linux/g++/Release
Git Branch         : HEAD
Git Commit         : 3fea676716990b2ed453b4f079915daafff451f9
[2026-02-07 17:13:17] The fisco-bcos is running...
[2026-02-07 21:34:47] exit because receive signal 15
[2026-02-07 21:34:47] fisco-bcos program exit normally.
the error = [libproviders.so: cannot open shared object file: No such file or directory]
FISCO BCOS Version : 3.11.0
Build Time         : 20240827 04:30:34
Build Type         : Linux/g++/Release
Git Branch         : HEAD
Git Commit         : 3fea676716990b2ed453b4f079915daafff451f9
[2026-02-07 21:34:56] The fisco-bcos is running...
the error = [libproviders.so: cannot open shared object file: No such file or directory]
FISCO BCOS Version : 3.11.0
Build Time         : 20240827 04:30:34
Build Type         : Linux/g++/Release
Git Branch         : HEAD
Git Commit         : 3fea676716990b2ed453b4f079915daafff451f9
[2026-02-08 09:59:58] The fisco-bcos is running...
the error = [libproviders.so: cannot open shared object file: No such file or directory]
FISCO BCOS Version : 3.11.0
Build Time         : 20240827 04:30:34
Build Type         : Linux/g++/Release
Git Branch         : HEAD
Git Commit         : 3fea676716990b2ed453b4f079915daafff451f9
[2026-02-08 11:10:30] The fisco-bcos is running...
[2026-02-08 11:28:47] exit because receive signal 15
[2026-02-08 11:28:47] fisco-bcos program exit normally.
the error = [libproviders.so: cannot open shared object file: No such file or directory]
FISCO BCOS Version : 3.11.0
Build Time         : 20240827 04:30:34
Build Type         : Linux/g++/Release
Git Branch         : HEAD
Git Commit         : 3fea676716990b2ed453b4f079915daafff451f9
[2026-02-08 11:28:54] The fisco-bcos is running...
[2026-02-08 11:41:51] exit because receive signal 15
[2026-02-08 11:41:51] fisco-bcos program exit normally.
the error = [libproviders.so: cannot open shared object file: No such file or directory]
FISCO BCOS Version : 3.11.0
Build Time         : 20240827 04:30:34
Build Type         : Linux/g++/Release
Git Branch         : HEAD
Git Commit         : 3fea676716990b2ed453b4f079915daafff451f9
[2026-02-08 11:42:26] The fisco-bcos is running...
[2026-02-08 12:23:39] exit because receive signal 15
[2026-02-08 12:23:40] fisco-bcos program exit normally.
the error = [libproviders.so: cannot open shared object file: No such file or directory]
FISCO BCOS Version : 3.11.0
Build Time         : 20240827 04:30:34
Build Type         : Linux/g++/Release
Git Branch         : HEAD
Git Commit         : 3fea676716990b2ed453b4f079915daafff451f9
[2026-02-08 12:23:46] The fisco-bcos is running...
[2026-02-08 19:13:27] exit because receive signal 15
[2026-02-08 19:13:28] fisco-bcos program exit normally.
the error = [libproviders.so: cannot open shared object file: No such file or directory]
FISCO BCOS Version : 3.11.0
Build Time         : 20240827 04:30:34
Build Type         : Linux/g++/Release
Git Branch         : HEAD
Git Commit         : 3fea676716990b2ed453b4f079915daafff451f9
[2026-02-08 19:13:34] The fisco-bcos is running...
[2026-02-08 20:49:26] exit because receive signal 15
[2026-02-08 20:49:26] fisco-bcos program exit normally.
the error = [libproviders.so: cannot open shared object file: No such file or directory]
FISCO BCOS Version : 3.11.0
Build Time         : 20240827 04:30:34
Build Type         : Linux/g++/Release
Git Branch         : HEAD
Git Commit         : 3fea676716990b2ed453b4f079915daafff451f9
[2026-02-08 20:49:50] The fisco-bcos is running...
[2026-02-08 21:18:27] exit because receive signal 15
[2026-02-08 21:18:28] fisco-bcos program exit normally.
the error = [libproviders.so: cannot open shared object file: No such file or directory]
FISCO BCOS Version : 3.11.0
Build Time         : 20240827 04:30:34
Build Type         : Linux/g++/Release
Git Branch         : HEAD
Git Commit         : 3fea676716990b2ed453b4f079915daafff451f9
[2026-02-08 21:18:51] The fisco-bcos is running...
[2026-02-08 21:48:19] exit because receive signal 15
[2026-02-08 21:48:19] fisco-bcos program exit normally.
the error = [libproviders.so: cannot open shared object file: No such file or directory]
FISCO BCOS Version : 3.11.0
Build Time         : 20240827 04:30:34
Build Type         : Linux/g++/Release
Git Branch         : HEAD
Git Commit         : 3fea676716990b2ed453b4f079915daafff451f9
[2026-02-08 21:48:25] The fisco-bcos is running...
the error = [libproviders.so: cannot open shared object file: No such file or directory]
FISCO BCOS Version : 3.11.0
Build Time         : 20240827 04:30:34
Build Type         : Linux/g++/Release
Git Branch         : HEAD
Git Commit         : 3fea676716990b2ed453b4f079915daafff451f9
[2026-03-08 23:41:22] The fisco-bcos is running...
the error = [libproviders.so: cannot open shared object file: No such file or directory]
FISCO BCOS Version : 3.11.0
Build Time         : 20240827 04:30:34
Build Type         : Linux/g++/Release
Git Branch         : HEAD
Git Commit         : 3fea676716990b2ed453b4f079915daafff451f9
[2026-03-09 08:42:07] The fisco-bcos is running...
[2026-03-09 08:43:52] exit because receive signal 15
[2026-03-09 08:43:52] fisco-bcos program exit normally.
the error = [libproviders.so: cannot open shared object file: No such file or directory]
FISCO BCOS Version : 3.11.0
Build Time         : 20240827 04:30:34
Build Type         : Linux/g++/Release
Git Branch         : HEAD
Git Commit         : 3fea676716990b2ed453b4f079915daafff451f9
[2026-03-09 08:43:58] The fisco-bcos is running...
[2026-03-09 08:49:14] exit because receive signal 15
[2026-03-09 08:49:14] fisco-bcos program exit normally.
the error = [libproviders.so: cannot open shared object file: No such file or directory]
FISCO BCOS Version : 3.11.0
Build Time         : 20240827 04:30:34
Build Type         : Linux/g++/Release
Git Branch         : HEAD
Git Commit         : 3fea676716990b2ed453b4f079915daafff451f9
[2026-03-09 08:49:20] The fisco-bcos is running...
[2026-03-09 08:54:16] exit because receive signal 15
[2026-03-09 08:54:16] fisco-bcos program exit normally.
the error = [libproviders.so: cannot open shared object file: No such file or directory]
FISCO BCOS Version : 3.11.0
Build Time         : 20240827 04:30:34
Build Type         : Linux/g++/Release
Git Branch         : HEAD
Git Commit         : 3fea676716990b2ed453b4f079915daafff451f9
[2026-03-09 08:54:23] The fisco-bcos is running...
[2026-03-09 08:56:29] exit because receive signal 15
[2026-03-09 08:56:29] fisco-bcos program exit normally.
the error = [libproviders.so: cannot open shared object file: No such file or directory]
FISCO BCOS Version : 3.11.0
Build Time         : 20240827 04:30:34
Build Type         : Linux/g++/Release
Git Branch         : HEAD
Git Commit         : 3fea676716990b2ed453b4f079915daafff451f9
[2026-03-09 08:56:35] The fisco-bcos is running...
[2026-03-09 09:17:22] exit because receive signal 15
[2026-03-09 09:17:22] fisco-bcos program exit normally.
the error = [libproviders.so: cannot open shared object file: No such file or directory]
FISCO BCOS Version : 3.11.0
Build Time         : 20240827 04:30:34
Build Type         : Linux/g++/Release
Git Branch         : HEAD
Git Commit         : 3fea676716990b2ed453b4f079915daafff451f9
[2026-03-09 09:17:28] The fisco-bcos is running...
[2026-03-09 12:27:15] exit because receive signal 15
the error = [libproviders.so: cannot open shared object file: No such file or directory]
FISCO BCOS Version : 3.11.0
Build Time         : 20240827 04:30:34
Build Type         : Linux/g++/Release
Git Branch         : HEAD
Git Commit         : 3fea676716990b2ed453b4f079915daafff451f9
[2026-03-10 17:33:51] The fisco-bcos is running...
[2026-03-10 21:25:11] exit because receive signal 15
the error = [libproviders.so: cannot open shared object file: No such file or directory]
FISCO BCOS Version : 3.11.0
Build Time         : 20240827 04:30:34
Build Type         : Linux/g++/Release
Git Branch         : HEAD
Git Commit         : 3fea676716990b2ed453b4f079915daafff451f9
[2026-03-11 09:36:05] The fisco-bcos is running...
[2026-03-11 21:30:01] exit because receive signal 15
the error = [libproviders.so: cannot open shared object file: No such file or directory]
FISCO BCOS Version : 3.11.0
Build Time         : 20240827 04:30:34
Build Type         : Linux/g++/Release
Git Branch         : HEAD
Git Commit         : 3fea676716990b2ed453b4f079915daafff451f9
[2026-03-18 19:58:17] The fisco-bcos is running...
the error = [libproviders.so: cannot open shared object file: No such file or directory]
FISCO BCOS Version : 3.11.0
Build Time         : 20240827 04:30:34
Build Type         : Linux/g++/Release
Git Branch         : HEAD
Git Commit         : 3fea676716990b2ed453b4f079915daafff451f9
[2026-03-18 22:11:18] The fisco-bcos is running...
the error = [libproviders.so: cannot open shared object file: No such file or directory]
FISCO BCOS Version : 3.11.0
Build Time         : 20240827 04:30:34
Build Type         : Linux/g++/Release
Git Branch         : HEAD
Git Commit         : 3fea676716990b2ed453b4f079915daafff451f9
[2026-03-19 07:14:42] The fisco-bcos is running...
the error = [libproviders.so: cannot open shared object file: No such file or directory]
FISCO BCOS Version : 3.11.0
Build Time         : 20240827 04:30:34
Build Type         : Linux/g++/Release
Git Branch         : HEAD
Git Commit         : 3fea676716990b2ed453b4f079915daafff451f9
[2026-03-19 09:55:20] The fisco-bcos is running...
