info|2025-12-16 16:00:00.288814|timerFactory-0x000071d261bff640|[RPC][WS][SERVICE]connected nodes,count=0
info|2025-12-16 16:00:01.335600|ioService-0x000071d2747fe640|[P2PService][Service][METRIC]heartBeat,connected count=3
info|2025-12-16 16:00:10.288905|timerFactory-0x000071d261bff640|[RPC][WS][SERVICE]connected nodes,count=0
info|2025-12-16 16:00:11.335623|ioService-0x000071d2747fe640|[P2PService][Service][METRIC]heartBeat,connected count=3
info|2025-12-16 16:00:20.288937|timerFactory-0x000071d261bff640|[RPC][WS][SERVICE]connected nodes,count=0
info|2025-12-16 16:00:21.335726|ioService-0x000071d2747fe640|[P2PService][Service][METRIC]heartBeat,connected count=3
info|2025-12-16 16:00:30.288970|timerFactory-0x000071d261bff640|[RPC][WS][SERVICE]connected nodes,count=0
info|2025-12-16 16:00:31.335786|ioService-0x000071d2747fe640|[P2PService][Service][METRIC]heartBeat,connected count=3
info|2025-12-16 16:00:40.288999|timerFactory-0x000071d261bff640|[RPC][WS][SERVICE]connected nodes,count=0
info|2025-12-16 16:00:41.335847|ioService-0x000071d2747fe640|[P2PService][Service][METRIC]heartBeat,connected count=3
info|2025-12-16 16:00:50.289031|timerFactory-0x000071d261bff640|[RPC][WS][SERVICE]connected nodes,count=0
info|2025-12-16 16:00:51.335977|ioService-0x000071d2747fe640|[P2PService][Service][METRIC]heartBeat,connected count=3
info|2025-12-16 16:00:58.545675|objMonitor-0x000071d24efff640|[startMonitor][AliveObjectMonitor],AliveObjectAllocStat=[ type: bcos::gateway::Socket ,created: 17 ,destroyed: 13 ,alive: 4 ] 
info|2025-12-16 16:01:00.289109|timerFactory-0x000071d261bff640|[RPC][WS][SERVICE]connected nodes,count=0
info|2025-12-16 16:01:01.336001|ioService-0x000071d2747fe640|[P2PService][Service][METRIC]heartBeat,connected count=3
info|2025-12-16 16:01:10.289139|timerFactory-0x000071d261bff640|[RPC][WS][SERVICE]connected nodes,count=0
info|2025-12-16 16:01:11.336065|ioService-0x000071d2747fe640|[P2PService][Service][METRIC]heartBeat,connected count=3
info|2025-12-16 16:01:20.289178|timerFactory-0x000071d261bff640|[RPC][WS][SERVICE]connected nodes,count=0
info|2025-12-16 16:01:21.336094|ioService-0x000071d2747fe640|[P2PService][Service][METRIC]heartBeat,connected count=3
info|2025-12-16 16:01:30.289209|timerFactory-0x000071d261bff640|[RPC][WS][SERVICE]connected nodes,count=0
info|2025-12-16 16:01:31.336185|ioService-0x000071d2747fe640|[P2PService][Service][METRIC]heartBeat,connected count=3
info|2025-12-16 16:01:40.289238|timerFactory-0x000071d261bff640|[RPC][WS][SERVICE]connected nodes,count=0
info|2025-12-16 16:01:41.336247|ioService-0x000071d2747fe640|[P2PService][Service][METRIC]heartBeat,connected count=3
info|2025-12-16 16:01:50.289272|timerFactory-0x000071d261bff640|[RPC][WS][SERVICE]connected nodes,count=0
info|2025-12-16 16:01:51.336309|ioService-0x000071d2747fe640|[P2PService][Service][METRIC]heartBeat,connected count=3
info|2025-12-16 16:01:58.545725|objMonitor-0x000071d24efff640|[startMonitor][AliveObjectMonitor],AliveObjectAllocStat=[ type: bcos::gateway::Socket ,created: 17 ,destroyed: 13 ,alive: 4 ] 
info|2025-12-16 16:02:00.289304|timerFactory-0x000071d261bff640|[RPC][WS][SERVICE]connected nodes,count=0
info|2025-12-16 16:02:01.336374|ioService-0x000071d2747fe640|[P2PService][Service][METRIC]heartBeat,connected count=3
info|2025-12-16 16:02:10.289342|timerFactory-0x000071d261bff640|[RPC][WS][SERVICE]connected nodes,count=0
info|2025-12-16 16:02:11.336440|ioService-0x000071d2747fe640|[P2PService][Service][METRIC]heartBeat,connected count=3
info|2025-12-16 16:02:20.289375|timerFactory-0x000071d261bff640|[RPC][WS][SERVICE]connected nodes,count=0
info|2025-12-16 16:02:21.336504|ioService-0x000071d2747fe640|[P2PService][Service][METRIC]heartBeat,connected count=3
info|2025-12-16 16:02:30.289405|timerFactory-0x000071d261bff640|[RPC][WS][SERVICE]connected nodes,count=0
info|2025-12-16 16:02:31.336531|ioService-0x000071d2747fe640|[P2PService][Service][METRIC]heartBeat,connected count=3
info|2025-12-16 16:02:40.289484|timerFactory-0x000071d261bff640|[RPC][WS][SERVICE]connected nodes,count=0
info|2025-12-16 16:02:41.336597|ioService-0x000071d2747fe640|[P2PService][Service][METRIC]heartBeat,connected count=3
info|2025-12-16 16:02:50.289513|timerFactory-0x000071d261bff640|[RPC][WS][SERVICE]connected nodes,count=0
info|2025-12-16 16:02:51.336686|ioService-0x000071d2747fe640|[P2PService][Service][METRIC]heartBeat,connected count=3
info|2025-12-16 16:02:58.545782|objMonitor-0x000071d24efff640|[startMonitor][AliveObjectMonitor],AliveObjectAllocStat=[ type: bcos::gateway::Socket ,created: 17 ,destroyed: 13 ,alive: 4 ] 
info|2025-12-16 16:03:00.289550|timerFactory-0x000071d261bff640|[RPC][WS][SERVICE]connected nodes,count=0
info|2025-12-16 16:03:01.336768|ioService-0x000071d2747fe640|[P2PService][Service][METRIC]heartBeat,connected count=3
info|2025-12-16 16:03:10.289588|timerFactory-0x000071d261bff640|[RPC][WS][SERVICE]connected nodes,count=0
info|2025-12-16 16:03:11.336796|ioService-0x000071d2747fe640|[P2PService][Service][METRIC]heartBeat,connected count=3
info|2025-12-16 16:03:20.289621|timerFactory-0x000071d261bff640|[RPC][WS][SERVICE]connected nodes,count=0
info|2025-12-16 16:03:21.336827|ioService-0x000071d2747fe640|[P2PService][Service][METRIC]heartBeat,connected count=3
info|2025-12-16 16:03:30.289650|timerFactory-0x000071d261bff640|[RPC][WS][SERVICE]connected nodes,count=0
info|2025-12-16 16:03:31.336883|ioService-0x000071d2747fe640|[P2PService][Service][METRIC]heartBeat,connected count=3
info|2025-12-16 16:03:40.289678|timerFactory-0x000071d261bff640|[RPC][WS][SERVICE]connected nodes,count=0
info|2025-12-16 16:03:41.336971|ioService-0x000071d2747fe640|[P2PService][Service][METRIC]heartBeat,connected count=3
info|2025-12-16 16:03:50.289762|timerFactory-0x000071d261bff640|[RPC][WS][SERVICE]connected nodes,count=0
info|2025-12-16 16:03:51.336994|ioService-0x000071d2747fe640|[P2PService][Service][METRIC]heartBeat,connected count=3
info|2025-12-16 16:03:58.545872|objMonitor-0x000071d24efff640|[startMonitor][AliveObjectMonitor],AliveObjectAllocStat=[ type: bcos::gateway::Socket ,created: 17 ,destroyed: 13 ,alive: 4 ] 
info|2025-12-16 16:04:00.289801|timerFactory-0x000071d261bff640|[RPC][WS][SERVICE]connected nodes,count=0
info|2025-12-16 16:04:01.337089|ioService-0x000071d2747fe640|[P2PService][Service][METRIC]heartBeat,connected count=3
info|2025-12-16 16:04:10.289833|timerFactory-0x000071d261bff640|[RPC][WS][SERVICE]connected nodes,count=0
info|2025-12-16 16:04:11.337111|ioService-0x000071d2747fe640|[P2PService][Service][METRIC]heartBeat,connected count=3
info|2025-12-16 16:04:20.289888|timerFactory-0x000071d261bff640|[RPC][WS][SERVICE]connected nodes,count=0
info|2025-12-16 16:04:21.337174|ioService-0x000071d2747fe640|[P2PService][Service][METRIC]heartBeat,connected count=3
info|2025-12-16 16:04:30.289965|timerFactory-0x000071d261bff640|[RPC][WS][SERVICE]connected nodes,count=0
info|2025-12-16 16:04:31.337197|ioService-0x000071d2747fe640|[P2PService][Service][METRIC]heartBeat,connected count=3
info|2025-12-16 16:04:40.290000|timerFactory-0x000071d261bff640|[RPC][WS][SERVICE]connected nodes,count=0
info|2025-12-16 16:04:41.337266|ioService-0x000071d2747fe640|[P2PService][Service][METRIC]heartBeat,connected count=3
info|2025-12-16 16:04:50.290027|timerFactory-0x000071d261bff640|[RPC][WS][SERVICE]connected nodes,count=0
info|2025-12-16 16:04:51.337295|ioService-0x000071d2747fe640|[P2PService][Service][METRIC]heartBeat,connected count=3
info|2025-12-16 16:04:58.545919|objMonitor-0x000071d24efff640|[startMonitor][AliveObjectMonitor],AliveObjectAllocStat=[ type: bcos::gateway::Socket ,created: 17 ,destroyed: 13 ,alive: 4 ] [ type: bcos::gateway::ResponseCallback ,created: 7746030 ,destroyed: 7746025 ,alive: 5 ] 
info|2025-12-16 16:05:00.290056|timerFactory-0x000071d261bff640|[RPC][WS][SERVICE]connected nodes,count=0
info|2025-12-16 16:05:01.337315|ioService-0x000071d2747fe640|[P2PService][Service][METRIC]heartBeat,connected count=3
info|2025-12-16 16:05:10.290124|timerFactory-0x000071d261bff640|[RPC][WS][SERVICE]connected nodes,count=0
info|2025-12-16 16:05:11.337343|ioService-0x000071d2747fe640|[P2PService][Service][METRIC]heartBeat,connected count=3
info|2025-12-16 16:05:20.290160|timerFactory-0x000071d261bff640|[RPC][WS][SERVICE]connected nodes,count=0
info|2025-12-16 16:05:21.337365|ioService-0x000071d2747fe640|[P2PService][Service][METRIC]heartBeat,connected count=3
info|2025-12-16 16:05:30.290192|timerFactory-0x000071d261bff640|[RPC][WS][SERVICE]connected nodes,count=0
info|2025-12-16 16:05:31.337422|ioService-0x000071d2747fe640|[P2PService][Service][METRIC]heartBeat,connected count=3
info|2025-12-16 16:05:40.290221|timerFactory-0x000071d261bff640|[RPC][WS][SERVICE]connected nodes,count=0
info|2025-12-16 16:05:41.337450|ioService-0x000071d2747fe640|[P2PService][Service][METRIC]heartBeat,connected count=3
info|2025-12-16 16:05:50.290248|timerFactory-0x000071d261bff640|[RPC][WS][SERVICE]connected nodes,count=0
info|2025-12-16 16:05:51.337507|ioService-0x000071d2747fe640|[P2PService][Service][METRIC]heartBeat,connected count=3
info|2025-12-16 16:05:58.545968|objMonitor-0x000071d24efff640|[startMonitor][AliveObjectMonitor],AliveObjectAllocStat=[ type: bcos::gateway::Socket ,created: 17 ,destroyed: 13 ,alive: 4 ] 
info|2025-12-16 16:06:00.290280|timerFactory-0x000071d261bff640|[RPC][WS][SERVICE]connected nodes,count=0
info|2025-12-16 16:06:01.337529|ioService-0x000071d2747fe640|[P2PService][Service][METRIC]heartBeat,connected count=3
info|2025-12-16 16:06:10.290310|timerFactory-0x000071d261bff640|[RPC][WS][SERVICE]connected nodes,count=0
info|2025-12-16 16:06:11.337594|ioService-0x000071d2747fe640|[P2PService][Service][METRIC]heartBeat,connected count=3
info|2025-12-16 16:06:20.290344|timerFactory-0x000071d261bff640|[RPC][WS][SERVICE]connected nodes,count=0
info|2025-12-16 16:06:21.337622|ioService-0x000071d2747fe640|[P2PService][Service][METRIC]heartBeat,connected count=3
info|2025-12-16 16:06:30.290378|timerFactory-0x000071d261bff640|[RPC][WS][SERVICE]connected nodes,count=0
info|2025-12-16 16:06:31.337660|ioService-0x000071d2747fe640|[P2PService][Service][METRIC]heartBeat,connected count=3
info|2025-12-16 16:06:40.290412|timerFactory-0x000071d261bff640|[RPC][WS][SERVICE]connected nodes,count=0
info|2025-12-16 16:06:41.337693|ioService-0x000071d2747fe640|[P2PService][Service][METRIC]heartBeat,connected count=3
info|2025-12-16 16:06:50.290444|timerFactory-0x000071d261bff640|[RPC][WS][SERVICE]connected nodes,count=0
info|2025-12-16 16:06:51.337722|ioService-0x000071d2747fe640|[P2PService][Service][METRIC]heartBeat,connected count=3
info|2025-12-16 16:06:58.546032|objMonitor-0x000071d24efff640|[startMonitor][AliveObjectMonitor],AliveObjectAllocStat=[ type: bcos::gateway::Socket ,created: 17 ,destroyed: 13 ,alive: 4 ] 
info|2025-12-16 16:07:00.290475|timerFactory-0x000071d261bff640|[RPC][WS][SERVICE]connected nodes,count=0
info|2025-12-16 16:07:01.337747|ioService-0x000071d2747fe640|[P2PService][Service][METRIC]heartBeat,connected count=3
info|2025-12-16 16:07:10.290505|timerFactory-0x000071d261bff640|[RPC][WS][SERVICE]connected nodes,count=0
info|2025-12-16 16:07:11.337806|ioService-0x000071d2747fe640|[P2PService][Service][METRIC]heartBeat,connected count=3
info|2025-12-16 16:07:20.290540|timerFactory-0x000071d261bff640|[RPC][WS][SERVICE]connected nodes,count=0
info|2025-12-16 16:07:21.337835|ioService-0x000071d2747fe640|[P2PService][Service][METRIC]heartBeat,connected count=3
info|2025-12-16 16:07:30.290575|timerFactory-0x000071d261bff640|[RPC][WS][SERVICE]connected nodes,count=0
info|2025-12-16 16:07:31.337871|ioService-0x000071d2747fe640|[P2PService][Service][METRIC]heartBeat,connected count=3
info|2025-12-16 16:07:40.290613|timerFactory-0x000071d261bff640|[RPC][WS][SERVICE]connected nodes,count=0
info|2025-12-16 16:07:41.337901|ioService-0x000071d2747fe640|[P2PService][Service][METRIC]heartBeat,connected count=3
info|2025-12-16 16:07:50.290644|timerFactory-0x000071d261bff640|[RPC][WS][SERVICE]connected nodes,count=0
info|2025-12-16 16:07:51.337927|ioService-0x000071d2747fe640|[P2PService][Service][METRIC]heartBeat,connected count=3
info|2025-12-16 16:07:58.546101|objMonitor-0x000071d24efff640|[startMonitor][AliveObjectMonitor],AliveObjectAllocStat=[ type: bcos::gateway::Socket ,created: 17 ,destroyed: 13 ,alive: 4 ] 
info|2025-12-16 16:08:00.290677|timerFactory-0x000071d261bff640|[RPC][WS][SERVICE]connected nodes,count=0
info|2025-12-16 16:08:01.337951|ioService-0x000071d2747fe640|[P2PService][Service][METRIC]heartBeat,connected count=3
info|2025-12-16 16:08:10.290717|timerFactory-0x000071d261bff640|[RPC][WS][SERVICE]connected nodes,count=0
info|2025-12-16 16:08:11.338025|ioService-0x000071d2747fe640|[P2PService][Service][METRIC]heartBeat,connected count=3
info|2025-12-16 16:08:20.290757|timerFactory-0x000071d261bff640|[RPC][WS][SERVICE]connected nodes,count=0
info|2025-12-16 16:08:21.338051|ioService-0x000071d2747fe640|[P2PService][Service][METRIC]heartBeat,connected count=3
info|2025-12-16 16:08:30.290797|timerFactory-0x000071d261bff640|[RPC][WS][SERVICE]connected nodes,count=0
info|2025-12-16 16:08:31.338083|ioService-0x000071d2747fe640|[P2PService][Service][METRIC]heartBeat,connected count=3
info|2025-12-16 16:08:40.290867|timerFactory-0x000071d261bff640|[RPC][WS][SERVICE]connected nodes,count=0
info|2025-12-16 16:08:41.338162|ioService-0x000071d2747fe640|[P2PService][Service][METRIC]heartBeat,connected count=3
info|2025-12-16 16:08:50.290982|timerFactory-0x000071d261bff640|[RPC][WS][SERVICE]connected nodes,count=0
info|2025-12-16 16:08:51.338207|ioService-0x000071d2747fe640|[P2PService][Service][METRIC]heartBeat,connected count=3
info|2025-12-16 16:08:58.546155|objMonitor-0x000071d24efff640|[startMonitor][AliveObjectMonitor],AliveObjectAllocStat=[ type: bcos::gateway::Socket ,created: 17 ,destroyed: 13 ,alive: 4 ] [ type: bcos::gateway::ResponseCallback ,created: 7749627 ,destroyed: 7749622 ,alive: 5 ] 
info|2025-12-16 16:09:00.291016|timerFactory-0x000071d261bff640|[RPC][WS][SERVICE]connected nodes,count=0
info|2025-12-16 16:09:01.338239|ioService-0x000071d2747fe640|[P2PService][Service][METRIC]heartBeat,connected count=3
info|2025-12-16 16:09:10.291108|timerFactory-0x000071d261bff640|[RPC][WS][SERVICE]connected nodes,count=0
info|2025-12-16 16:09:11.338282|ioService-0x000071d2747fe640|[P2PService][Service][METRIC]heartBeat,connected count=3
info|2025-12-16 16:09:20.291179|timerFactory-0x000071d261bff640|[RPC][WS][SERVICE]connected nodes,count=0
info|2025-12-16 16:09:21.338322|ioService-0x000071d2747fe640|[P2PService][Service][METRIC]heartBeat,connected count=3
info|2025-12-16 16:09:30.291200|timerFactory-0x000071d261bff640|[RPC][WS][SERVICE]connected nodes,count=0
info|2025-12-16 16:09:31.338356|ioService-0x000071d2747fe640|[P2PService][Service][METRIC]heartBeat,connected count=3
info|2025-12-16 16:09:40.291253|timerFactory-0x000071d261bff640|[RPC][WS][SERVICE]connected nodes,count=0
info|2025-12-16 16:09:41.338438|ioService-0x000071d2747fe640|[P2PService][Service][METRIC]heartBeat,connected count=3
info|2025-12-16 16:09:50.291326|timerFactory-0x000071d261bff640|[RPC][WS][SERVICE]connected nodes,count=0
info|2025-12-16 16:09:51.338509|ioService-0x000071d2747fe640|[P2PService][Service][METRIC]heartBeat,connected count=3
info|2025-12-16 16:09:58.546230|objMonitor-0x000071d24efff640|[startMonitor][AliveObjectMonitor],AliveObjectAllocStat=[ type: bcos::gateway::Socket ,created: 17 ,destroyed: 13 ,alive: 4 ] 
info|2025-12-16 16:10:00.291350|timerFactory-0x000071d261bff640|[RPC][WS][SERVICE]connected nodes,count=0
info|2025-12-16 16:10:01.338594|ioService-0x000071d2747fe640|[P2PService][Service][METRIC]heartBeat,connected count=3
info|2025-12-16 16:10:10.291381|timerFactory-0x000071d261bff640|[RPC][WS][SERVICE]connected nodes,count=0
info|2025-12-16 16:10:11.338670|ioService-0x000071d2747fe640|[P2PService][Service][METRIC]heartBeat,connected count=3
info|2025-12-16 16:10:20.291409|timerFactory-0x000071d261bff640|[RPC][WS][SERVICE]connected nodes,count=0
info|2025-12-16 16:10:21.338737|ioService-0x000071d2747fe640|[P2PService][Service][METRIC]heartBeat,connected count=3
info|2025-12-16 16:10:30.291436|timerFactory-0x000071d261bff640|[RPC][WS][SERVICE]connected nodes,count=0
info|2025-12-16 16:10:31.338813|ioService-0x000071d2747fe640|[P2PService][Service][METRIC]heartBeat,connected count=3
info|2025-12-16 16:10:40.291461|timerFactory-0x000071d261bff640|[RPC][WS][SERVICE]connected nodes,count=0
info|2025-12-16 16:10:41.338847|ioService-0x000071d2747fe640|[P2PService][Service][METRIC]heartBeat,connected count=3
info|2025-12-16 16:10:50.291487|timerFactory-0x000071d261bff640|[RPC][WS][SERVICE]connected nodes,count=0
info|2025-12-16 16:10:51.338884|ioService-0x000071d2747fe640|[P2PService][Service][METRIC]heartBeat,connected count=3
info|2025-12-16 16:10:58.546268|objMonitor-0x000071d24efff640|[startMonitor][AliveObjectMonitor],AliveObjectAllocStat=[ type: bcos::gateway::Socket ,created: 17 ,destroyed: 13 ,alive: 4 ] 
info|2025-12-16 16:11:00.291510|timerFactory-0x000071d261bff640|[RPC][WS][SERVICE]connected nodes,count=0
info|2025-12-16 16:11:01.338954|ioService-0x000071d2747fe640|[P2PService][Service][METRIC]heartBeat,connected count=3
info|2025-12-16 16:11:10.291562|timerFactory-0x000071d261bff640|[RPC][WS][SERVICE]connected nodes,count=0
info|2025-12-16 16:11:11.339091|ioService-0x000071d2747fe640|[P2PService][Service][METRIC]heartBeat,connected count=3
info|2025-12-16 16:11:20.291617|timerFactory-0x000071d261bff640|[RPC][WS][SERVICE]connected nodes,count=0
info|2025-12-16 16:11:21.339199|ioService-0x000071d2747fe640|[P2PService][Service][METRIC]heartBeat,connected count=3
info|2025-12-16 16:11:30.291648|timerFactory-0x000071d261bff640|[RPC][WS][SERVICE]connected nodes,count=0
info|2025-12-16 16:11:31.339270|ioService-0x000071d2747fe640|[P2PService][Service][METRIC]heartBeat,connected count=3
info|2025-12-16 16:11:40.291727|timerFactory-0x000071d261bff640|[RPC][WS][SERVICE]connected nodes,count=0
info|2025-12-16 16:11:41.339330|ioService-0x000071d2747fe640|[P2PService][Service][METRIC]heartBeat,connected count=3
info|2025-12-16 16:11:50.291788|timerFactory-0x000071d261bff640|[RPC][WS][SERVICE]connected nodes,count=0
info|2025-12-16 16:11:51.339413|ioService-0x000071d2747fe640|[P2PService][Service][METRIC]heartBeat,connected count=3
info|2025-12-16 16:11:58.546312|objMonitor-0x000071d24efff640|[startMonitor][AliveObjectMonitor],AliveObjectAllocStat=[ type: bcos::gateway::Socket ,created: 17 ,destroyed: 13 ,alive: 4 ] [ type: bcos::gateway::ResponseCallback ,created: 7752324 ,destroyed: 7752318 ,alive: 6 ] 
info|2025-12-16 16:12:00.291891|timerFactory-0x000071d261bff640|[RPC][WS][SERVICE]connected nodes,count=0
info|2025-12-16 16:12:01.339434|ioService-0x000071d2747fe640|[P2PService][Service][METRIC]heartBeat,connected count=3
info|2025-12-16 16:12:10.291910|timerFactory-0x000071d261bff640|[RPC][WS][SERVICE]connected nodes,count=0
info|2025-12-16 16:12:11.339456|ioService-0x000071d2747fe640|[P2PService][Service][METRIC]heartBeat,connected count=3
info|2025-12-16 16:12:20.291928|timerFactory-0x000071d261bff640|[RPC][WS][SERVICE]connected nodes,count=0
info|2025-12-16 16:12:21.339487|ioService-0x000071d2747fe640|[P2PService][Service][METRIC]heartBeat,connected count=3
info|2025-12-16 16:12:30.291946|timerFactory-0x000071d261bff640|[RPC][WS][SERVICE]connected nodes,count=0
info|2025-12-16 16:12:31.339513|ioService-0x000071d2747fe640|[P2PService][Service][METRIC]heartBeat,connected count=3
info|2025-12-16 16:12:40.291975|timerFactory-0x000071d261bff640|[RPC][WS][SERVICE]connected nodes,count=0
info|2025-12-16 16:12:41.339549|ioService-0x000071d2747fe640|[P2PService][Service][METRIC]heartBeat,connected count=3
info|2025-12-16 16:12:50.292003|timerFactory-0x000071d261bff640|[RPC][WS][SERVICE]connected nodes,count=0
info|2025-12-16 16:12:51.339620|ioService-0x000071d2747fe640|[P2PService][Service][METRIC]heartBeat,connected count=3
info|2025-12-16 16:12:58.546352|objMonitor-0x000071d24efff640|[startMonitor][AliveObjectMonitor],AliveObjectAllocStat=[ type: bcos::gateway::Socket ,created: 17 ,destroyed: 13 ,alive: 4 ] 
info|2025-12-16 16:13:00.292036|timerFactory-0x000071d261bff640|[RPC][WS][SERVICE]connected nodes,count=0
info|2025-12-16 16:13:01.339691|ioService-0x000071d2747fe640|[P2PService][Service][METRIC]heartBeat,connected count=3
info|2025-12-16 16:13:10.292110|timerFactory-0x000071d261bff640|[RPC][WS][SERVICE]connected nodes,count=0
info|2025-12-16 16:13:11.339838|ioService-0x000071d2747fe640|[P2PService][Service][METRIC]heartBeat,connected count=3
info|2025-12-16 16:13:20.292139|timerFactory-0x000071d261bff640|[RPC][WS][SERVICE]connected nodes,count=0
info|2025-12-16 16:13:21.339965|ioService-0x000071d2747fe640|[P2PService][Service][METRIC]heartBeat,connected count=3
info|2025-12-16 16:13:30.292181|timerFactory-0x000071d261bff640|[RPC][WS][SERVICE]connected nodes,count=0
info|2025-12-16 16:13:31.340026|ioService-0x000071d2747fe640|[P2PService][Service][METRIC]heartBeat,connected count=3
info|2025-12-16 16:13:40.292246|timerFactory-0x000071d261bff640|[RPC][WS][SERVICE]connected nodes,count=0
info|2025-12-16 16:13:41.340051|ioService-0x000071d2747fe640|[P2PService][Service][METRIC]heartBeat,connected count=3
info|2025-12-16 16:13:50.292280|timerFactory-0x000071d261bff640|[RPC][WS][SERVICE]connected nodes,count=0
info|2025-12-16 16:13:51.340093|ioService-0x000071d2747fe640|[P2PService][Service][METRIC]heartBeat,connected count=3
info|2025-12-16 16:13:58.546405|objMonitor-0x000071d24efff640|[startMonitor][AliveObjectMonitor],AliveObjectAllocStat=[ type: bcos::gateway::Socket ,created: 17 ,destroyed: 13 ,alive: 4 ] 
info|2025-12-16 16:14:00.292314|timerFactory-0x000071d261bff640|[RPC][WS][SERVICE]connected nodes,count=0
info|2025-12-16 16:14:01.340165|ioService-0x000071d2747fe640|[P2PService][Service][METRIC]heartBeat,connected count=3
info|2025-12-16 16:14:10.292342|timerFactory-0x000071d261bff640|[RPC][WS][SERVICE]connected nodes,count=0
info|2025-12-16 16:14:11.340339|ioService-0x000071d2747fe640|[P2PService][Service][METRIC]heartBeat,connected count=3
info|2025-12-16 16:14:20.292408|timerFactory-0x000071d261bff640|[RPC][WS][SERVICE]connected nodes,count=0
info|2025-12-16 16:14:21.340364|ioService-0x000071d2747fe640|[P2PService][Service][METRIC]heartBeat,connected count=3
info|2025-12-16 16:14:30.292475|timerFactory-0x000071d261bff640|[RPC][WS][SERVICE]connected nodes,count=0
info|2025-12-16 16:14:31.340430|ioService-0x000071d2747fe640|[P2PService][Service][METRIC]heartBeat,connected count=3
info|2025-12-16 16:14:40.292504|timerFactory-0x000071d261bff640|[RPC][WS][SERVICE]connected nodes,count=0
info|2025-12-16 16:14:41.340452|ioService-0x000071d2747fe640|[P2PService][Service][METRIC]heartBeat,connected count=3
info|2025-12-16 16:14:50.292534|timerFactory-0x000071d261bff640|[RPC][WS][SERVICE]connected nodes,count=0
info|2025-12-16 16:14:51.340542|ioService-0x000071d2747fe640|[P2PService][Service][METRIC]heartBeat,connected count=3
info|2025-12-16 16:14:58.546459|objMonitor-0x000071d24efff640|[startMonitor][AliveObjectMonitor],AliveObjectAllocStat=[ type: bcos::gateway::Socket ,created: 17 ,destroyed: 13 ,alive: 4 ] 
info|2025-12-16 16:15:00.292561|timerFactory-0x000071d261bff640|[RPC][WS][SERVICE]connected nodes,count=0
info|2025-12-16 16:15:01.340566|ioService-0x000071d2747fe640|[P2PService][Service][METRIC]heartBeat,connected count=3
info|2025-12-16 16:15:10.292593|timerFactory-0x000071d261bff640|[RPC][WS][SERVICE]connected nodes,count=0
info|2025-12-16 16:15:11.340591|ioService-0x000071d2747fe640|[P2PService][Service][METRIC]heartBeat,connected count=3
info|2025-12-16 16:15:20.292621|timerFactory-0x000071d261bff640|[RPC][WS][SERVICE]connected nodes,count=0
info|2025-12-16 16:15:21.340650|ioService-0x000071d2747fe640|[P2PService][Service][METRIC]heartBeat,connected count=3
info|2025-12-16 16:15:30.292649|timerFactory-0x000071d261bff640|[RPC][WS][SERVICE]connected nodes,count=0
info|2025-12-16 16:15:31.340745|ioService-0x000071d2747fe640|[P2PService][Service][METRIC]heartBeat,connected count=3
info|2025-12-16 16:15:40.292678|timerFactory-0x000071d261bff640|[RPC][WS][SERVICE]connected nodes,count=0
info|2025-12-16 16:15:41.340807|ioService-0x000071d2747fe640|[P2PService][Service][METRIC]heartBeat,connected count=3
info|2025-12-16 16:15:50.292704|timerFactory-0x000071d261bff640|[RPC][WS][SERVICE]connected nodes,count=0
info|2025-12-16 16:15:51.340838|ioService-0x000071d2747fe640|[P2PService][Service][METRIC]heartBeat,connected count=3
info|2025-12-16 16:15:58.546507|objMonitor-0x000071d24efff640|[startMonitor][AliveObjectMonitor],AliveObjectAllocStat=[ type: bcos::gateway::Socket ,created: 17 ,destroyed: 13 ,alive: 4 ] 
info|2025-12-16 16:16:00.292730|timerFactory-0x000071d261bff640|[RPC][WS][SERVICE]connected nodes,count=0
info|2025-12-16 16:16:01.340865|ioService-0x000071d2747fe640|[P2PService][Service][METRIC]heartBeat,connected count=3
info|2025-12-16 16:16:10.292756|timerFactory-0x000071d261bff640|[RPC][WS][SERVICE]connected nodes,count=0
info|2025-12-16 16:16:11.340894|ioService-0x000071d2747fe640|[P2PService][Service][METRIC]heartBeat,connected count=3
info|2025-12-16 16:16:20.292783|timerFactory-0x000071d261bff640|[RPC][WS][SERVICE]connected nodes,count=0
info|2025-12-16 16:16:21.340922|ioService-0x000071d2747fe640|[P2PService][Service][METRIC]heartBeat,connected count=3
info|2025-12-16 16:16:30.292811|timerFactory-0x000071d261bff640|[RPC][WS][SERVICE]connected nodes,count=0
info|2025-12-16 16:16:31.340953|ioService-0x000071d2747fe640|[P2PService][Service][METRIC]heartBeat,connected count=3
info|2025-12-16 16:16:40.292835|timerFactory-0x000071d261bff640|[RPC][WS][SERVICE]connected nodes,count=0
info|2025-12-16 16:16:41.340987|ioService-0x000071d2747fe640|[P2PService][Service][METRIC]heartBeat,connected count=3
info|2025-12-16 16:16:50.292862|timerFactory-0x000071d261bff640|[RPC][WS][SERVICE]connected nodes,count=0
info|2025-12-16 16:16:51.341092|ioService-0x000071d2747fe640|[P2PService][Service][METRIC]heartBeat,connected count=3
info|2025-12-16 16:16:58.546660|objMonitor-0x000071d24efff640|[startMonitor][AliveObjectMonitor],AliveObjectAllocStat=[ type: bcos::gateway::Socket ,created: 17 ,destroyed: 13 ,alive: 4 ] 
info|2025-12-16 16:17:00.292888|timerFactory-0x000071d261bff640|[RPC][WS][SERVICE]connected nodes,count=0
info|2025-12-16 16:17:01.341190|ioService-0x000071d2747fe640|[P2PService][Service][METRIC]heartBeat,connected count=3
info|2025-12-16 16:17:10.292916|timerFactory-0x000071d261bff640|[RPC][WS][SERVICE]connected nodes,count=0
info|2025-12-16 16:17:11.341280|ioService-0x000071d2747fe640|[P2PService][Service][METRIC]heartBeat,connected count=3
info|2025-12-16 16:17:20.292946|timerFactory-0x000071d261bff640|[RPC][WS][SERVICE]connected nodes,count=0
info|2025-12-16 16:17:21.341380|ioService-0x000071d2747fe640|[P2PService][Service][METRIC]heartBeat,connected count=3
info|2025-12-16 16:17:30.292977|timerFactory-0x000071d261bff640|[RPC][WS][SERVICE]connected nodes,count=0
info|2025-12-16 16:17:31.341492|ioService-0x000071d2747fe640|[P2PService][Service][METRIC]heartBeat,connected count=3
info|2025-12-16 16:17:40.293015|timerFactory-0x000071d261bff640|[RPC][WS][SERVICE]connected nodes,count=0
info|2025-12-16 16:17:41.341577|ioService-0x000071d2747fe640|[P2PService][Service][METRIC]heartBeat,connected count=3
info|2025-12-16 16:17:50.293043|timerFactory-0x000071d261bff640|[RPC][WS][SERVICE]connected nodes,count=0
info|2025-12-16 16:17:51.341602|ioService-0x000071d2747fe640|[P2PService][Service][METRIC]heartBeat,connected count=3
info|2025-12-16 16:17:58.546755|objMonitor-0x000071d24efff640|[startMonitor][AliveObjectMonitor],AliveObjectAllocStat=[ type: bcos::gateway::Socket ,created: 17 ,destroyed: 13 ,alive: 4 ] 
info|2025-12-16 16:18:00.293100|timerFactory-0x000071d261bff640|[RPC][WS][SERVICE]connected nodes,count=0
info|2025-12-16 16:18:01.341627|ioService-0x000071d2747fe640|[P2PService][Service][METRIC]heartBeat,connected count=3
info|2025-12-16 16:18:10.293136|timerFactory-0x000071d261bff640|[RPC][WS][SERVICE]connected nodes,count=0
info|2025-12-16 16:18:11.341651|ioService-0x000071d2747fe640|[P2PService][Service][METRIC]heartBeat,connected count=3
info|2025-12-16 16:18:20.293178|timerFactory-0x000071d261bff640|[RPC][WS][SERVICE]connected nodes,count=0
info|2025-12-16 16:18:21.341681|ioService-0x000071d2747fe640|[P2PService][Service][METRIC]heartBeat,connected count=3
info|2025-12-16 16:18:30.293217|timerFactory-0x000071d261bff640|[RPC][WS][SERVICE]connected nodes,count=0
info|2025-12-16 16:18:31.341716|ioService-0x000071d2747fe640|[P2PService][Service][METRIC]heartBeat,connected count=3
info|2025-12-16 16:18:40.293256|timerFactory-0x000071d261bff640|[RPC][WS][SERVICE]connected nodes,count=0
info|2025-12-16 16:18:41.341774|ioService-0x000071d2747fe640|[P2PService][Service][METRIC]heartBeat,connected count=3
info|2025-12-16 16:18:50.293291|timerFactory-0x000071d261bff640|[RPC][WS][SERVICE]connected nodes,count=0
info|2025-12-16 16:18:51.341819|ioService-0x000071d2747fe640|[P2PService][Service][METRIC]heartBeat,connected count=3
info|2025-12-16 16:18:58.546803|objMonitor-0x000071d24efff640|[startMonitor][AliveObjectMonitor],AliveObjectAllocStat=[ type: bcos::gateway::Socket ,created: 17 ,destroyed: 13 ,alive: 4 ] 
info|2025-12-16 16:19:00.293321|timerFactory-0x000071d261bff640|[RPC][WS][SERVICE]connected nodes,count=0
info|2025-12-16 16:19:01.341909|ioService-0x000071d2747fe640|[P2PService][Service][METRIC]heartBeat,connected count=3
info|2025-12-16 16:19:10.293355|timerFactory-0x000071d261bff640|[RPC][WS][SERVICE]connected nodes,count=0
info|2025-12-16 16:19:11.341945|ioService-0x000071d2747fe640|[P2PService][Service][METRIC]heartBeat,connected count=3
info|2025-12-16 16:19:20.293392|timerFactory-0x000071d261bff640|[RPC][WS][SERVICE]connected nodes,count=0
info|2025-12-16 16:19:21.342031|ioService-0x000071d2747fe640|[P2PService][Service][METRIC]heartBeat,connected count=3
info|2025-12-16 16:19:30.293429|timerFactory-0x000071d261bff640|[RPC][WS][SERVICE]connected nodes,count=0
info|2025-12-16 16:19:31.342052|ioService-0x000071d2747fe640|[P2PService][Service][METRIC]heartBeat,connected count=3
info|2025-12-16 16:19:40.293466|timerFactory-0x000071d261bff640|[RPC][WS][SERVICE]connected nodes,count=0
info|2025-12-16 16:19:41.342078|ioService-0x000071d2747fe640|[P2PService][Service][METRIC]heartBeat,connected count=3
info|2025-12-16 16:19:50.293505|timerFactory-0x000071d261bff640|[RPC][WS][SERVICE]connected nodes,count=0
info|2025-12-16 16:19:51.342106|ioService-0x000071d2747fe640|[P2PService][Service][METRIC]heartBeat,connected count=3
info|2025-12-16 16:19:58.546841|objMonitor-0x000071d24efff640|[startMonitor][AliveObjectMonitor],AliveObjectAllocStat=[ type: bcos::gateway::Socket ,created: 17 ,destroyed: 13 ,alive: 4 ] 
info|2025-12-16 16:20:00.293544|timerFactory-0x000071d261bff640|[RPC][WS][SERVICE]connected nodes,count=0
info|2025-12-16 16:20:01.342134|ioService-0x000071d2747fe640|[P2PService][Service][METRIC]heartBeat,connected count=3
info|2025-12-16 16:20:10.293582|timerFactory-0x000071d261bff640|[RPC][WS][SERVICE]connected nodes,count=0
info|2025-12-16 16:20:11.342175|ioService-0x000071d2747fe640|[P2PService][Service][METRIC]heartBeat,connected count=3
info|2025-12-16 16:20:20.293617|timerFactory-0x000071d261bff640|[RPC][WS][SERVICE]connected nodes,count=0
info|2025-12-16 16:20:21.342223|ioService-0x000071d2747fe640|[P2PService][Service][METRIC]heartBeat,connected count=3
info|2025-12-16 16:20:30.293657|timerFactory-0x000071d261bff640|[RPC][WS][SERVICE]connected nodes,count=0
info|2025-12-16 16:20:31.342269|ioService-0x000071d2747fe640|[P2PService][Service][METRIC]heartBeat,connected count=3
info|2025-12-16 16:20:40.293696|timerFactory-0x000071d261bff640|[RPC][WS][SERVICE]connected nodes,count=0
info|2025-12-16 16:20:41.342313|ioService-0x000071d2747fe640|[P2PService][Service][METRIC]heartBeat,connected count=3
info|2025-12-16 16:20:50.293783|timerFactory-0x000071d261bff640|[RPC][WS][SERVICE]connected nodes,count=0
info|2025-12-16 16:20:51.342360|ioService-0x000071d2747fe640|[P2PService][Service][METRIC]heartBeat,connected count=3
info|2025-12-16 16:20:58.546904|objMonitor-0x000071d24efff640|[startMonitor][AliveObjectMonitor],AliveObjectAllocStat=[ type: bcos::gateway::Socket ,created: 17 ,destroyed: 13 ,alive: 4 ] 
info|2025-12-16 16:21:00.293847|timerFactory-0x000071d261bff640|[RPC][WS][SERVICE]connected nodes,count=0
info|2025-12-16 16:21:01.342436|ioService-0x000071d2747fe640|[P2PService][Service][METRIC]heartBeat,connected count=3
info|2025-12-16 16:21:10.293878|timerFactory-0x000071d261bff640|[RPC][WS][SERVICE]connected nodes,count=0
info|2025-12-16 16:21:11.342530|ioService-0x000071d2747fe640|[P2PService][Service][METRIC]heartBeat,connected count=3
info|2025-12-16 16:21:20.293906|timerFactory-0x000071d261bff640|[RPC][WS][SERVICE]connected nodes,count=0
info|2025-12-16 16:21:21.342563|ioService-0x000071d2747fe640|[P2PService][Service][METRIC]heartBeat,connected count=3
info|2025-12-16 16:21:30.293936|timerFactory-0x000071d261bff640|[RPC][WS][SERVICE]connected nodes,count=0
info|2025-12-16 16:21:31.342590|ioService-0x000071d2747fe640|[P2PService][Service][METRIC]heartBeat,connected count=3
info|2025-12-16 16:21:40.293963|timerFactory-0x000071d261bff640|[RPC][WS][SERVICE]connected nodes,count=0
info|2025-12-16 16:21:41.342678|ioService-0x000071d2747fe640|[P2PService][Service][METRIC]heartBeat,connected count=3
info|2025-12-16 16:21:50.293993|timerFactory-0x000071d261bff640|[RPC][WS][SERVICE]connected nodes,count=0
info|2025-12-16 16:21:51.342710|ioService-0x000071d2747fe640|[P2PService][Service][METRIC]heartBeat,connected count=3
info|2025-12-16 16:21:58.546962|objMonitor-0x000071d24efff640|[startMonitor][AliveObjectMonitor],AliveObjectAllocStat=[ type: bcos::gateway::Socket ,created: 17 ,destroyed: 13 ,alive: 4 ] 
info|2025-12-16 16:22:00.294022|timerFactory-0x000071d261bff640|[RPC][WS][SERVICE]connected nodes,count=0
info|2025-12-16 16:22:01.342733|ioService-0x000071d2747fe640|[P2PService][Service][METRIC]heartBeat,connected count=3
info|2025-12-16 16:22:10.294054|timerFactory-0x000071d261bff640|[RPC][WS][SERVICE]connected nodes,count=0
info|2025-12-16 16:22:11.342797|ioService-0x000071d2747fe640|[P2PService][Service][METRIC]heartBeat,connected count=3
info|2025-12-16 16:22:20.294084|timerFactory-0x000071d261bff640|[RPC][WS][SERVICE]connected nodes,count=0
info|2025-12-16 16:22:21.342869|ioService-0x000071d2747fe640|[P2PService][Service][METRIC]heartBeat,connected count=3
info|2025-12-16 16:22:30.294116|timerFactory-0x000071d261bff640|[RPC][WS][SERVICE]connected nodes,count=0
info|2025-12-16 16:22:31.342896|ioService-0x000071d2747fe640|[P2PService][Service][METRIC]heartBeat,connected count=3
info|2025-12-16 16:22:40.294171|timerFactory-0x000071d261bff640|[RPC][WS][SERVICE]connected nodes,count=0
info|2025-12-16 16:22:41.342935|ioService-0x000071d2747fe640|[P2PService][Service][METRIC]heartBeat,connected count=3
info|2025-12-16 16:22:50.294266|timerFactory-0x000071d261bff640|[RPC][WS][SERVICE]connected nodes,count=0
info|2025-12-16 16:22:51.343020|ioService-0x000071d2747fe640|[P2PService][Service][METRIC]heartBeat,connected count=3
info|2025-12-16 16:22:58.547049|objMonitor-0x000071d24efff640|[startMonitor][AliveObjectMonitor],AliveObjectAllocStat=[ type: bcos::gateway::Socket ,created: 17 ,destroyed: 13 ,alive: 4 ] 
info|2025-12-16 16:23:00.294296|timerFactory-0x000071d261bff640|[RPC][WS][SERVICE]connected nodes,count=0
info|2025-12-16 16:23:01.343089|ioService-0x000071d2747fe640|[P2PService][Service][METRIC]heartBeat,connected count=3
info|2025-12-16 16:23:10.294335|timerFactory-0x000071d261bff640|[RPC][WS][SERVICE]connected nodes,count=0
info|2025-12-16 16:23:11.343154|ioService-0x000071d2747fe640|[P2PService][Service][METRIC]heartBeat,connected count=3
info|2025-12-16 16:23:20.294362|timerFactory-0x000071d261bff640|[RPC][WS][SERVICE]connected nodes,count=0
info|2025-12-16 16:23:21.343244|ioService-0x000071d2747fe640|[P2PService][Service][METRIC]heartBeat,connected count=3
info|2025-12-16 16:23:30.294426|timerFactory-0x000071d261bff640|[RPC][WS][SERVICE]connected nodes,count=0
info|2025-12-16 16:23:31.343323|ioService-0x000071d2747fe640|[P2PService][Service][METRIC]heartBeat,connected count=3
info|2025-12-16 16:23:40.294458|timerFactory-0x000071d261bff640|[RPC][WS][SERVICE]connected nodes,count=0
info|2025-12-16 16:23:41.343365|ioService-0x000071d2747fe640|[P2PService][Service][METRIC]heartBeat,connected count=3
info|2025-12-16 16:23:50.294490|timerFactory-0x000071d261bff640|[RPC][WS][SERVICE]connected nodes,count=0
info|2025-12-16 16:23:51.343527|ioService-0x000071d2747fe640|[P2PService][Service][METRIC]heartBeat,connected count=3
info|2025-12-16 16:23:58.547091|objMonitor-0x000071d24efff640|[startMonitor][AliveObjectMonitor],AliveObjectAllocStat=[ type: bcos::gateway::Socket ,created: 17 ,destroyed: 13 ,alive: 4 ] 
info|2025-12-16 16:24:00.294519|timerFactory-0x000071d261bff640|[RPC][WS][SERVICE]connected nodes,count=0
info|2025-12-16 16:24:01.343561|ioService-0x000071d2747fe640|[P2PService][Service][METRIC]heartBeat,connected count=3
info|2025-12-16 16:24:10.294579|timerFactory-0x000071d261bff640|[RPC][WS][SERVICE]connected nodes,count=0
info|2025-12-16 16:24:11.343728|ioService-0x000071d2747fe640|[P2PService][Service][METRIC]heartBeat,connected count=3
info|2025-12-16 16:24:20.294611|timerFactory-0x000071d261bff640|[RPC][WS][SERVICE]connected nodes,count=0
info|2025-12-16 16:24:21.343967|ioService-0x000071d2747fe640|[P2PService][Service][METRIC]heartBeat,connected count=3
info|2025-12-16 16:24:30.294641|timerFactory-0x000071d261bff640|[RPC][WS][SERVICE]connected nodes,count=0
info|2025-12-16 16:24:31.344056|ioService-0x000071d2747fe640|[P2PService][Service][METRIC]heartBeat,connected count=3
info|2025-12-16 16:24:40.294703|timerFactory-0x000071d261bff640|[RPC][WS][SERVICE]connected nodes,count=0
info|2025-12-16 16:24:41.344213|ioService-0x000071d2747fe640|[P2PService][Service][METRIC]heartBeat,connected count=3
info|2025-12-16 16:24:50.294733|timerFactory-0x000071d261bff640|[RPC][WS][SERVICE]connected nodes,count=0
info|2025-12-16 16:24:51.344244|ioService-0x000071d2747fe640|[P2PService][Service][METRIC]heartBeat,connected count=3
info|2025-12-16 16:24:58.547224|objMonitor-0x000071d24efff640|[startMonitor][AliveObjectMonitor],AliveObjectAllocStat=[ type: bcos::gateway::Socket ,created: 17 ,destroyed: 13 ,alive: 4 ] 
info|2025-12-16 16:25:00.294763|timerFactory-0x000071d261bff640|[RPC][WS][SERVICE]connected nodes,count=0
info|2025-12-16 16:25:01.344283|ioService-0x000071d2747fe640|[P2PService][Service][METRIC]heartBeat,connected count=3
info|2025-12-16 16:25:10.294836|timerFactory-0x000071d261bff640|[RPC][WS][SERVICE]connected nodes,count=0
info|2025-12-16 16:25:11.344319|ioService-0x000071d2747fe640|[P2PService][Service][METRIC]heartBeat,connected count=3
info|2025-12-16 16:25:20.294896|timerFactory-0x000071d261bff640|[RPC][WS][SERVICE]connected nodes,count=0
info|2025-12-16 16:25:21.344338|ioService-0x000071d2747fe640|[P2PService][Service][METRIC]heartBeat,connected count=3
info|2025-12-16 16:25:30.294924|timerFactory-0x000071d261bff640|[RPC][WS][SERVICE]connected nodes,count=0
info|2025-12-16 16:25:31.344363|ioService-0x000071d2747fe640|[P2PService][Service][METRIC]heartBeat,connected count=3
info|2025-12-16 16:25:40.295014|timerFactory-0x000071d261bff640|[RPC][WS][SERVICE]connected nodes,count=0
info|2025-12-16 16:25:41.344395|ioService-0x000071d2747fe640|[P2PService][Service][METRIC]heartBeat,connected count=3
info|2025-12-16 16:25:50.295080|timerFactory-0x000071d261bff640|[RPC][WS][SERVICE]connected nodes,count=0
info|2025-12-16 16:25:51.344467|ioService-0x000071d2747fe640|[P2PService][Service][METRIC]heartBeat,connected count=3
info|2025-12-16 16:25:58.547270|objMonitor-0x000071d24efff640|[startMonitor][AliveObjectMonitor],AliveObjectAllocStat=[ type: bcos::gateway::Socket ,created: 17 ,destroyed: 13 ,alive: 4 ] 
info|2025-12-16 16:26:00.295181|timerFactory-0x000071d261bff640|[RPC][WS][SERVICE]connected nodes,count=0
info|2025-12-16 16:26:01.344493|ioService-0x000071d2747fe640|[P2PService][Service][METRIC]heartBeat,connected count=3
info|2025-12-16 16:26:10.295208|timerFactory-0x000071d261bff640|[RPC][WS][SERVICE]connected nodes,count=0
info|2025-12-16 16:26:11.344562|ioService-0x000071d2747fe640|[P2PService][Service][METRIC]heartBeat,connected count=3
info|2025-12-16 16:26:20.295238|timerFactory-0x000071d261bff640|[RPC][WS][SERVICE]connected nodes,count=0
info|2025-12-16 16:26:21.344619|ioService-0x000071d2747fe640|[P2PService][Service][METRIC]heartBeat,connected count=3
info|2025-12-16 16:26:30.295357|timerFactory-0x000071d261bff640|[RPC][WS][SERVICE]connected nodes,count=0
info|2025-12-16 16:26:31.344650|ioService-0x000071d2747fe640|[P2PService][Service][METRIC]heartBeat,connected count=3
info|2025-12-16 16:26:40.295387|timerFactory-0x000071d261bff640|[RPC][WS][SERVICE]connected nodes,count=0
info|2025-12-16 16:26:41.344675|ioService-0x000071d2747fe640|[P2PService][Service][METRIC]heartBeat,connected count=3
info|2025-12-16 16:26:50.295424|timerFactory-0x000071d261bff640|[RPC][WS][SERVICE]connected nodes,count=0
info|2025-12-16 16:26:51.344706|ioService-0x000071d2747fe640|[P2PService][Service][METRIC]heartBeat,connected count=3
info|2025-12-16 16:26:58.547378|objMonitor-0x000071d24efff640|[startMonitor][AliveObjectMonitor],AliveObjectAllocStat=[ type: bcos::gateway::Socket ,created: 17 ,destroyed: 13 ,alive: 4 ] 
info|2025-12-16 16:27:00.295455|timerFactory-0x000071d261bff640|[RPC][WS][SERVICE]connected nodes,count=0
info|2025-12-16 16:27:01.344732|ioService-0x000071d2747fe640|[P2PService][Service][METRIC]heartBeat,connected count=3
info|2025-12-16 16:27:10.295519|timerFactory-0x000071d261bff640|[RPC][WS][SERVICE]connected nodes,count=0
info|2025-12-16 16:27:11.344753|ioService-0x000071d2747fe640|[P2PService][Service][METRIC]heartBeat,connected count=3
info|2025-12-16 16:27:20.295582|timerFactory-0x000071d261bff640|[RPC][WS][SERVICE]connected nodes,count=0
info|2025-12-16 16:27:21.344783|ioService-0x000071d2747fe640|[P2PService][Service][METRIC]heartBeat,connected count=3
info|2025-12-16 16:27:30.295615|timerFactory-0x000071d261bff640|[RPC][WS][SERVICE]connected nodes,count=0
info|2025-12-16 16:27:31.344864|ioService-0x000071d2747fe640|[P2PService][Service][METRIC]heartBeat,connected count=3
info|2025-12-16 16:27:40.295647|timerFactory-0x000071d261bff640|[RPC][WS][SERVICE]connected nodes,count=0
info|2025-12-16 16:27:41.344893|ioService-0x000071d2747fe640|[P2PService][Service][METRIC]heartBeat,connected count=3
info|2025-12-16 16:27:50.295716|timerFactory-0x000071d261bff640|[RPC][WS][SERVICE]connected nodes,count=0
info|2025-12-16 16:27:51.344921|ioService-0x000071d2747fe640|[P2PService][Service][METRIC]heartBeat,connected count=3
info|2025-12-16 16:27:58.547423|objMonitor-0x000071d24efff640|[startMonitor][AliveObjectMonitor],AliveObjectAllocStat=[ type: bcos::gateway::Socket ,created: 17 ,destroyed: 13 ,alive: 4 ] 
info|2025-12-16 16:28:00.295793|timerFactory-0x000071d261bff640|[RPC][WS][SERVICE]connected nodes,count=0
info|2025-12-16 16:28:01.344971|ioService-0x000071d2747fe640|[P2PService][Service][METRIC]heartBeat,connected count=3
info|2025-12-16 16:28:10.295826|timerFactory-0x000071d261bff640|[RPC][WS][SERVICE]connected nodes,count=0
info|2025-12-16 16:28:11.345065|ioService-0x000071d2747fe640|[P2PService][Service][METRIC]heartBeat,connected count=3
info|2025-12-16 16:28:20.295891|timerFactory-0x000071d261bff640|[RPC][WS][SERVICE]connected nodes,count=0
info|2025-12-16 16:28:21.345103|ioService-0x000071d2747fe640|[P2PService][Service][METRIC]heartBeat,connected count=3
info|2025-12-16 16:28:30.295923|timerFactory-0x000071d261bff640|[RPC][WS][SERVICE]connected nodes,count=0
info|2025-12-16 16:28:31.345137|ioService-0x000071d2747fe640|[P2PService][Service][METRIC]heartBeat,connected count=3
info|2025-12-16 16:28:40.295984|timerFactory-0x000071d261bff640|[RPC][WS][SERVICE]connected nodes,count=0
info|2025-12-16 16:28:41.345298|ioService-0x000071d2747fe640|[P2PService][Service][METRIC]heartBeat,connected count=3
info|2025-12-16 16:28:50.296037|timerFactory-0x000071d261bff640|[RPC][WS][SERVICE]connected nodes,count=0
info|2025-12-16 16:28:51.345517|ioService-0x000071d2747fe640|[P2PService][Service][METRIC]heartBeat,connected count=3
info|2025-12-16 16:28:58.547464|objMonitor-0x000071d24efff640|[startMonitor][AliveObjectMonitor],AliveObjectAllocStat=[ type: bcos::gateway::Socket ,created: 17 ,destroyed: 13 ,alive: 4 ] 
info|2025-12-16 16:29:00.296105|timerFactory-0x000071d261bff640|[RPC][WS][SERVICE]connected nodes,count=0
info|2025-12-16 16:29:01.345550|ioService-0x000071d2747fe640|[P2PService][Service][METRIC]heartBeat,connected count=3
info|2025-12-16 16:29:10.296167|timerFactory-0x000071d261bff640|[RPC][WS][SERVICE]connected nodes,count=0
info|2025-12-16 16:29:11.345649|ioService-0x000071d2747fe640|[P2PService][Service][METRIC]heartBeat,connected count=3
info|2025-12-16 16:29:20.296197|timerFactory-0x000071d261bff640|[RPC][WS][SERVICE]connected nodes,count=0
info|2025-12-16 16:29:21.345720|ioService-0x000071d2747fe640|[P2PService][Service][METRIC]heartBeat,connected count=3
info|2025-12-16 16:29:30.296260|timerFactory-0x000071d261bff640|[RPC][WS][SERVICE]connected nodes,count=0
info|2025-12-16 16:29:31.345805|ioService-0x000071d2747fe640|[P2PService][Service][METRIC]heartBeat,connected count=3
info|2025-12-16 16:29:40.296287|timerFactory-0x000071d261bff640|[RPC][WS][SERVICE]connected nodes,count=0
info|2025-12-16 16:29:41.345877|ioService-0x000071d2747fe640|[P2PService][Service][METRIC]heartBeat,connected count=3
info|2025-12-16 16:29:50.296318|timerFactory-0x000071d261bff640|[RPC][WS][SERVICE]connected nodes,count=0
info|2025-12-16 16:29:51.345910|ioService-0x000071d2747fe640|[P2PService][Service][METRIC]heartBeat,connected count=3
info|2025-12-16 16:29:58.547535|objMonitor-0x000071d24efff640|[startMonitor][AliveObjectMonitor],AliveObjectAllocStat=[ type: bcos::gateway::Socket ,created: 17 ,destroyed: 13 ,alive: 4 ] 
info|2025-12-16 16:30:00.296346|timerFactory-0x000071d261bff640|[RPC][WS][SERVICE]connected nodes,count=0
info|2025-12-16 16:30:01.345934|ioService-0x000071d2747fe640|[P2PService][Service][METRIC]heartBeat,connected count=3
info|2025-12-16 16:30:10.296380|timerFactory-0x000071d261bff640|[RPC][WS][SERVICE]connected nodes,count=0
info|2025-12-16 16:30:11.346053|ioService-0x000071d2747fe640|[P2PService][Service][METRIC]heartBeat,connected count=3
info|2025-12-16 16:30:20.296407|timerFactory-0x000071d261bff640|[RPC][WS][SERVICE]connected nodes,count=0
info|2025-12-16 16:30:21.346111|ioService-0x000071d2747fe640|[P2PService][Service][METRIC]heartBeat,connected count=3
info|2025-12-16 16:30:30.296435|timerFactory-0x000071d261bff640|[RPC][WS][SERVICE]connected nodes,count=0
info|2025-12-16 16:30:31.346187|ioService-0x000071d2747fe640|[P2PService][Service][METRIC]heartBeat,connected count=3
info|2025-12-16 16:30:40.296492|timerFactory-0x000071d261bff640|[RPC][WS][SERVICE]connected nodes,count=0
info|2025-12-16 16:30:41.346239|ioService-0x000071d2747fe640|[P2PService][Service][METRIC]heartBeat,connected count=3
info|2025-12-16 16:30:50.296520|timerFactory-0x000071d261bff640|[RPC][WS][SERVICE]connected nodes,count=0
info|2025-12-16 16:30:51.346261|ioService-0x000071d2747fe640|[P2PService][Service][METRIC]heartBeat,connected count=3
info|2025-12-16 16:30:58.547578|objMonitor-0x000071d24efff640|[startMonitor][AliveObjectMonitor],AliveObjectAllocStat=[ type: bcos::gateway::Socket ,created: 17 ,destroyed: 13 ,alive: 4 ] [ type: bcos::gateway::ResponseCallback ,created: 7769409 ,destroyed: 7769403 ,alive: 6 ] 
info|2025-12-16 16:31:00.296552|timerFactory-0x000071d261bff640|[RPC][WS][SERVICE]connected nodes,count=0
info|2025-12-16 16:31:01.346312|ioService-0x000071d2747fe640|[P2PService][Service][METRIC]heartBeat,connected count=3
info|2025-12-16 16:31:10.296584|timerFactory-0x000071d261bff640|[RPC][WS][SERVICE]connected nodes,count=0
info|2025-12-16 16:31:11.346396|ioService-0x000071d2747fe640|[P2PService][Service][METRIC]heartBeat,connected count=3
info|2025-12-16 16:31:20.296643|timerFactory-0x000071d261bff640|[RPC][WS][SERVICE]connected nodes,count=0
info|2025-12-16 16:31:21.346430|ioService-0x000071d2747fe640|[P2PService][Service][METRIC]heartBeat,connected count=3
info|2025-12-16 16:31:30.296712|timerFactory-0x000071d261bff640|[RPC][WS][SERVICE]connected nodes,count=0
info|2025-12-16 16:31:31.346455|ioService-0x000071d2747fe640|[P2PService][Service][METRIC]heartBeat,connected count=3
info|2025-12-16 16:31:40.296771|timerFactory-0x000071d261bff640|[RPC][WS][SERVICE]connected nodes,count=0
info|2025-12-16 16:31:41.346506|ioService-0x000071d2747fe640|[P2PService][Service][METRIC]heartBeat,connected count=3
info|2025-12-16 16:31:50.296808|timerFactory-0x000071d261bff640|[RPC][WS][SERVICE]connected nodes,count=0
info|2025-12-16 16:31:51.346575|ioService-0x000071d2747fe640|[P2PService][Service][METRIC]heartBeat,connected count=3
info|2025-12-16 16:31:58.547635|objMonitor-0x000071d24efff640|[startMonitor][AliveObjectMonitor],AliveObjectAllocStat=[ type: bcos::gateway::Socket ,created: 17 ,destroyed: 13 ,alive: 4 ] 
info|2025-12-16 16:32:00.296841|timerFactory-0x000071d261bff640|[RPC][WS][SERVICE]connected nodes,count=0
info|2025-12-16 16:32:01.346627|ioService-0x000071d2747fe640|[P2PService][Service][METRIC]heartBeat,connected count=3
info|2025-12-16 16:32:10.296909|timerFactory-0x000071d261bff640|[RPC][WS][SERVICE]connected nodes,count=0
info|2025-12-16 16:32:11.346748|ioService-0x000071d2747fe640|[P2PService][Service][METRIC]heartBeat,connected count=3
info|2025-12-16 16:32:20.296938|timerFactory-0x000071d261bff640|[RPC][WS][SERVICE]connected nodes,count=0
info|2025-12-16 16:32:21.346871|ioService-0x000071d2747fe640|[P2PService][Service][METRIC]heartBeat,connected count=3
info|2025-12-16 16:32:30.297007|timerFactory-0x000071d261bff640|[RPC][WS][SERVICE]connected nodes,count=0
info|2025-12-16 16:32:31.346942|ioService-0x000071d2747fe640|[P2PService][Service][METRIC]heartBeat,connected count=3
info|2025-12-16 16:32:40.297069|timerFactory-0x000071d261bff640|[RPC][WS][SERVICE]connected nodes,count=0
info|2025-12-16 16:32:41.347105|ioService-0x000071d2747fe640|[P2PService][Service][METRIC]heartBeat,connected count=3
info|2025-12-16 16:32:50.297100|timerFactory-0x000071d261bff640|[RPC][WS][SERVICE]connected nodes,count=0
info|2025-12-16 16:32:51.347193|ioService-0x000071d2747fe640|[P2PService][Service][METRIC]heartBeat,connected count=3
info|2025-12-16 16:32:58.547702|objMonitor-0x000071d24efff640|[startMonitor][AliveObjectMonitor],AliveObjectAllocStat=[ type: bcos::gateway::Socket ,created: 17 ,destroyed: 13 ,alive: 4 ] 
info|2025-12-16 16:33:00.297169|timerFactory-0x000071d261bff640|[RPC][WS][SERVICE]connected nodes,count=0
info|2025-12-16 16:33:01.347314|ioService-0x000071d2747fe640|[P2PService][Service][METRIC]heartBeat,connected count=3
info|2025-12-16 16:33:10.297243|timerFactory-0x000071d261bff640|[RPC][WS][SERVICE]connected nodes,count=0
info|2025-12-16 16:33:11.347403|ioService-0x000071d2747fe640|[P2PService][Service][METRIC]heartBeat,connected count=3
info|2025-12-16 16:33:20.297271|timerFactory-0x000071d261bff640|[RPC][WS][SERVICE]connected nodes,count=0
info|2025-12-16 16:33:21.347441|ioService-0x000071d2747fe640|[P2PService][Service][METRIC]heartBeat,connected count=3
info|2025-12-16 16:33:30.297304|timerFactory-0x000071d261bff640|[RPC][WS][SERVICE]connected nodes,count=0
info|2025-12-16 16:33:31.347537|ioService-0x000071d2747fe640|[P2PService][Service][METRIC]heartBeat,connected count=3
info|2025-12-16 16:33:40.297335|timerFactory-0x000071d261bff640|[RPC][WS][SERVICE]connected nodes,count=0
info|2025-12-16 16:33:41.347636|ioService-0x000071d2747fe640|[P2PService][Service][METRIC]heartBeat,connected count=3
info|2025-12-16 16:33:50.297367|timerFactory-0x000071d261bff640|[RPC][WS][SERVICE]connected nodes,count=0
info|2025-12-16 16:33:51.347659|ioService-0x000071d2747fe640|[P2PService][Service][METRIC]heartBeat,connected count=3
info|2025-12-16 16:33:58.547863|objMonitor-0x000071d24efff640|[startMonitor][AliveObjectMonitor],AliveObjectAllocStat=[ type: bcos::gateway::Socket ,created: 17 ,destroyed: 13 ,alive: 4 ] 
info|2025-12-16 16:34:00.297398|timerFactory-0x000071d261bff640|[RPC][WS][SERVICE]connected nodes,count=0
info|2025-12-16 16:34:01.347741|ioService-0x000071d2747fe640|[P2PService][Service][METRIC]heartBeat,connected count=3
info|2025-12-16 16:34:10.297428|timerFactory-0x000071d261bff640|[RPC][WS][SERVICE]connected nodes,count=0
info|2025-12-16 16:34:11.347781|ioService-0x000071d2747fe640|[P2PService][Service][METRIC]heartBeat,connected count=3
info|2025-12-16 16:34:20.297486|timerFactory-0x000071d261bff640|[RPC][WS][SERVICE]connected nodes,count=0
info|2025-12-16 16:34:21.347806|ioService-0x000071d2747fe640|[P2PService][Service][METRIC]heartBeat,connected count=3
info|2025-12-16 16:34:30.297517|timerFactory-0x000071d261bff640|[RPC][WS][SERVICE]connected nodes,count=0
info|2025-12-16 16:34:31.347962|ioService-0x000071d2747fe640|[P2PService][Service][METRIC]heartBeat,connected count=3
info|2025-12-16 16:34:40.297652|timerFactory-0x000071d261bff640|[RPC][WS][SERVICE]connected nodes,count=0
info|2025-12-16 16:34:41.347998|ioService-0x000071d2747fe640|[P2PService][Service][METRIC]heartBeat,connected count=3
info|2025-12-16 16:34:50.297683|timerFactory-0x000071d261bff640|[RPC][WS][SERVICE]connected nodes,count=0
info|2025-12-16 16:34:51.348063|ioService-0x000071d2747fe640|[P2PService][Service][METRIC]heartBeat,connected count=3
info|2025-12-16 16:34:58.547914|objMonitor-0x000071d24efff640|[startMonitor][AliveObjectMonitor],AliveObjectAllocStat=[ type: bcos::gateway::Socket ,created: 17 ,destroyed: 13 ,alive: 4 ] [ type: bcos::gateway::ResponseCallback ,created: 7773006 ,destroyed: 7773001 ,alive: 5 ] 
info|2025-12-16 16:35:00.297714|timerFactory-0x000071d261bff640|[RPC][WS][SERVICE]connected nodes,count=0
info|2025-12-16 16:35:01.348120|ioService-0x000071d2747fe640|[P2PService][Service][METRIC]heartBeat,connected count=3
info|2025-12-16 16:35:10.297748|timerFactory-0x000071d261bff640|[RPC][WS][SERVICE]connected nodes,count=0
info|2025-12-16 16:35:11.348193|ioService-0x000071d2747fe640|[P2PService][Service][METRIC]heartBeat,connected count=3
info|2025-12-16 16:35:20.297785|timerFactory-0x000071d261bff640|[RPC][WS][SERVICE]connected nodes,count=0
info|2025-12-16 16:35:21.348218|ioService-0x000071d2747fe640|[P2PService][Service][METRIC]heartBeat,connected count=3
info|2025-12-16 16:35:30.297818|timerFactory-0x000071d261bff640|[RPC][WS][SERVICE]connected nodes,count=0
info|2025-12-16 16:35:31.348283|ioService-0x000071d2747fe640|[P2PService][Service][METRIC]heartBeat,connected count=3
info|2025-12-16 16:35:40.297849|timerFactory-0x000071d261bff640|[RPC][WS][SERVICE]connected nodes,count=0
info|2025-12-16 16:35:41.348313|ioService-0x000071d2747fe640|[P2PService][Service][METRIC]heartBeat,connected count=3
info|2025-12-16 16:35:50.297879|timerFactory-0x000071d261bff640|[RPC][WS][SERVICE]connected nodes,count=0
info|2025-12-16 16:35:51.348343|ioService-0x000071d2747fe640|[P2PService][Service][METRIC]heartBeat,connected count=3
info|2025-12-16 16:35:58.548058|objMonitor-0x000071d24efff640|[startMonitor][AliveObjectMonitor],AliveObjectAllocStat=[ type: bcos::gateway::Socket ,created: 17 ,destroyed: 13 ,alive: 4 ] 
info|2025-12-16 16:36:00.297947|timerFactory-0x000071d261bff640|[RPC][WS][SERVICE]connected nodes,count=0
info|2025-12-16 16:36:01.348373|ioService-0x000071d2747fe640|[P2PService][Service][METRIC]heartBeat,connected count=3
info|2025-12-16 16:36:10.298010|timerFactory-0x000071d261bff640|[RPC][WS][SERVICE]connected nodes,count=0
info|2025-12-16 16:36:11.348405|ioService-0x000071d2747fe640|[P2PService][Service][METRIC]heartBeat,connected count=3
info|2025-12-16 16:36:20.298070|timerFactory-0x000071d261bff640|[RPC][WS][SERVICE]connected nodes,count=0
info|2025-12-16 16:36:21.348444|ioService-0x000071d2747fe640|[P2PService][Service][METRIC]heartBeat,connected count=3
info|2025-12-16 16:36:30.298141|timerFactory-0x000071d261bff640|[RPC][WS][SERVICE]connected nodes,count=0
info|2025-12-16 16:36:31.348485|ioService-0x000071d2747fe640|[P2PService][Service][METRIC]heartBeat,connected count=3
info|2025-12-16 16:36:40.298175|timerFactory-0x000071d261bff640|[RPC][WS][SERVICE]connected nodes,count=0
info|2025-12-16 16:36:41.348523|ioService-0x000071d2747fe640|[P2PService][Service][METRIC]heartBeat,connected count=3
info|2025-12-16 16:36:50.298206|timerFactory-0x000071d261bff640|[RPC][WS][SERVICE]connected nodes,count=0
info|2025-12-16 16:36:51.348559|ioService-0x000071d2747fe640|[P2PService][Service][METRIC]heartBeat,connected count=3
info|2025-12-16 16:36:58.548152|objMonitor-0x000071d24efff640|[startMonitor][AliveObjectMonitor],AliveObjectAllocStat=[ type: bcos::gateway::Socket ,created: 17 ,destroyed: 13 ,alive: 4 ] 
info|2025-12-16 16:37:00.298240|timerFactory-0x000071d261bff640|[RPC][WS][SERVICE]connected nodes,count=0
info|2025-12-16 16:37:01.348598|ioService-0x000071d2747fe640|[P2PService][Service][METRIC]heartBeat,connected count=3
info|2025-12-16 16:37:10.298270|timerFactory-0x000071d261bff640|[RPC][WS][SERVICE]connected nodes,count=0
info|2025-12-16 16:37:11.348651|ioService-0x000071d2747fe640|[P2PService][Service][METRIC]heartBeat,connected count=3
info|2025-12-16 16:37:20.298298|timerFactory-0x000071d261bff640|[RPC][WS][SERVICE]connected nodes,count=0
info|2025-12-16 16:37:21.348688|ioService-0x000071d2747fe640|[P2PService][Service][METRIC]heartBeat,connected count=3
info|2025-12-16 16:37:30.298329|timerFactory-0x000071d261bff640|[RPC][WS][SERVICE]connected nodes,count=0
info|2025-12-16 16:37:31.348721|ioService-0x000071d2747fe640|[P2PService][Service][METRIC]heartBeat,connected count=3
info|2025-12-16 16:37:40.298358|timerFactory-0x000071d261bff640|[RPC][WS][SERVICE]connected nodes,count=0
info|2025-12-16 16:37:41.348814|ioService-0x000071d2747fe640|[P2PService][Service][METRIC]heartBeat,connected count=3
info|2025-12-16 16:37:50.298389|timerFactory-0x000071d261bff640|[RPC][WS][SERVICE]connected nodes,count=0
info|2025-12-16 16:37:51.348912|ioService-0x000071d2747fe640|[P2PService][Service][METRIC]heartBeat,connected count=3
info|2025-12-16 16:37:58.548294|objMonitor-0x000071d24efff640|[startMonitor][AliveObjectMonitor],AliveObjectAllocStat=[ type: bcos::gateway::Socket ,created: 17 ,destroyed: 13 ,alive: 4 ] 
info|2025-12-16 16:38:00.298419|timerFactory-0x000071d261bff640|[RPC][WS][SERVICE]connected nodes,count=0
info|2025-12-16 16:38:01.348949|ioService-0x000071d2747fe640|[P2PService][Service][METRIC]heartBeat,connected count=3
info|2025-12-16 16:38:10.298449|timerFactory-0x000071d261bff640|[RPC][WS][SERVICE]connected nodes,count=0
info|2025-12-16 16:38:11.348992|ioService-0x000071d2747fe640|[P2PService][Service][METRIC]heartBeat,connected count=3
info|2025-12-16 16:38:20.298477|timerFactory-0x000071d261bff640|[RPC][WS][SERVICE]connected nodes,count=0
info|2025-12-16 16:38:21.349023|ioService-0x000071d2747fe640|[P2PService][Service][METRIC]heartBeat,connected count=3
info|2025-12-16 16:38:30.298510|timerFactory-0x000071d261bff640|[RPC][WS][SERVICE]connected nodes,count=0
info|2025-12-16 16:38:31.349050|ioService-0x000071d2747fe640|[P2PService][Service][METRIC]heartBeat,connected count=3
info|2025-12-16 16:38:40.298550|timerFactory-0x000071d261bff640|[RPC][WS][SERVICE]connected nodes,count=0
info|2025-12-16 16:38:41.349074|ioService-0x000071d2747fe640|[P2PService][Service][METRIC]heartBeat,connected count=3
info|2025-12-16 16:38:50.298580|timerFactory-0x000071d261bff640|[RPC][WS][SERVICE]connected nodes,count=0
info|2025-12-16 16:38:51.349107|ioService-0x000071d2747fe640|[P2PService][Service][METRIC]heartBeat,connected count=3
info|2025-12-16 16:38:58.548333|objMonitor-0x000071d24efff640|[startMonitor][AliveObjectMonitor],AliveObjectAllocStat=[ type: bcos::gateway::Socket ,created: 17 ,destroyed: 13 ,alive: 4 ] [ type: bcos::gateway::ResponseCallback ,created: 7776603 ,destroyed: 7776598 ,alive: 5 ] 
info|2025-12-16 16:39:00.298607|timerFactory-0x000071d261bff640|[RPC][WS][SERVICE]connected nodes,count=0
info|2025-12-16 16:39:01.349151|ioService-0x000071d2747fe640|[P2PService][Service][METRIC]heartBeat,connected count=3
info|2025-12-16 16:39:10.298664|timerFactory-0x000071d261bff640|[RPC][WS][SERVICE]connected nodes,count=0
info|2025-12-16 16:39:11.349339|ioService-0x000071d2747fe640|[P2PService][Service][METRIC]heartBeat,connected count=3
info|2025-12-16 16:39:20.298715|timerFactory-0x000071d261bff640|[RPC][WS][SERVICE]connected nodes,count=0
info|2025-12-16 16:39:21.349369|ioService-0x000071d2747fe640|[P2PService][Service][METRIC]heartBeat,connected count=3
info|2025-12-16 16:39:30.298791|timerFactory-0x000071d261bff640|[RPC][WS][SERVICE]connected nodes,count=0
info|2025-12-16 16:39:31.349400|ioService-0x000071d2747fe640|[P2PService][Service][METRIC]heartBeat,connected count=3
info|2025-12-16 16:39:40.298824|timerFactory-0x000071d261bff640|[RPC][WS][SERVICE]connected nodes,count=0
info|2025-12-16 16:39:41.349465|ioService-0x000071d2747fe640|[P2PService][Service][METRIC]heartBeat,connected count=3
info|2025-12-16 16:39:50.298887|timerFactory-0x000071d261bff640|[RPC][WS][SERVICE]connected nodes,count=0
info|2025-12-16 16:39:51.349547|ioService-0x000071d2747fe640|[P2PService][Service][METRIC]heartBeat,connected count=3
info|2025-12-16 16:39:58.548500|objMonitor-0x000071d24efff640|[startMonitor][AliveObjectMonitor],AliveObjectAllocStat=[ type: bcos::gateway::Socket ,created: 17 ,destroyed: 13 ,alive: 4 ] 
info|2025-12-16 16:40:00.298917|timerFactory-0x000071d261bff640|[RPC][WS][SERVICE]connected nodes,count=0
info|2025-12-16 16:40:01.349581|ioService-0x000071d2747fe640|[P2PService][Service][METRIC]heartBeat,connected count=3
info|2025-12-16 16:40:10.298946|timerFactory-0x000071d261bff640|[RPC][WS][SERVICE]connected nodes,count=0
info|2025-12-16 16:40:11.349621|ioService-0x000071d2747fe640|[P2PService][Service][METRIC]heartBeat,connected count=3
info|2025-12-16 16:40:20.299005|timerFactory-0x000071d261bff640|[RPC][WS][SERVICE]connected nodes,count=0
info|2025-12-16 16:40:21.349718|ioService-0x000071d2747fe640|[P2PService][Service][METRIC]heartBeat,connected count=3
info|2025-12-16 16:40:30.299036|timerFactory-0x000071d261bff640|[RPC][WS][SERVICE]connected nodes,count=0
info|2025-12-16 16:40:31.349872|ioService-0x000071d2747fe640|[P2PService][Service][METRIC]heartBeat,connected count=3
info|2025-12-16 16:40:40.299096|timerFactory-0x000071d261bff640|[RPC][WS][SERVICE]connected nodes,count=0
info|2025-12-16 16:40:41.349945|ioService-0x000071d2747fe640|[P2PService][Service][METRIC]heartBeat,connected count=3
info|2025-12-16 16:40:50.299124|timerFactory-0x000071d261bff640|[RPC][WS][SERVICE]connected nodes,count=0
info|2025-12-16 16:40:51.350024|ioService-0x000071d2747fe640|[P2PService][Service][METRIC]heartBeat,connected count=3
info|2025-12-16 16:40:58.548549|objMonitor-0x000071d24efff640|[startMonitor][AliveObjectMonitor],AliveObjectAllocStat=[ type: bcos::gateway::Socket ,created: 17 ,destroyed: 13 ,alive: 4 ] 
info|2025-12-16 16:41:00.299185|timerFactory-0x000071d261bff640|[RPC][WS][SERVICE]connected nodes,count=0
info|2025-12-16 16:41:01.350093|ioService-0x000071d2747fe640|[P2PService][Service][METRIC]heartBeat,connected count=3
info|2025-12-16 16:41:10.299223|timerFactory-0x000071d261bff640|[RPC][WS][SERVICE]connected nodes,count=0
info|2025-12-16 16:41:11.350159|ioService-0x000071d2747fe640|[P2PService][Service][METRIC]heartBeat,connected count=3
info|2025-12-16 16:41:20.299292|timerFactory-0x000071d261bff640|[RPC][WS][SERVICE]connected nodes,count=0
info|2025-12-16 16:41:21.350258|ioService-0x000071d2747fe640|[P2PService][Service][METRIC]heartBeat,connected count=3
info|2025-12-16 16:41:30.299339|timerFactory-0x000071d261bff640|[RPC][WS][SERVICE]connected nodes,count=0
info|2025-12-16 16:41:31.350396|ioService-0x000071d2747fe640|[P2PService][Service][METRIC]heartBeat,connected count=3
info|2025-12-16 16:41:40.299375|timerFactory-0x000071d261bff640|[RPC][WS][SERVICE]connected nodes,count=0
info|2025-12-16 16:41:41.350421|ioService-0x000071d2747fe640|[P2PService][Service][METRIC]heartBeat,connected count=3
info|2025-12-16 16:41:50.299411|timerFactory-0x000071d261bff640|[RPC][WS][SERVICE]connected nodes,count=0
info|2025-12-16 16:41:51.350495|ioService-0x000071d2747fe640|[P2PService][Service][METRIC]heartBeat,connected count=3
info|2025-12-16 16:41:58.548600|objMonitor-0x000071d24efff640|[startMonitor][AliveObjectMonitor],AliveObjectAllocStat=[ type: bcos::gateway::Socket ,created: 17 ,destroyed: 13 ,alive: 4 ] 
info|2025-12-16 16:42:00.299444|timerFactory-0x000071d261bff640|[RPC][WS][SERVICE]connected nodes,count=0
info|2025-12-16 16:42:01.350515|ioService-0x000071d2747fe640|[P2PService][Service][METRIC]heartBeat,connected count=3
info|2025-12-16 16:42:10.299504|timerFactory-0x000071d261bff640|[RPC][WS][SERVICE]connected nodes,count=0
info|2025-12-16 16:42:11.350535|ioService-0x000071d2747fe640|[P2PService][Service][METRIC]heartBeat,connected count=3
info|2025-12-16 16:42:20.299605|timerFactory-0x000071d261bff640|[RPC][WS][SERVICE]connected nodes,count=0
info|2025-12-16 16:42:21.350556|ioService-0x000071d2747fe640|[P2PService][Service][METRIC]heartBeat,connected count=3
info|2025-12-16 16:42:30.299633|timerFactory-0x000071d261bff640|[RPC][WS][SERVICE]connected nodes,count=0
info|2025-12-16 16:42:31.350577|ioService-0x000071d2747fe640|[P2PService][Service][METRIC]heartBeat,connected count=3
info|2025-12-16 16:42:40.299659|timerFactory-0x000071d261bff640|[RPC][WS][SERVICE]connected nodes,count=0
info|2025-12-16 16:42:41.350741|ioService-0x000071d2747fe640|[P2PService][Service][METRIC]heartBeat,connected count=3
info|2025-12-16 16:42:50.299717|timerFactory-0x000071d261bff640|[RPC][WS][SERVICE]connected nodes,count=0
info|2025-12-16 16:42:51.350810|ioService-0x000071d2747fe640|[P2PService][Service][METRIC]heartBeat,connected count=3
info|2025-12-16 16:42:58.548776|objMonitor-0x000071d24efff640|[startMonitor][AliveObjectMonitor],AliveObjectAllocStat=[ type: bcos::gateway::Socket ,created: 17 ,destroyed: 13 ,alive: 4 ] [ type: bcos::gateway::ResponseCallback ,created: 7780200 ,destroyed: 7780194 ,alive: 6 ] 
info|2025-12-16 16:43:00.299794|timerFactory-0x000071d261bff640|[RPC][WS][SERVICE]connected nodes,count=0
info|2025-12-16 16:43:01.350876|ioService-0x000071d2747fe640|[P2PService][Service][METRIC]heartBeat,connected count=3
info|2025-12-16 16:43:10.299824|timerFactory-0x000071d261bff640|[RPC][WS][SERVICE]connected nodes,count=0
info|2025-12-16 16:43:11.350927|ioService-0x000071d2747fe640|[P2PService][Service][METRIC]heartBeat,connected count=3
info|2025-12-16 16:43:20.299851|timerFactory-0x000071d261bff640|[RPC][WS][SERVICE]connected nodes,count=0
info|2025-12-16 16:43:21.350999|ioService-0x000071d2747fe640|[P2PService][Service][METRIC]heartBeat,connected count=3
info|2025-12-16 16:43:30.299877|timerFactory-0x000071d261bff640|[RPC][WS][SERVICE]connected nodes,count=0
info|2025-12-16 16:43:31.351083|ioService-0x000071d2747fe640|[P2PService][Service][METRIC]heartBeat,connected count=3
info|2025-12-16 16:43:40.299917|timerFactory-0x000071d261bff640|[RPC][WS][SERVICE]connected nodes,count=0
info|2025-12-16 16:43:41.351111|ioService-0x000071d2747fe640|[P2PService][Service][METRIC]heartBeat,connected count=3
info|2025-12-16 16:43:50.299953|timerFactory-0x000071d261bff640|[RPC][WS][SERVICE]connected nodes,count=0
info|2025-12-16 16:43:51.351158|ioService-0x000071d2747fe640|[P2PService][Service][METRIC]heartBeat,connected count=3
info|2025-12-16 16:43:58.548863|objMonitor-0x000071d24efff640|[startMonitor][AliveObjectMonitor],AliveObjectAllocStat=[ type: bcos::gateway::Socket ,created: 17 ,destroyed: 13 ,alive: 4 ] 
info|2025-12-16 16:44:00.299984|timerFactory-0x000071d261bff640|[RPC][WS][SERVICE]connected nodes,count=0
info|2025-12-16 16:44:01.351254|ioService-0x000071d2747fe640|[P2PService][Service][METRIC]heartBeat,connected count=3
info|2025-12-16 16:44:10.300066|timerFactory-0x000071d261bff640|[RPC][WS][SERVICE]connected nodes,count=0
info|2025-12-16 16:44:11.351355|ioService-0x000071d2747fe640|[P2PService][Service][METRIC]heartBeat,connected count=3
info|2025-12-16 16:44:20.300097|timerFactory-0x000071d261bff640|[RPC][WS][SERVICE]connected nodes,count=0
info|2025-12-16 16:44:21.351376|ioService-0x000071d2747fe640|[P2PService][Service][METRIC]heartBeat,connected count=3
info|2025-12-16 16:44:30.300132|timerFactory-0x000071d261bff640|[RPC][WS][SERVICE]connected nodes,count=0
info|2025-12-16 16:44:31.351401|ioService-0x000071d2747fe640|[P2PService][Service][METRIC]heartBeat,connected count=3
info|2025-12-16 16:44:40.300223|timerFactory-0x000071d261bff640|[RPC][WS][SERVICE]connected nodes,count=0
info|2025-12-16 16:44:41.351466|ioService-0x000071d2747fe640|[P2PService][Service][METRIC]heartBeat,connected count=3
info|2025-12-16 16:44:50.300284|timerFactory-0x000071d261bff640|[RPC][WS][SERVICE]connected nodes,count=0
info|2025-12-16 16:44:51.351563|ioService-0x000071d2747fe640|[P2PService][Service][METRIC]heartBeat,connected count=3
info|2025-12-16 16:44:58.548907|objMonitor-0x000071d24efff640|[startMonitor][AliveObjectMonitor],AliveObjectAllocStat=[ type: bcos::gateway::Socket ,created: 17 ,destroyed: 13 ,alive: 4 ] 
info|2025-12-16 16:45:00.300350|timerFactory-0x000071d261bff640|[RPC][WS][SERVICE]connected nodes,count=0
info|2025-12-16 16:45:01.351645|ioService-0x000071d2747fe640|[P2PService][Service][METRIC]heartBeat,connected count=3
info|2025-12-16 16:45:10.300379|timerFactory-0x000071d261bff640|[RPC][WS][SERVICE]connected nodes,count=0
info|2025-12-16 16:45:11.351716|ioService-0x000071d2747fe640|[P2PService][Service][METRIC]heartBeat,connected count=3
info|2025-12-16 16:45:20.300415|timerFactory-0x000071d261bff640|[RPC][WS][SERVICE]connected nodes,count=0
info|2025-12-16 16:45:21.351864|ioService-0x000071d2747fe640|[P2PService][Service][METRIC]heartBeat,connected count=3
info|2025-12-16 16:45:30.300446|timerFactory-0x000071d261bff640|[RPC][WS][SERVICE]connected nodes,count=0
info|2025-12-16 16:45:31.351933|ioService-0x000071d2747fe640|[P2PService][Service][METRIC]heartBeat,connected count=3
info|2025-12-16 16:45:40.300490|timerFactory-0x000071d261bff640|[RPC][WS][SERVICE]connected nodes,count=0
info|2025-12-16 16:45:41.352034|ioService-0x000071d2747fe640|[P2PService][Service][METRIC]heartBeat,connected count=3
info|2025-12-16 16:45:50.300519|timerFactory-0x000071d261bff640|[RPC][WS][SERVICE]connected nodes,count=0
info|2025-12-16 16:45:51.352119|ioService-0x000071d2747fe640|[P2PService][Service][METRIC]heartBeat,connected count=3
info|2025-12-16 16:45:58.548946|objMonitor-0x000071d24efff640|[startMonitor][AliveObjectMonitor],AliveObjectAllocStat=[ type: bcos::gateway::Socket ,created: 17 ,destroyed: 13 ,alive: 4 ] 
info|2025-12-16 16:46:00.300545|timerFactory-0x000071d261bff640|[RPC][WS][SERVICE]connected nodes,count=0
info|2025-12-16 16:46:01.352144|ioService-0x000071d2747fe640|[P2PService][Service][METRIC]heartBeat,connected count=3
info|2025-12-16 16:46:10.300581|timerFactory-0x000071d261bff640|[RPC][WS][SERVICE]connected nodes,count=0
info|2025-12-16 16:46:11.352258|ioService-0x000071d2747fe640|[P2PService][Service][METRIC]heartBeat,connected count=3
info|2025-12-16 16:46:20.300612|timerFactory-0x000071d261bff640|[RPC][WS][SERVICE]connected nodes,count=0
info|2025-12-16 16:46:21.352293|ioService-0x000071d2747fe640|[P2PService][Service][METRIC]heartBeat,connected count=3
info|2025-12-16 16:46:30.300637|timerFactory-0x000071d261bff640|[RPC][WS][SERVICE]connected nodes,count=0
info|2025-12-16 16:46:31.352323|ioService-0x000071d2747fe640|[P2PService][Service][METRIC]heartBeat,connected count=3
info|2025-12-16 16:46:40.300766|timerFactory-0x000071d261bff640|[RPC][WS][SERVICE]connected nodes,count=0
info|2025-12-16 16:46:41.352342|ioService-0x000071d2747fe640|[P2PService][Service][METRIC]heartBeat,connected count=3
info|2025-12-16 16:46:50.300808|timerFactory-0x000071d261bff640|[RPC][WS][SERVICE]connected nodes,count=0
info|2025-12-16 16:46:51.352365|ioService-0x000071d2747fe640|[P2PService][Service][METRIC]heartBeat,connected count=3
info|2025-12-16 16:46:58.548986|objMonitor-0x000071d24efff640|[startMonitor][AliveObjectMonitor],AliveObjectAllocStat=[ type: bcos::gateway::Socket ,created: 17 ,destroyed: 13 ,alive: 4 ] [ type: bcos::gateway::ResponseCallback ,created: 7783797 ,destroyed: 7783792 ,alive: 5 ] 
info|2025-12-16 16:47:00.300845|timerFactory-0x000071d261bff640|[RPC][WS][SERVICE]connected nodes,count=0
info|2025-12-16 16:47:01.352430|ioService-0x000071d2747fe640|[P2PService][Service][METRIC]heartBeat,connected count=3
info|2025-12-16 16:47:10.300916|timerFactory-0x000071d261bff640|[RPC][WS][SERVICE]connected nodes,count=0
info|2025-12-16 16:47:11.352556|ioService-0x000071d2747fe640|[P2PService][Service][METRIC]heartBeat,connected count=3
info|2025-12-16 16:47:20.300991|timerFactory-0x000071d261bff640|[RPC][WS][SERVICE]connected nodes,count=0
info|2025-12-16 16:47:21.352640|ioService-0x000071d2747fe640|[P2PService][Service][METRIC]heartBeat,connected count=3
info|2025-12-16 16:47:30.301038|timerFactory-0x000071d261bff640|[RPC][WS][SERVICE]connected nodes,count=0
info|2025-12-16 16:47:31.352743|ioService-0x000071d2747fe640|[P2PService][Service][METRIC]heartBeat,connected count=3
info|2025-12-16 16:47:40.301108|timerFactory-0x000071d261bff640|[RPC][WS][SERVICE]connected nodes,count=0
info|2025-12-16 16:47:41.352859|ioService-0x000071d2747fe640|[P2PService][Service][METRIC]heartBeat,connected count=3
info|2025-12-16 16:47:50.301202|timerFactory-0x000071d261bff640|[RPC][WS][SERVICE]connected nodes,count=0
info|2025-12-16 16:47:51.352899|ioService-0x000071d2747fe640|[P2PService][Service][METRIC]heartBeat,connected count=3
info|2025-12-16 16:47:58.549032|objMonitor-0x000071d24efff640|[startMonitor][AliveObjectMonitor],AliveObjectAllocStat=[ type: bcos::gateway::Socket ,created: 17 ,destroyed: 13 ,alive: 4 ] 
info|2025-12-16 16:48:00.301256|timerFactory-0x000071d261bff640|[RPC][WS][SERVICE]connected nodes,count=0
info|2025-12-16 16:48:01.352924|ioService-0x000071d2747fe640|[P2PService][Service][METRIC]heartBeat,connected count=3
info|2025-12-16 16:48:10.301306|timerFactory-0x000071d261bff640|[RPC][WS][SERVICE]connected nodes,count=0
info|2025-12-16 16:48:11.353080|ioService-0x000071d2747fe640|[P2PService][Service][METRIC]heartBeat,connected count=3
info|2025-12-16 16:48:20.301324|timerFactory-0x000071d261bff640|[RPC][WS][SERVICE]connected nodes,count=0
info|2025-12-16 16:48:21.353165|ioService-0x000071d2747fe640|[P2PService][Service][METRIC]heartBeat,connected count=3
info|2025-12-16 16:48:30.301342|timerFactory-0x000071d261bff640|[RPC][WS][SERVICE]connected nodes,count=0
info|2025-12-16 16:48:31.353307|ioService-0x000071d2747fe640|[P2PService][Service][METRIC]heartBeat,connected count=3
info|2025-12-16 16:48:40.301372|timerFactory-0x000071d261bff640|[RPC][WS][SERVICE]connected nodes,count=0
info|2025-12-16 16:48:41.353334|ioService-0x000071d2747fe640|[P2PService][Service][METRIC]heartBeat,connected count=3
info|2025-12-16 16:48:50.301398|timerFactory-0x000071d261bff640|[RPC][WS][SERVICE]connected nodes,count=0
info|2025-12-16 16:48:51.353356|ioService-0x000071d2747fe640|[P2PService][Service][METRIC]heartBeat,connected count=3
info|2025-12-16 16:48:58.549073|objMonitor-0x000071d24efff640|[startMonitor][AliveObjectMonitor],AliveObjectAllocStat=[ type: bcos::gateway::Socket ,created: 17 ,destroyed: 13 ,alive: 4 ] 
info|2025-12-16 16:49:00.301417|timerFactory-0x000071d261bff640|[RPC][WS][SERVICE]connected nodes,count=0
info|2025-12-16 16:49:01.353384|ioService-0x000071d2747fe640|[P2PService][Service][METRIC]heartBeat,connected count=3
info|2025-12-16 16:49:10.301436|timerFactory-0x000071d261bff640|[RPC][WS][SERVICE]connected nodes,count=0
info|2025-12-16 16:49:11.353460|ioService-0x000071d2747fe640|[P2PService][Service][METRIC]heartBeat,connected count=3
info|2025-12-16 16:49:20.301485|timerFactory-0x000071d261bff640|[RPC][WS][SERVICE]connected nodes,count=0
info|2025-12-16 16:49:21.353484|ioService-0x000071d2747fe640|[P2PService][Service][METRIC]heartBeat,connected count=3
info|2025-12-16 16:49:30.301544|timerFactory-0x000071d261bff640|[RPC][WS][SERVICE]connected nodes,count=0
info|2025-12-16 16:49:31.353563|ioService-0x000071d2747fe640|[P2PService][Service][METRIC]heartBeat,connected count=3
info|2025-12-16 16:49:40.301600|timerFactory-0x000071d261bff640|[RPC][WS][SERVICE]connected nodes,count=0
info|2025-12-16 16:49:41.353588|ioService-0x000071d2747fe640|[P2PService][Service][METRIC]heartBeat,connected count=3
info|2025-12-16 16:49:50.301659|timerFactory-0x000071d261bff640|[RPC][WS][SERVICE]connected nodes,count=0
info|2025-12-16 16:49:51.353617|ioService-0x000071d2747fe640|[P2PService][Service][METRIC]heartBeat,connected count=3
info|2025-12-16 16:49:58.549159|objMonitor-0x000071d24efff640|[startMonitor][AliveObjectMonitor],AliveObjectAllocStat=[ type: bcos::gateway::Socket ,created: 17 ,destroyed: 13 ,alive: 4 ] 
info|2025-12-16 16:50:00.301679|timerFactory-0x000071d261bff640|[RPC][WS][SERVICE]connected nodes,count=0
info|2025-12-16 16:50:01.353640|ioService-0x000071d2747fe640|[P2PService][Service][METRIC]heartBeat,connected count=3
info|2025-12-16 16:50:10.301737|timerFactory-0x000071d261bff640|[RPC][WS][SERVICE]connected nodes,count=0
info|2025-12-16 16:50:11.353666|ioService-0x000071d2747fe640|[P2PService][Service][METRIC]heartBeat,connected count=3
info|2025-12-16 16:50:20.301801|timerFactory-0x000071d261bff640|[RPC][WS][SERVICE]connected nodes,count=0
info|2025-12-16 16:50:21.353794|ioService-0x000071d2747fe640|[P2PService][Service][METRIC]heartBeat,connected count=3
info|2025-12-16 16:50:30.301826|timerFactory-0x000071d261bff640|[RPC][WS][SERVICE]connected nodes,count=0
info|2025-12-16 16:50:31.353850|ioService-0x000071d2747fe640|[P2PService][Service][METRIC]heartBeat,connected count=3
info|2025-12-16 16:50:40.301851|timerFactory-0x000071d261bff640|[RPC][WS][SERVICE]connected nodes,count=0
info|2025-12-16 16:50:41.353912|ioService-0x000071d2747fe640|[P2PService][Service][METRIC]heartBeat,connected count=3
info|2025-12-16 16:50:50.301876|timerFactory-0x000071d261bff640|[RPC][WS][SERVICE]connected nodes,count=0
info|2025-12-16 16:50:51.353987|ioService-0x000071d2747fe640|[P2PService][Service][METRIC]heartBeat,connected count=3
info|2025-12-16 16:50:58.549207|objMonitor-0x000071d24efff640|[startMonitor][AliveObjectMonitor],AliveObjectAllocStat=[ type: bcos::gateway::Socket ,created: 17 ,destroyed: 13 ,alive: 4 ] [ type: bcos::gateway::ResponseCallback ,created: 7787394 ,destroyed: 7787388 ,alive: 6 ] 
info|2025-12-16 16:51:00.301934|timerFactory-0x000071d261bff640|[RPC][WS][SERVICE]connected nodes,count=0
info|2025-12-16 16:51:01.354017|ioService-0x000071d2747fe640|[P2PService][Service][METRIC]heartBeat,connected count=3
info|2025-12-16 16:51:10.302003|timerFactory-0x000071d261bff640|[RPC][WS][SERVICE]connected nodes,count=0
info|2025-12-16 16:51:11.354037|ioService-0x000071d2747fe640|[P2PService][Service][METRIC]heartBeat,connected count=3
info|2025-12-16 16:51:20.302101|timerFactory-0x000071d261bff640|[RPC][WS][SERVICE]connected nodes,count=0
info|2025-12-16 16:51:21.354061|ioService-0x000071d2747fe640|[P2PService][Service][METRIC]heartBeat,connected count=3
info|2025-12-16 16:51:30.302171|timerFactory-0x000071d261bff640|[RPC][WS][SERVICE]connected nodes,count=0
info|2025-12-16 16:51:31.354129|ioService-0x000071d2747fe640|[P2PService][Service][METRIC]heartBeat,connected count=3
info|2025-12-16 16:51:40.302193|timerFactory-0x000071d261bff640|[RPC][WS][SERVICE]connected nodes,count=0
info|2025-12-16 16:51:41.354166|ioService-0x000071d2747fe640|[P2PService][Service][METRIC]heartBeat,connected count=3
info|2025-12-16 16:51:50.302271|timerFactory-0x000071d261bff640|[RPC][WS][SERVICE]connected nodes,count=0
info|2025-12-16 16:51:51.354200|ioService-0x000071d2747fe640|[P2PService][Service][METRIC]heartBeat,connected count=3
info|2025-12-16 16:51:58.549315|objMonitor-0x000071d24efff640|[startMonitor][AliveObjectMonitor],AliveObjectAllocStat=[ type: bcos::gateway::Socket ,created: 17 ,destroyed: 13 ,alive: 4 ] 
info|2025-12-16 16:52:00.302323|timerFactory-0x000071d261bff640|[RPC][WS][SERVICE]connected nodes,count=0
info|2025-12-16 16:52:01.354344|ioService-0x000071d2747fe640|[P2PService][Service][METRIC]heartBeat,connected count=3
info|2025-12-16 16:52:10.302347|timerFactory-0x000071d261bff640|[RPC][WS][SERVICE]connected nodes,count=0
info|2025-12-16 16:52:11.354416|ioService-0x000071d2747fe640|[P2PService][Service][METRIC]heartBeat,connected count=3
info|2025-12-16 16:52:20.302373|timerFactory-0x000071d261bff640|[RPC][WS][SERVICE]connected nodes,count=0
info|2025-12-16 16:52:21.354444|ioService-0x000071d2747fe640|[P2PService][Service][METRIC]heartBeat,connected count=3
info|2025-12-16 16:52:30.302476|timerFactory-0x000071d261bff640|[RPC][WS][SERVICE]connected nodes,count=0
info|2025-12-16 16:52:31.354477|ioService-0x000071d2747fe640|[P2PService][Service][METRIC]heartBeat,connected count=3
info|2025-12-16 16:52:40.302559|timerFactory-0x000071d261bff640|[RPC][WS][SERVICE]connected nodes,count=0
info|2025-12-16 16:52:41.354512|ioService-0x000071d2747fe640|[P2PService][Service][METRIC]heartBeat,connected count=3
info|2025-12-16 16:52:50.302583|timerFactory-0x000071d261bff640|[RPC][WS][SERVICE]connected nodes,count=0
info|2025-12-16 16:52:51.354584|ioService-0x000071d2747fe640|[P2PService][Service][METRIC]heartBeat,connected count=3
info|2025-12-16 16:52:58.549361|objMonitor-0x000071d24efff640|[startMonitor][AliveObjectMonitor],AliveObjectAllocStat=[ type: bcos::gateway::Socket ,created: 17 ,destroyed: 13 ,alive: 4 ] 
info|2025-12-16 16:53:00.302610|timerFactory-0x000071d261bff640|[RPC][WS][SERVICE]connected nodes,count=0
info|2025-12-16 16:53:01.354687|ioService-0x000071d2747fe640|[P2PService][Service][METRIC]heartBeat,connected count=3
info|2025-12-16 16:53:10.302631|timerFactory-0x000071d261bff640|[RPC][WS][SERVICE]connected nodes,count=0
info|2025-12-16 16:53:11.354794|ioService-0x000071d2747fe640|[P2PService][Service][METRIC]heartBeat,connected count=3
info|2025-12-16 16:53:20.302651|timerFactory-0x000071d261bff640|[RPC][WS][SERVICE]connected nodes,count=0
info|2025-12-16 16:53:21.354826|ioService-0x000071d2747fe640|[P2PService][Service][METRIC]heartBeat,connected count=3
info|2025-12-16 16:53:30.302670|timerFactory-0x000071d261bff640|[RPC][WS][SERVICE]connected nodes,count=0
info|2025-12-16 16:53:31.354909|ioService-0x000071d2747fe640|[P2PService][Service][METRIC]heartBeat,connected count=3
info|2025-12-16 16:53:40.302746|timerFactory-0x000071d261bff640|[RPC][WS][SERVICE]connected nodes,count=0
info|2025-12-16 16:53:41.354976|ioService-0x000071d2747fe640|[P2PService][Service][METRIC]heartBeat,connected count=3
info|2025-12-16 16:53:50.302768|timerFactory-0x000071d261bff640|[RPC][WS][SERVICE]connected nodes,count=0
info|2025-12-16 16:53:51.355107|ioService-0x000071d2747fe640|[P2PService][Service][METRIC]heartBeat,connected count=3
info|2025-12-16 16:53:58.549408|objMonitor-0x000071d24efff640|[startMonitor][AliveObjectMonitor],AliveObjectAllocStat=[ type: bcos::gateway::Socket ,created: 17 ,destroyed: 13 ,alive: 4 ] 
info|2025-12-16 16:54:00.302785|timerFactory-0x000071d261bff640|[RPC][WS][SERVICE]connected nodes,count=0
info|2025-12-16 16:54:01.355215|ioService-0x000071d2747fe640|[P2PService][Service][METRIC]heartBeat,connected count=3
info|2025-12-16 16:54:10.302808|timerFactory-0x000071d261bff640|[RPC][WS][SERVICE]connected nodes,count=0
info|2025-12-16 16:54:11.355271|ioService-0x000071d2747fe640|[P2PService][Service][METRIC]heartBeat,connected count=3
info|2025-12-16 16:54:20.302829|timerFactory-0x000071d261bff640|[RPC][WS][SERVICE]connected nodes,count=0
info|2025-12-16 16:54:21.355336|ioService-0x000071d2747fe640|[P2PService][Service][METRIC]heartBeat,connected count=3
info|2025-12-16 16:54:30.302856|timerFactory-0x000071d261bff640|[RPC][WS][SERVICE]connected nodes,count=0
info|2025-12-16 16:54:31.355360|ioService-0x000071d2747fe640|[P2PService][Service][METRIC]heartBeat,connected count=3
info|2025-12-16 16:54:40.302918|timerFactory-0x000071d261bff640|[RPC][WS][SERVICE]connected nodes,count=0
info|2025-12-16 16:54:41.355383|ioService-0x000071d2747fe640|[P2PService][Service][METRIC]heartBeat,connected count=3
info|2025-12-16 16:54:50.303012|timerFactory-0x000071d261bff640|[RPC][WS][SERVICE]connected nodes,count=0
info|2025-12-16 16:54:51.355405|ioService-0x000071d2747fe640|[P2PService][Service][METRIC]heartBeat,connected count=3
info|2025-12-16 16:54:58.549458|objMonitor-0x000071d24efff640|[startMonitor][AliveObjectMonitor],AliveObjectAllocStat=[ type: bcos::gateway::Socket ,created: 17 ,destroyed: 13 ,alive: 4 ] 
info|2025-12-16 16:55:00.303041|timerFactory-0x000071d261bff640|[RPC][WS][SERVICE]connected nodes,count=0
info|2025-12-16 16:55:01.355425|ioService-0x000071d2747fe640|[P2PService][Service][METRIC]heartBeat,connected count=3
info|2025-12-16 16:55:10.303105|timerFactory-0x000071d261bff640|[RPC][WS][SERVICE]connected nodes,count=0
info|2025-12-16 16:55:11.355459|ioService-0x000071d2747fe640|[P2PService][Service][METRIC]heartBeat,connected count=3
info|2025-12-16 16:55:20.303165|timerFactory-0x000071d261bff640|[RPC][WS][SERVICE]connected nodes,count=0
info|2025-12-16 16:55:21.355554|ioService-0x000071d2747fe640|[P2PService][Service][METRIC]heartBeat,connected count=3
info|2025-12-16 16:55:30.303190|timerFactory-0x000071d261bff640|[RPC][WS][SERVICE]connected nodes,count=0
info|2025-12-16 16:55:31.355623|ioService-0x000071d2747fe640|[P2PService][Service][METRIC]heartBeat,connected count=3
info|2025-12-16 16:55:40.303328|timerFactory-0x000071d261bff640|[RPC][WS][SERVICE]connected nodes,count=0
info|2025-12-16 16:55:41.355660|ioService-0x000071d2747fe640|[P2PService][Service][METRIC]heartBeat,connected count=3
info|2025-12-16 16:55:50.303352|timerFactory-0x000071d261bff640|[RPC][WS][SERVICE]connected nodes,count=0
info|2025-12-16 16:55:51.355743|ioService-0x000071d2747fe640|[P2PService][Service][METRIC]heartBeat,connected count=3
info|2025-12-16 16:55:58.549599|objMonitor-0x000071d24efff640|[startMonitor][AliveObjectMonitor],AliveObjectAllocStat=[ type: bcos::gateway::Socket ,created: 17 ,destroyed: 13 ,alive: 4 ] 
info|2025-12-16 16:56:00.303374|timerFactory-0x000071d261bff640|[RPC][WS][SERVICE]connected nodes,count=0
info|2025-12-16 16:56:01.355818|ioService-0x000071d2747fe640|[P2PService][Service][METRIC]heartBeat,connected count=3
info|2025-12-16 16:56:10.303400|timerFactory-0x000071d261bff640|[RPC][WS][SERVICE]connected nodes,count=0
info|2025-12-16 16:56:11.355939|ioService-0x000071d2747fe640|[P2PService][Service][METRIC]heartBeat,connected count=3
info|2025-12-16 16:56:20.303424|timerFactory-0x000071d261bff640|[RPC][WS][SERVICE]connected nodes,count=0
info|2025-12-16 16:56:21.356059|ioService-0x000071d2747fe640|[P2PService][Service][METRIC]heartBeat,connected count=3
info|2025-12-16 16:56:30.303447|timerFactory-0x000071d261bff640|[RPC][WS][SERVICE]connected nodes,count=0
info|2025-12-16 16:56:31.356130|ioService-0x000071d2747fe640|[P2PService][Service][METRIC]heartBeat,connected count=3
info|2025-12-16 16:56:40.303472|timerFactory-0x000071d261bff640|[RPC][WS][SERVICE]connected nodes,count=0
info|2025-12-16 16:56:41.356226|ioService-0x000071d2747fe640|[P2PService][Service][METRIC]heartBeat,connected count=3
info|2025-12-16 16:56:50.303521|timerFactory-0x000071d261bff640|[RPC][WS][SERVICE]connected nodes,count=0
info|2025-12-16 16:56:51.356363|ioService-0x000071d2747fe640|[P2PService][Service][METRIC]heartBeat,connected count=3
info|2025-12-16 16:56:58.549643|objMonitor-0x000071d24efff640|[startMonitor][AliveObjectMonitor],AliveObjectAllocStat=[ type: bcos::gateway::Socket ,created: 17 ,destroyed: 13 ,alive: 4 ] 
info|2025-12-16 16:57:00.303549|timerFactory-0x000071d261bff640|[RPC][WS][SERVICE]connected nodes,count=0
info|2025-12-16 16:57:01.356404|ioService-0x000071d2747fe640|[P2PService][Service][METRIC]heartBeat,connected count=3
info|2025-12-16 16:57:10.303569|timerFactory-0x000071d261bff640|[RPC][WS][SERVICE]connected nodes,count=0
info|2025-12-16 16:57:11.356535|ioService-0x000071d2747fe640|[P2PService][Service][METRIC]heartBeat,connected count=3
info|2025-12-16 16:57:20.303597|timerFactory-0x000071d261bff640|[RPC][WS][SERVICE]connected nodes,count=0
info|2025-12-16 16:57:21.356561|ioService-0x000071d2747fe640|[P2PService][Service][METRIC]heartBeat,connected count=3
info|2025-12-16 16:57:30.303622|timerFactory-0x000071d261bff640|[RPC][WS][SERVICE]connected nodes,count=0
info|2025-12-16 16:57:31.356621|ioService-0x000071d2747fe640|[P2PService][Service][METRIC]heartBeat,connected count=3
info|2025-12-16 16:57:40.303644|timerFactory-0x000071d261bff640|[RPC][WS][SERVICE]connected nodes,count=0
info|2025-12-16 16:57:41.356649|ioService-0x000071d2747fe640|[P2PService][Service][METRIC]heartBeat,connected count=3
info|2025-12-16 16:57:50.303665|timerFactory-0x000071d261bff640|[RPC][WS][SERVICE]connected nodes,count=0
info|2025-12-16 16:57:51.356705|ioService-0x000071d2747fe640|[P2PService][Service][METRIC]heartBeat,connected count=3
info|2025-12-16 16:57:58.549687|objMonitor-0x000071d24efff640|[startMonitor][AliveObjectMonitor],AliveObjectAllocStat=[ type: bcos::gateway::Socket ,created: 17 ,destroyed: 13 ,alive: 4 ] 
info|2025-12-16 16:58:00.303728|timerFactory-0x000071d261bff640|[RPC][WS][SERVICE]connected nodes,count=0
info|2025-12-16 16:58:01.356767|ioService-0x000071d2747fe640|[P2PService][Service][METRIC]heartBeat,connected count=3
info|2025-12-16 16:58:10.303855|timerFactory-0x000071d261bff640|[RPC][WS][SERVICE]connected nodes,count=0
info|2025-12-16 16:58:11.356832|ioService-0x000071d2747fe640|[P2PService][Service][METRIC]heartBeat,connected count=3
info|2025-12-16 16:58:20.303937|timerFactory-0x000071d261bff640|[RPC][WS][SERVICE]connected nodes,count=0
info|2025-12-16 16:58:21.356853|ioService-0x000071d2747fe640|[P2PService][Service][METRIC]heartBeat,connected count=3
info|2025-12-16 16:58:30.303963|timerFactory-0x000071d261bff640|[RPC][WS][SERVICE]connected nodes,count=0
info|2025-12-16 16:58:31.356906|ioService-0x000071d2747fe640|[P2PService][Service][METRIC]heartBeat,connected count=3
info|2025-12-16 16:58:40.304036|timerFactory-0x000071d261bff640|[RPC][WS][SERVICE]connected nodes,count=0
info|2025-12-16 16:58:41.356983|ioService-0x000071d2747fe640|[P2PService][Service][METRIC]heartBeat,connected count=3
info|2025-12-16 16:58:50.304062|timerFactory-0x000071d261bff640|[RPC][WS][SERVICE]connected nodes,count=0
info|2025-12-16 16:58:51.357126|ioService-0x000071d2747fe640|[P2PService][Service][METRIC]heartBeat,connected count=3
info|2025-12-16 16:58:58.549732|objMonitor-0x000071d24efff640|[startMonitor][AliveObjectMonitor],AliveObjectAllocStat=[ type: bcos::gateway::Socket ,created: 17 ,destroyed: 13 ,alive: 4 ] 
info|2025-12-16 16:59:00.304112|timerFactory-0x000071d261bff640|[RPC][WS][SERVICE]connected nodes,count=0
info|2025-12-16 16:59:01.357156|ioService-0x000071d2747fe640|[P2PService][Service][METRIC]heartBeat,connected count=3
info|2025-12-16 16:59:10.304135|timerFactory-0x000071d261bff640|[RPC][WS][SERVICE]connected nodes,count=0
info|2025-12-16 16:59:11.357185|ioService-0x000071d2747fe640|[P2PService][Service][METRIC]heartBeat,connected count=3
info|2025-12-16 16:59:20.304221|timerFactory-0x000071d261bff640|[RPC][WS][SERVICE]connected nodes,count=0
info|2025-12-16 16:59:21.357358|ioService-0x000071d2747fe640|[P2PService][Service][METRIC]heartBeat,connected count=3
info|2025-12-16 16:59:30.304255|timerFactory-0x000071d261bff640|[RPC][WS][SERVICE]connected nodes,count=0
info|2025-12-16 16:59:31.357421|ioService-0x000071d2747fe640|[P2PService][Service][METRIC]heartBeat,connected count=3
info|2025-12-16 16:59:40.304282|timerFactory-0x000071d261bff640|[RPC][WS][SERVICE]connected nodes,count=0
info|2025-12-16 16:59:41.357447|ioService-0x000071d2747fe640|[P2PService][Service][METRIC]heartBeat,connected count=3
info|2025-12-16 16:59:50.304360|timerFactory-0x000071d261bff640|[RPC][WS][SERVICE]connected nodes,count=0
info|2025-12-16 16:59:51.357475|ioService-0x000071d2747fe640|[P2PService][Service][METRIC]heartBeat,connected count=3
info|2025-12-16 16:59:58.549833|objMonitor-0x000071d24efff640|[startMonitor][AliveObjectMonitor],AliveObjectAllocStat=[ type: bcos::gateway::Socket ,created: 17 ,destroyed: 13 ,alive: 4 ] 
