info|2025-12-11 08:00:08.220898|timerFactory-0x000071d261bff640|[RPC][WS][SERVICE]connected nodes,count=0
info|2025-12-11 08:00:08.281193|ioService-0x000071d2747fe640|[P2PService][Service][METRIC]heartBeat,connected count=3
info|2025-12-11 08:00:18.221095|timerFactory-0x000071d261bff640|[RPC][WS][SERVICE]connected nodes,count=0
info|2025-12-11 08:00:18.281264|ioService-0x000071d2747fe640|[P2PService][Service][METRIC]heartBeat,connected count=3
info|2025-12-11 08:00:28.221171|timerFactory-0x000071d261bff640|[RPC][WS][SERVICE]connected nodes,count=0
info|2025-12-11 08:00:28.281345|ioService-0x000071d2747fe640|[P2PService][Service][METRIC]heartBeat,connected count=3
info|2025-12-11 08:00:38.221229|timerFactory-0x000071d261bff640|[RPC][WS][SERVICE]connected nodes,count=0
info|2025-12-11 08:00:38.281396|ioService-0x000071d2747fe640|[P2PService][Service][METRIC]heartBeat,connected count=3
info|2025-12-11 08:00:48.221250|timerFactory-0x000071d261bff640|[RPC][WS][SERVICE]connected nodes,count=0
info|2025-12-11 08:00:48.281413|ioService-0x000071d2747fe640|[P2PService][Service][METRIC]heartBeat,connected count=3
info|2025-12-11 08:00:57.995446|objMonitor-0x000071d24efff640|[startMonitor][AliveObjectMonitor],AliveObjectAllocStat=[ type: bcos::gateway::Socket ,created: 9 ,destroyed: 5 ,alive: 4 ] 
info|2025-12-11 08:00:58.221272|timerFactory-0x000071d261bff640|[RPC][WS][SERVICE]connected nodes,count=0
info|2025-12-11 08:00:58.281475|ioService-0x000071d2747fe640|[P2PService][Service][METRIC]heartBeat,connected count=3
info|2025-12-11 08:01:08.221339|timerFactory-0x000071d261bff640|[RPC][WS][SERVICE]connected nodes,count=0
info|2025-12-11 08:01:08.281552|ioService-0x000071d2747fe640|[P2PService][Service][METRIC]heartBeat,connected count=3
info|2025-12-11 08:01:18.221360|timerFactory-0x000071d261bff640|[RPC][WS][SERVICE]connected nodes,count=0
info|2025-12-11 08:01:18.281621|ioService-0x000071d2747fe640|[P2PService][Service][METRIC]heartBeat,connected count=3
info|2025-12-11 08:01:28.221381|timerFactory-0x000071d261bff640|[RPC][WS][SERVICE]connected nodes,count=0
info|2025-12-11 08:01:28.281681|ioService-0x000071d2747fe640|[P2PService][Service][METRIC]heartBeat,connected count=3
info|2025-12-11 08:01:38.221455|timerFactory-0x000071d261bff640|[RPC][WS][SERVICE]connected nodes,count=0
info|2025-12-11 08:01:38.281703|ioService-0x000071d2747fe640|[P2PService][Service][METRIC]heartBeat,connected count=3
info|2025-12-11 08:01:48.221528|timerFactory-0x000071d261bff640|[RPC][WS][SERVICE]connected nodes,count=0
info|2025-12-11 08:01:48.281881|ioService-0x000071d2747fe640|[P2PService][Service][METRIC]heartBeat,connected count=3
info|2025-12-11 08:01:57.995487|objMonitor-0x000071d24efff640|[startMonitor][AliveObjectMonitor],AliveObjectAllocStat=[ type: bcos::gateway::Socket ,created: 9 ,destroyed: 5 ,alive: 4 ] 
info|2025-12-11 08:01:58.221575|timerFactory-0x000071d261bff640|[RPC][WS][SERVICE]connected nodes,count=0
info|2025-12-11 08:01:58.281905|ioService-0x000071d2747fe640|[P2PService][Service][METRIC]heartBeat,connected count=3
info|2025-12-11 08:02:08.221626|timerFactory-0x000071d261bff640|[RPC][WS][SERVICE]connected nodes,count=0
info|2025-12-11 08:02:08.282032|ioService-0x000071d2747fe640|[P2PService][Service][METRIC]heartBeat,connected count=3
info|2025-12-11 08:02:18.221680|timerFactory-0x000071d261bff640|[RPC][WS][SERVICE]connected nodes,count=0
info|2025-12-11 08:02:18.282087|ioService-0x000071d2747fe640|[P2PService][Service][METRIC]heartBeat,connected count=3
info|2025-12-11 08:02:28.221731|timerFactory-0x000071d261bff640|[RPC][WS][SERVICE]connected nodes,count=0
info|2025-12-11 08:02:28.282105|ioService-0x000071d2747fe640|[P2PService][Service][METRIC]heartBeat,connected count=3
info|2025-12-11 08:02:38.221752|timerFactory-0x000071d261bff640|[RPC][WS][SERVICE]connected nodes,count=0
info|2025-12-11 08:02:38.282182|ioService-0x000071d2747fe640|[P2PService][Service][METRIC]heartBeat,connected count=3
info|2025-12-11 08:02:48.221772|timerFactory-0x000071d261bff640|[RPC][WS][SERVICE]connected nodes,count=0
info|2025-12-11 08:02:48.282287|ioService-0x000071d2747fe640|[P2PService][Service][METRIC]heartBeat,connected count=3
info|2025-12-11 08:02:57.995648|objMonitor-0x000071d24efff640|[startMonitor][AliveObjectMonitor],AliveObjectAllocStat=[ type: bcos::gateway::Socket ,created: 9 ,destroyed: 5 ,alive: 4 ] 
info|2025-12-11 08:02:58.221804|timerFactory-0x000071d261bff640|[RPC][WS][SERVICE]connected nodes,count=0
info|2025-12-11 08:02:58.282371|ioService-0x000071d2747fe640|[P2PService][Service][METRIC]heartBeat,connected count=3
info|2025-12-11 08:03:08.221852|timerFactory-0x000071d261bff640|[RPC][WS][SERVICE]connected nodes,count=0
info|2025-12-11 08:03:08.282402|ioService-0x000071d2747fe640|[P2PService][Service][METRIC]heartBeat,connected count=3
info|2025-12-11 08:03:18.221906|timerFactory-0x000071d261bff640|[RPC][WS][SERVICE]connected nodes,count=0
info|2025-12-11 08:03:18.282486|ioService-0x000071d2747fe640|[P2PService][Service][METRIC]heartBeat,connected count=3
info|2025-12-11 08:03:28.221968|timerFactory-0x000071d261bff640|[RPC][WS][SERVICE]connected nodes,count=0
info|2025-12-11 08:03:28.282506|ioService-0x000071d2747fe640|[P2PService][Service][METRIC]heartBeat,connected count=3
info|2025-12-11 08:03:38.222015|timerFactory-0x000071d261bff640|[RPC][WS][SERVICE]connected nodes,count=0
info|2025-12-11 08:03:38.282525|ioService-0x000071d2747fe640|[P2PService][Service][METRIC]heartBeat,connected count=3
info|2025-12-11 08:03:48.222071|timerFactory-0x000071d261bff640|[RPC][WS][SERVICE]connected nodes,count=0
info|2025-12-11 08:03:48.282577|ioService-0x000071d2747fe640|[P2PService][Service][METRIC]heartBeat,connected count=3
info|2025-12-11 08:03:57.995697|objMonitor-0x000071d24efff640|[startMonitor][AliveObjectMonitor],AliveObjectAllocStat=[ type: bcos::gateway::Socket ,created: 9 ,destroyed: 5 ,alive: 4 ] 
info|2025-12-11 08:03:58.222182|timerFactory-0x000071d261bff640|[RPC][WS][SERVICE]connected nodes,count=0
info|2025-12-11 08:03:58.282593|ioService-0x000071d2747fe640|[P2PService][Service][METRIC]heartBeat,connected count=3
info|2025-12-11 08:04:08.222238|timerFactory-0x000071d261bff640|[RPC][WS][SERVICE]connected nodes,count=0
info|2025-12-11 08:04:08.282612|ioService-0x000071d2747fe640|[P2PService][Service][METRIC]heartBeat,connected count=3
info|2025-12-11 08:04:18.222317|timerFactory-0x000071d261bff640|[RPC][WS][SERVICE]connected nodes,count=0
info|2025-12-11 08:04:18.282631|ioService-0x000071d2747fe640|[P2PService][Service][METRIC]heartBeat,connected count=3
info|2025-12-11 08:04:28.222396|timerFactory-0x000071d261bff640|[RPC][WS][SERVICE]connected nodes,count=0
info|2025-12-11 08:04:28.282713|ioService-0x000071d2747fe640|[P2PService][Service][METRIC]heartBeat,connected count=3
info|2025-12-11 08:04:38.222417|timerFactory-0x000071d261bff640|[RPC][WS][SERVICE]connected nodes,count=0
info|2025-12-11 08:04:38.282743|ioService-0x000071d2747fe640|[P2PService][Service][METRIC]heartBeat,connected count=3
info|2025-12-11 08:04:48.222480|timerFactory-0x000071d261bff640|[RPC][WS][SERVICE]connected nodes,count=0
info|2025-12-11 08:04:48.282826|ioService-0x000071d2747fe640|[P2PService][Service][METRIC]heartBeat,connected count=3
info|2025-12-11 08:04:57.995742|objMonitor-0x000071d24efff640|[startMonitor][AliveObjectMonitor],AliveObjectAllocStat=[ type: bcos::gateway::Socket ,created: 9 ,destroyed: 5 ,alive: 4 ] 
info|2025-12-11 08:04:58.222506|timerFactory-0x000071d261bff640|[RPC][WS][SERVICE]connected nodes,count=0
info|2025-12-11 08:04:58.282848|ioService-0x000071d2747fe640|[P2PService][Service][METRIC]heartBeat,connected count=3
info|2025-12-11 08:05:08.222534|timerFactory-0x000071d261bff640|[RPC][WS][SERVICE]connected nodes,count=0
info|2025-12-11 08:05:08.282930|ioService-0x000071d2747fe640|[P2PService][Service][METRIC]heartBeat,connected count=3
info|2025-12-11 08:05:18.222589|timerFactory-0x000071d261bff640|[RPC][WS][SERVICE]connected nodes,count=0
info|2025-12-11 08:05:18.283006|ioService-0x000071d2747fe640|[P2PService][Service][METRIC]heartBeat,connected count=3
info|2025-12-11 08:05:28.222645|timerFactory-0x000071d261bff640|[RPC][WS][SERVICE]connected nodes,count=0
info|2025-12-11 08:05:28.283036|ioService-0x000071d2747fe640|[P2PService][Service][METRIC]heartBeat,connected count=3
info|2025-12-11 08:05:38.222667|timerFactory-0x000071d261bff640|[RPC][WS][SERVICE]connected nodes,count=0
info|2025-12-11 08:05:38.283109|ioService-0x000071d2747fe640|[P2PService][Service][METRIC]heartBeat,connected count=3
info|2025-12-11 08:05:48.222687|timerFactory-0x000071d261bff640|[RPC][WS][SERVICE]connected nodes,count=0
info|2025-12-11 08:05:48.283183|ioService-0x000071d2747fe640|[P2PService][Service][METRIC]heartBeat,connected count=3
info|2025-12-11 08:05:57.995785|objMonitor-0x000071d24efff640|[startMonitor][AliveObjectMonitor],AliveObjectAllocStat=[ type: bcos::gateway::Socket ,created: 9 ,destroyed: 5 ,alive: 4 ] 
info|2025-12-11 08:05:58.222708|timerFactory-0x000071d261bff640|[RPC][WS][SERVICE]connected nodes,count=0
info|2025-12-11 08:05:58.283242|ioService-0x000071d2747fe640|[P2PService][Service][METRIC]heartBeat,connected count=3
info|2025-12-11 08:06:08.222750|timerFactory-0x000071d261bff640|[RPC][WS][SERVICE]connected nodes,count=0
info|2025-12-11 08:06:08.283291|ioService-0x000071d2747fe640|[P2PService][Service][METRIC]heartBeat,connected count=3
info|2025-12-11 08:06:18.222800|timerFactory-0x000071d261bff640|[RPC][WS][SERVICE]connected nodes,count=0
info|2025-12-11 08:06:18.283310|ioService-0x000071d2747fe640|[P2PService][Service][METRIC]heartBeat,connected count=3
info|2025-12-11 08:06:28.222862|timerFactory-0x000071d261bff640|[RPC][WS][SERVICE]connected nodes,count=0
info|2025-12-11 08:06:28.283380|ioService-0x000071d2747fe640|[P2PService][Service][METRIC]heartBeat,connected count=3
info|2025-12-11 08:06:38.222883|timerFactory-0x000071d261bff640|[RPC][WS][SERVICE]connected nodes,count=0
info|2025-12-11 08:06:38.283443|ioService-0x000071d2747fe640|[P2PService][Service][METRIC]heartBeat,connected count=3
info|2025-12-11 08:06:48.222947|timerFactory-0x000071d261bff640|[RPC][WS][SERVICE]connected nodes,count=0
info|2025-12-11 08:06:48.283463|ioService-0x000071d2747fe640|[P2PService][Service][METRIC]heartBeat,connected count=3
info|2025-12-11 08:06:57.995877|objMonitor-0x000071d24efff640|[startMonitor][AliveObjectMonitor],AliveObjectAllocStat=[ type: bcos::gateway::Socket ,created: 9 ,destroyed: 5 ,alive: 4 ] 
info|2025-12-11 08:06:58.222996|timerFactory-0x000071d261bff640|[RPC][WS][SERVICE]connected nodes,count=0
info|2025-12-11 08:06:58.283567|ioService-0x000071d2747fe640|[P2PService][Service][METRIC]heartBeat,connected count=3
info|2025-12-11 08:07:08.223015|timerFactory-0x000071d261bff640|[RPC][WS][SERVICE]connected nodes,count=0
info|2025-12-11 08:07:08.283624|ioService-0x000071d2747fe640|[P2PService][Service][METRIC]heartBeat,connected count=3
info|2025-12-11 08:07:18.223037|timerFactory-0x000071d261bff640|[RPC][WS][SERVICE]connected nodes,count=0
info|2025-12-11 08:07:18.283710|ioService-0x000071d2747fe640|[P2PService][Service][METRIC]heartBeat,connected count=3
info|2025-12-11 08:07:28.223058|timerFactory-0x000071d261bff640|[RPC][WS][SERVICE]connected nodes,count=0
info|2025-12-11 08:07:28.283836|ioService-0x000071d2747fe640|[P2PService][Service][METRIC]heartBeat,connected count=3
info|2025-12-11 08:07:38.223115|timerFactory-0x000071d261bff640|[RPC][WS][SERVICE]connected nodes,count=0
info|2025-12-11 08:07:38.284006|ioService-0x000071d2747fe640|[P2PService][Service][METRIC]heartBeat,connected count=3
info|2025-12-11 08:07:48.223202|timerFactory-0x000071d261bff640|[RPC][WS][SERVICE]connected nodes,count=0
info|2025-12-11 08:07:48.284306|ioService-0x000071d2747fe640|[P2PService][Service][METRIC]heartBeat,connected count=3
info|2025-12-11 08:07:57.995925|objMonitor-0x000071d24efff640|[startMonitor][AliveObjectMonitor],AliveObjectAllocStat=[ type: bcos::gateway::Socket ,created: 9 ,destroyed: 5 ,alive: 4 ] 
info|2025-12-11 08:07:58.223225|timerFactory-0x000071d261bff640|[RPC][WS][SERVICE]connected nodes,count=0
info|2025-12-11 08:07:58.284385|ioService-0x000071d2747fe640|[P2PService][Service][METRIC]heartBeat,connected count=3
info|2025-12-11 08:08:08.223245|timerFactory-0x000071d261bff640|[RPC][WS][SERVICE]connected nodes,count=0
info|2025-12-11 08:08:08.284440|ioService-0x000071d2747fe640|[P2PService][Service][METRIC]heartBeat,connected count=3
info|2025-12-11 08:08:18.223297|timerFactory-0x000071d261bff640|[RPC][WS][SERVICE]connected nodes,count=0
info|2025-12-11 08:08:18.284500|ioService-0x000071d2747fe640|[P2PService][Service][METRIC]heartBeat,connected count=3
info|2025-12-11 08:08:28.223329|timerFactory-0x000071d261bff640|[RPC][WS][SERVICE]connected nodes,count=0
info|2025-12-11 08:08:28.284580|ioService-0x000071d2747fe640|[P2PService][Service][METRIC]heartBeat,connected count=3
info|2025-12-11 08:08:38.223461|timerFactory-0x000071d261bff640|[RPC][WS][SERVICE]connected nodes,count=0
info|2025-12-11 08:08:38.284605|ioService-0x000071d2747fe640|[P2PService][Service][METRIC]heartBeat,connected count=3
info|2025-12-11 08:08:48.223521|timerFactory-0x000071d261bff640|[RPC][WS][SERVICE]connected nodes,count=0
info|2025-12-11 08:08:48.284687|ioService-0x000071d2747fe640|[P2PService][Service][METRIC]heartBeat,connected count=3
info|2025-12-11 08:08:57.995972|objMonitor-0x000071d24efff640|[startMonitor][AliveObjectMonitor],AliveObjectAllocStat=[ type: bcos::gateway::Socket ,created: 9 ,destroyed: 5 ,alive: 4 ] 
info|2025-12-11 08:08:58.223576|timerFactory-0x000071d261bff640|[RPC][WS][SERVICE]connected nodes,count=0
info|2025-12-11 08:08:58.284713|ioService-0x000071d2747fe640|[P2PService][Service][METRIC]heartBeat,connected count=3
info|2025-12-11 08:09:08.223629|timerFactory-0x000071d261bff640|[RPC][WS][SERVICE]connected nodes,count=0
info|2025-12-11 08:09:08.284800|ioService-0x000071d2747fe640|[P2PService][Service][METRIC]heartBeat,connected count=3
info|2025-12-11 08:09:18.223698|timerFactory-0x000071d261bff640|[RPC][WS][SERVICE]connected nodes,count=0
info|2025-12-11 08:09:18.284823|ioService-0x000071d2747fe640|[P2PService][Service][METRIC]heartBeat,connected count=3
info|2025-12-11 08:09:28.223745|timerFactory-0x000071d261bff640|[RPC][WS][SERVICE]connected nodes,count=0
info|2025-12-11 08:09:28.284847|ioService-0x000071d2747fe640|[P2PService][Service][METRIC]heartBeat,connected count=3
info|2025-12-11 08:09:38.223831|timerFactory-0x000071d261bff640|[RPC][WS][SERVICE]connected nodes,count=0
info|2025-12-11 08:09:38.284974|ioService-0x000071d2747fe640|[P2PService][Service][METRIC]heartBeat,connected count=3
info|2025-12-11 08:09:48.223850|timerFactory-0x000071d261bff640|[RPC][WS][SERVICE]connected nodes,count=0
info|2025-12-11 08:09:48.285026|ioService-0x000071d2747fe640|[P2PService][Service][METRIC]heartBeat,connected count=3
info|2025-12-11 08:09:57.996021|objMonitor-0x000071d24efff640|[startMonitor][AliveObjectMonitor],AliveObjectAllocStat=[ type: bcos::gateway::Socket ,created: 9 ,destroyed: 5 ,alive: 4 ] 
info|2025-12-11 08:09:58.223872|timerFactory-0x000071d261bff640|[RPC][WS][SERVICE]connected nodes,count=0
info|2025-12-11 08:09:58.285096|ioService-0x000071d2747fe640|[P2PService][Service][METRIC]heartBeat,connected count=3
info|2025-12-11 08:10:08.223896|timerFactory-0x000071d261bff640|[RPC][WS][SERVICE]connected nodes,count=0
info|2025-12-11 08:10:08.285174|ioService-0x000071d2747fe640|[P2PService][Service][METRIC]heartBeat,connected count=3
info|2025-12-11 08:10:18.223915|timerFactory-0x000071d261bff640|[RPC][WS][SERVICE]connected nodes,count=0
info|2025-12-11 08:10:18.285241|ioService-0x000071d2747fe640|[P2PService][Service][METRIC]heartBeat,connected count=3
info|2025-12-11 08:10:28.223935|timerFactory-0x000071d261bff640|[RPC][WS][SERVICE]connected nodes,count=0
info|2025-12-11 08:10:28.285267|ioService-0x000071d2747fe640|[P2PService][Service][METRIC]heartBeat,connected count=3
info|2025-12-11 08:10:38.223954|timerFactory-0x000071d261bff640|[RPC][WS][SERVICE]connected nodes,count=0
info|2025-12-11 08:10:38.285339|ioService-0x000071d2747fe640|[P2PService][Service][METRIC]heartBeat,connected count=3
info|2025-12-11 08:10:48.224007|timerFactory-0x000071d261bff640|[RPC][WS][SERVICE]connected nodes,count=0
info|2025-12-11 08:10:48.285366|ioService-0x000071d2747fe640|[P2PService][Service][METRIC]heartBeat,connected count=3
info|2025-12-11 08:10:57.996109|objMonitor-0x000071d24efff640|[startMonitor][AliveObjectMonitor],AliveObjectAllocStat=[ type: bcos::gateway::Socket ,created: 9 ,destroyed: 5 ,alive: 4 ] 
info|2025-12-11 08:10:58.224055|timerFactory-0x000071d261bff640|[RPC][WS][SERVICE]connected nodes,count=0
info|2025-12-11 08:10:58.285387|ioService-0x000071d2747fe640|[P2PService][Service][METRIC]heartBeat,connected count=3
info|2025-12-11 08:11:08.224207|timerFactory-0x000071d261bff640|[RPC][WS][SERVICE]connected nodes,count=0
info|2025-12-11 08:11:08.285405|ioService-0x000071d2747fe640|[P2PService][Service][METRIC]heartBeat,connected count=3
info|2025-12-11 08:11:18.224311|timerFactory-0x000071d261bff640|[RPC][WS][SERVICE]connected nodes,count=0
info|2025-12-11 08:11:18.285457|ioService-0x000071d2747fe640|[P2PService][Service][METRIC]heartBeat,connected count=3
info|2025-12-11 08:11:28.224330|timerFactory-0x000071d261bff640|[RPC][WS][SERVICE]connected nodes,count=0
info|2025-12-11 08:11:28.285552|ioService-0x000071d2747fe640|[P2PService][Service][METRIC]heartBeat,connected count=3
info|2025-12-11 08:11:38.224350|timerFactory-0x000071d261bff640|[RPC][WS][SERVICE]connected nodes,count=0
info|2025-12-11 08:11:38.285618|ioService-0x000071d2747fe640|[P2PService][Service][METRIC]heartBeat,connected count=3
info|2025-12-11 08:11:48.224375|timerFactory-0x000071d261bff640|[RPC][WS][SERVICE]connected nodes,count=0
info|2025-12-11 08:11:48.285705|ioService-0x000071d2747fe640|[P2PService][Service][METRIC]heartBeat,connected count=3
info|2025-12-11 08:11:57.996195|objMonitor-0x000071d24efff640|[startMonitor][AliveObjectMonitor],AliveObjectAllocStat=[ type: bcos::gateway::Socket ,created: 9 ,destroyed: 5 ,alive: 4 ] 
info|2025-12-11 08:11:58.224396|timerFactory-0x000071d261bff640|[RPC][WS][SERVICE]connected nodes,count=0
info|2025-12-11 08:11:58.285889|ioService-0x000071d2747fe640|[P2PService][Service][METRIC]heartBeat,connected count=3
info|2025-12-11 08:12:08.224417|timerFactory-0x000071d261bff640|[RPC][WS][SERVICE]connected nodes,count=0
info|2025-12-11 08:12:08.285948|ioService-0x000071d2747fe640|[P2PService][Service][METRIC]heartBeat,connected count=3
info|2025-12-11 08:12:18.224437|timerFactory-0x000071d261bff640|[RPC][WS][SERVICE]connected nodes,count=0
info|2025-12-11 08:12:18.286030|ioService-0x000071d2747fe640|[P2PService][Service][METRIC]heartBeat,connected count=3
info|2025-12-11 08:12:28.224495|timerFactory-0x000071d261bff640|[RPC][WS][SERVICE]connected nodes,count=0
info|2025-12-11 08:12:28.286191|ioService-0x000071d2747fe640|[P2PService][Service][METRIC]heartBeat,connected count=3
info|2025-12-11 08:12:38.224535|timerFactory-0x000071d261bff640|[RPC][WS][SERVICE]connected nodes,count=0
info|2025-12-11 08:12:38.286267|ioService-0x000071d2747fe640|[P2PService][Service][METRIC]heartBeat,connected count=3
info|2025-12-11 08:12:48.224587|timerFactory-0x000071d261bff640|[RPC][WS][SERVICE]connected nodes,count=0
info|2025-12-11 08:12:48.286334|ioService-0x000071d2747fe640|[P2PService][Service][METRIC]heartBeat,connected count=3
info|2025-12-11 08:12:57.996291|objMonitor-0x000071d24efff640|[startMonitor][AliveObjectMonitor],AliveObjectAllocStat=[ type: bcos::gateway::Socket ,created: 9 ,destroyed: 5 ,alive: 4 ] 
info|2025-12-11 08:12:58.224634|timerFactory-0x000071d261bff640|[RPC][WS][SERVICE]connected nodes,count=0
info|2025-12-11 08:12:58.286355|ioService-0x000071d2747fe640|[P2PService][Service][METRIC]heartBeat,connected count=3
info|2025-12-11 08:13:08.224651|timerFactory-0x000071d261bff640|[RPC][WS][SERVICE]connected nodes,count=0
info|2025-12-11 08:13:08.286408|ioService-0x000071d2747fe640|[P2PService][Service][METRIC]heartBeat,connected count=3
info|2025-12-11 08:13:18.224669|timerFactory-0x000071d261bff640|[RPC][WS][SERVICE]connected nodes,count=0
info|2025-12-11 08:13:18.286432|ioService-0x000071d2747fe640|[P2PService][Service][METRIC]heartBeat,connected count=3
info|2025-12-11 08:13:28.224694|timerFactory-0x000071d261bff640|[RPC][WS][SERVICE]connected nodes,count=0
info|2025-12-11 08:13:28.286453|ioService-0x000071d2747fe640|[P2PService][Service][METRIC]heartBeat,connected count=3
info|2025-12-11 08:13:38.224768|timerFactory-0x000071d261bff640|[RPC][WS][SERVICE]connected nodes,count=0
info|2025-12-11 08:13:38.286534|ioService-0x000071d2747fe640|[P2PService][Service][METRIC]heartBeat,connected count=3
info|2025-12-11 08:13:48.224789|timerFactory-0x000071d261bff640|[RPC][WS][SERVICE]connected nodes,count=0
info|2025-12-11 08:13:48.286648|ioService-0x000071d2747fe640|[P2PService][Service][METRIC]heartBeat,connected count=3
info|2025-12-11 08:13:57.996328|objMonitor-0x000071d24efff640|[startMonitor][AliveObjectMonitor],AliveObjectAllocStat=[ type: bcos::gateway::Socket ,created: 9 ,destroyed: 5 ,alive: 4 ] [ type: bcos::gateway::ResponseCallback ,created: 847925 ,destroyed: 847919 ,alive: 6 ] 
info|2025-12-11 08:13:58.224810|timerFactory-0x000071d261bff640|[RPC][WS][SERVICE]connected nodes,count=0
info|2025-12-11 08:13:58.286678|ioService-0x000071d2747fe640|[P2PService][Service][METRIC]heartBeat,connected count=3
info|2025-12-11 08:14:08.224829|timerFactory-0x000071d261bff640|[RPC][WS][SERVICE]connected nodes,count=0
info|2025-12-11 08:14:08.286701|ioService-0x000071d2747fe640|[P2PService][Service][METRIC]heartBeat,connected count=3
info|2025-12-11 08:14:18.224886|timerFactory-0x000071d261bff640|[RPC][WS][SERVICE]connected nodes,count=0
info|2025-12-11 08:14:18.286730|ioService-0x000071d2747fe640|[P2PService][Service][METRIC]heartBeat,connected count=3
info|2025-12-11 08:14:28.224940|timerFactory-0x000071d261bff640|[RPC][WS][SERVICE]connected nodes,count=0
info|2025-12-11 08:14:28.286768|ioService-0x000071d2747fe640|[P2PService][Service][METRIC]heartBeat,connected count=3
info|2025-12-11 08:14:38.224959|timerFactory-0x000071d261bff640|[RPC][WS][SERVICE]connected nodes,count=0
info|2025-12-11 08:14:38.286803|ioService-0x000071d2747fe640|[P2PService][Service][METRIC]heartBeat,connected count=3
info|2025-12-11 08:14:48.224981|timerFactory-0x000071d261bff640|[RPC][WS][SERVICE]connected nodes,count=0
info|2025-12-11 08:14:48.286870|ioService-0x000071d2747fe640|[P2PService][Service][METRIC]heartBeat,connected count=3
info|2025-12-11 08:14:57.996364|objMonitor-0x000071d24efff640|[startMonitor][AliveObjectMonitor],AliveObjectAllocStat=[ type: bcos::gateway::Socket ,created: 9 ,destroyed: 5 ,alive: 4 ] 
info|2025-12-11 08:14:58.225006|timerFactory-0x000071d261bff640|[RPC][WS][SERVICE]connected nodes,count=0
info|2025-12-11 08:14:58.286923|ioService-0x000071d2747fe640|[P2PService][Service][METRIC]heartBeat,connected count=3
info|2025-12-11 08:15:08.225031|timerFactory-0x000071d261bff640|[RPC][WS][SERVICE]connected nodes,count=0
info|2025-12-11 08:15:08.286985|ioService-0x000071d2747fe640|[P2PService][Service][METRIC]heartBeat,connected count=3
info|2025-12-11 08:15:18.225086|timerFactory-0x000071d261bff640|[RPC][WS][SERVICE]connected nodes,count=0
info|2025-12-11 08:15:18.287109|ioService-0x000071d2747fe640|[P2PService][Service][METRIC]heartBeat,connected count=3
info|2025-12-11 08:15:28.225191|timerFactory-0x000071d261bff640|[RPC][WS][SERVICE]connected nodes,count=0
info|2025-12-11 08:15:28.287159|ioService-0x000071d2747fe640|[P2PService][Service][METRIC]heartBeat,connected count=3
info|2025-12-11 08:15:38.225247|timerFactory-0x000071d261bff640|[RPC][WS][SERVICE]connected nodes,count=0
info|2025-12-11 08:15:38.287221|ioService-0x000071d2747fe640|[P2PService][Service][METRIC]heartBeat,connected count=3
info|2025-12-11 08:15:48.225302|timerFactory-0x000071d261bff640|[RPC][WS][SERVICE]connected nodes,count=0
info|2025-12-11 08:15:48.287376|ioService-0x000071d2747fe640|[P2PService][Service][METRIC]heartBeat,connected count=3
info|2025-12-11 08:15:57.996402|objMonitor-0x000071d24efff640|[startMonitor][AliveObjectMonitor],AliveObjectAllocStat=[ type: bcos::gateway::Socket ,created: 9 ,destroyed: 5 ,alive: 4 ] 
info|2025-12-11 08:15:58.225336|timerFactory-0x000071d261bff640|[RPC][WS][SERVICE]connected nodes,count=0
info|2025-12-11 08:15:58.287395|ioService-0x000071d2747fe640|[P2PService][Service][METRIC]heartBeat,connected count=3
info|2025-12-11 08:16:08.225357|timerFactory-0x000071d261bff640|[RPC][WS][SERVICE]connected nodes,count=0
info|2025-12-11 08:16:08.287453|ioService-0x000071d2747fe640|[P2PService][Service][METRIC]heartBeat,connected count=3
info|2025-12-11 08:16:18.225420|timerFactory-0x000071d261bff640|[RPC][WS][SERVICE]connected nodes,count=0
info|2025-12-11 08:16:18.287513|ioService-0x000071d2747fe640|[P2PService][Service][METRIC]heartBeat,connected count=3
info|2025-12-11 08:16:28.225440|timerFactory-0x000071d261bff640|[RPC][WS][SERVICE]connected nodes,count=0
info|2025-12-11 08:16:28.287597|ioService-0x000071d2747fe640|[P2PService][Service][METRIC]heartBeat,connected count=3
info|2025-12-11 08:16:38.225489|timerFactory-0x000071d261bff640|[RPC][WS][SERVICE]connected nodes,count=0
info|2025-12-11 08:16:38.287767|ioService-0x000071d2747fe640|[P2PService][Service][METRIC]heartBeat,connected count=3
info|2025-12-11 08:16:48.225544|timerFactory-0x000071d261bff640|[RPC][WS][SERVICE]connected nodes,count=0
info|2025-12-11 08:16:48.287792|ioService-0x000071d2747fe640|[P2PService][Service][METRIC]heartBeat,connected count=3
info|2025-12-11 08:16:57.996438|objMonitor-0x000071d24efff640|[startMonitor][AliveObjectMonitor],AliveObjectAllocStat=[ type: bcos::gateway::Socket ,created: 9 ,destroyed: 5 ,alive: 4 ] 
info|2025-12-11 08:16:58.225564|timerFactory-0x000071d261bff640|[RPC][WS][SERVICE]connected nodes,count=0
info|2025-12-11 08:16:58.287882|ioService-0x000071d2747fe640|[P2PService][Service][METRIC]heartBeat,connected count=3
info|2025-12-11 08:17:08.225585|timerFactory-0x000071d261bff640|[RPC][WS][SERVICE]connected nodes,count=0
info|2025-12-11 08:17:08.287919|ioService-0x000071d2747fe640|[P2PService][Service][METRIC]heartBeat,connected count=3
info|2025-12-11 08:17:18.225604|timerFactory-0x000071d261bff640|[RPC][WS][SERVICE]connected nodes,count=0
info|2025-12-11 08:17:18.287973|ioService-0x000071d2747fe640|[P2PService][Service][METRIC]heartBeat,connected count=3
info|2025-12-11 08:17:28.225656|timerFactory-0x000071d261bff640|[RPC][WS][SERVICE]connected nodes,count=0
info|2025-12-11 08:17:28.288072|ioService-0x000071d2747fe640|[P2PService][Service][METRIC]heartBeat,connected count=3
info|2025-12-11 08:17:38.225747|timerFactory-0x000071d261bff640|[RPC][WS][SERVICE]connected nodes,count=0
info|2025-12-11 08:17:38.288128|ioService-0x000071d2747fe640|[P2PService][Service][METRIC]heartBeat,connected count=3
info|2025-12-11 08:17:48.225800|timerFactory-0x000071d261bff640|[RPC][WS][SERVICE]connected nodes,count=0
info|2025-12-11 08:17:48.288145|ioService-0x000071d2747fe640|[P2PService][Service][METRIC]heartBeat,connected count=3
info|2025-12-11 08:17:57.996476|objMonitor-0x000071d24efff640|[startMonitor][AliveObjectMonitor],AliveObjectAllocStat=[ type: bcos::gateway::Socket ,created: 9 ,destroyed: 5 ,alive: 4 ] [ type: bcos::gateway::ResponseCallback ,created: 851522 ,destroyed: 851517 ,alive: 5 ] 
info|2025-12-11 08:17:58.225858|timerFactory-0x000071d261bff640|[RPC][WS][SERVICE]connected nodes,count=0
info|2025-12-11 08:17:58.288219|ioService-0x000071d2747fe640|[P2PService][Service][METRIC]heartBeat,connected count=3
info|2025-12-11 08:18:08.225913|timerFactory-0x000071d261bff640|[RPC][WS][SERVICE]connected nodes,count=0
info|2025-12-11 08:18:08.288397|ioService-0x000071d2747fe640|[P2PService][Service][METRIC]heartBeat,connected count=3
info|2025-12-11 08:18:18.225963|timerFactory-0x000071d261bff640|[RPC][WS][SERVICE]connected nodes,count=0
info|2025-12-11 08:18:18.288416|ioService-0x000071d2747fe640|[P2PService][Service][METRIC]heartBeat,connected count=3
info|2025-12-11 08:18:28.226062|timerFactory-0x000071d261bff640|[RPC][WS][SERVICE]connected nodes,count=0
info|2025-12-11 08:18:28.288487|ioService-0x000071d2747fe640|[P2PService][Service][METRIC]heartBeat,connected count=3
info|2025-12-11 08:18:38.226278|timerFactory-0x000071d261bff640|[RPC][WS][SERVICE]connected nodes,count=0
info|2025-12-11 08:18:38.288506|ioService-0x000071d2747fe640|[P2PService][Service][METRIC]heartBeat,connected count=3
info|2025-12-11 08:18:48.226354|timerFactory-0x000071d261bff640|[RPC][WS][SERVICE]connected nodes,count=0
info|2025-12-11 08:18:48.288523|ioService-0x000071d2747fe640|[P2PService][Service][METRIC]heartBeat,connected count=3
info|2025-12-11 08:18:57.996567|objMonitor-0x000071d24efff640|[startMonitor][AliveObjectMonitor],AliveObjectAllocStat=[ type: bcos::gateway::Socket ,created: 9 ,destroyed: 5 ,alive: 4 ] 
info|2025-12-11 08:18:58.226374|timerFactory-0x000071d261bff640|[RPC][WS][SERVICE]connected nodes,count=0
info|2025-12-11 08:18:58.288596|ioService-0x000071d2747fe640|[P2PService][Service][METRIC]heartBeat,connected count=3
info|2025-12-11 08:19:08.226393|timerFactory-0x000071d261bff640|[RPC][WS][SERVICE]connected nodes,count=0
info|2025-12-11 08:19:08.288614|ioService-0x000071d2747fe640|[P2PService][Service][METRIC]heartBeat,connected count=3
info|2025-12-11 08:19:18.226473|timerFactory-0x000071d261bff640|[RPC][WS][SERVICE]connected nodes,count=0
info|2025-12-11 08:19:18.288671|ioService-0x000071d2747fe640|[P2PService][Service][METRIC]heartBeat,connected count=3
info|2025-12-11 08:19:28.226496|timerFactory-0x000071d261bff640|[RPC][WS][SERVICE]connected nodes,count=0
info|2025-12-11 08:19:28.288733|ioService-0x000071d2747fe640|[P2PService][Service][METRIC]heartBeat,connected count=3
info|2025-12-11 08:19:38.226517|timerFactory-0x000071d261bff640|[RPC][WS][SERVICE]connected nodes,count=0
info|2025-12-11 08:19:38.288791|ioService-0x000071d2747fe640|[P2PService][Service][METRIC]heartBeat,connected count=3
info|2025-12-11 08:19:48.226536|timerFactory-0x000071d261bff640|[RPC][WS][SERVICE]connected nodes,count=0
info|2025-12-11 08:19:48.288871|ioService-0x000071d2747fe640|[P2PService][Service][METRIC]heartBeat,connected count=3
info|2025-12-11 08:19:57.996634|objMonitor-0x000071d24efff640|[startMonitor][AliveObjectMonitor],AliveObjectAllocStat=[ type: bcos::gateway::Socket ,created: 9 ,destroyed: 5 ,alive: 4 ] 
info|2025-12-11 08:19:58.226559|timerFactory-0x000071d261bff640|[RPC][WS][SERVICE]connected nodes,count=0
info|2025-12-11 08:19:58.288899|ioService-0x000071d2747fe640|[P2PService][Service][METRIC]heartBeat,connected count=3
info|2025-12-11 08:20:08.226583|timerFactory-0x000071d261bff640|[RPC][WS][SERVICE]connected nodes,count=0
info|2025-12-11 08:20:08.288984|ioService-0x000071d2747fe640|[P2PService][Service][METRIC]heartBeat,connected count=3
info|2025-12-11 08:20:18.226635|timerFactory-0x000071d261bff640|[RPC][WS][SERVICE]connected nodes,count=0
info|2025-12-11 08:20:18.289069|ioService-0x000071d2747fe640|[P2PService][Service][METRIC]heartBeat,connected count=3
info|2025-12-11 08:20:28.226689|timerFactory-0x000071d261bff640|[RPC][WS][SERVICE]connected nodes,count=0
info|2025-12-11 08:20:28.289170|ioService-0x000071d2747fe640|[P2PService][Service][METRIC]heartBeat,connected count=3
info|2025-12-11 08:20:38.226745|timerFactory-0x000071d261bff640|[RPC][WS][SERVICE]connected nodes,count=0
info|2025-12-11 08:20:38.289196|ioService-0x000071d2747fe640|[P2PService][Service][METRIC]heartBeat,connected count=3
info|2025-12-11 08:20:48.226801|timerFactory-0x000071d261bff640|[RPC][WS][SERVICE]connected nodes,count=0
info|2025-12-11 08:20:48.289224|ioService-0x000071d2747fe640|[P2PService][Service][METRIC]heartBeat,connected count=3
info|2025-12-11 08:20:57.996741|objMonitor-0x000071d24efff640|[startMonitor][AliveObjectMonitor],AliveObjectAllocStat=[ type: bcos::gateway::Socket ,created: 9 ,destroyed: 5 ,alive: 4 ] 
info|2025-12-11 08:20:58.226849|timerFactory-0x000071d261bff640|[RPC][WS][SERVICE]connected nodes,count=0
info|2025-12-11 08:20:58.289310|ioService-0x000071d2747fe640|[P2PService][Service][METRIC]heartBeat,connected count=3
info|2025-12-11 08:21:08.226901|timerFactory-0x000071d261bff640|[RPC][WS][SERVICE]connected nodes,count=0
info|2025-12-11 08:21:08.289333|ioService-0x000071d2747fe640|[P2PService][Service][METRIC]heartBeat,connected count=3
info|2025-12-11 08:21:18.226956|timerFactory-0x000071d261bff640|[RPC][WS][SERVICE]connected nodes,count=0
info|2025-12-11 08:21:18.289395|ioService-0x000071d2747fe640|[P2PService][Service][METRIC]heartBeat,connected count=3
info|2025-12-11 08:21:28.226975|timerFactory-0x000071d261bff640|[RPC][WS][SERVICE]connected nodes,count=0
info|2025-12-11 08:21:28.289423|ioService-0x000071d2747fe640|[P2PService][Service][METRIC]heartBeat,connected count=3
info|2025-12-11 08:21:38.227038|timerFactory-0x000071d261bff640|[RPC][WS][SERVICE]connected nodes,count=0
info|2025-12-11 08:21:38.289448|ioService-0x000071d2747fe640|[P2PService][Service][METRIC]heartBeat,connected count=3
info|2025-12-11 08:21:48.227102|timerFactory-0x000071d261bff640|[RPC][WS][SERVICE]connected nodes,count=0
info|2025-12-11 08:21:48.289577|ioService-0x000071d2747fe640|[P2PService][Service][METRIC]heartBeat,connected count=3
info|2025-12-11 08:21:57.996782|objMonitor-0x000071d24efff640|[startMonitor][AliveObjectMonitor],AliveObjectAllocStat=[ type: bcos::gateway::Socket ,created: 9 ,destroyed: 5 ,alive: 4 ] [ type: bcos::gateway::ResponseCallback ,created: 855119 ,destroyed: 855115 ,alive: 4 ] 
info|2025-12-11 08:21:58.227150|timerFactory-0x000071d261bff640|[RPC][WS][SERVICE]connected nodes,count=0
info|2025-12-11 08:21:58.289645|ioService-0x000071d2747fe640|[P2PService][Service][METRIC]heartBeat,connected count=3
info|2025-12-11 08:22:08.227199|timerFactory-0x000071d261bff640|[RPC][WS][SERVICE]connected nodes,count=0
info|2025-12-11 08:22:08.289740|ioService-0x000071d2747fe640|[P2PService][Service][METRIC]heartBeat,connected count=3
info|2025-12-11 08:22:18.227243|timerFactory-0x000071d261bff640|[RPC][WS][SERVICE]connected nodes,count=0
info|2025-12-11 08:22:18.289812|ioService-0x000071d2747fe640|[P2PService][Service][METRIC]heartBeat,connected count=3
info|2025-12-11 08:22:28.227284|timerFactory-0x000071d261bff640|[RPC][WS][SERVICE]connected nodes,count=0
info|2025-12-11 08:22:28.289834|ioService-0x000071d2747fe640|[P2PService][Service][METRIC]heartBeat,connected count=3
info|2025-12-11 08:22:38.227326|timerFactory-0x000071d261bff640|[RPC][WS][SERVICE]connected nodes,count=0
info|2025-12-11 08:22:38.289920|ioService-0x000071d2747fe640|[P2PService][Service][METRIC]heartBeat,connected count=3
info|2025-12-11 08:22:48.227342|timerFactory-0x000071d261bff640|[RPC][WS][SERVICE]connected nodes,count=0
info|2025-12-11 08:22:48.289985|ioService-0x000071d2747fe640|[P2PService][Service][METRIC]heartBeat,connected count=3
info|2025-12-11 08:22:57.996821|objMonitor-0x000071d24efff640|[startMonitor][AliveObjectMonitor],AliveObjectAllocStat=[ type: bcos::gateway::Socket ,created: 9 ,destroyed: 5 ,alive: 4 ] 
info|2025-12-11 08:22:58.227362|timerFactory-0x000071d261bff640|[RPC][WS][SERVICE]connected nodes,count=0
info|2025-12-11 08:22:58.290004|ioService-0x000071d2747fe640|[P2PService][Service][METRIC]heartBeat,connected count=3
info|2025-12-11 08:23:08.227379|timerFactory-0x000071d261bff640|[RPC][WS][SERVICE]connected nodes,count=0
info|2025-12-11 08:23:08.290083|ioService-0x000071d2747fe640|[P2PService][Service][METRIC]heartBeat,connected count=3
info|2025-12-11 08:23:18.227397|timerFactory-0x000071d261bff640|[RPC][WS][SERVICE]connected nodes,count=0
info|2025-12-11 08:23:18.290208|ioService-0x000071d2747fe640|[P2PService][Service][METRIC]heartBeat,connected count=3
info|2025-12-11 08:23:28.227419|timerFactory-0x000071d261bff640|[RPC][WS][SERVICE]connected nodes,count=0
info|2025-12-11 08:23:28.290377|ioService-0x000071d2747fe640|[P2PService][Service][METRIC]heartBeat,connected count=3
info|2025-12-11 08:23:38.227435|timerFactory-0x000071d261bff640|[RPC][WS][SERVICE]connected nodes,count=0
info|2025-12-11 08:23:38.290477|ioService-0x000071d2747fe640|[P2PService][Service][METRIC]heartBeat,connected count=3
info|2025-12-11 08:23:48.227452|timerFactory-0x000071d261bff640|[RPC][WS][SERVICE]connected nodes,count=0
info|2025-12-11 08:23:48.290507|ioService-0x000071d2747fe640|[P2PService][Service][METRIC]heartBeat,connected count=3
info|2025-12-11 08:23:57.996976|objMonitor-0x000071d24efff640|[startMonitor][AliveObjectMonitor],AliveObjectAllocStat=[ type: bcos::gateway::Socket ,created: 9 ,destroyed: 5 ,alive: 4 ] 
info|2025-12-11 08:23:58.227496|timerFactory-0x000071d261bff640|[RPC][WS][SERVICE]connected nodes,count=0
info|2025-12-11 08:23:58.290574|ioService-0x000071d2747fe640|[P2PService][Service][METRIC]heartBeat,connected count=3
info|2025-12-11 08:24:08.227530|timerFactory-0x000071d261bff640|[RPC][WS][SERVICE]connected nodes,count=0
info|2025-12-11 08:24:08.290625|ioService-0x000071d2747fe640|[P2PService][Service][METRIC]heartBeat,connected count=3
info|2025-12-11 08:24:18.227548|timerFactory-0x000071d261bff640|[RPC][WS][SERVICE]connected nodes,count=0
info|2025-12-11 08:24:18.290692|ioService-0x000071d2747fe640|[P2PService][Service][METRIC]heartBeat,connected count=3
info|2025-12-11 08:24:28.227569|timerFactory-0x000071d261bff640|[RPC][WS][SERVICE]connected nodes,count=0
info|2025-12-11 08:24:28.290769|ioService-0x000071d2747fe640|[P2PService][Service][METRIC]heartBeat,connected count=3
info|2025-12-11 08:24:38.227589|timerFactory-0x000071d261bff640|[RPC][WS][SERVICE]connected nodes,count=0
info|2025-12-11 08:24:38.290851|ioService-0x000071d2747fe640|[P2PService][Service][METRIC]heartBeat,connected count=3
info|2025-12-11 08:24:48.227607|timerFactory-0x000071d261bff640|[RPC][WS][SERVICE]connected nodes,count=0
info|2025-12-11 08:24:48.290951|ioService-0x000071d2747fe640|[P2PService][Service][METRIC]heartBeat,connected count=3
info|2025-12-11 08:24:57.997038|objMonitor-0x000071d24efff640|[startMonitor][AliveObjectMonitor],AliveObjectAllocStat=[ type: bcos::gateway::Socket ,created: 9 ,destroyed: 5 ,alive: 4 ] 
info|2025-12-11 08:24:58.227632|timerFactory-0x000071d261bff640|[RPC][WS][SERVICE]connected nodes,count=0
info|2025-12-11 08:24:58.291022|ioService-0x000071d2747fe640|[P2PService][Service][METRIC]heartBeat,connected count=3
info|2025-12-11 08:25:08.227656|timerFactory-0x000071d261bff640|[RPC][WS][SERVICE]connected nodes,count=0
info|2025-12-11 08:25:08.291169|ioService-0x000071d2747fe640|[P2PService][Service][METRIC]heartBeat,connected count=3
info|2025-12-11 08:25:18.227707|timerFactory-0x000071d261bff640|[RPC][WS][SERVICE]connected nodes,count=0
info|2025-12-11 08:25:18.291206|ioService-0x000071d2747fe640|[P2PService][Service][METRIC]heartBeat,connected count=3
info|2025-12-11 08:25:28.227762|timerFactory-0x000071d261bff640|[RPC][WS][SERVICE]connected nodes,count=0
info|2025-12-11 08:25:28.291232|ioService-0x000071d2747fe640|[P2PService][Service][METRIC]heartBeat,connected count=3
info|2025-12-11 08:25:38.227826|timerFactory-0x000071d261bff640|[RPC][WS][SERVICE]connected nodes,count=0
info|2025-12-11 08:25:38.291250|ioService-0x000071d2747fe640|[P2PService][Service][METRIC]heartBeat,connected count=3
info|2025-12-11 08:25:48.227878|timerFactory-0x000071d261bff640|[RPC][WS][SERVICE]connected nodes,count=0
info|2025-12-11 08:25:48.291270|ioService-0x000071d2747fe640|[P2PService][Service][METRIC]heartBeat,connected count=3
info|2025-12-11 08:25:57.997209|objMonitor-0x000071d24efff640|[startMonitor][AliveObjectMonitor],AliveObjectAllocStat=[ type: bcos::gateway::Socket ,created: 9 ,destroyed: 5 ,alive: 4 ] [ type: bcos::gateway::ResponseCallback ,created: 858716 ,destroyed: 858712 ,alive: 4 ] 
info|2025-12-11 08:25:58.227989|timerFactory-0x000071d261bff640|[RPC][WS][SERVICE]connected nodes,count=0
info|2025-12-11 08:25:58.291348|ioService-0x000071d2747fe640|[P2PService][Service][METRIC]heartBeat,connected count=3
info|2025-12-11 08:26:08.228040|timerFactory-0x000071d261bff640|[RPC][WS][SERVICE]connected nodes,count=0
info|2025-12-11 08:26:08.291410|ioService-0x000071d2747fe640|[P2PService][Service][METRIC]heartBeat,connected count=3
info|2025-12-11 08:26:18.228145|timerFactory-0x000071d261bff640|[RPC][WS][SERVICE]connected nodes,count=0
info|2025-12-11 08:26:18.291428|ioService-0x000071d2747fe640|[P2PService][Service][METRIC]heartBeat,connected count=3
info|2025-12-11 08:26:28.228233|timerFactory-0x000071d261bff640|[RPC][WS][SERVICE]connected nodes,count=0
info|2025-12-11 08:26:28.291447|ioService-0x000071d2747fe640|[P2PService][Service][METRIC]heartBeat,connected count=3
info|2025-12-11 08:26:38.228277|timerFactory-0x000071d261bff640|[RPC][WS][SERVICE]connected nodes,count=0
info|2025-12-11 08:26:38.291548|ioService-0x000071d2747fe640|[P2PService][Service][METRIC]heartBeat,connected count=3
info|2025-12-11 08:26:48.228298|timerFactory-0x000071d261bff640|[RPC][WS][SERVICE]connected nodes,count=0
info|2025-12-11 08:26:48.291604|ioService-0x000071d2747fe640|[P2PService][Service][METRIC]heartBeat,connected count=3
info|2025-12-11 08:26:57.997301|objMonitor-0x000071d24efff640|[startMonitor][AliveObjectMonitor],AliveObjectAllocStat=[ type: bcos::gateway::Socket ,created: 9 ,destroyed: 5 ,alive: 4 ] 
info|2025-12-11 08:26:58.228318|timerFactory-0x000071d261bff640|[RPC][WS][SERVICE]connected nodes,count=0
info|2025-12-11 08:26:58.291628|ioService-0x000071d2747fe640|[P2PService][Service][METRIC]heartBeat,connected count=3
info|2025-12-11 08:27:08.228341|timerFactory-0x000071d261bff640|[RPC][WS][SERVICE]connected nodes,count=0
info|2025-12-11 08:27:08.291691|ioService-0x000071d2747fe640|[P2PService][Service][METRIC]heartBeat,connected count=3
info|2025-12-11 08:27:18.228363|timerFactory-0x000071d261bff640|[RPC][WS][SERVICE]connected nodes,count=0
info|2025-12-11 08:27:18.291715|ioService-0x000071d2747fe640|[P2PService][Service][METRIC]heartBeat,connected count=3
info|2025-12-11 08:27:28.228383|timerFactory-0x000071d261bff640|[RPC][WS][SERVICE]connected nodes,count=0
info|2025-12-11 08:27:28.291777|ioService-0x000071d2747fe640|[P2PService][Service][METRIC]heartBeat,connected count=3
info|2025-12-11 08:27:38.228448|timerFactory-0x000071d261bff640|[RPC][WS][SERVICE]connected nodes,count=0
info|2025-12-11 08:27:38.291828|ioService-0x000071d2747fe640|[P2PService][Service][METRIC]heartBeat,connected count=3
info|2025-12-11 08:27:48.228472|timerFactory-0x000071d261bff640|[RPC][WS][SERVICE]connected nodes,count=0
info|2025-12-11 08:27:48.291860|ioService-0x000071d2747fe640|[P2PService][Service][METRIC]heartBeat,connected count=3
info|2025-12-11 08:27:57.997354|objMonitor-0x000071d24efff640|[startMonitor][AliveObjectMonitor],AliveObjectAllocStat=[ type: bcos::gateway::Socket ,created: 9 ,destroyed: 5 ,alive: 4 ] 
info|2025-12-11 08:27:58.228497|timerFactory-0x000071d261bff640|[RPC][WS][SERVICE]connected nodes,count=0
info|2025-12-11 08:27:58.291888|ioService-0x000071d2747fe640|[P2PService][Service][METRIC]heartBeat,connected count=3
info|2025-12-11 08:28:08.228517|timerFactory-0x000071d261bff640|[RPC][WS][SERVICE]connected nodes,count=0
info|2025-12-11 08:28:08.291948|ioService-0x000071d2747fe640|[P2PService][Service][METRIC]heartBeat,connected count=3
info|2025-12-11 08:28:18.228581|timerFactory-0x000071d261bff640|[RPC][WS][SERVICE]connected nodes,count=0
info|2025-12-11 08:28:18.291973|ioService-0x000071d2747fe640|[P2PService][Service][METRIC]heartBeat,connected count=3
info|2025-12-11 08:28:28.228605|timerFactory-0x000071d261bff640|[RPC][WS][SERVICE]connected nodes,count=0
info|2025-12-11 08:28:28.292001|ioService-0x000071d2747fe640|[P2PService][Service][METRIC]heartBeat,connected count=3
info|2025-12-11 08:28:38.228685|timerFactory-0x000071d261bff640|[RPC][WS][SERVICE]connected nodes,count=0
info|2025-12-11 08:28:38.292089|ioService-0x000071d2747fe640|[P2PService][Service][METRIC]heartBeat,connected count=3
info|2025-12-11 08:28:48.228708|timerFactory-0x000071d261bff640|[RPC][WS][SERVICE]connected nodes,count=0
info|2025-12-11 08:28:48.292224|ioService-0x000071d2747fe640|[P2PService][Service][METRIC]heartBeat,connected count=3
info|2025-12-11 08:28:57.997419|objMonitor-0x000071d24efff640|[startMonitor][AliveObjectMonitor],AliveObjectAllocStat=[ type: bcos::gateway::Socket ,created: 9 ,destroyed: 5 ,alive: 4 ] 
info|2025-12-11 08:28:58.228730|timerFactory-0x000071d261bff640|[RPC][WS][SERVICE]connected nodes,count=0
info|2025-12-11 08:28:58.292288|ioService-0x000071d2747fe640|[P2PService][Service][METRIC]heartBeat,connected count=3
info|2025-12-11 08:29:08.228753|timerFactory-0x000071d261bff640|[RPC][WS][SERVICE]connected nodes,count=0
info|2025-12-11 08:29:08.292370|ioService-0x000071d2747fe640|[P2PService][Service][METRIC]heartBeat,connected count=3
info|2025-12-11 08:29:18.228775|timerFactory-0x000071d261bff640|[RPC][WS][SERVICE]connected nodes,count=0
info|2025-12-11 08:29:18.292394|ioService-0x000071d2747fe640|[P2PService][Service][METRIC]heartBeat,connected count=3
info|2025-12-11 08:29:28.228796|timerFactory-0x000071d261bff640|[RPC][WS][SERVICE]connected nodes,count=0
info|2025-12-11 08:29:28.292419|ioService-0x000071d2747fe640|[P2PService][Service][METRIC]heartBeat,connected count=3
info|2025-12-11 08:29:38.228816|timerFactory-0x000071d261bff640|[RPC][WS][SERVICE]connected nodes,count=0
info|2025-12-11 08:29:38.292442|ioService-0x000071d2747fe640|[P2PService][Service][METRIC]heartBeat,connected count=3
info|2025-12-11 08:29:48.228874|timerFactory-0x000071d261bff640|[RPC][WS][SERVICE]connected nodes,count=0
info|2025-12-11 08:29:48.292629|ioService-0x000071d2747fe640|[P2PService][Service][METRIC]heartBeat,connected count=3
info|2025-12-11 08:29:57.997460|objMonitor-0x000071d24efff640|[startMonitor][AliveObjectMonitor],AliveObjectAllocStat=[ type: bcos::gateway::Socket ,created: 9 ,destroyed: 5 ,alive: 4 ] 
info|2025-12-11 08:29:58.228958|timerFactory-0x000071d261bff640|[RPC][WS][SERVICE]connected nodes,count=0
info|2025-12-11 08:29:58.292736|ioService-0x000071d2747fe640|[P2PService][Service][METRIC]heartBeat,connected count=3
info|2025-12-11 08:30:08.229020|timerFactory-0x000071d261bff640|[RPC][WS][SERVICE]connected nodes,count=0
info|2025-12-11 08:30:08.292795|ioService-0x000071d2747fe640|[P2PService][Service][METRIC]heartBeat,connected count=3
info|2025-12-11 08:30:18.229065|timerFactory-0x000071d261bff640|[RPC][WS][SERVICE]connected nodes,count=0
info|2025-12-11 08:30:18.292818|ioService-0x000071d2747fe640|[P2PService][Service][METRIC]heartBeat,connected count=3
info|2025-12-11 08:30:28.229086|timerFactory-0x000071d261bff640|[RPC][WS][SERVICE]connected nodes,count=0
info|2025-12-11 08:30:28.292838|ioService-0x000071d2747fe640|[P2PService][Service][METRIC]heartBeat,connected count=3
info|2025-12-11 08:30:38.229131|timerFactory-0x000071d261bff640|[RPC][WS][SERVICE]connected nodes,count=0
info|2025-12-11 08:30:38.292890|ioService-0x000071d2747fe640|[P2PService][Service][METRIC]heartBeat,connected count=3
info|2025-12-11 08:30:48.229158|timerFactory-0x000071d261bff640|[RPC][WS][SERVICE]connected nodes,count=0
info|2025-12-11 08:30:48.292977|ioService-0x000071d2747fe640|[P2PService][Service][METRIC]heartBeat,connected count=3
info|2025-12-11 08:30:57.997508|objMonitor-0x000071d24efff640|[startMonitor][AliveObjectMonitor],AliveObjectAllocStat=[ type: bcos::gateway::Socket ,created: 9 ,destroyed: 5 ,alive: 4 ] 
info|2025-12-11 08:30:58.229350|timerFactory-0x000071d261bff640|[RPC][WS][SERVICE]connected nodes,count=0
info|2025-12-11 08:30:58.292999|ioService-0x000071d2747fe640|[P2PService][Service][METRIC]heartBeat,connected count=3
info|2025-12-11 08:31:08.229370|timerFactory-0x000071d261bff640|[RPC][WS][SERVICE]connected nodes,count=0
info|2025-12-11 08:31:08.293019|ioService-0x000071d2747fe640|[P2PService][Service][METRIC]heartBeat,connected count=3
info|2025-12-11 08:31:18.229390|timerFactory-0x000071d261bff640|[RPC][WS][SERVICE]connected nodes,count=0
info|2025-12-11 08:31:18.293207|ioService-0x000071d2747fe640|[P2PService][Service][METRIC]heartBeat,connected count=3
info|2025-12-11 08:31:28.229408|timerFactory-0x000071d261bff640|[RPC][WS][SERVICE]connected nodes,count=0
info|2025-12-11 08:31:28.293293|ioService-0x000071d2747fe640|[P2PService][Service][METRIC]heartBeat,connected count=3
info|2025-12-11 08:31:38.229426|timerFactory-0x000071d261bff640|[RPC][WS][SERVICE]connected nodes,count=0
info|2025-12-11 08:31:38.293400|ioService-0x000071d2747fe640|[P2PService][Service][METRIC]heartBeat,connected count=3
info|2025-12-11 08:31:48.229445|timerFactory-0x000071d261bff640|[RPC][WS][SERVICE]connected nodes,count=0
info|2025-12-11 08:31:48.293467|ioService-0x000071d2747fe640|[P2PService][Service][METRIC]heartBeat,connected count=3
info|2025-12-11 08:31:57.997552|objMonitor-0x000071d24efff640|[startMonitor][AliveObjectMonitor],AliveObjectAllocStat=[ type: bcos::gateway::Socket ,created: 9 ,destroyed: 5 ,alive: 4 ] 
info|2025-12-11 08:31:58.229462|timerFactory-0x000071d261bff640|[RPC][WS][SERVICE]connected nodes,count=0
info|2025-12-11 08:31:58.293498|ioService-0x000071d2747fe640|[P2PService][Service][METRIC]heartBeat,connected count=3
info|2025-12-11 08:32:08.229481|timerFactory-0x000071d261bff640|[RPC][WS][SERVICE]connected nodes,count=0
info|2025-12-11 08:32:08.293518|ioService-0x000071d2747fe640|[P2PService][Service][METRIC]heartBeat,connected count=3
info|2025-12-11 08:32:18.229496|timerFactory-0x000071d261bff640|[RPC][WS][SERVICE]connected nodes,count=0
info|2025-12-11 08:32:18.293537|ioService-0x000071d2747fe640|[P2PService][Service][METRIC]heartBeat,connected count=3
info|2025-12-11 08:32:28.229514|timerFactory-0x000071d261bff640|[RPC][WS][SERVICE]connected nodes,count=0
info|2025-12-11 08:32:28.293568|ioService-0x000071d2747fe640|[P2PService][Service][METRIC]heartBeat,connected count=3
info|2025-12-11 08:32:38.229532|timerFactory-0x000071d261bff640|[RPC][WS][SERVICE]connected nodes,count=0
info|2025-12-11 08:32:38.293624|ioService-0x000071d2747fe640|[P2PService][Service][METRIC]heartBeat,connected count=3
info|2025-12-11 08:32:48.229549|timerFactory-0x000071d261bff640|[RPC][WS][SERVICE]connected nodes,count=0
info|2025-12-11 08:32:48.293683|ioService-0x000071d2747fe640|[P2PService][Service][METRIC]heartBeat,connected count=3
info|2025-12-11 08:32:57.997686|objMonitor-0x000071d24efff640|[startMonitor][AliveObjectMonitor],AliveObjectAllocStat=[ type: bcos::gateway::Socket ,created: 9 ,destroyed: 5 ,alive: 4 ] 
info|2025-12-11 08:32:58.229593|timerFactory-0x000071d261bff640|[RPC][WS][SERVICE]connected nodes,count=0
info|2025-12-11 08:32:58.293774|ioService-0x000071d2747fe640|[P2PService][Service][METRIC]heartBeat,connected count=3
info|2025-12-11 08:33:08.229661|timerFactory-0x000071d261bff640|[RPC][WS][SERVICE]connected nodes,count=0
info|2025-12-11 08:33:08.293950|ioService-0x000071d2747fe640|[P2PService][Service][METRIC]heartBeat,connected count=3
info|2025-12-11 08:33:18.229705|timerFactory-0x000071d261bff640|[RPC][WS][SERVICE]connected nodes,count=0
info|2025-12-11 08:33:18.294031|ioService-0x000071d2747fe640|[P2PService][Service][METRIC]heartBeat,connected count=3
info|2025-12-11 08:33:28.229724|timerFactory-0x000071d261bff640|[RPC][WS][SERVICE]connected nodes,count=0
info|2025-12-11 08:33:28.294185|ioService-0x000071d2747fe640|[P2PService][Service][METRIC]heartBeat,connected count=3
info|2025-12-11 08:33:38.229746|timerFactory-0x000071d261bff640|[RPC][WS][SERVICE]connected nodes,count=0
info|2025-12-11 08:33:38.294229|ioService-0x000071d2747fe640|[P2PService][Service][METRIC]heartBeat,connected count=3
info|2025-12-11 08:33:48.229765|timerFactory-0x000071d261bff640|[RPC][WS][SERVICE]connected nodes,count=0
info|2025-12-11 08:33:48.294249|ioService-0x000071d2747fe640|[P2PService][Service][METRIC]heartBeat,connected count=3
info|2025-12-11 08:33:57.997730|objMonitor-0x000071d24efff640|[startMonitor][AliveObjectMonitor],AliveObjectAllocStat=[ type: bcos::gateway::Socket ,created: 9 ,destroyed: 5 ,alive: 4 ] [ type: bcos::gateway::ResponseCallback ,created: 865910 ,destroyed: 865904 ,alive: 6 ] 
info|2025-12-11 08:33:58.229807|timerFactory-0x000071d261bff640|[RPC][WS][SERVICE]connected nodes,count=0
info|2025-12-11 08:33:58.294324|ioService-0x000071d2747fe640|[P2PService][Service][METRIC]heartBeat,connected count=3
info|2025-12-11 08:34:08.229841|timerFactory-0x000071d261bff640|[RPC][WS][SERVICE]connected nodes,count=0
info|2025-12-11 08:34:08.294343|ioService-0x000071d2747fe640|[P2PService][Service][METRIC]heartBeat,connected count=3
info|2025-12-11 08:34:18.229857|timerFactory-0x000071d261bff640|[RPC][WS][SERVICE]connected nodes,count=0
info|2025-12-11 08:34:18.294366|ioService-0x000071d2747fe640|[P2PService][Service][METRIC]heartBeat,connected count=3
info|2025-12-11 08:34:28.229883|timerFactory-0x000071d261bff640|[RPC][WS][SERVICE]connected nodes,count=0
info|2025-12-11 08:34:28.294466|ioService-0x000071d2747fe640|[P2PService][Service][METRIC]heartBeat,connected count=3
info|2025-12-11 08:34:38.229927|timerFactory-0x000071d261bff640|[RPC][WS][SERVICE]connected nodes,count=0
info|2025-12-11 08:34:38.294519|ioService-0x000071d2747fe640|[P2PService][Service][METRIC]heartBeat,connected count=3
info|2025-12-11 08:34:48.229993|timerFactory-0x000071d261bff640|[RPC][WS][SERVICE]connected nodes,count=0
info|2025-12-11 08:34:48.294542|ioService-0x000071d2747fe640|[P2PService][Service][METRIC]heartBeat,connected count=3
info|2025-12-11 08:34:57.997781|objMonitor-0x000071d24efff640|[startMonitor][AliveObjectMonitor],AliveObjectAllocStat=[ type: bcos::gateway::Socket ,created: 9 ,destroyed: 5 ,alive: 4 ] 
info|2025-12-11 08:34:58.230034|timerFactory-0x000071d261bff640|[RPC][WS][SERVICE]connected nodes,count=0
info|2025-12-11 08:34:58.294594|ioService-0x000071d2747fe640|[P2PService][Service][METRIC]heartBeat,connected count=3
info|2025-12-11 08:35:08.230057|timerFactory-0x000071d261bff640|[RPC][WS][SERVICE]connected nodes,count=0
info|2025-12-11 08:35:08.294616|ioService-0x000071d2747fe640|[P2PService][Service][METRIC]heartBeat,connected count=3
info|2025-12-11 08:35:18.230078|timerFactory-0x000071d261bff640|[RPC][WS][SERVICE]connected nodes,count=0
info|2025-12-11 08:35:18.294683|ioService-0x000071d2747fe640|[P2PService][Service][METRIC]heartBeat,connected count=3
info|2025-12-11 08:35:28.230098|timerFactory-0x000071d261bff640|[RPC][WS][SERVICE]connected nodes,count=0
info|2025-12-11 08:35:28.294783|ioService-0x000071d2747fe640|[P2PService][Service][METRIC]heartBeat,connected count=3
info|2025-12-11 08:35:38.230164|timerFactory-0x000071d261bff640|[RPC][WS][SERVICE]connected nodes,count=0
info|2025-12-11 08:35:38.294800|ioService-0x000071d2747fe640|[P2PService][Service][METRIC]heartBeat,connected count=3
info|2025-12-11 08:35:48.230217|timerFactory-0x000071d261bff640|[RPC][WS][SERVICE]connected nodes,count=0
info|2025-12-11 08:35:48.294820|ioService-0x000071d2747fe640|[P2PService][Service][METRIC]heartBeat,connected count=3
info|2025-12-11 08:35:57.997920|objMonitor-0x000071d24efff640|[startMonitor][AliveObjectMonitor],AliveObjectAllocStat=[ type: bcos::gateway::Socket ,created: 9 ,destroyed: 5 ,alive: 4 ] 
info|2025-12-11 08:35:58.230236|timerFactory-0x000071d261bff640|[RPC][WS][SERVICE]connected nodes,count=0
info|2025-12-11 08:35:58.294852|ioService-0x000071d2747fe640|[P2PService][Service][METRIC]heartBeat,connected count=3
info|2025-12-11 08:36:08.230254|timerFactory-0x000071d261bff640|[RPC][WS][SERVICE]connected nodes,count=0
info|2025-12-11 08:36:08.294935|ioService-0x000071d2747fe640|[P2PService][Service][METRIC]heartBeat,connected count=3
info|2025-12-11 08:36:18.230306|timerFactory-0x000071d261bff640|[RPC][WS][SERVICE]connected nodes,count=0
info|2025-12-11 08:36:18.295003|ioService-0x000071d2747fe640|[P2PService][Service][METRIC]heartBeat,connected count=3
info|2025-12-11 08:36:28.230359|timerFactory-0x000071d261bff640|[RPC][WS][SERVICE]connected nodes,count=0
info|2025-12-11 08:36:28.295076|ioService-0x000071d2747fe640|[P2PService][Service][METRIC]heartBeat,connected count=3
info|2025-12-11 08:36:38.230416|timerFactory-0x000071d261bff640|[RPC][WS][SERVICE]connected nodes,count=0
info|2025-12-11 08:36:38.295135|ioService-0x000071d2747fe640|[P2PService][Service][METRIC]heartBeat,connected count=3
info|2025-12-11 08:36:48.230438|timerFactory-0x000071d261bff640|[RPC][WS][SERVICE]connected nodes,count=0
info|2025-12-11 08:36:48.295196|ioService-0x000071d2747fe640|[P2PService][Service][METRIC]heartBeat,connected count=3
info|2025-12-11 08:36:57.998057|objMonitor-0x000071d24efff640|[startMonitor][AliveObjectMonitor],AliveObjectAllocStat=[ type: bcos::gateway::Socket ,created: 9 ,destroyed: 5 ,alive: 4 ] 
info|2025-12-11 08:36:58.230459|timerFactory-0x000071d261bff640|[RPC][WS][SERVICE]connected nodes,count=0
info|2025-12-11 08:36:58.295256|ioService-0x000071d2747fe640|[P2PService][Service][METRIC]heartBeat,connected count=3
info|2025-12-11 08:37:08.230479|timerFactory-0x000071d261bff640|[RPC][WS][SERVICE]connected nodes,count=0
info|2025-12-11 08:37:08.295276|ioService-0x000071d2747fe640|[P2PService][Service][METRIC]heartBeat,connected count=3
info|2025-12-11 08:37:18.230498|timerFactory-0x000071d261bff640|[RPC][WS][SERVICE]connected nodes,count=0
info|2025-12-11 08:37:18.295320|ioService-0x000071d2747fe640|[P2PService][Service][METRIC]heartBeat,connected count=3
info|2025-12-11 08:37:28.230517|timerFactory-0x000071d261bff640|[RPC][WS][SERVICE]connected nodes,count=0
info|2025-12-11 08:37:28.295372|ioService-0x000071d2747fe640|[P2PService][Service][METRIC]heartBeat,connected count=3
info|2025-12-11 08:37:38.230535|timerFactory-0x000071d261bff640|[RPC][WS][SERVICE]connected nodes,count=0
info|2025-12-11 08:37:38.295454|ioService-0x000071d2747fe640|[P2PService][Service][METRIC]heartBeat,connected count=3
info|2025-12-11 08:37:48.230582|timerFactory-0x000071d261bff640|[RPC][WS][SERVICE]connected nodes,count=0
info|2025-12-11 08:37:48.295554|ioService-0x000071d2747fe640|[P2PService][Service][METRIC]heartBeat,connected count=3
info|2025-12-11 08:37:57.998102|objMonitor-0x000071d24efff640|[startMonitor][AliveObjectMonitor],AliveObjectAllocStat=[ type: bcos::gateway::Socket ,created: 9 ,destroyed: 5 ,alive: 4 ] 
info|2025-12-11 08:37:58.230634|timerFactory-0x000071d261bff640|[RPC][WS][SERVICE]connected nodes,count=0
info|2025-12-11 08:37:58.295666|ioService-0x000071d2747fe640|[P2PService][Service][METRIC]heartBeat,connected count=3
info|2025-12-11 08:38:08.230653|timerFactory-0x000071d261bff640|[RPC][WS][SERVICE]connected nodes,count=0
info|2025-12-11 08:38:08.295687|ioService-0x000071d2747fe640|[P2PService][Service][METRIC]heartBeat,connected count=3
info|2025-12-11 08:38:18.230672|timerFactory-0x000071d261bff640|[RPC][WS][SERVICE]connected nodes,count=0
info|2025-12-11 08:38:18.295765|ioService-0x000071d2747fe640|[P2PService][Service][METRIC]heartBeat,connected count=3
info|2025-12-11 08:38:28.230699|timerFactory-0x000071d261bff640|[RPC][WS][SERVICE]connected nodes,count=0
info|2025-12-11 08:38:28.295787|ioService-0x000071d2747fe640|[P2PService][Service][METRIC]heartBeat,connected count=3
info|2025-12-11 08:38:38.230721|timerFactory-0x000071d261bff640|[RPC][WS][SERVICE]connected nodes,count=0
info|2025-12-11 08:38:38.295856|ioService-0x000071d2747fe640|[P2PService][Service][METRIC]heartBeat,connected count=3
info|2025-12-11 08:38:48.230749|timerFactory-0x000071d261bff640|[RPC][WS][SERVICE]connected nodes,count=0
info|2025-12-11 08:38:48.295914|ioService-0x000071d2747fe640|[P2PService][Service][METRIC]heartBeat,connected count=3
info|2025-12-11 08:38:57.998214|objMonitor-0x000071d24efff640|[startMonitor][AliveObjectMonitor],AliveObjectAllocStat=[ type: bcos::gateway::Socket ,created: 9 ,destroyed: 5 ,alive: 4 ] 
info|2025-12-11 08:38:58.230771|timerFactory-0x000071d261bff640|[RPC][WS][SERVICE]connected nodes,count=0
info|2025-12-11 08:38:58.295990|ioService-0x000071d2747fe640|[P2PService][Service][METRIC]heartBeat,connected count=3
info|2025-12-11 08:39:08.230832|timerFactory-0x000071d261bff640|[RPC][WS][SERVICE]connected nodes,count=0
info|2025-12-11 08:39:08.296151|ioService-0x000071d2747fe640|[P2PService][Service][METRIC]heartBeat,connected count=3
info|2025-12-11 08:39:18.230856|timerFactory-0x000071d261bff640|[RPC][WS][SERVICE]connected nodes,count=0
info|2025-12-11 08:39:18.296236|ioService-0x000071d2747fe640|[P2PService][Service][METRIC]heartBeat,connected count=3
info|2025-12-11 08:39:28.230878|timerFactory-0x000071d261bff640|[RPC][WS][SERVICE]connected nodes,count=0
info|2025-12-11 08:39:28.296304|ioService-0x000071d2747fe640|[P2PService][Service][METRIC]heartBeat,connected count=3
info|2025-12-11 08:39:38.230938|timerFactory-0x000071d261bff640|[RPC][WS][SERVICE]connected nodes,count=0
info|2025-12-11 08:39:38.296387|ioService-0x000071d2747fe640|[P2PService][Service][METRIC]heartBeat,connected count=3
info|2025-12-11 08:39:48.230956|timerFactory-0x000071d261bff640|[RPC][WS][SERVICE]connected nodes,count=0
info|2025-12-11 08:39:48.296473|ioService-0x000071d2747fe640|[P2PService][Service][METRIC]heartBeat,connected count=3
info|2025-12-11 08:39:57.998257|objMonitor-0x000071d24efff640|[startMonitor][AliveObjectMonitor],AliveObjectAllocStat=[ type: bcos::gateway::Socket ,created: 9 ,destroyed: 5 ,alive: 4 ] 
info|2025-12-11 08:39:58.230975|timerFactory-0x000071d261bff640|[RPC][WS][SERVICE]connected nodes,count=0
info|2025-12-11 08:39:58.296532|ioService-0x000071d2747fe640|[P2PService][Service][METRIC]heartBeat,connected count=3
info|2025-12-11 08:40:08.231002|timerFactory-0x000071d261bff640|[RPC][WS][SERVICE]connected nodes,count=0
info|2025-12-11 08:40:08.296558|ioService-0x000071d2747fe640|[P2PService][Service][METRIC]heartBeat,connected count=3
info|2025-12-11 08:40:18.231022|timerFactory-0x000071d261bff640|[RPC][WS][SERVICE]connected nodes,count=0
info|2025-12-11 08:40:18.296626|ioService-0x000071d2747fe640|[P2PService][Service][METRIC]heartBeat,connected count=3
info|2025-12-11 08:40:28.231042|timerFactory-0x000071d261bff640|[RPC][WS][SERVICE]connected nodes,count=0
info|2025-12-11 08:40:28.296689|ioService-0x000071d2747fe640|[P2PService][Service][METRIC]heartBeat,connected count=3
info|2025-12-11 08:40:38.231063|timerFactory-0x000071d261bff640|[RPC][WS][SERVICE]connected nodes,count=0
info|2025-12-11 08:40:38.296722|ioService-0x000071d2747fe640|[P2PService][Service][METRIC]heartBeat,connected count=3
info|2025-12-11 08:40:48.231086|timerFactory-0x000071d261bff640|[RPC][WS][SERVICE]connected nodes,count=0
info|2025-12-11 08:40:48.296840|ioService-0x000071d2747fe640|[P2PService][Service][METRIC]heartBeat,connected count=3
info|2025-12-11 08:40:57.998331|objMonitor-0x000071d24efff640|[startMonitor][AliveObjectMonitor],AliveObjectAllocStat=[ type: bcos::gateway::Socket ,created: 9 ,destroyed: 5 ,alive: 4 ] 
info|2025-12-11 08:40:58.231109|timerFactory-0x000071d261bff640|[RPC][WS][SERVICE]connected nodes,count=0
info|2025-12-11 08:40:58.296877|ioService-0x000071d2747fe640|[P2PService][Service][METRIC]heartBeat,connected count=3
info|2025-12-11 08:41:08.231132|timerFactory-0x000071d261bff640|[RPC][WS][SERVICE]connected nodes,count=0
info|2025-12-11 08:41:08.296953|ioService-0x000071d2747fe640|[P2PService][Service][METRIC]heartBeat,connected count=3
info|2025-12-11 08:41:18.231185|timerFactory-0x000071d261bff640|[RPC][WS][SERVICE]connected nodes,count=0
info|2025-12-11 08:41:18.297022|ioService-0x000071d2747fe640|[P2PService][Service][METRIC]heartBeat,connected count=3
info|2025-12-11 08:41:28.231229|timerFactory-0x000071d261bff640|[RPC][WS][SERVICE]connected nodes,count=0
info|2025-12-11 08:41:28.297182|ioService-0x000071d2747fe640|[P2PService][Service][METRIC]heartBeat,connected count=3
info|2025-12-11 08:41:38.231265|timerFactory-0x000071d261bff640|[RPC][WS][SERVICE]connected nodes,count=0
info|2025-12-11 08:41:38.297228|ioService-0x000071d2747fe640|[P2PService][Service][METRIC]heartBeat,connected count=3
info|2025-12-11 08:41:48.231299|timerFactory-0x000071d261bff640|[RPC][WS][SERVICE]connected nodes,count=0
info|2025-12-11 08:41:48.297328|ioService-0x000071d2747fe640|[P2PService][Service][METRIC]heartBeat,connected count=3
info|2025-12-11 08:41:57.998374|objMonitor-0x000071d24efff640|[startMonitor][AliveObjectMonitor],AliveObjectAllocStat=[ type: bcos::gateway::Socket ,created: 9 ,destroyed: 5 ,alive: 4 ] 
info|2025-12-11 08:41:58.231315|timerFactory-0x000071d261bff640|[RPC][WS][SERVICE]connected nodes,count=0
info|2025-12-11 08:41:58.297447|ioService-0x000071d2747fe640|[P2PService][Service][METRIC]heartBeat,connected count=3
info|2025-12-11 08:42:08.231330|timerFactory-0x000071d261bff640|[RPC][WS][SERVICE]connected nodes,count=0
info|2025-12-11 08:42:08.297523|ioService-0x000071d2747fe640|[P2PService][Service][METRIC]heartBeat,connected count=3
info|2025-12-11 08:42:18.231343|timerFactory-0x000071d261bff640|[RPC][WS][SERVICE]connected nodes,count=0
info|2025-12-11 08:42:18.297539|ioService-0x000071d2747fe640|[P2PService][Service][METRIC]heartBeat,connected count=3
info|2025-12-11 08:42:28.231356|timerFactory-0x000071d261bff640|[RPC][WS][SERVICE]connected nodes,count=0
info|2025-12-11 08:42:28.297598|ioService-0x000071d2747fe640|[P2PService][Service][METRIC]heartBeat,connected count=3
info|2025-12-11 08:42:38.231377|timerFactory-0x000071d261bff640|[RPC][WS][SERVICE]connected nodes,count=0
info|2025-12-11 08:42:38.297633|ioService-0x000071d2747fe640|[P2PService][Service][METRIC]heartBeat,connected count=3
info|2025-12-11 08:42:48.231396|timerFactory-0x000071d261bff640|[RPC][WS][SERVICE]connected nodes,count=0
info|2025-12-11 08:42:48.297656|ioService-0x000071d2747fe640|[P2PService][Service][METRIC]heartBeat,connected count=3
info|2025-12-11 08:42:57.998417|objMonitor-0x000071d24efff640|[startMonitor][AliveObjectMonitor],AliveObjectAllocStat=[ type: bcos::gateway::Socket ,created: 9 ,destroyed: 5 ,alive: 4 ] 
info|2025-12-11 08:42:58.231411|timerFactory-0x000071d261bff640|[RPC][WS][SERVICE]connected nodes,count=0
info|2025-12-11 08:42:58.297684|ioService-0x000071d2747fe640|[P2PService][Service][METRIC]heartBeat,connected count=3
info|2025-12-11 08:43:08.231428|timerFactory-0x000071d261bff640|[RPC][WS][SERVICE]connected nodes,count=0
info|2025-12-11 08:43:08.297707|ioService-0x000071d2747fe640|[P2PService][Service][METRIC]heartBeat,connected count=3
info|2025-12-11 08:43:18.231444|timerFactory-0x000071d261bff640|[RPC][WS][SERVICE]connected nodes,count=0
info|2025-12-11 08:43:18.297768|ioService-0x000071d2747fe640|[P2PService][Service][METRIC]heartBeat,connected count=3
info|2025-12-11 08:43:28.231463|timerFactory-0x000071d261bff640|[RPC][WS][SERVICE]connected nodes,count=0
info|2025-12-11 08:43:28.297788|ioService-0x000071d2747fe640|[P2PService][Service][METRIC]heartBeat,connected count=3
info|2025-12-11 08:43:38.231480|timerFactory-0x000071d261bff640|[RPC][WS][SERVICE]connected nodes,count=0
info|2025-12-11 08:43:38.297874|ioService-0x000071d2747fe640|[P2PService][Service][METRIC]heartBeat,connected count=3
info|2025-12-11 08:43:48.231496|timerFactory-0x000071d261bff640|[RPC][WS][SERVICE]connected nodes,count=0
info|2025-12-11 08:43:48.297942|ioService-0x000071d2747fe640|[P2PService][Service][METRIC]heartBeat,connected count=3
info|2025-12-11 08:43:57.998459|objMonitor-0x000071d24efff640|[startMonitor][AliveObjectMonitor],AliveObjectAllocStat=[ type: bcos::gateway::Socket ,created: 9 ,destroyed: 5 ,alive: 4 ] 
info|2025-12-11 08:43:58.231510|timerFactory-0x000071d261bff640|[RPC][WS][SERVICE]connected nodes,count=0
info|2025-12-11 08:43:58.298000|ioService-0x000071d2747fe640|[P2PService][Service][METRIC]heartBeat,connected count=3
info|2025-12-11 08:44:08.231569|timerFactory-0x000071d261bff640|[RPC][WS][SERVICE]connected nodes,count=0
info|2025-12-11 08:44:08.298024|ioService-0x000071d2747fe640|[P2PService][Service][METRIC]heartBeat,connected count=3
info|2025-12-11 08:44:18.231641|timerFactory-0x000071d261bff640|[RPC][WS][SERVICE]connected nodes,count=0
info|2025-12-11 08:44:18.298102|ioService-0x000071d2747fe640|[P2PService][Service][METRIC]heartBeat,connected count=3
info|2025-12-11 08:44:28.231678|timerFactory-0x000071d261bff640|[RPC][WS][SERVICE]connected nodes,count=0
info|2025-12-11 08:44:28.298214|ioService-0x000071d2747fe640|[P2PService][Service][METRIC]heartBeat,connected count=3
info|2025-12-11 08:44:38.231737|timerFactory-0x000071d261bff640|[RPC][WS][SERVICE]connected nodes,count=0
info|2025-12-11 08:44:38.298232|ioService-0x000071d2747fe640|[P2PService][Service][METRIC]heartBeat,connected count=3
info|2025-12-11 08:44:48.231770|timerFactory-0x000071d261bff640|[RPC][WS][SERVICE]connected nodes,count=0
info|2025-12-11 08:44:48.298258|ioService-0x000071d2747fe640|[P2PService][Service][METRIC]heartBeat,connected count=3
info|2025-12-11 08:44:57.998503|objMonitor-0x000071d24efff640|[startMonitor][AliveObjectMonitor],AliveObjectAllocStat=[ type: bcos::gateway::Socket ,created: 9 ,destroyed: 5 ,alive: 4 ] 
info|2025-12-11 08:44:58.231783|timerFactory-0x000071d261bff640|[RPC][WS][SERVICE]connected nodes,count=0
info|2025-12-11 08:44:58.298366|ioService-0x000071d2747fe640|[P2PService][Service][METRIC]heartBeat,connected count=3
info|2025-12-11 08:45:08.231800|timerFactory-0x000071d261bff640|[RPC][WS][SERVICE]connected nodes,count=0
info|2025-12-11 08:45:08.298384|ioService-0x000071d2747fe640|[P2PService][Service][METRIC]heartBeat,connected count=3
info|2025-12-11 08:45:18.231814|timerFactory-0x000071d261bff640|[RPC][WS][SERVICE]connected nodes,count=0
info|2025-12-11 08:45:18.298466|ioService-0x000071d2747fe640|[P2PService][Service][METRIC]heartBeat,connected count=3
info|2025-12-11 08:45:28.231850|timerFactory-0x000071d261bff640|[RPC][WS][SERVICE]connected nodes,count=0
info|2025-12-11 08:45:28.298516|ioService-0x000071d2747fe640|[P2PService][Service][METRIC]heartBeat,connected count=3
info|2025-12-11 08:45:38.231907|timerFactory-0x000071d261bff640|[RPC][WS][SERVICE]connected nodes,count=0
info|2025-12-11 08:45:38.298575|ioService-0x000071d2747fe640|[P2PService][Service][METRIC]heartBeat,connected count=3
info|2025-12-11 08:45:48.231947|timerFactory-0x000071d261bff640|[RPC][WS][SERVICE]connected nodes,count=0
info|2025-12-11 08:45:48.298655|ioService-0x000071d2747fe640|[P2PService][Service][METRIC]heartBeat,connected count=3
info|2025-12-11 08:45:57.998555|objMonitor-0x000071d24efff640|[startMonitor][AliveObjectMonitor],AliveObjectAllocStat=[ type: bcos::gateway::Socket ,created: 9 ,destroyed: 5 ,alive: 4 ] 
info|2025-12-11 08:45:58.231962|timerFactory-0x000071d261bff640|[RPC][WS][SERVICE]connected nodes,count=0
info|2025-12-11 08:45:58.298681|ioService-0x000071d2747fe640|[P2PService][Service][METRIC]heartBeat,connected count=3
info|2025-12-11 08:46:08.231977|timerFactory-0x000071d261bff640|[RPC][WS][SERVICE]connected nodes,count=0
info|2025-12-11 08:46:08.298778|ioService-0x000071d2747fe640|[P2PService][Service][METRIC]heartBeat,connected count=3
info|2025-12-11 08:46:18.231994|timerFactory-0x000071d261bff640|[RPC][WS][SERVICE]connected nodes,count=0
info|2025-12-11 08:46:18.298858|ioService-0x000071d2747fe640|[P2PService][Service][METRIC]heartBeat,connected count=3
info|2025-12-11 08:46:28.232010|timerFactory-0x000071d261bff640|[RPC][WS][SERVICE]connected nodes,count=0
info|2025-12-11 08:46:28.298930|ioService-0x000071d2747fe640|[P2PService][Service][METRIC]heartBeat,connected count=3
info|2025-12-11 08:46:38.232056|timerFactory-0x000071d261bff640|[RPC][WS][SERVICE]connected nodes,count=0
info|2025-12-11 08:46:38.298951|ioService-0x000071d2747fe640|[P2PService][Service][METRIC]heartBeat,connected count=3
info|2025-12-11 08:46:48.232111|timerFactory-0x000071d261bff640|[RPC][WS][SERVICE]connected nodes,count=0
info|2025-12-11 08:46:48.299010|ioService-0x000071d2747fe640|[P2PService][Service][METRIC]heartBeat,connected count=3
info|2025-12-11 08:46:57.998648|objMonitor-0x000071d24efff640|[startMonitor][AliveObjectMonitor],AliveObjectAllocStat=[ type: bcos::gateway::Socket ,created: 9 ,destroyed: 5 ,alive: 4 ] 
info|2025-12-11 08:46:58.232183|timerFactory-0x000071d261bff640|[RPC][WS][SERVICE]connected nodes,count=0
info|2025-12-11 08:46:58.299130|ioService-0x000071d2747fe640|[P2PService][Service][METRIC]heartBeat,connected count=3
info|2025-12-11 08:47:08.232281|timerFactory-0x000071d261bff640|[RPC][WS][SERVICE]connected nodes,count=0
info|2025-12-11 08:47:08.299155|ioService-0x000071d2747fe640|[P2PService][Service][METRIC]heartBeat,connected count=3
info|2025-12-11 08:47:18.232329|timerFactory-0x000071d261bff640|[RPC][WS][SERVICE]connected nodes,count=0
info|2025-12-11 08:47:18.299204|ioService-0x000071d2747fe640|[P2PService][Service][METRIC]heartBeat,connected count=3
info|2025-12-11 08:47:28.232347|timerFactory-0x000071d261bff640|[RPC][WS][SERVICE]connected nodes,count=0
info|2025-12-11 08:47:28.299267|ioService-0x000071d2747fe640|[P2PService][Service][METRIC]heartBeat,connected count=3
info|2025-12-11 08:47:38.232366|timerFactory-0x000071d261bff640|[RPC][WS][SERVICE]connected nodes,count=0
info|2025-12-11 08:47:38.299285|ioService-0x000071d2747fe640|[P2PService][Service][METRIC]heartBeat,connected count=3
info|2025-12-11 08:47:48.232387|timerFactory-0x000071d261bff640|[RPC][WS][SERVICE]connected nodes,count=0
info|2025-12-11 08:47:48.299364|ioService-0x000071d2747fe640|[P2PService][Service][METRIC]heartBeat,connected count=3
info|2025-12-11 08:47:57.998724|objMonitor-0x000071d24efff640|[startMonitor][AliveObjectMonitor],AliveObjectAllocStat=[ type: bcos::gateway::Socket ,created: 9 ,destroyed: 5 ,alive: 4 ] 
info|2025-12-11 08:47:58.232405|timerFactory-0x000071d261bff640|[RPC][WS][SERVICE]connected nodes,count=0
info|2025-12-11 08:47:58.299431|ioService-0x000071d2747fe640|[P2PService][Service][METRIC]heartBeat,connected count=3
info|2025-12-11 08:48:08.232424|timerFactory-0x000071d261bff640|[RPC][WS][SERVICE]connected nodes,count=0
info|2025-12-11 08:48:08.299450|ioService-0x000071d2747fe640|[P2PService][Service][METRIC]heartBeat,connected count=3
info|2025-12-11 08:48:18.232442|timerFactory-0x000071d261bff640|[RPC][WS][SERVICE]connected nodes,count=0
info|2025-12-11 08:48:18.299495|ioService-0x000071d2747fe640|[P2PService][Service][METRIC]heartBeat,connected count=3
info|2025-12-11 08:48:28.232460|timerFactory-0x000071d261bff640|[RPC][WS][SERVICE]connected nodes,count=0
info|2025-12-11 08:48:28.299618|ioService-0x000071d2747fe640|[P2PService][Service][METRIC]heartBeat,connected count=3
info|2025-12-11 08:48:38.232482|timerFactory-0x000071d261bff640|[RPC][WS][SERVICE]connected nodes,count=0
info|2025-12-11 08:48:38.299727|ioService-0x000071d2747fe640|[P2PService][Service][METRIC]heartBeat,connected count=3
info|2025-12-11 08:48:48.232502|timerFactory-0x000071d261bff640|[RPC][WS][SERVICE]connected nodes,count=0
info|2025-12-11 08:48:48.299754|ioService-0x000071d2747fe640|[P2PService][Service][METRIC]heartBeat,connected count=3
info|2025-12-11 08:48:57.998761|objMonitor-0x000071d24efff640|[startMonitor][AliveObjectMonitor],AliveObjectAllocStat=[ type: bcos::gateway::Socket ,created: 9 ,destroyed: 5 ,alive: 4 ] [ type: bcos::gateway::ResponseCallback ,created: 879398 ,destroyed: 879393 ,alive: 5 ] 
info|2025-12-11 08:48:58.232517|timerFactory-0x000071d261bff640|[RPC][WS][SERVICE]connected nodes,count=0
info|2025-12-11 08:48:58.299777|ioService-0x000071d2747fe640|[P2PService][Service][METRIC]heartBeat,connected count=3
info|2025-12-11 08:49:08.232531|timerFactory-0x000071d261bff640|[RPC][WS][SERVICE]connected nodes,count=0
info|2025-12-11 08:49:08.299836|ioService-0x000071d2747fe640|[P2PService][Service][METRIC]heartBeat,connected count=3
info|2025-12-11 08:49:18.232547|timerFactory-0x000071d261bff640|[RPC][WS][SERVICE]connected nodes,count=0
info|2025-12-11 08:49:18.299901|ioService-0x000071d2747fe640|[P2PService][Service][METRIC]heartBeat,connected count=3
info|2025-12-11 08:49:28.232564|timerFactory-0x000071d261bff640|[RPC][WS][SERVICE]connected nodes,count=0
info|2025-12-11 08:49:28.299970|ioService-0x000071d2747fe640|[P2PService][Service][METRIC]heartBeat,connected count=3
info|2025-12-11 08:49:38.232588|timerFactory-0x000071d261bff640|[RPC][WS][SERVICE]connected nodes,count=0
info|2025-12-11 08:49:38.300046|ioService-0x000071d2747fe640|[P2PService][Service][METRIC]heartBeat,connected count=3
info|2025-12-11 08:49:48.232609|timerFactory-0x000071d261bff640|[RPC][WS][SERVICE]connected nodes,count=0
info|2025-12-11 08:49:48.300133|ioService-0x000071d2747fe640|[P2PService][Service][METRIC]heartBeat,connected count=3
info|2025-12-11 08:49:57.998930|objMonitor-0x000071d24efff640|[startMonitor][AliveObjectMonitor],AliveObjectAllocStat=[ type: bcos::gateway::Socket ,created: 9 ,destroyed: 5 ,alive: 4 ] 
info|2025-12-11 08:49:58.232626|timerFactory-0x000071d261bff640|[RPC][WS][SERVICE]connected nodes,count=0
info|2025-12-11 08:49:58.300167|ioService-0x000071d2747fe640|[P2PService][Service][METRIC]heartBeat,connected count=3
info|2025-12-11 08:50:08.232643|timerFactory-0x000071d261bff640|[RPC][WS][SERVICE]connected nodes,count=0
info|2025-12-11 08:50:08.300240|ioService-0x000071d2747fe640|[P2PService][Service][METRIC]heartBeat,connected count=3
info|2025-12-11 08:50:18.232687|timerFactory-0x000071d261bff640|[RPC][WS][SERVICE]connected nodes,count=0
info|2025-12-11 08:50:18.300350|ioService-0x000071d2747fe640|[P2PService][Service][METRIC]heartBeat,connected count=3
info|2025-12-11 08:50:28.232756|timerFactory-0x000071d261bff640|[RPC][WS][SERVICE]connected nodes,count=0
info|2025-12-11 08:50:28.300380|ioService-0x000071d2747fe640|[P2PService][Service][METRIC]heartBeat,connected count=3
info|2025-12-11 08:50:38.232823|timerFactory-0x000071d261bff640|[RPC][WS][SERVICE]connected nodes,count=0
info|2025-12-11 08:50:38.300406|ioService-0x000071d2747fe640|[P2PService][Service][METRIC]heartBeat,connected count=3
info|2025-12-11 08:50:48.232894|timerFactory-0x000071d261bff640|[RPC][WS][SERVICE]connected nodes,count=0
info|2025-12-11 08:50:48.300463|ioService-0x000071d2747fe640|[P2PService][Service][METRIC]heartBeat,connected count=3
info|2025-12-11 08:50:57.998986|objMonitor-0x000071d24efff640|[startMonitor][AliveObjectMonitor],AliveObjectAllocStat=[ type: bcos::gateway::Socket ,created: 9 ,destroyed: 5 ,alive: 4 ] 
info|2025-12-11 08:50:58.232940|timerFactory-0x000071d261bff640|[RPC][WS][SERVICE]connected nodes,count=0
info|2025-12-11 08:50:58.300548|ioService-0x000071d2747fe640|[P2PService][Service][METRIC]heartBeat,connected count=3
info|2025-12-11 08:51:08.232959|timerFactory-0x000071d261bff640|[RPC][WS][SERVICE]connected nodes,count=0
info|2025-12-11 08:51:08.300573|ioService-0x000071d2747fe640|[P2PService][Service][METRIC]heartBeat,connected count=3
info|2025-12-11 08:51:18.232978|timerFactory-0x000071d261bff640|[RPC][WS][SERVICE]connected nodes,count=0
info|2025-12-11 08:51:18.300594|ioService-0x000071d2747fe640|[P2PService][Service][METRIC]heartBeat,connected count=3
info|2025-12-11 08:51:28.233021|timerFactory-0x000071d261bff640|[RPC][WS][SERVICE]connected nodes,count=0
info|2025-12-11 08:51:28.300647|ioService-0x000071d2747fe640|[P2PService][Service][METRIC]heartBeat,connected count=3
info|2025-12-11 08:51:38.233066|timerFactory-0x000071d261bff640|[RPC][WS][SERVICE]connected nodes,count=0
info|2025-12-11 08:51:38.300741|ioService-0x000071d2747fe640|[P2PService][Service][METRIC]heartBeat,connected count=3
info|2025-12-11 08:51:48.233088|timerFactory-0x000071d261bff640|[RPC][WS][SERVICE]connected nodes,count=0
info|2025-12-11 08:51:48.300905|ioService-0x000071d2747fe640|[P2PService][Service][METRIC]heartBeat,connected count=3
info|2025-12-11 08:51:57.999025|objMonitor-0x000071d24efff640|[startMonitor][AliveObjectMonitor],AliveObjectAllocStat=[ type: bcos::gateway::Socket ,created: 9 ,destroyed: 5 ,alive: 4 ] 
info|2025-12-11 08:51:58.233111|timerFactory-0x000071d261bff640|[RPC][WS][SERVICE]connected nodes,count=0
info|2025-12-11 08:51:58.300964|ioService-0x000071d2747fe640|[P2PService][Service][METRIC]heartBeat,connected count=3
info|2025-12-11 08:52:08.233130|timerFactory-0x000071d261bff640|[RPC][WS][SERVICE]connected nodes,count=0
info|2025-12-11 08:52:08.301176|ioService-0x000071d2747fe640|[P2PService][Service][METRIC]heartBeat,connected count=3
info|2025-12-11 08:52:18.233154|timerFactory-0x000071d261bff640|[RPC][WS][SERVICE]connected nodes,count=0
info|2025-12-11 08:52:18.301197|ioService-0x000071d2747fe640|[P2PService][Service][METRIC]heartBeat,connected count=3
info|2025-12-11 08:52:28.233174|timerFactory-0x000071d261bff640|[RPC][WS][SERVICE]connected nodes,count=0
info|2025-12-11 08:52:28.301335|ioService-0x000071d2747fe640|[P2PService][Service][METRIC]heartBeat,connected count=3
info|2025-12-11 08:52:38.233221|timerFactory-0x000071d261bff640|[RPC][WS][SERVICE]connected nodes,count=0
info|2025-12-11 08:52:38.301351|ioService-0x000071d2747fe640|[P2PService][Service][METRIC]heartBeat,connected count=3
info|2025-12-11 08:52:48.233272|timerFactory-0x000071d261bff640|[RPC][WS][SERVICE]connected nodes,count=0
info|2025-12-11 08:52:48.301374|ioService-0x000071d2747fe640|[P2PService][Service][METRIC]heartBeat,connected count=3
info|2025-12-11 08:52:57.999116|objMonitor-0x000071d24efff640|[startMonitor][AliveObjectMonitor],AliveObjectAllocStat=[ type: bcos::gateway::Socket ,created: 9 ,destroyed: 5 ,alive: 4 ] [ type: bcos::gateway::ResponseCallback ,created: 882995 ,destroyed: 882989 ,alive: 6 ] 
info|2025-12-11 08:52:58.233290|timerFactory-0x000071d261bff640|[RPC][WS][SERVICE]connected nodes,count=0
info|2025-12-11 08:52:58.301437|ioService-0x000071d2747fe640|[P2PService][Service][METRIC]heartBeat,connected count=3
info|2025-12-11 08:53:08.233309|timerFactory-0x000071d261bff640|[RPC][WS][SERVICE]connected nodes,count=0
info|2025-12-11 08:53:08.301454|ioService-0x000071d2747fe640|[P2PService][Service][METRIC]heartBeat,connected count=3
info|2025-12-11 08:53:18.233327|timerFactory-0x000071d261bff640|[RPC][WS][SERVICE]connected nodes,count=0
info|2025-12-11 08:53:18.301472|ioService-0x000071d2747fe640|[P2PService][Service][METRIC]heartBeat,connected count=3
info|2025-12-11 08:53:28.233349|timerFactory-0x000071d261bff640|[RPC][WS][SERVICE]connected nodes,count=0
info|2025-12-11 08:53:28.301605|ioService-0x000071d2747fe640|[P2PService][Service][METRIC]heartBeat,connected count=3
info|2025-12-11 08:53:38.233368|timerFactory-0x000071d261bff640|[RPC][WS][SERVICE]connected nodes,count=0
info|2025-12-11 08:53:38.301733|ioService-0x000071d2747fe640|[P2PService][Service][METRIC]heartBeat,connected count=3
info|2025-12-11 08:53:48.233388|timerFactory-0x000071d261bff640|[RPC][WS][SERVICE]connected nodes,count=0
info|2025-12-11 08:53:48.301837|ioService-0x000071d2747fe640|[P2PService][Service][METRIC]heartBeat,connected count=3
info|2025-12-11 08:53:57.999204|objMonitor-0x000071d24efff640|[startMonitor][AliveObjectMonitor],AliveObjectAllocStat=[ type: bcos::gateway::Socket ,created: 9 ,destroyed: 5 ,alive: 4 ] 
info|2025-12-11 08:53:58.233407|timerFactory-0x000071d261bff640|[RPC][WS][SERVICE]connected nodes,count=0
info|2025-12-11 08:53:58.301935|ioService-0x000071d2747fe640|[P2PService][Service][METRIC]heartBeat,connected count=3
info|2025-12-11 08:54:08.233426|timerFactory-0x000071d261bff640|[RPC][WS][SERVICE]connected nodes,count=0
info|2025-12-11 08:54:08.302161|ioService-0x000071d2747fe640|[P2PService][Service][METRIC]heartBeat,connected count=3
info|2025-12-11 08:54:18.233444|timerFactory-0x000071d261bff640|[RPC][WS][SERVICE]connected nodes,count=0
info|2025-12-11 08:54:18.302180|ioService-0x000071d2747fe640|[P2PService][Service][METRIC]heartBeat,connected count=3
info|2025-12-11 08:54:28.233462|timerFactory-0x000071d261bff640|[RPC][WS][SERVICE]connected nodes,count=0
info|2025-12-11 08:54:28.302254|ioService-0x000071d2747fe640|[P2PService][Service][METRIC]heartBeat,connected count=3
info|2025-12-11 08:54:38.233483|timerFactory-0x000071d261bff640|[RPC][WS][SERVICE]connected nodes,count=0
info|2025-12-11 08:54:38.302279|ioService-0x000071d2747fe640|[P2PService][Service][METRIC]heartBeat,connected count=3
info|2025-12-11 08:54:48.233531|timerFactory-0x000071d261bff640|[RPC][WS][SERVICE]connected nodes,count=0
info|2025-12-11 08:54:48.302304|ioService-0x000071d2747fe640|[P2PService][Service][METRIC]heartBeat,connected count=3
info|2025-12-11 08:54:57.999242|objMonitor-0x000071d24efff640|[startMonitor][AliveObjectMonitor],AliveObjectAllocStat=[ type: bcos::gateway::Socket ,created: 9 ,destroyed: 5 ,alive: 4 ] 
info|2025-12-11 08:54:58.233620|timerFactory-0x000071d261bff640|[RPC][WS][SERVICE]connected nodes,count=0
info|2025-12-11 08:54:58.302361|ioService-0x000071d2747fe640|[P2PService][Service][METRIC]heartBeat,connected count=3
info|2025-12-11 08:55:08.233663|timerFactory-0x000071d261bff640|[RPC][WS][SERVICE]connected nodes,count=0
info|2025-12-11 08:55:08.302416|ioService-0x000071d2747fe640|[P2PService][Service][METRIC]heartBeat,connected count=3
info|2025-12-11 08:55:18.233708|timerFactory-0x000071d261bff640|[RPC][WS][SERVICE]connected nodes,count=0
info|2025-12-11 08:55:18.302438|ioService-0x000071d2747fe640|[P2PService][Service][METRIC]heartBeat,connected count=3
info|2025-12-11 08:55:28.233760|timerFactory-0x000071d261bff640|[RPC][WS][SERVICE]connected nodes,count=0
info|2025-12-11 08:55:28.302491|ioService-0x000071d2747fe640|[P2PService][Service][METRIC]heartBeat,connected count=3
info|2025-12-11 08:55:38.233809|timerFactory-0x000071d261bff640|[RPC][WS][SERVICE]connected nodes,count=0
info|2025-12-11 08:55:38.302510|ioService-0x000071d2747fe640|[P2PService][Service][METRIC]heartBeat,connected count=3
info|2025-12-11 08:55:48.233828|timerFactory-0x000071d261bff640|[RPC][WS][SERVICE]connected nodes,count=0
info|2025-12-11 08:55:48.302528|ioService-0x000071d2747fe640|[P2PService][Service][METRIC]heartBeat,connected count=3
info|2025-12-11 08:55:57.999283|objMonitor-0x000071d24efff640|[startMonitor][AliveObjectMonitor],AliveObjectAllocStat=[ type: bcos::gateway::Socket ,created: 9 ,destroyed: 5 ,alive: 4 ] 
info|2025-12-11 08:55:58.233882|timerFactory-0x000071d261bff640|[RPC][WS][SERVICE]connected nodes,count=0
info|2025-12-11 08:55:58.302545|ioService-0x000071d2747fe640|[P2PService][Service][METRIC]heartBeat,connected count=3
info|2025-12-11 08:56:08.233934|timerFactory-0x000071d261bff640|[RPC][WS][SERVICE]connected nodes,count=0
info|2025-12-11 08:56:08.302565|ioService-0x000071d2747fe640|[P2PService][Service][METRIC]heartBeat,connected count=3
info|2025-12-11 08:56:18.233954|timerFactory-0x000071d261bff640|[RPC][WS][SERVICE]connected nodes,count=0
info|2025-12-11 08:56:18.302586|ioService-0x000071d2747fe640|[P2PService][Service][METRIC]heartBeat,connected count=3
info|2025-12-11 08:56:28.234007|timerFactory-0x000071d261bff640|[RPC][WS][SERVICE]connected nodes,count=0
info|2025-12-11 08:56:28.302767|ioService-0x000071d2747fe640|[P2PService][Service][METRIC]heartBeat,connected count=3
info|2025-12-11 08:56:38.234059|timerFactory-0x000071d261bff640|[RPC][WS][SERVICE]connected nodes,count=0
info|2025-12-11 08:56:38.302881|ioService-0x000071d2747fe640|[P2PService][Service][METRIC]heartBeat,connected count=3
info|2025-12-11 08:56:48.234080|timerFactory-0x000071d261bff640|[RPC][WS][SERVICE]connected nodes,count=0
info|2025-12-11 08:56:48.302973|ioService-0x000071d2747fe640|[P2PService][Service][METRIC]heartBeat,connected count=3
info|2025-12-11 08:56:57.999323|objMonitor-0x000071d24efff640|[startMonitor][AliveObjectMonitor],AliveObjectAllocStat=[ type: bcos::gateway::Socket ,created: 9 ,destroyed: 5 ,alive: 4 ] 
info|2025-12-11 08:56:58.234135|timerFactory-0x000071d261bff640|[RPC][WS][SERVICE]connected nodes,count=0
info|2025-12-11 08:56:58.303044|ioService-0x000071d2747fe640|[P2PService][Service][METRIC]heartBeat,connected count=3
info|2025-12-11 08:57:08.234196|timerFactory-0x000071d261bff640|[RPC][WS][SERVICE]connected nodes,count=0
info|2025-12-11 08:57:08.303105|ioService-0x000071d2747fe640|[P2PService][Service][METRIC]heartBeat,connected count=3
info|2025-12-11 08:57:18.234214|timerFactory-0x000071d261bff640|[RPC][WS][SERVICE]connected nodes,count=0
info|2025-12-11 08:57:18.303203|ioService-0x000071d2747fe640|[P2PService][Service][METRIC]heartBeat,connected count=3
info|2025-12-11 08:57:28.234261|timerFactory-0x000071d261bff640|[RPC][WS][SERVICE]connected nodes,count=0
info|2025-12-11 08:57:28.303219|ioService-0x000071d2747fe640|[P2PService][Service][METRIC]heartBeat,connected count=3
info|2025-12-11 08:57:38.234311|timerFactory-0x000071d261bff640|[RPC][WS][SERVICE]connected nodes,count=0
info|2025-12-11 08:57:38.303301|ioService-0x000071d2747fe640|[P2PService][Service][METRIC]heartBeat,connected count=3
info|2025-12-11 08:57:48.234333|timerFactory-0x000071d261bff640|[RPC][WS][SERVICE]connected nodes,count=0
info|2025-12-11 08:57:48.303327|ioService-0x000071d2747fe640|[P2PService][Service][METRIC]heartBeat,connected count=3
info|2025-12-11 08:57:57.999364|objMonitor-0x000071d24efff640|[startMonitor][AliveObjectMonitor],AliveObjectAllocStat=[ type: bcos::gateway::Socket ,created: 9 ,destroyed: 5 ,alive: 4 ] 
info|2025-12-11 08:57:58.234354|timerFactory-0x000071d261bff640|[RPC][WS][SERVICE]connected nodes,count=0
info|2025-12-11 08:57:58.303348|ioService-0x000071d2747fe640|[P2PService][Service][METRIC]heartBeat,connected count=3
info|2025-12-11 08:58:08.234375|timerFactory-0x000071d261bff640|[RPC][WS][SERVICE]connected nodes,count=0
info|2025-12-11 08:58:08.303410|ioService-0x000071d2747fe640|[P2PService][Service][METRIC]heartBeat,connected count=3
info|2025-12-11 08:58:18.234393|timerFactory-0x000071d261bff640|[RPC][WS][SERVICE]connected nodes,count=0
info|2025-12-11 08:58:18.303438|ioService-0x000071d2747fe640|[P2PService][Service][METRIC]heartBeat,connected count=3
info|2025-12-11 08:58:28.234418|timerFactory-0x000071d261bff640|[RPC][WS][SERVICE]connected nodes,count=0
info|2025-12-11 08:58:28.303514|ioService-0x000071d2747fe640|[P2PService][Service][METRIC]heartBeat,connected count=3
info|2025-12-11 08:58:38.234438|timerFactory-0x000071d261bff640|[RPC][WS][SERVICE]connected nodes,count=0
info|2025-12-11 08:58:38.303535|ioService-0x000071d2747fe640|[P2PService][Service][METRIC]heartBeat,connected count=3
info|2025-12-11 08:58:48.234458|timerFactory-0x000071d261bff640|[RPC][WS][SERVICE]connected nodes,count=0
info|2025-12-11 08:58:48.303555|ioService-0x000071d2747fe640|[P2PService][Service][METRIC]heartBeat,connected count=3
info|2025-12-11 08:58:57.999402|objMonitor-0x000071d24efff640|[startMonitor][AliveObjectMonitor],AliveObjectAllocStat=[ type: bcos::gateway::Socket ,created: 9 ,destroyed: 5 ,alive: 4 ] 
info|2025-12-11 08:58:58.234477|timerFactory-0x000071d261bff640|[RPC][WS][SERVICE]connected nodes,count=0
info|2025-12-11 08:58:58.303604|ioService-0x000071d2747fe640|[P2PService][Service][METRIC]heartBeat,connected count=3
info|2025-12-11 08:59:08.234495|timerFactory-0x000071d261bff640|[RPC][WS][SERVICE]connected nodes,count=0
info|2025-12-11 08:59:08.303684|ioService-0x000071d2747fe640|[P2PService][Service][METRIC]heartBeat,connected count=3
info|2025-12-11 08:59:18.234516|timerFactory-0x000071d261bff640|[RPC][WS][SERVICE]connected nodes,count=0
info|2025-12-11 08:59:18.303744|ioService-0x000071d2747fe640|[P2PService][Service][METRIC]heartBeat,connected count=3
info|2025-12-11 08:59:28.234536|timerFactory-0x000071d261bff640|[RPC][WS][SERVICE]connected nodes,count=0
info|2025-12-11 08:59:28.303801|ioService-0x000071d2747fe640|[P2PService][Service][METRIC]heartBeat,connected count=3
info|2025-12-11 08:59:38.234555|timerFactory-0x000071d261bff640|[RPC][WS][SERVICE]connected nodes,count=0
info|2025-12-11 08:59:38.303825|ioService-0x000071d2747fe640|[P2PService][Service][METRIC]heartBeat,connected count=3
info|2025-12-11 08:59:48.234574|timerFactory-0x000071d261bff640|[RPC][WS][SERVICE]connected nodes,count=0
info|2025-12-11 08:59:48.303999|ioService-0x000071d2747fe640|[P2PService][Service][METRIC]heartBeat,connected count=3
info|2025-12-11 08:59:57.999483|objMonitor-0x000071d24efff640|[startMonitor][AliveObjectMonitor],AliveObjectAllocStat=[ type: bcos::gateway::Socket ,created: 9 ,destroyed: 5 ,alive: 4 ] 
info|2025-12-11 08:59:58.234625|timerFactory-0x000071d261bff640|[RPC][WS][SERVICE]connected nodes,count=0
info|2025-12-11 08:59:58.304090|ioService-0x000071d2747fe640|[P2PService][Service][METRIC]heartBeat,connected count=3
