info|2025-12-15 12:00:00.751704|ioService-0x000071d2747fe640|[P2PService][Service][METRIC]heartBeat,connected count=3
info|2025-12-15 12:00:09.874518|timerFactory-0x000071d261bff640|[RPC][WS][SERVICE]connected nodes,count=0
info|2025-12-15 12:00:10.751772|ioService-0x000071d2747fe640|[P2PService][Service][METRIC]heartBeat,connected count=3
info|2025-12-15 12:00:19.874569|timerFactory-0x000071d261bff640|[RPC][WS][SERVICE]connected nodes,count=0
info|2025-12-15 12:00:20.751805|ioService-0x000071d2747fe640|[P2PService][Service][METRIC]heartBeat,connected count=3
info|2025-12-15 12:00:29.874602|timerFactory-0x000071d261bff640|[RPC][WS][SERVICE]connected nodes,count=0
info|2025-12-15 12:00:30.751848|ioService-0x000071d2747fe640|[P2PService][Service][METRIC]heartBeat,connected count=3
info|2025-12-15 12:00:39.874636|timerFactory-0x000071d261bff640|[RPC][WS][SERVICE]connected nodes,count=0
info|2025-12-15 12:00:40.751960|ioService-0x000071d2747fe640|[P2PService][Service][METRIC]heartBeat,connected count=3
info|2025-12-15 12:00:49.874673|timerFactory-0x000071d261bff640|[RPC][WS][SERVICE]connected nodes,count=0
info|2025-12-15 12:00:50.752003|ioService-0x000071d2747fe640|[P2PService][Service][METRIC]heartBeat,connected count=3
info|2025-12-15 12:00:58.437487|objMonitor-0x000071d24efff640|[startMonitor][AliveObjectMonitor],AliveObjectAllocStat=[ type: bcos::gateway::Socket ,created: 9 ,destroyed: 5 ,alive: 4 ] 
info|2025-12-15 12:00:59.874705|timerFactory-0x000071d261bff640|[RPC][WS][SERVICE]connected nodes,count=0
info|2025-12-15 12:01:00.752134|ioService-0x000071d2747fe640|[P2PService][Service][METRIC]heartBeat,connected count=3
info|2025-12-15 12:01:09.874735|timerFactory-0x000071d261bff640|[RPC][WS][SERVICE]connected nodes,count=0
info|2025-12-15 12:01:10.752180|ioService-0x000071d2747fe640|[P2PService][Service][METRIC]heartBeat,connected count=3
info|2025-12-15 12:01:19.874764|timerFactory-0x000071d261bff640|[RPC][WS][SERVICE]connected nodes,count=0
info|2025-12-15 12:01:20.752274|ioService-0x000071d2747fe640|[P2PService][Service][METRIC]heartBeat,connected count=3
info|2025-12-15 12:01:29.874796|timerFactory-0x000071d261bff640|[RPC][WS][SERVICE]connected nodes,count=0
info|2025-12-15 12:01:30.752305|ioService-0x000071d2747fe640|[P2PService][Service][METRIC]heartBeat,connected count=3
info|2025-12-15 12:01:39.874825|timerFactory-0x000071d261bff640|[RPC][WS][SERVICE]connected nodes,count=0
info|2025-12-15 12:01:40.752351|ioService-0x000071d2747fe640|[P2PService][Service][METRIC]heartBeat,connected count=3
info|2025-12-15 12:01:49.874860|timerFactory-0x000071d261bff640|[RPC][WS][SERVICE]connected nodes,count=0
info|2025-12-15 12:01:50.752384|ioService-0x000071d2747fe640|[P2PService][Service][METRIC]heartBeat,connected count=3
info|2025-12-15 12:01:58.437548|objMonitor-0x000071d24efff640|[startMonitor][AliveObjectMonitor],AliveObjectAllocStat=[ type: bcos::gateway::Socket ,created: 9 ,destroyed: 5 ,alive: 4 ] 
info|2025-12-15 12:01:59.874898|timerFactory-0x000071d261bff640|[RPC][WS][SERVICE]connected nodes,count=0
info|2025-12-15 12:02:00.752445|ioService-0x000071d2747fe640|[P2PService][Service][METRIC]heartBeat,connected count=3
info|2025-12-15 12:02:09.874944|timerFactory-0x000071d261bff640|[RPC][WS][SERVICE]connected nodes,count=0
info|2025-12-15 12:02:10.752496|ioService-0x000071d2747fe640|[P2PService][Service][METRIC]heartBeat,connected count=3
info|2025-12-15 12:02:19.874991|timerFactory-0x000071d261bff640|[RPC][WS][SERVICE]connected nodes,count=0
info|2025-12-15 12:02:20.752521|ioService-0x000071d2747fe640|[P2PService][Service][METRIC]heartBeat,connected count=3
info|2025-12-15 12:02:29.875029|timerFactory-0x000071d261bff640|[RPC][WS][SERVICE]connected nodes,count=0
info|2025-12-15 12:02:30.752548|ioService-0x000071d2747fe640|[P2PService][Service][METRIC]heartBeat,connected count=3
info|2025-12-15 12:02:39.875062|timerFactory-0x000071d261bff640|[RPC][WS][SERVICE]connected nodes,count=0
info|2025-12-15 12:02:40.752609|ioService-0x000071d2747fe640|[P2PService][Service][METRIC]heartBeat,connected count=3
info|2025-12-15 12:02:49.875101|timerFactory-0x000071d261bff640|[RPC][WS][SERVICE]connected nodes,count=0
info|2025-12-15 12:02:50.752648|ioService-0x000071d2747fe640|[P2PService][Service][METRIC]heartBeat,connected count=3
info|2025-12-15 12:02:58.437609|objMonitor-0x000071d24efff640|[startMonitor][AliveObjectMonitor],AliveObjectAllocStat=[ type: bcos::gateway::Socket ,created: 9 ,destroyed: 5 ,alive: 4 ] 
info|2025-12-15 12:02:59.875140|timerFactory-0x000071d261bff640|[RPC][WS][SERVICE]connected nodes,count=0
info|2025-12-15 12:03:00.752682|ioService-0x000071d2747fe640|[P2PService][Service][METRIC]heartBeat,connected count=3
info|2025-12-15 12:03:09.875189|timerFactory-0x000071d261bff640|[RPC][WS][SERVICE]connected nodes,count=0
info|2025-12-15 12:03:10.752709|ioService-0x000071d2747fe640|[P2PService][Service][METRIC]heartBeat,connected count=3
info|2025-12-15 12:03:19.875238|timerFactory-0x000071d261bff640|[RPC][WS][SERVICE]connected nodes,count=0
info|2025-12-15 12:03:20.752737|ioService-0x000071d2747fe640|[P2PService][Service][METRIC]heartBeat,connected count=3
info|2025-12-15 12:03:29.875275|timerFactory-0x000071d261bff640|[RPC][WS][SERVICE]connected nodes,count=0
info|2025-12-15 12:03:30.752772|ioService-0x000071d2747fe640|[P2PService][Service][METRIC]heartBeat,connected count=3
info|2025-12-15 12:03:39.875311|timerFactory-0x000071d261bff640|[RPC][WS][SERVICE]connected nodes,count=0
info|2025-12-15 12:03:40.752801|ioService-0x000071d2747fe640|[P2PService][Service][METRIC]heartBeat,connected count=3
info|2025-12-15 12:03:49.875356|timerFactory-0x000071d261bff640|[RPC][WS][SERVICE]connected nodes,count=0
info|2025-12-15 12:03:50.752827|ioService-0x000071d2747fe640|[P2PService][Service][METRIC]heartBeat,connected count=3
info|2025-12-15 12:03:58.437666|objMonitor-0x000071d24efff640|[startMonitor][AliveObjectMonitor],AliveObjectAllocStat=[ type: bcos::gateway::Socket ,created: 9 ,destroyed: 5 ,alive: 4 ] 
info|2025-12-15 12:03:59.875402|timerFactory-0x000071d261bff640|[RPC][WS][SERVICE]connected nodes,count=0
info|2025-12-15 12:04:00.752891|ioService-0x000071d2747fe640|[P2PService][Service][METRIC]heartBeat,connected count=3
info|2025-12-15 12:04:09.875443|timerFactory-0x000071d261bff640|[RPC][WS][SERVICE]connected nodes,count=0
info|2025-12-15 12:04:10.752928|ioService-0x000071d2747fe640|[P2PService][Service][METRIC]heartBeat,connected count=3
info|2025-12-15 12:04:19.875476|timerFactory-0x000071d261bff640|[RPC][WS][SERVICE]connected nodes,count=0
info|2025-12-15 12:04:20.752970|ioService-0x000071d2747fe640|[P2PService][Service][METRIC]heartBeat,connected count=3
info|2025-12-15 12:04:29.875522|timerFactory-0x000071d261bff640|[RPC][WS][SERVICE]connected nodes,count=0
info|2025-12-15 12:04:30.753106|ioService-0x000071d2747fe640|[P2PService][Service][METRIC]heartBeat,connected count=3
info|2025-12-15 12:04:39.875556|timerFactory-0x000071d261bff640|[RPC][WS][SERVICE]connected nodes,count=0
info|2025-12-15 12:04:40.753130|ioService-0x000071d2747fe640|[P2PService][Service][METRIC]heartBeat,connected count=3
info|2025-12-15 12:04:49.875588|timerFactory-0x000071d261bff640|[RPC][WS][SERVICE]connected nodes,count=0
info|2025-12-15 12:04:50.753167|ioService-0x000071d2747fe640|[P2PService][Service][METRIC]heartBeat,connected count=3
info|2025-12-15 12:04:58.437722|objMonitor-0x000071d24efff640|[startMonitor][AliveObjectMonitor],AliveObjectAllocStat=[ type: bcos::gateway::Socket ,created: 9 ,destroyed: 5 ,alive: 4 ] [ type: bcos::gateway::ResponseCallback ,created: 6235377 ,destroyed: 6235371 ,alive: 6 ] 
info|2025-12-15 12:04:59.875627|timerFactory-0x000071d261bff640|[RPC][WS][SERVICE]connected nodes,count=0
info|2025-12-15 12:05:00.753282|ioService-0x000071d2747fe640|[P2PService][Service][METRIC]heartBeat,connected count=3
info|2025-12-15 12:05:09.875691|timerFactory-0x000071d261bff640|[RPC][WS][SERVICE]connected nodes,count=0
info|2025-12-15 12:05:10.753315|ioService-0x000071d2747fe640|[P2PService][Service][METRIC]heartBeat,connected count=3
info|2025-12-15 12:05:19.875720|timerFactory-0x000071d261bff640|[RPC][WS][SERVICE]connected nodes,count=0
info|2025-12-15 12:05:20.753390|ioService-0x000071d2747fe640|[P2PService][Service][METRIC]heartBeat,connected count=3
info|2025-12-15 12:05:29.875744|timerFactory-0x000071d261bff640|[RPC][WS][SERVICE]connected nodes,count=0
info|2025-12-15 12:05:30.753434|ioService-0x000071d2747fe640|[P2PService][Service][METRIC]heartBeat,connected count=3
info|2025-12-15 12:05:39.875769|timerFactory-0x000071d261bff640|[RPC][WS][SERVICE]connected nodes,count=0
info|2025-12-15 12:05:40.753515|ioService-0x000071d2747fe640|[P2PService][Service][METRIC]heartBeat,connected count=3
info|2025-12-15 12:05:49.875798|timerFactory-0x000071d261bff640|[RPC][WS][SERVICE]connected nodes,count=0
info|2025-12-15 12:05:50.753555|ioService-0x000071d2747fe640|[P2PService][Service][METRIC]heartBeat,connected count=3
info|2025-12-15 12:05:58.437793|objMonitor-0x000071d24efff640|[startMonitor][AliveObjectMonitor],AliveObjectAllocStat=[ type: bcos::gateway::Socket ,created: 9 ,destroyed: 5 ,alive: 4 ] 
info|2025-12-15 12:05:59.875828|timerFactory-0x000071d261bff640|[RPC][WS][SERVICE]connected nodes,count=0
info|2025-12-15 12:06:00.753637|ioService-0x000071d2747fe640|[P2PService][Service][METRIC]heartBeat,connected count=3
info|2025-12-15 12:06:09.875859|timerFactory-0x000071d261bff640|[RPC][WS][SERVICE]connected nodes,count=0
info|2025-12-15 12:06:10.753668|ioService-0x000071d2747fe640|[P2PService][Service][METRIC]heartBeat,connected count=3
info|2025-12-15 12:06:19.875889|timerFactory-0x000071d261bff640|[RPC][WS][SERVICE]connected nodes,count=0
info|2025-12-15 12:06:20.753710|ioService-0x000071d2747fe640|[P2PService][Service][METRIC]heartBeat,connected count=3
info|2025-12-15 12:06:29.875918|timerFactory-0x000071d261bff640|[RPC][WS][SERVICE]connected nodes,count=0
info|2025-12-15 12:06:30.753753|ioService-0x000071d2747fe640|[P2PService][Service][METRIC]heartBeat,connected count=3
info|2025-12-15 12:06:39.875960|timerFactory-0x000071d261bff640|[RPC][WS][SERVICE]connected nodes,count=0
info|2025-12-15 12:06:40.753827|ioService-0x000071d2747fe640|[P2PService][Service][METRIC]heartBeat,connected count=3
info|2025-12-15 12:06:49.876002|timerFactory-0x000071d261bff640|[RPC][WS][SERVICE]connected nodes,count=0
info|2025-12-15 12:06:50.753848|ioService-0x000071d2747fe640|[P2PService][Service][METRIC]heartBeat,connected count=3
info|2025-12-15 12:06:58.437854|objMonitor-0x000071d24efff640|[startMonitor][AliveObjectMonitor],AliveObjectAllocStat=[ type: bcos::gateway::Socket ,created: 9 ,destroyed: 5 ,alive: 4 ] 
info|2025-12-15 12:06:59.876039|timerFactory-0x000071d261bff640|[RPC][WS][SERVICE]connected nodes,count=0
info|2025-12-15 12:07:00.753876|ioService-0x000071d2747fe640|[P2PService][Service][METRIC]heartBeat,connected count=3
info|2025-12-15 12:07:09.876106|timerFactory-0x000071d261bff640|[RPC][WS][SERVICE]connected nodes,count=0
info|2025-12-15 12:07:10.753907|ioService-0x000071d2747fe640|[P2PService][Service][METRIC]heartBeat,connected count=3
info|2025-12-15 12:07:19.876136|timerFactory-0x000071d261bff640|[RPC][WS][SERVICE]connected nodes,count=0
info|2025-12-15 12:07:20.753933|ioService-0x000071d2747fe640|[P2PService][Service][METRIC]heartBeat,connected count=3
info|2025-12-15 12:07:29.876175|timerFactory-0x000071d261bff640|[RPC][WS][SERVICE]connected nodes,count=0
info|2025-12-15 12:07:30.753959|ioService-0x000071d2747fe640|[P2PService][Service][METRIC]heartBeat,connected count=3
info|2025-12-15 12:07:39.876207|timerFactory-0x000071d261bff640|[RPC][WS][SERVICE]connected nodes,count=0
info|2025-12-15 12:07:40.753985|ioService-0x000071d2747fe640|[P2PService][Service][METRIC]heartBeat,connected count=3
info|2025-12-15 12:07:49.876241|timerFactory-0x000071d261bff640|[RPC][WS][SERVICE]connected nodes,count=0
info|2025-12-15 12:07:50.754083|ioService-0x000071d2747fe640|[P2PService][Service][METRIC]heartBeat,connected count=3
info|2025-12-15 12:07:58.437933|objMonitor-0x000071d24efff640|[startMonitor][AliveObjectMonitor],AliveObjectAllocStat=[ type: bcos::gateway::Socket ,created: 9 ,destroyed: 5 ,alive: 4 ] 
info|2025-12-15 12:07:59.876275|timerFactory-0x000071d261bff640|[RPC][WS][SERVICE]connected nodes,count=0
info|2025-12-15 12:08:00.754112|ioService-0x000071d2747fe640|[P2PService][Service][METRIC]heartBeat,connected count=3
info|2025-12-15 12:08:09.876312|timerFactory-0x000071d261bff640|[RPC][WS][SERVICE]connected nodes,count=0
info|2025-12-15 12:08:10.754144|ioService-0x000071d2747fe640|[P2PService][Service][METRIC]heartBeat,connected count=3
info|2025-12-15 12:08:19.876349|timerFactory-0x000071d261bff640|[RPC][WS][SERVICE]connected nodes,count=0
info|2025-12-15 12:08:20.754196|ioService-0x000071d2747fe640|[P2PService][Service][METRIC]heartBeat,connected count=3
info|2025-12-15 12:08:29.876414|timerFactory-0x000071d261bff640|[RPC][WS][SERVICE]connected nodes,count=0
info|2025-12-15 12:08:30.754231|ioService-0x000071d2747fe640|[P2PService][Service][METRIC]heartBeat,connected count=3
info|2025-12-15 12:08:39.876441|timerFactory-0x000071d261bff640|[RPC][WS][SERVICE]connected nodes,count=0
info|2025-12-15 12:08:40.754276|ioService-0x000071d2747fe640|[P2PService][Service][METRIC]heartBeat,connected count=3
info|2025-12-15 12:08:49.876501|timerFactory-0x000071d261bff640|[RPC][WS][SERVICE]connected nodes,count=0
info|2025-12-15 12:08:50.754368|ioService-0x000071d2747fe640|[P2PService][Service][METRIC]heartBeat,connected count=3
info|2025-12-15 12:08:58.438031|objMonitor-0x000071d24efff640|[startMonitor][AliveObjectMonitor],AliveObjectAllocStat=[ type: bcos::gateway::Socket ,created: 9 ,destroyed: 5 ,alive: 4 ] [ type: bcos::gateway::ResponseCallback ,created: 6238974 ,destroyed: 6238969 ,alive: 5 ] 
info|2025-12-15 12:08:59.876563|timerFactory-0x000071d261bff640|[RPC][WS][SERVICE]connected nodes,count=0
info|2025-12-15 12:09:00.754480|ioService-0x000071d2747fe640|[P2PService][Service][METRIC]heartBeat,connected count=3
info|2025-12-15 12:09:09.876596|timerFactory-0x000071d261bff640|[RPC][WS][SERVICE]connected nodes,count=0
info|2025-12-15 12:09:10.754518|ioService-0x000071d2747fe640|[P2PService][Service][METRIC]heartBeat,connected count=3
info|2025-12-15 12:09:19.876623|timerFactory-0x000071d261bff640|[RPC][WS][SERVICE]connected nodes,count=0
info|2025-12-15 12:09:20.754588|ioService-0x000071d2747fe640|[P2PService][Service][METRIC]heartBeat,connected count=3
info|2025-12-15 12:09:29.876675|timerFactory-0x000071d261bff640|[RPC][WS][SERVICE]connected nodes,count=0
info|2025-12-15 12:09:30.754616|ioService-0x000071d2747fe640|[P2PService][Service][METRIC]heartBeat,connected count=3
info|2025-12-15 12:09:39.876754|timerFactory-0x000071d261bff640|[RPC][WS][SERVICE]connected nodes,count=0
info|2025-12-15 12:09:40.754654|ioService-0x000071d2747fe640|[P2PService][Service][METRIC]heartBeat,connected count=3
info|2025-12-15 12:09:49.876784|timerFactory-0x000071d261bff640|[RPC][WS][SERVICE]connected nodes,count=0
info|2025-12-15 12:09:50.754696|ioService-0x000071d2747fe640|[P2PService][Service][METRIC]heartBeat,connected count=3
info|2025-12-15 12:09:58.438089|objMonitor-0x000071d24efff640|[startMonitor][AliveObjectMonitor],AliveObjectAllocStat=[ type: bcos::gateway::Socket ,created: 9 ,destroyed: 5 ,alive: 4 ] 
info|2025-12-15 12:09:59.876814|timerFactory-0x000071d261bff640|[RPC][WS][SERVICE]connected nodes,count=0
info|2025-12-15 12:10:00.754775|ioService-0x000071d2747fe640|[P2PService][Service][METRIC]heartBeat,connected count=3
info|2025-12-15 12:10:09.876842|timerFactory-0x000071d261bff640|[RPC][WS][SERVICE]connected nodes,count=0
info|2025-12-15 12:10:10.754818|ioService-0x000071d2747fe640|[P2PService][Service][METRIC]heartBeat,connected count=3
info|2025-12-15 12:10:19.876868|timerFactory-0x000071d261bff640|[RPC][WS][SERVICE]connected nodes,count=0
info|2025-12-15 12:10:20.754877|ioService-0x000071d2747fe640|[P2PService][Service][METRIC]heartBeat,connected count=3
info|2025-12-15 12:10:29.876899|timerFactory-0x000071d261bff640|[RPC][WS][SERVICE]connected nodes,count=0
info|2025-12-15 12:10:30.754916|ioService-0x000071d2747fe640|[P2PService][Service][METRIC]heartBeat,connected count=3
info|2025-12-15 12:10:39.876958|timerFactory-0x000071d261bff640|[RPC][WS][SERVICE]connected nodes,count=0
info|2025-12-15 12:10:40.754951|ioService-0x000071d2747fe640|[P2PService][Service][METRIC]heartBeat,connected count=3
info|2025-12-15 12:10:49.877029|timerFactory-0x000071d261bff640|[RPC][WS][SERVICE]connected nodes,count=0
info|2025-12-15 12:10:50.754977|ioService-0x000071d2747fe640|[P2PService][Service][METRIC]heartBeat,connected count=3
info|2025-12-15 12:10:58.438206|objMonitor-0x000071d24efff640|[startMonitor][AliveObjectMonitor],AliveObjectAllocStat=[ type: bcos::gateway::Socket ,created: 9 ,destroyed: 5 ,alive: 4 ] 
info|2025-12-15 12:10:59.877060|timerFactory-0x000071d261bff640|[RPC][WS][SERVICE]connected nodes,count=0
info|2025-12-15 12:11:00.755052|ioService-0x000071d2747fe640|[P2PService][Service][METRIC]heartBeat,connected count=3
info|2025-12-15 12:11:09.877090|timerFactory-0x000071d261bff640|[RPC][WS][SERVICE]connected nodes,count=0
info|2025-12-15 12:11:10.755075|ioService-0x000071d2747fe640|[P2PService][Service][METRIC]heartBeat,connected count=3
info|2025-12-15 12:11:19.877120|timerFactory-0x000071d261bff640|[RPC][WS][SERVICE]connected nodes,count=0
info|2025-12-15 12:11:20.755175|ioService-0x000071d2747fe640|[P2PService][Service][METRIC]heartBeat,connected count=3
info|2025-12-15 12:11:29.877162|timerFactory-0x000071d261bff640|[RPC][WS][SERVICE]connected nodes,count=0
info|2025-12-15 12:11:30.755196|ioService-0x000071d2747fe640|[P2PService][Service][METRIC]heartBeat,connected count=3
info|2025-12-15 12:11:39.877229|timerFactory-0x000071d261bff640|[RPC][WS][SERVICE]connected nodes,count=0
info|2025-12-15 12:11:40.755225|ioService-0x000071d2747fe640|[P2PService][Service][METRIC]heartBeat,connected count=3
info|2025-12-15 12:11:49.877262|timerFactory-0x000071d261bff640|[RPC][WS][SERVICE]connected nodes,count=0
info|2025-12-15 12:11:50.755278|ioService-0x000071d2747fe640|[P2PService][Service][METRIC]heartBeat,connected count=3
info|2025-12-15 12:11:58.438277|objMonitor-0x000071d24efff640|[startMonitor][AliveObjectMonitor],AliveObjectAllocStat=[ type: bcos::gateway::Socket ,created: 9 ,destroyed: 5 ,alive: 4 ] 
info|2025-12-15 12:11:59.877295|timerFactory-0x000071d261bff640|[RPC][WS][SERVICE]connected nodes,count=0
info|2025-12-15 12:12:00.755319|ioService-0x000071d2747fe640|[P2PService][Service][METRIC]heartBeat,connected count=3
info|2025-12-15 12:12:09.877328|timerFactory-0x000071d261bff640|[RPC][WS][SERVICE]connected nodes,count=0
info|2025-12-15 12:12:10.755354|ioService-0x000071d2747fe640|[P2PService][Service][METRIC]heartBeat,connected count=3
info|2025-12-15 12:12:19.877364|timerFactory-0x000071d261bff640|[RPC][WS][SERVICE]connected nodes,count=0
info|2025-12-15 12:12:20.755430|ioService-0x000071d2747fe640|[P2PService][Service][METRIC]heartBeat,connected count=3
info|2025-12-15 12:12:29.877398|timerFactory-0x000071d261bff640|[RPC][WS][SERVICE]connected nodes,count=0
info|2025-12-15 12:12:30.755514|ioService-0x000071d2747fe640|[P2PService][Service][METRIC]heartBeat,connected count=3
info|2025-12-15 12:12:39.877427|timerFactory-0x000071d261bff640|[RPC][WS][SERVICE]connected nodes,count=0
info|2025-12-15 12:12:40.755541|ioService-0x000071d2747fe640|[P2PService][Service][METRIC]heartBeat,connected count=3
info|2025-12-15 12:12:49.877465|timerFactory-0x000071d261bff640|[RPC][WS][SERVICE]connected nodes,count=0
info|2025-12-15 12:12:50.755575|ioService-0x000071d2747fe640|[P2PService][Service][METRIC]heartBeat,connected count=3
info|2025-12-15 12:12:58.438357|objMonitor-0x000071d24efff640|[startMonitor][AliveObjectMonitor],AliveObjectAllocStat=[ type: bcos::gateway::Socket ,created: 9 ,destroyed: 5 ,alive: 4 ] [ type: bcos::gateway::ResponseCallback ,created: 6242571 ,destroyed: 6242567 ,alive: 4 ] 
info|2025-12-15 12:12:59.877501|timerFactory-0x000071d261bff640|[RPC][WS][SERVICE]connected nodes,count=0
info|2025-12-15 12:13:00.755640|ioService-0x000071d2747fe640|[P2PService][Service][METRIC]heartBeat,connected count=3
info|2025-12-15 12:13:09.877540|timerFactory-0x000071d261bff640|[RPC][WS][SERVICE]connected nodes,count=0
info|2025-12-15 12:13:10.755675|ioService-0x000071d2747fe640|[P2PService][Service][METRIC]heartBeat,connected count=3
info|2025-12-15 12:13:19.877588|timerFactory-0x000071d261bff640|[RPC][WS][SERVICE]connected nodes,count=0
info|2025-12-15 12:13:20.755716|ioService-0x000071d2747fe640|[P2PService][Service][METRIC]heartBeat,connected count=3
info|2025-12-15 12:13:29.877620|timerFactory-0x000071d261bff640|[RPC][WS][SERVICE]connected nodes,count=0
info|2025-12-15 12:13:30.755744|ioService-0x000071d2747fe640|[P2PService][Service][METRIC]heartBeat,connected count=3
info|2025-12-15 12:13:39.877649|timerFactory-0x000071d261bff640|[RPC][WS][SERVICE]connected nodes,count=0
info|2025-12-15 12:13:40.755773|ioService-0x000071d2747fe640|[P2PService][Service][METRIC]heartBeat,connected count=3
info|2025-12-15 12:13:49.877676|timerFactory-0x000071d261bff640|[RPC][WS][SERVICE]connected nodes,count=0
info|2025-12-15 12:13:50.755804|ioService-0x000071d2747fe640|[P2PService][Service][METRIC]heartBeat,connected count=3
info|2025-12-15 12:13:58.438423|objMonitor-0x000071d24efff640|[startMonitor][AliveObjectMonitor],AliveObjectAllocStat=[ type: bcos::gateway::Socket ,created: 9 ,destroyed: 5 ,alive: 4 ] 
info|2025-12-15 12:13:59.877703|timerFactory-0x000071d261bff640|[RPC][WS][SERVICE]connected nodes,count=0
info|2025-12-15 12:14:00.755870|ioService-0x000071d2747fe640|[P2PService][Service][METRIC]heartBeat,connected count=3
info|2025-12-15 12:14:09.877734|timerFactory-0x000071d261bff640|[RPC][WS][SERVICE]connected nodes,count=0
info|2025-12-15 12:14:10.755899|ioService-0x000071d2747fe640|[P2PService][Service][METRIC]heartBeat,connected count=3
info|2025-12-15 12:14:19.877761|timerFactory-0x000071d261bff640|[RPC][WS][SERVICE]connected nodes,count=0
info|2025-12-15 12:14:20.755966|ioService-0x000071d2747fe640|[P2PService][Service][METRIC]heartBeat,connected count=3
info|2025-12-15 12:14:29.877791|timerFactory-0x000071d261bff640|[RPC][WS][SERVICE]connected nodes,count=0
info|2025-12-15 12:14:30.755998|ioService-0x000071d2747fe640|[P2PService][Service][METRIC]heartBeat,connected count=3
info|2025-12-15 12:14:39.877822|timerFactory-0x000071d261bff640|[RPC][WS][SERVICE]connected nodes,count=0
info|2025-12-15 12:14:40.756027|ioService-0x000071d2747fe640|[P2PService][Service][METRIC]heartBeat,connected count=3
info|2025-12-15 12:14:49.877854|timerFactory-0x000071d261bff640|[RPC][WS][SERVICE]connected nodes,count=0
info|2025-12-15 12:14:50.756097|ioService-0x000071d2747fe640|[P2PService][Service][METRIC]heartBeat,connected count=3
info|2025-12-15 12:14:58.438479|objMonitor-0x000071d24efff640|[startMonitor][AliveObjectMonitor],AliveObjectAllocStat=[ type: bcos::gateway::Socket ,created: 9 ,destroyed: 5 ,alive: 4 ] 
info|2025-12-15 12:14:59.877888|timerFactory-0x000071d261bff640|[RPC][WS][SERVICE]connected nodes,count=0
info|2025-12-15 12:15:00.756131|ioService-0x000071d2747fe640|[P2PService][Service][METRIC]heartBeat,connected count=3
info|2025-12-15 12:15:09.877921|timerFactory-0x000071d261bff640|[RPC][WS][SERVICE]connected nodes,count=0
info|2025-12-15 12:15:10.756202|ioService-0x000071d2747fe640|[P2PService][Service][METRIC]heartBeat,connected count=3
info|2025-12-15 12:15:19.877960|timerFactory-0x000071d261bff640|[RPC][WS][SERVICE]connected nodes,count=0
info|2025-12-15 12:15:20.756233|ioService-0x000071d2747fe640|[P2PService][Service][METRIC]heartBeat,connected count=3
info|2025-12-15 12:15:29.877997|timerFactory-0x000071d261bff640|[RPC][WS][SERVICE]connected nodes,count=0
info|2025-12-15 12:15:30.756319|ioService-0x000071d2747fe640|[P2PService][Service][METRIC]heartBeat,connected count=3
info|2025-12-15 12:15:39.878027|timerFactory-0x000071d261bff640|[RPC][WS][SERVICE]connected nodes,count=0
info|2025-12-15 12:15:40.756346|ioService-0x000071d2747fe640|[P2PService][Service][METRIC]heartBeat,connected count=3
info|2025-12-15 12:15:49.878064|timerFactory-0x000071d261bff640|[RPC][WS][SERVICE]connected nodes,count=0
info|2025-12-15 12:15:50.756366|ioService-0x000071d2747fe640|[P2PService][Service][METRIC]heartBeat,connected count=3
info|2025-12-15 12:15:58.438542|objMonitor-0x000071d24efff640|[startMonitor][AliveObjectMonitor],AliveObjectAllocStat=[ type: bcos::gateway::Socket ,created: 9 ,destroyed: 5 ,alive: 4 ] 
info|2025-12-15 12:15:59.878092|timerFactory-0x000071d261bff640|[RPC][WS][SERVICE]connected nodes,count=0
info|2025-12-15 12:16:00.756435|ioService-0x000071d2747fe640|[P2PService][Service][METRIC]heartBeat,connected count=3
info|2025-12-15 12:16:09.878122|timerFactory-0x000071d261bff640|[RPC][WS][SERVICE]connected nodes,count=0
info|2025-12-15 12:16:10.756466|ioService-0x000071d2747fe640|[P2PService][Service][METRIC]heartBeat,connected count=3
info|2025-12-15 12:16:19.878176|timerFactory-0x000071d261bff640|[RPC][WS][SERVICE]connected nodes,count=0
info|2025-12-15 12:16:20.756498|ioService-0x000071d2747fe640|[P2PService][Service][METRIC]heartBeat,connected count=3
info|2025-12-15 12:16:29.878203|timerFactory-0x000071d261bff640|[RPC][WS][SERVICE]connected nodes,count=0
info|2025-12-15 12:16:30.756543|ioService-0x000071d2747fe640|[P2PService][Service][METRIC]heartBeat,connected count=3
info|2025-12-15 12:16:39.878224|timerFactory-0x000071d261bff640|[RPC][WS][SERVICE]connected nodes,count=0
info|2025-12-15 12:16:40.756659|ioService-0x000071d2747fe640|[P2PService][Service][METRIC]heartBeat,connected count=3
info|2025-12-15 12:16:49.878242|timerFactory-0x000071d261bff640|[RPC][WS][SERVICE]connected nodes,count=0
info|2025-12-15 12:16:50.756697|ioService-0x000071d2747fe640|[P2PService][Service][METRIC]heartBeat,connected count=3
info|2025-12-15 12:16:58.438599|objMonitor-0x000071d24efff640|[startMonitor][AliveObjectMonitor],AliveObjectAllocStat=[ type: bcos::gateway::Socket ,created: 9 ,destroyed: 5 ,alive: 4 ] 
info|2025-12-15 12:16:59.878264|timerFactory-0x000071d261bff640|[RPC][WS][SERVICE]connected nodes,count=0
info|2025-12-15 12:17:00.756770|ioService-0x000071d2747fe640|[P2PService][Service][METRIC]heartBeat,connected count=3
info|2025-12-15 12:17:09.878283|timerFactory-0x000071d261bff640|[RPC][WS][SERVICE]connected nodes,count=0
info|2025-12-15 12:17:10.756805|ioService-0x000071d2747fe640|[P2PService][Service][METRIC]heartBeat,connected count=3
info|2025-12-15 12:17:19.878302|timerFactory-0x000071d261bff640|[RPC][WS][SERVICE]connected nodes,count=0
info|2025-12-15 12:17:20.756841|ioService-0x000071d2747fe640|[P2PService][Service][METRIC]heartBeat,connected count=3
info|2025-12-15 12:17:29.878324|timerFactory-0x000071d261bff640|[RPC][WS][SERVICE]connected nodes,count=0
info|2025-12-15 12:17:30.756915|ioService-0x000071d2747fe640|[P2PService][Service][METRIC]heartBeat,connected count=3
info|2025-12-15 12:17:39.878341|timerFactory-0x000071d261bff640|[RPC][WS][SERVICE]connected nodes,count=0
info|2025-12-15 12:17:40.756989|ioService-0x000071d2747fe640|[P2PService][Service][METRIC]heartBeat,connected count=3
info|2025-12-15 12:17:49.878360|timerFactory-0x000071d261bff640|[RPC][WS][SERVICE]connected nodes,count=0
info|2025-12-15 12:17:50.757011|ioService-0x000071d2747fe640|[P2PService][Service][METRIC]heartBeat,connected count=3
info|2025-12-15 12:17:58.438657|objMonitor-0x000071d24efff640|[startMonitor][AliveObjectMonitor],AliveObjectAllocStat=[ type: bcos::gateway::Socket ,created: 9 ,destroyed: 5 ,alive: 4 ] 
info|2025-12-15 12:17:59.878377|timerFactory-0x000071d261bff640|[RPC][WS][SERVICE]connected nodes,count=0
info|2025-12-15 12:18:00.757033|ioService-0x000071d2747fe640|[P2PService][Service][METRIC]heartBeat,connected count=3
info|2025-12-15 12:18:09.878398|timerFactory-0x000071d261bff640|[RPC][WS][SERVICE]connected nodes,count=0
info|2025-12-15 12:18:10.757129|ioService-0x000071d2747fe640|[P2PService][Service][METRIC]heartBeat,connected count=3
info|2025-12-15 12:18:19.878430|timerFactory-0x000071d261bff640|[RPC][WS][SERVICE]connected nodes,count=0
info|2025-12-15 12:18:20.757166|ioService-0x000071d2747fe640|[P2PService][Service][METRIC]heartBeat,connected count=3
info|2025-12-15 12:18:29.878465|timerFactory-0x000071d261bff640|[RPC][WS][SERVICE]connected nodes,count=0
info|2025-12-15 12:18:30.757188|ioService-0x000071d2747fe640|[P2PService][Service][METRIC]heartBeat,connected count=3
info|2025-12-15 12:18:39.878498|timerFactory-0x000071d261bff640|[RPC][WS][SERVICE]connected nodes,count=0
info|2025-12-15 12:18:40.757262|ioService-0x000071d2747fe640|[P2PService][Service][METRIC]heartBeat,connected count=3
info|2025-12-15 12:18:49.878530|timerFactory-0x000071d261bff640|[RPC][WS][SERVICE]connected nodes,count=0
info|2025-12-15 12:18:50.757347|ioService-0x000071d2747fe640|[P2PService][Service][METRIC]heartBeat,connected count=3
info|2025-12-15 12:18:58.438715|objMonitor-0x000071d24efff640|[startMonitor][AliveObjectMonitor],AliveObjectAllocStat=[ type: bcos::gateway::Socket ,created: 9 ,destroyed: 5 ,alive: 4 ] 
info|2025-12-15 12:18:59.878562|timerFactory-0x000071d261bff640|[RPC][WS][SERVICE]connected nodes,count=0
info|2025-12-15 12:19:00.757370|ioService-0x000071d2747fe640|[P2PService][Service][METRIC]heartBeat,connected count=3
info|2025-12-15 12:19:09.878597|timerFactory-0x000071d261bff640|[RPC][WS][SERVICE]connected nodes,count=0
info|2025-12-15 12:19:10.757410|ioService-0x000071d2747fe640|[P2PService][Service][METRIC]heartBeat,connected count=3
info|2025-12-15 12:19:19.878626|timerFactory-0x000071d261bff640|[RPC][WS][SERVICE]connected nodes,count=0
info|2025-12-15 12:19:20.757444|ioService-0x000071d2747fe640|[P2PService][Service][METRIC]heartBeat,connected count=3
info|2025-12-15 12:19:29.878660|timerFactory-0x000071d261bff640|[RPC][WS][SERVICE]connected nodes,count=0
info|2025-12-15 12:19:30.757468|ioService-0x000071d2747fe640|[P2PService][Service][METRIC]heartBeat,connected count=3
info|2025-12-15 12:19:39.878695|timerFactory-0x000071d261bff640|[RPC][WS][SERVICE]connected nodes,count=0
info|2025-12-15 12:19:40.757534|ioService-0x000071d2747fe640|[P2PService][Service][METRIC]heartBeat,connected count=3
info|2025-12-15 12:19:49.878728|timerFactory-0x000071d261bff640|[RPC][WS][SERVICE]connected nodes,count=0
info|2025-12-15 12:19:50.757621|ioService-0x000071d2747fe640|[P2PService][Service][METRIC]heartBeat,connected count=3
info|2025-12-15 12:19:58.438773|objMonitor-0x000071d24efff640|[startMonitor][AliveObjectMonitor],AliveObjectAllocStat=[ type: bcos::gateway::Socket ,created: 9 ,destroyed: 5 ,alive: 4 ] 
info|2025-12-15 12:19:59.878779|timerFactory-0x000071d261bff640|[RPC][WS][SERVICE]connected nodes,count=0
info|2025-12-15 12:20:00.757702|ioService-0x000071d2747fe640|[P2PService][Service][METRIC]heartBeat,connected count=3
info|2025-12-15 12:20:09.878827|timerFactory-0x000071d261bff640|[RPC][WS][SERVICE]connected nodes,count=0
info|2025-12-15 12:20:10.757770|ioService-0x000071d2747fe640|[P2PService][Service][METRIC]heartBeat,connected count=3
info|2025-12-15 12:20:19.878862|timerFactory-0x000071d261bff640|[RPC][WS][SERVICE]connected nodes,count=0
info|2025-12-15 12:20:20.757812|ioService-0x000071d2747fe640|[P2PService][Service][METRIC]heartBeat,connected count=3
info|2025-12-15 12:20:29.878893|timerFactory-0x000071d261bff640|[RPC][WS][SERVICE]connected nodes,count=0
info|2025-12-15 12:20:30.757840|ioService-0x000071d2747fe640|[P2PService][Service][METRIC]heartBeat,connected count=3
info|2025-12-15 12:20:39.878919|timerFactory-0x000071d261bff640|[RPC][WS][SERVICE]connected nodes,count=0
info|2025-12-15 12:20:40.757935|ioService-0x000071d2747fe640|[P2PService][Service][METRIC]heartBeat,connected count=3
info|2025-12-15 12:20:49.878956|timerFactory-0x000071d261bff640|[RPC][WS][SERVICE]connected nodes,count=0
info|2025-12-15 12:20:50.757982|ioService-0x000071d2747fe640|[P2PService][Service][METRIC]heartBeat,connected count=3
info|2025-12-15 12:20:58.438831|objMonitor-0x000071d24efff640|[startMonitor][AliveObjectMonitor],AliveObjectAllocStat=[ type: bcos::gateway::Socket ,created: 9 ,destroyed: 5 ,alive: 4 ] [ type: bcos::gateway::ResponseCallback ,created: 6249765 ,destroyed: 6249761 ,alive: 4 ] 
info|2025-12-15 12:20:59.878987|timerFactory-0x000071d261bff640|[RPC][WS][SERVICE]connected nodes,count=0
info|2025-12-15 12:21:00.758025|ioService-0x000071d2747fe640|[P2PService][Service][METRIC]heartBeat,connected count=3
info|2025-12-15 12:21:09.879017|timerFactory-0x000071d261bff640|[RPC][WS][SERVICE]connected nodes,count=0
info|2025-12-15 12:21:10.758054|ioService-0x000071d2747fe640|[P2PService][Service][METRIC]heartBeat,connected count=3
info|2025-12-15 12:21:19.879045|timerFactory-0x000071d261bff640|[RPC][WS][SERVICE]connected nodes,count=0
info|2025-12-15 12:21:20.758077|ioService-0x000071d2747fe640|[P2PService][Service][METRIC]heartBeat,connected count=3
info|2025-12-15 12:21:29.879073|timerFactory-0x000071d261bff640|[RPC][WS][SERVICE]connected nodes,count=0
info|2025-12-15 12:21:30.758106|ioService-0x000071d2747fe640|[P2PService][Service][METRIC]heartBeat,connected count=3
info|2025-12-15 12:21:39.879101|timerFactory-0x000071d261bff640|[RPC][WS][SERVICE]connected nodes,count=0
info|2025-12-15 12:21:40.758136|ioService-0x000071d2747fe640|[P2PService][Service][METRIC]heartBeat,connected count=3
info|2025-12-15 12:21:49.879124|timerFactory-0x000071d261bff640|[RPC][WS][SERVICE]connected nodes,count=0
info|2025-12-15 12:21:50.758200|ioService-0x000071d2747fe640|[P2PService][Service][METRIC]heartBeat,connected count=3
info|2025-12-15 12:21:58.438890|objMonitor-0x000071d24efff640|[startMonitor][AliveObjectMonitor],AliveObjectAllocStat=[ type: bcos::gateway::Socket ,created: 9 ,destroyed: 5 ,alive: 4 ] 
info|2025-12-15 12:21:59.879154|timerFactory-0x000071d261bff640|[RPC][WS][SERVICE]connected nodes,count=0
info|2025-12-15 12:22:00.758225|ioService-0x000071d2747fe640|[P2PService][Service][METRIC]heartBeat,connected count=3
info|2025-12-15 12:22:09.879182|timerFactory-0x000071d261bff640|[RPC][WS][SERVICE]connected nodes,count=0
info|2025-12-15 12:22:10.758292|ioService-0x000071d2747fe640|[P2PService][Service][METRIC]heartBeat,connected count=3
info|2025-12-15 12:22:19.879213|timerFactory-0x000071d261bff640|[RPC][WS][SERVICE]connected nodes,count=0
info|2025-12-15 12:22:20.758360|ioService-0x000071d2747fe640|[P2PService][Service][METRIC]heartBeat,connected count=3
info|2025-12-15 12:22:29.879263|timerFactory-0x000071d261bff640|[RPC][WS][SERVICE]connected nodes,count=0
info|2025-12-15 12:22:30.758449|ioService-0x000071d2747fe640|[P2PService][Service][METRIC]heartBeat,connected count=3
info|2025-12-15 12:22:39.879306|timerFactory-0x000071d261bff640|[RPC][WS][SERVICE]connected nodes,count=0
info|2025-12-15 12:22:40.758478|ioService-0x000071d2747fe640|[P2PService][Service][METRIC]heartBeat,connected count=3
info|2025-12-15 12:22:49.879338|timerFactory-0x000071d261bff640|[RPC][WS][SERVICE]connected nodes,count=0
info|2025-12-15 12:22:50.758563|ioService-0x000071d2747fe640|[P2PService][Service][METRIC]heartBeat,connected count=3
info|2025-12-15 12:22:58.438952|objMonitor-0x000071d24efff640|[startMonitor][AliveObjectMonitor],AliveObjectAllocStat=[ type: bcos::gateway::Socket ,created: 9 ,destroyed: 5 ,alive: 4 ] 
info|2025-12-15 12:22:59.879370|timerFactory-0x000071d261bff640|[RPC][WS][SERVICE]connected nodes,count=0
info|2025-12-15 12:23:00.758597|ioService-0x000071d2747fe640|[P2PService][Service][METRIC]heartBeat,connected count=3
info|2025-12-15 12:23:09.879400|timerFactory-0x000071d261bff640|[RPC][WS][SERVICE]connected nodes,count=0
info|2025-12-15 12:23:10.758630|ioService-0x000071d2747fe640|[P2PService][Service][METRIC]heartBeat,connected count=3
info|2025-12-15 12:23:19.879465|timerFactory-0x000071d261bff640|[RPC][WS][SERVICE]connected nodes,count=0
info|2025-12-15 12:23:20.758666|ioService-0x000071d2747fe640|[P2PService][Service][METRIC]heartBeat,connected count=3
info|2025-12-15 12:23:29.879539|timerFactory-0x000071d261bff640|[RPC][WS][SERVICE]connected nodes,count=0
info|2025-12-15 12:23:30.758691|ioService-0x000071d2747fe640|[P2PService][Service][METRIC]heartBeat,connected count=3
info|2025-12-15 12:23:39.879611|timerFactory-0x000071d261bff640|[RPC][WS][SERVICE]connected nodes,count=0
info|2025-12-15 12:23:40.758721|ioService-0x000071d2747fe640|[P2PService][Service][METRIC]heartBeat,connected count=3
info|2025-12-15 12:23:49.879638|timerFactory-0x000071d261bff640|[RPC][WS][SERVICE]connected nodes,count=0
info|2025-12-15 12:23:50.758809|ioService-0x000071d2747fe640|[P2PService][Service][METRIC]heartBeat,connected count=3
info|2025-12-15 12:23:58.439020|objMonitor-0x000071d24efff640|[startMonitor][AliveObjectMonitor],AliveObjectAllocStat=[ type: bcos::gateway::Socket ,created: 9 ,destroyed: 5 ,alive: 4 ] 
info|2025-12-15 12:23:59.879662|timerFactory-0x000071d261bff640|[RPC][WS][SERVICE]connected nodes,count=0
info|2025-12-15 12:24:00.758852|ioService-0x000071d2747fe640|[P2PService][Service][METRIC]heartBeat,connected count=3
info|2025-12-15 12:24:09.879688|timerFactory-0x000071d261bff640|[RPC][WS][SERVICE]connected nodes,count=0
info|2025-12-15 12:24:10.758935|ioService-0x000071d2747fe640|[P2PService][Service][METRIC]heartBeat,connected count=3
info|2025-12-15 12:24:19.879716|timerFactory-0x000071d261bff640|[RPC][WS][SERVICE]connected nodes,count=0
info|2025-12-15 12:24:20.758981|ioService-0x000071d2747fe640|[P2PService][Service][METRIC]heartBeat,connected count=3
info|2025-12-15 12:24:29.879743|timerFactory-0x000071d261bff640|[RPC][WS][SERVICE]connected nodes,count=0
info|2025-12-15 12:24:30.759018|ioService-0x000071d2747fe640|[P2PService][Service][METRIC]heartBeat,connected count=3
info|2025-12-15 12:24:39.879782|timerFactory-0x000071d261bff640|[RPC][WS][SERVICE]connected nodes,count=0
info|2025-12-15 12:24:40.759054|ioService-0x000071d2747fe640|[P2PService][Service][METRIC]heartBeat,connected count=3
info|2025-12-15 12:24:49.879821|timerFactory-0x000071d261bff640|[RPC][WS][SERVICE]connected nodes,count=0
info|2025-12-15 12:24:50.759083|ioService-0x000071d2747fe640|[P2PService][Service][METRIC]heartBeat,connected count=3
info|2025-12-15 12:24:58.439077|objMonitor-0x000071d24efff640|[startMonitor][AliveObjectMonitor],AliveObjectAllocStat=[ type: bcos::gateway::Socket ,created: 9 ,destroyed: 5 ,alive: 4 ] [ type: bcos::gateway::ResponseCallback ,created: 6253362 ,destroyed: 6253357 ,alive: 5 ] 
info|2025-12-15 12:24:59.879851|timerFactory-0x000071d261bff640|[RPC][WS][SERVICE]connected nodes,count=0
info|2025-12-15 12:25:00.759159|ioService-0x000071d2747fe640|[P2PService][Service][METRIC]heartBeat,connected count=3
info|2025-12-15 12:25:09.879882|timerFactory-0x000071d261bff640|[RPC][WS][SERVICE]connected nodes,count=0
info|2025-12-15 12:25:10.759228|ioService-0x000071d2747fe640|[P2PService][Service][METRIC]heartBeat,connected count=3
info|2025-12-15 12:25:19.879965|timerFactory-0x000071d261bff640|[RPC][WS][SERVICE]connected nodes,count=0
info|2025-12-15 12:25:20.759259|ioService-0x000071d2747fe640|[P2PService][Service][METRIC]heartBeat,connected count=3
info|2025-12-15 12:25:29.879994|timerFactory-0x000071d261bff640|[RPC][WS][SERVICE]connected nodes,count=0
info|2025-12-15 12:25:30.759295|ioService-0x000071d2747fe640|[P2PService][Service][METRIC]heartBeat,connected count=3
info|2025-12-15 12:25:39.880016|timerFactory-0x000071d261bff640|[RPC][WS][SERVICE]connected nodes,count=0
info|2025-12-15 12:25:40.759333|ioService-0x000071d2747fe640|[P2PService][Service][METRIC]heartBeat,connected count=3
info|2025-12-15 12:25:49.880043|timerFactory-0x000071d261bff640|[RPC][WS][SERVICE]connected nodes,count=0
info|2025-12-15 12:25:50.759421|ioService-0x000071d2747fe640|[P2PService][Service][METRIC]heartBeat,connected count=3
info|2025-12-15 12:25:58.439133|objMonitor-0x000071d24efff640|[startMonitor][AliveObjectMonitor],AliveObjectAllocStat=[ type: bcos::gateway::Socket ,created: 9 ,destroyed: 5 ,alive: 4 ] 
info|2025-12-15 12:25:59.880069|timerFactory-0x000071d261bff640|[RPC][WS][SERVICE]connected nodes,count=0
info|2025-12-15 12:26:00.759515|ioService-0x000071d2747fe640|[P2PService][Service][METRIC]heartBeat,connected count=3
info|2025-12-15 12:26:09.880097|timerFactory-0x000071d261bff640|[RPC][WS][SERVICE]connected nodes,count=0
info|2025-12-15 12:26:10.759607|ioService-0x000071d2747fe640|[P2PService][Service][METRIC]heartBeat,connected count=3
info|2025-12-15 12:26:19.880134|timerFactory-0x000071d261bff640|[RPC][WS][SERVICE]connected nodes,count=0
info|2025-12-15 12:26:20.759646|ioService-0x000071d2747fe640|[P2PService][Service][METRIC]heartBeat,connected count=3
info|2025-12-15 12:26:29.880175|timerFactory-0x000071d261bff640|[RPC][WS][SERVICE]connected nodes,count=0
info|2025-12-15 12:26:30.759711|ioService-0x000071d2747fe640|[P2PService][Service][METRIC]heartBeat,connected count=3
info|2025-12-15 12:26:39.880208|timerFactory-0x000071d261bff640|[RPC][WS][SERVICE]connected nodes,count=0
info|2025-12-15 12:26:40.759742|ioService-0x000071d2747fe640|[P2PService][Service][METRIC]heartBeat,connected count=3
info|2025-12-15 12:26:49.880244|timerFactory-0x000071d261bff640|[RPC][WS][SERVICE]connected nodes,count=0
info|2025-12-15 12:26:50.759760|ioService-0x000071d2747fe640|[P2PService][Service][METRIC]heartBeat,connected count=3
info|2025-12-15 12:26:58.439220|objMonitor-0x000071d24efff640|[startMonitor][AliveObjectMonitor],AliveObjectAllocStat=[ type: bcos::gateway::Socket ,created: 9 ,destroyed: 5 ,alive: 4 ] 
info|2025-12-15 12:26:59.880282|timerFactory-0x000071d261bff640|[RPC][WS][SERVICE]connected nodes,count=0
info|2025-12-15 12:27:00.759815|ioService-0x000071d2747fe640|[P2PService][Service][METRIC]heartBeat,connected count=3
info|2025-12-15 12:27:09.880320|timerFactory-0x000071d261bff640|[RPC][WS][SERVICE]connected nodes,count=0
info|2025-12-15 12:27:10.759884|ioService-0x000071d2747fe640|[P2PService][Service][METRIC]heartBeat,connected count=3
info|2025-12-15 12:27:19.880396|timerFactory-0x000071d261bff640|[RPC][WS][SERVICE]connected nodes,count=0
info|2025-12-15 12:27:20.759909|ioService-0x000071d2747fe640|[P2PService][Service][METRIC]heartBeat,connected count=3
info|2025-12-15 12:27:29.880427|timerFactory-0x000071d261bff640|[RPC][WS][SERVICE]connected nodes,count=0
info|2025-12-15 12:27:30.759994|ioService-0x000071d2747fe640|[P2PService][Service][METRIC]heartBeat,connected count=3
info|2025-12-15 12:27:39.880450|timerFactory-0x000071d261bff640|[RPC][WS][SERVICE]connected nodes,count=0
info|2025-12-15 12:27:40.760091|ioService-0x000071d2747fe640|[P2PService][Service][METRIC]heartBeat,connected count=3
info|2025-12-15 12:27:49.880483|timerFactory-0x000071d261bff640|[RPC][WS][SERVICE]connected nodes,count=0
info|2025-12-15 12:27:50.760228|ioService-0x000071d2747fe640|[P2PService][Service][METRIC]heartBeat,connected count=3
info|2025-12-15 12:27:58.439274|objMonitor-0x000071d24efff640|[startMonitor][AliveObjectMonitor],AliveObjectAllocStat=[ type: bcos::gateway::Socket ,created: 9 ,destroyed: 5 ,alive: 4 ] 
info|2025-12-15 12:27:59.880512|timerFactory-0x000071d261bff640|[RPC][WS][SERVICE]connected nodes,count=0
info|2025-12-15 12:28:00.760264|ioService-0x000071d2747fe640|[P2PService][Service][METRIC]heartBeat,connected count=3
info|2025-12-15 12:28:09.880538|timerFactory-0x000071d261bff640|[RPC][WS][SERVICE]connected nodes,count=0
info|2025-12-15 12:28:10.760294|ioService-0x000071d2747fe640|[P2PService][Service][METRIC]heartBeat,connected count=3
info|2025-12-15 12:28:19.880566|timerFactory-0x000071d261bff640|[RPC][WS][SERVICE]connected nodes,count=0
info|2025-12-15 12:28:20.760320|ioService-0x000071d2747fe640|[P2PService][Service][METRIC]heartBeat,connected count=3
info|2025-12-15 12:28:29.880592|timerFactory-0x000071d261bff640|[RPC][WS][SERVICE]connected nodes,count=0
info|2025-12-15 12:28:30.760341|ioService-0x000071d2747fe640|[P2PService][Service][METRIC]heartBeat,connected count=3
info|2025-12-15 12:28:39.880629|timerFactory-0x000071d261bff640|[RPC][WS][SERVICE]connected nodes,count=0
info|2025-12-15 12:28:40.760370|ioService-0x000071d2747fe640|[P2PService][Service][METRIC]heartBeat,connected count=3
info|2025-12-15 12:28:49.880666|timerFactory-0x000071d261bff640|[RPC][WS][SERVICE]connected nodes,count=0
info|2025-12-15 12:28:50.760408|ioService-0x000071d2747fe640|[P2PService][Service][METRIC]heartBeat,connected count=3
info|2025-12-15 12:28:58.439333|objMonitor-0x000071d24efff640|[startMonitor][AliveObjectMonitor],AliveObjectAllocStat=[ type: bcos::gateway::Socket ,created: 9 ,destroyed: 5 ,alive: 4 ] 
info|2025-12-15 12:28:59.880689|timerFactory-0x000071d261bff640|[RPC][WS][SERVICE]connected nodes,count=0
info|2025-12-15 12:29:00.760450|ioService-0x000071d2747fe640|[P2PService][Service][METRIC]heartBeat,connected count=3
info|2025-12-15 12:29:09.880722|timerFactory-0x000071d261bff640|[RPC][WS][SERVICE]connected nodes,count=0
info|2025-12-15 12:29:10.760520|ioService-0x000071d2747fe640|[P2PService][Service][METRIC]heartBeat,connected count=3
info|2025-12-15 12:29:19.880746|timerFactory-0x000071d261bff640|[RPC][WS][SERVICE]connected nodes,count=0
info|2025-12-15 12:29:20.760545|ioService-0x000071d2747fe640|[P2PService][Service][METRIC]heartBeat,connected count=3
info|2025-12-15 12:29:29.880769|timerFactory-0x000071d261bff640|[RPC][WS][SERVICE]connected nodes,count=0
info|2025-12-15 12:29:30.760681|ioService-0x000071d2747fe640|[P2PService][Service][METRIC]heartBeat,connected count=3
info|2025-12-15 12:29:39.880793|timerFactory-0x000071d261bff640|[RPC][WS][SERVICE]connected nodes,count=0
info|2025-12-15 12:29:40.760705|ioService-0x000071d2747fe640|[P2PService][Service][METRIC]heartBeat,connected count=3
info|2025-12-15 12:29:49.880820|timerFactory-0x000071d261bff640|[RPC][WS][SERVICE]connected nodes,count=0
info|2025-12-15 12:29:50.760727|ioService-0x000071d2747fe640|[P2PService][Service][METRIC]heartBeat,connected count=3
info|2025-12-15 12:29:58.439391|objMonitor-0x000071d24efff640|[startMonitor][AliveObjectMonitor],AliveObjectAllocStat=[ type: bcos::gateway::Socket ,created: 9 ,destroyed: 5 ,alive: 4 ] 
info|2025-12-15 12:29:59.880852|timerFactory-0x000071d261bff640|[RPC][WS][SERVICE]connected nodes,count=0
info|2025-12-15 12:30:00.760796|ioService-0x000071d2747fe640|[P2PService][Service][METRIC]heartBeat,connected count=3
info|2025-12-15 12:30:09.880884|timerFactory-0x000071d261bff640|[RPC][WS][SERVICE]connected nodes,count=0
info|2025-12-15 12:30:10.760896|ioService-0x000071d2747fe640|[P2PService][Service][METRIC]heartBeat,connected count=3
info|2025-12-15 12:30:19.880924|timerFactory-0x000071d261bff640|[RPC][WS][SERVICE]connected nodes,count=0
info|2025-12-15 12:30:20.760985|ioService-0x000071d2747fe640|[P2PService][Service][METRIC]heartBeat,connected count=3
info|2025-12-15 12:30:29.880967|timerFactory-0x000071d261bff640|[RPC][WS][SERVICE]connected nodes,count=0
info|2025-12-15 12:30:30.761033|ioService-0x000071d2747fe640|[P2PService][Service][METRIC]heartBeat,connected count=3
info|2025-12-15 12:30:39.880995|timerFactory-0x000071d261bff640|[RPC][WS][SERVICE]connected nodes,count=0
info|2025-12-15 12:30:40.761074|ioService-0x000071d2747fe640|[P2PService][Service][METRIC]heartBeat,connected count=3
info|2025-12-15 12:30:49.881041|timerFactory-0x000071d261bff640|[RPC][WS][SERVICE]connected nodes,count=0
info|2025-12-15 12:30:50.761099|ioService-0x000071d2747fe640|[P2PService][Service][METRIC]heartBeat,connected count=3
info|2025-12-15 12:30:58.439450|objMonitor-0x000071d24efff640|[startMonitor][AliveObjectMonitor],AliveObjectAllocStat=[ type: bcos::gateway::Socket ,created: 9 ,destroyed: 5 ,alive: 4 ] 
info|2025-12-15 12:30:59.881084|timerFactory-0x000071d261bff640|[RPC][WS][SERVICE]connected nodes,count=0
info|2025-12-15 12:31:00.761120|ioService-0x000071d2747fe640|[P2PService][Service][METRIC]heartBeat,connected count=3
info|2025-12-15 12:31:09.881132|timerFactory-0x000071d261bff640|[RPC][WS][SERVICE]connected nodes,count=0
info|2025-12-15 12:31:10.761183|ioService-0x000071d2747fe640|[P2PService][Service][METRIC]heartBeat,connected count=3
info|2025-12-15 12:31:19.881178|timerFactory-0x000071d261bff640|[RPC][WS][SERVICE]connected nodes,count=0
info|2025-12-15 12:31:20.761213|ioService-0x000071d2747fe640|[P2PService][Service][METRIC]heartBeat,connected count=3
info|2025-12-15 12:31:29.881221|timerFactory-0x000071d261bff640|[RPC][WS][SERVICE]connected nodes,count=0
info|2025-12-15 12:31:30.761243|ioService-0x000071d2747fe640|[P2PService][Service][METRIC]heartBeat,connected count=3
info|2025-12-15 12:31:39.881248|timerFactory-0x000071d261bff640|[RPC][WS][SERVICE]connected nodes,count=0
info|2025-12-15 12:31:40.761359|ioService-0x000071d2747fe640|[P2PService][Service][METRIC]heartBeat,connected count=3
info|2025-12-15 12:31:49.881274|timerFactory-0x000071d261bff640|[RPC][WS][SERVICE]connected nodes,count=0
info|2025-12-15 12:31:50.761392|ioService-0x000071d2747fe640|[P2PService][Service][METRIC]heartBeat,connected count=3
info|2025-12-15 12:31:58.439509|objMonitor-0x000071d24efff640|[startMonitor][AliveObjectMonitor],AliveObjectAllocStat=[ type: bcos::gateway::Socket ,created: 9 ,destroyed: 5 ,alive: 4 ] 
info|2025-12-15 12:31:59.881306|timerFactory-0x000071d261bff640|[RPC][WS][SERVICE]connected nodes,count=0
info|2025-12-15 12:32:00.761429|ioService-0x000071d2747fe640|[P2PService][Service][METRIC]heartBeat,connected count=3
info|2025-12-15 12:32:09.881331|timerFactory-0x000071d261bff640|[RPC][WS][SERVICE]connected nodes,count=0
info|2025-12-15 12:32:10.761528|ioService-0x000071d2747fe640|[P2PService][Service][METRIC]heartBeat,connected count=3
info|2025-12-15 12:32:19.881369|timerFactory-0x000071d261bff640|[RPC][WS][SERVICE]connected nodes,count=0
info|2025-12-15 12:32:20.761562|ioService-0x000071d2747fe640|[P2PService][Service][METRIC]heartBeat,connected count=3
info|2025-12-15 12:32:29.881406|timerFactory-0x000071d261bff640|[RPC][WS][SERVICE]connected nodes,count=0
info|2025-12-15 12:32:30.761593|ioService-0x000071d2747fe640|[P2PService][Service][METRIC]heartBeat,connected count=3
info|2025-12-15 12:32:39.881430|timerFactory-0x000071d261bff640|[RPC][WS][SERVICE]connected nodes,count=0
info|2025-12-15 12:32:40.761688|ioService-0x000071d2747fe640|[P2PService][Service][METRIC]heartBeat,connected count=3
info|2025-12-15 12:32:49.881455|timerFactory-0x000071d261bff640|[RPC][WS][SERVICE]connected nodes,count=0
info|2025-12-15 12:32:50.761802|ioService-0x000071d2747fe640|[P2PService][Service][METRIC]heartBeat,connected count=3
info|2025-12-15 12:32:58.439568|objMonitor-0x000071d24efff640|[startMonitor][AliveObjectMonitor],AliveObjectAllocStat=[ type: bcos::gateway::Socket ,created: 9 ,destroyed: 5 ,alive: 4 ] 
info|2025-12-15 12:32:59.881488|timerFactory-0x000071d261bff640|[RPC][WS][SERVICE]connected nodes,count=0
info|2025-12-15 12:33:00.761910|ioService-0x000071d2747fe640|[P2PService][Service][METRIC]heartBeat,connected count=3
info|2025-12-15 12:33:09.881522|timerFactory-0x000071d261bff640|[RPC][WS][SERVICE]connected nodes,count=0
info|2025-12-15 12:33:10.761975|ioService-0x000071d2747fe640|[P2PService][Service][METRIC]heartBeat,connected count=3
info|2025-12-15 12:33:19.881547|timerFactory-0x000071d261bff640|[RPC][WS][SERVICE]connected nodes,count=0
info|2025-12-15 12:33:20.762054|ioService-0x000071d2747fe640|[P2PService][Service][METRIC]heartBeat,connected count=3
info|2025-12-15 12:33:29.881570|timerFactory-0x000071d261bff640|[RPC][WS][SERVICE]connected nodes,count=0
info|2025-12-15 12:33:30.762115|ioService-0x000071d2747fe640|[P2PService][Service][METRIC]heartBeat,connected count=3
info|2025-12-15 12:33:39.881599|timerFactory-0x000071d261bff640|[RPC][WS][SERVICE]connected nodes,count=0
info|2025-12-15 12:33:40.762178|ioService-0x000071d2747fe640|[P2PService][Service][METRIC]heartBeat,connected count=3
info|2025-12-15 12:33:49.881630|timerFactory-0x000071d261bff640|[RPC][WS][SERVICE]connected nodes,count=0
info|2025-12-15 12:33:50.762207|ioService-0x000071d2747fe640|[P2PService][Service][METRIC]heartBeat,connected count=3
info|2025-12-15 12:33:58.439627|objMonitor-0x000071d24efff640|[startMonitor][AliveObjectMonitor],AliveObjectAllocStat=[ type: bcos::gateway::Socket ,created: 9 ,destroyed: 5 ,alive: 4 ] 
info|2025-12-15 12:33:59.881706|timerFactory-0x000071d261bff640|[RPC][WS][SERVICE]connected nodes,count=0
info|2025-12-15 12:34:00.762229|ioService-0x000071d2747fe640|[P2PService][Service][METRIC]heartBeat,connected count=3
info|2025-12-15 12:34:09.881743|timerFactory-0x000071d261bff640|[RPC][WS][SERVICE]connected nodes,count=0
info|2025-12-15 12:34:10.762249|ioService-0x000071d2747fe640|[P2PService][Service][METRIC]heartBeat,connected count=3
info|2025-12-15 12:34:19.881774|timerFactory-0x000071d261bff640|[RPC][WS][SERVICE]connected nodes,count=0
info|2025-12-15 12:34:20.762267|ioService-0x000071d2747fe640|[P2PService][Service][METRIC]heartBeat,connected count=3
info|2025-12-15 12:34:29.881808|timerFactory-0x000071d261bff640|[RPC][WS][SERVICE]connected nodes,count=0
info|2025-12-15 12:34:30.762381|ioService-0x000071d2747fe640|[P2PService][Service][METRIC]heartBeat,connected count=3
info|2025-12-15 12:34:39.881837|timerFactory-0x000071d261bff640|[RPC][WS][SERVICE]connected nodes,count=0
info|2025-12-15 12:34:40.762423|ioService-0x000071d2747fe640|[P2PService][Service][METRIC]heartBeat,connected count=3
info|2025-12-15 12:34:49.881864|timerFactory-0x000071d261bff640|[RPC][WS][SERVICE]connected nodes,count=0
info|2025-12-15 12:34:50.762503|ioService-0x000071d2747fe640|[P2PService][Service][METRIC]heartBeat,connected count=3
info|2025-12-15 12:34:58.439684|objMonitor-0x000071d24efff640|[startMonitor][AliveObjectMonitor],AliveObjectAllocStat=[ type: bcos::gateway::Socket ,created: 9 ,destroyed: 5 ,alive: 4 ] 
info|2025-12-15 12:34:59.881888|timerFactory-0x000071d261bff640|[RPC][WS][SERVICE]connected nodes,count=0
info|2025-12-15 12:35:00.762588|ioService-0x000071d2747fe640|[P2PService][Service][METRIC]heartBeat,connected count=3
info|2025-12-15 12:35:09.881915|timerFactory-0x000071d261bff640|[RPC][WS][SERVICE]connected nodes,count=0
info|2025-12-15 12:35:10.762626|ioService-0x000071d2747fe640|[P2PService][Service][METRIC]heartBeat,connected count=3
info|2025-12-15 12:35:19.881964|timerFactory-0x000071d261bff640|[RPC][WS][SERVICE]connected nodes,count=0
info|2025-12-15 12:35:20.762660|ioService-0x000071d2747fe640|[P2PService][Service][METRIC]heartBeat,connected count=3
info|2025-12-15 12:35:29.882021|timerFactory-0x000071d261bff640|[RPC][WS][SERVICE]connected nodes,count=0
info|2025-12-15 12:35:30.762685|ioService-0x000071d2747fe640|[P2PService][Service][METRIC]heartBeat,connected count=3
info|2025-12-15 12:35:39.882056|timerFactory-0x000071d261bff640|[RPC][WS][SERVICE]connected nodes,count=0
info|2025-12-15 12:35:40.762713|ioService-0x000071d2747fe640|[P2PService][Service][METRIC]heartBeat,connected count=3
info|2025-12-15 12:35:49.882087|timerFactory-0x000071d261bff640|[RPC][WS][SERVICE]connected nodes,count=0
info|2025-12-15 12:35:50.762798|ioService-0x000071d2747fe640|[P2PService][Service][METRIC]heartBeat,connected count=3
info|2025-12-15 12:35:58.439747|objMonitor-0x000071d24efff640|[startMonitor][AliveObjectMonitor],AliveObjectAllocStat=[ type: bcos::gateway::Socket ,created: 9 ,destroyed: 5 ,alive: 4 ] [ type: bcos::gateway::ResponseCallback ,created: 6263253 ,destroyed: 6263249 ,alive: 4 ] 
info|2025-12-15 12:35:59.882111|timerFactory-0x000071d261bff640|[RPC][WS][SERVICE]connected nodes,count=0
info|2025-12-15 12:36:00.762838|ioService-0x000071d2747fe640|[P2PService][Service][METRIC]heartBeat,connected count=3
info|2025-12-15 12:36:09.882140|timerFactory-0x000071d261bff640|[RPC][WS][SERVICE]connected nodes,count=0
info|2025-12-15 12:36:10.762916|ioService-0x000071d2747fe640|[P2PService][Service][METRIC]heartBeat,connected count=3
info|2025-12-15 12:36:19.882171|timerFactory-0x000071d261bff640|[RPC][WS][SERVICE]connected nodes,count=0
info|2025-12-15 12:36:20.763009|ioService-0x000071d2747fe640|[P2PService][Service][METRIC]heartBeat,connected count=3
info|2025-12-15 12:36:29.882197|timerFactory-0x000071d261bff640|[RPC][WS][SERVICE]connected nodes,count=0
info|2025-12-15 12:36:30.763043|ioService-0x000071d2747fe640|[P2PService][Service][METRIC]heartBeat,connected count=3
info|2025-12-15 12:36:39.882223|timerFactory-0x000071d261bff640|[RPC][WS][SERVICE]connected nodes,count=0
info|2025-12-15 12:36:40.763081|ioService-0x000071d2747fe640|[P2PService][Service][METRIC]heartBeat,connected count=3
info|2025-12-15 12:36:49.882247|timerFactory-0x000071d261bff640|[RPC][WS][SERVICE]connected nodes,count=0
info|2025-12-15 12:36:50.763142|ioService-0x000071d2747fe640|[P2PService][Service][METRIC]heartBeat,connected count=3
info|2025-12-15 12:36:58.439804|objMonitor-0x000071d24efff640|[startMonitor][AliveObjectMonitor],AliveObjectAllocStat=[ type: bcos::gateway::Socket ,created: 9 ,destroyed: 5 ,alive: 4 ] 
info|2025-12-15 12:36:59.882281|timerFactory-0x000071d261bff640|[RPC][WS][SERVICE]connected nodes,count=0
info|2025-12-15 12:37:00.763177|ioService-0x000071d2747fe640|[P2PService][Service][METRIC]heartBeat,connected count=3
info|2025-12-15 12:37:09.882319|timerFactory-0x000071d261bff640|[RPC][WS][SERVICE]connected nodes,count=0
info|2025-12-15 12:37:10.763249|ioService-0x000071d2747fe640|[P2PService][Service][METRIC]heartBeat,connected count=3
info|2025-12-15 12:37:19.882342|timerFactory-0x000071d261bff640|[RPC][WS][SERVICE]connected nodes,count=0
info|2025-12-15 12:37:20.763344|ioService-0x000071d2747fe640|[P2PService][Service][METRIC]heartBeat,connected count=3
info|2025-12-15 12:37:29.882375|timerFactory-0x000071d261bff640|[RPC][WS][SERVICE]connected nodes,count=0
info|2025-12-15 12:37:30.763413|ioService-0x000071d2747fe640|[P2PService][Service][METRIC]heartBeat,connected count=3
info|2025-12-15 12:37:39.882447|timerFactory-0x000071d261bff640|[RPC][WS][SERVICE]connected nodes,count=0
info|2025-12-15 12:37:40.763502|ioService-0x000071d2747fe640|[P2PService][Service][METRIC]heartBeat,connected count=3
info|2025-12-15 12:37:49.882517|timerFactory-0x000071d261bff640|[RPC][WS][SERVICE]connected nodes,count=0
info|2025-12-15 12:37:50.763625|ioService-0x000071d2747fe640|[P2PService][Service][METRIC]heartBeat,connected count=3
info|2025-12-15 12:37:58.439863|objMonitor-0x000071d24efff640|[startMonitor][AliveObjectMonitor],AliveObjectAllocStat=[ type: bcos::gateway::Socket ,created: 9 ,destroyed: 5 ,alive: 4 ] 
info|2025-12-15 12:37:59.882539|timerFactory-0x000071d261bff640|[RPC][WS][SERVICE]connected nodes,count=0
info|2025-12-15 12:38:00.763648|ioService-0x000071d2747fe640|[P2PService][Service][METRIC]heartBeat,connected count=3
info|2025-12-15 12:38:09.882558|timerFactory-0x000071d261bff640|[RPC][WS][SERVICE]connected nodes,count=0
info|2025-12-15 12:38:10.763669|ioService-0x000071d2747fe640|[P2PService][Service][METRIC]heartBeat,connected count=3
info|2025-12-15 12:38:19.882579|timerFactory-0x000071d261bff640|[RPC][WS][SERVICE]connected nodes,count=0
info|2025-12-15 12:38:20.763692|ioService-0x000071d2747fe640|[P2PService][Service][METRIC]heartBeat,connected count=3
info|2025-12-15 12:38:29.882602|timerFactory-0x000071d261bff640|[RPC][WS][SERVICE]connected nodes,count=0
info|2025-12-15 12:38:30.763720|ioService-0x000071d2747fe640|[P2PService][Service][METRIC]heartBeat,connected count=3
info|2025-12-15 12:38:39.882629|timerFactory-0x000071d261bff640|[RPC][WS][SERVICE]connected nodes,count=0
info|2025-12-15 12:38:40.763798|ioService-0x000071d2747fe640|[P2PService][Service][METRIC]heartBeat,connected count=3
info|2025-12-15 12:38:49.882652|timerFactory-0x000071d261bff640|[RPC][WS][SERVICE]connected nodes,count=0
info|2025-12-15 12:38:50.763832|ioService-0x000071d2747fe640|[P2PService][Service][METRIC]heartBeat,connected count=3
info|2025-12-15 12:38:58.439917|objMonitor-0x000071d24efff640|[startMonitor][AliveObjectMonitor],AliveObjectAllocStat=[ type: bcos::gateway::Socket ,created: 9 ,destroyed: 5 ,alive: 4 ] 
info|2025-12-15 12:38:59.882681|timerFactory-0x000071d261bff640|[RPC][WS][SERVICE]connected nodes,count=0
info|2025-12-15 12:39:00.763890|ioService-0x000071d2747fe640|[P2PService][Service][METRIC]heartBeat,connected count=3
info|2025-12-15 12:39:09.882714|timerFactory-0x000071d261bff640|[RPC][WS][SERVICE]connected nodes,count=0
info|2025-12-15 12:39:10.763921|ioService-0x000071d2747fe640|[P2PService][Service][METRIC]heartBeat,connected count=3
info|2025-12-15 12:39:19.882740|timerFactory-0x000071d261bff640|[RPC][WS][SERVICE]connected nodes,count=0
info|2025-12-15 12:39:20.763954|ioService-0x000071d2747fe640|[P2PService][Service][METRIC]heartBeat,connected count=3
info|2025-12-15 12:39:29.882760|timerFactory-0x000071d261bff640|[RPC][WS][SERVICE]connected nodes,count=0
info|2025-12-15 12:39:30.763993|ioService-0x000071d2747fe640|[P2PService][Service][METRIC]heartBeat,connected count=3
info|2025-12-15 12:39:39.882781|timerFactory-0x000071d261bff640|[RPC][WS][SERVICE]connected nodes,count=0
info|2025-12-15 12:39:40.764024|ioService-0x000071d2747fe640|[P2PService][Service][METRIC]heartBeat,connected count=3
info|2025-12-15 12:39:49.882803|timerFactory-0x000071d261bff640|[RPC][WS][SERVICE]connected nodes,count=0
info|2025-12-15 12:39:50.764045|ioService-0x000071d2747fe640|[P2PService][Service][METRIC]heartBeat,connected count=3
info|2025-12-15 12:39:58.439975|objMonitor-0x000071d24efff640|[startMonitor][AliveObjectMonitor],AliveObjectAllocStat=[ type: bcos::gateway::Socket ,created: 9 ,destroyed: 5 ,alive: 4 ] [ type: bcos::gateway::ResponseCallback ,created: 6266850 ,destroyed: 6266846 ,alive: 4 ] 
info|2025-12-15 12:39:59.882831|timerFactory-0x000071d261bff640|[RPC][WS][SERVICE]connected nodes,count=0
info|2025-12-15 12:40:00.764082|ioService-0x000071d2747fe640|[P2PService][Service][METRIC]heartBeat,connected count=3
info|2025-12-15 12:40:09.882860|timerFactory-0x000071d261bff640|[RPC][WS][SERVICE]connected nodes,count=0
info|2025-12-15 12:40:10.764238|ioService-0x000071d2747fe640|[P2PService][Service][METRIC]heartBeat,connected count=3
info|2025-12-15 12:40:19.882888|timerFactory-0x000071d261bff640|[RPC][WS][SERVICE]connected nodes,count=0
info|2025-12-15 12:40:20.764266|ioService-0x000071d2747fe640|[P2PService][Service][METRIC]heartBeat,connected count=3
info|2025-12-15 12:40:29.882913|timerFactory-0x000071d261bff640|[RPC][WS][SERVICE]connected nodes,count=0
info|2025-12-15 12:40:30.764300|ioService-0x000071d2747fe640|[P2PService][Service][METRIC]heartBeat,connected count=3
info|2025-12-15 12:40:39.882936|timerFactory-0x000071d261bff640|[RPC][WS][SERVICE]connected nodes,count=0
info|2025-12-15 12:40:40.764369|ioService-0x000071d2747fe640|[P2PService][Service][METRIC]heartBeat,connected count=3
info|2025-12-15 12:40:49.882976|timerFactory-0x000071d261bff640|[RPC][WS][SERVICE]connected nodes,count=0
info|2025-12-15 12:40:50.764397|ioService-0x000071d2747fe640|[P2PService][Service][METRIC]heartBeat,connected count=3
info|2025-12-15 12:40:58.440065|objMonitor-0x000071d24efff640|[startMonitor][AliveObjectMonitor],AliveObjectAllocStat=[ type: bcos::gateway::Socket ,created: 9 ,destroyed: 5 ,alive: 4 ] 
info|2025-12-15 12:40:59.883003|timerFactory-0x000071d261bff640|[RPC][WS][SERVICE]connected nodes,count=0
info|2025-12-15 12:41:00.764432|ioService-0x000071d2747fe640|[P2PService][Service][METRIC]heartBeat,connected count=3
info|2025-12-15 12:41:09.883027|timerFactory-0x000071d261bff640|[RPC][WS][SERVICE]connected nodes,count=0
info|2025-12-15 12:41:10.764518|ioService-0x000071d2747fe640|[P2PService][Service][METRIC]heartBeat,connected count=3
info|2025-12-15 12:41:19.883057|timerFactory-0x000071d261bff640|[RPC][WS][SERVICE]connected nodes,count=0
info|2025-12-15 12:41:20.764598|ioService-0x000071d2747fe640|[P2PService][Service][METRIC]heartBeat,connected count=3
info|2025-12-15 12:41:29.883088|timerFactory-0x000071d261bff640|[RPC][WS][SERVICE]connected nodes,count=0
info|2025-12-15 12:41:30.764623|ioService-0x000071d2747fe640|[P2PService][Service][METRIC]heartBeat,connected count=3
info|2025-12-15 12:41:39.883121|timerFactory-0x000071d261bff640|[RPC][WS][SERVICE]connected nodes,count=0
info|2025-12-15 12:41:40.764700|ioService-0x000071d2747fe640|[P2PService][Service][METRIC]heartBeat,connected count=3
info|2025-12-15 12:41:49.883159|timerFactory-0x000071d261bff640|[RPC][WS][SERVICE]connected nodes,count=0
info|2025-12-15 12:41:50.764726|ioService-0x000071d2747fe640|[P2PService][Service][METRIC]heartBeat,connected count=3
info|2025-12-15 12:41:58.440123|objMonitor-0x000071d24efff640|[startMonitor][AliveObjectMonitor],AliveObjectAllocStat=[ type: bcos::gateway::Socket ,created: 9 ,destroyed: 5 ,alive: 4 ] 
info|2025-12-15 12:41:59.883195|timerFactory-0x000071d261bff640|[RPC][WS][SERVICE]connected nodes,count=0
info|2025-12-15 12:42:00.764748|ioService-0x000071d2747fe640|[P2PService][Service][METRIC]heartBeat,connected count=3
info|2025-12-15 12:42:09.883228|timerFactory-0x000071d261bff640|[RPC][WS][SERVICE]connected nodes,count=0
info|2025-12-15 12:42:10.764767|ioService-0x000071d2747fe640|[P2PService][Service][METRIC]heartBeat,connected count=3
info|2025-12-15 12:42:19.883257|timerFactory-0x000071d261bff640|[RPC][WS][SERVICE]connected nodes,count=0
info|2025-12-15 12:42:20.764837|ioService-0x000071d2747fe640|[P2PService][Service][METRIC]heartBeat,connected count=3
info|2025-12-15 12:42:29.883287|timerFactory-0x000071d261bff640|[RPC][WS][SERVICE]connected nodes,count=0
info|2025-12-15 12:42:30.764912|ioService-0x000071d2747fe640|[P2PService][Service][METRIC]heartBeat,connected count=3
info|2025-12-15 12:42:39.883310|timerFactory-0x000071d261bff640|[RPC][WS][SERVICE]connected nodes,count=0
info|2025-12-15 12:42:40.764938|ioService-0x000071d2747fe640|[P2PService][Service][METRIC]heartBeat,connected count=3
info|2025-12-15 12:42:49.883337|timerFactory-0x000071d261bff640|[RPC][WS][SERVICE]connected nodes,count=0
info|2025-12-15 12:42:50.764968|ioService-0x000071d2747fe640|[P2PService][Service][METRIC]heartBeat,connected count=3
info|2025-12-15 12:42:58.440182|objMonitor-0x000071d24efff640|[startMonitor][AliveObjectMonitor],AliveObjectAllocStat=[ type: bcos::gateway::Socket ,created: 9 ,destroyed: 5 ,alive: 4 ] 
info|2025-12-15 12:42:59.883367|timerFactory-0x000071d261bff640|[RPC][WS][SERVICE]connected nodes,count=0
info|2025-12-15 12:43:00.764994|ioService-0x000071d2747fe640|[P2PService][Service][METRIC]heartBeat,connected count=3
info|2025-12-15 12:43:09.883436|timerFactory-0x000071d261bff640|[RPC][WS][SERVICE]connected nodes,count=0
info|2025-12-15 12:43:10.765024|ioService-0x000071d2747fe640|[P2PService][Service][METRIC]heartBeat,connected count=3
info|2025-12-15 12:43:19.883458|timerFactory-0x000071d261bff640|[RPC][WS][SERVICE]connected nodes,count=0
info|2025-12-15 12:43:20.765064|ioService-0x000071d2747fe640|[P2PService][Service][METRIC]heartBeat,connected count=3
info|2025-12-15 12:43:29.883480|timerFactory-0x000071d261bff640|[RPC][WS][SERVICE]connected nodes,count=0
info|2025-12-15 12:43:30.765138|ioService-0x000071d2747fe640|[P2PService][Service][METRIC]heartBeat,connected count=3
info|2025-12-15 12:43:39.883505|timerFactory-0x000071d261bff640|[RPC][WS][SERVICE]connected nodes,count=0
info|2025-12-15 12:43:40.765190|ioService-0x000071d2747fe640|[P2PService][Service][METRIC]heartBeat,connected count=3
info|2025-12-15 12:43:49.883528|timerFactory-0x000071d261bff640|[RPC][WS][SERVICE]connected nodes,count=0
info|2025-12-15 12:43:50.765231|ioService-0x000071d2747fe640|[P2PService][Service][METRIC]heartBeat,connected count=3
info|2025-12-15 12:43:58.440252|objMonitor-0x000071d24efff640|[startMonitor][AliveObjectMonitor],AliveObjectAllocStat=[ type: bcos::gateway::Socket ,created: 9 ,destroyed: 5 ,alive: 4 ] [ type: bcos::gateway::ResponseCallback ,created: 6270447 ,destroyed: 6270442 ,alive: 5 ] 
info|2025-12-15 12:43:59.883552|timerFactory-0x000071d261bff640|[RPC][WS][SERVICE]connected nodes,count=0
info|2025-12-15 12:44:00.765306|ioService-0x000071d2747fe640|[P2PService][Service][METRIC]heartBeat,connected count=3
info|2025-12-15 12:44:09.883579|timerFactory-0x000071d261bff640|[RPC][WS][SERVICE]connected nodes,count=0
info|2025-12-15 12:44:10.765337|ioService-0x000071d2747fe640|[P2PService][Service][METRIC]heartBeat,connected count=3
info|2025-12-15 12:44:19.883605|timerFactory-0x000071d261bff640|[RPC][WS][SERVICE]connected nodes,count=0
info|2025-12-15 12:44:20.765405|ioService-0x000071d2747fe640|[P2PService][Service][METRIC]heartBeat,connected count=3
info|2025-12-15 12:44:29.883630|timerFactory-0x000071d261bff640|[RPC][WS][SERVICE]connected nodes,count=0
info|2025-12-15 12:44:30.765464|ioService-0x000071d2747fe640|[P2PService][Service][METRIC]heartBeat,connected count=3
info|2025-12-15 12:44:39.883662|timerFactory-0x000071d261bff640|[RPC][WS][SERVICE]connected nodes,count=0
info|2025-12-15 12:44:40.765483|ioService-0x000071d2747fe640|[P2PService][Service][METRIC]heartBeat,connected count=3
info|2025-12-15 12:44:49.883693|timerFactory-0x000071d261bff640|[RPC][WS][SERVICE]connected nodes,count=0
info|2025-12-15 12:44:50.765514|ioService-0x000071d2747fe640|[P2PService][Service][METRIC]heartBeat,connected count=3
info|2025-12-15 12:44:58.440311|objMonitor-0x000071d24efff640|[startMonitor][AliveObjectMonitor],AliveObjectAllocStat=[ type: bcos::gateway::Socket ,created: 9 ,destroyed: 5 ,alive: 4 ] 
info|2025-12-15 12:44:59.883728|timerFactory-0x000071d261bff640|[RPC][WS][SERVICE]connected nodes,count=0
info|2025-12-15 12:45:00.765590|ioService-0x000071d2747fe640|[P2PService][Service][METRIC]heartBeat,connected count=3
info|2025-12-15 12:45:09.883778|timerFactory-0x000071d261bff640|[RPC][WS][SERVICE]connected nodes,count=0
info|2025-12-15 12:45:10.765614|ioService-0x000071d2747fe640|[P2PService][Service][METRIC]heartBeat,connected count=3
info|2025-12-15 12:45:19.883817|timerFactory-0x000071d261bff640|[RPC][WS][SERVICE]connected nodes,count=0
info|2025-12-15 12:45:20.765675|ioService-0x000071d2747fe640|[P2PService][Service][METRIC]heartBeat,connected count=3
info|2025-12-15 12:45:29.883854|timerFactory-0x000071d261bff640|[RPC][WS][SERVICE]connected nodes,count=0
info|2025-12-15 12:45:30.765780|ioService-0x000071d2747fe640|[P2PService][Service][METRIC]heartBeat,connected count=3
info|2025-12-15 12:45:39.883896|timerFactory-0x000071d261bff640|[RPC][WS][SERVICE]connected nodes,count=0
info|2025-12-15 12:45:40.765817|ioService-0x000071d2747fe640|[P2PService][Service][METRIC]heartBeat,connected count=3
info|2025-12-15 12:45:49.883926|timerFactory-0x000071d261bff640|[RPC][WS][SERVICE]connected nodes,count=0
info|2025-12-15 12:45:50.765890|ioService-0x000071d2747fe640|[P2PService][Service][METRIC]heartBeat,connected count=3
info|2025-12-15 12:45:58.440371|objMonitor-0x000071d24efff640|[startMonitor][AliveObjectMonitor],AliveObjectAllocStat=[ type: bcos::gateway::Socket ,created: 9 ,destroyed: 5 ,alive: 4 ] 
info|2025-12-15 12:45:59.883951|timerFactory-0x000071d261bff640|[RPC][WS][SERVICE]connected nodes,count=0
info|2025-12-15 12:46:00.765922|ioService-0x000071d2747fe640|[P2PService][Service][METRIC]heartBeat,connected count=3
info|2025-12-15 12:46:09.883979|timerFactory-0x000071d261bff640|[RPC][WS][SERVICE]connected nodes,count=0
info|2025-12-15 12:46:10.765948|ioService-0x000071d2747fe640|[P2PService][Service][METRIC]heartBeat,connected count=3
info|2025-12-15 12:46:19.884009|timerFactory-0x000071d261bff640|[RPC][WS][SERVICE]connected nodes,count=0
info|2025-12-15 12:46:20.766039|ioService-0x000071d2747fe640|[P2PService][Service][METRIC]heartBeat,connected count=3
info|2025-12-15 12:46:29.884035|timerFactory-0x000071d261bff640|[RPC][WS][SERVICE]connected nodes,count=0
info|2025-12-15 12:46:30.766063|ioService-0x000071d2747fe640|[P2PService][Service][METRIC]heartBeat,connected count=3
info|2025-12-15 12:46:39.884063|timerFactory-0x000071d261bff640|[RPC][WS][SERVICE]connected nodes,count=0
info|2025-12-15 12:46:40.766125|ioService-0x000071d2747fe640|[P2PService][Service][METRIC]heartBeat,connected count=3
info|2025-12-15 12:46:49.884088|timerFactory-0x000071d261bff640|[RPC][WS][SERVICE]connected nodes,count=0
info|2025-12-15 12:46:50.766145|ioService-0x000071d2747fe640|[P2PService][Service][METRIC]heartBeat,connected count=3
info|2025-12-15 12:46:58.440431|objMonitor-0x000071d24efff640|[startMonitor][AliveObjectMonitor],AliveObjectAllocStat=[ type: bcos::gateway::Socket ,created: 9 ,destroyed: 5 ,alive: 4 ] 
info|2025-12-15 12:46:59.884113|timerFactory-0x000071d261bff640|[RPC][WS][SERVICE]connected nodes,count=0
info|2025-12-15 12:47:00.766170|ioService-0x000071d2747fe640|[P2PService][Service][METRIC]heartBeat,connected count=3
info|2025-12-15 12:47:09.884141|timerFactory-0x000071d261bff640|[RPC][WS][SERVICE]connected nodes,count=0
info|2025-12-15 12:47:10.766201|ioService-0x000071d2747fe640|[P2PService][Service][METRIC]heartBeat,connected count=3
info|2025-12-15 12:47:19.884188|timerFactory-0x000071d261bff640|[RPC][WS][SERVICE]connected nodes,count=0
info|2025-12-15 12:47:20.766234|ioService-0x000071d2747fe640|[P2PService][Service][METRIC]heartBeat,connected count=3
info|2025-12-15 12:47:29.884237|timerFactory-0x000071d261bff640|[RPC][WS][SERVICE]connected nodes,count=0
info|2025-12-15 12:47:30.766258|ioService-0x000071d2747fe640|[P2PService][Service][METRIC]heartBeat,connected count=3
info|2025-12-15 12:47:39.884260|timerFactory-0x000071d261bff640|[RPC][WS][SERVICE]connected nodes,count=0
info|2025-12-15 12:47:40.766343|ioService-0x000071d2747fe640|[P2PService][Service][METRIC]heartBeat,connected count=3
info|2025-12-15 12:47:49.884286|timerFactory-0x000071d261bff640|[RPC][WS][SERVICE]connected nodes,count=0
info|2025-12-15 12:47:50.766373|ioService-0x000071d2747fe640|[P2PService][Service][METRIC]heartBeat,connected count=3
info|2025-12-15 12:47:58.440518|objMonitor-0x000071d24efff640|[startMonitor][AliveObjectMonitor],AliveObjectAllocStat=[ type: bcos::gateway::Socket ,created: 9 ,destroyed: 5 ,alive: 4 ] [ type: bcos::gateway::ResponseCallback ,created: 6274044 ,destroyed: 6274040 ,alive: 4 ] 
info|2025-12-15 12:47:59.884325|timerFactory-0x000071d261bff640|[RPC][WS][SERVICE]connected nodes,count=0
info|2025-12-15 12:48:00.766430|ioService-0x000071d2747fe640|[P2PService][Service][METRIC]heartBeat,connected count=3
info|2025-12-15 12:48:09.884359|timerFactory-0x000071d261bff640|[RPC][WS][SERVICE]connected nodes,count=0
info|2025-12-15 12:48:10.766460|ioService-0x000071d2747fe640|[P2PService][Service][METRIC]heartBeat,connected count=3
info|2025-12-15 12:48:19.884395|timerFactory-0x000071d261bff640|[RPC][WS][SERVICE]connected nodes,count=0
info|2025-12-15 12:48:20.766566|ioService-0x000071d2747fe640|[P2PService][Service][METRIC]heartBeat,connected count=3
info|2025-12-15 12:48:29.884431|timerFactory-0x000071d261bff640|[RPC][WS][SERVICE]connected nodes,count=0
info|2025-12-15 12:48:30.766602|ioService-0x000071d2747fe640|[P2PService][Service][METRIC]heartBeat,connected count=3
info|2025-12-15 12:48:39.884454|timerFactory-0x000071d261bff640|[RPC][WS][SERVICE]connected nodes,count=0
info|2025-12-15 12:48:40.766637|ioService-0x000071d2747fe640|[P2PService][Service][METRIC]heartBeat,connected count=3
info|2025-12-15 12:48:49.884478|timerFactory-0x000071d261bff640|[RPC][WS][SERVICE]connected nodes,count=0
info|2025-12-15 12:48:50.766668|ioService-0x000071d2747fe640|[P2PService][Service][METRIC]heartBeat,connected count=3
info|2025-12-15 12:48:58.440609|objMonitor-0x000071d24efff640|[startMonitor][AliveObjectMonitor],AliveObjectAllocStat=[ type: bcos::gateway::Socket ,created: 9 ,destroyed: 5 ,alive: 4 ] 
info|2025-12-15 12:48:59.884510|timerFactory-0x000071d261bff640|[RPC][WS][SERVICE]connected nodes,count=0
info|2025-12-15 12:49:00.766695|ioService-0x000071d2747fe640|[P2PService][Service][METRIC]heartBeat,connected count=3
info|2025-12-15 12:49:09.884555|timerFactory-0x000071d261bff640|[RPC][WS][SERVICE]connected nodes,count=0
info|2025-12-15 12:49:10.766771|ioService-0x000071d2747fe640|[P2PService][Service][METRIC]heartBeat,connected count=3
info|2025-12-15 12:49:19.884585|timerFactory-0x000071d261bff640|[RPC][WS][SERVICE]connected nodes,count=0
info|2025-12-15 12:49:20.766807|ioService-0x000071d2747fe640|[P2PService][Service][METRIC]heartBeat,connected count=3
info|2025-12-15 12:49:29.884612|timerFactory-0x000071d261bff640|[RPC][WS][SERVICE]connected nodes,count=0
info|2025-12-15 12:49:30.766874|ioService-0x000071d2747fe640|[P2PService][Service][METRIC]heartBeat,connected count=3
info|2025-12-15 12:49:39.884643|timerFactory-0x000071d261bff640|[RPC][WS][SERVICE]connected nodes,count=0
info|2025-12-15 12:49:40.766897|ioService-0x000071d2747fe640|[P2PService][Service][METRIC]heartBeat,connected count=3
info|2025-12-15 12:49:49.884680|timerFactory-0x000071d261bff640|[RPC][WS][SERVICE]connected nodes,count=0
info|2025-12-15 12:49:50.766919|ioService-0x000071d2747fe640|[P2PService][Service][METRIC]heartBeat,connected count=3
info|2025-12-15 12:49:58.440665|objMonitor-0x000071d24efff640|[startMonitor][AliveObjectMonitor],AliveObjectAllocStat=[ type: bcos::gateway::Socket ,created: 9 ,destroyed: 5 ,alive: 4 ] 
info|2025-12-15 12:49:59.884718|timerFactory-0x000071d261bff640|[RPC][WS][SERVICE]connected nodes,count=0
info|2025-12-15 12:50:00.767009|ioService-0x000071d2747fe640|[P2PService][Service][METRIC]heartBeat,connected count=3
info|2025-12-15 12:50:09.884748|timerFactory-0x000071d261bff640|[RPC][WS][SERVICE]connected nodes,count=0
info|2025-12-15 12:50:10.767066|ioService-0x000071d2747fe640|[P2PService][Service][METRIC]heartBeat,connected count=3
info|2025-12-15 12:50:19.884782|timerFactory-0x000071d261bff640|[RPC][WS][SERVICE]connected nodes,count=0
info|2025-12-15 12:50:20.767091|ioService-0x000071d2747fe640|[P2PService][Service][METRIC]heartBeat,connected count=3
info|2025-12-15 12:50:29.884819|timerFactory-0x000071d261bff640|[RPC][WS][SERVICE]connected nodes,count=0
info|2025-12-15 12:50:30.767176|ioService-0x000071d2747fe640|[P2PService][Service][METRIC]heartBeat,connected count=3
info|2025-12-15 12:50:39.884851|timerFactory-0x000071d261bff640|[RPC][WS][SERVICE]connected nodes,count=0
info|2025-12-15 12:50:40.767209|ioService-0x000071d2747fe640|[P2PService][Service][METRIC]heartBeat,connected count=3
info|2025-12-15 12:50:49.884903|timerFactory-0x000071d261bff640|[RPC][WS][SERVICE]connected nodes,count=0
info|2025-12-15 12:50:50.767315|ioService-0x000071d2747fe640|[P2PService][Service][METRIC]heartBeat,connected count=3
info|2025-12-15 12:50:58.440725|objMonitor-0x000071d24efff640|[startMonitor][AliveObjectMonitor],AliveObjectAllocStat=[ type: bcos::gateway::Socket ,created: 9 ,destroyed: 5 ,alive: 4 ] 
info|2025-12-15 12:50:59.884944|timerFactory-0x000071d261bff640|[RPC][WS][SERVICE]connected nodes,count=0
info|2025-12-15 12:51:00.767336|ioService-0x000071d2747fe640|[P2PService][Service][METRIC]heartBeat,connected count=3
info|2025-12-15 12:51:09.884974|timerFactory-0x000071d261bff640|[RPC][WS][SERVICE]connected nodes,count=0
info|2025-12-15 12:51:10.767367|ioService-0x000071d2747fe640|[P2PService][Service][METRIC]heartBeat,connected count=3
info|2025-12-15 12:51:19.885003|timerFactory-0x000071d261bff640|[RPC][WS][SERVICE]connected nodes,count=0
info|2025-12-15 12:51:20.767403|ioService-0x000071d2747fe640|[P2PService][Service][METRIC]heartBeat,connected count=3
info|2025-12-15 12:51:29.885030|timerFactory-0x000071d261bff640|[RPC][WS][SERVICE]connected nodes,count=0
info|2025-12-15 12:51:30.767492|ioService-0x000071d2747fe640|[P2PService][Service][METRIC]heartBeat,connected count=3
info|2025-12-15 12:51:39.885057|timerFactory-0x000071d261bff640|[RPC][WS][SERVICE]connected nodes,count=0
info|2025-12-15 12:51:40.767570|ioService-0x000071d2747fe640|[P2PService][Service][METRIC]heartBeat,connected count=3
info|2025-12-15 12:51:49.885086|timerFactory-0x000071d261bff640|[RPC][WS][SERVICE]connected nodes,count=0
info|2025-12-15 12:51:50.767597|ioService-0x000071d2747fe640|[P2PService][Service][METRIC]heartBeat,connected count=3
info|2025-12-15 12:51:58.440792|objMonitor-0x000071d24efff640|[startMonitor][AliveObjectMonitor],AliveObjectAllocStat=[ type: bcos::gateway::Socket ,created: 9 ,destroyed: 5 ,alive: 4 ] [ type: bcos::gateway::ResponseCallback ,created: 6277641 ,destroyed: 6277637 ,alive: 4 ] 
info|2025-12-15 12:51:59.885112|timerFactory-0x000071d261bff640|[RPC][WS][SERVICE]connected nodes,count=0
info|2025-12-15 12:52:00.767623|ioService-0x000071d2747fe640|[P2PService][Service][METRIC]heartBeat,connected count=3
info|2025-12-15 12:52:09.885135|timerFactory-0x000071d261bff640|[RPC][WS][SERVICE]connected nodes,count=0
info|2025-12-15 12:52:10.767660|ioService-0x000071d2747fe640|[P2PService][Service][METRIC]heartBeat,connected count=3
info|2025-12-15 12:52:19.885159|timerFactory-0x000071d261bff640|[RPC][WS][SERVICE]connected nodes,count=0
info|2025-12-15 12:52:20.767758|ioService-0x000071d2747fe640|[P2PService][Service][METRIC]heartBeat,connected count=3
info|2025-12-15 12:52:29.885187|timerFactory-0x000071d261bff640|[RPC][WS][SERVICE]connected nodes,count=0
info|2025-12-15 12:52:30.767785|ioService-0x000071d2747fe640|[P2PService][Service][METRIC]heartBeat,connected count=3
info|2025-12-15 12:52:39.885211|timerFactory-0x000071d261bff640|[RPC][WS][SERVICE]connected nodes,count=0
info|2025-12-15 12:52:40.767804|ioService-0x000071d2747fe640|[P2PService][Service][METRIC]heartBeat,connected count=3
info|2025-12-15 12:52:49.885235|timerFactory-0x000071d261bff640|[RPC][WS][SERVICE]connected nodes,count=0
info|2025-12-15 12:52:50.767842|ioService-0x000071d2747fe640|[P2PService][Service][METRIC]heartBeat,connected count=3
info|2025-12-15 12:52:58.440857|objMonitor-0x000071d24efff640|[startMonitor][AliveObjectMonitor],AliveObjectAllocStat=[ type: bcos::gateway::Socket ,created: 9 ,destroyed: 5 ,alive: 4 ] 
info|2025-12-15 12:52:59.885264|timerFactory-0x000071d261bff640|[RPC][WS][SERVICE]connected nodes,count=0
info|2025-12-15 12:53:00.767871|ioService-0x000071d2747fe640|[P2PService][Service][METRIC]heartBeat,connected count=3
info|2025-12-15 12:53:09.885347|timerFactory-0x000071d261bff640|[RPC][WS][SERVICE]connected nodes,count=0
info|2025-12-15 12:53:10.767907|ioService-0x000071d2747fe640|[P2PService][Service][METRIC]heartBeat,connected count=3
info|2025-12-15 12:53:19.885367|timerFactory-0x000071d261bff640|[RPC][WS][SERVICE]connected nodes,count=0
info|2025-12-15 12:53:20.767999|ioService-0x000071d2747fe640|[P2PService][Service][METRIC]heartBeat,connected count=3
info|2025-12-15 12:53:29.885419|timerFactory-0x000071d261bff640|[RPC][WS][SERVICE]connected nodes,count=0
info|2025-12-15 12:53:30.768020|ioService-0x000071d2747fe640|[P2PService][Service][METRIC]heartBeat,connected count=3
info|2025-12-15 12:53:39.885442|timerFactory-0x000071d261bff640|[RPC][WS][SERVICE]connected nodes,count=0
info|2025-12-15 12:53:40.768047|ioService-0x000071d2747fe640|[P2PService][Service][METRIC]heartBeat,connected count=3
info|2025-12-15 12:53:49.885477|timerFactory-0x000071d261bff640|[RPC][WS][SERVICE]connected nodes,count=0
info|2025-12-15 12:53:50.768082|ioService-0x000071d2747fe640|[P2PService][Service][METRIC]heartBeat,connected count=3
info|2025-12-15 12:53:58.440912|objMonitor-0x000071d24efff640|[startMonitor][AliveObjectMonitor],AliveObjectAllocStat=[ type: bcos::gateway::Socket ,created: 9 ,destroyed: 5 ,alive: 4 ] 
info|2025-12-15 12:53:59.885509|timerFactory-0x000071d261bff640|[RPC][WS][SERVICE]connected nodes,count=0
info|2025-12-15 12:54:00.768155|ioService-0x000071d2747fe640|[P2PService][Service][METRIC]heartBeat,connected count=3
info|2025-12-15 12:54:09.885549|timerFactory-0x000071d261bff640|[RPC][WS][SERVICE]connected nodes,count=0
info|2025-12-15 12:54:10.768176|ioService-0x000071d2747fe640|[P2PService][Service][METRIC]heartBeat,connected count=3
info|2025-12-15 12:54:19.885582|timerFactory-0x000071d261bff640|[RPC][WS][SERVICE]connected nodes,count=0
info|2025-12-15 12:54:20.768194|ioService-0x000071d2747fe640|[P2PService][Service][METRIC]heartBeat,connected count=3
info|2025-12-15 12:54:29.885615|timerFactory-0x000071d261bff640|[RPC][WS][SERVICE]connected nodes,count=0
info|2025-12-15 12:54:30.768259|ioService-0x000071d2747fe640|[P2PService][Service][METRIC]heartBeat,connected count=3
info|2025-12-15 12:54:39.885644|timerFactory-0x000071d261bff640|[RPC][WS][SERVICE]connected nodes,count=0
info|2025-12-15 12:54:40.768283|ioService-0x000071d2747fe640|[P2PService][Service][METRIC]heartBeat,connected count=3
info|2025-12-15 12:54:49.885685|timerFactory-0x000071d261bff640|[RPC][WS][SERVICE]connected nodes,count=0
info|2025-12-15 12:54:50.768304|ioService-0x000071d2747fe640|[P2PService][Service][METRIC]heartBeat,connected count=3
info|2025-12-15 12:54:58.440977|objMonitor-0x000071d24efff640|[startMonitor][AliveObjectMonitor],AliveObjectAllocStat=[ type: bcos::gateway::Socket ,created: 9 ,destroyed: 5 ,alive: 4 ] 
info|2025-12-15 12:54:59.885738|timerFactory-0x000071d261bff640|[RPC][WS][SERVICE]connected nodes,count=0
info|2025-12-15 12:55:00.768384|ioService-0x000071d2747fe640|[P2PService][Service][METRIC]heartBeat,connected count=3
info|2025-12-15 12:55:09.885822|timerFactory-0x000071d261bff640|[RPC][WS][SERVICE]connected nodes,count=0
info|2025-12-15 12:55:10.768511|ioService-0x000071d2747fe640|[P2PService][Service][METRIC]heartBeat,connected count=3
info|2025-12-15 12:55:19.885851|timerFactory-0x000071d261bff640|[RPC][WS][SERVICE]connected nodes,count=0
info|2025-12-15 12:55:20.768604|ioService-0x000071d2747fe640|[P2PService][Service][METRIC]heartBeat,connected count=3
info|2025-12-15 12:55:29.885877|timerFactory-0x000071d261bff640|[RPC][WS][SERVICE]connected nodes,count=0
info|2025-12-15 12:55:30.768697|ioService-0x000071d2747fe640|[P2PService][Service][METRIC]heartBeat,connected count=3
info|2025-12-15 12:55:39.885896|timerFactory-0x000071d261bff640|[RPC][WS][SERVICE]connected nodes,count=0
info|2025-12-15 12:55:40.768722|ioService-0x000071d2747fe640|[P2PService][Service][METRIC]heartBeat,connected count=3
info|2025-12-15 12:55:49.885932|timerFactory-0x000071d261bff640|[RPC][WS][SERVICE]connected nodes,count=0
info|2025-12-15 12:55:50.768806|ioService-0x000071d2747fe640|[P2PService][Service][METRIC]heartBeat,connected count=3
info|2025-12-15 12:55:58.441075|objMonitor-0x000071d24efff640|[startMonitor][AliveObjectMonitor],AliveObjectAllocStat=[ type: bcos::gateway::Socket ,created: 9 ,destroyed: 5 ,alive: 4 ] [ type: bcos::gateway::ResponseCallback ,created: 6281238 ,destroyed: 6281234 ,alive: 4 ] 
info|2025-12-15 12:55:59.885961|timerFactory-0x000071d261bff640|[RPC][WS][SERVICE]connected nodes,count=0
info|2025-12-15 12:56:00.768833|ioService-0x000071d2747fe640|[P2PService][Service][METRIC]heartBeat,connected count=3
info|2025-12-15 12:56:09.885999|timerFactory-0x000071d261bff640|[RPC][WS][SERVICE]connected nodes,count=0
info|2025-12-15 12:56:10.768855|ioService-0x000071d2747fe640|[P2PService][Service][METRIC]heartBeat,connected count=3
info|2025-12-15 12:56:19.886040|timerFactory-0x000071d261bff640|[RPC][WS][SERVICE]connected nodes,count=0
info|2025-12-15 12:56:20.768914|ioService-0x000071d2747fe640|[P2PService][Service][METRIC]heartBeat,connected count=3
info|2025-12-15 12:56:29.886076|timerFactory-0x000071d261bff640|[RPC][WS][SERVICE]connected nodes,count=0
info|2025-12-15 12:56:30.768981|ioService-0x000071d2747fe640|[P2PService][Service][METRIC]heartBeat,connected count=3
info|2025-12-15 12:56:39.886115|timerFactory-0x000071d261bff640|[RPC][WS][SERVICE]connected nodes,count=0
info|2025-12-15 12:56:40.769013|ioService-0x000071d2747fe640|[P2PService][Service][METRIC]heartBeat,connected count=3
info|2025-12-15 12:56:49.886135|timerFactory-0x000071d261bff640|[RPC][WS][SERVICE]connected nodes,count=0
info|2025-12-15 12:56:50.769079|ioService-0x000071d2747fe640|[P2PService][Service][METRIC]heartBeat,connected count=3
info|2025-12-15 12:56:58.441131|objMonitor-0x000071d24efff640|[startMonitor][AliveObjectMonitor],AliveObjectAllocStat=[ type: bcos::gateway::Socket ,created: 9 ,destroyed: 5 ,alive: 4 ] 
info|2025-12-15 12:56:59.886161|timerFactory-0x000071d261bff640|[RPC][WS][SERVICE]connected nodes,count=0
info|2025-12-15 12:57:00.769107|ioService-0x000071d2747fe640|[P2PService][Service][METRIC]heartBeat,connected count=3
info|2025-12-15 12:57:09.886186|timerFactory-0x000071d261bff640|[RPC][WS][SERVICE]connected nodes,count=0
info|2025-12-15 12:57:10.769133|ioService-0x000071d2747fe640|[P2PService][Service][METRIC]heartBeat,connected count=3
info|2025-12-15 12:57:19.886215|timerFactory-0x000071d261bff640|[RPC][WS][SERVICE]connected nodes,count=0
info|2025-12-15 12:57:20.769158|ioService-0x000071d2747fe640|[P2PService][Service][METRIC]heartBeat,connected count=3
info|2025-12-15 12:57:29.886249|timerFactory-0x000071d261bff640|[RPC][WS][SERVICE]connected nodes,count=0
info|2025-12-15 12:57:30.769176|ioService-0x000071d2747fe640|[P2PService][Service][METRIC]heartBeat,connected count=3
info|2025-12-15 12:57:39.886328|timerFactory-0x000071d261bff640|[RPC][WS][SERVICE]connected nodes,count=0
info|2025-12-15 12:57:40.769197|ioService-0x000071d2747fe640|[P2PService][Service][METRIC]heartBeat,connected count=3
info|2025-12-15 12:57:49.886354|timerFactory-0x000071d261bff640|[RPC][WS][SERVICE]connected nodes,count=0
info|2025-12-15 12:57:50.769225|ioService-0x000071d2747fe640|[P2PService][Service][METRIC]heartBeat,connected count=3
info|2025-12-15 12:57:58.441236|objMonitor-0x000071d24efff640|[startMonitor][AliveObjectMonitor],AliveObjectAllocStat=[ type: bcos::gateway::Socket ,created: 9 ,destroyed: 5 ,alive: 4 ] 
info|2025-12-15 12:57:59.886376|timerFactory-0x000071d261bff640|[RPC][WS][SERVICE]connected nodes,count=0
info|2025-12-15 12:58:00.769372|ioService-0x000071d2747fe640|[P2PService][Service][METRIC]heartBeat,connected count=3
info|2025-12-15 12:58:09.886398|timerFactory-0x000071d261bff640|[RPC][WS][SERVICE]connected nodes,count=0
info|2025-12-15 12:58:10.769401|ioService-0x000071d2747fe640|[P2PService][Service][METRIC]heartBeat,connected count=3
info|2025-12-15 12:58:19.886417|timerFactory-0x000071d261bff640|[RPC][WS][SERVICE]connected nodes,count=0
info|2025-12-15 12:58:20.769427|ioService-0x000071d2747fe640|[P2PService][Service][METRIC]heartBeat,connected count=3
info|2025-12-15 12:58:29.886443|timerFactory-0x000071d261bff640|[RPC][WS][SERVICE]connected nodes,count=0
info|2025-12-15 12:58:30.769497|ioService-0x000071d2747fe640|[P2PService][Service][METRIC]heartBeat,connected count=3
info|2025-12-15 12:58:39.886469|timerFactory-0x000071d261bff640|[RPC][WS][SERVICE]connected nodes,count=0
info|2025-12-15 12:58:40.769567|ioService-0x000071d2747fe640|[P2PService][Service][METRIC]heartBeat,connected count=3
info|2025-12-15 12:58:49.886497|timerFactory-0x000071d261bff640|[RPC][WS][SERVICE]connected nodes,count=0
info|2025-12-15 12:58:50.769594|ioService-0x000071d2747fe640|[P2PService][Service][METRIC]heartBeat,connected count=3
info|2025-12-15 12:58:58.441274|objMonitor-0x000071d24efff640|[startMonitor][AliveObjectMonitor],AliveObjectAllocStat=[ type: bcos::gateway::Socket ,created: 9 ,destroyed: 5 ,alive: 4 ] 
info|2025-12-15 12:58:59.886530|timerFactory-0x000071d261bff640|[RPC][WS][SERVICE]connected nodes,count=0
info|2025-12-15 12:59:00.769622|ioService-0x000071d2747fe640|[P2PService][Service][METRIC]heartBeat,connected count=3
info|2025-12-15 12:59:09.886564|timerFactory-0x000071d261bff640|[RPC][WS][SERVICE]connected nodes,count=0
info|2025-12-15 12:59:10.769748|ioService-0x000071d2747fe640|[P2PService][Service][METRIC]heartBeat,connected count=3
info|2025-12-15 12:59:19.886589|timerFactory-0x000071d261bff640|[RPC][WS][SERVICE]connected nodes,count=0
info|2025-12-15 12:59:20.769783|ioService-0x000071d2747fe640|[P2PService][Service][METRIC]heartBeat,connected count=3
info|2025-12-15 12:59:29.886616|timerFactory-0x000071d261bff640|[RPC][WS][SERVICE]connected nodes,count=0
info|2025-12-15 12:59:30.769818|ioService-0x000071d2747fe640|[P2PService][Service][METRIC]heartBeat,connected count=3
info|2025-12-15 12:59:39.886645|timerFactory-0x000071d261bff640|[RPC][WS][SERVICE]connected nodes,count=0
info|2025-12-15 12:59:40.769865|ioService-0x000071d2747fe640|[P2PService][Service][METRIC]heartBeat,connected count=3
info|2025-12-15 12:59:49.886678|timerFactory-0x000071d261bff640|[RPC][WS][SERVICE]connected nodes,count=0
info|2025-12-15 12:59:50.769962|ioService-0x000071d2747fe640|[P2PService][Service][METRIC]heartBeat,connected count=3
info|2025-12-15 12:59:58.441324|objMonitor-0x000071d24efff640|[startMonitor][AliveObjectMonitor],AliveObjectAllocStat=[ type: bcos::gateway::Socket ,created: 9 ,destroyed: 5 ,alive: 4 ] [ type: bcos::gateway::ResponseCallback ,created: 6284835 ,destroyed: 6284830 ,alive: 5 ] 
info|2025-12-15 12:59:59.886755|timerFactory-0x000071d261bff640|[RPC][WS][SERVICE]connected nodes,count=0
