info|2025-12-16 20:00:00.348531|timerFactory-0x000071d261bff640|[RPC][WS][SERVICE]connected nodes,count=0
info|2025-12-16 20:00:01.420373|ioService-0x000071d2747fe640|[P2PService][Service][METRIC]heartBeat,connected count=3
info|2025-12-16 20:00:10.348559|timerFactory-0x000071d261bff640|[RPC][WS][SERVICE]connected nodes,count=0
info|2025-12-16 20:00:11.420404|ioService-0x000071d2747fe640|[P2PService][Service][METRIC]heartBeat,connected count=3
info|2025-12-16 20:00:20.348586|timerFactory-0x000071d261bff640|[RPC][WS][SERVICE]connected nodes,count=0
info|2025-12-16 20:00:21.420475|ioService-0x000071d2747fe640|[P2PService][Service][METRIC]heartBeat,connected count=3
info|2025-12-16 20:00:30.348615|timerFactory-0x000071d261bff640|[RPC][WS][SERVICE]connected nodes,count=0
info|2025-12-16 20:00:31.420524|ioService-0x000071d2747fe640|[P2PService][Service][METRIC]heartBeat,connected count=3
info|2025-12-16 20:00:40.348649|timerFactory-0x000071d261bff640|[RPC][WS][SERVICE]connected nodes,count=0
info|2025-12-16 20:00:41.420614|ioService-0x000071d2747fe640|[P2PService][Service][METRIC]heartBeat,connected count=3
info|2025-12-16 20:00:50.348686|timerFactory-0x000071d261bff640|[RPC][WS][SERVICE]connected nodes,count=0
info|2025-12-16 20:00:51.420644|ioService-0x000071d2747fe640|[P2PService][Service][METRIC]heartBeat,connected count=3
info|2025-12-16 20:00:58.561786|objMonitor-0x000071d24efff640|[startMonitor][AliveObjectMonitor],AliveObjectAllocStat=[ type: bcos::gateway::Socket ,created: 17 ,destroyed: 13 ,alive: 4 ] 
info|2025-12-16 20:01:00.348717|timerFactory-0x000071d261bff640|[RPC][WS][SERVICE]connected nodes,count=0
info|2025-12-16 20:01:01.420681|ioService-0x000071d2747fe640|[P2PService][Service][METRIC]heartBeat,connected count=3
info|2025-12-16 20:01:10.348745|timerFactory-0x000071d261bff640|[RPC][WS][SERVICE]connected nodes,count=0
info|2025-12-16 20:01:11.420780|ioService-0x000071d2747fe640|[P2PService][Service][METRIC]heartBeat,connected count=3
info|2025-12-16 20:01:20.348775|timerFactory-0x000071d261bff640|[RPC][WS][SERVICE]connected nodes,count=0
info|2025-12-16 20:01:21.420858|ioService-0x000071d2747fe640|[P2PService][Service][METRIC]heartBeat,connected count=3
info|2025-12-16 20:01:30.348802|timerFactory-0x000071d261bff640|[RPC][WS][SERVICE]connected nodes,count=0
info|2025-12-16 20:01:31.420908|ioService-0x000071d2747fe640|[P2PService][Service][METRIC]heartBeat,connected count=3
info|2025-12-16 20:01:40.348872|timerFactory-0x000071d261bff640|[RPC][WS][SERVICE]connected nodes,count=0
info|2025-12-16 20:01:41.420982|ioService-0x000071d2747fe640|[P2PService][Service][METRIC]heartBeat,connected count=3
info|2025-12-16 20:01:50.348904|timerFactory-0x000071d261bff640|[RPC][WS][SERVICE]connected nodes,count=0
info|2025-12-16 20:01:51.421005|ioService-0x000071d2747fe640|[P2PService][Service][METRIC]heartBeat,connected count=3
info|2025-12-16 20:01:58.561856|objMonitor-0x000071d24efff640|[startMonitor][AliveObjectMonitor],AliveObjectAllocStat=[ type: bcos::gateway::Socket ,created: 17 ,destroyed: 13 ,alive: 4 ] 
info|2025-12-16 20:02:00.348934|timerFactory-0x000071d261bff640|[RPC][WS][SERVICE]connected nodes,count=0
info|2025-12-16 20:02:01.421027|ioService-0x000071d2747fe640|[P2PService][Service][METRIC]heartBeat,connected count=3
info|2025-12-16 20:02:10.348961|timerFactory-0x000071d261bff640|[RPC][WS][SERVICE]connected nodes,count=0
info|2025-12-16 20:02:11.421049|ioService-0x000071d2747fe640|[P2PService][Service][METRIC]heartBeat,connected count=3
info|2025-12-16 20:02:20.348993|timerFactory-0x000071d261bff640|[RPC][WS][SERVICE]connected nodes,count=0
info|2025-12-16 20:02:21.421067|ioService-0x000071d2747fe640|[P2PService][Service][METRIC]heartBeat,connected count=3
info|2025-12-16 20:02:30.349029|timerFactory-0x000071d261bff640|[RPC][WS][SERVICE]connected nodes,count=0
info|2025-12-16 20:02:31.421107|ioService-0x000071d2747fe640|[P2PService][Service][METRIC]heartBeat,connected count=3
info|2025-12-16 20:02:40.349060|timerFactory-0x000071d261bff640|[RPC][WS][SERVICE]connected nodes,count=0
info|2025-12-16 20:02:41.421155|ioService-0x000071d2747fe640|[P2PService][Service][METRIC]heartBeat,connected count=3
info|2025-12-16 20:02:50.349091|timerFactory-0x000071d261bff640|[RPC][WS][SERVICE]connected nodes,count=0
info|2025-12-16 20:02:51.421206|ioService-0x000071d2747fe640|[P2PService][Service][METRIC]heartBeat,connected count=3
info|2025-12-16 20:02:58.561913|objMonitor-0x000071d24efff640|[startMonitor][AliveObjectMonitor],AliveObjectAllocStat=[ type: bcos::gateway::Socket ,created: 17 ,destroyed: 13 ,alive: 4 ] 
info|2025-12-16 20:03:00.349122|timerFactory-0x000071d261bff640|[RPC][WS][SERVICE]connected nodes,count=0
info|2025-12-16 20:03:01.421256|ioService-0x000071d2747fe640|[P2PService][Service][METRIC]heartBeat,connected count=3
info|2025-12-16 20:03:10.349156|timerFactory-0x000071d261bff640|[RPC][WS][SERVICE]connected nodes,count=0
info|2025-12-16 20:03:11.421302|ioService-0x000071d2747fe640|[P2PService][Service][METRIC]heartBeat,connected count=3
info|2025-12-16 20:03:20.349184|timerFactory-0x000071d261bff640|[RPC][WS][SERVICE]connected nodes,count=0
info|2025-12-16 20:03:21.421436|ioService-0x000071d2747fe640|[P2PService][Service][METRIC]heartBeat,connected count=3
info|2025-12-16 20:03:30.349213|timerFactory-0x000071d261bff640|[RPC][WS][SERVICE]connected nodes,count=0
info|2025-12-16 20:03:31.421513|ioService-0x000071d2747fe640|[P2PService][Service][METRIC]heartBeat,connected count=3
info|2025-12-16 20:03:40.349245|timerFactory-0x000071d261bff640|[RPC][WS][SERVICE]connected nodes,count=0
info|2025-12-16 20:03:41.421538|ioService-0x000071d2747fe640|[P2PService][Service][METRIC]heartBeat,connected count=3
info|2025-12-16 20:03:50.349279|timerFactory-0x000071d261bff640|[RPC][WS][SERVICE]connected nodes,count=0
info|2025-12-16 20:03:51.421561|ioService-0x000071d2747fe640|[P2PService][Service][METRIC]heartBeat,connected count=3
info|2025-12-16 20:03:58.561964|objMonitor-0x000071d24efff640|[startMonitor][AliveObjectMonitor],AliveObjectAllocStat=[ type: bcos::gateway::Socket ,created: 17 ,destroyed: 13 ,alive: 4 ] 
info|2025-12-16 20:04:00.349320|timerFactory-0x000071d261bff640|[RPC][WS][SERVICE]connected nodes,count=0
info|2025-12-16 20:04:01.421689|ioService-0x000071d2747fe640|[P2PService][Service][METRIC]heartBeat,connected count=3
info|2025-12-16 20:04:10.349355|timerFactory-0x000071d261bff640|[RPC][WS][SERVICE]connected nodes,count=0
info|2025-12-16 20:04:11.421754|ioService-0x000071d2747fe640|[P2PService][Service][METRIC]heartBeat,connected count=3
info|2025-12-16 20:04:20.349423|timerFactory-0x000071d261bff640|[RPC][WS][SERVICE]connected nodes,count=0
info|2025-12-16 20:04:21.421820|ioService-0x000071d2747fe640|[P2PService][Service][METRIC]heartBeat,connected count=3
info|2025-12-16 20:04:30.349454|timerFactory-0x000071d261bff640|[RPC][WS][SERVICE]connected nodes,count=0
info|2025-12-16 20:04:31.421857|ioService-0x000071d2747fe640|[P2PService][Service][METRIC]heartBeat,connected count=3
info|2025-12-16 20:04:40.349485|timerFactory-0x000071d261bff640|[RPC][WS][SERVICE]connected nodes,count=0
info|2025-12-16 20:04:41.421888|ioService-0x000071d2747fe640|[P2PService][Service][METRIC]heartBeat,connected count=3
info|2025-12-16 20:04:50.349514|timerFactory-0x000071d261bff640|[RPC][WS][SERVICE]connected nodes,count=0
info|2025-12-16 20:04:51.421974|ioService-0x000071d2747fe640|[P2PService][Service][METRIC]heartBeat,connected count=3
info|2025-12-16 20:04:58.562015|objMonitor-0x000071d24efff640|[startMonitor][AliveObjectMonitor],AliveObjectAllocStat=[ type: bcos::gateway::Socket ,created: 17 ,destroyed: 13 ,alive: 4 ] 
info|2025-12-16 20:05:00.349544|timerFactory-0x000071d261bff640|[RPC][WS][SERVICE]connected nodes,count=0
info|2025-12-16 20:05:01.422010|ioService-0x000071d2747fe640|[P2PService][Service][METRIC]heartBeat,connected count=3
info|2025-12-16 20:05:10.349575|timerFactory-0x000071d261bff640|[RPC][WS][SERVICE]connected nodes,count=0
info|2025-12-16 20:05:11.422076|ioService-0x000071d2747fe640|[P2PService][Service][METRIC]heartBeat,connected count=3
info|2025-12-16 20:05:20.349608|timerFactory-0x000071d261bff640|[RPC][WS][SERVICE]connected nodes,count=0
info|2025-12-16 20:05:21.422098|ioService-0x000071d2747fe640|[P2PService][Service][METRIC]heartBeat,connected count=3
info|2025-12-16 20:05:30.349641|timerFactory-0x000071d261bff640|[RPC][WS][SERVICE]connected nodes,count=0
info|2025-12-16 20:05:31.422118|ioService-0x000071d2747fe640|[P2PService][Service][METRIC]heartBeat,connected count=3
info|2025-12-16 20:05:40.349676|timerFactory-0x000071d261bff640|[RPC][WS][SERVICE]connected nodes,count=0
info|2025-12-16 20:05:41.422153|ioService-0x000071d2747fe640|[P2PService][Service][METRIC]heartBeat,connected count=3
info|2025-12-16 20:05:50.349706|timerFactory-0x000071d261bff640|[RPC][WS][SERVICE]connected nodes,count=0
info|2025-12-16 20:05:51.422224|ioService-0x000071d2747fe640|[P2PService][Service][METRIC]heartBeat,connected count=3
info|2025-12-16 20:05:58.562062|objMonitor-0x000071d24efff640|[startMonitor][AliveObjectMonitor],AliveObjectAllocStat=[ type: bcos::gateway::Socket ,created: 17 ,destroyed: 13 ,alive: 4 ] 
info|2025-12-16 20:06:00.349734|timerFactory-0x000071d261bff640|[RPC][WS][SERVICE]connected nodes,count=0
info|2025-12-16 20:06:01.422250|ioService-0x000071d2747fe640|[P2PService][Service][METRIC]heartBeat,connected count=3
info|2025-12-16 20:06:10.349761|timerFactory-0x000071d261bff640|[RPC][WS][SERVICE]connected nodes,count=0
info|2025-12-16 20:06:11.422276|ioService-0x000071d2747fe640|[P2PService][Service][METRIC]heartBeat,connected count=3
info|2025-12-16 20:06:20.349791|timerFactory-0x000071d261bff640|[RPC][WS][SERVICE]connected nodes,count=0
info|2025-12-16 20:06:21.422327|ioService-0x000071d2747fe640|[P2PService][Service][METRIC]heartBeat,connected count=3
info|2025-12-16 20:06:30.349837|timerFactory-0x000071d261bff640|[RPC][WS][SERVICE]connected nodes,count=0
info|2025-12-16 20:06:31.422408|ioService-0x000071d2747fe640|[P2PService][Service][METRIC]heartBeat,connected count=3
info|2025-12-16 20:06:40.349873|timerFactory-0x000071d261bff640|[RPC][WS][SERVICE]connected nodes,count=0
info|2025-12-16 20:06:41.422476|ioService-0x000071d2747fe640|[P2PService][Service][METRIC]heartBeat,connected count=3
info|2025-12-16 20:06:50.349912|timerFactory-0x000071d261bff640|[RPC][WS][SERVICE]connected nodes,count=0
info|2025-12-16 20:06:51.422495|ioService-0x000071d2747fe640|[P2PService][Service][METRIC]heartBeat,connected count=3
info|2025-12-16 20:06:58.562109|objMonitor-0x000071d24efff640|[startMonitor][AliveObjectMonitor],AliveObjectAllocStat=[ type: bcos::gateway::Socket ,created: 17 ,destroyed: 13 ,alive: 4 ] 
info|2025-12-16 20:07:00.349948|timerFactory-0x000071d261bff640|[RPC][WS][SERVICE]connected nodes,count=0
info|2025-12-16 20:07:01.422571|ioService-0x000071d2747fe640|[P2PService][Service][METRIC]heartBeat,connected count=3
info|2025-12-16 20:07:10.349980|timerFactory-0x000071d261bff640|[RPC][WS][SERVICE]connected nodes,count=0
info|2025-12-16 20:07:11.422598|ioService-0x000071d2747fe640|[P2PService][Service][METRIC]heartBeat,connected count=3
info|2025-12-16 20:07:20.350015|timerFactory-0x000071d261bff640|[RPC][WS][SERVICE]connected nodes,count=0
info|2025-12-16 20:07:21.422626|ioService-0x000071d2747fe640|[P2PService][Service][METRIC]heartBeat,connected count=3
info|2025-12-16 20:07:30.350044|timerFactory-0x000071d261bff640|[RPC][WS][SERVICE]connected nodes,count=0
info|2025-12-16 20:07:31.422651|ioService-0x000071d2747fe640|[P2PService][Service][METRIC]heartBeat,connected count=3
info|2025-12-16 20:07:40.350074|timerFactory-0x000071d261bff640|[RPC][WS][SERVICE]connected nodes,count=0
info|2025-12-16 20:07:41.422709|ioService-0x000071d2747fe640|[P2PService][Service][METRIC]heartBeat,connected count=3
info|2025-12-16 20:07:50.350111|timerFactory-0x000071d261bff640|[RPC][WS][SERVICE]connected nodes,count=0
info|2025-12-16 20:07:51.422736|ioService-0x000071d2747fe640|[P2PService][Service][METRIC]heartBeat,connected count=3
info|2025-12-16 20:07:58.562169|objMonitor-0x000071d24efff640|[startMonitor][AliveObjectMonitor],AliveObjectAllocStat=[ type: bcos::gateway::Socket ,created: 17 ,destroyed: 13 ,alive: 4 ] 
info|2025-12-16 20:08:00.350151|timerFactory-0x000071d261bff640|[RPC][WS][SERVICE]connected nodes,count=0
info|2025-12-16 20:08:01.422755|ioService-0x000071d2747fe640|[P2PService][Service][METRIC]heartBeat,connected count=3
info|2025-12-16 20:08:10.350180|timerFactory-0x000071d261bff640|[RPC][WS][SERVICE]connected nodes,count=0
info|2025-12-16 20:08:11.422794|ioService-0x000071d2747fe640|[P2PService][Service][METRIC]heartBeat,connected count=3
info|2025-12-16 20:08:20.350207|timerFactory-0x000071d261bff640|[RPC][WS][SERVICE]connected nodes,count=0
info|2025-12-16 20:08:21.422848|ioService-0x000071d2747fe640|[P2PService][Service][METRIC]heartBeat,connected count=3
info|2025-12-16 20:08:30.350232|timerFactory-0x000071d261bff640|[RPC][WS][SERVICE]connected nodes,count=0
info|2025-12-16 20:08:31.422886|ioService-0x000071d2747fe640|[P2PService][Service][METRIC]heartBeat,connected count=3
info|2025-12-16 20:08:40.350259|timerFactory-0x000071d261bff640|[RPC][WS][SERVICE]connected nodes,count=0
info|2025-12-16 20:08:41.422910|ioService-0x000071d2747fe640|[P2PService][Service][METRIC]heartBeat,connected count=3
info|2025-12-16 20:08:50.350301|timerFactory-0x000071d261bff640|[RPC][WS][SERVICE]connected nodes,count=0
info|2025-12-16 20:08:51.422957|ioService-0x000071d2747fe640|[P2PService][Service][METRIC]heartBeat,connected count=3
info|2025-12-16 20:08:58.562221|objMonitor-0x000071d24efff640|[startMonitor][AliveObjectMonitor],AliveObjectAllocStat=[ type: bcos::gateway::Socket ,created: 17 ,destroyed: 13 ,alive: 4 ] 
info|2025-12-16 20:09:00.350341|timerFactory-0x000071d261bff640|[RPC][WS][SERVICE]connected nodes,count=0
info|2025-12-16 20:09:01.422997|ioService-0x000071d2747fe640|[P2PService][Service][METRIC]heartBeat,connected count=3
info|2025-12-16 20:09:10.350368|timerFactory-0x000071d261bff640|[RPC][WS][SERVICE]connected nodes,count=0
info|2025-12-16 20:09:11.423026|ioService-0x000071d2747fe640|[P2PService][Service][METRIC]heartBeat,connected count=3
info|2025-12-16 20:09:20.350399|timerFactory-0x000071d261bff640|[RPC][WS][SERVICE]connected nodes,count=0
info|2025-12-16 20:09:21.423056|ioService-0x000071d2747fe640|[P2PService][Service][METRIC]heartBeat,connected count=3
info|2025-12-16 20:09:30.350428|timerFactory-0x000071d261bff640|[RPC][WS][SERVICE]connected nodes,count=0
info|2025-12-16 20:09:31.423092|ioService-0x000071d2747fe640|[P2PService][Service][METRIC]heartBeat,connected count=3
info|2025-12-16 20:09:40.350455|timerFactory-0x000071d261bff640|[RPC][WS][SERVICE]connected nodes,count=0
info|2025-12-16 20:09:41.423176|ioService-0x000071d2747fe640|[P2PService][Service][METRIC]heartBeat,connected count=3
info|2025-12-16 20:09:50.350489|timerFactory-0x000071d261bff640|[RPC][WS][SERVICE]connected nodes,count=0
info|2025-12-16 20:09:51.423249|ioService-0x000071d2747fe640|[P2PService][Service][METRIC]heartBeat,connected count=3
info|2025-12-16 20:09:58.562272|objMonitor-0x000071d24efff640|[startMonitor][AliveObjectMonitor],AliveObjectAllocStat=[ type: bcos::gateway::Socket ,created: 17 ,destroyed: 13 ,alive: 4 ] [ type: bcos::gateway::ResponseCallback ,created: 7966338 ,destroyed: 7966333 ,alive: 5 ] 
info|2025-12-16 20:10:00.350526|timerFactory-0x000071d261bff640|[RPC][WS][SERVICE]connected nodes,count=0
info|2025-12-16 20:10:01.423290|ioService-0x000071d2747fe640|[P2PService][Service][METRIC]heartBeat,connected count=3
info|2025-12-16 20:10:10.350560|timerFactory-0x000071d261bff640|[RPC][WS][SERVICE]connected nodes,count=0
info|2025-12-16 20:10:11.423337|ioService-0x000071d2747fe640|[P2PService][Service][METRIC]heartBeat,connected count=3
info|2025-12-16 20:10:20.350591|timerFactory-0x000071d261bff640|[RPC][WS][SERVICE]connected nodes,count=0
info|2025-12-16 20:10:21.423446|ioService-0x000071d2747fe640|[P2PService][Service][METRIC]heartBeat,connected count=3
info|2025-12-16 20:10:30.350621|timerFactory-0x000071d261bff640|[RPC][WS][SERVICE]connected nodes,count=0
info|2025-12-16 20:10:31.423494|ioService-0x000071d2747fe640|[P2PService][Service][METRIC]heartBeat,connected count=3
info|2025-12-16 20:10:40.350654|timerFactory-0x000071d261bff640|[RPC][WS][SERVICE]connected nodes,count=0
info|2025-12-16 20:10:41.423602|ioService-0x000071d2747fe640|[P2PService][Service][METRIC]heartBeat,connected count=3
info|2025-12-16 20:10:50.350693|timerFactory-0x000071d261bff640|[RPC][WS][SERVICE]connected nodes,count=0
info|2025-12-16 20:10:51.423663|ioService-0x000071d2747fe640|[P2PService][Service][METRIC]heartBeat,connected count=3
info|2025-12-16 20:10:58.562325|objMonitor-0x000071d24efff640|[startMonitor][AliveObjectMonitor],AliveObjectAllocStat=[ type: bcos::gateway::Socket ,created: 17 ,destroyed: 13 ,alive: 4 ] 
info|2025-12-16 20:11:00.350731|timerFactory-0x000071d261bff640|[RPC][WS][SERVICE]connected nodes,count=0
info|2025-12-16 20:11:01.423700|ioService-0x000071d2747fe640|[P2PService][Service][METRIC]heartBeat,connected count=3
info|2025-12-16 20:11:10.350767|timerFactory-0x000071d261bff640|[RPC][WS][SERVICE]connected nodes,count=0
info|2025-12-16 20:11:11.423726|ioService-0x000071d2747fe640|[P2PService][Service][METRIC]heartBeat,connected count=3
info|2025-12-16 20:11:20.350804|timerFactory-0x000071d261bff640|[RPC][WS][SERVICE]connected nodes,count=0
info|2025-12-16 20:11:21.423750|ioService-0x000071d2747fe640|[P2PService][Service][METRIC]heartBeat,connected count=3
info|2025-12-16 20:11:30.350836|timerFactory-0x000071d261bff640|[RPC][WS][SERVICE]connected nodes,count=0
info|2025-12-16 20:11:31.423821|ioService-0x000071d2747fe640|[P2PService][Service][METRIC]heartBeat,connected count=3
info|2025-12-16 20:11:40.350865|timerFactory-0x000071d261bff640|[RPC][WS][SERVICE]connected nodes,count=0
info|2025-12-16 20:11:41.423907|ioService-0x000071d2747fe640|[P2PService][Service][METRIC]heartBeat,connected count=3
info|2025-12-16 20:11:50.350893|timerFactory-0x000071d261bff640|[RPC][WS][SERVICE]connected nodes,count=0
info|2025-12-16 20:11:51.423938|ioService-0x000071d2747fe640|[P2PService][Service][METRIC]heartBeat,connected count=3
info|2025-12-16 20:11:58.562389|objMonitor-0x000071d24efff640|[startMonitor][AliveObjectMonitor],AliveObjectAllocStat=[ type: bcos::gateway::Socket ,created: 17 ,destroyed: 13 ,alive: 4 ] 
info|2025-12-16 20:12:00.350924|timerFactory-0x000071d261bff640|[RPC][WS][SERVICE]connected nodes,count=0
info|2025-12-16 20:12:01.423996|ioService-0x000071d2747fe640|[P2PService][Service][METRIC]heartBeat,connected count=3
info|2025-12-16 20:12:10.350956|timerFactory-0x000071d261bff640|[RPC][WS][SERVICE]connected nodes,count=0
info|2025-12-16 20:12:11.424051|ioService-0x000071d2747fe640|[P2PService][Service][METRIC]heartBeat,connected count=3
info|2025-12-16 20:12:20.350996|timerFactory-0x000071d261bff640|[RPC][WS][SERVICE]connected nodes,count=0
info|2025-12-16 20:12:21.424128|ioService-0x000071d2747fe640|[P2PService][Service][METRIC]heartBeat,connected count=3
info|2025-12-16 20:12:30.351023|timerFactory-0x000071d261bff640|[RPC][WS][SERVICE]connected nodes,count=0
info|2025-12-16 20:12:31.424178|ioService-0x000071d2747fe640|[P2PService][Service][METRIC]heartBeat,connected count=3
info|2025-12-16 20:12:40.351054|timerFactory-0x000071d261bff640|[RPC][WS][SERVICE]connected nodes,count=0
info|2025-12-16 20:12:41.424275|ioService-0x000071d2747fe640|[P2PService][Service][METRIC]heartBeat,connected count=3
info|2025-12-16 20:12:50.351084|timerFactory-0x000071d261bff640|[RPC][WS][SERVICE]connected nodes,count=0
info|2025-12-16 20:12:51.424311|ioService-0x000071d2747fe640|[P2PService][Service][METRIC]heartBeat,connected count=3
info|2025-12-16 20:12:58.562444|objMonitor-0x000071d24efff640|[startMonitor][AliveObjectMonitor],AliveObjectAllocStat=[ type: bcos::gateway::Socket ,created: 17 ,destroyed: 13 ,alive: 4 ] 
info|2025-12-16 20:13:00.351113|timerFactory-0x000071d261bff640|[RPC][WS][SERVICE]connected nodes,count=0
info|2025-12-16 20:13:01.424344|ioService-0x000071d2747fe640|[P2PService][Service][METRIC]heartBeat,connected count=3
info|2025-12-16 20:13:10.351146|timerFactory-0x000071d261bff640|[RPC][WS][SERVICE]connected nodes,count=0
info|2025-12-16 20:13:11.424373|ioService-0x000071d2747fe640|[P2PService][Service][METRIC]heartBeat,connected count=3
info|2025-12-16 20:13:20.351181|timerFactory-0x000071d261bff640|[RPC][WS][SERVICE]connected nodes,count=0
info|2025-12-16 20:13:21.424395|ioService-0x000071d2747fe640|[P2PService][Service][METRIC]heartBeat,connected count=3
info|2025-12-16 20:13:30.351208|timerFactory-0x000071d261bff640|[RPC][WS][SERVICE]connected nodes,count=0
info|2025-12-16 20:13:31.424424|ioService-0x000071d2747fe640|[P2PService][Service][METRIC]heartBeat,connected count=3
info|2025-12-16 20:13:40.351238|timerFactory-0x000071d261bff640|[RPC][WS][SERVICE]connected nodes,count=0
info|2025-12-16 20:13:41.424498|ioService-0x000071d2747fe640|[P2PService][Service][METRIC]heartBeat,connected count=3
info|2025-12-16 20:13:50.351265|timerFactory-0x000071d261bff640|[RPC][WS][SERVICE]connected nodes,count=0
info|2025-12-16 20:13:51.424574|ioService-0x000071d2747fe640|[P2PService][Service][METRIC]heartBeat,connected count=3
info|2025-12-16 20:13:58.562511|objMonitor-0x000071d24efff640|[startMonitor][AliveObjectMonitor],AliveObjectAllocStat=[ type: bcos::gateway::Socket ,created: 17 ,destroyed: 13 ,alive: 4 ] 
info|2025-12-16 20:14:00.351298|timerFactory-0x000071d261bff640|[RPC][WS][SERVICE]connected nodes,count=0
info|2025-12-16 20:14:01.424607|ioService-0x000071d2747fe640|[P2PService][Service][METRIC]heartBeat,connected count=3
info|2025-12-16 20:14:10.351327|timerFactory-0x000071d261bff640|[RPC][WS][SERVICE]connected nodes,count=0
info|2025-12-16 20:14:11.424639|ioService-0x000071d2747fe640|[P2PService][Service][METRIC]heartBeat,connected count=3
info|2025-12-16 20:14:20.351355|timerFactory-0x000071d261bff640|[RPC][WS][SERVICE]connected nodes,count=0
info|2025-12-16 20:14:21.424718|ioService-0x000071d2747fe640|[P2PService][Service][METRIC]heartBeat,connected count=3
info|2025-12-16 20:14:30.351382|timerFactory-0x000071d261bff640|[RPC][WS][SERVICE]connected nodes,count=0
info|2025-12-16 20:14:31.424755|ioService-0x000071d2747fe640|[P2PService][Service][METRIC]heartBeat,connected count=3
info|2025-12-16 20:14:40.351419|timerFactory-0x000071d261bff640|[RPC][WS][SERVICE]connected nodes,count=0
info|2025-12-16 20:14:41.424794|ioService-0x000071d2747fe640|[P2PService][Service][METRIC]heartBeat,connected count=3
info|2025-12-16 20:14:50.351453|timerFactory-0x000071d261bff640|[RPC][WS][SERVICE]connected nodes,count=0
info|2025-12-16 20:14:51.424819|ioService-0x000071d2747fe640|[P2PService][Service][METRIC]heartBeat,connected count=3
info|2025-12-16 20:14:58.562569|objMonitor-0x000071d24efff640|[startMonitor][AliveObjectMonitor],AliveObjectAllocStat=[ type: bcos::gateway::Socket ,created: 17 ,destroyed: 13 ,alive: 4 ] 
info|2025-12-16 20:15:00.351481|timerFactory-0x000071d261bff640|[RPC][WS][SERVICE]connected nodes,count=0
info|2025-12-16 20:15:01.424836|ioService-0x000071d2747fe640|[P2PService][Service][METRIC]heartBeat,connected count=3
info|2025-12-16 20:15:10.351517|timerFactory-0x000071d261bff640|[RPC][WS][SERVICE]connected nodes,count=0
info|2025-12-16 20:15:11.424941|ioService-0x000071d2747fe640|[P2PService][Service][METRIC]heartBeat,connected count=3
info|2025-12-16 20:15:20.351556|timerFactory-0x000071d261bff640|[RPC][WS][SERVICE]connected nodes,count=0
info|2025-12-16 20:15:21.424977|ioService-0x000071d2747fe640|[P2PService][Service][METRIC]heartBeat,connected count=3
info|2025-12-16 20:15:30.351585|timerFactory-0x000071d261bff640|[RPC][WS][SERVICE]connected nodes,count=0
info|2025-12-16 20:15:31.425006|ioService-0x000071d2747fe640|[P2PService][Service][METRIC]heartBeat,connected count=3
info|2025-12-16 20:15:40.351613|timerFactory-0x000071d261bff640|[RPC][WS][SERVICE]connected nodes,count=0
info|2025-12-16 20:15:41.425035|ioService-0x000071d2747fe640|[P2PService][Service][METRIC]heartBeat,connected count=3
info|2025-12-16 20:15:50.351660|timerFactory-0x000071d261bff640|[RPC][WS][SERVICE]connected nodes,count=0
info|2025-12-16 20:15:51.425067|ioService-0x000071d2747fe640|[P2PService][Service][METRIC]heartBeat,connected count=3
info|2025-12-16 20:15:58.562619|objMonitor-0x000071d24efff640|[startMonitor][AliveObjectMonitor],AliveObjectAllocStat=[ type: bcos::gateway::Socket ,created: 17 ,destroyed: 13 ,alive: 4 ] 
info|2025-12-16 20:16:00.351680|timerFactory-0x000071d261bff640|[RPC][WS][SERVICE]connected nodes,count=0
info|2025-12-16 20:16:01.425102|ioService-0x000071d2747fe640|[P2PService][Service][METRIC]heartBeat,connected count=3
info|2025-12-16 20:16:10.351701|timerFactory-0x000071d261bff640|[RPC][WS][SERVICE]connected nodes,count=0
info|2025-12-16 20:16:11.425178|ioService-0x000071d2747fe640|[P2PService][Service][METRIC]heartBeat,connected count=3
info|2025-12-16 20:16:20.351719|timerFactory-0x000071d261bff640|[RPC][WS][SERVICE]connected nodes,count=0
info|2025-12-16 20:16:21.425202|ioService-0x000071d2747fe640|[P2PService][Service][METRIC]heartBeat,connected count=3
info|2025-12-16 20:16:30.351746|timerFactory-0x000071d261bff640|[RPC][WS][SERVICE]connected nodes,count=0
info|2025-12-16 20:16:31.425310|ioService-0x000071d2747fe640|[P2PService][Service][METRIC]heartBeat,connected count=3
info|2025-12-16 20:16:40.351767|timerFactory-0x000071d261bff640|[RPC][WS][SERVICE]connected nodes,count=0
info|2025-12-16 20:16:41.425385|ioService-0x000071d2747fe640|[P2PService][Service][METRIC]heartBeat,connected count=3
info|2025-12-16 20:16:50.351794|timerFactory-0x000071d261bff640|[RPC][WS][SERVICE]connected nodes,count=0
info|2025-12-16 20:16:51.425415|ioService-0x000071d2747fe640|[P2PService][Service][METRIC]heartBeat,connected count=3
info|2025-12-16 20:16:58.562686|objMonitor-0x000071d24efff640|[startMonitor][AliveObjectMonitor],AliveObjectAllocStat=[ type: bcos::gateway::Socket ,created: 17 ,destroyed: 13 ,alive: 4 ] 
info|2025-12-16 20:17:00.351820|timerFactory-0x000071d261bff640|[RPC][WS][SERVICE]connected nodes,count=0
info|2025-12-16 20:17:01.425440|ioService-0x000071d2747fe640|[P2PService][Service][METRIC]heartBeat,connected count=3
info|2025-12-16 20:17:10.351839|timerFactory-0x000071d261bff640|[RPC][WS][SERVICE]connected nodes,count=0
info|2025-12-16 20:17:11.425503|ioService-0x000071d2747fe640|[P2PService][Service][METRIC]heartBeat,connected count=3
info|2025-12-16 20:17:20.351862|timerFactory-0x000071d261bff640|[RPC][WS][SERVICE]connected nodes,count=0
info|2025-12-16 20:17:21.425603|ioService-0x000071d2747fe640|[P2PService][Service][METRIC]heartBeat,connected count=3
info|2025-12-16 20:17:30.351882|timerFactory-0x000071d261bff640|[RPC][WS][SERVICE]connected nodes,count=0
info|2025-12-16 20:17:31.425641|ioService-0x000071d2747fe640|[P2PService][Service][METRIC]heartBeat,connected count=3
info|2025-12-16 20:17:40.351908|timerFactory-0x000071d261bff640|[RPC][WS][SERVICE]connected nodes,count=0
info|2025-12-16 20:17:41.425667|ioService-0x000071d2747fe640|[P2PService][Service][METRIC]heartBeat,connected count=3
info|2025-12-16 20:17:50.351930|timerFactory-0x000071d261bff640|[RPC][WS][SERVICE]connected nodes,count=0
info|2025-12-16 20:17:51.425689|ioService-0x000071d2747fe640|[P2PService][Service][METRIC]heartBeat,connected count=3
info|2025-12-16 20:17:58.562747|objMonitor-0x000071d24efff640|[startMonitor][AliveObjectMonitor],AliveObjectAllocStat=[ type: bcos::gateway::Socket ,created: 17 ,destroyed: 13 ,alive: 4 ] 
info|2025-12-16 20:18:00.351950|timerFactory-0x000071d261bff640|[RPC][WS][SERVICE]connected nodes,count=0
info|2025-12-16 20:18:01.425716|ioService-0x000071d2747fe640|[P2PService][Service][METRIC]heartBeat,connected count=3
info|2025-12-16 20:18:10.351971|timerFactory-0x000071d261bff640|[RPC][WS][SERVICE]connected nodes,count=0
info|2025-12-16 20:18:11.425742|ioService-0x000071d2747fe640|[P2PService][Service][METRIC]heartBeat,connected count=3
info|2025-12-16 20:18:20.351994|timerFactory-0x000071d261bff640|[RPC][WS][SERVICE]connected nodes,count=0
info|2025-12-16 20:18:21.425767|ioService-0x000071d2747fe640|[P2PService][Service][METRIC]heartBeat,connected count=3
info|2025-12-16 20:18:30.352014|timerFactory-0x000071d261bff640|[RPC][WS][SERVICE]connected nodes,count=0
info|2025-12-16 20:18:31.425828|ioService-0x000071d2747fe640|[P2PService][Service][METRIC]heartBeat,connected count=3
info|2025-12-16 20:18:40.352049|timerFactory-0x000071d261bff640|[RPC][WS][SERVICE]connected nodes,count=0
info|2025-12-16 20:18:41.425852|ioService-0x000071d2747fe640|[P2PService][Service][METRIC]heartBeat,connected count=3
info|2025-12-16 20:18:50.352080|timerFactory-0x000071d261bff640|[RPC][WS][SERVICE]connected nodes,count=0
info|2025-12-16 20:18:51.425884|ioService-0x000071d2747fe640|[P2PService][Service][METRIC]heartBeat,connected count=3
info|2025-12-16 20:18:58.562795|objMonitor-0x000071d24efff640|[startMonitor][AliveObjectMonitor],AliveObjectAllocStat=[ type: bcos::gateway::Socket ,created: 17 ,destroyed: 13 ,alive: 4 ] 
info|2025-12-16 20:19:00.352120|timerFactory-0x000071d261bff640|[RPC][WS][SERVICE]connected nodes,count=0
info|2025-12-16 20:19:01.425914|ioService-0x000071d2747fe640|[P2PService][Service][METRIC]heartBeat,connected count=3
info|2025-12-16 20:19:10.352143|timerFactory-0x000071d261bff640|[RPC][WS][SERVICE]connected nodes,count=0
info|2025-12-16 20:19:11.425950|ioService-0x000071d2747fe640|[P2PService][Service][METRIC]heartBeat,connected count=3
info|2025-12-16 20:19:20.352166|timerFactory-0x000071d261bff640|[RPC][WS][SERVICE]connected nodes,count=0
info|2025-12-16 20:19:21.426050|ioService-0x000071d2747fe640|[P2PService][Service][METRIC]heartBeat,connected count=3
info|2025-12-16 20:19:30.352185|timerFactory-0x000071d261bff640|[RPC][WS][SERVICE]connected nodes,count=0
info|2025-12-16 20:19:31.426090|ioService-0x000071d2747fe640|[P2PService][Service][METRIC]heartBeat,connected count=3
info|2025-12-16 20:19:40.352250|timerFactory-0x000071d261bff640|[RPC][WS][SERVICE]connected nodes,count=0
info|2025-12-16 20:19:41.426126|ioService-0x000071d2747fe640|[P2PService][Service][METRIC]heartBeat,connected count=3
info|2025-12-16 20:19:50.352274|timerFactory-0x000071d261bff640|[RPC][WS][SERVICE]connected nodes,count=0
info|2025-12-16 20:19:51.426213|ioService-0x000071d2747fe640|[P2PService][Service][METRIC]heartBeat,connected count=3
info|2025-12-16 20:19:58.562881|objMonitor-0x000071d24efff640|[startMonitor][AliveObjectMonitor],AliveObjectAllocStat=[ type: bcos::gateway::Socket ,created: 17 ,destroyed: 13 ,alive: 4 ] 
info|2025-12-16 20:20:00.352290|timerFactory-0x000071d261bff640|[RPC][WS][SERVICE]connected nodes,count=0
info|2025-12-16 20:20:01.426261|ioService-0x000071d2747fe640|[P2PService][Service][METRIC]heartBeat,connected count=3
info|2025-12-16 20:20:10.352320|timerFactory-0x000071d261bff640|[RPC][WS][SERVICE]connected nodes,count=0
info|2025-12-16 20:20:11.426295|ioService-0x000071d2747fe640|[P2PService][Service][METRIC]heartBeat,connected count=3
info|2025-12-16 20:20:20.352347|timerFactory-0x000071d261bff640|[RPC][WS][SERVICE]connected nodes,count=0
info|2025-12-16 20:20:21.426334|ioService-0x000071d2747fe640|[P2PService][Service][METRIC]heartBeat,connected count=3
info|2025-12-16 20:20:30.352368|timerFactory-0x000071d261bff640|[RPC][WS][SERVICE]connected nodes,count=0
info|2025-12-16 20:20:31.426401|ioService-0x000071d2747fe640|[P2PService][Service][METRIC]heartBeat,connected count=3
info|2025-12-16 20:20:40.352396|timerFactory-0x000071d261bff640|[RPC][WS][SERVICE]connected nodes,count=0
info|2025-12-16 20:20:41.426461|ioService-0x000071d2747fe640|[P2PService][Service][METRIC]heartBeat,connected count=3
info|2025-12-16 20:20:50.352418|timerFactory-0x000071d261bff640|[RPC][WS][SERVICE]connected nodes,count=0
info|2025-12-16 20:20:51.426505|ioService-0x000071d2747fe640|[P2PService][Service][METRIC]heartBeat,connected count=3
info|2025-12-16 20:20:58.562935|objMonitor-0x000071d24efff640|[startMonitor][AliveObjectMonitor],AliveObjectAllocStat=[ type: bcos::gateway::Socket ,created: 17 ,destroyed: 13 ,alive: 4 ] [ type: bcos::gateway::ResponseCallback ,created: 7976229 ,destroyed: 7976224 ,alive: 5 ] 
info|2025-12-16 20:21:00.352436|timerFactory-0x000071d261bff640|[RPC][WS][SERVICE]connected nodes,count=0
info|2025-12-16 20:21:01.426557|ioService-0x000071d2747fe640|[P2PService][Service][METRIC]heartBeat,connected count=3
info|2025-12-16 20:21:10.352460|timerFactory-0x000071d261bff640|[RPC][WS][SERVICE]connected nodes,count=0
info|2025-12-16 20:21:11.426648|ioService-0x000071d2747fe640|[P2PService][Service][METRIC]heartBeat,connected count=3
info|2025-12-16 20:21:20.352488|timerFactory-0x000071d261bff640|[RPC][WS][SERVICE]connected nodes,count=0
info|2025-12-16 20:21:21.426678|ioService-0x000071d2747fe640|[P2PService][Service][METRIC]heartBeat,connected count=3
info|2025-12-16 20:21:30.352513|timerFactory-0x000071d261bff640|[RPC][WS][SERVICE]connected nodes,count=0
info|2025-12-16 20:21:31.426706|ioService-0x000071d2747fe640|[P2PService][Service][METRIC]heartBeat,connected count=3
info|2025-12-16 20:21:40.352537|timerFactory-0x000071d261bff640|[RPC][WS][SERVICE]connected nodes,count=0
info|2025-12-16 20:21:41.426738|ioService-0x000071d2747fe640|[P2PService][Service][METRIC]heartBeat,connected count=3
info|2025-12-16 20:21:50.352562|timerFactory-0x000071d261bff640|[RPC][WS][SERVICE]connected nodes,count=0
info|2025-12-16 20:21:51.426773|ioService-0x000071d2747fe640|[P2PService][Service][METRIC]heartBeat,connected count=3
info|2025-12-16 20:21:58.562983|objMonitor-0x000071d24efff640|[startMonitor][AliveObjectMonitor],AliveObjectAllocStat=[ type: bcos::gateway::Socket ,created: 17 ,destroyed: 13 ,alive: 4 ] 
info|2025-12-16 20:22:00.352587|timerFactory-0x000071d261bff640|[RPC][WS][SERVICE]connected nodes,count=0
info|2025-12-16 20:22:01.426815|ioService-0x000071d2747fe640|[P2PService][Service][METRIC]heartBeat,connected count=3
info|2025-12-16 20:22:10.352614|timerFactory-0x000071d261bff640|[RPC][WS][SERVICE]connected nodes,count=0
info|2025-12-16 20:22:11.426848|ioService-0x000071d2747fe640|[P2PService][Service][METRIC]heartBeat,connected count=3
info|2025-12-16 20:22:20.352644|timerFactory-0x000071d261bff640|[RPC][WS][SERVICE]connected nodes,count=0
info|2025-12-16 20:22:21.426892|ioService-0x000071d2747fe640|[P2PService][Service][METRIC]heartBeat,connected count=3
info|2025-12-16 20:22:30.352671|timerFactory-0x000071d261bff640|[RPC][WS][SERVICE]connected nodes,count=0
info|2025-12-16 20:22:31.426935|ioService-0x000071d2747fe640|[P2PService][Service][METRIC]heartBeat,connected count=3
info|2025-12-16 20:22:40.352715|timerFactory-0x000071d261bff640|[RPC][WS][SERVICE]connected nodes,count=0
info|2025-12-16 20:22:41.426960|ioService-0x000071d2747fe640|[P2PService][Service][METRIC]heartBeat,connected count=3
info|2025-12-16 20:22:50.352796|timerFactory-0x000071d261bff640|[RPC][WS][SERVICE]connected nodes,count=0
info|2025-12-16 20:22:51.426992|ioService-0x000071d2747fe640|[P2PService][Service][METRIC]heartBeat,connected count=3
info|2025-12-16 20:22:58.563037|objMonitor-0x000071d24efff640|[startMonitor][AliveObjectMonitor],AliveObjectAllocStat=[ type: bcos::gateway::Socket ,created: 17 ,destroyed: 13 ,alive: 4 ] 
info|2025-12-16 20:23:00.352817|timerFactory-0x000071d261bff640|[RPC][WS][SERVICE]connected nodes,count=0
info|2025-12-16 20:23:01.427030|ioService-0x000071d2747fe640|[P2PService][Service][METRIC]heartBeat,connected count=3
info|2025-12-16 20:23:10.352840|timerFactory-0x000071d261bff640|[RPC][WS][SERVICE]connected nodes,count=0
info|2025-12-16 20:23:11.427078|ioService-0x000071d2747fe640|[P2PService][Service][METRIC]heartBeat,connected count=3
info|2025-12-16 20:23:20.352864|timerFactory-0x000071d261bff640|[RPC][WS][SERVICE]connected nodes,count=0
info|2025-12-16 20:23:21.427164|ioService-0x000071d2747fe640|[P2PService][Service][METRIC]heartBeat,connected count=3
info|2025-12-16 20:23:30.352889|timerFactory-0x000071d261bff640|[RPC][WS][SERVICE]connected nodes,count=0
info|2025-12-16 20:23:31.427219|ioService-0x000071d2747fe640|[P2PService][Service][METRIC]heartBeat,connected count=3
info|2025-12-16 20:23:40.352922|timerFactory-0x000071d261bff640|[RPC][WS][SERVICE]connected nodes,count=0
info|2025-12-16 20:23:41.427249|ioService-0x000071d2747fe640|[P2PService][Service][METRIC]heartBeat,connected count=3
info|2025-12-16 20:23:50.352956|timerFactory-0x000071d261bff640|[RPC][WS][SERVICE]connected nodes,count=0
info|2025-12-16 20:23:51.427277|ioService-0x000071d2747fe640|[P2PService][Service][METRIC]heartBeat,connected count=3
info|2025-12-16 20:23:58.563080|objMonitor-0x000071d24efff640|[startMonitor][AliveObjectMonitor],AliveObjectAllocStat=[ type: bcos::gateway::Socket ,created: 17 ,destroyed: 13 ,alive: 4 ] 
info|2025-12-16 20:24:00.352987|timerFactory-0x000071d261bff640|[RPC][WS][SERVICE]connected nodes,count=0
info|2025-12-16 20:24:01.427301|ioService-0x000071d2747fe640|[P2PService][Service][METRIC]heartBeat,connected count=3
info|2025-12-16 20:24:10.353014|timerFactory-0x000071d261bff640|[RPC][WS][SERVICE]connected nodes,count=0
info|2025-12-16 20:24:11.427335|ioService-0x000071d2747fe640|[P2PService][Service][METRIC]heartBeat,connected count=3
info|2025-12-16 20:24:20.353044|timerFactory-0x000071d261bff640|[RPC][WS][SERVICE]connected nodes,count=0
info|2025-12-16 20:24:21.427418|ioService-0x000071d2747fe640|[P2PService][Service][METRIC]heartBeat,connected count=3
info|2025-12-16 20:24:30.353066|timerFactory-0x000071d261bff640|[RPC][WS][SERVICE]connected nodes,count=0
info|2025-12-16 20:24:31.427497|ioService-0x000071d2747fe640|[P2PService][Service][METRIC]heartBeat,connected count=3
info|2025-12-16 20:24:40.353089|timerFactory-0x000071d261bff640|[RPC][WS][SERVICE]connected nodes,count=0
info|2025-12-16 20:24:41.427554|ioService-0x000071d2747fe640|[P2PService][Service][METRIC]heartBeat,connected count=3
info|2025-12-16 20:24:50.353113|timerFactory-0x000071d261bff640|[RPC][WS][SERVICE]connected nodes,count=0
info|2025-12-16 20:24:51.427628|ioService-0x000071d2747fe640|[P2PService][Service][METRIC]heartBeat,connected count=3
info|2025-12-16 20:24:58.563124|objMonitor-0x000071d24efff640|[startMonitor][AliveObjectMonitor],AliveObjectAllocStat=[ type: bcos::gateway::Socket ,created: 17 ,destroyed: 13 ,alive: 4 ] [ type: bcos::gateway::ResponseCallback ,created: 7979826 ,destroyed: 7979822 ,alive: 4 ] 
info|2025-12-16 20:25:00.353138|timerFactory-0x000071d261bff640|[RPC][WS][SERVICE]connected nodes,count=0
info|2025-12-16 20:25:01.427669|ioService-0x000071d2747fe640|[P2PService][Service][METRIC]heartBeat,connected count=3
info|2025-12-16 20:25:10.353174|timerFactory-0x000071d261bff640|[RPC][WS][SERVICE]connected nodes,count=0
info|2025-12-16 20:25:11.427720|ioService-0x000071d2747fe640|[P2PService][Service][METRIC]heartBeat,connected count=3
info|2025-12-16 20:25:20.353202|timerFactory-0x000071d261bff640|[RPC][WS][SERVICE]connected nodes,count=0
info|2025-12-16 20:25:21.427767|ioService-0x000071d2747fe640|[P2PService][Service][METRIC]heartBeat,connected count=3
info|2025-12-16 20:25:30.353230|timerFactory-0x000071d261bff640|[RPC][WS][SERVICE]connected nodes,count=0
info|2025-12-16 20:25:31.427818|ioService-0x000071d2747fe640|[P2PService][Service][METRIC]heartBeat,connected count=3
info|2025-12-16 20:25:40.353261|timerFactory-0x000071d261bff640|[RPC][WS][SERVICE]connected nodes,count=0
info|2025-12-16 20:25:41.427860|ioService-0x000071d2747fe640|[P2PService][Service][METRIC]heartBeat,connected count=3
info|2025-12-16 20:25:50.353296|timerFactory-0x000071d261bff640|[RPC][WS][SERVICE]connected nodes,count=0
info|2025-12-16 20:25:51.427890|ioService-0x000071d2747fe640|[P2PService][Service][METRIC]heartBeat,connected count=3
info|2025-12-16 20:25:58.563181|objMonitor-0x000071d24efff640|[startMonitor][AliveObjectMonitor],AliveObjectAllocStat=[ type: bcos::gateway::Socket ,created: 17 ,destroyed: 13 ,alive: 4 ] 
info|2025-12-16 20:26:00.353332|timerFactory-0x000071d261bff640|[RPC][WS][SERVICE]connected nodes,count=0
info|2025-12-16 20:26:01.427919|ioService-0x000071d2747fe640|[P2PService][Service][METRIC]heartBeat,connected count=3
info|2025-12-16 20:26:10.353359|timerFactory-0x000071d261bff640|[RPC][WS][SERVICE]connected nodes,count=0
info|2025-12-16 20:26:11.427959|ioService-0x000071d2747fe640|[P2PService][Service][METRIC]heartBeat,connected count=3
info|2025-12-16 20:26:20.353389|timerFactory-0x000071d261bff640|[RPC][WS][SERVICE]connected nodes,count=0
info|2025-12-16 20:26:21.428000|ioService-0x000071d2747fe640|[P2PService][Service][METRIC]heartBeat,connected count=3
info|2025-12-16 20:26:30.353417|timerFactory-0x000071d261bff640|[RPC][WS][SERVICE]connected nodes,count=0
info|2025-12-16 20:26:31.428064|ioService-0x000071d2747fe640|[P2PService][Service][METRIC]heartBeat,connected count=3
info|2025-12-16 20:26:40.353445|timerFactory-0x000071d261bff640|[RPC][WS][SERVICE]connected nodes,count=0
info|2025-12-16 20:26:41.428158|ioService-0x000071d2747fe640|[P2PService][Service][METRIC]heartBeat,connected count=3
info|2025-12-16 20:26:50.353480|timerFactory-0x000071d261bff640|[RPC][WS][SERVICE]connected nodes,count=0
info|2025-12-16 20:26:51.428216|ioService-0x000071d2747fe640|[P2PService][Service][METRIC]heartBeat,connected count=3
info|2025-12-16 20:26:58.563243|objMonitor-0x000071d24efff640|[startMonitor][AliveObjectMonitor],AliveObjectAllocStat=[ type: bcos::gateway::Socket ,created: 17 ,destroyed: 13 ,alive: 4 ] 
info|2025-12-16 20:27:00.353518|timerFactory-0x000071d261bff640|[RPC][WS][SERVICE]connected nodes,count=0
info|2025-12-16 20:27:01.428302|ioService-0x000071d2747fe640|[P2PService][Service][METRIC]heartBeat,connected count=3
info|2025-12-16 20:27:10.353544|timerFactory-0x000071d261bff640|[RPC][WS][SERVICE]connected nodes,count=0
info|2025-12-16 20:27:11.428379|ioService-0x000071d2747fe640|[P2PService][Service][METRIC]heartBeat,connected count=3
info|2025-12-16 20:27:20.353571|timerFactory-0x000071d261bff640|[RPC][WS][SERVICE]connected nodes,count=0
info|2025-12-16 20:27:21.428472|ioService-0x000071d2747fe640|[P2PService][Service][METRIC]heartBeat,connected count=3
info|2025-12-16 20:27:30.353593|timerFactory-0x000071d261bff640|[RPC][WS][SERVICE]connected nodes,count=0
info|2025-12-16 20:27:31.428549|ioService-0x000071d2747fe640|[P2PService][Service][METRIC]heartBeat,connected count=3
info|2025-12-16 20:27:40.353615|timerFactory-0x000071d261bff640|[RPC][WS][SERVICE]connected nodes,count=0
info|2025-12-16 20:27:41.428576|ioService-0x000071d2747fe640|[P2PService][Service][METRIC]heartBeat,connected count=3
info|2025-12-16 20:27:50.353640|timerFactory-0x000071d261bff640|[RPC][WS][SERVICE]connected nodes,count=0
info|2025-12-16 20:27:51.428605|ioService-0x000071d2747fe640|[P2PService][Service][METRIC]heartBeat,connected count=3
info|2025-12-16 20:27:58.563304|objMonitor-0x000071d24efff640|[startMonitor][AliveObjectMonitor],AliveObjectAllocStat=[ type: bcos::gateway::Socket ,created: 17 ,destroyed: 13 ,alive: 4 ] 
info|2025-12-16 20:28:00.353664|timerFactory-0x000071d261bff640|[RPC][WS][SERVICE]connected nodes,count=0
info|2025-12-16 20:28:01.428632|ioService-0x000071d2747fe640|[P2PService][Service][METRIC]heartBeat,connected count=3
info|2025-12-16 20:28:10.353692|timerFactory-0x000071d261bff640|[RPC][WS][SERVICE]connected nodes,count=0
info|2025-12-16 20:28:11.428692|ioService-0x000071d2747fe640|[P2PService][Service][METRIC]heartBeat,connected count=3
info|2025-12-16 20:28:20.353718|timerFactory-0x000071d261bff640|[RPC][WS][SERVICE]connected nodes,count=0
info|2025-12-16 20:28:21.428741|ioService-0x000071d2747fe640|[P2PService][Service][METRIC]heartBeat,connected count=3
info|2025-12-16 20:28:30.353746|timerFactory-0x000071d261bff640|[RPC][WS][SERVICE]connected nodes,count=0
info|2025-12-16 20:28:31.428783|ioService-0x000071d2747fe640|[P2PService][Service][METRIC]heartBeat,connected count=3
info|2025-12-16 20:28:40.353783|timerFactory-0x000071d261bff640|[RPC][WS][SERVICE]connected nodes,count=0
info|2025-12-16 20:28:41.428820|ioService-0x000071d2747fe640|[P2PService][Service][METRIC]heartBeat,connected count=3
info|2025-12-16 20:28:50.353826|timerFactory-0x000071d261bff640|[RPC][WS][SERVICE]connected nodes,count=0
info|2025-12-16 20:28:51.428892|ioService-0x000071d2747fe640|[P2PService][Service][METRIC]heartBeat,connected count=3
info|2025-12-16 20:28:58.563353|objMonitor-0x000071d24efff640|[startMonitor][AliveObjectMonitor],AliveObjectAllocStat=[ type: bcos::gateway::Socket ,created: 17 ,destroyed: 13 ,alive: 4 ] 
info|2025-12-16 20:29:00.353868|timerFactory-0x000071d261bff640|[RPC][WS][SERVICE]connected nodes,count=0
info|2025-12-16 20:29:01.428921|ioService-0x000071d2747fe640|[P2PService][Service][METRIC]heartBeat,connected count=3
info|2025-12-16 20:29:10.353969|timerFactory-0x000071d261bff640|[RPC][WS][SERVICE]connected nodes,count=0
info|2025-12-16 20:29:11.428967|ioService-0x000071d2747fe640|[P2PService][Service][METRIC]heartBeat,connected count=3
info|2025-12-16 20:29:20.353997|timerFactory-0x000071d261bff640|[RPC][WS][SERVICE]connected nodes,count=0
info|2025-12-16 20:29:21.429011|ioService-0x000071d2747fe640|[P2PService][Service][METRIC]heartBeat,connected count=3
info|2025-12-16 20:29:30.354021|timerFactory-0x000071d261bff640|[RPC][WS][SERVICE]connected nodes,count=0
info|2025-12-16 20:29:31.429040|ioService-0x000071d2747fe640|[P2PService][Service][METRIC]heartBeat,connected count=3
info|2025-12-16 20:29:40.354046|timerFactory-0x000071d261bff640|[RPC][WS][SERVICE]connected nodes,count=0
info|2025-12-16 20:29:41.429106|ioService-0x000071d2747fe640|[P2PService][Service][METRIC]heartBeat,connected count=3
info|2025-12-16 20:29:50.354073|timerFactory-0x000071d261bff640|[RPC][WS][SERVICE]connected nodes,count=0
info|2025-12-16 20:29:51.429135|ioService-0x000071d2747fe640|[P2PService][Service][METRIC]heartBeat,connected count=3
info|2025-12-16 20:29:58.563404|objMonitor-0x000071d24efff640|[startMonitor][AliveObjectMonitor],AliveObjectAllocStat=[ type: bcos::gateway::Socket ,created: 17 ,destroyed: 13 ,alive: 4 ] 
info|2025-12-16 20:30:00.354103|timerFactory-0x000071d261bff640|[RPC][WS][SERVICE]connected nodes,count=0
info|2025-12-16 20:30:01.429159|ioService-0x000071d2747fe640|[P2PService][Service][METRIC]heartBeat,connected count=3
info|2025-12-16 20:30:10.354130|timerFactory-0x000071d261bff640|[RPC][WS][SERVICE]connected nodes,count=0
info|2025-12-16 20:30:11.429185|ioService-0x000071d2747fe640|[P2PService][Service][METRIC]heartBeat,connected count=3
info|2025-12-16 20:30:20.354162|timerFactory-0x000071d261bff640|[RPC][WS][SERVICE]connected nodes,count=0
info|2025-12-16 20:30:21.429224|ioService-0x000071d2747fe640|[P2PService][Service][METRIC]heartBeat,connected count=3
info|2025-12-16 20:30:30.354191|timerFactory-0x000071d261bff640|[RPC][WS][SERVICE]connected nodes,count=0
info|2025-12-16 20:30:31.429262|ioService-0x000071d2747fe640|[P2PService][Service][METRIC]heartBeat,connected count=3
info|2025-12-16 20:30:40.354240|timerFactory-0x000071d261bff640|[RPC][WS][SERVICE]connected nodes,count=0
info|2025-12-16 20:30:41.429312|ioService-0x000071d2747fe640|[P2PService][Service][METRIC]heartBeat,connected count=3
info|2025-12-16 20:30:50.354284|timerFactory-0x000071d261bff640|[RPC][WS][SERVICE]connected nodes,count=0
info|2025-12-16 20:30:51.429403|ioService-0x000071d2747fe640|[P2PService][Service][METRIC]heartBeat,connected count=3
info|2025-12-16 20:30:58.563449|objMonitor-0x000071d24efff640|[startMonitor][AliveObjectMonitor],AliveObjectAllocStat=[ type: bcos::gateway::Socket ,created: 17 ,destroyed: 13 ,alive: 4 ] 
info|2025-12-16 20:31:00.354339|timerFactory-0x000071d261bff640|[RPC][WS][SERVICE]connected nodes,count=0
info|2025-12-16 20:31:01.429442|ioService-0x000071d2747fe640|[P2PService][Service][METRIC]heartBeat,connected count=3
info|2025-12-16 20:31:10.354393|timerFactory-0x000071d261bff640|[RPC][WS][SERVICE]connected nodes,count=0
info|2025-12-16 20:31:11.429490|ioService-0x000071d2747fe640|[P2PService][Service][METRIC]heartBeat,connected count=3
info|2025-12-16 20:31:20.354432|timerFactory-0x000071d261bff640|[RPC][WS][SERVICE]connected nodes,count=0
info|2025-12-16 20:31:21.429529|ioService-0x000071d2747fe640|[P2PService][Service][METRIC]heartBeat,connected count=3
info|2025-12-16 20:31:30.354475|timerFactory-0x000071d261bff640|[RPC][WS][SERVICE]connected nodes,count=0
info|2025-12-16 20:31:31.429562|ioService-0x000071d2747fe640|[P2PService][Service][METRIC]heartBeat,connected count=3
info|2025-12-16 20:31:40.354501|timerFactory-0x000071d261bff640|[RPC][WS][SERVICE]connected nodes,count=0
info|2025-12-16 20:31:41.429604|ioService-0x000071d2747fe640|[P2PService][Service][METRIC]heartBeat,connected count=3
info|2025-12-16 20:31:50.354524|timerFactory-0x000071d261bff640|[RPC][WS][SERVICE]connected nodes,count=0
info|2025-12-16 20:31:51.429649|ioService-0x000071d2747fe640|[P2PService][Service][METRIC]heartBeat,connected count=3
info|2025-12-16 20:31:58.563495|objMonitor-0x000071d24efff640|[startMonitor][AliveObjectMonitor],AliveObjectAllocStat=[ type: bcos::gateway::Socket ,created: 17 ,destroyed: 13 ,alive: 4 ] 
info|2025-12-16 20:32:00.354592|timerFactory-0x000071d261bff640|[RPC][WS][SERVICE]connected nodes,count=0
info|2025-12-16 20:32:01.429720|ioService-0x000071d2747fe640|[P2PService][Service][METRIC]heartBeat,connected count=3
info|2025-12-16 20:32:10.354624|timerFactory-0x000071d261bff640|[RPC][WS][SERVICE]connected nodes,count=0
info|2025-12-16 20:32:11.429759|ioService-0x000071d2747fe640|[P2PService][Service][METRIC]heartBeat,connected count=3
info|2025-12-16 20:32:20.354659|timerFactory-0x000071d261bff640|[RPC][WS][SERVICE]connected nodes,count=0
info|2025-12-16 20:32:21.429851|ioService-0x000071d2747fe640|[P2PService][Service][METRIC]heartBeat,connected count=3
info|2025-12-16 20:32:30.354683|timerFactory-0x000071d261bff640|[RPC][WS][SERVICE]connected nodes,count=0
info|2025-12-16 20:32:31.429900|ioService-0x000071d2747fe640|[P2PService][Service][METRIC]heartBeat,connected count=3
info|2025-12-16 20:32:40.354711|timerFactory-0x000071d261bff640|[RPC][WS][SERVICE]connected nodes,count=0
info|2025-12-16 20:32:41.429961|ioService-0x000071d2747fe640|[P2PService][Service][METRIC]heartBeat,connected count=3
info|2025-12-16 20:32:50.354740|timerFactory-0x000071d261bff640|[RPC][WS][SERVICE]connected nodes,count=0
info|2025-12-16 20:32:51.429994|ioService-0x000071d2747fe640|[P2PService][Service][METRIC]heartBeat,connected count=3
info|2025-12-16 20:32:58.563547|objMonitor-0x000071d24efff640|[startMonitor][AliveObjectMonitor],AliveObjectAllocStat=[ type: bcos::gateway::Socket ,created: 17 ,destroyed: 13 ,alive: 4 ] 
info|2025-12-16 20:33:00.354767|timerFactory-0x000071d261bff640|[RPC][WS][SERVICE]connected nodes,count=0
info|2025-12-16 20:33:01.430016|ioService-0x000071d2747fe640|[P2PService][Service][METRIC]heartBeat,connected count=3
info|2025-12-16 20:33:10.354798|timerFactory-0x000071d261bff640|[RPC][WS][SERVICE]connected nodes,count=0
info|2025-12-16 20:33:11.430043|ioService-0x000071d2747fe640|[P2PService][Service][METRIC]heartBeat,connected count=3
info|2025-12-16 20:33:20.354825|timerFactory-0x000071d261bff640|[RPC][WS][SERVICE]connected nodes,count=0
info|2025-12-16 20:33:21.430105|ioService-0x000071d2747fe640|[P2PService][Service][METRIC]heartBeat,connected count=3
info|2025-12-16 20:33:30.354848|timerFactory-0x000071d261bff640|[RPC][WS][SERVICE]connected nodes,count=0
info|2025-12-16 20:33:31.430169|ioService-0x000071d2747fe640|[P2PService][Service][METRIC]heartBeat,connected count=3
info|2025-12-16 20:33:40.354883|timerFactory-0x000071d261bff640|[RPC][WS][SERVICE]connected nodes,count=0
info|2025-12-16 20:33:41.430204|ioService-0x000071d2747fe640|[P2PService][Service][METRIC]heartBeat,connected count=3
info|2025-12-16 20:33:50.354936|timerFactory-0x000071d261bff640|[RPC][WS][SERVICE]connected nodes,count=0
info|2025-12-16 20:33:51.430232|ioService-0x000071d2747fe640|[P2PService][Service][METRIC]heartBeat,connected count=3
info|2025-12-16 20:33:58.563597|objMonitor-0x000071d24efff640|[startMonitor][AliveObjectMonitor],AliveObjectAllocStat=[ type: bcos::gateway::Socket ,created: 17 ,destroyed: 13 ,alive: 4 ] 
info|2025-12-16 20:34:00.354980|timerFactory-0x000071d261bff640|[RPC][WS][SERVICE]connected nodes,count=0
info|2025-12-16 20:34:01.430264|ioService-0x000071d2747fe640|[P2PService][Service][METRIC]heartBeat,connected count=3
info|2025-12-16 20:34:10.355014|timerFactory-0x000071d261bff640|[RPC][WS][SERVICE]connected nodes,count=0
info|2025-12-16 20:34:11.430320|ioService-0x000071d2747fe640|[P2PService][Service][METRIC]heartBeat,connected count=3
info|2025-12-16 20:34:20.355065|timerFactory-0x000071d261bff640|[RPC][WS][SERVICE]connected nodes,count=0
info|2025-12-16 20:34:21.430373|ioService-0x000071d2747fe640|[P2PService][Service][METRIC]heartBeat,connected count=3
info|2025-12-16 20:34:30.355114|timerFactory-0x000071d261bff640|[RPC][WS][SERVICE]connected nodes,count=0
info|2025-12-16 20:34:31.430417|ioService-0x000071d2747fe640|[P2PService][Service][METRIC]heartBeat,connected count=3
info|2025-12-16 20:34:40.355150|timerFactory-0x000071d261bff640|[RPC][WS][SERVICE]connected nodes,count=0
info|2025-12-16 20:34:41.430454|ioService-0x000071d2747fe640|[P2PService][Service][METRIC]heartBeat,connected count=3
info|2025-12-16 20:34:50.355219|timerFactory-0x000071d261bff640|[RPC][WS][SERVICE]connected nodes,count=0
info|2025-12-16 20:34:51.430483|ioService-0x000071d2747fe640|[P2PService][Service][METRIC]heartBeat,connected count=3
info|2025-12-16 20:34:58.563695|objMonitor-0x000071d24efff640|[startMonitor][AliveObjectMonitor],AliveObjectAllocStat=[ type: bcos::gateway::Socket ,created: 17 ,destroyed: 13 ,alive: 4 ] 
info|2025-12-16 20:35:00.355244|timerFactory-0x000071d261bff640|[RPC][WS][SERVICE]connected nodes,count=0
info|2025-12-16 20:35:01.430533|ioService-0x000071d2747fe640|[P2PService][Service][METRIC]heartBeat,connected count=3
info|2025-12-16 20:35:10.355270|timerFactory-0x000071d261bff640|[RPC][WS][SERVICE]connected nodes,count=0
info|2025-12-16 20:35:11.430584|ioService-0x000071d2747fe640|[P2PService][Service][METRIC]heartBeat,connected count=3
info|2025-12-16 20:35:20.355298|timerFactory-0x000071d261bff640|[RPC][WS][SERVICE]connected nodes,count=0
info|2025-12-16 20:35:21.430615|ioService-0x000071d2747fe640|[P2PService][Service][METRIC]heartBeat,connected count=3
info|2025-12-16 20:35:30.355323|timerFactory-0x000071d261bff640|[RPC][WS][SERVICE]connected nodes,count=0
info|2025-12-16 20:35:31.430688|ioService-0x000071d2747fe640|[P2PService][Service][METRIC]heartBeat,connected count=3
info|2025-12-16 20:35:40.355347|timerFactory-0x000071d261bff640|[RPC][WS][SERVICE]connected nodes,count=0
info|2025-12-16 20:35:41.430740|ioService-0x000071d2747fe640|[P2PService][Service][METRIC]heartBeat,connected count=3
info|2025-12-16 20:35:50.355371|timerFactory-0x000071d261bff640|[RPC][WS][SERVICE]connected nodes,count=0
info|2025-12-16 20:35:51.430784|ioService-0x000071d2747fe640|[P2PService][Service][METRIC]heartBeat,connected count=3
info|2025-12-16 20:35:58.563737|objMonitor-0x000071d24efff640|[startMonitor][AliveObjectMonitor],AliveObjectAllocStat=[ type: bcos::gateway::Socket ,created: 17 ,destroyed: 13 ,alive: 4 ] 
info|2025-12-16 20:36:00.355399|timerFactory-0x000071d261bff640|[RPC][WS][SERVICE]connected nodes,count=0
info|2025-12-16 20:36:01.430831|ioService-0x000071d2747fe640|[P2PService][Service][METRIC]heartBeat,connected count=3
info|2025-12-16 20:36:10.355426|timerFactory-0x000071d261bff640|[RPC][WS][SERVICE]connected nodes,count=0
info|2025-12-16 20:36:11.430914|ioService-0x000071d2747fe640|[P2PService][Service][METRIC]heartBeat,connected count=3
info|2025-12-16 20:36:20.355455|timerFactory-0x000071d261bff640|[RPC][WS][SERVICE]connected nodes,count=0
info|2025-12-16 20:36:21.430954|ioService-0x000071d2747fe640|[P2PService][Service][METRIC]heartBeat,connected count=3
info|2025-12-16 20:36:30.355490|timerFactory-0x000071d261bff640|[RPC][WS][SERVICE]connected nodes,count=0
info|2025-12-16 20:36:31.430988|ioService-0x000071d2747fe640|[P2PService][Service][METRIC]heartBeat,connected count=3
info|2025-12-16 20:36:40.355520|timerFactory-0x000071d261bff640|[RPC][WS][SERVICE]connected nodes,count=0
info|2025-12-16 20:36:41.431055|ioService-0x000071d2747fe640|[P2PService][Service][METRIC]heartBeat,connected count=3
info|2025-12-16 20:36:50.355581|timerFactory-0x000071d261bff640|[RPC][WS][SERVICE]connected nodes,count=0
info|2025-12-16 20:36:51.431081|ioService-0x000071d2747fe640|[P2PService][Service][METRIC]heartBeat,connected count=3
info|2025-12-16 20:36:58.563777|objMonitor-0x000071d24efff640|[startMonitor][AliveObjectMonitor],AliveObjectAllocStat=[ type: bcos::gateway::Socket ,created: 17 ,destroyed: 13 ,alive: 4 ] 
info|2025-12-16 20:37:00.355646|timerFactory-0x000071d261bff640|[RPC][WS][SERVICE]connected nodes,count=0
info|2025-12-16 20:37:01.431121|ioService-0x000071d2747fe640|[P2PService][Service][METRIC]heartBeat,connected count=3
info|2025-12-16 20:37:10.355682|timerFactory-0x000071d261bff640|[RPC][WS][SERVICE]connected nodes,count=0
info|2025-12-16 20:37:11.431165|ioService-0x000071d2747fe640|[P2PService][Service][METRIC]heartBeat,connected count=3
info|2025-12-16 20:37:20.355734|timerFactory-0x000071d261bff640|[RPC][WS][SERVICE]connected nodes,count=0
info|2025-12-16 20:37:21.431195|ioService-0x000071d2747fe640|[P2PService][Service][METRIC]heartBeat,connected count=3
info|2025-12-16 20:37:30.355768|timerFactory-0x000071d261bff640|[RPC][WS][SERVICE]connected nodes,count=0
info|2025-12-16 20:37:31.431229|ioService-0x000071d2747fe640|[P2PService][Service][METRIC]heartBeat,connected count=3
info|2025-12-16 20:37:40.355793|timerFactory-0x000071d261bff640|[RPC][WS][SERVICE]connected nodes,count=0
info|2025-12-16 20:37:41.431271|ioService-0x000071d2747fe640|[P2PService][Service][METRIC]heartBeat,connected count=3
info|2025-12-16 20:37:50.355829|timerFactory-0x000071d261bff640|[RPC][WS][SERVICE]connected nodes,count=0
info|2025-12-16 20:37:51.431306|ioService-0x000071d2747fe640|[P2PService][Service][METRIC]heartBeat,connected count=3
info|2025-12-16 20:37:58.563822|objMonitor-0x000071d24efff640|[startMonitor][AliveObjectMonitor],AliveObjectAllocStat=[ type: bcos::gateway::Socket ,created: 17 ,destroyed: 13 ,alive: 4 ] 
info|2025-12-16 20:38:00.355867|timerFactory-0x000071d261bff640|[RPC][WS][SERVICE]connected nodes,count=0
info|2025-12-16 20:38:01.431338|ioService-0x000071d2747fe640|[P2PService][Service][METRIC]heartBeat,connected count=3
info|2025-12-16 20:38:10.355894|timerFactory-0x000071d261bff640|[RPC][WS][SERVICE]connected nodes,count=0
info|2025-12-16 20:38:11.431383|ioService-0x000071d2747fe640|[P2PService][Service][METRIC]heartBeat,connected count=3
info|2025-12-16 20:38:20.355922|timerFactory-0x000071d261bff640|[RPC][WS][SERVICE]connected nodes,count=0
info|2025-12-16 20:38:21.431436|ioService-0x000071d2747fe640|[P2PService][Service][METRIC]heartBeat,connected count=3
info|2025-12-16 20:38:30.355956|timerFactory-0x000071d261bff640|[RPC][WS][SERVICE]connected nodes,count=0
info|2025-12-16 20:38:31.431478|ioService-0x000071d2747fe640|[P2PService][Service][METRIC]heartBeat,connected count=3
info|2025-12-16 20:38:40.355999|timerFactory-0x000071d261bff640|[RPC][WS][SERVICE]connected nodes,count=0
info|2025-12-16 20:38:41.431549|ioService-0x000071d2747fe640|[P2PService][Service][METRIC]heartBeat,connected count=3
info|2025-12-16 20:38:50.356038|timerFactory-0x000071d261bff640|[RPC][WS][SERVICE]connected nodes,count=0
info|2025-12-16 20:38:51.431593|ioService-0x000071d2747fe640|[P2PService][Service][METRIC]heartBeat,connected count=3
info|2025-12-16 20:38:58.563864|objMonitor-0x000071d24efff640|[startMonitor][AliveObjectMonitor],AliveObjectAllocStat=[ type: bcos::gateway::Socket ,created: 17 ,destroyed: 13 ,alive: 4 ] 
info|2025-12-16 20:39:00.356090|timerFactory-0x000071d261bff640|[RPC][WS][SERVICE]connected nodes,count=0
info|2025-12-16 20:39:01.431639|ioService-0x000071d2747fe640|[P2PService][Service][METRIC]heartBeat,connected count=3
info|2025-12-16 20:39:10.356172|timerFactory-0x000071d261bff640|[RPC][WS][SERVICE]connected nodes,count=0
info|2025-12-16 20:39:11.431698|ioService-0x000071d2747fe640|[P2PService][Service][METRIC]heartBeat,connected count=3
info|2025-12-16 20:39:20.356197|timerFactory-0x000071d261bff640|[RPC][WS][SERVICE]connected nodes,count=0
info|2025-12-16 20:39:21.431749|ioService-0x000071d2747fe640|[P2PService][Service][METRIC]heartBeat,connected count=3
info|2025-12-16 20:39:30.356227|timerFactory-0x000071d261bff640|[RPC][WS][SERVICE]connected nodes,count=0
info|2025-12-16 20:39:31.431800|ioService-0x000071d2747fe640|[P2PService][Service][METRIC]heartBeat,connected count=3
info|2025-12-16 20:39:40.356254|timerFactory-0x000071d261bff640|[RPC][WS][SERVICE]connected nodes,count=0
info|2025-12-16 20:39:41.431844|ioService-0x000071d2747fe640|[P2PService][Service][METRIC]heartBeat,connected count=3
info|2025-12-16 20:39:50.356280|timerFactory-0x000071d261bff640|[RPC][WS][SERVICE]connected nodes,count=0
info|2025-12-16 20:39:51.431874|ioService-0x000071d2747fe640|[P2PService][Service][METRIC]heartBeat,connected count=3
info|2025-12-16 20:39:58.563903|objMonitor-0x000071d24efff640|[startMonitor][AliveObjectMonitor],AliveObjectAllocStat=[ type: bcos::gateway::Socket ,created: 17 ,destroyed: 13 ,alive: 4 ] 
info|2025-12-16 20:40:00.356302|timerFactory-0x000071d261bff640|[RPC][WS][SERVICE]connected nodes,count=0
info|2025-12-16 20:40:01.431910|ioService-0x000071d2747fe640|[P2PService][Service][METRIC]heartBeat,connected count=3
info|2025-12-16 20:40:10.356328|timerFactory-0x000071d261bff640|[RPC][WS][SERVICE]connected nodes,count=0
info|2025-12-16 20:40:11.431976|ioService-0x000071d2747fe640|[P2PService][Service][METRIC]heartBeat,connected count=3
info|2025-12-16 20:40:20.356360|timerFactory-0x000071d261bff640|[RPC][WS][SERVICE]connected nodes,count=0
info|2025-12-16 20:40:21.432067|ioService-0x000071d2747fe640|[P2PService][Service][METRIC]heartBeat,connected count=3
info|2025-12-16 20:40:30.356392|timerFactory-0x000071d261bff640|[RPC][WS][SERVICE]connected nodes,count=0
info|2025-12-16 20:40:31.432129|ioService-0x000071d2747fe640|[P2PService][Service][METRIC]heartBeat,connected count=3
info|2025-12-16 20:40:40.356429|timerFactory-0x000071d261bff640|[RPC][WS][SERVICE]connected nodes,count=0
info|2025-12-16 20:40:41.432167|ioService-0x000071d2747fe640|[P2PService][Service][METRIC]heartBeat,connected count=3
info|2025-12-16 20:40:50.356454|timerFactory-0x000071d261bff640|[RPC][WS][SERVICE]connected nodes,count=0
info|2025-12-16 20:40:51.432194|ioService-0x000071d2747fe640|[P2PService][Service][METRIC]heartBeat,connected count=3
info|2025-12-16 20:40:58.563949|objMonitor-0x000071d24efff640|[startMonitor][AliveObjectMonitor],AliveObjectAllocStat=[ type: bcos::gateway::Socket ,created: 17 ,destroyed: 13 ,alive: 4 ] 
info|2025-12-16 20:41:00.356532|timerFactory-0x000071d261bff640|[RPC][WS][SERVICE]connected nodes,count=0
info|2025-12-16 20:41:01.432224|ioService-0x000071d2747fe640|[P2PService][Service][METRIC]heartBeat,connected count=3
info|2025-12-16 20:41:10.356568|timerFactory-0x000071d261bff640|[RPC][WS][SERVICE]connected nodes,count=0
info|2025-12-16 20:41:11.432255|ioService-0x000071d2747fe640|[P2PService][Service][METRIC]heartBeat,connected count=3
info|2025-12-16 20:41:20.356591|timerFactory-0x000071d261bff640|[RPC][WS][SERVICE]connected nodes,count=0
info|2025-12-16 20:41:21.432290|ioService-0x000071d2747fe640|[P2PService][Service][METRIC]heartBeat,connected count=3
info|2025-12-16 20:41:30.356614|timerFactory-0x000071d261bff640|[RPC][WS][SERVICE]connected nodes,count=0
info|2025-12-16 20:41:31.432331|ioService-0x000071d2747fe640|[P2PService][Service][METRIC]heartBeat,connected count=3
info|2025-12-16 20:41:40.356655|timerFactory-0x000071d261bff640|[RPC][WS][SERVICE]connected nodes,count=0
info|2025-12-16 20:41:41.432408|ioService-0x000071d2747fe640|[P2PService][Service][METRIC]heartBeat,connected count=3
info|2025-12-16 20:41:50.356691|timerFactory-0x000071d261bff640|[RPC][WS][SERVICE]connected nodes,count=0
info|2025-12-16 20:41:51.432450|ioService-0x000071d2747fe640|[P2PService][Service][METRIC]heartBeat,connected count=3
info|2025-12-16 20:41:58.563994|objMonitor-0x000071d24efff640|[startMonitor][AliveObjectMonitor],AliveObjectAllocStat=[ type: bcos::gateway::Socket ,created: 17 ,destroyed: 13 ,alive: 4 ] 
info|2025-12-16 20:42:00.356728|timerFactory-0x000071d261bff640|[RPC][WS][SERVICE]connected nodes,count=0
info|2025-12-16 20:42:01.432499|ioService-0x000071d2747fe640|[P2PService][Service][METRIC]heartBeat,connected count=3
info|2025-12-16 20:42:10.356812|timerFactory-0x000071d261bff640|[RPC][WS][SERVICE]connected nodes,count=0
info|2025-12-16 20:42:11.432558|ioService-0x000071d2747fe640|[P2PService][Service][METRIC]heartBeat,connected count=3
info|2025-12-16 20:42:20.356847|timerFactory-0x000071d261bff640|[RPC][WS][SERVICE]connected nodes,count=0
info|2025-12-16 20:42:21.432612|ioService-0x000071d2747fe640|[P2PService][Service][METRIC]heartBeat,connected count=3
info|2025-12-16 20:42:30.356876|timerFactory-0x000071d261bff640|[RPC][WS][SERVICE]connected nodes,count=0
info|2025-12-16 20:42:31.432660|ioService-0x000071d2747fe640|[P2PService][Service][METRIC]heartBeat,connected count=3
info|2025-12-16 20:42:40.356902|timerFactory-0x000071d261bff640|[RPC][WS][SERVICE]connected nodes,count=0
info|2025-12-16 20:42:41.432703|ioService-0x000071d2747fe640|[P2PService][Service][METRIC]heartBeat,connected count=3
info|2025-12-16 20:42:50.356927|timerFactory-0x000071d261bff640|[RPC][WS][SERVICE]connected nodes,count=0
info|2025-12-16 20:42:51.432739|ioService-0x000071d2747fe640|[P2PService][Service][METRIC]heartBeat,connected count=3
info|2025-12-16 20:42:58.564102|objMonitor-0x000071d24efff640|[startMonitor][AliveObjectMonitor],AliveObjectAllocStat=[ type: bcos::gateway::Socket ,created: 17 ,destroyed: 13 ,alive: 4 ] 
info|2025-12-16 20:43:00.356957|timerFactory-0x000071d261bff640|[RPC][WS][SERVICE]connected nodes,count=0
info|2025-12-16 20:43:01.432786|ioService-0x000071d2747fe640|[P2PService][Service][METRIC]heartBeat,connected count=3
info|2025-12-16 20:43:10.356999|timerFactory-0x000071d261bff640|[RPC][WS][SERVICE]connected nodes,count=0
info|2025-12-16 20:43:11.432843|ioService-0x000071d2747fe640|[P2PService][Service][METRIC]heartBeat,connected count=3
info|2025-12-16 20:43:20.357043|timerFactory-0x000071d261bff640|[RPC][WS][SERVICE]connected nodes,count=0
info|2025-12-16 20:43:21.432889|ioService-0x000071d2747fe640|[P2PService][Service][METRIC]heartBeat,connected count=3
info|2025-12-16 20:43:30.357073|timerFactory-0x000071d261bff640|[RPC][WS][SERVICE]connected nodes,count=0
info|2025-12-16 20:43:31.432933|ioService-0x000071d2747fe640|[P2PService][Service][METRIC]heartBeat,connected count=3
info|2025-12-16 20:43:40.357096|timerFactory-0x000071d261bff640|[RPC][WS][SERVICE]connected nodes,count=0
info|2025-12-16 20:43:41.433018|ioService-0x000071d2747fe640|[P2PService][Service][METRIC]heartBeat,connected count=3
info|2025-12-16 20:43:50.357120|timerFactory-0x000071d261bff640|[RPC][WS][SERVICE]connected nodes,count=0
info|2025-12-16 20:43:51.433110|ioService-0x000071d2747fe640|[P2PService][Service][METRIC]heartBeat,connected count=3
info|2025-12-16 20:43:58.564146|objMonitor-0x000071d24efff640|[startMonitor][AliveObjectMonitor],AliveObjectAllocStat=[ type: bcos::gateway::Socket ,created: 17 ,destroyed: 13 ,alive: 4 ] 
info|2025-12-16 20:44:00.357152|timerFactory-0x000071d261bff640|[RPC][WS][SERVICE]connected nodes,count=0
info|2025-12-16 20:44:01.433140|ioService-0x000071d2747fe640|[P2PService][Service][METRIC]heartBeat,connected count=3
info|2025-12-16 20:44:10.357180|timerFactory-0x000071d261bff640|[RPC][WS][SERVICE]connected nodes,count=0
info|2025-12-16 20:44:11.433170|ioService-0x000071d2747fe640|[P2PService][Service][METRIC]heartBeat,connected count=3
info|2025-12-16 20:44:20.357208|timerFactory-0x000071d261bff640|[RPC][WS][SERVICE]connected nodes,count=0
info|2025-12-16 20:44:21.433241|ioService-0x000071d2747fe640|[P2PService][Service][METRIC]heartBeat,connected count=3
info|2025-12-16 20:44:30.357255|timerFactory-0x000071d261bff640|[RPC][WS][SERVICE]connected nodes,count=0
info|2025-12-16 20:44:31.433267|ioService-0x000071d2747fe640|[P2PService][Service][METRIC]heartBeat,connected count=3
info|2025-12-16 20:44:40.357303|timerFactory-0x000071d261bff640|[RPC][WS][SERVICE]connected nodes,count=0
info|2025-12-16 20:44:41.433331|ioService-0x000071d2747fe640|[P2PService][Service][METRIC]heartBeat,connected count=3
info|2025-12-16 20:44:50.357335|timerFactory-0x000071d261bff640|[RPC][WS][SERVICE]connected nodes,count=0
info|2025-12-16 20:44:51.433363|ioService-0x000071d2747fe640|[P2PService][Service][METRIC]heartBeat,connected count=3
info|2025-12-16 20:44:58.564229|objMonitor-0x000071d24efff640|[startMonitor][AliveObjectMonitor],AliveObjectAllocStat=[ type: bcos::gateway::Socket ,created: 17 ,destroyed: 13 ,alive: 4 ] 
info|2025-12-16 20:45:00.357367|timerFactory-0x000071d261bff640|[RPC][WS][SERVICE]connected nodes,count=0
info|2025-12-16 20:45:01.433387|ioService-0x000071d2747fe640|[P2PService][Service][METRIC]heartBeat,connected count=3
info|2025-12-16 20:45:10.357392|timerFactory-0x000071d261bff640|[RPC][WS][SERVICE]connected nodes,count=0
info|2025-12-16 20:45:11.433408|ioService-0x000071d2747fe640|[P2PService][Service][METRIC]heartBeat,connected count=3
info|2025-12-16 20:45:20.357417|timerFactory-0x000071d261bff640|[RPC][WS][SERVICE]connected nodes,count=0
info|2025-12-16 20:45:21.433439|ioService-0x000071d2747fe640|[P2PService][Service][METRIC]heartBeat,connected count=3
info|2025-12-16 20:45:30.357447|timerFactory-0x000071d261bff640|[RPC][WS][SERVICE]connected nodes,count=0
info|2025-12-16 20:45:31.433515|ioService-0x000071d2747fe640|[P2PService][Service][METRIC]heartBeat,connected count=3
info|2025-12-16 20:45:40.357485|timerFactory-0x000071d261bff640|[RPC][WS][SERVICE]connected nodes,count=0
info|2025-12-16 20:45:41.433558|ioService-0x000071d2747fe640|[P2PService][Service][METRIC]heartBeat,connected count=3
info|2025-12-16 20:45:50.357546|timerFactory-0x000071d261bff640|[RPC][WS][SERVICE]connected nodes,count=0
info|2025-12-16 20:45:51.433593|ioService-0x000071d2747fe640|[P2PService][Service][METRIC]heartBeat,connected count=3
info|2025-12-16 20:45:58.564289|objMonitor-0x000071d24efff640|[startMonitor][AliveObjectMonitor],AliveObjectAllocStat=[ type: bcos::gateway::Socket ,created: 17 ,destroyed: 13 ,alive: 4 ] 
info|2025-12-16 20:46:00.357610|timerFactory-0x000071d261bff640|[RPC][WS][SERVICE]connected nodes,count=0
info|2025-12-16 20:46:01.433648|ioService-0x000071d2747fe640|[P2PService][Service][METRIC]heartBeat,connected count=3
info|2025-12-16 20:46:10.357634|timerFactory-0x000071d261bff640|[RPC][WS][SERVICE]connected nodes,count=0
info|2025-12-16 20:46:11.433677|ioService-0x000071d2747fe640|[P2PService][Service][METRIC]heartBeat,connected count=3
info|2025-12-16 20:46:20.357668|timerFactory-0x000071d261bff640|[RPC][WS][SERVICE]connected nodes,count=0
info|2025-12-16 20:46:21.433697|ioService-0x000071d2747fe640|[P2PService][Service][METRIC]heartBeat,connected count=3
info|2025-12-16 20:46:30.357702|timerFactory-0x000071d261bff640|[RPC][WS][SERVICE]connected nodes,count=0
info|2025-12-16 20:46:31.433731|ioService-0x000071d2747fe640|[P2PService][Service][METRIC]heartBeat,connected count=3
info|2025-12-16 20:46:40.357726|timerFactory-0x000071d261bff640|[RPC][WS][SERVICE]connected nodes,count=0
info|2025-12-16 20:46:41.433815|ioService-0x000071d2747fe640|[P2PService][Service][METRIC]heartBeat,connected count=3
info|2025-12-16 20:46:50.357771|timerFactory-0x000071d261bff640|[RPC][WS][SERVICE]connected nodes,count=0
info|2025-12-16 20:46:51.433842|ioService-0x000071d2747fe640|[P2PService][Service][METRIC]heartBeat,connected count=3
info|2025-12-16 20:46:58.564351|objMonitor-0x000071d24efff640|[startMonitor][AliveObjectMonitor],AliveObjectAllocStat=[ type: bcos::gateway::Socket ,created: 17 ,destroyed: 13 ,alive: 4 ] 
info|2025-12-16 20:47:00.357821|timerFactory-0x000071d261bff640|[RPC][WS][SERVICE]connected nodes,count=0
info|2025-12-16 20:47:01.433862|ioService-0x000071d2747fe640|[P2PService][Service][METRIC]heartBeat,connected count=3
info|2025-12-16 20:47:10.357848|timerFactory-0x000071d261bff640|[RPC][WS][SERVICE]connected nodes,count=0
info|2025-12-16 20:47:11.433896|ioService-0x000071d2747fe640|[P2PService][Service][METRIC]heartBeat,connected count=3
info|2025-12-16 20:47:20.357874|timerFactory-0x000071d261bff640|[RPC][WS][SERVICE]connected nodes,count=0
info|2025-12-16 20:47:21.433928|ioService-0x000071d2747fe640|[P2PService][Service][METRIC]heartBeat,connected count=3
info|2025-12-16 20:47:30.357899|timerFactory-0x000071d261bff640|[RPC][WS][SERVICE]connected nodes,count=0
info|2025-12-16 20:47:31.433973|ioService-0x000071d2747fe640|[P2PService][Service][METRIC]heartBeat,connected count=3
info|2025-12-16 20:47:40.357926|timerFactory-0x000071d261bff640|[RPC][WS][SERVICE]connected nodes,count=0
info|2025-12-16 20:47:41.434023|ioService-0x000071d2747fe640|[P2PService][Service][METRIC]heartBeat,connected count=3
info|2025-12-16 20:47:50.357957|timerFactory-0x000071d261bff640|[RPC][WS][SERVICE]connected nodes,count=0
info|2025-12-16 20:47:51.434060|ioService-0x000071d2747fe640|[P2PService][Service][METRIC]heartBeat,connected count=3
info|2025-12-16 20:47:58.564398|objMonitor-0x000071d24efff640|[startMonitor][AliveObjectMonitor],AliveObjectAllocStat=[ type: bcos::gateway::Socket ,created: 17 ,destroyed: 13 ,alive: 4 ] 
info|2025-12-16 20:48:00.357989|timerFactory-0x000071d261bff640|[RPC][WS][SERVICE]connected nodes,count=0
info|2025-12-16 20:48:01.434086|ioService-0x000071d2747fe640|[P2PService][Service][METRIC]heartBeat,connected count=3
info|2025-12-16 20:48:10.358023|timerFactory-0x000071d261bff640|[RPC][WS][SERVICE]connected nodes,count=0
info|2025-12-16 20:48:11.434151|ioService-0x000071d2747fe640|[P2PService][Service][METRIC]heartBeat,connected count=3
info|2025-12-16 20:48:20.358073|timerFactory-0x000071d261bff640|[RPC][WS][SERVICE]connected nodes,count=0
info|2025-12-16 20:48:21.434186|ioService-0x000071d2747fe640|[P2PService][Service][METRIC]heartBeat,connected count=3
info|2025-12-16 20:48:30.358119|timerFactory-0x000071d261bff640|[RPC][WS][SERVICE]connected nodes,count=0
info|2025-12-16 20:48:31.434216|ioService-0x000071d2747fe640|[P2PService][Service][METRIC]heartBeat,connected count=3
info|2025-12-16 20:48:40.358152|timerFactory-0x000071d261bff640|[RPC][WS][SERVICE]connected nodes,count=0
info|2025-12-16 20:48:41.434309|ioService-0x000071d2747fe640|[P2PService][Service][METRIC]heartBeat,connected count=3
info|2025-12-16 20:48:50.358178|timerFactory-0x000071d261bff640|[RPC][WS][SERVICE]connected nodes,count=0
info|2025-12-16 20:48:51.434415|ioService-0x000071d2747fe640|[P2PService][Service][METRIC]heartBeat,connected count=3
info|2025-12-16 20:48:58.564450|objMonitor-0x000071d24efff640|[startMonitor][AliveObjectMonitor],AliveObjectAllocStat=[ type: bcos::gateway::Socket ,created: 17 ,destroyed: 13 ,alive: 4 ] 
info|2025-12-16 20:49:00.358214|timerFactory-0x000071d261bff640|[RPC][WS][SERVICE]connected nodes,count=0
info|2025-12-16 20:49:01.434480|ioService-0x000071d2747fe640|[P2PService][Service][METRIC]heartBeat,connected count=3
info|2025-12-16 20:49:10.358246|timerFactory-0x000071d261bff640|[RPC][WS][SERVICE]connected nodes,count=0
info|2025-12-16 20:49:11.434523|ioService-0x000071d2747fe640|[P2PService][Service][METRIC]heartBeat,connected count=3
info|2025-12-16 20:49:20.358274|timerFactory-0x000071d261bff640|[RPC][WS][SERVICE]connected nodes,count=0
info|2025-12-16 20:49:21.434602|ioService-0x000071d2747fe640|[P2PService][Service][METRIC]heartBeat,connected count=3
info|2025-12-16 20:49:30.358305|timerFactory-0x000071d261bff640|[RPC][WS][SERVICE]connected nodes,count=0
info|2025-12-16 20:49:31.434647|ioService-0x000071d2747fe640|[P2PService][Service][METRIC]heartBeat,connected count=3
info|2025-12-16 20:49:40.358338|timerFactory-0x000071d261bff640|[RPC][WS][SERVICE]connected nodes,count=0
info|2025-12-16 20:49:41.434709|ioService-0x000071d2747fe640|[P2PService][Service][METRIC]heartBeat,connected count=3
info|2025-12-16 20:49:50.358361|timerFactory-0x000071d261bff640|[RPC][WS][SERVICE]connected nodes,count=0
info|2025-12-16 20:49:51.434769|ioService-0x000071d2747fe640|[P2PService][Service][METRIC]heartBeat,connected count=3
info|2025-12-16 20:49:58.564494|objMonitor-0x000071d24efff640|[startMonitor][AliveObjectMonitor],AliveObjectAllocStat=[ type: bcos::gateway::Socket ,created: 17 ,destroyed: 13 ,alive: 4 ] 
info|2025-12-16 20:50:00.358382|timerFactory-0x000071d261bff640|[RPC][WS][SERVICE]connected nodes,count=0
info|2025-12-16 20:50:01.434808|ioService-0x000071d2747fe640|[P2PService][Service][METRIC]heartBeat,connected count=3
info|2025-12-16 20:50:10.358405|timerFactory-0x000071d261bff640|[RPC][WS][SERVICE]connected nodes,count=0
info|2025-12-16 20:50:11.434842|ioService-0x000071d2747fe640|[P2PService][Service][METRIC]heartBeat,connected count=3
info|2025-12-16 20:50:20.358432|timerFactory-0x000071d261bff640|[RPC][WS][SERVICE]connected nodes,count=0
info|2025-12-16 20:50:21.434879|ioService-0x000071d2747fe640|[P2PService][Service][METRIC]heartBeat,connected count=3
info|2025-12-16 20:50:30.358459|timerFactory-0x000071d261bff640|[RPC][WS][SERVICE]connected nodes,count=0
info|2025-12-16 20:50:31.434944|ioService-0x000071d2747fe640|[P2PService][Service][METRIC]heartBeat,connected count=3
info|2025-12-16 20:50:40.358493|timerFactory-0x000071d261bff640|[RPC][WS][SERVICE]connected nodes,count=0
info|2025-12-16 20:50:41.434985|ioService-0x000071d2747fe640|[P2PService][Service][METRIC]heartBeat,connected count=3
info|2025-12-16 20:50:50.358524|timerFactory-0x000071d261bff640|[RPC][WS][SERVICE]connected nodes,count=0
info|2025-12-16 20:50:51.435018|ioService-0x000071d2747fe640|[P2PService][Service][METRIC]heartBeat,connected count=3
info|2025-12-16 20:50:58.564537|objMonitor-0x000071d24efff640|[startMonitor][AliveObjectMonitor],AliveObjectAllocStat=[ type: bcos::gateway::Socket ,created: 17 ,destroyed: 13 ,alive: 4 ] [ type: bcos::gateway::ResponseCallback ,created: 8003205 ,destroyed: 8003201 ,alive: 4 ] 
info|2025-12-16 20:51:00.358546|timerFactory-0x000071d261bff640|[RPC][WS][SERVICE]connected nodes,count=0
info|2025-12-16 20:51:01.435094|ioService-0x000071d2747fe640|[P2PService][Service][METRIC]heartBeat,connected count=3
info|2025-12-16 20:51:10.358568|timerFactory-0x000071d261bff640|[RPC][WS][SERVICE]connected nodes,count=0
info|2025-12-16 20:51:11.435173|ioService-0x000071d2747fe640|[P2PService][Service][METRIC]heartBeat,connected count=3
info|2025-12-16 20:51:20.358596|timerFactory-0x000071d261bff640|[RPC][WS][SERVICE]connected nodes,count=0
info|2025-12-16 20:51:21.435205|ioService-0x000071d2747fe640|[P2PService][Service][METRIC]heartBeat,connected count=3
info|2025-12-16 20:51:30.358635|timerFactory-0x000071d261bff640|[RPC][WS][SERVICE]connected nodes,count=0
info|2025-12-16 20:51:31.435235|ioService-0x000071d2747fe640|[P2PService][Service][METRIC]heartBeat,connected count=3
info|2025-12-16 20:51:40.358679|timerFactory-0x000071d261bff640|[RPC][WS][SERVICE]connected nodes,count=0
info|2025-12-16 20:51:41.435265|ioService-0x000071d2747fe640|[P2PService][Service][METRIC]heartBeat,connected count=3
info|2025-12-16 20:51:50.358711|timerFactory-0x000071d261bff640|[RPC][WS][SERVICE]connected nodes,count=0
info|2025-12-16 20:51:51.435293|ioService-0x000071d2747fe640|[P2PService][Service][METRIC]heartBeat,connected count=3
info|2025-12-16 20:51:58.564591|objMonitor-0x000071d24efff640|[startMonitor][AliveObjectMonitor],AliveObjectAllocStat=[ type: bcos::gateway::Socket ,created: 17 ,destroyed: 13 ,alive: 4 ] 
info|2025-12-16 20:52:00.358738|timerFactory-0x000071d261bff640|[RPC][WS][SERVICE]connected nodes,count=0
info|2025-12-16 20:52:01.435325|ioService-0x000071d2747fe640|[P2PService][Service][METRIC]heartBeat,connected count=3
info|2025-12-16 20:52:10.358778|timerFactory-0x000071d261bff640|[RPC][WS][SERVICE]connected nodes,count=0
info|2025-12-16 20:52:11.435401|ioService-0x000071d2747fe640|[P2PService][Service][METRIC]heartBeat,connected count=3
info|2025-12-16 20:52:20.358815|timerFactory-0x000071d261bff640|[RPC][WS][SERVICE]connected nodes,count=0
info|2025-12-16 20:52:21.435446|ioService-0x000071d2747fe640|[P2PService][Service][METRIC]heartBeat,connected count=3
info|2025-12-16 20:52:30.358839|timerFactory-0x000071d261bff640|[RPC][WS][SERVICE]connected nodes,count=0
info|2025-12-16 20:52:31.435473|ioService-0x000071d2747fe640|[P2PService][Service][METRIC]heartBeat,connected count=3
info|2025-12-16 20:52:40.358864|timerFactory-0x000071d261bff640|[RPC][WS][SERVICE]connected nodes,count=0
info|2025-12-16 20:52:41.435506|ioService-0x000071d2747fe640|[P2PService][Service][METRIC]heartBeat,connected count=3
info|2025-12-16 20:52:50.358900|timerFactory-0x000071d261bff640|[RPC][WS][SERVICE]connected nodes,count=0
info|2025-12-16 20:52:51.435541|ioService-0x000071d2747fe640|[P2PService][Service][METRIC]heartBeat,connected count=3
info|2025-12-16 20:52:58.564691|objMonitor-0x000071d24efff640|[startMonitor][AliveObjectMonitor],AliveObjectAllocStat=[ type: bcos::gateway::Socket ,created: 17 ,destroyed: 13 ,alive: 4 ] 
info|2025-12-16 20:53:00.358934|timerFactory-0x000071d261bff640|[RPC][WS][SERVICE]connected nodes,count=0
info|2025-12-16 20:53:01.435579|ioService-0x000071d2747fe640|[P2PService][Service][METRIC]heartBeat,connected count=3
info|2025-12-16 20:53:10.359012|timerFactory-0x000071d261bff640|[RPC][WS][SERVICE]connected nodes,count=0
info|2025-12-16 20:53:11.435650|ioService-0x000071d2747fe640|[P2PService][Service][METRIC]heartBeat,connected count=3
info|2025-12-16 20:53:20.359047|timerFactory-0x000071d261bff640|[RPC][WS][SERVICE]connected nodes,count=0
info|2025-12-16 20:53:21.435681|ioService-0x000071d2747fe640|[P2PService][Service][METRIC]heartBeat,connected count=3
info|2025-12-16 20:53:30.359081|timerFactory-0x000071d261bff640|[RPC][WS][SERVICE]connected nodes,count=0
info|2025-12-16 20:53:31.435714|ioService-0x000071d2747fe640|[P2PService][Service][METRIC]heartBeat,connected count=3
info|2025-12-16 20:53:40.359112|timerFactory-0x000071d261bff640|[RPC][WS][SERVICE]connected nodes,count=0
info|2025-12-16 20:53:41.435748|ioService-0x000071d2747fe640|[P2PService][Service][METRIC]heartBeat,connected count=3
info|2025-12-16 20:53:50.359134|timerFactory-0x000071d261bff640|[RPC][WS][SERVICE]connected nodes,count=0
info|2025-12-16 20:53:51.435818|ioService-0x000071d2747fe640|[P2PService][Service][METRIC]heartBeat,connected count=3
info|2025-12-16 20:53:58.564733|objMonitor-0x000071d24efff640|[startMonitor][AliveObjectMonitor],AliveObjectAllocStat=[ type: bcos::gateway::Socket ,created: 17 ,destroyed: 13 ,alive: 4 ] 
info|2025-12-16 20:54:00.359180|timerFactory-0x000071d261bff640|[RPC][WS][SERVICE]connected nodes,count=0
info|2025-12-16 20:54:01.435870|ioService-0x000071d2747fe640|[P2PService][Service][METRIC]heartBeat,connected count=3
info|2025-12-16 20:54:10.359326|timerFactory-0x000071d261bff640|[RPC][WS][SERVICE]connected nodes,count=0
info|2025-12-16 20:54:11.435908|ioService-0x000071d2747fe640|[P2PService][Service][METRIC]heartBeat,connected count=3
info|2025-12-16 20:54:20.359367|timerFactory-0x000071d261bff640|[RPC][WS][SERVICE]connected nodes,count=0
info|2025-12-16 20:54:21.435959|ioService-0x000071d2747fe640|[P2PService][Service][METRIC]heartBeat,connected count=3
info|2025-12-16 20:54:30.359401|timerFactory-0x000071d261bff640|[RPC][WS][SERVICE]connected nodes,count=0
info|2025-12-16 20:54:31.435998|ioService-0x000071d2747fe640|[P2PService][Service][METRIC]heartBeat,connected count=3
info|2025-12-16 20:54:40.359437|timerFactory-0x000071d261bff640|[RPC][WS][SERVICE]connected nodes,count=0
info|2025-12-16 20:54:41.436054|ioService-0x000071d2747fe640|[P2PService][Service][METRIC]heartBeat,connected count=3
info|2025-12-16 20:54:50.359478|timerFactory-0x000071d261bff640|[RPC][WS][SERVICE]connected nodes,count=0
info|2025-12-16 20:54:51.436108|ioService-0x000071d2747fe640|[P2PService][Service][METRIC]heartBeat,connected count=3
info|2025-12-16 20:54:58.564772|objMonitor-0x000071d24efff640|[startMonitor][AliveObjectMonitor],AliveObjectAllocStat=[ type: bcos::gateway::Socket ,created: 17 ,destroyed: 13 ,alive: 4 ] 
info|2025-12-16 20:55:00.359567|timerFactory-0x000071d261bff640|[RPC][WS][SERVICE]connected nodes,count=0
info|2025-12-16 20:55:01.436162|ioService-0x000071d2747fe640|[P2PService][Service][METRIC]heartBeat,connected count=3
info|2025-12-16 20:55:10.359608|timerFactory-0x000071d261bff640|[RPC][WS][SERVICE]connected nodes,count=0
info|2025-12-16 20:55:11.436223|ioService-0x000071d2747fe640|[P2PService][Service][METRIC]heartBeat,connected count=3
info|2025-12-16 20:55:20.359671|timerFactory-0x000071d261bff640|[RPC][WS][SERVICE]connected nodes,count=0
info|2025-12-16 20:55:21.436274|ioService-0x000071d2747fe640|[P2PService][Service][METRIC]heartBeat,connected count=3
info|2025-12-16 20:55:30.359734|timerFactory-0x000071d261bff640|[RPC][WS][SERVICE]connected nodes,count=0
info|2025-12-16 20:55:31.436309|ioService-0x000071d2747fe640|[P2PService][Service][METRIC]heartBeat,connected count=3
info|2025-12-16 20:55:40.359821|timerFactory-0x000071d261bff640|[RPC][WS][SERVICE]connected nodes,count=0
info|2025-12-16 20:55:41.436348|ioService-0x000071d2747fe640|[P2PService][Service][METRIC]heartBeat,connected count=3
info|2025-12-16 20:55:50.359869|timerFactory-0x000071d261bff640|[RPC][WS][SERVICE]connected nodes,count=0
info|2025-12-16 20:55:51.436378|ioService-0x000071d2747fe640|[P2PService][Service][METRIC]heartBeat,connected count=3
info|2025-12-16 20:55:58.564821|objMonitor-0x000071d24efff640|[startMonitor][AliveObjectMonitor],AliveObjectAllocStat=[ type: bcos::gateway::Socket ,created: 17 ,destroyed: 13 ,alive: 4 ] 
info|2025-12-16 20:56:00.359910|timerFactory-0x000071d261bff640|[RPC][WS][SERVICE]connected nodes,count=0
info|2025-12-16 20:56:01.436441|ioService-0x000071d2747fe640|[P2PService][Service][METRIC]heartBeat,connected count=3
info|2025-12-16 20:56:10.359949|timerFactory-0x000071d261bff640|[RPC][WS][SERVICE]connected nodes,count=0
info|2025-12-16 20:56:11.436474|ioService-0x000071d2747fe640|[P2PService][Service][METRIC]heartBeat,connected count=3
info|2025-12-16 20:56:20.359987|timerFactory-0x000071d261bff640|[RPC][WS][SERVICE]connected nodes,count=0
info|2025-12-16 20:56:21.436500|ioService-0x000071d2747fe640|[P2PService][Service][METRIC]heartBeat,connected count=3
info|2025-12-16 20:56:30.360025|timerFactory-0x000071d261bff640|[RPC][WS][SERVICE]connected nodes,count=0
info|2025-12-16 20:56:31.436529|ioService-0x000071d2747fe640|[P2PService][Service][METRIC]heartBeat,connected count=3
info|2025-12-16 20:56:40.360077|timerFactory-0x000071d261bff640|[RPC][WS][SERVICE]connected nodes,count=0
info|2025-12-16 20:56:41.436557|ioService-0x000071d2747fe640|[P2PService][Service][METRIC]heartBeat,connected count=3
info|2025-12-16 20:56:50.360133|timerFactory-0x000071d261bff640|[RPC][WS][SERVICE]connected nodes,count=0
info|2025-12-16 20:56:51.436585|ioService-0x000071d2747fe640|[P2PService][Service][METRIC]heartBeat,connected count=3
info|2025-12-16 20:56:58.564868|objMonitor-0x000071d24efff640|[startMonitor][AliveObjectMonitor],AliveObjectAllocStat=[ type: bcos::gateway::Socket ,created: 17 ,destroyed: 13 ,alive: 4 ] 
info|2025-12-16 20:57:00.360193|timerFactory-0x000071d261bff640|[RPC][WS][SERVICE]connected nodes,count=0
info|2025-12-16 20:57:01.436618|ioService-0x000071d2747fe640|[P2PService][Service][METRIC]heartBeat,connected count=3
info|2025-12-16 20:57:10.360249|timerFactory-0x000071d261bff640|[RPC][WS][SERVICE]connected nodes,count=0
info|2025-12-16 20:57:11.436657|ioService-0x000071d2747fe640|[P2PService][Service][METRIC]heartBeat,connected count=3
info|2025-12-16 20:57:20.360292|timerFactory-0x000071d261bff640|[RPC][WS][SERVICE]connected nodes,count=0
info|2025-12-16 20:57:21.436691|ioService-0x000071d2747fe640|[P2PService][Service][METRIC]heartBeat,connected count=3
info|2025-12-16 20:57:30.360326|timerFactory-0x000071d261bff640|[RPC][WS][SERVICE]connected nodes,count=0
info|2025-12-16 20:57:31.436729|ioService-0x000071d2747fe640|[P2PService][Service][METRIC]heartBeat,connected count=3
info|2025-12-16 20:57:40.360360|timerFactory-0x000071d261bff640|[RPC][WS][SERVICE]connected nodes,count=0
info|2025-12-16 20:57:41.436773|ioService-0x000071d2747fe640|[P2PService][Service][METRIC]heartBeat,connected count=3
info|2025-12-16 20:57:50.360390|timerFactory-0x000071d261bff640|[RPC][WS][SERVICE]connected nodes,count=0
info|2025-12-16 20:57:51.436807|ioService-0x000071d2747fe640|[P2PService][Service][METRIC]heartBeat,connected count=3
info|2025-12-16 20:57:58.564916|objMonitor-0x000071d24efff640|[startMonitor][AliveObjectMonitor],AliveObjectAllocStat=[ type: bcos::gateway::Socket ,created: 17 ,destroyed: 13 ,alive: 4 ] 
info|2025-12-16 20:58:00.360420|timerFactory-0x000071d261bff640|[RPC][WS][SERVICE]connected nodes,count=0
info|2025-12-16 20:58:01.436842|ioService-0x000071d2747fe640|[P2PService][Service][METRIC]heartBeat,connected count=3
info|2025-12-16 20:58:10.360451|timerFactory-0x000071d261bff640|[RPC][WS][SERVICE]connected nodes,count=0
info|2025-12-16 20:58:11.436885|ioService-0x000071d2747fe640|[P2PService][Service][METRIC]heartBeat,connected count=3
info|2025-12-16 20:58:20.360494|timerFactory-0x000071d261bff640|[RPC][WS][SERVICE]connected nodes,count=0
info|2025-12-16 20:58:21.436927|ioService-0x000071d2747fe640|[P2PService][Service][METRIC]heartBeat,connected count=3
info|2025-12-16 20:58:30.360576|timerFactory-0x000071d261bff640|[RPC][WS][SERVICE]connected nodes,count=0
info|2025-12-16 20:58:31.436980|ioService-0x000071d2747fe640|[P2PService][Service][METRIC]heartBeat,connected count=3
info|2025-12-16 20:58:40.360605|timerFactory-0x000071d261bff640|[RPC][WS][SERVICE]connected nodes,count=0
info|2025-12-16 20:58:41.437032|ioService-0x000071d2747fe640|[P2PService][Service][METRIC]heartBeat,connected count=3
info|2025-12-16 20:58:50.360666|timerFactory-0x000071d261bff640|[RPC][WS][SERVICE]connected nodes,count=0
info|2025-12-16 20:58:51.437090|ioService-0x000071d2747fe640|[P2PService][Service][METRIC]heartBeat,connected count=3
info|2025-12-16 20:58:58.564965|objMonitor-0x000071d24efff640|[startMonitor][AliveObjectMonitor],AliveObjectAllocStat=[ type: bcos::gateway::Socket ,created: 17 ,destroyed: 13 ,alive: 4 ] 
info|2025-12-16 20:59:00.360701|timerFactory-0x000071d261bff640|[RPC][WS][SERVICE]connected nodes,count=0
info|2025-12-16 20:59:01.437190|ioService-0x000071d2747fe640|[P2PService][Service][METRIC]heartBeat,connected count=3
info|2025-12-16 20:59:10.360770|timerFactory-0x000071d261bff640|[RPC][WS][SERVICE]connected nodes,count=0
info|2025-12-16 20:59:11.437232|ioService-0x000071d2747fe640|[P2PService][Service][METRIC]heartBeat,connected count=3
info|2025-12-16 20:59:20.360807|timerFactory-0x000071d261bff640|[RPC][WS][SERVICE]connected nodes,count=0
info|2025-12-16 20:59:21.437260|ioService-0x000071d2747fe640|[P2PService][Service][METRIC]heartBeat,connected count=3
info|2025-12-16 20:59:30.360840|timerFactory-0x000071d261bff640|[RPC][WS][SERVICE]connected nodes,count=0
info|2025-12-16 20:59:31.437283|ioService-0x000071d2747fe640|[P2PService][Service][METRIC]heartBeat,connected count=3
info|2025-12-16 20:59:40.360890|timerFactory-0x000071d261bff640|[RPC][WS][SERVICE]connected nodes,count=0
info|2025-12-16 20:59:41.437314|ioService-0x000071d2747fe640|[P2PService][Service][METRIC]heartBeat,connected count=3
info|2025-12-16 20:59:50.360933|timerFactory-0x000071d261bff640|[RPC][WS][SERVICE]connected nodes,count=0
info|2025-12-16 20:59:51.437340|ioService-0x000071d2747fe640|[P2PService][Service][METRIC]heartBeat,connected count=3
info|2025-12-16 20:59:58.565020|objMonitor-0x000071d24efff640|[startMonitor][AliveObjectMonitor],AliveObjectAllocStat=[ type: bcos::gateway::Socket ,created: 17 ,destroyed: 13 ,alive: 4 ] 
