info|2026-02-06 13:59:59.802167|fisco-bcos-0x00007fbe2275ca00|[INITIALIZER]initGlobalConfig
info|2026-02-06 13:59:59.803954|fisco-bcos-0x00007fbe2275ca00|[NodeConfig][METRIC]loadChainConfig,smCrypto=false,chainId=chain0,groupId=group0,blockLimit=1000
info|2026-02-06 13:59:59.803985|fisco-bcos-0x00007fbe2275ca00|[NodeConfig]loadWeb3ChainConfig,web3ChainID=20200
info|2026-02-06 13:59:59.804008|fisco-bcos-0x00007fbe2275ca00|[NodeConfig][parseConsensusNodeList],sectionName=consensus,nodeId=2346c69c46d42278eb237167eb19eb28432b63783cc0fd7cddc90f89c148e755db8941be9b0c5f37cbc21c409a78c154abc75ce0c80818c6fbb76aea6bcd0a9a,weight=1
info|2026-02-06 13:59:59.804546|fisco-bcos-0x00007fbe2275ca00|[NodeConfig][parseConsensusNodeList],sectionName=consensus,nodeId=21a47acec36f73d8e925a7d5db44793f998e1a42a6d7ee2e3a5cf4037b853452cb76f6cbab8e5b223a128e8ee15790d1f629858b47070b4eb2e1ddb2b0ada297,weight=1
info|2026-02-06 13:59:59.804561|fisco-bcos-0x00007fbe2275ca00|[NodeConfig][parseConsensusNodeList],sectionName=consensus,nodeId=0d6a7f52cb87ce7fda869e0db309ec9c53723c46f81632c21e4abbf1a9159f14d53f37cc0c4141548da9ec877d6235afd7a501c40d296fc4c5252a8717aa23c2,weight=1
info|2026-02-06 13:59:59.804568|fisco-bcos-0x00007fbe2275ca00|[NodeConfig][parseConsensusNodeList],sectionName=consensus,nodeId=5b07d12d1512a66493c8fd3456d8c505e6ce05f20061613a4c48a1fa3755bbf9cc2d2f1878c4a6733389f03deb0a3fc0c672e2f4910fde9802d6675929cb3dc5,weight=1
info|2026-02-06 13:59:59.804580|fisco-bcos-0x00007fbe2275ca00|[NodeConfig][parseConsensusNodeList],totalNodesSize=4
info|2026-02-06 13:59:59.804590|fisco-bcos-0x00007fbe2275ca00|[NodeConfig]loadLedgerConfig,consensus_type=pbft,block_tx_count_limit=1000,gas_limit=3000000000,leader_period=1,minSealTime=0,compatibilityVersion=3.11.0
info|2026-02-06 13:59:59.805120|fisco-bcos-0x00007fbe2275ca00|[NodeConfig][METRIC]loadExecutorConfig,isWasm=false,isAuthCheck=false,authAdminAccount=0x1dbd23331f727a66c096de4f3daaec061a3ca614,ismSerialExecute=true
info|2026-02-06 13:59:59.805249|fisco-bcos-0x00007fbe2275ca00|[NodeConfig]loadCertConfig,ca_path=./conf,sm_ca_cert=./conf/sm_ca.crt,sm_node_cert=./conf/sm_ssl.crt,sm_node_key=./conf/sm_ssl.key,sm_ennode_cert=./conf/sm_enssl.crt,sm_ennode_key=./conf/sm_enssl.key
info|2026-02-06 13:59:59.805287|fisco-bcos-0x00007fbe2275ca00|[NodeConfig]loadCertConfig,ca_path=./conf,ca_cert=./conf/ca.crt,node_cert=./conf/ssl.crt,node_key=./conf/ssl.key
info|2026-02-06 13:59:59.805775|fisco-bcos-0x00007fbe2275ca00|[NodeConfig]loadRpcConfig,listenIP=0.0.0.0,listenPort=20201,listenPort=20201,smSsl=false,disableSsl=true,needRetInput=true
info|2026-02-06 13:59:59.805817|fisco-bcos-0x00007fbe2275ca00|[NodeConfig]loadWeb3RpcConfig,enableWeb3Rpc=false,listenIP=0.0.0.0,listenPort=8543,listenPort=8543
info|2026-02-06 13:59:59.805827|fisco-bcos-0x00007fbe2275ca00|[NodeConfig]loadGatewayConfig,listenIP=0.0.0.0,listenPort=30301,listenPort=30301,smSsl=false,nodesFile=nodes.json
info|2026-02-06 13:59:59.805837|fisco-bcos-0x00007fbe2275ca00|[NodeConfig]loadSealerConfig,minSealTime=500
info|2026-02-06 13:59:59.805879|fisco-bcos-0x00007fbe2275ca00|[NodeConfig]loadTxPoolConfig,txpoolLimit=15000,notifierWorkers=2,verifierWorkers=8,checkBlockLimit=true,txsExpirationTime(ms)=600000
info|2026-02-06 13:59:59.805886|fisco-bcos-0x00007fbe2275ca00|[NodeConfig]loadSecurityConfig,enable_hsm=false,privateKeyPath=conf/node.pem
info|2026-02-06 13:59:59.805896|fisco-bcos-0x00007fbe2275ca00|[NodeConfig][METRIC]loadExecutorNormalConfig: config.ini,enableDag=true
info|2026-02-06 13:59:59.805919|fisco-bcos-0x00007fbe2275ca00|[NodeConfig]loadStorageConfig,storagePath=data,KeyPage=10240,storageType=RocksDB,pdAddrs=127.0.0.1:2379,pdCaPath=,enableArchive=false,enableSeparateBlockAndState=false,archiveListenIP=,archiveListenPort=0,enable_rocksdb_blob=false,enableLRUCacheStorage=true
info|2026-02-06 13:59:59.805948|fisco-bcos-0x00007fbe2275ca00|[NodeConfig]loadConsensusConfig,checkPointTimeoutInterval=3000,pipeline_size=50
info|2026-02-06 13:59:59.805984|fisco-bcos-0x00007fbe2275ca00|[NodeConfig]loadSyncConfig,sync_block_by_tree=false,send_txs_by_tree=false,tree_width=3
info|2026-02-06 13:59:59.806021|fisco-bcos-0x00007fbe2275ca00|[NodeConfig]loadOthersConfig,sendTxTimeout=-1,vmCacheSize=1024
info|2026-02-06 13:59:59.806521|fisco-bcos-0x00007fbe2275ca00|[NodeConfig][METRIC]loadChainConfig,smCrypto=false,chainId=chain0,groupId=group0,blockLimit=1000
info|2026-02-06 13:59:59.806551|fisco-bcos-0x00007fbe2275ca00|[NodeConfig]loadWeb3ChainConfig,web3ChainID=20200
info|2026-02-06 13:59:59.806571|fisco-bcos-0x00007fbe2275ca00|[NodeConfig][parseConsensusNodeList],sectionName=consensus,nodeId=2346c69c46d42278eb237167eb19eb28432b63783cc0fd7cddc90f89c148e755db8941be9b0c5f37cbc21c409a78c154abc75ce0c80818c6fbb76aea6bcd0a9a,weight=1
info|2026-02-06 13:59:59.806580|fisco-bcos-0x00007fbe2275ca00|[NodeConfig][parseConsensusNodeList],sectionName=consensus,nodeId=21a47acec36f73d8e925a7d5db44793f998e1a42a6d7ee2e3a5cf4037b853452cb76f6cbab8e5b223a128e8ee15790d1f629858b47070b4eb2e1ddb2b0ada297,weight=1
info|2026-02-06 13:59:59.806587|fisco-bcos-0x00007fbe2275ca00|[NodeConfig][parseConsensusNodeList],sectionName=consensus,nodeId=0d6a7f52cb87ce7fda869e0db309ec9c53723c46f81632c21e4abbf1a9159f14d53f37cc0c4141548da9ec877d6235afd7a501c40d296fc4c5252a8717aa23c2,weight=1
info|2026-02-06 13:59:59.806593|fisco-bcos-0x00007fbe2275ca00|[NodeConfig][parseConsensusNodeList],sectionName=consensus,nodeId=5b07d12d1512a66493c8fd3456d8c505e6ce05f20061613a4c48a1fa3755bbf9cc2d2f1878c4a6733389f03deb0a3fc0c672e2f4910fde9802d6675929cb3dc5,weight=1
info|2026-02-06 13:59:59.806600|fisco-bcos-0x00007fbe2275ca00|[NodeConfig][parseConsensusNodeList],totalNodesSize=4
info|2026-02-06 13:59:59.806610|fisco-bcos-0x00007fbe2275ca00|[NodeConfig]loadLedgerConfig,consensus_type=pbft,block_tx_count_limit=1000,gas_limit=3000000000,leader_period=1,minSealTime=0,compatibilityVersion=3.11.0
info|2026-02-06 13:59:59.806621|fisco-bcos-0x00007fbe2275ca00|[NodeConfig][METRIC]loadExecutorConfig,isWasm=false,isAuthCheck=false,authAdminAccount=0x1dbd23331f727a66c096de4f3daaec061a3ca614,ismSerialExecute=true
info|2026-02-06 13:59:59.806702|fisco-bcos-0x00007fbe2275ca00|[NodeConfig]loadCertConfig,ca_path=./conf,sm_ca_cert=./conf/sm_ca.crt,sm_node_cert=./conf/sm_ssl.crt,sm_node_key=./conf/sm_ssl.key,sm_ennode_cert=./conf/sm_enssl.crt,sm_ennode_key=./conf/sm_enssl.key
info|2026-02-06 13:59:59.806708|fisco-bcos-0x00007fbe2275ca00|[NodeConfig]loadCertConfig,ca_path=./conf,ca_cert=./conf/ca.crt,node_cert=./conf/ssl.crt,node_key=./conf/ssl.key
info|2026-02-06 13:59:59.806720|fisco-bcos-0x00007fbe2275ca00|[NodeConfig]loadRpcConfig,listenIP=0.0.0.0,listenPort=20201,listenPort=20201,smSsl=false,disableSsl=true,needRetInput=true
info|2026-02-06 13:59:59.806734|fisco-bcos-0x00007fbe2275ca00|[NodeConfig]loadWeb3RpcConfig,enableWeb3Rpc=false,listenIP=0.0.0.0,listenPort=8543,listenPort=8543
info|2026-02-06 13:59:59.806744|fisco-bcos-0x00007fbe2275ca00|[NodeConfig]loadGatewayConfig,listenIP=0.0.0.0,listenPort=30301,listenPort=30301,smSsl=false,nodesFile=nodes.json
info|2026-02-06 13:59:59.806749|fisco-bcos-0x00007fbe2275ca00|[NodeConfig]loadSealerConfig,minSealTime=500
info|2026-02-06 13:59:59.806772|fisco-bcos-0x00007fbe2275ca00|[NodeConfig]loadTxPoolConfig,txpoolLimit=15000,notifierWorkers=2,verifierWorkers=8,checkBlockLimit=true,txsExpirationTime(ms)=600000
info|2026-02-06 13:59:59.806801|fisco-bcos-0x00007fbe2275ca00|[NodeConfig]loadSecurityConfig,enable_hsm=false,privateKeyPath=conf/node.pem
info|2026-02-06 13:59:59.806811|fisco-bcos-0x00007fbe2275ca00|[NodeConfig][METRIC]loadExecutorNormalConfig: config.ini,enableDag=true
info|2026-02-06 13:59:59.806829|fisco-bcos-0x00007fbe2275ca00|[NodeConfig]loadStorageConfig,storagePath=data,KeyPage=10240,storageType=RocksDB,pdAddrs=127.0.0.1:2379,pdCaPath=,enableArchive=false,enableSeparateBlockAndState=false,archiveListenIP=,archiveListenPort=0,enable_rocksdb_blob=false,enableLRUCacheStorage=true
info|2026-02-06 13:59:59.806837|fisco-bcos-0x00007fbe2275ca00|[NodeConfig]loadConsensusConfig,checkPointTimeoutInterval=3000,pipeline_size=50
info|2026-02-06 13:59:59.806844|fisco-bcos-0x00007fbe2275ca00|[NodeConfig]loadSyncConfig,sync_block_by_tree=false,send_txs_by_tree=false,tree_width=3
info|2026-02-06 13:59:59.806852|fisco-bcos-0x00007fbe2275ca00|[NodeConfig]loadOthersConfig,sendTxTimeout=-1,vmCacheSize=1024
info|2026-02-06 13:59:59.806864|fisco-bcos-0x00007fbe2275ca00|[INITIALIZER]init crypto suite success
info|2026-02-06 13:59:59.806867|fisco-bcos-0x00007fbe2275ca00|[INITIALIZER]init blockFactory success
info|2026-02-06 13:59:59.807684|fisco-bcos-0x00007fbe2275ca00|[INITIALIZER][SecureInitializer]loading privateKey
info|2026-02-06 13:59:59.810701|fisco-bcos-0x00007fbe2275ca00|[INITIALIZER]loadKeyPair from privateKey,privateKeySize=32,enableStorageSecurity=false
info|2026-02-06 13:59:59.813711|fisco-bcos-0x00007fbe2275ca00|[INITIALIZER][METRIC]loadKeyPair from privateKeyPath,privateKeyPath=conf/node.pem
info|2026-02-06 13:59:59.813735|fisco-bcos-0x00007fbe2275ca00|[INITIALIZER][METRIC]loadKeyPair success,publicKey=21a47acec36f73d8e925a7d5db44793f998e1a42a6d7ee2e3a5cf4037b853452cb76f6cbab8e5b223a128e8ee15790d1f629858b47070b4eb2e1ddb2b0ada297
info|2026-02-06 13:59:59.813815|fisco-bcos-0x00007fbe2275ca00|[NodeConfig]loadNodeServiceConfig,withoutTarsFramework=false
info|2026-02-06 13:59:59.813833|fisco-bcos-0x00007fbe2275ca00|[NodeConfig]load node service,nodeName=21a47acec36f73d8e925a7d5db44793f998e1a42a6d7ee2e3a5cf4037b853452cb76f6cbab8e5b223a128e8ee15790d1f629858b47070b4eb2e1ddb2b0ada297,withoutTarsFramework=false,schedulerServiceName=chain0.21a47acec36f73d8e925a7d5db44793f998e1a42a6d7ee2e3a5cf4037b853452cb76f6cbab8e5b223a128e8ee15790d1f629858b47070b4eb2e1ddb2b0ada297SchedulerService,executorServiceName=chain0.21a47acec36f73d8e925a7d5db44793f998e1a42a6d7ee2e3a5cf4037b853452cb76f6cbab8e5b223a128e8ee15790d1f629858b47070b4eb2e1ddb2b0ada297ExecutorService
info|2026-02-06 13:59:59.814397|fisco-bcos-0x00007fbe2275ca00|[Gateway][Config]initP2PConfig ok!,p2p.listen_ip=0.0.0.0,p2p.listen_port=30301,p2p.sm_ssl=false,p2p.enable_rip_protocol=true,p2p.enable_compression=true,p2p.allow_max_msg_size=33554432,p2p.session_recv_buffer_size=67108864,p2p.session_max_read_data_size=40960,p2p.session_max_send_data_size=1048576,p2p.session_max_send_msg_count=10,p2p.thread_count=8,p2p.nodes_path=./,p2p.nodes_file=nodes.json,p2p.readonly=false
info|2026-02-06 13:59:59.814446|fisco-bcos-0x00007fbe2275ca00|[Gateway][Config][initFlowControlConfig]load flow_control common config items,enable=false,flow_control.stat_reporter_interval=60000,flow_control.enable_connect_debug_info=false,flow_control.time_window_sec=1,flow_control.enable_distributed_ratelimit=false,flow_control.enable_distributed_ratelimit_cache=true,flow_control.distributed_ratelimit_cache_percent=20
info|2026-02-06 13:59:59.814457|fisco-bcos-0x00007fbe2275ca00|[Gateway][Config][initFlowControlConfig]load flow_control config items,key=flow_control.modules_without_bw_limit,moduleID=1001
info|2026-02-06 13:59:59.814461|fisco-bcos-0x00007fbe2275ca00|[Gateway][Config][initFlowControlConfig]load flow_control config items,key=flow_control.modules_without_bw_limit,moduleID=1000
info|2026-02-06 13:59:59.814464|fisco-bcos-0x00007fbe2275ca00|[Gateway][Config][initFlowControlConfig]load flow_control config items,key=flow_control.modules_without_bw_limit,moduleID=2002
info|2026-02-06 13:59:59.814467|fisco-bcos-0x00007fbe2275ca00|[Gateway][Config][initFlowControlConfig]load flow_control config items,key=flow_control.modules_without_bw_limit,moduleID=2001
info|2026-02-06 13:59:59.814469|fisco-bcos-0x00007fbe2275ca00|[Gateway][Config]the total_outgoing_bw_limit is not initialized
info|2026-02-06 13:59:59.814473|fisco-bcos-0x00007fbe2275ca00|[Gateway][Config]load flow_control config items, the conn_outgoing_bw_limit is not initialized
info|2026-02-06 13:59:59.814474|fisco-bcos-0x00007fbe2275ca00|[Gateway][Config]load flow_control config items, the group_outgoing_bw_limit is not initialized
info|2026-02-06 13:59:59.814476|fisco-bcos-0x00007fbe2275ca00|[Gateway][Config][initFlowControlConfig]load_flow control outgoing config items,flow_control.outgoing_allow_exceed_max_permit=false,flow_control.modules_without_bw_limit=raft,pbft,cons_txs_sync,txs_sync,flow_control.total_outgoing_bw_limit=-1,flow_control.conn_outgoing_bw_limit=-1,flow_control.group_outgoing_bw_limit=-1,flow_control.conn_outgoing_bw_limit_x.x.x.x=0,flow_control.group_outgoing_bw_limit_xxx=0,flow_control.modules_without_bw_limit size=4
info|2026-02-06 13:59:59.814480|fisco-bcos-0x00007fbe2275ca00|[Gateway][Config]rateLimiter: false
info|2026-02-06 13:59:59.814481|fisco-bcos-0x00007fbe2275ca00|[Gateway][Config][initFlowControlConfig]load flow_control config items, the incoming qps rate limit,flow_control.incoming_p2p_basic_msg_type_list=,flow_control.incoming_p2p_basic_msg_type_qps_limit=-1,flow_control.incoming_module_msg_type_qps_limit=-1,flow_control.incoming_module_qps_limit_xxx size=0,enableOutRateLimit=false,enableOutConnRateLimit=false,enableOutGroupRateLimit=false,enableInRateLimit=false
info|2026-02-06 13:59:59.815040|fisco-bcos-0x00007fbe2275ca00|[Gateway][Config]initCertConfig,ca_path=./conf,ca_cert=./conf/ca.crt,node_cert=./conf/ssl.crt,node_key=./conf/ssl.key,mul_ca_path=./conf/multiCaPath
info|2026-02-06 13:59:59.815991|fisco-bcos-0x00007fbe2275ca00|[Gateway][Config]initCertConfig,ca=./conf/ca.crt,node_cert=./conf/ssl.crt,node_key=./conf/ssl.key,mul_ca_path=./conf/multiCaPath
info|2026-02-06 13:59:59.816033|fisco-bcos-0x00007fbe2275ca00|[Gateway][Config]initConfig ok!,configPath=config.ini,listenIP=0.0.0.0,listenPort=30301,smSSL=false,peers=0
info|2026-02-06 13:59:59.817333|fisco-bcos-0x00007fbe2275ca00|[Gateway][Config]add one connected node,host=127.0.0.1:30300
info|2026-02-06 13:59:59.817588|fisco-bcos-0x00007fbe2275ca00|[Gateway][Config]add one connected node,host=127.0.0.1:30301
info|2026-02-06 13:59:59.817829|fisco-bcos-0x00007fbe2275ca00|[Gateway][Config]add one connected node,host=127.0.0.1:30302
info|2026-02-06 13:59:59.818062|fisco-bcos-0x00007fbe2275ca00|[Gateway][Config]add one connected node,host=127.0.0.1:30303
info|2026-02-06 13:59:59.818078|fisco-bcos-0x00007fbe2275ca00|[Gateway][Config]loadP2pConnectedNodes ok!,nodePath=./,nodeFileName=nodes.json,nodes=4
info|2026-02-06 13:59:59.818108|fisco-bcos-0x00007fbe2275ca00|[Gateway][Factory]initCert2PubHexHandler,cert=./conf/ssl.crt,certContent: =0x7fbe21cf7650
info|2026-02-06 13:59:59.820053|fisco-bcos-0x00007fbe2275ca00|[Gateway][Factory][NEW]SSLContext pubHex: 3082010a0282010100d938a7d0e5078fdc3bfe83bfe8c789160de4c9e207ff836ef8d64a0c846f5f628646fe9170bec49eec44aebb3f17334e76b1003dae65d6858a626d60a3ff3dbbff8cf15ca934ca0f7a09b9ae6c17c911bb2f6083cab81540e00a8d9b9393a3341b90dd134f4a2ec21f1d8c55c2df687896873a36661a862226614582077d41811bcb3e6632cbf1767f6189b76054e8186606ee5a2c73bffe1bd6c8fc415f481324f015045231d662173b6f7e814068dffd598ce9a6f4630744bb0aa80f9f74403f4c3da3ca856b40d043885cc1e7beac524853fafb01fb61c3023ab04047e29d50a5d4cd612fc9ae90e7832fde7d1dea0804dc16fff17500517be0bf5d28f4ab0203010001
info|2026-02-06 13:59:59.823414|fisco-bcos-0x00007fbe2275ca00|[P2PService][Service][Service::Service]local protocol,protocolModuleID=1,version=0,minVersion=0,maxVersion=2
info|2026-02-06 13:59:59.823587|fisco-bcos-0x00007fbe2275ca00|register SIGUSR1 sig for reload p2p connected nodes config
info|2026-02-06 13:59:59.823612|fisco-bcos-0x00007fbe2275ca00|[Gateway][Factory][buildService]build service end,enable rip protocol=true,enable compress=true,myself pub id=3082010a0282010100d938a7d0e5078fdc3bfe83bfe8c789160de4c9e207ff836ef8d64a0c846f5f628646fe9170bec49eec44aebb3f17334e76b1003dae65d6858a626d60a3ff3dbbff8cf15ca934ca0f7a09b9ae6c17c911bb2f6083cab81540e00a8d9b9393a3341b90dd134f4a2ec21f1d8c55c2df687896873a36661a862226614582077d41811bcb3e6632cbf1767f6189b76054e8186606ee5a2c73bffe1bd6c8fc415f481324f015045231d662173b6f7e814068dffd598ce9a6f4630744bb0aa80f9f74403f4c3da3ca856b40d043885cc1e7beac524853fafb01fb61c3023ab04047e29d50a5d4cd612fc9ae90e7832fde7d1dea0804dc16fff17500517be0bf5d28f4ab0203010001
info|2026-02-06 13:59:59.824167|fisco-bcos-0x00007fbe2275ca00|[Gateway][Factory]GatewayFactory::init ok
info|2026-02-06 13:59:59.824218|fisco-bcos-0x00007fbe2275ca00|[FrontService]FrontServiceFactory::buildFrontService,groupID=group0,nodeID=21a47acec36f73d8e925a7d5db44793f998e1a42a6d7ee2e3a5cf4037b853452cb76f6cbab8e5b223a128e8ee15790d1f629858b47070b4eb2e1ddb2b0ada297
info|2026-02-06 13:59:59.824230|fisco-bcos-0x00007fbe2275ca00|[FrontService]FrontService,this=0x7fbe21c6ff10,minVersion=0,maxVersion=2
info|2026-02-06 13:59:59.824257|fisco-bcos-0x00007fbe2275ca00|[INITIALIZER]initNode,stateDBPath=data,enableSeparateBlockAndState=false,storageType=RocksDB,consensusStoragePath=data/consensus_log
info|2026-02-06 13:59:59.963995|fisco-bcos-0x00007fbe2275ca00|[LEDGER][#buildGenesisBlock]
info|2026-02-06 13:59:59.964789|fisco-bcos-0x00007fbe2275ca00|[NodeConfig][generateGenesisData],genesisData=[chain]
sm_crypto:0
chainID: chain0
grouID: group0
[consensys]
consensus_type: pbft
block_tx_count_limit:1000
leader_period:1
[version]
compatibility_version:3.11.0
[tx]
gaslimit:3000000000
[executor]
iswasm: 0
isAuthCheck:0
authAdminAccount:0x1dbd23331f727a66c096de4f3daaec061a3ca614
isSerialExecute:1
epochSealerNum:4
epochBlockNum:1000
node.0:0d6a7f52cb87ce7fda869e0db309ec9c53723c46f81632c21e4abbf1a9159f14d53f37cc0c4141548da9ec877d6235afd7a501c40d296fc4c5252a8717aa23c2,1
node.1:21a47acec36f73d8e925a7d5db44793f998e1a42a6d7ee2e3a5cf4037b853452cb76f6cbab8e5b223a128e8ee15790d1f629858b47070b4eb2e1ddb2b0ada297,1
node.2:2346c69c46d42278eb237167eb19eb28432b63783cc0fd7cddc90f89c148e755db8941be9b0c5f37cbc21c409a78c154abc75ce0c80818c6fbb76aea6bcd0a9a,1
node.3:5b07d12d1512a66493c8fd3456d8c505e6ce05f20061613a4c48a1fa3755bbf9cc2d2f1878c4a6733389f03deb0a3fc0c672e2f4910fde9802d6675929cb3dc5,1
info|2026-02-06 13:59:59.964823|fisco-bcos-0x00007fbe2275ca00|[LEDGER][#buildGenesisBlock] success, block exists
info|2026-02-06 13:59:59.966770|fisco-bcos-0x00007fbe2275ca00|[TXPOOL]create transaction validator
info|2026-02-06 13:59:59.967203|fisco-bcos-0x00007fbe2275ca00|[TXPOOL]create transaction config
info|2026-02-06 13:59:59.967233|fisco-bcos-0x00007fbe2275ca00|[TXPOOL]create transaction storage
info|2026-02-06 13:59:59.967552|fisco-bcos-0x00007fbe2275ca00|[TXPOOL]init MemoryStorage of txpool,txNotifierWorkerNum=2,txsExpirationTime=600000,poolLimit=15000,cpuCores=20
info|2026-02-06 13:59:59.967577|fisco-bcos-0x00007fbe2275ca00|[TXPOOL]create sync config
info|2026-02-06 13:59:59.967582|fisco-bcos-0x00007fbe2275ca00|[TXPOOL]create sync engine
info|2026-02-06 13:59:59.968113|fisco-bcos-0x00007fbe2275ca00|[TXPOOL]create txpool,submitWorkerNum=8,notifyWorkerNum=2
info|2026-02-06 13:59:59.972017|fisco-bcos-0x00007fbe2275ca00|[TXPOOL]create TxPool,submitterNum=8
info|2026-02-06 13:59:59.972118|fisco-bcos-0x00007fbe2275ca00|[TARS_EXECUTOR_MANAGER]Initialize ,executorServiceName=chain0.21a47acec36f73d8e925a7d5db44793f998e1a42a6d7ee2e3a5cf4037b853452cb76f6cbab8e5b223a128e8ee15790d1f629858b47070b4eb2e1ddb2b0ada297ExecutorService.ExecutorServiceObj
info|2026-02-06 13:59:59.972186|fisco-bcos-0x00007fbe2275ca00|[INITIALIZER]initNode: enableLRUCacheStorage, size: 33554432
info|2026-02-06 13:59:59.972205|fisco-bcos-0x00007fbe2275ca00|[INITIALIZER]create Executor,nodeArchType=0
info|2026-02-06 13:59:59.974110|fisco-bcos-0x00007fbe2275ca00|[CONSENSUS][PBFT]create PBFTCodec
info|2026-02-06 13:59:59.974177|fisco-bcos-0x00007fbe2275ca00|[CONSENSUS][PBFT]create PBFT validator
info|2026-02-06 13:59:59.974626|fisco-bcos-0x00007fbe2275ca00|[CONSENSUS][PBFT]create pbftStorage
info|2026-02-06 13:59:59.974779|fisco-bcos-0x00007fbe2275ca00|[CONSENSUS][PBFT][STORAGE]createKVTable success,table=pbftCommitDB
info|2026-02-06 13:59:59.974940|fisco-bcos-0x00007fbe2275ca00|[CONSENSUS][PBFT]create pbftConfig
info|2026-02-06 13:59:59.975420|fisco-bcos-0x00007fbe2275ca00|[CONSENSUS][PBFT]create PBFTEngine
info|2026-02-06 13:59:59.976123|fisco-bcos-0x00007fbe2275ca00|[CONSENSUS][PBFT]create PBFT
info|2026-02-06 13:59:59.976917|fisco-bcos-0x00007fbe2275ca00|[INITIALIZER]PBFTInitializer::initChainNodeInfo,nodeType=None,nodeCryptoType=0,nodeName=21a47acec36f73d8e925a7d5db44793f998e1a42a6d7ee2e3a5cf4037b853452cb76f6cbab8e5b223a128e8ee15790d1f629858b47070b4eb2e1ddb2b0ada297,compatibilityVersion=51052544
info|2026-02-06 13:59:59.976971|fisco-bcos-0x00007fbe2275ca00|[Gateway][Router]insertNode,groupID=group0,minVersion=0,maxVersion=2,nodeID=21a47acec36f73d8e925a7d5db44793f998e1a42a6d7ee2e3a5cf4037b853452cb76f6cbab8e5b223a128e8ee15790d1f629858b47070b4eb2e1ddb2b0ada297,nodeType=None
info|2026-02-06 13:59:59.976983|fisco-bcos-0x00007fbe2275ca00|[INITIALIZER]registerNode,group=group0,node=21a47acec36f73d8e925a7d5db44793f998e1a42a6d7ee2e3a5cf4037b853452cb76f6cbab8e5b223a128e8ee15790d1f629858b47070b4eb2e1ddb2b0ada297,type=None
info|2026-02-06 13:59:59.976993|fisco-bcos-0x00007fbe2275ca00|[TXPOOL]fetch LedgerConfig information
info|2026-02-06 13:59:59.977055|fisco-bcos-0x00007fbe2275ca00|[TOOL]LedgerConfigFetcher: fetchBlockNumber success,blockNumber=15
info|2026-02-06 13:59:59.977079|fisco-bcos-0x00007fbe2275ca00|[TOOL]LedgerConfigFetcher: fetchBlockHash success,blockNumber=15,hash=a746f04b...
info|2026-02-06 13:59:59.977158|fisco-bcos-0x00007fbe2275ca00|[TOOL]fetchBlockTxCountLimit success,value=1000
info|2026-02-06 13:59:59.977191|fisco-bcos-0x00007fbe2275ca00|[TXPOOL]fetch LedgerConfig success
info|2026-02-06 13:59:59.977198|fisco-bcos-0x00007fbe2275ca00|[TXPOOL]fetch history nonces information,startNumber=0,fetchedSize=16
info|2026-02-06 13:59:59.978211|fisco-bcos-0x00007fbe2275ca00|[TXPOOL]fetch history nonces success
info|2026-02-06 13:59:59.978267|fisco-bcos-0x00007fbe2275ca00|[TXPOOL]init txs validator,checkBlockLimit=true
info|2026-02-06 13:59:59.978418|fisco-bcos-0x00007fbe2275ca00|[TXPOOL]init txs validator success
info|2026-02-06 13:59:59.978456|fisco-bcos-0x00007fbe2275ca00|[TXPOOL]init sync config
info|2026-02-06 13:59:59.978466|fisco-bcos-0x00007fbe2275ca00|[TXPOOL]init sync config success
info|2026-02-06 13:59:59.978632|fisco-bcos-0x00007fbe2275ca00|[BLOCK SYNC]start fetch the ledger config for block sync module
info|2026-02-06 13:59:59.978743|fisco-bcos-0x00007fbe2275ca00|[TOOL]LedgerConfigFetcher: fetchBlockNumber success,blockNumber=15
info|2026-02-06 13:59:59.978869|fisco-bcos-0x00007fbe2275ca00|[TOOL]LedgerConfigFetcher: fetchBlockHash success,blockNumber=15,hash=a746f04b...
info|2026-02-06 13:59:59.979290|fisco-bcos-0x00007fbe2275ca00|[TOOL]fetchCompatibilityVersion
info|2026-02-06 13:59:59.979442|fisco-bcos-0x00007fbe2275ca00|[TOOL]fetchCompatibilityVersion success,version=3.11.0,versionNumber=51052544,minSupportedVersion=3.0.0-rc4,maxSupportedVersion=3.11.0
info|2026-02-06 13:59:59.980268|fisco-bcos-0x00007fbe2275ca00|[TOOL]fetchSystemConfig failed, use default value,code=3008,msg=Entry: feature_dmc2serial does not exists!,key=feature_dmc2serial,defaultValue=0
info|2026-02-06 13:59:59.980406|fisco-bcos-0x00007fbe2275ca00|[TOOL]fetchSystemConfig failed, use default value,code=3008,msg=Entry: feature_sharding does not exists!,key=feature_sharding,defaultValue=0
info|2026-02-06 13:59:59.980504|fisco-bcos-0x00007fbe2275ca00|[TOOL]fetchSystemConfig failed, use default value,code=3008,msg=Entry: feature_rpbft does not exists!,key=feature_rpbft,defaultValue=0
info|2026-02-06 13:59:59.980537|fisco-bcos-0x00007fbe2275ca00|[TOOL]fetchSystemConfig failed, use default value,code=3008,msg=Entry: feature_paillier does not exists!,key=feature_paillier,defaultValue=0
info|2026-02-06 13:59:59.980565|fisco-bcos-0x00007fbe2275ca00|[TOOL]fetchSystemConfig failed, use default value,code=3008,msg=Entry: feature_balance does not exists!,key=feature_balance,defaultValue=0
info|2026-02-06 13:59:59.980592|fisco-bcos-0x00007fbe2275ca00|[TOOL]fetchSystemConfig failed, use default value,code=3008,msg=Entry: feature_balance_precompiled does not exists!,key=feature_balance_precompiled,defaultValue=0
info|2026-02-06 13:59:59.980612|fisco-bcos-0x00007fbe2275ca00|[TOOL]fetchSystemConfig failed, use default value,code=3008,msg=Entry: feature_balance_policy1 does not exists!,key=feature_balance_policy1,defaultValue=0
info|2026-02-06 13:59:59.980632|fisco-bcos-0x00007fbe2275ca00|[TOOL]fetchSystemConfig failed, use default value,code=3008,msg=Entry: feature_paillier_add_raw does not exists!,key=feature_paillier_add_raw,defaultValue=0
info|2026-02-06 13:59:59.980674|fisco-bcos-0x00007fbe2275ca00|[TOOL]fetchSystemConfig failed, use default value,code=3008,msg=Entry: feature_evm_cancun does not exists!,key=feature_evm_cancun,defaultValue=0
info|2026-02-06 13:59:59.980754|fisco-bcos-0x00007fbe2275ca00|[TOOL]fetchConsensusNodeList success,size=4
info|2026-02-06 13:59:59.980850|fisco-bcos-0x00007fbe2275ca00|[TOOL]fetchObserverNodeList success,size=0
info|2026-02-06 13:59:59.980884|fisco-bcos-0x00007fbe2275ca00|[TOOL]fetchCandidateSealerList success,size=0
info|2026-02-06 13:59:59.980909|fisco-bcos-0x00007fbe2275ca00|[TOOL]fetchGenesisHash success,genesisHash=25d20f1c...
info|2026-02-06 13:59:59.980916|fisco-bcos-0x00007fbe2275ca00|[BLOCK SYNC]fetch the ledger config for block sync module success,number=15,latestHash=a746f04b...,genesisHash=25d20f1c7ba5c73a1e512bbabf583992a464d04d9c35a44e10d8c6c8f07c9983
info|2026-02-06 13:59:59.980947|fisco-bcos-0x00007fbe2275ca00|[BLOCK SYNC]#### BlockSyncConfig resetConfig,number=15,consNodeSize=4,observerNodeSize=0,type=CONSENSUS_NODE
info|2026-02-06 13:59:59.980960|fisco-bcos-0x00007fbe2275ca00|[BLOCK SYNC]init block sync success
info|2026-02-06 13:59:59.980970|fisco-bcos-0x00007fbe2275ca00|[CONSENSUS][PBFT]asyncResetTxPool when startup
info|2026-02-06 13:59:59.981043|fisco-bcos-0x00007fbe2275ca00|[TXPOOL]asyncResetTxPool,txsSize=0
info|2026-02-06 13:59:59.981065|fisco-bcos-0x00007fbe2275ca00|[CONSENSUS][PBFT]fetchAndUpdateLedgerConfig
info|2026-02-06 13:59:59.981103|fisco-bcos-0x00007fbe2275ca00|[TOOL]LedgerConfigFetcher: fetchBlockNumber success,blockNumber=15
info|2026-02-06 13:59:59.981132|fisco-bcos-0x00007fbe2275ca00|[TOOL]LedgerConfigFetcher: fetchBlockHash success,blockNumber=15,hash=a746f04b...
info|2026-02-06 13:59:59.981177|fisco-bcos-0x00007fbe2275ca00|[TOOL]fetchCompatibilityVersion
info|2026-02-06 13:59:59.981241|fisco-bcos-0x00007fbe2275ca00|[TOOL]fetchCompatibilityVersion success,version=3.11.0,versionNumber=51052544,minSupportedVersion=3.0.0-rc4,maxSupportedVersion=3.11.0
info|2026-02-06 13:59:59.981712|fisco-bcos-0x00007fbe2275ca00|[TOOL]fetchSystemConfig failed, use default value,code=3008,msg=Entry: feature_dmc2serial does not exists!,key=feature_dmc2serial,defaultValue=0
info|2026-02-06 13:59:59.981806|fisco-bcos-0x00007fbe2275ca00|[TOOL]fetchSystemConfig failed, use default value,code=3008,msg=Entry: feature_sharding does not exists!,key=feature_sharding,defaultValue=0
info|2026-02-06 13:59:59.981886|fisco-bcos-0x00007fbe2275ca00|[TOOL]fetchSystemConfig failed, use default value,code=3008,msg=Entry: feature_rpbft does not exists!,key=feature_rpbft,defaultValue=0
info|2026-02-06 13:59:59.981952|fisco-bcos-0x00007fbe2275ca00|[TOOL]fetchSystemConfig failed, use default value,code=3008,msg=Entry: feature_paillier does not exists!,key=feature_paillier,defaultValue=0
info|2026-02-06 13:59:59.982015|fisco-bcos-0x00007fbe2275ca00|[TOOL]fetchSystemConfig failed, use default value,code=3008,msg=Entry: feature_balance does not exists!,key=feature_balance,defaultValue=0
info|2026-02-06 13:59:59.982043|fisco-bcos-0x00007fbe2275ca00|[TOOL]fetchSystemConfig failed, use default value,code=3008,msg=Entry: feature_balance_precompiled does not exists!,key=feature_balance_precompiled,defaultValue=0
info|2026-02-06 13:59:59.982072|fisco-bcos-0x00007fbe2275ca00|[TOOL]fetchSystemConfig failed, use default value,code=3008,msg=Entry: feature_balance_policy1 does not exists!,key=feature_balance_policy1,defaultValue=0
info|2026-02-06 13:59:59.982148|fisco-bcos-0x00007fbe2275ca00|[TOOL]fetchSystemConfig failed, use default value,code=3008,msg=Entry: feature_paillier_add_raw does not exists!,key=feature_paillier_add_raw,defaultValue=0
info|2026-02-06 13:59:59.982211|fisco-bcos-0x00007fbe2275ca00|[TOOL]fetchSystemConfig failed, use default value,code=3008,msg=Entry: feature_evm_cancun does not exists!,key=feature_evm_cancun,defaultValue=0
info|2026-02-06 13:59:59.982267|fisco-bcos-0x00007fbe2275ca00|[TOOL]fetchConsensusNodeList success,size=4
info|2026-02-06 13:59:59.982350|fisco-bcos-0x00007fbe2275ca00|[TOOL]fetchObserverNodeList success,size=0
info|2026-02-06 13:59:59.982377|fisco-bcos-0x00007fbe2275ca00|[TOOL]fetchCandidateSealerList success,size=0
info|2026-02-06 13:59:59.982405|fisco-bcos-0x00007fbe2275ca00|[TOOL]fetchBlockTxCountLimit success,value=1000
info|2026-02-06 13:59:59.982490|fisco-bcos-0x00007fbe2275ca00|[TOOL]fetchGenesisHash success,genesisHash=25d20f1c...
info|2026-02-06 13:59:59.982551|fisco-bcos-0x00007fbe2275ca00|[TOOL]fetchConsensusLeaderPeriod success,value=1
info|2026-02-06 13:59:59.982589|fisco-bcos-0x00007fbe2275ca00|[TOOL]fetchAuthCheckStatus success,value=0
info|2026-02-06 13:59:59.982629|fisco-bcos-0x00007fbe2275ca00|[TOOL]fetchSystemConfig failed, use default value,code=3008,msg=Entry: feature_rpbft_epoch_sealer_num does not exists!,key=feature_rpbft_epoch_sealer_num,defaultValue=4
info|2026-02-06 13:59:59.982638|fisco-bcos-0x00007fbe2275ca00|[TOOL]fetchEpochSealerNum success,value=4
info|2026-02-06 13:59:59.982663|fisco-bcos-0x00007fbe2275ca00|[TOOL]fetchSystemConfig failed, use default value,code=3008,msg=Entry: feature_rpbft_epoch_block_num does not exists!,key=feature_rpbft_epoch_block_num,defaultValue=1000
info|2026-02-06 13:59:59.982671|fisco-bcos-0x00007fbe2275ca00|[TOOL]fetchEpochBlockNum success,value=1000
info|2026-02-06 13:59:59.982700|fisco-bcos-0x00007fbe2275ca00|[TOOL]fetchSystemConfig failed, use default value,code=3008,msg=Entry: feature_rpbft_notify_rotate does not exists!,key=feature_rpbft_notify_rotate,defaultValue=0
info|2026-02-06 13:59:59.982705|fisco-bcos-0x00007fbe2275ca00|[TOOL]fetchNotifyRotateFlagInfo success,value=0
info|2026-02-06 13:59:59.982711|fisco-bcos-0x00007fbe2275ca00|[CONSENSUS][PBFT]fetchAndUpdateLedgerConfig success,blockNumber=15,hash=a746f04b...,maxTxsPerBlock=1000,consensusNodeList=4
info|2026-02-06 13:59:59.982735|fisco-bcos-0x00007fbe2275ca00|[CONSENSUS][PBFT][METRIC]resetConfig,committedIndex=15,propHash=a746f04b...,blockCountLimit=1000,leaderPeriod=1,consensusNodesSize=4
info|2026-02-06 13:59:59.982753|fisco-bcos-0x00007fbe2275ca00|[CONSENSUS][PBFT]PBFTConfig: resetExpectedCheckPoint,committedIndex=15,consNum=16,committedHash=a746f04b...,view=0,toView=0,changeCycle=0,expectedCheckPoint=0,Idx=0,unsealedTxs=0,sealUntil=0,waitResealUntil=0,consensusTimeout=3000,nodeId=21a47ace...,expectedCheckPoint=0
info|2026-02-06 13:59:59.982781|fisco-bcos-0x00007fbe2275ca00|[CONSENSUS][Core][METRIC]updateConsensusNodeList,nodeNum=4,nodeIndex=1,committedIndex=15,0d6a7f52...=1,21a47ace...=1,2346c69c...=1,5b07d12d...=1
info|2026-02-06 13:59:59.982795|fisco-bcos-0x00007fbe2275ca00|[CONSENSUS][PBFT]notifyResetSealing,committedIndex=15,consNum=16,committedHash=a746f04b...,view=0,toView=0,changeCycle=0,expectedCheckPoint=16,Idx=1,unsealedTxs=0,sealUntil=0,waitResealUntil=0,consensusTimeout=3000,nodeId=21a47ace...
info|2026-02-06 13:59:59.982912|fisco-bcos-0x00007fbe2275ca00|[CONSENSUS][SEALER]resetSealing,startNum=0,endNum=0,sealingNum=-1,pendingTxs=0,unsealedTxs=0
info|2026-02-06 13:59:59.982936|fisco-bcos-0x00007fbe2275ca00|[CONSENSUS][PBFT]reNotifySealer,expectedStart=16,highWaterMark=66,leader=0,committedIndex=15,consNum=16,committedHash=a746f04b...,view=0,toView=0,changeCycle=0,expectedCheckPoint=16,Idx=1,unsealedTxs=0,sealUntil=0,waitResealUntil=0,consensusTimeout=3000,nodeId=21a47ace...
info|2026-02-06 13:59:59.982951|fisco-bcos-0x00007fbe2275ca00|[CONSENSUS][PBFT]notifyResetSealing success,committedIndex=15,consNum=16,committedHash=a746f04b...,view=0,toView=0,changeCycle=0,expectedCheckPoint=16,Idx=1,unsealedTxs=0,sealUntil=0,waitResealUntil=0,consensusTimeout=3000,nodeId=21a47ace...
info|2026-02-06 13:59:59.983815|fisco-bcos-0x00007fbe2275ca00|[CONSENSUS][PBFT][METRIC]^^^^^^^^Report,committedIndex=15,consNum=16,committedHash=a746f04b...,view=0,toView=0,changeCycle=0,expectedCheckPoint=16,Idx=1,unsealedTxs=0,sealUntil=0,waitResealUntil=0,consensusTimeout=3000,nodeId=21a47ace...
info|2026-02-06 13:59:59.983888|fisco-bcos-0x00007fbe2275ca00|[CONSENSUS][PBFT]updateValidatorConfig,consensusNodeListUpdated=true,observerNodeListUpdated=false,consensusNodeSize=4,observerNodeSize=0
info|2026-02-06 13:59:59.983899|fisco-bcos-0x00007fbe2275ca00|[CONSENSUS][SEALER]asyncNoteLatestBlockNumber,number=15
info|2026-02-06 13:59:59.983913|fisco-bcos-0x00007fbe2275ca00|[CONSENSUS][SEALER]asyncNoteLatestBlockHash,_hash=a746f04b...
info|2026-02-06 13:59:59.983920|fisco-bcos-0x00007fbe2275ca00|[CONSENSUS][PBFT]init PBFT success
info|2026-02-06 13:59:59.983999|fisco-bcos-0x00007fbe2275ca00|[FRONTSERVICE]registerModuleMessageDispatcher for the consensus module success
info|2026-02-06 13:59:59.984007|fisco-bcos-0x00007fbe2275ca00|[FRONTSERVICE]registerModuleMessageDispatcher for the txsSync module success
info|2026-02-06 13:59:59.984011|fisco-bcos-0x00007fbe2275ca00|[FRONTSERVICE]registerModuleMessageDispatcher for the BlockSync module success
info|2026-02-06 13:59:59.984016|fisco-bcos-0x00007fbe2275ca00|[FRONTSERVICE]registerGroupNodeInfoNotification success
info|2026-02-06 13:59:59.985410|fisco-bcos-0x00007fbe2275ca00|[RPC][initConfig]rpc work in disable ssl model,listenIP=0.0.0.0,listenPort=20201,threadCount=4,asServer=true
info|2026-02-06 13:59:59.985470|fisco-bcos-0x00007fbe2275ca00|[DEFAULT][WS][SERVICE],[NEWOBJ][WsService]=0x7fbe21ce5710
info|2026-02-06 13:59:59.989208|fisco-bcos-0x00007fbe2275ca00|[DEFAULT][WS][INITIALIZER][initWsService]start websocket service as server
info|2026-02-06 13:59:59.989328|fisco-bcos-0x00007fbe2275ca00|[DEFAULT][HTTP][SERVER][buildHttpServer],listenIP=0.0.0.0,listenPort=20201
info|2026-02-06 13:59:59.989342|fisco-bcos-0x00007fbe2275ca00|[DEFAULT][WS][INITIALIZER][initWsService]initializer for websocket service,listenIP=0.0.0.0,listenPort=20201,disableSsl=true,server=true,client=false,maxMsgSize=33554432,msgTimeOut=-1,connected peers=0
info|2026-02-06 13:59:59.991565|fisco-bcos-0x00007fbe2275ca00|[RPC][JSONRPC][initMethod],method=getLogs
info|2026-02-06 13:59:59.991640|fisco-bcos-0x00007fbe2275ca00|[RPC][JSONRPC][initMethod],method=getSystemConfigByKey
info|2026-02-06 13:59:59.991647|fisco-bcos-0x00007fbe2275ca00|[RPC][JSONRPC][initMethod],method=getPeers
info|2026-02-06 13:59:59.991657|fisco-bcos-0x00007fbe2275ca00|[RPC][JSONRPC][initMethod],method=getNodeListByType
info|2026-02-06 13:59:59.991659|fisco-bcos-0x00007fbe2275ca00|[RPC][JSONRPC][initMethod],method=getObserverList
info|2026-02-06 13:59:59.991662|fisco-bcos-0x00007fbe2275ca00|[RPC][JSONRPC][initMethod],method=getBlockHashByNumber
info|2026-02-06 13:59:59.991668|fisco-bcos-0x00007fbe2275ca00|[RPC][JSONRPC][initMethod],method=getBlockNumber
info|2026-02-06 13:59:59.991675|fisco-bcos-0x00007fbe2275ca00|[RPC][JSONRPC][initMethod],method=getSealerList
info|2026-02-06 13:59:59.991678|fisco-bcos-0x00007fbe2275ca00|[RPC][JSONRPC][initMethod],method=getTransactionReceipt
info|2026-02-06 13:59:59.991680|fisco-bcos-0x00007fbe2275ca00|[RPC][JSONRPC][initMethod],method=sendTransaction
info|2026-02-06 13:59:59.991683|fisco-bcos-0x00007fbe2275ca00|[RPC][JSONRPC][initMethod],method=call
info|2026-02-06 13:59:59.991690|fisco-bcos-0x00007fbe2275ca00|[RPC][JSONRPC][initMethod],method=getABI
info|2026-02-06 13:59:59.991694|fisco-bcos-0x00007fbe2275ca00|[RPC][JSONRPC][initMethod],method=newBlockFilter
info|2026-02-06 13:59:59.991696|fisco-bcos-0x00007fbe2275ca00|[RPC][JSONRPC][initMethod],method=getCode
info|2026-02-06 13:59:59.991699|fisco-bcos-0x00007fbe2275ca00|[RPC][JSONRPC][initMethod],method=uninstallFilter
info|2026-02-06 13:59:59.991784|fisco-bcos-0x00007fbe2275ca00|[RPC][JSONRPC][initMethod],method=getPendingTxSize
info|2026-02-06 13:59:59.991792|fisco-bcos-0x00007fbe2275ca00|[RPC][JSONRPC][initMethod],method=getSyncStatus
info|2026-02-06 13:59:59.991797|fisco-bcos-0x00007fbe2275ca00|[RPC][JSONRPC][initMethod],method=getTransaction
info|2026-02-06 13:59:59.991802|fisco-bcos-0x00007fbe2275ca00|[RPC][JSONRPC][initMethod],method=getConsensusStatus
info|2026-02-06 13:59:59.991806|fisco-bcos-0x00007fbe2275ca00|[RPC][JSONRPC][initMethod],method=getGroupPeers
info|2026-02-06 13:59:59.991808|fisco-bcos-0x00007fbe2275ca00|[RPC][JSONRPC][initMethod],method=newFilter
info|2026-02-06 13:59:59.991813|fisco-bcos-0x00007fbe2275ca00|[RPC][JSONRPC][initMethod],method=getGroupList
info|2026-02-06 13:59:59.991816|fisco-bcos-0x00007fbe2275ca00|[RPC][JSONRPC][initMethod],method=getBlockByHash
info|2026-02-06 13:59:59.991818|fisco-bcos-0x00007fbe2275ca00|[RPC][JSONRPC][initMethod],method=getPbftView
info|2026-02-06 13:59:59.991875|fisco-bcos-0x00007fbe2275ca00|[RPC][JSONRPC][initMethod],method=newPendingTransactionFilter
info|2026-02-06 13:59:59.991880|fisco-bcos-0x00007fbe2275ca00|[RPC][JSONRPC][initMethod],method=getFilterLogs
info|2026-02-06 13:59:59.991887|fisco-bcos-0x00007fbe2275ca00|[RPC][JSONRPC][initMethod],method=getFilterChanges
info|2026-02-06 13:59:59.991891|fisco-bcos-0x00007fbe2275ca00|[RPC][JSONRPC][initMethod],method=getGroupInfoList
info|2026-02-06 13:59:59.991894|fisco-bcos-0x00007fbe2275ca00|[RPC][JSONRPC][initMethod],method=getBlockByNumber
info|2026-02-06 13:59:59.991901|fisco-bcos-0x00007fbe2275ca00|[RPC][JSONRPC][initMethod],method=getTotalTransactionCount
info|2026-02-06 13:59:59.991928|fisco-bcos-0x00007fbe2275ca00|[RPC][JSONRPC][initMethod],method=getGroupInfo
info|2026-02-06 13:59:59.991937|fisco-bcos-0x00007fbe2275ca00|[RPC][JSONRPC][initMethod],method=getGroupNodeInfo
info|2026-02-06 13:59:59.991940|fisco-bcos-0x00007fbe2275ca00|[RPC][JSONRPC][initMethod],size=32
info|2026-02-06 13:59:59.991954|fisco-bcos-0x00007fbe2275ca00|[RPC]create event sub obj
info|2026-02-06 13:59:59.991968|fisco-bcos-0x00007fbe2275ca00|[GROUP]initNodeInfo,group=group0,nodeName=localNode
info|2026-02-06 13:59:59.992049|fisco-bcos-0x00007fbe2275ca00|[GROUP]initNodeInfo success,group=group0,nodeName=localNode,number=15
info|2026-02-06 13:59:59.992099|fisco-bcos-0x00007fbe2275ca00|[INITIALIZER][METRIC],binaryVersion=3.11.0,buildTime=20240827 04:30:34,buildType=Release,platform=Linux/g++,gitBranch=HEAD,commitHash=3fea676716990b2ed453b4f079915daafff451f9
info|2026-02-06 13:59:59.992768|fisco-bcos-0x00007fbe2275ca00|[INITIALIZER]Start the txpool
info|2026-02-06 13:59:59.992832|fisco-bcos-0x00007fbe2275ca00|[TXPOOL]Start the txpool.
info|2026-02-06 13:59:59.992840|fisco-bcos-0x00007fbe2275ca00|[BLOCK SYNC]enableAsMaster:true
info|2026-02-06 13:59:59.992852|fisco-bcos-0x00007fbe2275ca00|[Gateway][Router]insertNode,groupID=group0,minVersion=0,maxVersion=2,nodeID=21a47acec36f73d8e925a7d5db44793f998e1a42a6d7ee2e3a5cf4037b853452cb76f6cbab8e5b223a128e8ee15790d1f629858b47070b4eb2e1ddb2b0ada297,nodeType=CONSENSUS_NODE
info|2026-02-06 13:59:59.992862|fisco-bcos-0x00007fbe2275ca00|[INITIALIZER]registerNode,group=group0,node=21a47acec36f73d8e925a7d5db44793f998e1a42a6d7ee2e3a5cf4037b853452cb76f6cbab8e5b223a128e8ee15790d1f629858b47070b4eb2e1ddb2b0ada297,type=CONSENSUS_NODE
info|2026-02-06 13:59:59.992870|fisco-bcos-0x00007fbe2275ca00|[BLOCK SYNC]start fetch the ledger config for block sync module
info|2026-02-06 13:59:59.992930|fisco-bcos-0x00007fbe2275ca00|[TOOL]LedgerConfigFetcher: fetchBlockNumber success,blockNumber=15
info|2026-02-06 13:59:59.992982|fisco-bcos-0x00007fbe2275ca00|[TOOL]LedgerConfigFetcher: fetchBlockHash success,blockNumber=15,hash=a746f04b...
info|2026-02-06 13:59:59.992991|fisco-bcos-0x00007fbe2275ca00|[TOOL]fetchCompatibilityVersion
info|2026-02-06 13:59:59.993038|fisco-bcos-0x00007fbe2275ca00|[TOOL]fetchCompatibilityVersion success,version=3.11.0,versionNumber=51052544,minSupportedVersion=3.0.0-rc4,maxSupportedVersion=3.11.0
info|2026-02-06 13:59:59.993439|fisco-bcos-0x00007fbe2275ca00|[TOOL]fetchSystemConfig failed, use default value,code=3008,msg=Entry: feature_dmc2serial does not exists!,key=feature_dmc2serial,defaultValue=0
info|2026-02-06 13:59:59.993508|fisco-bcos-0x00007fbe2275ca00|[TOOL]fetchSystemConfig failed, use default value,code=3008,msg=Entry: feature_sharding does not exists!,key=feature_sharding,defaultValue=0
info|2026-02-06 13:59:59.993531|fisco-bcos-0x00007fbe2275ca00|[TOOL]fetchSystemConfig failed, use default value,code=3008,msg=Entry: feature_rpbft does not exists!,key=feature_rpbft,defaultValue=0
info|2026-02-06 13:59:59.993554|fisco-bcos-0x00007fbe2275ca00|[TOOL]fetchSystemConfig failed, use default value,code=3008,msg=Entry: feature_paillier does not exists!,key=feature_paillier,defaultValue=0
info|2026-02-06 13:59:59.993613|fisco-bcos-0x00007fbe2275ca00|[TOOL]fetchSystemConfig failed, use default value,code=3008,msg=Entry: feature_balance does not exists!,key=feature_balance,defaultValue=0
info|2026-02-06 13:59:59.993642|fisco-bcos-0x00007fbe2275ca00|[TOOL]fetchSystemConfig failed, use default value,code=3008,msg=Entry: feature_balance_precompiled does not exists!,key=feature_balance_precompiled,defaultValue=0
info|2026-02-06 13:59:59.993700|fisco-bcos-0x00007fbe2275ca00|[TOOL]fetchSystemConfig failed, use default value,code=3008,msg=Entry: feature_balance_policy1 does not exists!,key=feature_balance_policy1,defaultValue=0
info|2026-02-06 13:59:59.993759|fisco-bcos-0x00007fbe2275ca00|[TOOL]fetchSystemConfig failed, use default value,code=3008,msg=Entry: feature_paillier_add_raw does not exists!,key=feature_paillier_add_raw,defaultValue=0
info|2026-02-06 13:59:59.993781|fisco-bcos-0x00007fbe2275ca00|[TOOL]fetchSystemConfig failed, use default value,code=3008,msg=Entry: feature_evm_cancun does not exists!,key=feature_evm_cancun,defaultValue=0
info|2026-02-06 13:59:59.993823|fisco-bcos-0x00007fbe2275ca00|[TOOL]fetchConsensusNodeList success,size=4
info|2026-02-06 13:59:59.993851|fisco-bcos-0x00007fbe2275ca00|[TOOL]fetchObserverNodeList success,size=0
info|2026-02-06 13:59:59.993870|fisco-bcos-0x00007fbe2275ca00|[TOOL]fetchCandidateSealerList success,size=0
info|2026-02-06 13:59:59.993888|fisco-bcos-0x00007fbe2275ca00|[TOOL]fetchGenesisHash success,genesisHash=25d20f1c...
info|2026-02-06 13:59:59.993894|fisco-bcos-0x00007fbe2275ca00|[BLOCK SYNC]fetch the ledger config for block sync module success,number=15,latestHash=a746f04b...,genesisHash=25d20f1c7ba5c73a1e512bbabf583992a464d04d9c35a44e10d8c6c8f07c9983
info|2026-02-06 13:59:59.993904|fisco-bcos-0x00007fbe2275ca00|[BLOCK SYNC]init block sync success
info|2026-02-06 13:59:59.993914|fisco-bcos-0x00007fbe2275ca00|[CONSENSUS][PBFT]enableAsMasterNode: clearAllCache for the node switch into backup node
info|2026-02-06 13:59:59.993920|fisco-bcos-0x00007fbe2275ca00|[CONSENSUS][PBFT]enableAsMasterNode: true
info|2026-02-06 13:59:59.993944|fisco-bcos-0x00007fbe2275ca00|[INITIALIZER]Election versionInfoNotification success,version=51052544
info|2026-02-06 13:59:59.993949|fisco-bcos-0x00007fbe2275ca00|[CONSENSUS][PBFT]enableAsMasterNode: init and start the consensus module
info|2026-02-06 13:59:59.993953|fisco-bcos-0x00007fbe2275ca00|[CONSENSUS][PBFT]asyncResetTxPool when startup
info|2026-02-06 13:59:59.993995|fisco-bcos-0x00007fbe2275ca00|[TXPOOL]asyncResetTxPool,txsSize=0
info|2026-02-06 13:59:59.994030|fisco-bcos-0x00007fbe2275ca00|[CONSENSUS][PBFT]fetchAndUpdateLedgerConfig
info|2026-02-06 13:59:59.994055|fisco-bcos-0x00007fbe2275ca00|[TOOL]LedgerConfigFetcher: fetchBlockNumber success,blockNumber=15
info|2026-02-06 13:59:59.994073|fisco-bcos-0x00007fbe2275ca00|[TOOL]LedgerConfigFetcher: fetchBlockHash success,blockNumber=15,hash=a746f04b...
info|2026-02-06 13:59:59.994081|fisco-bcos-0x00007fbe2275ca00|[TOOL]fetchCompatibilityVersion
info|2026-02-06 13:59:59.994139|fisco-bcos-0x00007fbe2275ca00|[TOOL]fetchCompatibilityVersion success,version=3.11.0,versionNumber=51052544,minSupportedVersion=3.0.0-rc4,maxSupportedVersion=3.11.0
info|2026-02-06 13:59:59.994633|fisco-bcos-0x00007fbe2275ca00|[TOOL]fetchSystemConfig failed, use default value,code=3008,msg=Entry: feature_dmc2serial does not exists!,key=feature_dmc2serial,defaultValue=0
info|2026-02-06 13:59:59.994700|fisco-bcos-0x00007fbe2275ca00|[TOOL]fetchSystemConfig failed, use default value,code=3008,msg=Entry: feature_sharding does not exists!,key=feature_sharding,defaultValue=0
info|2026-02-06 13:59:59.994721|fisco-bcos-0x00007fbe2275ca00|[TOOL]fetchSystemConfig failed, use default value,code=3008,msg=Entry: feature_rpbft does not exists!,key=feature_rpbft,defaultValue=0
info|2026-02-06 13:59:59.994737|fisco-bcos-0x00007fbe2275ca00|[TOOL]fetchSystemConfig failed, use default value,code=3008,msg=Entry: feature_paillier does not exists!,key=feature_paillier,defaultValue=0
info|2026-02-06 13:59:59.994757|fisco-bcos-0x00007fbe2275ca00|[TOOL]fetchSystemConfig failed, use default value,code=3008,msg=Entry: feature_balance does not exists!,key=feature_balance,defaultValue=0
info|2026-02-06 13:59:59.994774|fisco-bcos-0x00007fbe2275ca00|[TOOL]fetchSystemConfig failed, use default value,code=3008,msg=Entry: feature_balance_precompiled does not exists!,key=feature_balance_precompiled,defaultValue=0
info|2026-02-06 13:59:59.994790|fisco-bcos-0x00007fbe2275ca00|[TOOL]fetchSystemConfig failed, use default value,code=3008,msg=Entry: feature_balance_policy1 does not exists!,key=feature_balance_policy1,defaultValue=0
info|2026-02-06 13:59:59.994807|fisco-bcos-0x00007fbe2275ca00|[TOOL]fetchSystemConfig failed, use default value,code=3008,msg=Entry: feature_paillier_add_raw does not exists!,key=feature_paillier_add_raw,defaultValue=0
info|2026-02-06 13:59:59.994825|fisco-bcos-0x00007fbe2275ca00|[TOOL]fetchSystemConfig failed, use default value,code=3008,msg=Entry: feature_evm_cancun does not exists!,key=feature_evm_cancun,defaultValue=0
info|2026-02-06 13:59:59.994858|fisco-bcos-0x00007fbe2275ca00|[TOOL]fetchConsensusNodeList success,size=4
info|2026-02-06 13:59:59.994881|fisco-bcos-0x00007fbe2275ca00|[TOOL]fetchObserverNodeList success,size=0
info|2026-02-06 13:59:59.994903|fisco-bcos-0x00007fbe2275ca00|[TOOL]fetchCandidateSealerList success,size=0
info|2026-02-06 13:59:59.994930|fisco-bcos-0x00007fbe2275ca00|[TOOL]fetchBlockTxCountLimit success,value=1000
info|2026-02-06 13:59:59.994951|fisco-bcos-0x00007fbe2275ca00|[TOOL]fetchGenesisHash success,genesisHash=25d20f1c...
info|2026-02-06 13:59:59.994976|fisco-bcos-0x00007fbe2275ca00|[TOOL]fetchConsensusLeaderPeriod success,value=1
info|2026-02-06 13:59:59.994994|fisco-bcos-0x00007fbe2275ca00|[TOOL]fetchAuthCheckStatus success,value=0
info|2026-02-06 13:59:59.995012|fisco-bcos-0x00007fbe2275ca00|[TOOL]fetchSystemConfig failed, use default value,code=3008,msg=Entry: feature_rpbft_epoch_sealer_num does not exists!,key=feature_rpbft_epoch_sealer_num,defaultValue=4
info|2026-02-06 13:59:59.995016|fisco-bcos-0x00007fbe2275ca00|[TOOL]fetchEpochSealerNum success,value=4
info|2026-02-06 13:59:59.995031|fisco-bcos-0x00007fbe2275ca00|[TOOL]fetchSystemConfig failed, use default value,code=3008,msg=Entry: feature_rpbft_epoch_block_num does not exists!,key=feature_rpbft_epoch_block_num,defaultValue=1000
info|2026-02-06 13:59:59.995035|fisco-bcos-0x00007fbe2275ca00|[TOOL]fetchEpochBlockNum success,value=1000
info|2026-02-06 13:59:59.995051|fisco-bcos-0x00007fbe2275ca00|[TOOL]fetchSystemConfig failed, use default value,code=3008,msg=Entry: feature_rpbft_notify_rotate does not exists!,key=feature_rpbft_notify_rotate,defaultValue=0
info|2026-02-06 13:59:59.995056|fisco-bcos-0x00007fbe2275ca00|[TOOL]fetchNotifyRotateFlagInfo success,value=0
info|2026-02-06 13:59:59.995059|fisco-bcos-0x00007fbe2275ca00|[CONSENSUS][PBFT]fetchAndUpdateLedgerConfig success,blockNumber=15,hash=a746f04b...,maxTxsPerBlock=1000,consensusNodeList=4
info|2026-02-06 13:59:59.995065|fisco-bcos-0x00007fbe2275ca00|[CONSENSUS][PBFT]init PBFT success
info|2026-02-06 13:59:59.995070|fisco-bcos-0x00007fbe2275ca00|[CONSENSUS][PBFT]fetch PBFT state
info|2026-02-06 13:59:59.995141|fisco-bcos-0x00007fbe2275ca00|[CONSENSUS][PBFT][STORAGE]asyncGetLatestCommittedProposalIndex,latestCommittedProposalIndex=15
info|2026-02-06 13:59:59.995149|fisco-bcos-0x00007fbe2275ca00|[CONSENSUS][PBFT][STORAGE]no need to fetch committed proposal,maxCommittedProposal=15,stableCheckPoint=15
info|2026-02-06 13:59:59.995160|fisco-bcos-0x00007fbe2275ca00|[CONSENSUS][PBFT]restart the consensus module
info|2026-02-06 13:59:59.995168|fisco-bcos-0x00007fbe2275ca00|[INITIALIZER]Election versionInfoNotification success,version=51052544
info|2026-02-06 13:59:59.995216|fisco-bcos-0x00007fbe2275ca00|[CONSENSUS][PBFT]notify the committed proposal index to the sync module success,index=15
info|2026-02-06 13:59:59.995355|fisco-bcos-0x00007fbe2275ca00|[CONSENSUS][PBFT]broadcastViewChangeReq,reqHash=a746f04b...,reqIndex=15,reqV=1,fromIdx=1,wait(ms)=0,packetSize=160
info|2026-02-06 13:59:59.995371|fisco-bcos-0x00007fbe2275ca00|[CONSENSUS][PBFT]addViewChangeReq,reqHash=a746f04b...,reqIndex=15,reqV=1,fromIdx=1,wait(ms)=0,weight=1,maxCommittedIndex=15,maxPrecommitIndex=0 preparedProposalInfo: ,committedIndex=15,consNum=16,committedHash=a746f04b...,view=0,toView=1,changeCycle=0,expectedCheckPoint=16,Idx=1,unsealedTxs=0,sealUntil=0,waitResealUntil=0,consensusTimeout=3000,nodeId=21a47ace...
info|2026-02-06 13:59:59.995389|fisco-bcos-0x00007fbe2275ca00|[CONSENSUS][SEALER]start the sealer
info|2026-02-06 13:59:59.996153|fisco-bcos-0x00007fbe2275ca00|[BLOCK SYNC]Start BlockSync
info|2026-02-06 13:59:59.996270|fisco-bcos-0x00007fbe2275ca00|[CONSENSUS][Core]Start the consensusEngine
info|2026-02-06 13:59:59.996824|fisco-bcos-0x00007fbe2275ca00|[CONSENSUS][PBFT]notify the committed proposal index to the sync module success,index=15
info|2026-02-06 13:59:59.996948|fisco-bcos-0x00007fbe2275ca00|[CONSENSUS][PBFT]broadcastViewChangeReq,reqHash=a746f04b...,reqIndex=15,reqV=2,fromIdx=1,wait(ms)=0,packetSize=160
info|2026-02-06 13:59:59.996991|fisco-bcos-0x00007fbe2275ca00|[CONSENSUS][PBFT]addViewChangeReq,reqHash=a746f04b...,reqIndex=15,reqV=2,fromIdx=1,wait(ms)=1,weight=1,maxCommittedIndex=15,maxPrecommitIndex=0 preparedProposalInfo: ,committedIndex=15,consNum=16,committedHash=a746f04b...,view=0,toView=2,changeCycle=0,expectedCheckPoint=16,Idx=1,unsealedTxs=0,sealUntil=0,waitResealUntil=0,consensusTimeout=3000,nodeId=21a47ace...
info|2026-02-06 13:59:59.997013|fisco-bcos-0x00007fbe2275ca00|[CONSENSUS][PBFT]Start the PBFT module.
info|2026-02-06 13:59:59.997036|fisco-bcos-0x00007fbe2275ca00|[FRONTSERVICE]Start the front service
info|2026-02-06 13:59:59.997060|fisco-bcos-0x00007fbe2275ca00|[FrontService][start]asyncGetGroupNodeInfo callback,node size=1
info|2026-02-06 13:59:59.997091|fisco-bcos-0x00007fbe2275ca00|[FrontService]protocolNegotiate success,nodeID=21a47acec36f73d8e925a7d5db44793f998e1a42a6d7ee2e3a5cf4037b853452cb76f6cbab8e5b223a128e8ee15790d1f629858b47070b4eb2e1ddb2b0ada297,groupID=group0,minVersion=0,maxVersion=2,supportedMinVersion=0,supportedMaxVersion=2,version=2
info|2026-02-06 13:59:59.997099|fisco-bcos-0x00007fbe2275ca00|[FrontService]onReceiveGroupNodeInfo,groupID=group0,nodeIDs.size()=1
info|2026-02-06 13:59:59.997598|fisco-bcos-0x00007fbdf19f76c0|SyncConfig: setConnectedNodeList,size=1
info|2026-02-06 13:59:59.997672|fisco-bcos-0x00007fbe2275ca00|[FrontService]start,nodeID=21a47acec36f73d8e925a7d5db44793f998e1a42a6d7ee2e3a5cf4037b853452cb76f6cbab8e5b223a128e8ee15790d1f629858b47070b4eb2e1ddb2b0ada297,groupID=group0
info|2026-02-06 13:59:59.997694|fisco-bcos-0x00007fbe2275ca00|[FrontService]register module,count=13
info|2026-02-06 13:59:59.997699|fisco-bcos-0x00007fbe2275ca00|[FrontService]register module,moduleID=4005
info|2026-02-06 13:59:59.997703|fisco-bcos-0x00007fbe2275ca00|[FrontService]register module,moduleID=4006
info|2026-02-06 13:59:59.997706|fisco-bcos-0x00007fbe2275ca00|[FrontService]register module,moduleID=4001
info|2026-02-06 13:59:59.997708|fisco-bcos-0x00007fbe2275ca00|[FrontService]register module,moduleID=4000
info|2026-02-06 13:59:59.997714|fisco-bcos-0x00007fbe2275ca00|[FrontService]register module,moduleID=6000
info|2026-02-06 13:59:59.997716|fisco-bcos-0x00007fbe2275ca00|[FrontService]register module,moduleID=5000
info|2026-02-06 13:59:59.997719|fisco-bcos-0x00007fbe2275ca00|[FrontService]register module,moduleID=4002
info|2026-02-06 13:59:59.997722|fisco-bcos-0x00007fbe2275ca00|[FrontService]register module,moduleID=2000
info|2026-02-06 13:59:59.997725|fisco-bcos-0x00007fbe2275ca00|[FrontService]register module,moduleID=4004
info|2026-02-06 13:59:59.997727|fisco-bcos-0x00007fbe2275ca00|[FrontService]register module,moduleID=2002
info|2026-02-06 13:59:59.997738|fisco-bcos-0x00007fbe2275ca00|[FrontService]register module,moduleID=4003
info|2026-02-06 13:59:59.997740|fisco-bcos-0x00007fbe2275ca00|[FrontService]register module,moduleID=2001
info|2026-02-06 13:59:59.997744|fisco-bcos-0x00007fbdf19f76c0|SyncConfig: setConnectedNodeList,size=1
info|2026-02-06 13:59:59.997783|fisco-bcos-0x00007fbdf19f76c0|[FRONTSERVICE]notifyGroupNodeInfo,connectedNodeSize=1
info|2026-02-06 13:59:59.997789|fisco-bcos-0x00007fbe2275ca00|[FrontService]register module,moduleID=1000
info|2026-02-06 13:59:59.998114|fisco-bcos-0x00007fbe2275ca00|[NETWORK][Host]P2P StartAccept,Host=0.0.0.0:30301
info|2026-02-06 13:59:59.998947|fisco-bcos-0x00007fbdf73ff6c0|[TIMESYNC]updateTimeInfo: update median time offset,updatedMedianTimeOffset=0,peer=21a47ace...,peerTime=1770357599996,peerOffset=-2,utcTime=1770357599998
info|2026-02-06 14:00:00.004212|fisco-bcos-0x00007fbe2275ca00|[NETWORK][Host]Connecting to node,endpoint=127.0.0.1:30300
info|2026-02-06 14:00:00.005031|fisco-bcos-0x00007fbe2275ca00|[NETWORK][Host]Connecting to node,endpoint=127.0.0.1:30301
info|2026-02-06 14:00:00.005220|fisco-bcos-0x00007fbe2275ca00|[NETWORK][Host]Connecting to node,endpoint=127.0.0.1:30302
info|2026-02-06 14:00:00.005350|fisco-bcos-0x00007fbe2275ca00|[NETWORK][Host]Connecting to node,endpoint=127.0.0.1:30303
info|2026-02-06 14:00:00.005522|fisco-bcos-0x00007fbe2275ca00|[P2PService][Service][METRIC]heartBeat,connected count=0
info|2026-02-06 14:00:00.005606|fisco-bcos-0x00007fbe2275ca00|[Gateway][Gateway]start end.
info|2026-02-06 14:00:00.005833|fisco-bcos-0x00007fbe2275ca00|[EVENT][SUB][start]start event sub successfully
info|2026-02-06 14:00:00.005886|fisco-bcos-0x00007fbe2275ca00|[startThread]start the timer thread
