info|2025-12-21 01:00:01.863469|timerFactory-0x000071d261bff640|[RPC][WS][SERVICE]connected nodes,count=0
info|2025-12-21 01:00:03.736267|ioService-0x000071d2747fe640|[P2PService][Service][METRIC]heartBeat,connected count=3
info|2025-12-21 01:00:11.863498|timerFactory-0x000071d261bff640|[RPC][WS][SERVICE]connected nodes,count=0
info|2025-12-21 01:00:13.736330|ioService-0x000071d2747fe640|[P2PService][Service][METRIC]heartBeat,connected count=3
info|2025-12-21 01:00:21.863525|timerFactory-0x000071d261bff640|[RPC][WS][SERVICE]connected nodes,count=0
info|2025-12-21 01:00:23.736353|ioService-0x000071d2747fe640|[P2PService][Service][METRIC]heartBeat,connected count=3
info|2025-12-21 01:00:31.863547|timerFactory-0x000071d261bff640|[RPC][WS][SERVICE]connected nodes,count=0
info|2025-12-21 01:00:33.736374|ioService-0x000071d2747fe640|[P2PService][Service][METRIC]heartBeat,connected count=3
info|2025-12-21 01:00:41.863568|timerFactory-0x000071d261bff640|[RPC][WS][SERVICE]connected nodes,count=0
info|2025-12-21 01:00:43.736395|ioService-0x000071d2747fe640|[P2PService][Service][METRIC]heartBeat,connected count=3
info|2025-12-21 01:00:51.863590|timerFactory-0x000071d261bff640|[RPC][WS][SERVICE]connected nodes,count=0
info|2025-12-21 01:00:53.736498|ioService-0x000071d2747fe640|[P2PService][Service][METRIC]heartBeat,connected count=3
info|2025-12-21 01:00:58.971946|objMonitor-0x000071d24efff640|[startMonitor][AliveObjectMonitor],AliveObjectAllocStat=[ type: bcos::gateway::Socket ,created: 17 ,destroyed: 13 ,alive: 4 ] 
info|2025-12-21 01:01:01.863626|timerFactory-0x000071d261bff640|[RPC][WS][SERVICE]connected nodes,count=0
info|2025-12-21 01:01:03.736614|ioService-0x000071d2747fe640|[P2PService][Service][METRIC]heartBeat,connected count=3
info|2025-12-21 01:01:11.863658|timerFactory-0x000071d261bff640|[RPC][WS][SERVICE]connected nodes,count=0
info|2025-12-21 01:01:13.736711|ioService-0x000071d2747fe640|[P2PService][Service][METRIC]heartBeat,connected count=3
info|2025-12-21 01:01:21.863685|timerFactory-0x000071d261bff640|[RPC][WS][SERVICE]connected nodes,count=0
info|2025-12-21 01:01:23.736754|ioService-0x000071d2747fe640|[P2PService][Service][METRIC]heartBeat,connected count=3
info|2025-12-21 01:01:31.863704|timerFactory-0x000071d261bff640|[RPC][WS][SERVICE]connected nodes,count=0
info|2025-12-21 01:01:33.736845|ioService-0x000071d2747fe640|[P2PService][Service][METRIC]heartBeat,connected count=3
info|2025-12-21 01:01:41.863793|timerFactory-0x000071d261bff640|[RPC][WS][SERVICE]connected nodes,count=0
info|2025-12-21 01:01:43.736870|ioService-0x000071d2747fe640|[P2PService][Service][METRIC]heartBeat,connected count=3
info|2025-12-21 01:01:51.863837|timerFactory-0x000071d261bff640|[RPC][WS][SERVICE]connected nodes,count=0
info|2025-12-21 01:01:53.736929|ioService-0x000071d2747fe640|[P2PService][Service][METRIC]heartBeat,connected count=3
info|2025-12-21 01:01:58.971989|objMonitor-0x000071d24efff640|[startMonitor][AliveObjectMonitor],AliveObjectAllocStat=[ type: bcos::gateway::Socket ,created: 17 ,destroyed: 13 ,alive: 4 ] 
info|2025-12-21 01:02:01.863858|timerFactory-0x000071d261bff640|[RPC][WS][SERVICE]connected nodes,count=0
info|2025-12-21 01:02:03.737057|ioService-0x000071d2747fe640|[P2PService][Service][METRIC]heartBeat,connected count=3
info|2025-12-21 01:02:11.863880|timerFactory-0x000071d261bff640|[RPC][WS][SERVICE]connected nodes,count=0
info|2025-12-21 01:02:13.737127|ioService-0x000071d2747fe640|[P2PService][Service][METRIC]heartBeat,connected count=3
info|2025-12-21 01:02:21.863902|timerFactory-0x000071d261bff640|[RPC][WS][SERVICE]connected nodes,count=0
info|2025-12-21 01:02:23.737160|ioService-0x000071d2747fe640|[P2PService][Service][METRIC]heartBeat,connected count=3
info|2025-12-21 01:02:31.863926|timerFactory-0x000071d261bff640|[RPC][WS][SERVICE]connected nodes,count=0
info|2025-12-21 01:02:33.737194|ioService-0x000071d2747fe640|[P2PService][Service][METRIC]heartBeat,connected count=3
info|2025-12-21 01:02:41.863947|timerFactory-0x000071d261bff640|[RPC][WS][SERVICE]connected nodes,count=0
info|2025-12-21 01:02:43.737286|ioService-0x000071d2747fe640|[P2PService][Service][METRIC]heartBeat,connected count=3
info|2025-12-21 01:02:51.863970|timerFactory-0x000071d261bff640|[RPC][WS][SERVICE]connected nodes,count=0
info|2025-12-21 01:02:53.737384|ioService-0x000071d2747fe640|[P2PService][Service][METRIC]heartBeat,connected count=3
info|2025-12-21 01:02:58.972052|objMonitor-0x000071d24efff640|[startMonitor][AliveObjectMonitor],AliveObjectAllocStat=[ type: bcos::gateway::Socket ,created: 17 ,destroyed: 13 ,alive: 4 ] 
info|2025-12-21 01:03:01.863997|timerFactory-0x000071d261bff640|[RPC][WS][SERVICE]connected nodes,count=0
info|2025-12-21 01:03:03.737456|ioService-0x000071d2747fe640|[P2PService][Service][METRIC]heartBeat,connected count=3
info|2025-12-21 01:03:11.864014|timerFactory-0x000071d261bff640|[RPC][WS][SERVICE]connected nodes,count=0
info|2025-12-21 01:03:13.737532|ioService-0x000071d2747fe640|[P2PService][Service][METRIC]heartBeat,connected count=3
info|2025-12-21 01:03:21.864033|timerFactory-0x000071d261bff640|[RPC][WS][SERVICE]connected nodes,count=0
info|2025-12-21 01:03:23.737566|ioService-0x000071d2747fe640|[P2PService][Service][METRIC]heartBeat,connected count=3
info|2025-12-21 01:03:31.864052|timerFactory-0x000071d261bff640|[RPC][WS][SERVICE]connected nodes,count=0
info|2025-12-21 01:03:33.737598|ioService-0x000071d2747fe640|[P2PService][Service][METRIC]heartBeat,connected count=3
info|2025-12-21 01:03:41.864072|timerFactory-0x000071d261bff640|[RPC][WS][SERVICE]connected nodes,count=0
info|2025-12-21 01:03:43.737660|ioService-0x000071d2747fe640|[P2PService][Service][METRIC]heartBeat,connected count=3
info|2025-12-21 01:03:51.864091|timerFactory-0x000071d261bff640|[RPC][WS][SERVICE]connected nodes,count=0
info|2025-12-21 01:03:53.737687|ioService-0x000071d2747fe640|[P2PService][Service][METRIC]heartBeat,connected count=3
info|2025-12-21 01:03:58.972132|objMonitor-0x000071d24efff640|[startMonitor][AliveObjectMonitor],AliveObjectAllocStat=[ type: bcos::gateway::Socket ,created: 17 ,destroyed: 13 ,alive: 4 ] 
info|2025-12-21 01:04:01.864117|timerFactory-0x000071d261bff640|[RPC][WS][SERVICE]connected nodes,count=0
info|2025-12-21 01:04:03.737719|ioService-0x000071d2747fe640|[P2PService][Service][METRIC]heartBeat,connected count=3
info|2025-12-21 01:04:11.864139|timerFactory-0x000071d261bff640|[RPC][WS][SERVICE]connected nodes,count=0
info|2025-12-21 01:04:13.737745|ioService-0x000071d2747fe640|[P2PService][Service][METRIC]heartBeat,connected count=3
info|2025-12-21 01:04:21.864166|timerFactory-0x000071d261bff640|[RPC][WS][SERVICE]connected nodes,count=0
info|2025-12-21 01:04:23.737809|ioService-0x000071d2747fe640|[P2PService][Service][METRIC]heartBeat,connected count=3
info|2025-12-21 01:04:31.864196|timerFactory-0x000071d261bff640|[RPC][WS][SERVICE]connected nodes,count=0
info|2025-12-21 01:04:33.737847|ioService-0x000071d2747fe640|[P2PService][Service][METRIC]heartBeat,connected count=3
info|2025-12-21 01:04:41.864226|timerFactory-0x000071d261bff640|[RPC][WS][SERVICE]connected nodes,count=0
info|2025-12-21 01:04:43.737878|ioService-0x000071d2747fe640|[P2PService][Service][METRIC]heartBeat,connected count=3
info|2025-12-21 01:04:51.864249|timerFactory-0x000071d261bff640|[RPC][WS][SERVICE]connected nodes,count=0
info|2025-12-21 01:04:53.737930|ioService-0x000071d2747fe640|[P2PService][Service][METRIC]heartBeat,connected count=3
info|2025-12-21 01:04:58.972192|objMonitor-0x000071d24efff640|[startMonitor][AliveObjectMonitor],AliveObjectAllocStat=[ type: bcos::gateway::Socket ,created: 17 ,destroyed: 13 ,alive: 4 ] 
info|2025-12-21 01:05:01.864279|timerFactory-0x000071d261bff640|[RPC][WS][SERVICE]connected nodes,count=0
info|2025-12-21 01:05:03.737991|ioService-0x000071d2747fe640|[P2PService][Service][METRIC]heartBeat,connected count=3
info|2025-12-21 01:05:11.864305|timerFactory-0x000071d261bff640|[RPC][WS][SERVICE]connected nodes,count=0
info|2025-12-21 01:05:13.738058|ioService-0x000071d2747fe640|[P2PService][Service][METRIC]heartBeat,connected count=3
info|2025-12-21 01:05:21.864343|timerFactory-0x000071d261bff640|[RPC][WS][SERVICE]connected nodes,count=0
info|2025-12-21 01:05:23.738078|ioService-0x000071d2747fe640|[P2PService][Service][METRIC]heartBeat,connected count=3
info|2025-12-21 01:05:31.864392|timerFactory-0x000071d261bff640|[RPC][WS][SERVICE]connected nodes,count=0
info|2025-12-21 01:05:33.738098|ioService-0x000071d2747fe640|[P2PService][Service][METRIC]heartBeat,connected count=3
info|2025-12-21 01:05:41.864468|timerFactory-0x000071d261bff640|[RPC][WS][SERVICE]connected nodes,count=0
info|2025-12-21 01:05:43.738116|ioService-0x000071d2747fe640|[P2PService][Service][METRIC]heartBeat,connected count=3
info|2025-12-21 01:05:51.864529|timerFactory-0x000071d261bff640|[RPC][WS][SERVICE]connected nodes,count=0
info|2025-12-21 01:05:53.738175|ioService-0x000071d2747fe640|[P2PService][Service][METRIC]heartBeat,connected count=3
info|2025-12-21 01:05:58.972274|objMonitor-0x000071d24efff640|[startMonitor][AliveObjectMonitor],AliveObjectAllocStat=[ type: bcos::gateway::Socket ,created: 17 ,destroyed: 13 ,alive: 4 ] 
info|2025-12-21 01:06:01.864601|timerFactory-0x000071d261bff640|[RPC][WS][SERVICE]connected nodes,count=0
info|2025-12-21 01:06:03.738204|ioService-0x000071d2747fe640|[P2PService][Service][METRIC]heartBeat,connected count=3
info|2025-12-21 01:06:11.864622|timerFactory-0x000071d261bff640|[RPC][WS][SERVICE]connected nodes,count=0
info|2025-12-21 01:06:13.738235|ioService-0x000071d2747fe640|[P2PService][Service][METRIC]heartBeat,connected count=3
info|2025-12-21 01:06:21.864702|timerFactory-0x000071d261bff640|[RPC][WS][SERVICE]connected nodes,count=0
info|2025-12-21 01:06:23.738265|ioService-0x000071d2747fe640|[P2PService][Service][METRIC]heartBeat,connected count=3
info|2025-12-21 01:06:31.864725|timerFactory-0x000071d261bff640|[RPC][WS][SERVICE]connected nodes,count=0
info|2025-12-21 01:06:33.738306|ioService-0x000071d2747fe640|[P2PService][Service][METRIC]heartBeat,connected count=3
info|2025-12-21 01:06:41.864745|timerFactory-0x000071d261bff640|[RPC][WS][SERVICE]connected nodes,count=0
info|2025-12-21 01:06:43.738340|ioService-0x000071d2747fe640|[P2PService][Service][METRIC]heartBeat,connected count=3
info|2025-12-21 01:06:51.864766|timerFactory-0x000071d261bff640|[RPC][WS][SERVICE]connected nodes,count=0
info|2025-12-21 01:06:53.738376|ioService-0x000071d2747fe640|[P2PService][Service][METRIC]heartBeat,connected count=3
info|2025-12-21 01:06:58.972313|objMonitor-0x000071d24efff640|[startMonitor][AliveObjectMonitor],AliveObjectAllocStat=[ type: bcos::gateway::Socket ,created: 17 ,destroyed: 13 ,alive: 4 ] 
info|2025-12-21 01:07:01.864785|timerFactory-0x000071d261bff640|[RPC][WS][SERVICE]connected nodes,count=0
info|2025-12-21 01:07:03.738426|ioService-0x000071d2747fe640|[P2PService][Service][METRIC]heartBeat,connected count=3
info|2025-12-21 01:07:11.864855|timerFactory-0x000071d261bff640|[RPC][WS][SERVICE]connected nodes,count=0
info|2025-12-21 01:07:13.738479|ioService-0x000071d2747fe640|[P2PService][Service][METRIC]heartBeat,connected count=3
info|2025-12-21 01:07:21.864874|timerFactory-0x000071d261bff640|[RPC][WS][SERVICE]connected nodes,count=0
info|2025-12-21 01:07:23.738572|ioService-0x000071d2747fe640|[P2PService][Service][METRIC]heartBeat,connected count=3
info|2025-12-21 01:07:31.864896|timerFactory-0x000071d261bff640|[RPC][WS][SERVICE]connected nodes,count=0
info|2025-12-21 01:07:33.738631|ioService-0x000071d2747fe640|[P2PService][Service][METRIC]heartBeat,connected count=3
info|2025-12-21 01:07:41.864919|timerFactory-0x000071d261bff640|[RPC][WS][SERVICE]connected nodes,count=0
info|2025-12-21 01:07:43.738657|ioService-0x000071d2747fe640|[P2PService][Service][METRIC]heartBeat,connected count=3
info|2025-12-21 01:07:51.864939|timerFactory-0x000071d261bff640|[RPC][WS][SERVICE]connected nodes,count=0
info|2025-12-21 01:07:53.738732|ioService-0x000071d2747fe640|[P2PService][Service][METRIC]heartBeat,connected count=3
info|2025-12-21 01:07:58.972439|objMonitor-0x000071d24efff640|[startMonitor][AliveObjectMonitor],AliveObjectAllocStat=[ type: bcos::gateway::Socket ,created: 17 ,destroyed: 13 ,alive: 4 ] 
info|2025-12-21 01:08:01.864963|timerFactory-0x000071d261bff640|[RPC][WS][SERVICE]connected nodes,count=0
info|2025-12-21 01:08:03.738827|ioService-0x000071d2747fe640|[P2PService][Service][METRIC]heartBeat,connected count=3
info|2025-12-21 01:08:11.864984|timerFactory-0x000071d261bff640|[RPC][WS][SERVICE]connected nodes,count=0
info|2025-12-21 01:08:13.738899|ioService-0x000071d2747fe640|[P2PService][Service][METRIC]heartBeat,connected count=3
info|2025-12-21 01:08:21.865049|timerFactory-0x000071d261bff640|[RPC][WS][SERVICE]connected nodes,count=0
info|2025-12-21 01:08:23.738931|ioService-0x000071d2747fe640|[P2PService][Service][METRIC]heartBeat,connected count=3
info|2025-12-21 01:08:31.865072|timerFactory-0x000071d261bff640|[RPC][WS][SERVICE]connected nodes,count=0
info|2025-12-21 01:08:33.738958|ioService-0x000071d2747fe640|[P2PService][Service][METRIC]heartBeat,connected count=3
info|2025-12-21 01:08:41.865095|timerFactory-0x000071d261bff640|[RPC][WS][SERVICE]connected nodes,count=0
info|2025-12-21 01:08:43.739068|ioService-0x000071d2747fe640|[P2PService][Service][METRIC]heartBeat,connected count=3
info|2025-12-21 01:08:51.865117|timerFactory-0x000071d261bff640|[RPC][WS][SERVICE]connected nodes,count=0
info|2025-12-21 01:08:53.739114|ioService-0x000071d2747fe640|[P2PService][Service][METRIC]heartBeat,connected count=3
info|2025-12-21 01:08:58.972514|objMonitor-0x000071d24efff640|[startMonitor][AliveObjectMonitor],AliveObjectAllocStat=[ type: bcos::gateway::Socket ,created: 17 ,destroyed: 13 ,alive: 4 ] 
info|2025-12-21 01:09:01.865146|timerFactory-0x000071d261bff640|[RPC][WS][SERVICE]connected nodes,count=0
info|2025-12-21 01:09:03.739194|ioService-0x000071d2747fe640|[P2PService][Service][METRIC]heartBeat,connected count=3
info|2025-12-21 01:09:11.865171|timerFactory-0x000071d261bff640|[RPC][WS][SERVICE]connected nodes,count=0
info|2025-12-21 01:09:13.739270|ioService-0x000071d2747fe640|[P2PService][Service][METRIC]heartBeat,connected count=3
info|2025-12-21 01:09:21.865191|timerFactory-0x000071d261bff640|[RPC][WS][SERVICE]connected nodes,count=0
info|2025-12-21 01:09:23.739323|ioService-0x000071d2747fe640|[P2PService][Service][METRIC]heartBeat,connected count=3
info|2025-12-21 01:09:31.865212|timerFactory-0x000071d261bff640|[RPC][WS][SERVICE]connected nodes,count=0
info|2025-12-21 01:09:33.739362|ioService-0x000071d2747fe640|[P2PService][Service][METRIC]heartBeat,connected count=3
info|2025-12-21 01:09:41.865258|timerFactory-0x000071d261bff640|[RPC][WS][SERVICE]connected nodes,count=0
info|2025-12-21 01:09:43.739396|ioService-0x000071d2747fe640|[P2PService][Service][METRIC]heartBeat,connected count=3
info|2025-12-21 01:09:51.865287|timerFactory-0x000071d261bff640|[RPC][WS][SERVICE]connected nodes,count=0
info|2025-12-21 01:09:53.739447|ioService-0x000071d2747fe640|[P2PService][Service][METRIC]heartBeat,connected count=3
info|2025-12-21 01:09:58.972567|objMonitor-0x000071d24efff640|[startMonitor][AliveObjectMonitor],AliveObjectAllocStat=[ type: bcos::gateway::Socket ,created: 17 ,destroyed: 13 ,alive: 4 ] 
info|2025-12-21 01:10:01.865307|timerFactory-0x000071d261bff640|[RPC][WS][SERVICE]connected nodes,count=0
info|2025-12-21 01:10:03.739531|ioService-0x000071d2747fe640|[P2PService][Service][METRIC]heartBeat,connected count=3
info|2025-12-21 01:10:11.865328|timerFactory-0x000071d261bff640|[RPC][WS][SERVICE]connected nodes,count=0
info|2025-12-21 01:10:13.739563|ioService-0x000071d2747fe640|[P2PService][Service][METRIC]heartBeat,connected count=3
info|2025-12-21 01:10:21.865350|timerFactory-0x000071d261bff640|[RPC][WS][SERVICE]connected nodes,count=0
info|2025-12-21 01:10:23.739589|ioService-0x000071d2747fe640|[P2PService][Service][METRIC]heartBeat,connected count=3
info|2025-12-21 01:10:31.865368|timerFactory-0x000071d261bff640|[RPC][WS][SERVICE]connected nodes,count=0
info|2025-12-21 01:10:33.739626|ioService-0x000071d2747fe640|[P2PService][Service][METRIC]heartBeat,connected count=3
info|2025-12-21 01:10:41.865388|timerFactory-0x000071d261bff640|[RPC][WS][SERVICE]connected nodes,count=0
info|2025-12-21 01:10:43.739660|ioService-0x000071d2747fe640|[P2PService][Service][METRIC]heartBeat,connected count=3
info|2025-12-21 01:10:51.865457|timerFactory-0x000071d261bff640|[RPC][WS][SERVICE]connected nodes,count=0
info|2025-12-21 01:10:53.739688|ioService-0x000071d2747fe640|[P2PService][Service][METRIC]heartBeat,connected count=3
info|2025-12-21 01:10:58.972618|objMonitor-0x000071d24efff640|[startMonitor][AliveObjectMonitor],AliveObjectAllocStat=[ type: bcos::gateway::Socket ,created: 17 ,destroyed: 13 ,alive: 4 ] 
info|2025-12-21 01:11:01.865488|timerFactory-0x000071d261bff640|[RPC][WS][SERVICE]connected nodes,count=0
info|2025-12-21 01:11:03.739760|ioService-0x000071d2747fe640|[P2PService][Service][METRIC]heartBeat,connected count=3
info|2025-12-21 01:11:11.865511|timerFactory-0x000071d261bff640|[RPC][WS][SERVICE]connected nodes,count=0
info|2025-12-21 01:11:13.739826|ioService-0x000071d2747fe640|[P2PService][Service][METRIC]heartBeat,connected count=3
info|2025-12-21 01:11:21.865533|timerFactory-0x000071d261bff640|[RPC][WS][SERVICE]connected nodes,count=0
info|2025-12-21 01:11:23.739852|ioService-0x000071d2747fe640|[P2PService][Service][METRIC]heartBeat,connected count=3
info|2025-12-21 01:11:31.865615|timerFactory-0x000071d261bff640|[RPC][WS][SERVICE]connected nodes,count=0
info|2025-12-21 01:11:33.739882|ioService-0x000071d2747fe640|[P2PService][Service][METRIC]heartBeat,connected count=3
info|2025-12-21 01:11:41.865688|timerFactory-0x000071d261bff640|[RPC][WS][SERVICE]connected nodes,count=0
info|2025-12-21 01:11:43.739907|ioService-0x000071d2747fe640|[P2PService][Service][METRIC]heartBeat,connected count=3
info|2025-12-21 01:11:51.865712|timerFactory-0x000071d261bff640|[RPC][WS][SERVICE]connected nodes,count=0
info|2025-12-21 01:11:53.739985|ioService-0x000071d2747fe640|[P2PService][Service][METRIC]heartBeat,connected count=3
info|2025-12-21 01:11:58.972683|objMonitor-0x000071d24efff640|[startMonitor][AliveObjectMonitor],AliveObjectAllocStat=[ type: bcos::gateway::Socket ,created: 17 ,destroyed: 13 ,alive: 4 ] 
info|2025-12-21 01:12:01.865736|timerFactory-0x000071d261bff640|[RPC][WS][SERVICE]connected nodes,count=0
info|2025-12-21 01:12:03.740054|ioService-0x000071d2747fe640|[P2PService][Service][METRIC]heartBeat,connected count=3
info|2025-12-21 01:12:11.865777|timerFactory-0x000071d261bff640|[RPC][WS][SERVICE]connected nodes,count=0
info|2025-12-21 01:12:13.740084|ioService-0x000071d2747fe640|[P2PService][Service][METRIC]heartBeat,connected count=3
info|2025-12-21 01:12:21.865814|timerFactory-0x000071d261bff640|[RPC][WS][SERVICE]connected nodes,count=0
info|2025-12-21 01:12:23.740113|ioService-0x000071d2747fe640|[P2PService][Service][METRIC]heartBeat,connected count=3
info|2025-12-21 01:12:31.865840|timerFactory-0x000071d261bff640|[RPC][WS][SERVICE]connected nodes,count=0
info|2025-12-21 01:12:33.740136|ioService-0x000071d2747fe640|[P2PService][Service][METRIC]heartBeat,connected count=3
info|2025-12-21 01:12:41.865880|timerFactory-0x000071d261bff640|[RPC][WS][SERVICE]connected nodes,count=0
info|2025-12-21 01:12:43.740217|ioService-0x000071d2747fe640|[P2PService][Service][METRIC]heartBeat,connected count=3
info|2025-12-21 01:12:51.865915|timerFactory-0x000071d261bff640|[RPC][WS][SERVICE]connected nodes,count=0
info|2025-12-21 01:12:53.740292|ioService-0x000071d2747fe640|[P2PService][Service][METRIC]heartBeat,connected count=3
info|2025-12-21 01:12:58.972740|objMonitor-0x000071d24efff640|[startMonitor][AliveObjectMonitor],AliveObjectAllocStat=[ type: bcos::gateway::Socket ,created: 17 ,destroyed: 13 ,alive: 4 ] 
info|2025-12-21 01:13:01.866020|timerFactory-0x000071d261bff640|[RPC][WS][SERVICE]connected nodes,count=0
info|2025-12-21 01:13:03.740315|ioService-0x000071d2747fe640|[P2PService][Service][METRIC]heartBeat,connected count=3
info|2025-12-21 01:13:11.866091|timerFactory-0x000071d261bff640|[RPC][WS][SERVICE]connected nodes,count=0
info|2025-12-21 01:13:13.740347|ioService-0x000071d2747fe640|[P2PService][Service][METRIC]heartBeat,connected count=3
info|2025-12-21 01:13:21.866120|timerFactory-0x000071d261bff640|[RPC][WS][SERVICE]connected nodes,count=0
info|2025-12-21 01:13:23.740373|ioService-0x000071d2747fe640|[P2PService][Service][METRIC]heartBeat,connected count=3
info|2025-12-21 01:13:31.866145|timerFactory-0x000071d261bff640|[RPC][WS][SERVICE]connected nodes,count=0
info|2025-12-21 01:13:33.740398|ioService-0x000071d2747fe640|[P2PService][Service][METRIC]heartBeat,connected count=3
info|2025-12-21 01:13:41.866175|timerFactory-0x000071d261bff640|[RPC][WS][SERVICE]connected nodes,count=0
info|2025-12-21 01:13:43.740424|ioService-0x000071d2747fe640|[P2PService][Service][METRIC]heartBeat,connected count=3
info|2025-12-21 01:13:51.866205|timerFactory-0x000071d261bff640|[RPC][WS][SERVICE]connected nodes,count=0
info|2025-12-21 01:13:53.740449|ioService-0x000071d2747fe640|[P2PService][Service][METRIC]heartBeat,connected count=3
info|2025-12-21 01:13:58.972784|objMonitor-0x000071d24efff640|[startMonitor][AliveObjectMonitor],AliveObjectAllocStat=[ type: bcos::gateway::Socket ,created: 17 ,destroyed: 13 ,alive: 4 ] 
info|2025-12-21 01:14:01.866230|timerFactory-0x000071d261bff640|[RPC][WS][SERVICE]connected nodes,count=0
info|2025-12-21 01:14:03.740474|ioService-0x000071d2747fe640|[P2PService][Service][METRIC]heartBeat,connected count=3
info|2025-12-21 01:14:11.866261|timerFactory-0x000071d261bff640|[RPC][WS][SERVICE]connected nodes,count=0
info|2025-12-21 01:14:13.740561|ioService-0x000071d2747fe640|[P2PService][Service][METRIC]heartBeat,connected count=3
info|2025-12-21 01:14:21.866348|timerFactory-0x000071d261bff640|[RPC][WS][SERVICE]connected nodes,count=0
info|2025-12-21 01:14:23.740618|ioService-0x000071d2747fe640|[P2PService][Service][METRIC]heartBeat,connected count=3
info|2025-12-21 01:14:31.866370|timerFactory-0x000071d261bff640|[RPC][WS][SERVICE]connected nodes,count=0
info|2025-12-21 01:14:33.740680|ioService-0x000071d2747fe640|[P2PService][Service][METRIC]heartBeat,connected count=3
info|2025-12-21 01:14:41.866395|timerFactory-0x000071d261bff640|[RPC][WS][SERVICE]connected nodes,count=0
info|2025-12-21 01:14:43.740713|ioService-0x000071d2747fe640|[P2PService][Service][METRIC]heartBeat,connected count=3
info|2025-12-21 01:14:51.866416|timerFactory-0x000071d261bff640|[RPC][WS][SERVICE]connected nodes,count=0
info|2025-12-21 01:14:53.740827|ioService-0x000071d2747fe640|[P2PService][Service][METRIC]heartBeat,connected count=3
info|2025-12-21 01:14:58.972851|objMonitor-0x000071d24efff640|[startMonitor][AliveObjectMonitor],AliveObjectAllocStat=[ type: bcos::gateway::Socket ,created: 17 ,destroyed: 13 ,alive: 4 ] 
info|2025-12-21 01:15:01.866435|timerFactory-0x000071d261bff640|[RPC][WS][SERVICE]connected nodes,count=0
info|2025-12-21 01:15:03.740886|ioService-0x000071d2747fe640|[P2PService][Service][METRIC]heartBeat,connected count=3
info|2025-12-21 01:15:11.866456|timerFactory-0x000071d261bff640|[RPC][WS][SERVICE]connected nodes,count=0
info|2025-12-21 01:15:13.740922|ioService-0x000071d2747fe640|[P2PService][Service][METRIC]heartBeat,connected count=3
info|2025-12-21 01:15:21.866482|timerFactory-0x000071d261bff640|[RPC][WS][SERVICE]connected nodes,count=0
info|2025-12-21 01:15:23.740954|ioService-0x000071d2747fe640|[P2PService][Service][METRIC]heartBeat,connected count=3
info|2025-12-21 01:15:31.866504|timerFactory-0x000071d261bff640|[RPC][WS][SERVICE]connected nodes,count=0
info|2025-12-21 01:15:33.740989|ioService-0x000071d2747fe640|[P2PService][Service][METRIC]heartBeat,connected count=3
info|2025-12-21 01:15:41.866525|timerFactory-0x000071d261bff640|[RPC][WS][SERVICE]connected nodes,count=0
info|2025-12-21 01:15:43.741031|ioService-0x000071d2747fe640|[P2PService][Service][METRIC]heartBeat,connected count=3
info|2025-12-21 01:15:51.866545|timerFactory-0x000071d261bff640|[RPC][WS][SERVICE]connected nodes,count=0
info|2025-12-21 01:15:53.741135|ioService-0x000071d2747fe640|[P2PService][Service][METRIC]heartBeat,connected count=3
info|2025-12-21 01:15:58.972910|objMonitor-0x000071d24efff640|[startMonitor][AliveObjectMonitor],AliveObjectAllocStat=[ type: bcos::gateway::Socket ,created: 17 ,destroyed: 13 ,alive: 4 ] 
info|2025-12-21 01:16:01.866579|timerFactory-0x000071d261bff640|[RPC][WS][SERVICE]connected nodes,count=0
info|2025-12-21 01:16:03.741226|ioService-0x000071d2747fe640|[P2PService][Service][METRIC]heartBeat,connected count=3
info|2025-12-21 01:16:11.866614|timerFactory-0x000071d261bff640|[RPC][WS][SERVICE]connected nodes,count=0
info|2025-12-21 01:16:13.741263|ioService-0x000071d2747fe640|[P2PService][Service][METRIC]heartBeat,connected count=3
info|2025-12-21 01:16:21.866654|timerFactory-0x000071d261bff640|[RPC][WS][SERVICE]connected nodes,count=0
info|2025-12-21 01:16:23.741339|ioService-0x000071d2747fe640|[P2PService][Service][METRIC]heartBeat,connected count=3
info|2025-12-21 01:16:31.866676|timerFactory-0x000071d261bff640|[RPC][WS][SERVICE]connected nodes,count=0
info|2025-12-21 01:16:33.741433|ioService-0x000071d2747fe640|[P2PService][Service][METRIC]heartBeat,connected count=3
info|2025-12-21 01:16:41.866711|timerFactory-0x000071d261bff640|[RPC][WS][SERVICE]connected nodes,count=0
info|2025-12-21 01:16:43.741508|ioService-0x000071d2747fe640|[P2PService][Service][METRIC]heartBeat,connected count=3
info|2025-12-21 01:16:51.866754|timerFactory-0x000071d261bff640|[RPC][WS][SERVICE]connected nodes,count=0
info|2025-12-21 01:16:53.741593|ioService-0x000071d2747fe640|[P2PService][Service][METRIC]heartBeat,connected count=3
info|2025-12-21 01:16:58.972957|objMonitor-0x000071d24efff640|[startMonitor][AliveObjectMonitor],AliveObjectAllocStat=[ type: bcos::gateway::Socket ,created: 17 ,destroyed: 13 ,alive: 4 ] 
info|2025-12-21 01:17:01.866792|timerFactory-0x000071d261bff640|[RPC][WS][SERVICE]connected nodes,count=0
info|2025-12-21 01:17:03.741625|ioService-0x000071d2747fe640|[P2PService][Service][METRIC]heartBeat,connected count=3
info|2025-12-21 01:17:11.866817|timerFactory-0x000071d261bff640|[RPC][WS][SERVICE]connected nodes,count=0
info|2025-12-21 01:17:13.741656|ioService-0x000071d2747fe640|[P2PService][Service][METRIC]heartBeat,connected count=3
info|2025-12-21 01:17:21.866847|timerFactory-0x000071d261bff640|[RPC][WS][SERVICE]connected nodes,count=0
info|2025-12-21 01:17:23.741689|ioService-0x000071d2747fe640|[P2PService][Service][METRIC]heartBeat,connected count=3
info|2025-12-21 01:17:31.866873|timerFactory-0x000071d261bff640|[RPC][WS][SERVICE]connected nodes,count=0
info|2025-12-21 01:17:33.741758|ioService-0x000071d2747fe640|[P2PService][Service][METRIC]heartBeat,connected count=3
info|2025-12-21 01:17:41.866903|timerFactory-0x000071d261bff640|[RPC][WS][SERVICE]connected nodes,count=0
info|2025-12-21 01:17:43.741786|ioService-0x000071d2747fe640|[P2PService][Service][METRIC]heartBeat,connected count=3
info|2025-12-21 01:17:51.866934|timerFactory-0x000071d261bff640|[RPC][WS][SERVICE]connected nodes,count=0
info|2025-12-21 01:17:53.741875|ioService-0x000071d2747fe640|[P2PService][Service][METRIC]heartBeat,connected count=3
info|2025-12-21 01:17:58.973035|objMonitor-0x000071d24efff640|[startMonitor][AliveObjectMonitor],AliveObjectAllocStat=[ type: bcos::gateway::Socket ,created: 17 ,destroyed: 13 ,alive: 4 ] [ type: bcos::gateway::ResponseCallback ,created: 13423002 ,destroyed: 13422998 ,alive: 4 ] 
info|2025-12-21 01:18:01.867007|timerFactory-0x000071d261bff640|[RPC][WS][SERVICE]connected nodes,count=0
info|2025-12-21 01:18:03.741922|ioService-0x000071d2747fe640|[P2PService][Service][METRIC]heartBeat,connected count=3
info|2025-12-21 01:18:11.867029|timerFactory-0x000071d261bff640|[RPC][WS][SERVICE]connected nodes,count=0
info|2025-12-21 01:18:13.741987|ioService-0x000071d2747fe640|[P2PService][Service][METRIC]heartBeat,connected count=3
info|2025-12-21 01:18:21.867056|timerFactory-0x000071d261bff640|[RPC][WS][SERVICE]connected nodes,count=0
info|2025-12-21 01:18:23.742083|ioService-0x000071d2747fe640|[P2PService][Service][METRIC]heartBeat,connected count=3
info|2025-12-21 01:18:31.867129|timerFactory-0x000071d261bff640|[RPC][WS][SERVICE]connected nodes,count=0
info|2025-12-21 01:18:33.742117|ioService-0x000071d2747fe640|[P2PService][Service][METRIC]heartBeat,connected count=3
info|2025-12-21 01:18:41.867151|timerFactory-0x000071d261bff640|[RPC][WS][SERVICE]connected nodes,count=0
info|2025-12-21 01:18:43.742146|ioService-0x000071d2747fe640|[P2PService][Service][METRIC]heartBeat,connected count=3
info|2025-12-21 01:18:51.867173|timerFactory-0x000071d261bff640|[RPC][WS][SERVICE]connected nodes,count=0
info|2025-12-21 01:18:53.742263|ioService-0x000071d2747fe640|[P2PService][Service][METRIC]heartBeat,connected count=3
info|2025-12-21 01:18:58.973125|objMonitor-0x000071d24efff640|[startMonitor][AliveObjectMonitor],AliveObjectAllocStat=[ type: bcos::gateway::Socket ,created: 17 ,destroyed: 13 ,alive: 4 ] 
info|2025-12-21 01:19:01.867191|timerFactory-0x000071d261bff640|[RPC][WS][SERVICE]connected nodes,count=0
info|2025-12-21 01:19:03.742365|ioService-0x000071d2747fe640|[P2PService][Service][METRIC]heartBeat,connected count=3
info|2025-12-21 01:19:11.867210|timerFactory-0x000071d261bff640|[RPC][WS][SERVICE]connected nodes,count=0
info|2025-12-21 01:19:13.742427|ioService-0x000071d2747fe640|[P2PService][Service][METRIC]heartBeat,connected count=3
info|2025-12-21 01:19:21.867228|timerFactory-0x000071d261bff640|[RPC][WS][SERVICE]connected nodes,count=0
info|2025-12-21 01:19:23.742540|ioService-0x000071d2747fe640|[P2PService][Service][METRIC]heartBeat,connected count=3
info|2025-12-21 01:19:31.867248|timerFactory-0x000071d261bff640|[RPC][WS][SERVICE]connected nodes,count=0
info|2025-12-21 01:19:33.742591|ioService-0x000071d2747fe640|[P2PService][Service][METRIC]heartBeat,connected count=3
info|2025-12-21 01:19:41.867270|timerFactory-0x000071d261bff640|[RPC][WS][SERVICE]connected nodes,count=0
info|2025-12-21 01:19:43.742641|ioService-0x000071d2747fe640|[P2PService][Service][METRIC]heartBeat,connected count=3
info|2025-12-21 01:19:51.867287|timerFactory-0x000071d261bff640|[RPC][WS][SERVICE]connected nodes,count=0
info|2025-12-21 01:19:53.742675|ioService-0x000071d2747fe640|[P2PService][Service][METRIC]heartBeat,connected count=3
info|2025-12-21 01:19:58.973186|objMonitor-0x000071d24efff640|[startMonitor][AliveObjectMonitor],AliveObjectAllocStat=[ type: bcos::gateway::Socket ,created: 17 ,destroyed: 13 ,alive: 4 ] 
info|2025-12-21 01:20:01.867307|timerFactory-0x000071d261bff640|[RPC][WS][SERVICE]connected nodes,count=0
info|2025-12-21 01:20:03.742700|ioService-0x000071d2747fe640|[P2PService][Service][METRIC]heartBeat,connected count=3
info|2025-12-21 01:20:11.867327|timerFactory-0x000071d261bff640|[RPC][WS][SERVICE]connected nodes,count=0
info|2025-12-21 01:20:13.742768|ioService-0x000071d2747fe640|[P2PService][Service][METRIC]heartBeat,connected count=3
info|2025-12-21 01:20:21.867347|timerFactory-0x000071d261bff640|[RPC][WS][SERVICE]connected nodes,count=0
info|2025-12-21 01:20:23.742792|ioService-0x000071d2747fe640|[P2PService][Service][METRIC]heartBeat,connected count=3
info|2025-12-21 01:20:31.867367|timerFactory-0x000071d261bff640|[RPC][WS][SERVICE]connected nodes,count=0
info|2025-12-21 01:20:33.742871|ioService-0x000071d2747fe640|[P2PService][Service][METRIC]heartBeat,connected count=3
info|2025-12-21 01:20:41.867384|timerFactory-0x000071d261bff640|[RPC][WS][SERVICE]connected nodes,count=0
info|2025-12-21 01:20:43.742940|ioService-0x000071d2747fe640|[P2PService][Service][METRIC]heartBeat,connected count=3
info|2025-12-21 01:20:51.867403|timerFactory-0x000071d261bff640|[RPC][WS][SERVICE]connected nodes,count=0
info|2025-12-21 01:20:53.742973|ioService-0x000071d2747fe640|[P2PService][Service][METRIC]heartBeat,connected count=3
info|2025-12-21 01:20:58.973230|objMonitor-0x000071d24efff640|[startMonitor][AliveObjectMonitor],AliveObjectAllocStat=[ type: bcos::gateway::Socket ,created: 17 ,destroyed: 13 ,alive: 4 ] 
info|2025-12-21 01:21:01.867421|timerFactory-0x000071d261bff640|[RPC][WS][SERVICE]connected nodes,count=0
info|2025-12-21 01:21:03.743067|ioService-0x000071d2747fe640|[P2PService][Service][METRIC]heartBeat,connected count=3
info|2025-12-21 01:21:11.867443|timerFactory-0x000071d261bff640|[RPC][WS][SERVICE]connected nodes,count=0
info|2025-12-21 01:21:13.743132|ioService-0x000071d2747fe640|[P2PService][Service][METRIC]heartBeat,connected count=3
info|2025-12-21 01:21:21.867467|timerFactory-0x000071d261bff640|[RPC][WS][SERVICE]connected nodes,count=0
info|2025-12-21 01:21:23.743196|ioService-0x000071d2747fe640|[P2PService][Service][METRIC]heartBeat,connected count=3
info|2025-12-21 01:21:31.867512|timerFactory-0x000071d261bff640|[RPC][WS][SERVICE]connected nodes,count=0
info|2025-12-21 01:21:33.743219|ioService-0x000071d2747fe640|[P2PService][Service][METRIC]heartBeat,connected count=3
info|2025-12-21 01:21:41.867588|timerFactory-0x000071d261bff640|[RPC][WS][SERVICE]connected nodes,count=0
info|2025-12-21 01:21:43.743372|ioService-0x000071d2747fe640|[P2PService][Service][METRIC]heartBeat,connected count=3
info|2025-12-21 01:21:51.867650|timerFactory-0x000071d261bff640|[RPC][WS][SERVICE]connected nodes,count=0
info|2025-12-21 01:21:53.743410|ioService-0x000071d2747fe640|[P2PService][Service][METRIC]heartBeat,connected count=3
info|2025-12-21 01:21:58.973288|objMonitor-0x000071d24efff640|[startMonitor][AliveObjectMonitor],AliveObjectAllocStat=[ type: bcos::gateway::Socket ,created: 17 ,destroyed: 13 ,alive: 4 ] [ type: bcos::gateway::ResponseCallback ,created: 13426599 ,destroyed: 13426595 ,alive: 4 ] 
info|2025-12-21 01:22:01.867671|timerFactory-0x000071d261bff640|[RPC][WS][SERVICE]connected nodes,count=0
info|2025-12-21 01:22:03.743465|ioService-0x000071d2747fe640|[P2PService][Service][METRIC]heartBeat,connected count=3
info|2025-12-21 01:22:11.867716|timerFactory-0x000071d261bff640|[RPC][WS][SERVICE]connected nodes,count=0
info|2025-12-21 01:22:13.743564|ioService-0x000071d2747fe640|[P2PService][Service][METRIC]heartBeat,connected count=3
info|2025-12-21 01:22:21.867780|timerFactory-0x000071d261bff640|[RPC][WS][SERVICE]connected nodes,count=0
info|2025-12-21 01:22:23.743636|ioService-0x000071d2747fe640|[P2PService][Service][METRIC]heartBeat,connected count=3
info|2025-12-21 01:22:31.867802|timerFactory-0x000071d261bff640|[RPC][WS][SERVICE]connected nodes,count=0
info|2025-12-21 01:22:33.743671|ioService-0x000071d2747fe640|[P2PService][Service][METRIC]heartBeat,connected count=3
info|2025-12-21 01:22:41.867824|timerFactory-0x000071d261bff640|[RPC][WS][SERVICE]connected nodes,count=0
info|2025-12-21 01:22:43.743694|ioService-0x000071d2747fe640|[P2PService][Service][METRIC]heartBeat,connected count=3
info|2025-12-21 01:22:51.867846|timerFactory-0x000071d261bff640|[RPC][WS][SERVICE]connected nodes,count=0
info|2025-12-21 01:22:53.743721|ioService-0x000071d2747fe640|[P2PService][Service][METRIC]heartBeat,connected count=3
info|2025-12-21 01:22:58.973349|objMonitor-0x000071d24efff640|[startMonitor][AliveObjectMonitor],AliveObjectAllocStat=[ type: bcos::gateway::Socket ,created: 17 ,destroyed: 13 ,alive: 4 ] 
info|2025-12-21 01:23:01.867875|timerFactory-0x000071d261bff640|[RPC][WS][SERVICE]connected nodes,count=0
info|2025-12-21 01:23:03.743833|ioService-0x000071d2747fe640|[P2PService][Service][METRIC]heartBeat,connected count=3
info|2025-12-21 01:23:11.867898|timerFactory-0x000071d261bff640|[RPC][WS][SERVICE]connected nodes,count=0
info|2025-12-21 01:23:13.743922|ioService-0x000071d2747fe640|[P2PService][Service][METRIC]heartBeat,connected count=3
info|2025-12-21 01:23:21.867964|timerFactory-0x000071d261bff640|[RPC][WS][SERVICE]connected nodes,count=0
info|2025-12-21 01:23:23.743985|ioService-0x000071d2747fe640|[P2PService][Service][METRIC]heartBeat,connected count=3
info|2025-12-21 01:23:31.867983|timerFactory-0x000071d261bff640|[RPC][WS][SERVICE]connected nodes,count=0
info|2025-12-21 01:23:33.744068|ioService-0x000071d2747fe640|[P2PService][Service][METRIC]heartBeat,connected count=3
info|2025-12-21 01:23:41.868002|timerFactory-0x000071d261bff640|[RPC][WS][SERVICE]connected nodes,count=0
info|2025-12-21 01:23:43.744097|ioService-0x000071d2747fe640|[P2PService][Service][METRIC]heartBeat,connected count=3
info|2025-12-21 01:23:51.868021|timerFactory-0x000071d261bff640|[RPC][WS][SERVICE]connected nodes,count=0
info|2025-12-21 01:23:53.744181|ioService-0x000071d2747fe640|[P2PService][Service][METRIC]heartBeat,connected count=3
info|2025-12-21 01:23:58.973451|objMonitor-0x000071d24efff640|[startMonitor][AliveObjectMonitor],AliveObjectAllocStat=[ type: bcos::gateway::Socket ,created: 17 ,destroyed: 13 ,alive: 4 ] 
info|2025-12-21 01:24:01.868039|timerFactory-0x000071d261bff640|[RPC][WS][SERVICE]connected nodes,count=0
info|2025-12-21 01:24:03.744245|ioService-0x000071d2747fe640|[P2PService][Service][METRIC]heartBeat,connected count=3
info|2025-12-21 01:24:11.868059|timerFactory-0x000071d261bff640|[RPC][WS][SERVICE]connected nodes,count=0
info|2025-12-21 01:24:13.744334|ioService-0x000071d2747fe640|[P2PService][Service][METRIC]heartBeat,connected count=3
info|2025-12-21 01:24:21.868088|timerFactory-0x000071d261bff640|[RPC][WS][SERVICE]connected nodes,count=0
info|2025-12-21 01:24:23.744369|ioService-0x000071d2747fe640|[P2PService][Service][METRIC]heartBeat,connected count=3
info|2025-12-21 01:24:31.868114|timerFactory-0x000071d261bff640|[RPC][WS][SERVICE]connected nodes,count=0
info|2025-12-21 01:24:33.744421|ioService-0x000071d2747fe640|[P2PService][Service][METRIC]heartBeat,connected count=3
info|2025-12-21 01:24:41.868158|timerFactory-0x000071d261bff640|[RPC][WS][SERVICE]connected nodes,count=0
info|2025-12-21 01:24:43.744467|ioService-0x000071d2747fe640|[P2PService][Service][METRIC]heartBeat,connected count=3
info|2025-12-21 01:24:51.868199|timerFactory-0x000071d261bff640|[RPC][WS][SERVICE]connected nodes,count=0
info|2025-12-21 01:24:53.744527|ioService-0x000071d2747fe640|[P2PService][Service][METRIC]heartBeat,connected count=3
info|2025-12-21 01:24:58.973518|objMonitor-0x000071d24efff640|[startMonitor][AliveObjectMonitor],AliveObjectAllocStat=[ type: bcos::gateway::Socket ,created: 17 ,destroyed: 13 ,alive: 4 ] 
info|2025-12-21 01:25:01.868228|timerFactory-0x000071d261bff640|[RPC][WS][SERVICE]connected nodes,count=0
info|2025-12-21 01:25:03.744587|ioService-0x000071d2747fe640|[P2PService][Service][METRIC]heartBeat,connected count=3
info|2025-12-21 01:25:11.868265|timerFactory-0x000071d261bff640|[RPC][WS][SERVICE]connected nodes,count=0
info|2025-12-21 01:25:13.744611|ioService-0x000071d2747fe640|[P2PService][Service][METRIC]heartBeat,connected count=3
info|2025-12-21 01:25:21.868307|timerFactory-0x000071d261bff640|[RPC][WS][SERVICE]connected nodes,count=0
info|2025-12-21 01:25:23.744693|ioService-0x000071d2747fe640|[P2PService][Service][METRIC]heartBeat,connected count=3
info|2025-12-21 01:25:31.868342|timerFactory-0x000071d261bff640|[RPC][WS][SERVICE]connected nodes,count=0
info|2025-12-21 01:25:33.744719|ioService-0x000071d2747fe640|[P2PService][Service][METRIC]heartBeat,connected count=3
info|2025-12-21 01:25:41.868378|timerFactory-0x000071d261bff640|[RPC][WS][SERVICE]connected nodes,count=0
info|2025-12-21 01:25:43.744800|ioService-0x000071d2747fe640|[P2PService][Service][METRIC]heartBeat,connected count=3
info|2025-12-21 01:25:51.868419|timerFactory-0x000071d261bff640|[RPC][WS][SERVICE]connected nodes,count=0
info|2025-12-21 01:25:53.744866|ioService-0x000071d2747fe640|[P2PService][Service][METRIC]heartBeat,connected count=3
info|2025-12-21 01:25:58.973562|objMonitor-0x000071d24efff640|[startMonitor][AliveObjectMonitor],AliveObjectAllocStat=[ type: bcos::gateway::Socket ,created: 17 ,destroyed: 13 ,alive: 4 ] 
info|2025-12-21 01:26:01.868455|timerFactory-0x000071d261bff640|[RPC][WS][SERVICE]connected nodes,count=0
info|2025-12-21 01:26:03.744885|ioService-0x000071d2747fe640|[P2PService][Service][METRIC]heartBeat,connected count=3
info|2025-12-21 01:26:11.868484|timerFactory-0x000071d261bff640|[RPC][WS][SERVICE]connected nodes,count=0
info|2025-12-21 01:26:13.744908|ioService-0x000071d2747fe640|[P2PService][Service][METRIC]heartBeat,connected count=3
info|2025-12-21 01:26:21.868516|timerFactory-0x000071d261bff640|[RPC][WS][SERVICE]connected nodes,count=0
info|2025-12-21 01:26:23.744933|ioService-0x000071d2747fe640|[P2PService][Service][METRIC]heartBeat,connected count=3
info|2025-12-21 01:26:31.868542|timerFactory-0x000071d261bff640|[RPC][WS][SERVICE]connected nodes,count=0
info|2025-12-21 01:26:33.744979|ioService-0x000071d2747fe640|[P2PService][Service][METRIC]heartBeat,connected count=3
info|2025-12-21 01:26:41.868570|timerFactory-0x000071d261bff640|[RPC][WS][SERVICE]connected nodes,count=0
info|2025-12-21 01:26:43.745050|ioService-0x000071d2747fe640|[P2PService][Service][METRIC]heartBeat,connected count=3
info|2025-12-21 01:26:51.868596|timerFactory-0x000071d261bff640|[RPC][WS][SERVICE]connected nodes,count=0
info|2025-12-21 01:26:53.745072|ioService-0x000071d2747fe640|[P2PService][Service][METRIC]heartBeat,connected count=3
info|2025-12-21 01:26:58.973606|objMonitor-0x000071d24efff640|[startMonitor][AliveObjectMonitor],AliveObjectAllocStat=[ type: bcos::gateway::Socket ,created: 17 ,destroyed: 13 ,alive: 4 ] 
info|2025-12-21 01:27:01.868620|timerFactory-0x000071d261bff640|[RPC][WS][SERVICE]connected nodes,count=0
info|2025-12-21 01:27:03.745133|ioService-0x000071d2747fe640|[P2PService][Service][METRIC]heartBeat,connected count=3
info|2025-12-21 01:27:11.868645|timerFactory-0x000071d261bff640|[RPC][WS][SERVICE]connected nodes,count=0
info|2025-12-21 01:27:13.745230|ioService-0x000071d2747fe640|[P2PService][Service][METRIC]heartBeat,connected count=3
info|2025-12-21 01:27:21.868670|timerFactory-0x000071d261bff640|[RPC][WS][SERVICE]connected nodes,count=0
info|2025-12-21 01:27:23.745261|ioService-0x000071d2747fe640|[P2PService][Service][METRIC]heartBeat,connected count=3
info|2025-12-21 01:27:31.868697|timerFactory-0x000071d261bff640|[RPC][WS][SERVICE]connected nodes,count=0
info|2025-12-21 01:27:33.745295|ioService-0x000071d2747fe640|[P2PService][Service][METRIC]heartBeat,connected count=3
info|2025-12-21 01:27:41.868722|timerFactory-0x000071d261bff640|[RPC][WS][SERVICE]connected nodes,count=0
info|2025-12-21 01:27:43.745333|ioService-0x000071d2747fe640|[P2PService][Service][METRIC]heartBeat,connected count=3
info|2025-12-21 01:27:51.868747|timerFactory-0x000071d261bff640|[RPC][WS][SERVICE]connected nodes,count=0
info|2025-12-21 01:27:53.745360|ioService-0x000071d2747fe640|[P2PService][Service][METRIC]heartBeat,connected count=3
info|2025-12-21 01:27:58.973692|objMonitor-0x000071d24efff640|[startMonitor][AliveObjectMonitor],AliveObjectAllocStat=[ type: bcos::gateway::Socket ,created: 17 ,destroyed: 13 ,alive: 4 ] 
info|2025-12-21 01:28:01.868775|timerFactory-0x000071d261bff640|[RPC][WS][SERVICE]connected nodes,count=0
info|2025-12-21 01:28:03.745385|ioService-0x000071d2747fe640|[P2PService][Service][METRIC]heartBeat,connected count=3
info|2025-12-21 01:28:11.868802|timerFactory-0x000071d261bff640|[RPC][WS][SERVICE]connected nodes,count=0
info|2025-12-21 01:28:13.745410|ioService-0x000071d2747fe640|[P2PService][Service][METRIC]heartBeat,connected count=3
info|2025-12-21 01:28:21.868826|timerFactory-0x000071d261bff640|[RPC][WS][SERVICE]connected nodes,count=0
info|2025-12-21 01:28:23.745440|ioService-0x000071d2747fe640|[P2PService][Service][METRIC]heartBeat,connected count=3
info|2025-12-21 01:28:31.868898|timerFactory-0x000071d261bff640|[RPC][WS][SERVICE]connected nodes,count=0
info|2025-12-21 01:28:33.745478|ioService-0x000071d2747fe640|[P2PService][Service][METRIC]heartBeat,connected count=3
info|2025-12-21 01:28:41.868922|timerFactory-0x000071d261bff640|[RPC][WS][SERVICE]connected nodes,count=0
info|2025-12-21 01:28:43.745529|ioService-0x000071d2747fe640|[P2PService][Service][METRIC]heartBeat,connected count=3
info|2025-12-21 01:28:51.868958|timerFactory-0x000071d261bff640|[RPC][WS][SERVICE]connected nodes,count=0
info|2025-12-21 01:28:53.745595|ioService-0x000071d2747fe640|[P2PService][Service][METRIC]heartBeat,connected count=3
info|2025-12-21 01:28:58.973729|objMonitor-0x000071d24efff640|[startMonitor][AliveObjectMonitor],AliveObjectAllocStat=[ type: bcos::gateway::Socket ,created: 17 ,destroyed: 13 ,alive: 4 ] 
info|2025-12-21 01:29:01.868990|timerFactory-0x000071d261bff640|[RPC][WS][SERVICE]connected nodes,count=0
info|2025-12-21 01:29:03.745622|ioService-0x000071d2747fe640|[P2PService][Service][METRIC]heartBeat,connected count=3
info|2025-12-21 01:29:11.869023|timerFactory-0x000071d261bff640|[RPC][WS][SERVICE]connected nodes,count=0
info|2025-12-21 01:29:13.745645|ioService-0x000071d2747fe640|[P2PService][Service][METRIC]heartBeat,connected count=3
info|2025-12-21 01:29:21.869054|timerFactory-0x000071d261bff640|[RPC][WS][SERVICE]connected nodes,count=0
info|2025-12-21 01:29:23.745671|ioService-0x000071d2747fe640|[P2PService][Service][METRIC]heartBeat,connected count=3
info|2025-12-21 01:29:31.869133|timerFactory-0x000071d261bff640|[RPC][WS][SERVICE]connected nodes,count=0
info|2025-12-21 01:29:33.745727|ioService-0x000071d2747fe640|[P2PService][Service][METRIC]heartBeat,connected count=3
info|2025-12-21 01:29:41.869210|timerFactory-0x000071d261bff640|[RPC][WS][SERVICE]connected nodes,count=0
info|2025-12-21 01:29:43.745816|ioService-0x000071d2747fe640|[P2PService][Service][METRIC]heartBeat,connected count=3
info|2025-12-21 01:29:51.869246|timerFactory-0x000071d261bff640|[RPC][WS][SERVICE]connected nodes,count=0
info|2025-12-21 01:29:53.745857|ioService-0x000071d2747fe640|[P2PService][Service][METRIC]heartBeat,connected count=3
info|2025-12-21 01:29:58.973769|objMonitor-0x000071d24efff640|[startMonitor][AliveObjectMonitor],AliveObjectAllocStat=[ type: bcos::gateway::Socket ,created: 17 ,destroyed: 13 ,alive: 4 ] 
info|2025-12-21 01:30:01.869273|timerFactory-0x000071d261bff640|[RPC][WS][SERVICE]connected nodes,count=0
info|2025-12-21 01:30:03.745883|ioService-0x000071d2747fe640|[P2PService][Service][METRIC]heartBeat,connected count=3
info|2025-12-21 01:30:11.869305|timerFactory-0x000071d261bff640|[RPC][WS][SERVICE]connected nodes,count=0
info|2025-12-21 01:30:13.745952|ioService-0x000071d2747fe640|[P2PService][Service][METRIC]heartBeat,connected count=3
info|2025-12-21 01:30:21.869321|timerFactory-0x000071d261bff640|[RPC][WS][SERVICE]connected nodes,count=0
info|2025-12-21 01:30:23.745984|ioService-0x000071d2747fe640|[P2PService][Service][METRIC]heartBeat,connected count=3
info|2025-12-21 01:30:31.869346|timerFactory-0x000071d261bff640|[RPC][WS][SERVICE]connected nodes,count=0
info|2025-12-21 01:30:33.746021|ioService-0x000071d2747fe640|[P2PService][Service][METRIC]heartBeat,connected count=3
info|2025-12-21 01:30:41.869369|timerFactory-0x000071d261bff640|[RPC][WS][SERVICE]connected nodes,count=0
info|2025-12-21 01:30:43.746056|ioService-0x000071d2747fe640|[P2PService][Service][METRIC]heartBeat,connected count=3
info|2025-12-21 01:30:51.869390|timerFactory-0x000071d261bff640|[RPC][WS][SERVICE]connected nodes,count=0
info|2025-12-21 01:30:53.746095|ioService-0x000071d2747fe640|[P2PService][Service][METRIC]heartBeat,connected count=3
info|2025-12-21 01:30:58.973814|objMonitor-0x000071d24efff640|[startMonitor][AliveObjectMonitor],AliveObjectAllocStat=[ type: bcos::gateway::Socket ,created: 17 ,destroyed: 13 ,alive: 4 ] 
info|2025-12-21 01:31:01.869412|timerFactory-0x000071d261bff640|[RPC][WS][SERVICE]connected nodes,count=0
info|2025-12-21 01:31:03.746177|ioService-0x000071d2747fe640|[P2PService][Service][METRIC]heartBeat,connected count=3
info|2025-12-21 01:31:11.869436|timerFactory-0x000071d261bff640|[RPC][WS][SERVICE]connected nodes,count=0
info|2025-12-21 01:31:13.746242|ioService-0x000071d2747fe640|[P2PService][Service][METRIC]heartBeat,connected count=3
info|2025-12-21 01:31:21.869464|timerFactory-0x000071d261bff640|[RPC][WS][SERVICE]connected nodes,count=0
info|2025-12-21 01:31:23.746333|ioService-0x000071d2747fe640|[P2PService][Service][METRIC]heartBeat,connected count=3
info|2025-12-21 01:31:31.869501|timerFactory-0x000071d261bff640|[RPC][WS][SERVICE]connected nodes,count=0
info|2025-12-21 01:31:33.746360|ioService-0x000071d2747fe640|[P2PService][Service][METRIC]heartBeat,connected count=3
info|2025-12-21 01:31:41.869542|timerFactory-0x000071d261bff640|[RPC][WS][SERVICE]connected nodes,count=0
info|2025-12-21 01:31:43.746386|ioService-0x000071d2747fe640|[P2PService][Service][METRIC]heartBeat,connected count=3
info|2025-12-21 01:31:51.869567|timerFactory-0x000071d261bff640|[RPC][WS][SERVICE]connected nodes,count=0
info|2025-12-21 01:31:53.746409|ioService-0x000071d2747fe640|[P2PService][Service][METRIC]heartBeat,connected count=3
info|2025-12-21 01:31:58.973853|objMonitor-0x000071d24efff640|[startMonitor][AliveObjectMonitor],AliveObjectAllocStat=[ type: bcos::gateway::Socket ,created: 17 ,destroyed: 13 ,alive: 4 ] 
info|2025-12-21 01:32:01.869611|timerFactory-0x000071d261bff640|[RPC][WS][SERVICE]connected nodes,count=0
info|2025-12-21 01:32:03.746434|ioService-0x000071d2747fe640|[P2PService][Service][METRIC]heartBeat,connected count=3
info|2025-12-21 01:32:11.869706|timerFactory-0x000071d261bff640|[RPC][WS][SERVICE]connected nodes,count=0
info|2025-12-21 01:32:13.746498|ioService-0x000071d2747fe640|[P2PService][Service][METRIC]heartBeat,connected count=3
info|2025-12-21 01:32:21.869733|timerFactory-0x000071d261bff640|[RPC][WS][SERVICE]connected nodes,count=0
info|2025-12-21 01:32:23.746588|ioService-0x000071d2747fe640|[P2PService][Service][METRIC]heartBeat,connected count=3
info|2025-12-21 01:32:31.869755|timerFactory-0x000071d261bff640|[RPC][WS][SERVICE]connected nodes,count=0
info|2025-12-21 01:32:33.746725|ioService-0x000071d2747fe640|[P2PService][Service][METRIC]heartBeat,connected count=3
info|2025-12-21 01:32:41.869786|timerFactory-0x000071d261bff640|[RPC][WS][SERVICE]connected nodes,count=0
info|2025-12-21 01:32:43.746784|ioService-0x000071d2747fe640|[P2PService][Service][METRIC]heartBeat,connected count=3
info|2025-12-21 01:32:51.869816|timerFactory-0x000071d261bff640|[RPC][WS][SERVICE]connected nodes,count=0
info|2025-12-21 01:32:53.746815|ioService-0x000071d2747fe640|[P2PService][Service][METRIC]heartBeat,connected count=3
info|2025-12-21 01:32:58.973891|objMonitor-0x000071d24efff640|[startMonitor][AliveObjectMonitor],AliveObjectAllocStat=[ type: bcos::gateway::Socket ,created: 17 ,destroyed: 13 ,alive: 4 ] 
info|2025-12-21 01:33:01.869846|timerFactory-0x000071d261bff640|[RPC][WS][SERVICE]connected nodes,count=0
info|2025-12-21 01:33:03.746849|ioService-0x000071d2747fe640|[P2PService][Service][METRIC]heartBeat,connected count=3
info|2025-12-21 01:33:11.869886|timerFactory-0x000071d261bff640|[RPC][WS][SERVICE]connected nodes,count=0
info|2025-12-21 01:33:13.746881|ioService-0x000071d2747fe640|[P2PService][Service][METRIC]heartBeat,connected count=3
info|2025-12-21 01:33:21.869928|timerFactory-0x000071d261bff640|[RPC][WS][SERVICE]connected nodes,count=0
info|2025-12-21 01:33:23.746971|ioService-0x000071d2747fe640|[P2PService][Service][METRIC]heartBeat,connected count=3
info|2025-12-21 01:33:31.869981|timerFactory-0x000071d261bff640|[RPC][WS][SERVICE]connected nodes,count=0
info|2025-12-21 01:33:33.747015|ioService-0x000071d2747fe640|[P2PService][Service][METRIC]heartBeat,connected count=3
info|2025-12-21 01:33:41.870014|timerFactory-0x000071d261bff640|[RPC][WS][SERVICE]connected nodes,count=0
info|2025-12-21 01:33:43.747058|ioService-0x000071d2747fe640|[P2PService][Service][METRIC]heartBeat,connected count=3
info|2025-12-21 01:33:51.870037|timerFactory-0x000071d261bff640|[RPC][WS][SERVICE]connected nodes,count=0
info|2025-12-21 01:33:53.747093|ioService-0x000071d2747fe640|[P2PService][Service][METRIC]heartBeat,connected count=3
info|2025-12-21 01:33:58.973934|objMonitor-0x000071d24efff640|[startMonitor][AliveObjectMonitor],AliveObjectAllocStat=[ type: bcos::gateway::Socket ,created: 17 ,destroyed: 13 ,alive: 4 ] 
info|2025-12-21 01:34:01.870062|timerFactory-0x000071d261bff640|[RPC][WS][SERVICE]connected nodes,count=0
info|2025-12-21 01:34:03.747126|ioService-0x000071d2747fe640|[P2PService][Service][METRIC]heartBeat,connected count=3
info|2025-12-21 01:34:11.870087|timerFactory-0x000071d261bff640|[RPC][WS][SERVICE]connected nodes,count=0
info|2025-12-21 01:34:13.747213|ioService-0x000071d2747fe640|[P2PService][Service][METRIC]heartBeat,connected count=3
info|2025-12-21 01:34:21.870111|timerFactory-0x000071d261bff640|[RPC][WS][SERVICE]connected nodes,count=0
info|2025-12-21 01:34:23.747284|ioService-0x000071d2747fe640|[P2PService][Service][METRIC]heartBeat,connected count=3
info|2025-12-21 01:34:31.870138|timerFactory-0x000071d261bff640|[RPC][WS][SERVICE]connected nodes,count=0
info|2025-12-21 01:34:33.747310|ioService-0x000071d2747fe640|[P2PService][Service][METRIC]heartBeat,connected count=3
info|2025-12-21 01:34:41.870169|timerFactory-0x000071d261bff640|[RPC][WS][SERVICE]connected nodes,count=0
info|2025-12-21 01:34:43.747394|ioService-0x000071d2747fe640|[P2PService][Service][METRIC]heartBeat,connected count=3
info|2025-12-21 01:34:51.870209|timerFactory-0x000071d261bff640|[RPC][WS][SERVICE]connected nodes,count=0
info|2025-12-21 01:34:53.747425|ioService-0x000071d2747fe640|[P2PService][Service][METRIC]heartBeat,connected count=3
info|2025-12-21 01:34:58.973982|objMonitor-0x000071d24efff640|[startMonitor][AliveObjectMonitor],AliveObjectAllocStat=[ type: bcos::gateway::Socket ,created: 17 ,destroyed: 13 ,alive: 4 ] 
info|2025-12-21 01:35:01.870257|timerFactory-0x000071d261bff640|[RPC][WS][SERVICE]connected nodes,count=0
info|2025-12-21 01:35:03.747459|ioService-0x000071d2747fe640|[P2PService][Service][METRIC]heartBeat,connected count=3
info|2025-12-21 01:35:11.870287|timerFactory-0x000071d261bff640|[RPC][WS][SERVICE]connected nodes,count=0
info|2025-12-21 01:35:13.747505|ioService-0x000071d2747fe640|[P2PService][Service][METRIC]heartBeat,connected count=3
info|2025-12-21 01:35:21.870318|timerFactory-0x000071d261bff640|[RPC][WS][SERVICE]connected nodes,count=0
info|2025-12-21 01:35:23.747581|ioService-0x000071d2747fe640|[P2PService][Service][METRIC]heartBeat,connected count=3
info|2025-12-21 01:35:31.870347|timerFactory-0x000071d261bff640|[RPC][WS][SERVICE]connected nodes,count=0
info|2025-12-21 01:35:33.747623|ioService-0x000071d2747fe640|[P2PService][Service][METRIC]heartBeat,connected count=3
info|2025-12-21 01:35:41.870379|timerFactory-0x000071d261bff640|[RPC][WS][SERVICE]connected nodes,count=0
info|2025-12-21 01:35:43.747667|ioService-0x000071d2747fe640|[P2PService][Service][METRIC]heartBeat,connected count=3
info|2025-12-21 01:35:51.870415|timerFactory-0x000071d261bff640|[RPC][WS][SERVICE]connected nodes,count=0
info|2025-12-21 01:35:53.747749|ioService-0x000071d2747fe640|[P2PService][Service][METRIC]heartBeat,connected count=3
info|2025-12-21 01:35:58.974073|objMonitor-0x000071d24efff640|[startMonitor][AliveObjectMonitor],AliveObjectAllocStat=[ type: bcos::gateway::Socket ,created: 17 ,destroyed: 13 ,alive: 4 ] 
info|2025-12-21 01:36:01.870450|timerFactory-0x000071d261bff640|[RPC][WS][SERVICE]connected nodes,count=0
info|2025-12-21 01:36:03.747774|ioService-0x000071d2747fe640|[P2PService][Service][METRIC]heartBeat,connected count=3
info|2025-12-21 01:36:11.870483|timerFactory-0x000071d261bff640|[RPC][WS][SERVICE]connected nodes,count=0
info|2025-12-21 01:36:13.747800|ioService-0x000071d2747fe640|[P2PService][Service][METRIC]heartBeat,connected count=3
info|2025-12-21 01:36:21.870524|timerFactory-0x000071d261bff640|[RPC][WS][SERVICE]connected nodes,count=0
info|2025-12-21 01:36:23.747848|ioService-0x000071d2747fe640|[P2PService][Service][METRIC]heartBeat,connected count=3
info|2025-12-21 01:36:31.870559|timerFactory-0x000071d261bff640|[RPC][WS][SERVICE]connected nodes,count=0
info|2025-12-21 01:36:33.747922|ioService-0x000071d2747fe640|[P2PService][Service][METRIC]heartBeat,connected count=3
info|2025-12-21 01:36:41.870589|timerFactory-0x000071d261bff640|[RPC][WS][SERVICE]connected nodes,count=0
info|2025-12-21 01:36:43.747968|ioService-0x000071d2747fe640|[P2PService][Service][METRIC]heartBeat,connected count=3
info|2025-12-21 01:36:51.870620|timerFactory-0x000071d261bff640|[RPC][WS][SERVICE]connected nodes,count=0
info|2025-12-21 01:36:53.748002|ioService-0x000071d2747fe640|[P2PService][Service][METRIC]heartBeat,connected count=3
info|2025-12-21 01:36:58.974120|objMonitor-0x000071d24efff640|[startMonitor][AliveObjectMonitor],AliveObjectAllocStat=[ type: bcos::gateway::Socket ,created: 17 ,destroyed: 13 ,alive: 4 ] [ type: bcos::gateway::ResponseCallback ,created: 13440087 ,destroyed: 13440082 ,alive: 5 ] 
info|2025-12-21 01:37:01.870653|timerFactory-0x000071d261bff640|[RPC][WS][SERVICE]connected nodes,count=0
info|2025-12-21 01:37:03.748042|ioService-0x000071d2747fe640|[P2PService][Service][METRIC]heartBeat,connected count=3
info|2025-12-21 01:37:11.870682|timerFactory-0x000071d261bff640|[RPC][WS][SERVICE]connected nodes,count=0
info|2025-12-21 01:37:13.748104|ioService-0x000071d2747fe640|[P2PService][Service][METRIC]heartBeat,connected count=3
info|2025-12-21 01:37:21.870712|timerFactory-0x000071d261bff640|[RPC][WS][SERVICE]connected nodes,count=0
info|2025-12-21 01:37:23.748195|ioService-0x000071d2747fe640|[P2PService][Service][METRIC]heartBeat,connected count=3
info|2025-12-21 01:37:31.870742|timerFactory-0x000071d261bff640|[RPC][WS][SERVICE]connected nodes,count=0
info|2025-12-21 01:37:33.748328|ioService-0x000071d2747fe640|[P2PService][Service][METRIC]heartBeat,connected count=3
info|2025-12-21 01:37:41.870774|timerFactory-0x000071d261bff640|[RPC][WS][SERVICE]connected nodes,count=0
info|2025-12-21 01:37:43.748367|ioService-0x000071d2747fe640|[P2PService][Service][METRIC]heartBeat,connected count=3
info|2025-12-21 01:37:51.870802|timerFactory-0x000071d261bff640|[RPC][WS][SERVICE]connected nodes,count=0
info|2025-12-21 01:37:53.748410|ioService-0x000071d2747fe640|[P2PService][Service][METRIC]heartBeat,connected count=3
info|2025-12-21 01:37:58.974182|objMonitor-0x000071d24efff640|[startMonitor][AliveObjectMonitor],AliveObjectAllocStat=[ type: bcos::gateway::Socket ,created: 17 ,destroyed: 13 ,alive: 4 ] 
info|2025-12-21 01:38:01.870839|timerFactory-0x000071d261bff640|[RPC][WS][SERVICE]connected nodes,count=0
info|2025-12-21 01:38:03.748448|ioService-0x000071d2747fe640|[P2PService][Service][METRIC]heartBeat,connected count=3
info|2025-12-21 01:38:11.870870|timerFactory-0x000071d261bff640|[RPC][WS][SERVICE]connected nodes,count=0
info|2025-12-21 01:38:13.748517|ioService-0x000071d2747fe640|[P2PService][Service][METRIC]heartBeat,connected count=3
info|2025-12-21 01:38:21.870900|timerFactory-0x000071d261bff640|[RPC][WS][SERVICE]connected nodes,count=0
info|2025-12-21 01:38:23.748589|ioService-0x000071d2747fe640|[P2PService][Service][METRIC]heartBeat,connected count=3
info|2025-12-21 01:38:31.870929|timerFactory-0x000071d261bff640|[RPC][WS][SERVICE]connected nodes,count=0
info|2025-12-21 01:38:33.748627|ioService-0x000071d2747fe640|[P2PService][Service][METRIC]heartBeat,connected count=3
info|2025-12-21 01:38:41.870956|timerFactory-0x000071d261bff640|[RPC][WS][SERVICE]connected nodes,count=0
info|2025-12-21 01:38:43.748656|ioService-0x000071d2747fe640|[P2PService][Service][METRIC]heartBeat,connected count=3
info|2025-12-21 01:38:51.871023|timerFactory-0x000071d261bff640|[RPC][WS][SERVICE]connected nodes,count=0
info|2025-12-21 01:38:53.748686|ioService-0x000071d2747fe640|[P2PService][Service][METRIC]heartBeat,connected count=3
info|2025-12-21 01:38:58.974286|objMonitor-0x000071d24efff640|[startMonitor][AliveObjectMonitor],AliveObjectAllocStat=[ type: bcos::gateway::Socket ,created: 17 ,destroyed: 13 ,alive: 4 ] 
info|2025-12-21 01:39:01.871074|timerFactory-0x000071d261bff640|[RPC][WS][SERVICE]connected nodes,count=0
info|2025-12-21 01:39:03.748723|ioService-0x000071d2747fe640|[P2PService][Service][METRIC]heartBeat,connected count=3
info|2025-12-21 01:39:11.871107|timerFactory-0x000071d261bff640|[RPC][WS][SERVICE]connected nodes,count=0
info|2025-12-21 01:39:13.748791|ioService-0x000071d2747fe640|[P2PService][Service][METRIC]heartBeat,connected count=3
info|2025-12-21 01:39:21.871138|timerFactory-0x000071d261bff640|[RPC][WS][SERVICE]connected nodes,count=0
info|2025-12-21 01:39:23.748878|ioService-0x000071d2747fe640|[P2PService][Service][METRIC]heartBeat,connected count=3
info|2025-12-21 01:39:31.871169|timerFactory-0x000071d261bff640|[RPC][WS][SERVICE]connected nodes,count=0
info|2025-12-21 01:39:33.748920|ioService-0x000071d2747fe640|[P2PService][Service][METRIC]heartBeat,connected count=3
info|2025-12-21 01:39:41.871204|timerFactory-0x000071d261bff640|[RPC][WS][SERVICE]connected nodes,count=0
info|2025-12-21 01:39:43.748969|ioService-0x000071d2747fe640|[P2PService][Service][METRIC]heartBeat,connected count=3
info|2025-12-21 01:39:51.871237|timerFactory-0x000071d261bff640|[RPC][WS][SERVICE]connected nodes,count=0
info|2025-12-21 01:39:53.749037|ioService-0x000071d2747fe640|[P2PService][Service][METRIC]heartBeat,connected count=3
info|2025-12-21 01:39:58.974329|objMonitor-0x000071d24efff640|[startMonitor][AliveObjectMonitor],AliveObjectAllocStat=[ type: bcos::gateway::Socket ,created: 17 ,destroyed: 13 ,alive: 4 ] 
info|2025-12-21 01:40:01.871272|timerFactory-0x000071d261bff640|[RPC][WS][SERVICE]connected nodes,count=0
info|2025-12-21 01:40:03.749078|ioService-0x000071d2747fe640|[P2PService][Service][METRIC]heartBeat,connected count=3
info|2025-12-21 01:40:11.871305|timerFactory-0x000071d261bff640|[RPC][WS][SERVICE]connected nodes,count=0
info|2025-12-21 01:40:13.749133|ioService-0x000071d2747fe640|[P2PService][Service][METRIC]heartBeat,connected count=3
info|2025-12-21 01:40:21.871337|timerFactory-0x000071d261bff640|[RPC][WS][SERVICE]connected nodes,count=0
info|2025-12-21 01:40:23.749177|ioService-0x000071d2747fe640|[P2PService][Service][METRIC]heartBeat,connected count=3
info|2025-12-21 01:40:31.871367|timerFactory-0x000071d261bff640|[RPC][WS][SERVICE]connected nodes,count=0
info|2025-12-21 01:40:33.749200|ioService-0x000071d2747fe640|[P2PService][Service][METRIC]heartBeat,connected count=3
info|2025-12-21 01:40:41.871396|timerFactory-0x000071d261bff640|[RPC][WS][SERVICE]connected nodes,count=0
info|2025-12-21 01:40:43.749224|ioService-0x000071d2747fe640|[P2PService][Service][METRIC]heartBeat,connected count=3
info|2025-12-21 01:40:51.871423|timerFactory-0x000071d261bff640|[RPC][WS][SERVICE]connected nodes,count=0
info|2025-12-21 01:40:53.749253|ioService-0x000071d2747fe640|[P2PService][Service][METRIC]heartBeat,connected count=3
info|2025-12-21 01:40:58.974371|objMonitor-0x000071d24efff640|[startMonitor][AliveObjectMonitor],AliveObjectAllocStat=[ type: bcos::gateway::Socket ,created: 17 ,destroyed: 13 ,alive: 4 ] [ type: bcos::gateway::ResponseCallback ,created: 13443684 ,destroyed: 13443680 ,alive: 4 ] 
info|2025-12-21 01:41:01.871451|timerFactory-0x000071d261bff640|[RPC][WS][SERVICE]connected nodes,count=0
info|2025-12-21 01:41:03.749325|ioService-0x000071d2747fe640|[P2PService][Service][METRIC]heartBeat,connected count=3
info|2025-12-21 01:41:11.871482|timerFactory-0x000071d261bff640|[RPC][WS][SERVICE]connected nodes,count=0
info|2025-12-21 01:41:13.749395|ioService-0x000071d2747fe640|[P2PService][Service][METRIC]heartBeat,connected count=3
info|2025-12-21 01:41:21.871516|timerFactory-0x000071d261bff640|[RPC][WS][SERVICE]connected nodes,count=0
info|2025-12-21 01:41:23.749431|ioService-0x000071d2747fe640|[P2PService][Service][METRIC]heartBeat,connected count=3
info|2025-12-21 01:41:31.871544|timerFactory-0x000071d261bff640|[RPC][WS][SERVICE]connected nodes,count=0
info|2025-12-21 01:41:33.749549|ioService-0x000071d2747fe640|[P2PService][Service][METRIC]heartBeat,connected count=3
info|2025-12-21 01:41:41.871575|timerFactory-0x000071d261bff640|[RPC][WS][SERVICE]connected nodes,count=0
info|2025-12-21 01:41:43.749635|ioService-0x000071d2747fe640|[P2PService][Service][METRIC]heartBeat,connected count=3
info|2025-12-21 01:41:51.871639|timerFactory-0x000071d261bff640|[RPC][WS][SERVICE]connected nodes,count=0
info|2025-12-21 01:41:53.749717|ioService-0x000071d2747fe640|[P2PService][Service][METRIC]heartBeat,connected count=3
info|2025-12-21 01:41:58.974418|objMonitor-0x000071d24efff640|[startMonitor][AliveObjectMonitor],AliveObjectAllocStat=[ type: bcos::gateway::Socket ,created: 17 ,destroyed: 13 ,alive: 4 ] 
info|2025-12-21 01:42:01.871679|timerFactory-0x000071d261bff640|[RPC][WS][SERVICE]connected nodes,count=0
info|2025-12-21 01:42:03.749747|ioService-0x000071d2747fe640|[P2PService][Service][METRIC]heartBeat,connected count=3
info|2025-12-21 01:42:11.871710|timerFactory-0x000071d261bff640|[RPC][WS][SERVICE]connected nodes,count=0
info|2025-12-21 01:42:13.749781|ioService-0x000071d2747fe640|[P2PService][Service][METRIC]heartBeat,connected count=3
info|2025-12-21 01:42:21.871756|timerFactory-0x000071d261bff640|[RPC][WS][SERVICE]connected nodes,count=0
info|2025-12-21 01:42:23.749853|ioService-0x000071d2747fe640|[P2PService][Service][METRIC]heartBeat,connected count=3
info|2025-12-21 01:42:31.871785|timerFactory-0x000071d261bff640|[RPC][WS][SERVICE]connected nodes,count=0
info|2025-12-21 01:42:33.749888|ioService-0x000071d2747fe640|[P2PService][Service][METRIC]heartBeat,connected count=3
info|2025-12-21 01:42:41.871813|timerFactory-0x000071d261bff640|[RPC][WS][SERVICE]connected nodes,count=0
info|2025-12-21 01:42:43.749994|ioService-0x000071d2747fe640|[P2PService][Service][METRIC]heartBeat,connected count=3
info|2025-12-21 01:42:51.871846|timerFactory-0x000071d261bff640|[RPC][WS][SERVICE]connected nodes,count=0
info|2025-12-21 01:42:53.750034|ioService-0x000071d2747fe640|[P2PService][Service][METRIC]heartBeat,connected count=3
info|2025-12-21 01:42:58.974460|objMonitor-0x000071d24efff640|[startMonitor][AliveObjectMonitor],AliveObjectAllocStat=[ type: bcos::gateway::Socket ,created: 17 ,destroyed: 13 ,alive: 4 ] 
info|2025-12-21 01:43:01.871883|timerFactory-0x000071d261bff640|[RPC][WS][SERVICE]connected nodes,count=0
info|2025-12-21 01:43:03.750072|ioService-0x000071d2747fe640|[P2PService][Service][METRIC]heartBeat,connected count=3
info|2025-12-21 01:43:11.871912|timerFactory-0x000071d261bff640|[RPC][WS][SERVICE]connected nodes,count=0
info|2025-12-21 01:43:13.750127|ioService-0x000071d2747fe640|[P2PService][Service][METRIC]heartBeat,connected count=3
info|2025-12-21 01:43:21.871941|timerFactory-0x000071d261bff640|[RPC][WS][SERVICE]connected nodes,count=0
info|2025-12-21 01:43:23.750173|ioService-0x000071d2747fe640|[P2PService][Service][METRIC]heartBeat,connected count=3
info|2025-12-21 01:43:31.871971|timerFactory-0x000071d261bff640|[RPC][WS][SERVICE]connected nodes,count=0
info|2025-12-21 01:43:33.750216|ioService-0x000071d2747fe640|[P2PService][Service][METRIC]heartBeat,connected count=3
info|2025-12-21 01:43:41.872005|timerFactory-0x000071d261bff640|[RPC][WS][SERVICE]connected nodes,count=0
info|2025-12-21 01:43:43.750264|ioService-0x000071d2747fe640|[P2PService][Service][METRIC]heartBeat,connected count=3
info|2025-12-21 01:43:51.872038|timerFactory-0x000071d261bff640|[RPC][WS][SERVICE]connected nodes,count=0
info|2025-12-21 01:43:53.750338|ioService-0x000071d2747fe640|[P2PService][Service][METRIC]heartBeat,connected count=3
info|2025-12-21 01:43:58.974503|objMonitor-0x000071d24efff640|[startMonitor][AliveObjectMonitor],AliveObjectAllocStat=[ type: bcos::gateway::Socket ,created: 17 ,destroyed: 13 ,alive: 4 ] 
info|2025-12-21 01:44:01.872101|timerFactory-0x000071d261bff640|[RPC][WS][SERVICE]connected nodes,count=0
info|2025-12-21 01:44:03.750426|ioService-0x000071d2747fe640|[P2PService][Service][METRIC]heartBeat,connected count=3
info|2025-12-21 01:44:11.872133|timerFactory-0x000071d261bff640|[RPC][WS][SERVICE]connected nodes,count=0
info|2025-12-21 01:44:13.750455|ioService-0x000071d2747fe640|[P2PService][Service][METRIC]heartBeat,connected count=3
info|2025-12-21 01:44:21.872172|timerFactory-0x000071d261bff640|[RPC][WS][SERVICE]connected nodes,count=0
info|2025-12-21 01:44:23.750477|ioService-0x000071d2747fe640|[P2PService][Service][METRIC]heartBeat,connected count=3
info|2025-12-21 01:44:31.872194|timerFactory-0x000071d261bff640|[RPC][WS][SERVICE]connected nodes,count=0
info|2025-12-21 01:44:33.750510|ioService-0x000071d2747fe640|[P2PService][Service][METRIC]heartBeat,connected count=3
info|2025-12-21 01:44:41.872222|timerFactory-0x000071d261bff640|[RPC][WS][SERVICE]connected nodes,count=0
info|2025-12-21 01:44:43.750548|ioService-0x000071d2747fe640|[P2PService][Service][METRIC]heartBeat,connected count=3
info|2025-12-21 01:44:51.872243|timerFactory-0x000071d261bff640|[RPC][WS][SERVICE]connected nodes,count=0
info|2025-12-21 01:44:53.750615|ioService-0x000071d2747fe640|[P2PService][Service][METRIC]heartBeat,connected count=3
info|2025-12-21 01:44:58.974589|objMonitor-0x000071d24efff640|[startMonitor][AliveObjectMonitor],AliveObjectAllocStat=[ type: bcos::gateway::Socket ,created: 17 ,destroyed: 13 ,alive: 4 ] [ type: bcos::gateway::ResponseCallback ,created: 13447281 ,destroyed: 13447276 ,alive: 5 ] 
info|2025-12-21 01:45:01.872263|timerFactory-0x000071d261bff640|[RPC][WS][SERVICE]connected nodes,count=0
info|2025-12-21 01:45:03.750637|ioService-0x000071d2747fe640|[P2PService][Service][METRIC]heartBeat,connected count=3
info|2025-12-21 01:45:11.872284|timerFactory-0x000071d261bff640|[RPC][WS][SERVICE]connected nodes,count=0
info|2025-12-21 01:45:13.750773|ioService-0x000071d2747fe640|[P2PService][Service][METRIC]heartBeat,connected count=3
info|2025-12-21 01:45:21.872305|timerFactory-0x000071d261bff640|[RPC][WS][SERVICE]connected nodes,count=0
info|2025-12-21 01:45:23.750907|ioService-0x000071d2747fe640|[P2PService][Service][METRIC]heartBeat,connected count=3
info|2025-12-21 01:45:31.872330|timerFactory-0x000071d261bff640|[RPC][WS][SERVICE]connected nodes,count=0
info|2025-12-21 01:45:33.751085|ioService-0x000071d2747fe640|[P2PService][Service][METRIC]heartBeat,connected count=3
info|2025-12-21 01:45:41.872352|timerFactory-0x000071d261bff640|[RPC][WS][SERVICE]connected nodes,count=0
info|2025-12-21 01:45:43.751163|ioService-0x000071d2747fe640|[P2PService][Service][METRIC]heartBeat,connected count=3
info|2025-12-21 01:45:51.872373|timerFactory-0x000071d261bff640|[RPC][WS][SERVICE]connected nodes,count=0
info|2025-12-21 01:45:53.751192|ioService-0x000071d2747fe640|[P2PService][Service][METRIC]heartBeat,connected count=3
info|2025-12-21 01:45:58.974735|objMonitor-0x000071d24efff640|[startMonitor][AliveObjectMonitor],AliveObjectAllocStat=[ type: bcos::gateway::Socket ,created: 17 ,destroyed: 13 ,alive: 4 ] 
info|2025-12-21 01:46:01.872443|timerFactory-0x000071d261bff640|[RPC][WS][SERVICE]connected nodes,count=0
info|2025-12-21 01:46:03.751293|ioService-0x000071d2747fe640|[P2PService][Service][METRIC]heartBeat,connected count=3
info|2025-12-21 01:46:11.872464|timerFactory-0x000071d261bff640|[RPC][WS][SERVICE]connected nodes,count=0
info|2025-12-21 01:46:13.751315|ioService-0x000071d2747fe640|[P2PService][Service][METRIC]heartBeat,connected count=3
info|2025-12-21 01:46:21.872490|timerFactory-0x000071d261bff640|[RPC][WS][SERVICE]connected nodes,count=0
info|2025-12-21 01:46:23.751382|ioService-0x000071d2747fe640|[P2PService][Service][METRIC]heartBeat,connected count=3
info|2025-12-21 01:46:31.872509|timerFactory-0x000071d261bff640|[RPC][WS][SERVICE]connected nodes,count=0
info|2025-12-21 01:46:33.751413|ioService-0x000071d2747fe640|[P2PService][Service][METRIC]heartBeat,connected count=3
info|2025-12-21 01:46:41.872529|timerFactory-0x000071d261bff640|[RPC][WS][SERVICE]connected nodes,count=0
info|2025-12-21 01:46:43.751497|ioService-0x000071d2747fe640|[P2PService][Service][METRIC]heartBeat,connected count=3
info|2025-12-21 01:46:51.872549|timerFactory-0x000071d261bff640|[RPC][WS][SERVICE]connected nodes,count=0
info|2025-12-21 01:46:53.751527|ioService-0x000071d2747fe640|[P2PService][Service][METRIC]heartBeat,connected count=3
info|2025-12-21 01:46:58.974778|objMonitor-0x000071d24efff640|[startMonitor][AliveObjectMonitor],AliveObjectAllocStat=[ type: bcos::gateway::Socket ,created: 17 ,destroyed: 13 ,alive: 4 ] 
info|2025-12-21 01:47:01.872568|timerFactory-0x000071d261bff640|[RPC][WS][SERVICE]connected nodes,count=0
info|2025-12-21 01:47:03.751550|ioService-0x000071d2747fe640|[P2PService][Service][METRIC]heartBeat,connected count=3
info|2025-12-21 01:47:11.872590|timerFactory-0x000071d261bff640|[RPC][WS][SERVICE]connected nodes,count=0
info|2025-12-21 01:47:13.751573|ioService-0x000071d2747fe640|[P2PService][Service][METRIC]heartBeat,connected count=3
info|2025-12-21 01:47:21.872789|timerFactory-0x000071d261bff640|[RPC][WS][SERVICE]connected nodes,count=0
info|2025-12-21 01:47:23.751601|ioService-0x000071d2747fe640|[P2PService][Service][METRIC]heartBeat,connected count=3
info|2025-12-21 01:47:31.872811|timerFactory-0x000071d261bff640|[RPC][WS][SERVICE]connected nodes,count=0
info|2025-12-21 01:47:33.751631|ioService-0x000071d2747fe640|[P2PService][Service][METRIC]heartBeat,connected count=3
info|2025-12-21 01:47:41.872864|timerFactory-0x000071d261bff640|[RPC][WS][SERVICE]connected nodes,count=0
info|2025-12-21 01:47:43.751658|ioService-0x000071d2747fe640|[P2PService][Service][METRIC]heartBeat,connected count=3
info|2025-12-21 01:47:51.872891|timerFactory-0x000071d261bff640|[RPC][WS][SERVICE]connected nodes,count=0
info|2025-12-21 01:47:53.751777|ioService-0x000071d2747fe640|[P2PService][Service][METRIC]heartBeat,connected count=3
info|2025-12-21 01:47:58.974867|objMonitor-0x000071d24efff640|[startMonitor][AliveObjectMonitor],AliveObjectAllocStat=[ type: bcos::gateway::Socket ,created: 17 ,destroyed: 13 ,alive: 4 ] 
info|2025-12-21 01:48:01.872915|timerFactory-0x000071d261bff640|[RPC][WS][SERVICE]connected nodes,count=0
info|2025-12-21 01:48:03.751955|ioService-0x000071d2747fe640|[P2PService][Service][METRIC]heartBeat,connected count=3
info|2025-12-21 01:48:11.872987|timerFactory-0x000071d261bff640|[RPC][WS][SERVICE]connected nodes,count=0
info|2025-12-21 01:48:13.752076|ioService-0x000071d2747fe640|[P2PService][Service][METRIC]heartBeat,connected count=3
info|2025-12-21 01:48:21.873013|timerFactory-0x000071d261bff640|[RPC][WS][SERVICE]connected nodes,count=0
info|2025-12-21 01:48:23.752107|ioService-0x000071d2747fe640|[P2PService][Service][METRIC]heartBeat,connected count=3
info|2025-12-21 01:48:31.873082|timerFactory-0x000071d261bff640|[RPC][WS][SERVICE]connected nodes,count=0
info|2025-12-21 01:48:33.752232|ioService-0x000071d2747fe640|[P2PService][Service][METRIC]heartBeat,connected count=3
info|2025-12-21 01:48:41.873162|timerFactory-0x000071d261bff640|[RPC][WS][SERVICE]connected nodes,count=0
info|2025-12-21 01:48:43.752262|ioService-0x000071d2747fe640|[P2PService][Service][METRIC]heartBeat,connected count=3
info|2025-12-21 01:48:51.873182|timerFactory-0x000071d261bff640|[RPC][WS][SERVICE]connected nodes,count=0
info|2025-12-21 01:48:53.752290|ioService-0x000071d2747fe640|[P2PService][Service][METRIC]heartBeat,connected count=3
info|2025-12-21 01:48:58.974902|objMonitor-0x000071d24efff640|[startMonitor][AliveObjectMonitor],AliveObjectAllocStat=[ type: bcos::gateway::Socket ,created: 17 ,destroyed: 13 ,alive: 4 ] 
info|2025-12-21 01:49:01.873291|timerFactory-0x000071d261bff640|[RPC][WS][SERVICE]connected nodes,count=0
info|2025-12-21 01:49:03.752314|ioService-0x000071d2747fe640|[P2PService][Service][METRIC]heartBeat,connected count=3
info|2025-12-21 01:49:11.873328|timerFactory-0x000071d261bff640|[RPC][WS][SERVICE]connected nodes,count=0
info|2025-12-21 01:49:13.752404|ioService-0x000071d2747fe640|[P2PService][Service][METRIC]heartBeat,connected count=3
info|2025-12-21 01:49:21.873346|timerFactory-0x000071d261bff640|[RPC][WS][SERVICE]connected nodes,count=0
info|2025-12-21 01:49:23.752437|ioService-0x000071d2747fe640|[P2PService][Service][METRIC]heartBeat,connected count=3
info|2025-12-21 01:49:31.873366|timerFactory-0x000071d261bff640|[RPC][WS][SERVICE]connected nodes,count=0
info|2025-12-21 01:49:33.752525|ioService-0x000071d2747fe640|[P2PService][Service][METRIC]heartBeat,connected count=3
info|2025-12-21 01:49:41.873396|timerFactory-0x000071d261bff640|[RPC][WS][SERVICE]connected nodes,count=0
info|2025-12-21 01:49:43.752560|ioService-0x000071d2747fe640|[P2PService][Service][METRIC]heartBeat,connected count=3
info|2025-12-21 01:49:51.873419|timerFactory-0x000071d261bff640|[RPC][WS][SERVICE]connected nodes,count=0
info|2025-12-21 01:49:53.752633|ioService-0x000071d2747fe640|[P2PService][Service][METRIC]heartBeat,connected count=3
info|2025-12-21 01:49:58.974936|objMonitor-0x000071d24efff640|[startMonitor][AliveObjectMonitor],AliveObjectAllocStat=[ type: bcos::gateway::Socket ,created: 17 ,destroyed: 13 ,alive: 4 ] 
info|2025-12-21 01:50:01.873489|timerFactory-0x000071d261bff640|[RPC][WS][SERVICE]connected nodes,count=0
info|2025-12-21 01:50:03.752748|ioService-0x000071d2747fe640|[P2PService][Service][METRIC]heartBeat,connected count=3
info|2025-12-21 01:50:11.873508|timerFactory-0x000071d261bff640|[RPC][WS][SERVICE]connected nodes,count=0
info|2025-12-21 01:50:13.752803|ioService-0x000071d2747fe640|[P2PService][Service][METRIC]heartBeat,connected count=3
info|2025-12-21 01:50:21.873525|timerFactory-0x000071d261bff640|[RPC][WS][SERVICE]connected nodes,count=0
info|2025-12-21 01:50:23.752927|ioService-0x000071d2747fe640|[P2PService][Service][METRIC]heartBeat,connected count=3
info|2025-12-21 01:50:31.873548|timerFactory-0x000071d261bff640|[RPC][WS][SERVICE]connected nodes,count=0
info|2025-12-21 01:50:33.753007|ioService-0x000071d2747fe640|[P2PService][Service][METRIC]heartBeat,connected count=3
info|2025-12-21 01:50:41.873571|timerFactory-0x000071d261bff640|[RPC][WS][SERVICE]connected nodes,count=0
info|2025-12-21 01:50:43.753034|ioService-0x000071d2747fe640|[P2PService][Service][METRIC]heartBeat,connected count=3
info|2025-12-21 01:50:51.873628|timerFactory-0x000071d261bff640|[RPC][WS][SERVICE]connected nodes,count=0
info|2025-12-21 01:50:53.753055|ioService-0x000071d2747fe640|[P2PService][Service][METRIC]heartBeat,connected count=3
info|2025-12-21 01:50:58.975018|objMonitor-0x000071d24efff640|[startMonitor][AliveObjectMonitor],AliveObjectAllocStat=[ type: bcos::gateway::Socket ,created: 17 ,destroyed: 13 ,alive: 4 ] 
info|2025-12-21 01:51:01.873685|timerFactory-0x000071d261bff640|[RPC][WS][SERVICE]connected nodes,count=0
info|2025-12-21 01:51:03.753128|ioService-0x000071d2747fe640|[P2PService][Service][METRIC]heartBeat,connected count=3
info|2025-12-21 01:51:11.873708|timerFactory-0x000071d261bff640|[RPC][WS][SERVICE]connected nodes,count=0
info|2025-12-21 01:51:13.753154|ioService-0x000071d2747fe640|[P2PService][Service][METRIC]heartBeat,connected count=3
info|2025-12-21 01:51:21.873736|timerFactory-0x000071d261bff640|[RPC][WS][SERVICE]connected nodes,count=0
info|2025-12-21 01:51:23.753228|ioService-0x000071d2747fe640|[P2PService][Service][METRIC]heartBeat,connected count=3
info|2025-12-21 01:51:31.873795|timerFactory-0x000071d261bff640|[RPC][WS][SERVICE]connected nodes,count=0
info|2025-12-21 01:51:33.753326|ioService-0x000071d2747fe640|[P2PService][Service][METRIC]heartBeat,connected count=3
info|2025-12-21 01:51:41.873892|timerFactory-0x000071d261bff640|[RPC][WS][SERVICE]connected nodes,count=0
info|2025-12-21 01:51:43.753481|ioService-0x000071d2747fe640|[P2PService][Service][METRIC]heartBeat,connected count=3
info|2025-12-21 01:51:51.873997|timerFactory-0x000071d261bff640|[RPC][WS][SERVICE]connected nodes,count=0
info|2025-12-21 01:51:53.753586|ioService-0x000071d2747fe640|[P2PService][Service][METRIC]heartBeat,connected count=3
info|2025-12-21 01:51:58.975141|objMonitor-0x000071d24efff640|[startMonitor][AliveObjectMonitor],AliveObjectAllocStat=[ type: bcos::gateway::Socket ,created: 17 ,destroyed: 13 ,alive: 4 ] 
info|2025-12-21 01:52:01.874023|timerFactory-0x000071d261bff640|[RPC][WS][SERVICE]connected nodes,count=0
info|2025-12-21 01:52:03.753687|ioService-0x000071d2747fe640|[P2PService][Service][METRIC]heartBeat,connected count=3
info|2025-12-21 01:52:11.874106|timerFactory-0x000071d261bff640|[RPC][WS][SERVICE]connected nodes,count=0
info|2025-12-21 01:52:13.753711|ioService-0x000071d2747fe640|[P2PService][Service][METRIC]heartBeat,connected count=3
info|2025-12-21 01:52:21.874351|timerFactory-0x000071d261bff640|[RPC][WS][SERVICE]connected nodes,count=0
info|2025-12-21 01:52:23.753733|ioService-0x000071d2747fe640|[P2PService][Service][METRIC]heartBeat,connected count=3
info|2025-12-21 01:52:31.874373|timerFactory-0x000071d261bff640|[RPC][WS][SERVICE]connected nodes,count=0
info|2025-12-21 01:52:33.753755|ioService-0x000071d2747fe640|[P2PService][Service][METRIC]heartBeat,connected count=3
info|2025-12-21 01:52:41.874394|timerFactory-0x000071d261bff640|[RPC][WS][SERVICE]connected nodes,count=0
info|2025-12-21 01:52:43.753775|ioService-0x000071d2747fe640|[P2PService][Service][METRIC]heartBeat,connected count=3
info|2025-12-21 01:52:51.874415|timerFactory-0x000071d261bff640|[RPC][WS][SERVICE]connected nodes,count=0
info|2025-12-21 01:52:53.753802|ioService-0x000071d2747fe640|[P2PService][Service][METRIC]heartBeat,connected count=3
info|2025-12-21 01:52:58.975303|objMonitor-0x000071d24efff640|[startMonitor][AliveObjectMonitor],AliveObjectAllocStat=[ type: bcos::gateway::Socket ,created: 17 ,destroyed: 13 ,alive: 4 ] 
info|2025-12-21 01:53:01.874442|timerFactory-0x000071d261bff640|[RPC][WS][SERVICE]connected nodes,count=0
info|2025-12-21 01:53:03.753877|ioService-0x000071d2747fe640|[P2PService][Service][METRIC]heartBeat,connected count=3
info|2025-12-21 01:53:11.874462|timerFactory-0x000071d261bff640|[RPC][WS][SERVICE]connected nodes,count=0
info|2025-12-21 01:53:13.753898|ioService-0x000071d2747fe640|[P2PService][Service][METRIC]heartBeat,connected count=3
info|2025-12-21 01:53:21.874527|timerFactory-0x000071d261bff640|[RPC][WS][SERVICE]connected nodes,count=0
info|2025-12-21 01:53:23.753995|ioService-0x000071d2747fe640|[P2PService][Service][METRIC]heartBeat,connected count=3
info|2025-12-21 01:53:31.874550|timerFactory-0x000071d261bff640|[RPC][WS][SERVICE]connected nodes,count=0
info|2025-12-21 01:53:33.754052|ioService-0x000071d2747fe640|[P2PService][Service][METRIC]heartBeat,connected count=3
info|2025-12-21 01:53:41.874567|timerFactory-0x000071d261bff640|[RPC][WS][SERVICE]connected nodes,count=0
info|2025-12-21 01:53:43.754119|ioService-0x000071d2747fe640|[P2PService][Service][METRIC]heartBeat,connected count=3
info|2025-12-21 01:53:51.874585|timerFactory-0x000071d261bff640|[RPC][WS][SERVICE]connected nodes,count=0
info|2025-12-21 01:53:53.754159|ioService-0x000071d2747fe640|[P2PService][Service][METRIC]heartBeat,connected count=3
info|2025-12-21 01:53:58.975360|objMonitor-0x000071d24efff640|[startMonitor][AliveObjectMonitor],AliveObjectAllocStat=[ type: bcos::gateway::Socket ,created: 17 ,destroyed: 13 ,alive: 4 ] 
info|2025-12-21 01:54:01.874604|timerFactory-0x000071d261bff640|[RPC][WS][SERVICE]connected nodes,count=0
info|2025-12-21 01:54:03.754193|ioService-0x000071d2747fe640|[P2PService][Service][METRIC]heartBeat,connected count=3
info|2025-12-21 01:54:11.874624|timerFactory-0x000071d261bff640|[RPC][WS][SERVICE]connected nodes,count=0
info|2025-12-21 01:54:13.754267|ioService-0x000071d2747fe640|[P2PService][Service][METRIC]heartBeat,connected count=3
info|2025-12-21 01:54:21.874643|timerFactory-0x000071d261bff640|[RPC][WS][SERVICE]connected nodes,count=0
info|2025-12-21 01:54:23.754335|ioService-0x000071d2747fe640|[P2PService][Service][METRIC]heartBeat,connected count=3
info|2025-12-21 01:54:31.874662|timerFactory-0x000071d261bff640|[RPC][WS][SERVICE]connected nodes,count=0
info|2025-12-21 01:54:33.754364|ioService-0x000071d2747fe640|[P2PService][Service][METRIC]heartBeat,connected count=3
info|2025-12-21 01:54:41.874720|timerFactory-0x000071d261bff640|[RPC][WS][SERVICE]connected nodes,count=0
info|2025-12-21 01:54:43.754388|ioService-0x000071d2747fe640|[P2PService][Service][METRIC]heartBeat,connected count=3
info|2025-12-21 01:54:51.874771|timerFactory-0x000071d261bff640|[RPC][WS][SERVICE]connected nodes,count=0
info|2025-12-21 01:54:53.754426|ioService-0x000071d2747fe640|[P2PService][Service][METRIC]heartBeat,connected count=3
info|2025-12-21 01:54:58.975405|objMonitor-0x000071d24efff640|[startMonitor][AliveObjectMonitor],AliveObjectAllocStat=[ type: bcos::gateway::Socket ,created: 17 ,destroyed: 13 ,alive: 4 ] 
info|2025-12-21 01:55:01.874914|timerFactory-0x000071d261bff640|[RPC][WS][SERVICE]connected nodes,count=0
info|2025-12-21 01:55:03.754530|ioService-0x000071d2747fe640|[P2PService][Service][METRIC]heartBeat,connected count=3
info|2025-12-21 01:55:11.874962|timerFactory-0x000071d261bff640|[RPC][WS][SERVICE]connected nodes,count=0
info|2025-12-21 01:55:13.754560|ioService-0x000071d2747fe640|[P2PService][Service][METRIC]heartBeat,connected count=3
info|2025-12-21 01:55:21.875062|timerFactory-0x000071d261bff640|[RPC][WS][SERVICE]connected nodes,count=0
info|2025-12-21 01:55:23.754623|ioService-0x000071d2747fe640|[P2PService][Service][METRIC]heartBeat,connected count=3
info|2025-12-21 01:55:31.875140|timerFactory-0x000071d261bff640|[RPC][WS][SERVICE]connected nodes,count=0
info|2025-12-21 01:55:33.754703|ioService-0x000071d2747fe640|[P2PService][Service][METRIC]heartBeat,connected count=3
info|2025-12-21 01:55:41.875156|timerFactory-0x000071d261bff640|[RPC][WS][SERVICE]connected nodes,count=0
info|2025-12-21 01:55:43.754734|ioService-0x000071d2747fe640|[P2PService][Service][METRIC]heartBeat,connected count=3
info|2025-12-21 01:55:51.875169|timerFactory-0x000071d261bff640|[RPC][WS][SERVICE]connected nodes,count=0
info|2025-12-21 01:55:53.754884|ioService-0x000071d2747fe640|[P2PService][Service][METRIC]heartBeat,connected count=3
info|2025-12-21 01:55:58.975446|objMonitor-0x000071d24efff640|[startMonitor][AliveObjectMonitor],AliveObjectAllocStat=[ type: bcos::gateway::Socket ,created: 17 ,destroyed: 13 ,alive: 4 ] 
info|2025-12-21 01:56:01.875191|timerFactory-0x000071d261bff640|[RPC][WS][SERVICE]connected nodes,count=0
info|2025-12-21 01:56:03.754907|ioService-0x000071d2747fe640|[P2PService][Service][METRIC]heartBeat,connected count=3
info|2025-12-21 01:56:11.875246|timerFactory-0x000071d261bff640|[RPC][WS][SERVICE]connected nodes,count=0
info|2025-12-21 01:56:13.754965|ioService-0x000071d2747fe640|[P2PService][Service][METRIC]heartBeat,connected count=3
info|2025-12-21 01:56:21.875308|timerFactory-0x000071d261bff640|[RPC][WS][SERVICE]connected nodes,count=0
info|2025-12-21 01:56:23.754986|ioService-0x000071d2747fe640|[P2PService][Service][METRIC]heartBeat,connected count=3
info|2025-12-21 01:56:31.875357|timerFactory-0x000071d261bff640|[RPC][WS][SERVICE]connected nodes,count=0
info|2025-12-21 01:56:33.755037|ioService-0x000071d2747fe640|[P2PService][Service][METRIC]heartBeat,connected count=3
info|2025-12-21 01:56:41.875449|timerFactory-0x000071d261bff640|[RPC][WS][SERVICE]connected nodes,count=0
info|2025-12-21 01:56:43.755066|ioService-0x000071d2747fe640|[P2PService][Service][METRIC]heartBeat,connected count=3
info|2025-12-21 01:56:51.875541|timerFactory-0x000071d261bff640|[RPC][WS][SERVICE]connected nodes,count=0
info|2025-12-21 01:56:53.755162|ioService-0x000071d2747fe640|[P2PService][Service][METRIC]heartBeat,connected count=3
info|2025-12-21 01:56:58.975528|objMonitor-0x000071d24efff640|[startMonitor][AliveObjectMonitor],AliveObjectAllocStat=[ type: bcos::gateway::Socket ,created: 17 ,destroyed: 13 ,alive: 4 ] [ type: bcos::gateway::ResponseCallback ,created: 13458072 ,destroyed: 13458068 ,alive: 4 ] 
info|2025-12-21 01:57:01.875603|timerFactory-0x000071d261bff640|[RPC][WS][SERVICE]connected nodes,count=0
info|2025-12-21 01:57:03.755186|ioService-0x000071d2747fe640|[P2PService][Service][METRIC]heartBeat,connected count=3
info|2025-12-21 01:57:11.875653|timerFactory-0x000071d261bff640|[RPC][WS][SERVICE]connected nodes,count=0
info|2025-12-21 01:57:13.755205|ioService-0x000071d2747fe640|[P2PService][Service][METRIC]heartBeat,connected count=3
info|2025-12-21 01:57:21.875709|timerFactory-0x000071d261bff640|[RPC][WS][SERVICE]connected nodes,count=0
info|2025-12-21 01:57:23.755291|ioService-0x000071d2747fe640|[P2PService][Service][METRIC]heartBeat,connected count=3
info|2025-12-21 01:57:31.875766|timerFactory-0x000071d261bff640|[RPC][WS][SERVICE]connected nodes,count=0
info|2025-12-21 01:57:33.755322|ioService-0x000071d2747fe640|[P2PService][Service][METRIC]heartBeat,connected count=3
info|2025-12-21 01:57:41.875792|timerFactory-0x000071d261bff640|[RPC][WS][SERVICE]connected nodes,count=0
info|2025-12-21 01:57:43.755349|ioService-0x000071d2747fe640|[P2PService][Service][METRIC]heartBeat,connected count=3
info|2025-12-21 01:57:51.875856|timerFactory-0x000071d261bff640|[RPC][WS][SERVICE]connected nodes,count=0
info|2025-12-21 01:57:53.755410|ioService-0x000071d2747fe640|[P2PService][Service][METRIC]heartBeat,connected count=3
info|2025-12-21 01:57:58.975575|objMonitor-0x000071d24efff640|[startMonitor][AliveObjectMonitor],AliveObjectAllocStat=[ type: bcos::gateway::Socket ,created: 17 ,destroyed: 13 ,alive: 4 ] 
info|2025-12-21 01:58:01.875926|timerFactory-0x000071d261bff640|[RPC][WS][SERVICE]connected nodes,count=0
info|2025-12-21 01:58:03.755471|ioService-0x000071d2747fe640|[P2PService][Service][METRIC]heartBeat,connected count=3
info|2025-12-21 01:58:11.875996|timerFactory-0x000071d261bff640|[RPC][WS][SERVICE]connected nodes,count=0
info|2025-12-21 01:58:13.755540|ioService-0x000071d2747fe640|[P2PService][Service][METRIC]heartBeat,connected count=3
info|2025-12-21 01:58:21.876053|timerFactory-0x000071d261bff640|[RPC][WS][SERVICE]connected nodes,count=0
info|2025-12-21 01:58:23.755616|ioService-0x000071d2747fe640|[P2PService][Service][METRIC]heartBeat,connected count=3
info|2025-12-21 01:58:31.876108|timerFactory-0x000071d261bff640|[RPC][WS][SERVICE]connected nodes,count=0
info|2025-12-21 01:58:33.755794|ioService-0x000071d2747fe640|[P2PService][Service][METRIC]heartBeat,connected count=3
info|2025-12-21 01:58:41.876157|timerFactory-0x000071d261bff640|[RPC][WS][SERVICE]connected nodes,count=0
info|2025-12-21 01:58:43.756020|ioService-0x000071d2747fe640|[P2PService][Service][METRIC]heartBeat,connected count=3
info|2025-12-21 01:58:51.876180|timerFactory-0x000071d261bff640|[RPC][WS][SERVICE]connected nodes,count=0
info|2025-12-21 01:58:53.756206|ioService-0x000071d2747fe640|[P2PService][Service][METRIC]heartBeat,connected count=3
info|2025-12-21 01:58:58.975616|objMonitor-0x000071d24efff640|[startMonitor][AliveObjectMonitor],AliveObjectAllocStat=[ type: bcos::gateway::Socket ,created: 17 ,destroyed: 13 ,alive: 4 ] 
info|2025-12-21 01:59:01.876234|timerFactory-0x000071d261bff640|[RPC][WS][SERVICE]connected nodes,count=0
info|2025-12-21 01:59:03.756233|ioService-0x000071d2747fe640|[P2PService][Service][METRIC]heartBeat,connected count=3
info|2025-12-21 01:59:11.876281|timerFactory-0x000071d261bff640|[RPC][WS][SERVICE]connected nodes,count=0
info|2025-12-21 01:59:13.756289|ioService-0x000071d2747fe640|[P2PService][Service][METRIC]heartBeat,connected count=3
info|2025-12-21 01:59:21.876307|timerFactory-0x000071d261bff640|[RPC][WS][SERVICE]connected nodes,count=0
info|2025-12-21 01:59:23.756314|ioService-0x000071d2747fe640|[P2PService][Service][METRIC]heartBeat,connected count=3
info|2025-12-21 01:59:31.876329|timerFactory-0x000071d261bff640|[RPC][WS][SERVICE]connected nodes,count=0
info|2025-12-21 01:59:33.756393|ioService-0x000071d2747fe640|[P2PService][Service][METRIC]heartBeat,connected count=3
info|2025-12-21 01:59:41.876358|timerFactory-0x000071d261bff640|[RPC][WS][SERVICE]connected nodes,count=0
info|2025-12-21 01:59:43.756424|ioService-0x000071d2747fe640|[P2PService][Service][METRIC]heartBeat,connected count=3
info|2025-12-21 01:59:51.876384|timerFactory-0x000071d261bff640|[RPC][WS][SERVICE]connected nodes,count=0
info|2025-12-21 01:59:53.756578|ioService-0x000071d2747fe640|[P2PService][Service][METRIC]heartBeat,connected count=3
info|2025-12-21 01:59:58.975657|objMonitor-0x000071d24efff640|[startMonitor][AliveObjectMonitor],AliveObjectAllocStat=[ type: bcos::gateway::Socket ,created: 17 ,destroyed: 13 ,alive: 4 ] 
