info|2026-02-07 14:00:06.546687|ioService-0x000074399f3ff6c0|[P2PService][Service][METRIC]heartBeat,connected count=3
info|2026-02-07 14:00:08.040654|timerFactory-0x000074398f3fd6c0|[RPC][WS][SERVICE]connected nodes,count=0
info|2026-02-07 14:00:16.546850|ioService-0x000074399f3ff6c0|[P2PService][Service][METRIC]heartBeat,connected count=3
info|2026-02-07 14:00:18.040839|timerFactory-0x000074398f3fd6c0|[RPC][WS][SERVICE]connected nodes,count=0
info|2026-02-07 14:00:27.788632|ioService-0x000074399f3ff6c0|[P2PService][Service][METRIC]heartBeat,connected count=3
info|2026-02-07 14:00:29.282487|timerFactory-0x000074398f3fd6c0|[RPC][WS][SERVICE]connected nodes,count=0
info|2026-02-07 14:00:37.788869|ioService-0x000074399f3ff6c0|[P2PService][Service][METRIC]heartBeat,connected count=3
info|2026-02-07 14:00:39.099781|objMonitor-0x00007439817ff6c0|[startMonitor][AliveObjectMonitor],AliveObjectAllocStat=[ type: bcos::gateway::Socket ,created: 12 ,destroyed: 8 ,alive: 4 ] 
info|2026-02-07 14:00:39.282621|timerFactory-0x000074398f3fd6c0|[RPC][WS][SERVICE]connected nodes,count=0
info|2026-02-07 14:00:47.789037|ioService-0x000074399f3ff6c0|[P2PService][Service][METRIC]heartBeat,connected count=3
info|2026-02-07 14:00:49.282809|timerFactory-0x000074398f3fd6c0|[RPC][WS][SERVICE]connected nodes,count=0
info|2026-02-07 14:00:58.955992|ioService-0x000074399f3ff6c0|[P2PService][Service][METRIC]heartBeat,connected count=3
info|2026-02-07 14:01:00.450391|timerFactory-0x000074398f3fd6c0|[RPC][WS][SERVICE]connected nodes,count=0
info|2026-02-07 14:01:08.956231|ioService-0x000074399f3ff6c0|[P2PService][Service][METRIC]heartBeat,connected count=3
info|2026-02-07 14:01:10.450524|timerFactory-0x000074398f3fd6c0|[RPC][WS][SERVICE]connected nodes,count=0
info|2026-02-07 14:01:18.956447|ioService-0x000074399f3ff6c0|[P2PService][Service][METRIC]heartBeat,connected count=3
info|2026-02-07 14:01:20.450667|timerFactory-0x000074398f3fd6c0|[RPC][WS][SERVICE]connected nodes,count=0
info|2026-02-07 14:01:30.252596|ioService-0x000074399f3ff6c0|[P2PService][Service][METRIC]heartBeat,connected count=3
info|2026-02-07 14:01:31.746587|timerFactory-0x000074398f3fd6c0|[RPC][WS][SERVICE]connected nodes,count=0
info|2026-02-07 14:01:40.252850|ioService-0x000074399f3ff6c0|[P2PService][Service][METRIC]heartBeat,connected count=3
info|2026-02-07 14:01:41.562658|objMonitor-0x00007439817ff6c0|[startMonitor][AliveObjectMonitor],AliveObjectAllocStat=[ type: bcos::gateway::Socket ,created: 12 ,destroyed: 8 ,alive: 4 ] 
info|2026-02-07 14:01:41.746721|timerFactory-0x000074398f3fd6c0|[RPC][WS][SERVICE]connected nodes,count=0
info|2026-02-07 14:01:50.253160|ioService-0x000074399f3ff6c0|[P2PService][Service][METRIC]heartBeat,connected count=3
info|2026-02-07 14:01:51.746820|timerFactory-0x000074398f3fd6c0|[RPC][WS][SERVICE]connected nodes,count=0
info|2026-02-07 14:02:01.480453|ioService-0x000074399f3ff6c0|[P2PService][Service][METRIC]heartBeat,connected count=3
info|2026-02-07 14:02:02.973802|timerFactory-0x000074398f3fd6c0|[RPC][WS][SERVICE]connected nodes,count=0
info|2026-02-07 14:02:11.480840|ioService-0x000074399f3ff6c0|[P2PService][Service][METRIC]heartBeat,connected count=3
info|2026-02-07 14:02:12.973933|timerFactory-0x000074398f3fd6c0|[RPC][WS][SERVICE]connected nodes,count=0
info|2026-02-07 14:02:21.481192|ioService-0x000074399f3ff6c0|[P2PService][Service][METRIC]heartBeat,connected count=3
info|2026-02-07 14:02:22.974076|timerFactory-0x000074398f3fd6c0|[RPC][WS][SERVICE]connected nodes,count=0
info|2026-02-07 14:02:31.879044|ioService-0x000074399f3ff6c0|[P2PService][Service][METRIC]heartBeat,connected count=3
info|2026-02-07 14:02:33.371994|timerFactory-0x000074398f3fd6c0|[RPC][WS][SERVICE]connected nodes,count=0
info|2026-02-07 14:02:41.879338|ioService-0x000074399f3ff6c0|[P2PService][Service][METRIC]heartBeat,connected count=3
info|2026-02-07 14:02:43.187368|objMonitor-0x00007439817ff6c0|[startMonitor][AliveObjectMonitor],AliveObjectAllocStat=[ type: bcos::gateway::Socket ,created: 12 ,destroyed: 8 ,alive: 4 ] 
info|2026-02-07 14:02:43.372087|timerFactory-0x000074398f3fd6c0|[RPC][WS][SERVICE]connected nodes,count=0
info|2026-02-07 14:02:51.879722|ioService-0x000074399f3ff6c0|[P2PService][Service][METRIC]heartBeat,connected count=3
info|2026-02-07 14:02:53.372274|timerFactory-0x000074398f3fd6c0|[RPC][WS][SERVICE]connected nodes,count=0
info|2026-02-07 14:03:03.001758|ioService-0x000074399f3ff6c0|[P2PService][Service][METRIC]heartBeat,connected count=3
info|2026-02-07 14:03:04.494363|timerFactory-0x000074398f3fd6c0|[RPC][WS][SERVICE]connected nodes,count=0
info|2026-02-07 14:03:14.164176|ioService-0x000074399f3ff6c0|[P2PService][Service][METRIC]heartBeat,connected count=3
info|2026-02-07 14:03:15.656760|timerFactory-0x000074398f3fd6c0|[RPC][WS][SERVICE]connected nodes,count=0
info|2026-02-07 14:03:24.164327|ioService-0x000074399f3ff6c0|[P2PService][Service][METRIC]heartBeat,connected count=3
info|2026-02-07 14:03:25.656907|timerFactory-0x000074398f3fd6c0|[RPC][WS][SERVICE]connected nodes,count=0
info|2026-02-07 14:03:34.948683|ioService-0x000074399f3ff6c0|[P2PService][Service][METRIC]heartBeat,connected count=3
info|2026-02-07 14:03:36.441081|timerFactory-0x000074398f3fd6c0|[RPC][WS][SERVICE]connected nodes,count=0
info|2026-02-07 14:03:44.948927|ioService-0x000074399f3ff6c0|[P2PService][Service][METRIC]heartBeat,connected count=3
info|2026-02-07 14:03:46.255500|objMonitor-0x00007439817ff6c0|[startMonitor][AliveObjectMonitor],AliveObjectAllocStat=[ type: bcos::gateway::Socket ,created: 12 ,destroyed: 8 ,alive: 4 ] 
info|2026-02-07 14:03:46.441256|timerFactory-0x000074398f3fd6c0|[RPC][WS][SERVICE]connected nodes,count=0
info|2026-02-07 14:03:54.949088|ioService-0x000074399f3ff6c0|[P2PService][Service][METRIC]heartBeat,connected count=3
info|2026-02-07 14:03:56.441350|timerFactory-0x000074398f3fd6c0|[RPC][WS][SERVICE]connected nodes,count=0
info|2026-02-07 14:04:05.386141|ioService-0x000074399f3ff6c0|[P2PService][Service][METRIC]heartBeat,connected count=3
info|2026-02-07 14:04:06.878227|timerFactory-0x000074398f3fd6c0|[RPC][WS][SERVICE]connected nodes,count=0
info|2026-02-07 14:04:15.386328|ioService-0x000074399f3ff6c0|[P2PService][Service][METRIC]heartBeat,connected count=3
info|2026-02-07 14:04:16.878368|timerFactory-0x000074398f3fd6c0|[RPC][WS][SERVICE]connected nodes,count=0
info|2026-02-07 14:04:25.386720|ioService-0x000074399f3ff6c0|[P2PService][Service][METRIC]heartBeat,connected count=3
info|2026-02-07 14:04:28.269043|timerFactory-0x000074398f3fd6c0|[RPC][WS][SERVICE]connected nodes,count=0
info|2026-02-07 14:04:35.386925|ioService-0x000074399f3ff6c0|[P2PService][Service][METRIC]heartBeat,connected count=3
info|2026-02-07 14:04:38.852189|timerFactory-0x000074398f3fd6c0|[RPC][WS][SERVICE]connected nodes,count=0
info|2026-02-07 14:04:45.387049|ioService-0x000074399f3ff6c0|[P2PService][Service][METRIC]heartBeat,connected count=3
info|2026-02-07 14:04:48.665802|objMonitor-0x00007439817ff6c0|[startMonitor][AliveObjectMonitor],AliveObjectAllocStat=[ type: bcos::gateway::Socket ,created: 12 ,destroyed: 8 ,alive: 4 ] 
info|2026-02-07 14:04:48.852349|timerFactory-0x000074398f3fd6c0|[RPC][WS][SERVICE]connected nodes,count=0
info|2026-02-07 14:04:55.387196|ioService-0x000074399f3ff6c0|[P2PService][Service][METRIC]heartBeat,connected count=3
info|2026-02-07 14:04:58.852472|timerFactory-0x000074398f3fd6c0|[RPC][WS][SERVICE]connected nodes,count=0
info|2026-02-07 14:05:05.387380|ioService-0x000074399f3ff6c0|[P2PService][Service][METRIC]heartBeat,connected count=3
info|2026-02-07 14:05:09.737644|timerFactory-0x000074398f3fd6c0|[RPC][WS][SERVICE]connected nodes,count=0
info|2026-02-07 14:05:15.387527|ioService-0x000074399f3ff6c0|[P2PService][Service][METRIC]heartBeat,connected count=3
info|2026-02-07 14:05:19.739826|timerFactory-0x000074398f3fd6c0|[RPC][WS][SERVICE]connected nodes,count=0
info|2026-02-07 14:05:25.387804|ioService-0x000074399f3ff6c0|[P2PService][Service][METRIC]heartBeat,connected count=3
info|2026-02-07 14:05:29.740104|timerFactory-0x000074398f3fd6c0|[RPC][WS][SERVICE]connected nodes,count=0
info|2026-02-07 14:05:35.388199|ioService-0x000074399f3ff6c0|[P2PService][Service][METRIC]heartBeat,connected count=3
info|2026-02-07 14:05:40.933633|timerFactory-0x000074398f3fd6c0|[RPC][WS][SERVICE]connected nodes,count=0
info|2026-02-07 14:05:45.388551|ioService-0x000074399f3ff6c0|[P2PService][Service][METRIC]heartBeat,connected count=3
info|2026-02-07 14:05:50.744445|objMonitor-0x00007439817ff6c0|[startMonitor][AliveObjectMonitor],AliveObjectAllocStat=[ type: bcos::gateway::Socket ,created: 12 ,destroyed: 8 ,alive: 4 ] 
info|2026-02-07 14:05:50.933890|timerFactory-0x000074398f3fd6c0|[RPC][WS][SERVICE]connected nodes,count=0
info|2026-02-07 14:05:55.388943|ioService-0x000074399f3ff6c0|[P2PService][Service][METRIC]heartBeat,connected count=3
info|2026-02-07 14:06:00.934024|timerFactory-0x000074398f3fd6c0|[RPC][WS][SERVICE]connected nodes,count=0
info|2026-02-07 14:06:05.389136|ioService-0x000074399f3ff6c0|[P2PService][Service][METRIC]heartBeat,connected count=3
info|2026-02-07 14:06:12.240788|timerFactory-0x000074398f3fd6c0|[RPC][WS][SERVICE]connected nodes,count=0
info|2026-02-07 14:06:15.389308|ioService-0x000074399f3ff6c0|[P2PService][Service][METRIC]heartBeat,connected count=3
info|2026-02-07 14:06:22.240891|timerFactory-0x000074398f3fd6c0|[RPC][WS][SERVICE]connected nodes,count=0
info|2026-02-07 14:06:25.389535|ioService-0x000074399f3ff6c0|[P2PService][Service][METRIC]heartBeat,connected count=3
info|2026-02-07 14:06:32.241023|timerFactory-0x000074398f3fd6c0|[RPC][WS][SERVICE]connected nodes,count=0
info|2026-02-07 14:06:35.389823|ioService-0x000074399f3ff6c0|[P2PService][Service][METRIC]heartBeat,connected count=3
info|2026-02-07 14:06:43.592496|timerFactory-0x000074398f3fd6c0|[RPC][WS][SERVICE]connected nodes,count=0
info|2026-02-07 14:06:45.389993|ioService-0x000074399f3ff6c0|[P2PService][Service][METRIC]heartBeat,connected count=3
info|2026-02-07 14:06:53.402424|objMonitor-0x00007439817ff6c0|[startMonitor][AliveObjectMonitor],AliveObjectAllocStat=[ type: bcos::gateway::Socket ,created: 12 ,destroyed: 8 ,alive: 4 ] 
info|2026-02-07 14:06:53.592638|timerFactory-0x000074398f3fd6c0|[RPC][WS][SERVICE]connected nodes,count=0
info|2026-02-07 14:06:55.390309|ioService-0x000074399f3ff6c0|[P2PService][Service][METRIC]heartBeat,connected count=3
info|2026-02-07 14:07:03.592983|timerFactory-0x000074398f3fd6c0|[RPC][WS][SERVICE]connected nodes,count=0
info|2026-02-07 14:07:05.390523|ioService-0x000074399f3ff6c0|[P2PService][Service][METRIC]heartBeat,connected count=3
info|2026-02-07 14:07:14.864898|timerFactory-0x000074398f3fd6c0|[RPC][WS][SERVICE]connected nodes,count=0
info|2026-02-07 14:07:15.390634|ioService-0x000074399f3ff6c0|[P2PService][Service][METRIC]heartBeat,connected count=3
info|2026-02-07 14:07:24.865162|timerFactory-0x000074398f3fd6c0|[RPC][WS][SERVICE]connected nodes,count=0
info|2026-02-07 14:07:25.390949|ioService-0x000074399f3ff6c0|[P2PService][Service][METRIC]heartBeat,connected count=3
info|2026-02-07 14:07:34.865285|timerFactory-0x000074398f3fd6c0|[RPC][WS][SERVICE]connected nodes,count=0
info|2026-02-07 14:07:35.391403|ioService-0x000074399f3ff6c0|[P2PService][Service][METRIC]heartBeat,connected count=3
info|2026-02-07 14:07:45.391957|ioService-0x000074399f3ff6c0|[P2PService][Service][METRIC]heartBeat,connected count=3
info|2026-02-07 14:07:46.050362|timerFactory-0x000074398f3fd6c0|[RPC][WS][SERVICE]connected nodes,count=0
info|2026-02-07 14:07:55.392260|ioService-0x000074399f3ff6c0|[P2PService][Service][METRIC]heartBeat,connected count=3
info|2026-02-07 14:07:55.859303|objMonitor-0x00007439817ff6c0|[startMonitor][AliveObjectMonitor],AliveObjectAllocStat=[ type: bcos::gateway::Socket ,created: 12 ,destroyed: 8 ,alive: 4 ] 
info|2026-02-07 14:07:56.050540|timerFactory-0x000074398f3fd6c0|[RPC][WS][SERVICE]connected nodes,count=0
info|2026-02-07 14:08:05.392476|ioService-0x000074399f3ff6c0|[P2PService][Service][METRIC]heartBeat,connected count=3
info|2026-02-07 14:08:06.050721|timerFactory-0x000074398f3fd6c0|[RPC][WS][SERVICE]connected nodes,count=0
info|2026-02-07 14:08:15.744378|ioService-0x000074399f3ff6c0|[P2PService][Service][METRIC]heartBeat,connected count=3
info|2026-02-07 14:08:17.231146|timerFactory-0x000074398f3fd6c0|[RPC][WS][SERVICE]connected nodes,count=0
info|2026-02-07 14:08:25.744726|ioService-0x000074399f3ff6c0|[P2PService][Service][METRIC]heartBeat,connected count=3
info|2026-02-07 14:08:27.231327|timerFactory-0x000074398f3fd6c0|[RPC][WS][SERVICE]connected nodes,count=0
info|2026-02-07 14:08:35.744887|ioService-0x000074399f3ff6c0|[P2PService][Service][METRIC]heartBeat,connected count=3
info|2026-02-07 14:08:37.231630|timerFactory-0x000074398f3fd6c0|[RPC][WS][SERVICE]connected nodes,count=0
info|2026-02-07 14:08:46.928955|ioService-0x000074399f3ff6c0|[P2PService][Service][METRIC]heartBeat,connected count=3
info|2026-02-07 14:08:48.415260|timerFactory-0x000074398f3fd6c0|[RPC][WS][SERVICE]connected nodes,count=0
info|2026-02-07 14:08:56.929350|ioService-0x000074399f3ff6c0|[P2PService][Service][METRIC]heartBeat,connected count=3
info|2026-02-07 14:08:58.223166|objMonitor-0x00007439817ff6c0|[startMonitor][AliveObjectMonitor],AliveObjectAllocStat=[ type: bcos::gateway::Socket ,created: 12 ,destroyed: 8 ,alive: 4 ] 
info|2026-02-07 14:08:58.415400|timerFactory-0x000074398f3fd6c0|[RPC][WS][SERVICE]connected nodes,count=0
info|2026-02-07 14:09:06.929578|ioService-0x000074399f3ff6c0|[P2PService][Service][METRIC]heartBeat,connected count=3
info|2026-02-07 14:09:08.415548|timerFactory-0x000074398f3fd6c0|[RPC][WS][SERVICE]connected nodes,count=0
info|2026-02-07 14:09:17.373948|ioService-0x000074399f3ff6c0|[P2PService][Service][METRIC]heartBeat,connected count=3
info|2026-02-07 14:09:18.859881|timerFactory-0x000074398f3fd6c0|[RPC][WS][SERVICE]connected nodes,count=0
info|2026-02-07 14:09:27.374098|ioService-0x000074399f3ff6c0|[P2PService][Service][METRIC]heartBeat,connected count=3
info|2026-02-07 14:09:28.860013|timerFactory-0x000074398f3fd6c0|[RPC][WS][SERVICE]connected nodes,count=0
info|2026-02-07 14:09:37.374433|ioService-0x000074399f3ff6c0|[P2PService][Service][METRIC]heartBeat,connected count=3
info|2026-02-07 14:09:40.253093|timerFactory-0x000074398f3fd6c0|[RPC][WS][SERVICE]connected nodes,count=0
info|2026-02-07 14:09:47.374653|ioService-0x000074399f3ff6c0|[P2PService][Service][METRIC]heartBeat,connected count=3
info|2026-02-07 14:09:50.836433|timerFactory-0x000074398f3fd6c0|[RPC][WS][SERVICE]connected nodes,count=0
info|2026-02-07 14:09:57.374912|ioService-0x000074399f3ff6c0|[P2PService][Service][METRIC]heartBeat,connected count=3
info|2026-02-07 14:10:00.643709|objMonitor-0x00007439817ff6c0|[startMonitor][AliveObjectMonitor],AliveObjectAllocStat=[ type: bcos::gateway::Socket ,created: 12 ,destroyed: 8 ,alive: 4 ] 
info|2026-02-07 14:10:00.836659|timerFactory-0x000074398f3fd6c0|[RPC][WS][SERVICE]connected nodes,count=0
info|2026-02-07 14:10:07.375162|ioService-0x000074399f3ff6c0|[P2PService][Service][METRIC]heartBeat,connected count=3
info|2026-02-07 14:10:10.836764|timerFactory-0x000074398f3fd6c0|[RPC][WS][SERVICE]connected nodes,count=0
info|2026-02-07 14:10:17.375365|ioService-0x000074399f3ff6c0|[P2PService][Service][METRIC]heartBeat,connected count=3
info|2026-02-07 14:10:22.045134|timerFactory-0x000074398f3fd6c0|[RPC][WS][SERVICE]connected nodes,count=0
info|2026-02-07 14:10:27.375615|ioService-0x000074399f3ff6c0|[P2PService][Service][METRIC]heartBeat,connected count=3
info|2026-02-07 14:10:32.045246|timerFactory-0x000074398f3fd6c0|[RPC][WS][SERVICE]connected nodes,count=0
info|2026-02-07 14:10:37.375832|ioService-0x000074399f3ff6c0|[P2PService][Service][METRIC]heartBeat,connected count=3
info|2026-02-07 14:10:42.045399|timerFactory-0x000074398f3fd6c0|[RPC][WS][SERVICE]connected nodes,count=0
info|2026-02-07 14:10:47.376083|ioService-0x000074399f3ff6c0|[P2PService][Service][METRIC]heartBeat,connected count=3
info|2026-02-07 14:10:53.363230|timerFactory-0x000074398f3fd6c0|[RPC][WS][SERVICE]connected nodes,count=0
info|2026-02-07 14:10:57.376422|ioService-0x000074399f3ff6c0|[P2PService][Service][METRIC]heartBeat,connected count=3
info|2026-02-07 14:11:03.169927|objMonitor-0x00007439817ff6c0|[startMonitor][AliveObjectMonitor],AliveObjectAllocStat=[ type: bcos::gateway::Socket ,created: 12 ,destroyed: 8 ,alive: 4 ] 
info|2026-02-07 14:11:03.363387|timerFactory-0x000074398f3fd6c0|[RPC][WS][SERVICE]connected nodes,count=0
info|2026-02-07 14:11:07.376730|ioService-0x000074399f3ff6c0|[P2PService][Service][METRIC]heartBeat,connected count=3
info|2026-02-07 14:11:13.363502|timerFactory-0x000074398f3fd6c0|[RPC][WS][SERVICE]connected nodes,count=0
info|2026-02-07 14:11:17.377041|ioService-0x000074399f3ff6c0|[P2PService][Service][METRIC]heartBeat,connected count=3
info|2026-02-07 14:11:23.900923|timerFactory-0x000074398f3fd6c0|[RPC][WS][SERVICE]connected nodes,count=0
info|2026-02-07 14:11:27.377222|ioService-0x000074399f3ff6c0|[P2PService][Service][METRIC]heartBeat,connected count=3
info|2026-02-07 14:11:33.901127|timerFactory-0x000074398f3fd6c0|[RPC][WS][SERVICE]connected nodes,count=0
info|2026-02-07 14:11:38.760429|ioService-0x000074399f3ff6c0|[P2PService][Service][METRIC]heartBeat,connected count=3
info|2026-02-07 14:11:45.286504|timerFactory-0x000074398f3fd6c0|[RPC][WS][SERVICE]connected nodes,count=0
info|2026-02-07 14:11:48.761015|ioService-0x000074399f3ff6c0|[P2PService][Service][METRIC]heartBeat,connected count=3
info|2026-02-07 14:11:55.863813|timerFactory-0x000074398f3fd6c0|[RPC][WS][SERVICE]connected nodes,count=0
info|2026-02-07 14:11:58.761386|ioService-0x000074399f3ff6c0|[P2PService][Service][METRIC]heartBeat,connected count=3
info|2026-02-07 14:12:05.669414|objMonitor-0x00007439817ff6c0|[startMonitor][AliveObjectMonitor],AliveObjectAllocStat=[ type: bcos::gateway::Socket ,created: 12 ,destroyed: 8 ,alive: 4 ] 
info|2026-02-07 14:12:05.863976|timerFactory-0x000074398f3fd6c0|[RPC][WS][SERVICE]connected nodes,count=0
info|2026-02-07 14:12:08.761769|ioService-0x000074399f3ff6c0|[P2PService][Service][METRIC]heartBeat,connected count=3
info|2026-02-07 14:12:15.864102|timerFactory-0x000074398f3fd6c0|[RPC][WS][SERVICE]connected nodes,count=0
info|2026-02-07 14:12:18.762256|ioService-0x000074399f3ff6c0|[P2PService][Service][METRIC]heartBeat,connected count=3
info|2026-02-07 14:12:27.095426|timerFactory-0x000074398f3fd6c0|[RPC][WS][SERVICE]connected nodes,count=0
info|2026-02-07 14:12:28.762507|ioService-0x000074399f3ff6c0|[P2PService][Service][METRIC]heartBeat,connected count=3
info|2026-02-07 14:12:37.095611|timerFactory-0x000074398f3fd6c0|[RPC][WS][SERVICE]connected nodes,count=0
info|2026-02-07 14:12:38.762613|ioService-0x000074399f3ff6c0|[P2PService][Service][METRIC]heartBeat,connected count=3
info|2026-02-07 14:12:47.095814|timerFactory-0x000074398f3fd6c0|[RPC][WS][SERVICE]connected nodes,count=0
info|2026-02-07 14:12:48.762821|ioService-0x000074399f3ff6c0|[P2PService][Service][METRIC]heartBeat,connected count=3
info|2026-02-07 14:12:57.559221|timerFactory-0x000074398f3fd6c0|[RPC][WS][SERVICE]connected nodes,count=0
info|2026-02-07 14:12:58.768047|ioService-0x000074399f3ff6c0|[P2PService][Service][METRIC]heartBeat,connected count=3
info|2026-02-07 14:13:07.364056|objMonitor-0x00007439817ff6c0|[startMonitor][AliveObjectMonitor],AliveObjectAllocStat=[ type: bcos::gateway::Socket ,created: 12 ,destroyed: 8 ,alive: 4 ] 
info|2026-02-07 14:13:07.559379|timerFactory-0x000074398f3fd6c0|[RPC][WS][SERVICE]connected nodes,count=0
info|2026-02-07 14:13:08.768320|ioService-0x000074399f3ff6c0|[P2PService][Service][METRIC]heartBeat,connected count=3
info|2026-02-07 14:13:18.768640|ioService-0x000074399f3ff6c0|[P2PService][Service][METRIC]heartBeat,connected count=3
info|2026-02-07 14:13:18.932038|timerFactory-0x000074398f3fd6c0|[RPC][WS][SERVICE]connected nodes,count=0
info|2026-02-07 14:13:28.771490|ioService-0x000074399f3ff6c0|[P2PService][Service][METRIC]heartBeat,connected count=3
info|2026-02-07 14:13:29.536979|timerFactory-0x000074398f3fd6c0|[RPC][WS][SERVICE]connected nodes,count=0
info|2026-02-07 14:13:38.771763|ioService-0x000074399f3ff6c0|[P2PService][Service][METRIC]heartBeat,connected count=3
info|2026-02-07 14:13:39.537066|timerFactory-0x000074398f3fd6c0|[RPC][WS][SERVICE]connected nodes,count=0
info|2026-02-07 14:13:48.772093|ioService-0x000074399f3ff6c0|[P2PService][Service][METRIC]heartBeat,connected count=3
info|2026-02-07 14:13:49.537155|timerFactory-0x000074398f3fd6c0|[RPC][WS][SERVICE]connected nodes,count=0
info|2026-02-07 14:13:59.244949|ioService-0x000074399f3ff6c0|[P2PService][Service][METRIC]heartBeat,connected count=3
info|2026-02-07 14:14:00.766067|timerFactory-0x000074398f3fd6c0|[RPC][WS][SERVICE]connected nodes,count=0
info|2026-02-07 14:14:09.245087|ioService-0x000074399f3ff6c0|[P2PService][Service][METRIC]heartBeat,connected count=3
info|2026-02-07 14:14:10.570333|objMonitor-0x00007439817ff6c0|[startMonitor][AliveObjectMonitor],AliveObjectAllocStat=[ type: bcos::gateway::Socket ,created: 12 ,destroyed: 8 ,alive: 4 ] 
info|2026-02-07 14:14:10.766202|timerFactory-0x000074398f3fd6c0|[RPC][WS][SERVICE]connected nodes,count=0
info|2026-02-07 14:14:19.245185|ioService-0x000074399f3ff6c0|[P2PService][Service][METRIC]heartBeat,connected count=3
info|2026-02-07 14:14:20.766503|timerFactory-0x000074398f3fd6c0|[RPC][WS][SERVICE]connected nodes,count=0
info|2026-02-07 14:14:30.471416|ioService-0x000074399f3ff6c0|[P2PService][Service][METRIC]heartBeat,connected count=3
info|2026-02-07 14:14:31.993250|timerFactory-0x000074398f3fd6c0|[RPC][WS][SERVICE]connected nodes,count=0
info|2026-02-07 14:14:40.471832|ioService-0x000074399f3ff6c0|[P2PService][Service][METRIC]heartBeat,connected count=3
info|2026-02-07 14:14:41.993468|timerFactory-0x000074398f3fd6c0|[RPC][WS][SERVICE]connected nodes,count=0
info|2026-02-07 14:14:50.472189|ioService-0x000074399f3ff6c0|[P2PService][Service][METRIC]heartBeat,connected count=3
info|2026-02-07 14:14:51.993547|timerFactory-0x000074398f3fd6c0|[RPC][WS][SERVICE]connected nodes,count=0
info|2026-02-07 14:15:01.741649|ioService-0x000074399f3ff6c0|[P2PService][Service][METRIC]heartBeat,connected count=3
info|2026-02-07 14:15:03.262724|timerFactory-0x000074398f3fd6c0|[RPC][WS][SERVICE]connected nodes,count=0
info|2026-02-07 14:15:11.741785|ioService-0x000074399f3ff6c0|[P2PService][Service][METRIC]heartBeat,connected count=3
info|2026-02-07 14:15:13.065677|objMonitor-0x00007439817ff6c0|[startMonitor][AliveObjectMonitor],AliveObjectAllocStat=[ type: bcos::gateway::Socket ,created: 12 ,destroyed: 8 ,alive: 4 ] 
info|2026-02-07 14:15:13.262852|timerFactory-0x000074398f3fd6c0|[RPC][WS][SERVICE]connected nodes,count=0
info|2026-02-07 14:15:21.742116|ioService-0x000074399f3ff6c0|[P2PService][Service][METRIC]heartBeat,connected count=3
info|2026-02-07 14:15:23.262998|timerFactory-0x000074398f3fd6c0|[RPC][WS][SERVICE]connected nodes,count=0
info|2026-02-07 14:15:33.049751|ioService-0x000074399f3ff6c0|[P2PService][Service][METRIC]heartBeat,connected count=3
info|2026-02-07 14:15:34.570656|timerFactory-0x000074398f3fd6c0|[RPC][WS][SERVICE]connected nodes,count=0
info|2026-02-07 14:15:43.049914|ioService-0x000074399f3ff6c0|[P2PService][Service][METRIC]heartBeat,connected count=3
info|2026-02-07 14:15:44.570844|timerFactory-0x000074398f3fd6c0|[RPC][WS][SERVICE]connected nodes,count=0
info|2026-02-07 14:15:53.050253|ioService-0x000074399f3ff6c0|[P2PService][Service][METRIC]heartBeat,connected count=3
info|2026-02-07 14:15:54.570955|timerFactory-0x000074398f3fd6c0|[RPC][WS][SERVICE]connected nodes,count=0
info|2026-02-07 14:16:04.252025|ioService-0x000074399f3ff6c0|[P2PService][Service][METRIC]heartBeat,connected count=3
info|2026-02-07 14:16:05.772909|timerFactory-0x000074398f3fd6c0|[RPC][WS][SERVICE]connected nodes,count=0
info|2026-02-07 14:16:14.252170|ioService-0x000074399f3ff6c0|[P2PService][Service][METRIC]heartBeat,connected count=3
info|2026-02-07 14:16:15.574786|objMonitor-0x00007439817ff6c0|[startMonitor][AliveObjectMonitor],AliveObjectAllocStat=[ type: bcos::gateway::Socket ,created: 12 ,destroyed: 8 ,alive: 4 ] 
info|2026-02-07 14:16:15.773300|timerFactory-0x000074398f3fd6c0|[RPC][WS][SERVICE]connected nodes,count=0
info|2026-02-07 14:16:24.252508|ioService-0x000074399f3ff6c0|[P2PService][Service][METRIC]heartBeat,connected count=3
info|2026-02-07 14:16:25.773474|timerFactory-0x000074398f3fd6c0|[RPC][WS][SERVICE]connected nodes,count=0
info|2026-02-07 14:16:35.496583|ioService-0x000074399f3ff6c0|[P2PService][Service][METRIC]heartBeat,connected count=3
info|2026-02-07 14:16:37.017526|timerFactory-0x000074398f3fd6c0|[RPC][WS][SERVICE]connected nodes,count=0
info|2026-02-07 14:16:45.496833|ioService-0x000074399f3ff6c0|[P2PService][Service][METRIC]heartBeat,connected count=3
info|2026-02-07 14:16:47.017730|timerFactory-0x000074398f3fd6c0|[RPC][WS][SERVICE]connected nodes,count=0
info|2026-02-07 14:16:55.497077|ioService-0x000074399f3ff6c0|[P2PService][Service][METRIC]heartBeat,connected count=3
info|2026-02-07 14:16:57.017993|timerFactory-0x000074398f3fd6c0|[RPC][WS][SERVICE]connected nodes,count=0
info|2026-02-07 14:17:06.765341|ioService-0x000074399f3ff6c0|[P2PService][Service][METRIC]heartBeat,connected count=3
info|2026-02-07 14:17:08.286117|timerFactory-0x000074398f3fd6c0|[RPC][WS][SERVICE]connected nodes,count=0
info|2026-02-07 14:17:16.765552|ioService-0x000074399f3ff6c0|[P2PService][Service][METRIC]heartBeat,connected count=3
info|2026-02-07 14:17:18.086803|objMonitor-0x00007439817ff6c0|[startMonitor][AliveObjectMonitor],AliveObjectAllocStat=[ type: bcos::gateway::Socket ,created: 12 ,destroyed: 8 ,alive: 4 ] 
info|2026-02-07 14:17:18.286279|timerFactory-0x000074398f3fd6c0|[RPC][WS][SERVICE]connected nodes,count=0
info|2026-02-07 14:17:26.765937|ioService-0x000074399f3ff6c0|[P2PService][Service][METRIC]heartBeat,connected count=3
info|2026-02-07 14:17:28.286369|timerFactory-0x000074398f3fd6c0|[RPC][WS][SERVICE]connected nodes,count=0
info|2026-02-07 14:17:38.056605|ioService-0x000074399f3ff6c0|[P2PService][Service][METRIC]heartBeat,connected count=3
info|2026-02-07 14:17:39.577143|timerFactory-0x000074398f3fd6c0|[RPC][WS][SERVICE]connected nodes,count=0
info|2026-02-07 14:17:48.057137|ioService-0x000074399f3ff6c0|[P2PService][Service][METRIC]heartBeat,connected count=3
info|2026-02-07 14:17:49.577355|timerFactory-0x000074398f3fd6c0|[RPC][WS][SERVICE]connected nodes,count=0
info|2026-02-07 14:17:58.057649|ioService-0x000074399f3ff6c0|[P2PService][Service][METRIC]heartBeat,connected count=3
info|2026-02-07 14:17:59.577447|timerFactory-0x000074398f3fd6c0|[RPC][WS][SERVICE]connected nodes,count=0
info|2026-02-07 14:18:09.306536|ioService-0x000074399f3ff6c0|[P2PService][Service][METRIC]heartBeat,connected count=3
info|2026-02-07 14:18:10.826239|timerFactory-0x000074398f3fd6c0|[RPC][WS][SERVICE]connected nodes,count=0
info|2026-02-07 14:18:19.306692|ioService-0x000074399f3ff6c0|[P2PService][Service][METRIC]heartBeat,connected count=3
info|2026-02-07 14:18:20.626183|objMonitor-0x00007439817ff6c0|[startMonitor][AliveObjectMonitor],AliveObjectAllocStat=[ type: bcos::gateway::Socket ,created: 12 ,destroyed: 8 ,alive: 4 ] 
info|2026-02-07 14:18:20.826360|timerFactory-0x000074398f3fd6c0|[RPC][WS][SERVICE]connected nodes,count=0
info|2026-02-07 14:18:29.308458|ioService-0x000074399f3ff6c0|[P2PService][Service][METRIC]heartBeat,connected count=3
info|2026-02-07 14:18:30.826712|timerFactory-0x000074398f3fd6c0|[RPC][WS][SERVICE]connected nodes,count=0
info|2026-02-07 14:18:39.744448|ioService-0x000074399f3ff6c0|[P2PService][Service][METRIC]heartBeat,connected count=3
info|2026-02-07 14:18:41.262577|timerFactory-0x000074398f3fd6c0|[RPC][WS][SERVICE]connected nodes,count=0
info|2026-02-07 14:18:49.744796|ioService-0x000074399f3ff6c0|[P2PService][Service][METRIC]heartBeat,connected count=3
info|2026-02-07 14:18:51.262941|timerFactory-0x000074398f3fd6c0|[RPC][WS][SERVICE]connected nodes,count=0
info|2026-02-07 14:18:59.745039|ioService-0x000074399f3ff6c0|[P2PService][Service][METRIC]heartBeat,connected count=3
info|2026-02-07 14:19:02.697960|timerFactory-0x000074398f3fd6c0|[RPC][WS][SERVICE]connected nodes,count=0
info|2026-02-07 14:19:09.745240|ioService-0x000074399f3ff6c0|[P2PService][Service][METRIC]heartBeat,connected count=3
info|2026-02-07 14:19:13.319188|timerFactory-0x000074398f3fd6c0|[RPC][WS][SERVICE]connected nodes,count=0
info|2026-02-07 14:19:19.745462|ioService-0x000074399f3ff6c0|[P2PService][Service][METRIC]heartBeat,connected count=3
info|2026-02-07 14:19:23.118027|objMonitor-0x00007439817ff6c0|[startMonitor][AliveObjectMonitor],AliveObjectAllocStat=[ type: bcos::gateway::Socket ,created: 12 ,destroyed: 8 ,alive: 4 ] [ type: bcos::gateway::ResponseCallback ,created: 45767 ,destroyed: 45763 ,alive: 4 ] 
info|2026-02-07 14:19:23.319330|timerFactory-0x000074398f3fd6c0|[RPC][WS][SERVICE]connected nodes,count=0
info|2026-02-07 14:19:29.745732|ioService-0x000074399f3ff6c0|[P2PService][Service][METRIC]heartBeat,connected count=3
info|2026-02-07 14:19:33.319472|timerFactory-0x000074398f3fd6c0|[RPC][WS][SERVICE]connected nodes,count=0
info|2026-02-07 14:19:39.746127|ioService-0x000074399f3ff6c0|[P2PService][Service][METRIC]heartBeat,connected count=3
info|2026-02-07 14:19:44.744190|timerFactory-0x000074398f3fd6c0|[RPC][WS][SERVICE]connected nodes,count=0
info|2026-02-07 14:19:49.746304|ioService-0x000074399f3ff6c0|[P2PService][Service][METRIC]heartBeat,connected count=3
info|2026-02-07 14:19:54.744345|timerFactory-0x000074398f3fd6c0|[RPC][WS][SERVICE]connected nodes,count=0
info|2026-02-07 14:19:59.746646|ioService-0x000074399f3ff6c0|[P2PService][Service][METRIC]heartBeat,connected count=3
info|2026-02-07 14:20:04.744449|timerFactory-0x000074398f3fd6c0|[RPC][WS][SERVICE]connected nodes,count=0
info|2026-02-07 14:20:09.747057|ioService-0x000074399f3ff6c0|[P2PService][Service][METRIC]heartBeat,connected count=3
info|2026-02-07 14:20:15.971011|timerFactory-0x000074398f3fd6c0|[RPC][WS][SERVICE]connected nodes,count=0
info|2026-02-07 14:20:19.747321|ioService-0x000074399f3ff6c0|[P2PService][Service][METRIC]heartBeat,connected count=3
info|2026-02-07 14:20:25.767559|objMonitor-0x00007439817ff6c0|[startMonitor][AliveObjectMonitor],AliveObjectAllocStat=[ type: bcos::gateway::Socket ,created: 12 ,destroyed: 8 ,alive: 4 ] 
info|2026-02-07 14:20:25.973665|timerFactory-0x000074398f3fd6c0|[RPC][WS][SERVICE]connected nodes,count=0
info|2026-02-07 14:20:29.747566|ioService-0x000074399f3ff6c0|[P2PService][Service][METRIC]heartBeat,connected count=3
info|2026-02-07 14:20:35.973882|timerFactory-0x000074398f3fd6c0|[RPC][WS][SERVICE]connected nodes,count=0
info|2026-02-07 14:20:39.748037|ioService-0x000074399f3ff6c0|[P2PService][Service][METRIC]heartBeat,connected count=3
info|2026-02-07 14:20:47.222643|timerFactory-0x000074398f3fd6c0|[RPC][WS][SERVICE]connected nodes,count=0
info|2026-02-07 14:20:49.748219|ioService-0x000074399f3ff6c0|[P2PService][Service][METRIC]heartBeat,connected count=3
info|2026-02-07 14:20:57.222810|timerFactory-0x000074398f3fd6c0|[RPC][WS][SERVICE]connected nodes,count=0
info|2026-02-07 14:20:59.748383|ioService-0x000074399f3ff6c0|[P2PService][Service][METRIC]heartBeat,connected count=3
info|2026-02-07 14:21:07.223035|timerFactory-0x000074398f3fd6c0|[RPC][WS][SERVICE]connected nodes,count=0
info|2026-02-07 14:21:09.748537|ioService-0x000074399f3ff6c0|[P2PService][Service][METRIC]heartBeat,connected count=3
info|2026-02-07 14:21:18.523515|timerFactory-0x000074398f3fd6c0|[RPC][WS][SERVICE]connected nodes,count=0
info|2026-02-07 14:21:19.748743|ioService-0x000074399f3ff6c0|[P2PService][Service][METRIC]heartBeat,connected count=3
info|2026-02-07 14:21:28.316799|objMonitor-0x00007439817ff6c0|[startMonitor][AliveObjectMonitor],AliveObjectAllocStat=[ type: bcos::gateway::Socket ,created: 12 ,destroyed: 8 ,alive: 4 ] 
info|2026-02-07 14:21:28.523833|timerFactory-0x000074398f3fd6c0|[RPC][WS][SERVICE]connected nodes,count=0
info|2026-02-07 14:21:29.749060|ioService-0x000074399f3ff6c0|[P2PService][Service][METRIC]heartBeat,connected count=3
info|2026-02-07 14:21:38.523984|timerFactory-0x000074398f3fd6c0|[RPC][WS][SERVICE]connected nodes,count=0
info|2026-02-07 14:21:39.749275|ioService-0x000074399f3ff6c0|[P2PService][Service][METRIC]heartBeat,connected count=3
info|2026-02-07 14:21:49.749438|ioService-0x000074399f3ff6c0|[P2PService][Service][METRIC]heartBeat,connected count=3
info|2026-02-07 14:21:49.804222|timerFactory-0x000074398f3fd6c0|[RPC][WS][SERVICE]connected nodes,count=0
info|2026-02-07 14:21:59.749696|ioService-0x000074399f3ff6c0|[P2PService][Service][METRIC]heartBeat,connected count=3
info|2026-02-07 14:21:59.804297|timerFactory-0x000074398f3fd6c0|[RPC][WS][SERVICE]connected nodes,count=0
info|2026-02-07 14:22:09.749897|ioService-0x000074399f3ff6c0|[P2PService][Service][METRIC]heartBeat,connected count=3
info|2026-02-07 14:22:09.804424|timerFactory-0x000074398f3fd6c0|[RPC][WS][SERVICE]connected nodes,count=0
info|2026-02-07 14:22:19.750058|ioService-0x000074399f3ff6c0|[P2PService][Service][METRIC]heartBeat,connected count=3
info|2026-02-07 14:22:21.058412|timerFactory-0x000074398f3fd6c0|[RPC][WS][SERVICE]connected nodes,count=0
info|2026-02-07 14:22:29.750237|ioService-0x000074399f3ff6c0|[P2PService][Service][METRIC]heartBeat,connected count=3
info|2026-02-07 14:22:30.851064|objMonitor-0x00007439817ff6c0|[startMonitor][AliveObjectMonitor],AliveObjectAllocStat=[ type: bcos::gateway::Socket ,created: 12 ,destroyed: 8 ,alive: 4 ] 
info|2026-02-07 14:22:31.058538|timerFactory-0x000074398f3fd6c0|[RPC][WS][SERVICE]connected nodes,count=0
info|2026-02-07 14:22:39.750412|ioService-0x000074399f3ff6c0|[P2PService][Service][METRIC]heartBeat,connected count=3
info|2026-02-07 14:22:41.058730|timerFactory-0x000074398f3fd6c0|[RPC][WS][SERVICE]connected nodes,count=0
info|2026-02-07 14:22:50.836323|ioService-0x000074399f3ff6c0|[P2PService][Service][METRIC]heartBeat,connected count=3
info|2026-02-07 14:22:52.345277|timerFactory-0x000074398f3fd6c0|[RPC][WS][SERVICE]connected nodes,count=0
info|2026-02-07 14:23:00.836503|ioService-0x000074399f3ff6c0|[P2PService][Service][METRIC]heartBeat,connected count=3
info|2026-02-07 14:23:02.345492|timerFactory-0x000074398f3fd6c0|[RPC][WS][SERVICE]connected nodes,count=0
info|2026-02-07 14:23:10.836713|ioService-0x000074399f3ff6c0|[P2PService][Service][METRIC]heartBeat,connected count=3
info|2026-02-07 14:23:12.345657|timerFactory-0x000074398f3fd6c0|[RPC][WS][SERVICE]connected nodes,count=0
info|2026-02-07 14:23:22.108204|ioService-0x000074399f3ff6c0|[P2PService][Service][METRIC]heartBeat,connected count=3
info|2026-02-07 14:23:23.617040|timerFactory-0x000074398f3fd6c0|[RPC][WS][SERVICE]connected nodes,count=0
info|2026-02-07 14:23:32.108373|ioService-0x000074399f3ff6c0|[P2PService][Service][METRIC]heartBeat,connected count=3
info|2026-02-07 14:23:33.408904|objMonitor-0x00007439817ff6c0|[startMonitor][AliveObjectMonitor],AliveObjectAllocStat=[ type: bcos::gateway::Socket ,created: 12 ,destroyed: 8 ,alive: 4 ] 
info|2026-02-07 14:23:33.617260|timerFactory-0x000074398f3fd6c0|[RPC][WS][SERVICE]connected nodes,count=0
info|2026-02-07 14:23:42.108538|ioService-0x000074399f3ff6c0|[P2PService][Service][METRIC]heartBeat,connected count=3
info|2026-02-07 14:23:43.617416|timerFactory-0x000074398f3fd6c0|[RPC][WS][SERVICE]connected nodes,count=0
info|2026-02-07 14:23:52.607221|ioService-0x000074399f3ff6c0|[P2PService][Service][METRIC]heartBeat,connected count=3
info|2026-02-07 14:23:54.116060|timerFactory-0x000074398f3fd6c0|[RPC][WS][SERVICE]connected nodes,count=0
info|2026-02-07 14:24:02.607415|ioService-0x000074399f3ff6c0|[P2PService][Service][METRIC]heartBeat,connected count=3
info|2026-02-07 14:24:04.116213|timerFactory-0x000074398f3fd6c0|[RPC][WS][SERVICE]connected nodes,count=0
info|2026-02-07 14:24:12.607540|ioService-0x000074399f3ff6c0|[P2PService][Service][METRIC]heartBeat,connected count=3
info|2026-02-07 14:24:15.583708|timerFactory-0x000074398f3fd6c0|[RPC][WS][SERVICE]connected nodes,count=0
info|2026-02-07 14:24:22.607660|ioService-0x000074399f3ff6c0|[P2PService][Service][METRIC]heartBeat,connected count=3
info|2026-02-07 14:24:26.188453|timerFactory-0x000074398f3fd6c0|[RPC][WS][SERVICE]connected nodes,count=0
info|2026-02-07 14:24:32.607821|ioService-0x000074399f3ff6c0|[P2PService][Service][METRIC]heartBeat,connected count=3
info|2026-02-07 14:24:35.979666|objMonitor-0x00007439817ff6c0|[startMonitor][AliveObjectMonitor],AliveObjectAllocStat=[ type: bcos::gateway::Socket ,created: 12 ,destroyed: 8 ,alive: 4 ] 
info|2026-02-07 14:24:36.188554|timerFactory-0x000074398f3fd6c0|[RPC][WS][SERVICE]connected nodes,count=0
info|2026-02-07 14:24:42.608054|ioService-0x000074399f3ff6c0|[P2PService][Service][METRIC]heartBeat,connected count=3
info|2026-02-07 14:24:46.188657|timerFactory-0x000074398f3fd6c0|[RPC][WS][SERVICE]connected nodes,count=0
info|2026-02-07 14:24:52.608376|ioService-0x000074399f3ff6c0|[P2PService][Service][METRIC]heartBeat,connected count=3
info|2026-02-07 14:24:57.493332|timerFactory-0x000074398f3fd6c0|[RPC][WS][SERVICE]connected nodes,count=0
info|2026-02-07 14:25:02.608882|ioService-0x000074399f3ff6c0|[P2PService][Service][METRIC]heartBeat,connected count=3
info|2026-02-07 14:25:07.493445|timerFactory-0x000074398f3fd6c0|[RPC][WS][SERVICE]connected nodes,count=0
info|2026-02-07 14:25:12.609107|ioService-0x000074399f3ff6c0|[P2PService][Service][METRIC]heartBeat,connected count=3
info|2026-02-07 14:25:17.493537|timerFactory-0x000074398f3fd6c0|[RPC][WS][SERVICE]connected nodes,count=0
info|2026-02-07 14:25:22.609294|ioService-0x000074399f3ff6c0|[P2PService][Service][METRIC]heartBeat,connected count=3
info|2026-02-07 14:25:28.840298|timerFactory-0x000074398f3fd6c0|[RPC][WS][SERVICE]connected nodes,count=0
info|2026-02-07 14:25:32.609661|ioService-0x000074399f3ff6c0|[P2PService][Service][METRIC]heartBeat,connected count=3
info|2026-02-07 14:25:38.630937|objMonitor-0x00007439817ff6c0|[startMonitor][AliveObjectMonitor],AliveObjectAllocStat=[ type: bcos::gateway::Socket ,created: 12 ,destroyed: 8 ,alive: 4 ] 
info|2026-02-07 14:25:38.840480|timerFactory-0x000074398f3fd6c0|[RPC][WS][SERVICE]connected nodes,count=0
info|2026-02-07 14:25:42.609857|ioService-0x000074399f3ff6c0|[P2PService][Service][METRIC]heartBeat,connected count=3
info|2026-02-07 14:25:48.840712|timerFactory-0x000074398f3fd6c0|[RPC][WS][SERVICE]connected nodes,count=0
info|2026-02-07 14:25:52.610068|ioService-0x000074399f3ff6c0|[P2PService][Service][METRIC]heartBeat,connected count=3
info|2026-02-07 14:26:00.139510|timerFactory-0x000074398f3fd6c0|[RPC][WS][SERVICE]connected nodes,count=0
info|2026-02-07 14:26:02.610356|ioService-0x000074399f3ff6c0|[P2PService][Service][METRIC]heartBeat,connected count=3
info|2026-02-07 14:26:10.139686|timerFactory-0x000074398f3fd6c0|[RPC][WS][SERVICE]connected nodes,count=0
info|2026-02-07 14:26:12.610567|ioService-0x000074399f3ff6c0|[P2PService][Service][METRIC]heartBeat,connected count=3
info|2026-02-07 14:26:20.139900|timerFactory-0x000074398f3fd6c0|[RPC][WS][SERVICE]connected nodes,count=0
info|2026-02-07 14:26:22.610901|ioService-0x000074399f3ff6c0|[P2PService][Service][METRIC]heartBeat,connected count=3
info|2026-02-07 14:26:31.409044|timerFactory-0x000074398f3fd6c0|[RPC][WS][SERVICE]connected nodes,count=0
info|2026-02-07 14:26:32.611033|ioService-0x000074399f3ff6c0|[P2PService][Service][METRIC]heartBeat,connected count=3
info|2026-02-07 14:26:41.198923|objMonitor-0x00007439817ff6c0|[startMonitor][AliveObjectMonitor],AliveObjectAllocStat=[ type: bcos::gateway::Socket ,created: 12 ,destroyed: 8 ,alive: 4 ] 
info|2026-02-07 14:26:41.409128|timerFactory-0x000074398f3fd6c0|[RPC][WS][SERVICE]connected nodes,count=0
info|2026-02-07 14:26:42.611612|ioService-0x000074399f3ff6c0|[P2PService][Service][METRIC]heartBeat,connected count=3
info|2026-02-07 14:26:51.409220|timerFactory-0x000074398f3fd6c0|[RPC][WS][SERVICE]connected nodes,count=0
info|2026-02-07 14:26:52.611838|ioService-0x000074399f3ff6c0|[P2PService][Service][METRIC]heartBeat,connected count=3
info|2026-02-07 14:27:02.612031|ioService-0x000074399f3ff6c0|[P2PService][Service][METRIC]heartBeat,connected count=3
info|2026-02-07 14:27:02.701706|timerFactory-0x000074398f3fd6c0|[RPC][WS][SERVICE]connected nodes,count=0
info|2026-02-07 14:27:12.612239|ioService-0x000074399f3ff6c0|[P2PService][Service][METRIC]heartBeat,connected count=3
info|2026-02-07 14:27:12.701891|timerFactory-0x000074398f3fd6c0|[RPC][WS][SERVICE]connected nodes,count=0
info|2026-02-07 14:27:22.612418|ioService-0x000074399f3ff6c0|[P2PService][Service][METRIC]heartBeat,connected count=3
info|2026-02-07 14:27:22.702006|timerFactory-0x000074398f3fd6c0|[RPC][WS][SERVICE]connected nodes,count=0
info|2026-02-07 14:27:32.612603|ioService-0x000074399f3ff6c0|[P2PService][Service][METRIC]heartBeat,connected count=3
info|2026-02-07 14:27:34.034663|timerFactory-0x000074398f3fd6c0|[RPC][WS][SERVICE]connected nodes,count=0
info|2026-02-07 14:27:42.612785|ioService-0x000074399f3ff6c0|[P2PService][Service][METRIC]heartBeat,connected count=3
info|2026-02-07 14:27:43.824002|objMonitor-0x00007439817ff6c0|[startMonitor][AliveObjectMonitor],AliveObjectAllocStat=[ type: bcos::gateway::Socket ,created: 12 ,destroyed: 8 ,alive: 4 ] 
info|2026-02-07 14:27:44.034824|timerFactory-0x000074398f3fd6c0|[RPC][WS][SERVICE]connected nodes,count=0
info|2026-02-07 14:27:52.613161|ioService-0x000074399f3ff6c0|[P2PService][Service][METRIC]heartBeat,connected count=3
info|2026-02-07 14:27:54.034948|timerFactory-0x000074398f3fd6c0|[RPC][WS][SERVICE]connected nodes,count=0
info|2026-02-07 14:28:03.834574|ioService-0x000074399f3ff6c0|[P2PService][Service][METRIC]heartBeat,connected count=3
info|2026-02-07 14:28:05.332069|timerFactory-0x000074398f3fd6c0|[RPC][WS][SERVICE]connected nodes,count=0
info|2026-02-07 14:28:13.834694|ioService-0x000074399f3ff6c0|[P2PService][Service][METRIC]heartBeat,connected count=3
info|2026-02-07 14:28:15.332210|timerFactory-0x000074398f3fd6c0|[RPC][WS][SERVICE]connected nodes,count=0
info|2026-02-07 14:28:23.834958|ioService-0x000074399f3ff6c0|[P2PService][Service][METRIC]heartBeat,connected count=3
info|2026-02-07 14:28:25.332456|timerFactory-0x000074398f3fd6c0|[RPC][WS][SERVICE]connected nodes,count=0
info|2026-02-07 14:28:35.164672|ioService-0x000074399f3ff6c0|[P2PService][Service][METRIC]heartBeat,connected count=3
info|2026-02-07 14:28:36.661885|timerFactory-0x000074398f3fd6c0|[RPC][WS][SERVICE]connected nodes,count=0
info|2026-02-07 14:28:45.165058|ioService-0x000074399f3ff6c0|[P2PService][Service][METRIC]heartBeat,connected count=3
info|2026-02-07 14:28:46.450412|objMonitor-0x00007439817ff6c0|[startMonitor][AliveObjectMonitor],AliveObjectAllocStat=[ type: bcos::gateway::Socket ,created: 12 ,destroyed: 8 ,alive: 4 ] 
info|2026-02-07 14:28:46.662035|timerFactory-0x000074398f3fd6c0|[RPC][WS][SERVICE]connected nodes,count=0
info|2026-02-07 14:28:55.165224|ioService-0x000074399f3ff6c0|[P2PService][Service][METRIC]heartBeat,connected count=3
info|2026-02-07 14:28:56.662198|timerFactory-0x000074398f3fd6c0|[RPC][WS][SERVICE]connected nodes,count=0
info|2026-02-07 14:29:06.575203|ioService-0x000074399f3ff6c0|[P2PService][Service][METRIC]heartBeat,connected count=3
info|2026-02-07 14:29:08.072139|timerFactory-0x000074398f3fd6c0|[RPC][WS][SERVICE]connected nodes,count=0
info|2026-02-07 14:29:16.575409|ioService-0x000074399f3ff6c0|[P2PService][Service][METRIC]heartBeat,connected count=3
info|2026-02-07 14:29:18.072790|timerFactory-0x000074398f3fd6c0|[RPC][WS][SERVICE]connected nodes,count=0
info|2026-02-07 14:29:26.575569|ioService-0x000074399f3ff6c0|[P2PService][Service][METRIC]heartBeat,connected count=3
info|2026-02-07 14:29:28.072960|timerFactory-0x000074398f3fd6c0|[RPC][WS][SERVICE]connected nodes,count=0
info|2026-02-07 14:29:37.968790|ioService-0x000074399f3ff6c0|[P2PService][Service][METRIC]heartBeat,connected count=3
info|2026-02-07 14:29:39.466161|timerFactory-0x000074398f3fd6c0|[RPC][WS][SERVICE]connected nodes,count=0
info|2026-02-07 14:29:47.971664|ioService-0x000074399f3ff6c0|[P2PService][Service][METRIC]heartBeat,connected count=3
info|2026-02-07 14:29:49.253450|objMonitor-0x00007439817ff6c0|[startMonitor][AliveObjectMonitor],AliveObjectAllocStat=[ type: bcos::gateway::Socket ,created: 12 ,destroyed: 8 ,alive: 4 ] 
info|2026-02-07 14:29:49.466272|timerFactory-0x000074398f3fd6c0|[RPC][WS][SERVICE]connected nodes,count=0
info|2026-02-07 14:29:57.971990|ioService-0x000074399f3ff6c0|[P2PService][Service][METRIC]heartBeat,connected count=3
info|2026-02-07 14:29:59.466410|timerFactory-0x000074398f3fd6c0|[RPC][WS][SERVICE]connected nodes,count=0
info|2026-02-07 14:30:09.222821|ioService-0x000074399f3ff6c0|[P2PService][Service][METRIC]heartBeat,connected count=3
info|2026-02-07 14:30:10.717100|timerFactory-0x000074398f3fd6c0|[RPC][WS][SERVICE]connected nodes,count=0
info|2026-02-07 14:30:19.223033|ioService-0x000074399f3ff6c0|[P2PService][Service][METRIC]heartBeat,connected count=3
info|2026-02-07 14:30:20.717220|timerFactory-0x000074398f3fd6c0|[RPC][WS][SERVICE]connected nodes,count=0
info|2026-02-07 14:30:29.223212|ioService-0x000074399f3ff6c0|[P2PService][Service][METRIC]heartBeat,connected count=3
info|2026-02-07 14:30:30.717393|timerFactory-0x000074398f3fd6c0|[RPC][WS][SERVICE]connected nodes,count=0
info|2026-02-07 14:30:39.742583|ioService-0x000074399f3ff6c0|[P2PService][Service][METRIC]heartBeat,connected count=3
info|2026-02-07 14:30:41.236547|timerFactory-0x000074398f3fd6c0|[RPC][WS][SERVICE]connected nodes,count=0
info|2026-02-07 14:30:49.743211|ioService-0x000074399f3ff6c0|[P2PService][Service][METRIC]heartBeat,connected count=3
info|2026-02-07 14:30:51.023198|objMonitor-0x00007439817ff6c0|[startMonitor][AliveObjectMonitor],AliveObjectAllocStat=[ type: bcos::gateway::Socket ,created: 12 ,destroyed: 8 ,alive: 4 ] 
info|2026-02-07 14:30:51.236684|timerFactory-0x000074398f3fd6c0|[RPC][WS][SERVICE]connected nodes,count=0
info|2026-02-07 14:30:59.743497|ioService-0x000074399f3ff6c0|[P2PService][Service][METRIC]heartBeat,connected count=3
info|2026-02-07 14:31:01.236881|timerFactory-0x000074398f3fd6c0|[RPC][WS][SERVICE]connected nodes,count=0
info|2026-02-07 14:31:11.688252|ioService-0x000074399f3ff6c0|[P2PService][Service][METRIC]heartBeat,connected count=3
info|2026-02-07 14:31:13.181565|timerFactory-0x000074398f3fd6c0|[RPC][WS][SERVICE]connected nodes,count=0
info|2026-02-07 14:31:21.688442|ioService-0x000074399f3ff6c0|[P2PService][Service][METRIC]heartBeat,connected count=3
info|2026-02-07 14:31:23.181726|timerFactory-0x000074398f3fd6c0|[RPC][WS][SERVICE]connected nodes,count=0
info|2026-02-07 14:31:31.688604|ioService-0x000074399f3ff6c0|[P2PService][Service][METRIC]heartBeat,connected count=3
info|2026-02-07 14:31:33.181819|timerFactory-0x000074398f3fd6c0|[RPC][WS][SERVICE]connected nodes,count=0
info|2026-02-07 14:31:42.984284|ioService-0x000074399f3ff6c0|[P2PService][Service][METRIC]heartBeat,connected count=3
info|2026-02-07 14:31:44.477486|timerFactory-0x000074398f3fd6c0|[RPC][WS][SERVICE]connected nodes,count=0
info|2026-02-07 14:31:52.984418|ioService-0x000074399f3ff6c0|[P2PService][Service][METRIC]heartBeat,connected count=3
info|2026-02-07 14:31:54.263370|objMonitor-0x00007439817ff6c0|[startMonitor][AliveObjectMonitor],AliveObjectAllocStat=[ type: bcos::gateway::Socket ,created: 12 ,destroyed: 8 ,alive: 4 ] 
info|2026-02-07 14:31:54.477629|timerFactory-0x000074398f3fd6c0|[RPC][WS][SERVICE]connected nodes,count=0
info|2026-02-07 14:32:02.984592|ioService-0x000074399f3ff6c0|[P2PService][Service][METRIC]heartBeat,connected count=3
info|2026-02-07 14:32:04.477858|timerFactory-0x000074398f3fd6c0|[RPC][WS][SERVICE]connected nodes,count=0
info|2026-02-07 14:32:14.272510|ioService-0x000074399f3ff6c0|[P2PService][Service][METRIC]heartBeat,connected count=3
info|2026-02-07 14:32:15.765830|timerFactory-0x000074398f3fd6c0|[RPC][WS][SERVICE]connected nodes,count=0
info|2026-02-07 14:32:24.272712|ioService-0x000074399f3ff6c0|[P2PService][Service][METRIC]heartBeat,connected count=3
info|2026-02-07 14:32:25.765954|timerFactory-0x000074398f3fd6c0|[RPC][WS][SERVICE]connected nodes,count=0
info|2026-02-07 14:32:34.272876|ioService-0x000074399f3ff6c0|[P2PService][Service][METRIC]heartBeat,connected count=3
info|2026-02-07 14:32:35.766126|timerFactory-0x000074398f3fd6c0|[RPC][WS][SERVICE]connected nodes,count=0
info|2026-02-07 14:32:45.583912|ioService-0x000074399f3ff6c0|[P2PService][Service][METRIC]heartBeat,connected count=3
info|2026-02-07 14:32:47.077155|timerFactory-0x000074398f3fd6c0|[RPC][WS][SERVICE]connected nodes,count=0
info|2026-02-07 14:32:55.584063|ioService-0x000074399f3ff6c0|[P2PService][Service][METRIC]heartBeat,connected count=3
info|2026-02-07 14:32:56.862200|objMonitor-0x00007439817ff6c0|[startMonitor][AliveObjectMonitor],AliveObjectAllocStat=[ type: bcos::gateway::Socket ,created: 12 ,destroyed: 8 ,alive: 4 ] 
info|2026-02-07 14:32:57.077321|timerFactory-0x000074398f3fd6c0|[RPC][WS][SERVICE]connected nodes,count=0
info|2026-02-07 14:33:05.584316|ioService-0x000074399f3ff6c0|[P2PService][Service][METRIC]heartBeat,connected count=3
info|2026-02-07 14:33:07.077577|timerFactory-0x000074398f3fd6c0|[RPC][WS][SERVICE]connected nodes,count=0
info|2026-02-07 14:33:16.896953|ioService-0x000074399f3ff6c0|[P2PService][Service][METRIC]heartBeat,connected count=3
info|2026-02-07 14:33:18.389945|timerFactory-0x000074398f3fd6c0|[RPC][WS][SERVICE]connected nodes,count=0
info|2026-02-07 14:33:26.897209|ioService-0x000074399f3ff6c0|[P2PService][Service][METRIC]heartBeat,connected count=3
info|2026-02-07 14:33:28.390053|timerFactory-0x000074398f3fd6c0|[RPC][WS][SERVICE]connected nodes,count=0
info|2026-02-07 14:33:36.897403|ioService-0x000074399f3ff6c0|[P2PService][Service][METRIC]heartBeat,connected count=3
info|2026-02-07 14:33:38.390150|timerFactory-0x000074398f3fd6c0|[RPC][WS][SERVICE]connected nodes,count=0
info|2026-02-07 14:33:48.288178|ioService-0x000074399f3ff6c0|[P2PService][Service][METRIC]heartBeat,connected count=3
info|2026-02-07 14:33:49.780854|timerFactory-0x000074398f3fd6c0|[RPC][WS][SERVICE]connected nodes,count=0
info|2026-02-07 14:33:58.288522|ioService-0x000074399f3ff6c0|[P2PService][Service][METRIC]heartBeat,connected count=3
info|2026-02-07 14:33:59.565558|objMonitor-0x00007439817ff6c0|[startMonitor][AliveObjectMonitor],AliveObjectAllocStat=[ type: bcos::gateway::Socket ,created: 12 ,destroyed: 8 ,alive: 4 ] [ type: bcos::gateway::ResponseCallback ,created: 58322 ,destroyed: 58316 ,alive: 6 ] 
info|2026-02-07 14:33:59.781011|timerFactory-0x000074398f3fd6c0|[RPC][WS][SERVICE]connected nodes,count=0
info|2026-02-07 14:34:08.288821|ioService-0x000074399f3ff6c0|[P2PService][Service][METRIC]heartBeat,connected count=3
info|2026-02-07 14:34:09.781149|timerFactory-0x000074398f3fd6c0|[RPC][WS][SERVICE]connected nodes,count=0
info|2026-02-07 14:34:19.574483|ioService-0x000074399f3ff6c0|[P2PService][Service][METRIC]heartBeat,connected count=3
info|2026-02-07 14:34:21.066740|timerFactory-0x000074398f3fd6c0|[RPC][WS][SERVICE]connected nodes,count=0
info|2026-02-07 14:34:29.574834|ioService-0x000074399f3ff6c0|[P2PService][Service][METRIC]heartBeat,connected count=3
info|2026-02-07 14:34:31.066907|timerFactory-0x000074398f3fd6c0|[RPC][WS][SERVICE]connected nodes,count=0
info|2026-02-07 14:34:39.575072|ioService-0x000074399f3ff6c0|[P2PService][Service][METRIC]heartBeat,connected count=3
info|2026-02-07 14:34:41.067082|timerFactory-0x000074398f3fd6c0|[RPC][WS][SERVICE]connected nodes,count=0
info|2026-02-07 14:34:50.841078|ioService-0x000074399f3ff6c0|[P2PService][Service][METRIC]heartBeat,connected count=3
info|2026-02-07 14:34:52.333003|timerFactory-0x000074398f3fd6c0|[RPC][WS][SERVICE]connected nodes,count=0
info|2026-02-07 14:35:00.841303|ioService-0x000074399f3ff6c0|[P2PService][Service][METRIC]heartBeat,connected count=3
info|2026-02-07 14:35:02.117177|objMonitor-0x00007439817ff6c0|[startMonitor][AliveObjectMonitor],AliveObjectAllocStat=[ type: bcos::gateway::Socket ,created: 12 ,destroyed: 8 ,alive: 4 ] 
info|2026-02-07 14:35:02.333127|timerFactory-0x000074398f3fd6c0|[RPC][WS][SERVICE]connected nodes,count=0
info|2026-02-07 14:35:10.841735|ioService-0x000074399f3ff6c0|[P2PService][Service][METRIC]heartBeat,connected count=3
info|2026-02-07 14:35:12.333280|timerFactory-0x000074398f3fd6c0|[RPC][WS][SERVICE]connected nodes,count=0
info|2026-02-07 14:35:22.185249|ioService-0x000074399f3ff6c0|[P2PService][Service][METRIC]heartBeat,connected count=3
info|2026-02-07 14:35:23.676691|timerFactory-0x000074398f3fd6c0|[RPC][WS][SERVICE]connected nodes,count=0
info|2026-02-07 14:35:32.185596|ioService-0x000074399f3ff6c0|[P2PService][Service][METRIC]heartBeat,connected count=3
info|2026-02-07 14:35:33.676855|timerFactory-0x000074398f3fd6c0|[RPC][WS][SERVICE]connected nodes,count=0
info|2026-02-07 14:35:42.185944|ioService-0x000074399f3ff6c0|[P2PService][Service][METRIC]heartBeat,connected count=3
info|2026-02-07 14:35:43.677006|timerFactory-0x000074398f3fd6c0|[RPC][WS][SERVICE]connected nodes,count=0
info|2026-02-07 14:35:53.530049|ioService-0x000074399f3ff6c0|[P2PService][Service][METRIC]heartBeat,connected count=3
info|2026-02-07 14:35:55.021104|timerFactory-0x000074398f3fd6c0|[RPC][WS][SERVICE]connected nodes,count=0
info|2026-02-07 14:36:03.530208|ioService-0x000074399f3ff6c0|[P2PService][Service][METRIC]heartBeat,connected count=3
info|2026-02-07 14:36:04.804706|objMonitor-0x00007439817ff6c0|[startMonitor][AliveObjectMonitor],AliveObjectAllocStat=[ type: bcos::gateway::Socket ,created: 12 ,destroyed: 8 ,alive: 4 ] 
info|2026-02-07 14:36:05.021398|timerFactory-0x000074398f3fd6c0|[RPC][WS][SERVICE]connected nodes,count=0
info|2026-02-07 14:36:13.530401|ioService-0x000074399f3ff6c0|[P2PService][Service][METRIC]heartBeat,connected count=3
info|2026-02-07 14:36:15.021610|timerFactory-0x000074398f3fd6c0|[RPC][WS][SERVICE]connected nodes,count=0
info|2026-02-07 14:36:24.865265|ioService-0x000074399f3ff6c0|[P2PService][Service][METRIC]heartBeat,connected count=3
info|2026-02-07 14:36:26.356900|timerFactory-0x000074398f3fd6c0|[RPC][WS][SERVICE]connected nodes,count=0
info|2026-02-07 14:36:34.865407|ioService-0x000074399f3ff6c0|[P2PService][Service][METRIC]heartBeat,connected count=3
info|2026-02-07 14:36:36.357068|timerFactory-0x000074398f3fd6c0|[RPC][WS][SERVICE]connected nodes,count=0
info|2026-02-07 14:36:44.865596|ioService-0x000074399f3ff6c0|[P2PService][Service][METRIC]heartBeat,connected count=3
info|2026-02-07 14:36:46.357207|timerFactory-0x000074398f3fd6c0|[RPC][WS][SERVICE]connected nodes,count=0
info|2026-02-07 14:36:56.165219|ioService-0x000074399f3ff6c0|[P2PService][Service][METRIC]heartBeat,connected count=3
info|2026-02-07 14:36:57.653113|timerFactory-0x000074398f3fd6c0|[RPC][WS][SERVICE]connected nodes,count=0
info|2026-02-07 14:37:06.165549|ioService-0x000074399f3ff6c0|[P2PService][Service][METRIC]heartBeat,connected count=3
info|2026-02-07 14:37:07.435396|objMonitor-0x00007439817ff6c0|[startMonitor][AliveObjectMonitor],AliveObjectAllocStat=[ type: bcos::gateway::Socket ,created: 12 ,destroyed: 8 ,alive: 4 ] 
info|2026-02-07 14:37:07.653355|timerFactory-0x000074398f3fd6c0|[RPC][WS][SERVICE]connected nodes,count=0
info|2026-02-07 14:37:16.165992|ioService-0x000074399f3ff6c0|[P2PService][Service][METRIC]heartBeat,connected count=3
info|2026-02-07 14:37:17.654353|timerFactory-0x000074398f3fd6c0|[RPC][WS][SERVICE]connected nodes,count=0
info|2026-02-07 14:37:27.491772|ioService-0x000074399f3ff6c0|[P2PService][Service][METRIC]heartBeat,connected count=3
info|2026-02-07 14:37:28.980064|timerFactory-0x000074398f3fd6c0|[RPC][WS][SERVICE]connected nodes,count=0
info|2026-02-07 14:37:37.491900|ioService-0x000074399f3ff6c0|[P2PService][Service][METRIC]heartBeat,connected count=3
info|2026-02-07 14:37:38.980253|timerFactory-0x000074398f3fd6c0|[RPC][WS][SERVICE]connected nodes,count=0
info|2026-02-07 14:37:47.492085|ioService-0x000074399f3ff6c0|[P2PService][Service][METRIC]heartBeat,connected count=3
info|2026-02-07 14:37:48.980389|timerFactory-0x000074398f3fd6c0|[RPC][WS][SERVICE]connected nodes,count=0
info|2026-02-07 14:37:58.043713|ioService-0x000074399f3ff6c0|[P2PService][Service][METRIC]heartBeat,connected count=3
info|2026-02-07 14:37:59.531842|timerFactory-0x000074398f3fd6c0|[RPC][WS][SERVICE]connected nodes,count=0
info|2026-02-07 14:38:08.043916|ioService-0x000074399f3ff6c0|[P2PService][Service][METRIC]heartBeat,connected count=3
info|2026-02-07 14:38:09.312498|objMonitor-0x00007439817ff6c0|[startMonitor][AliveObjectMonitor],AliveObjectAllocStat=[ type: bcos::gateway::Socket ,created: 12 ,destroyed: 8 ,alive: 4 ] 
info|2026-02-07 14:38:09.531979|timerFactory-0x000074398f3fd6c0|[RPC][WS][SERVICE]connected nodes,count=0
info|2026-02-07 14:38:18.044117|ioService-0x000074399f3ff6c0|[P2PService][Service][METRIC]heartBeat,connected count=3
info|2026-02-07 14:38:21.007840|timerFactory-0x000074398f3fd6c0|[RPC][WS][SERVICE]connected nodes,count=0
info|2026-02-07 14:38:28.044382|ioService-0x000074399f3ff6c0|[P2PService][Service][METRIC]heartBeat,connected count=3
info|2026-02-07 14:38:31.683612|timerFactory-0x000074398f3fd6c0|[RPC][WS][SERVICE]connected nodes,count=0
info|2026-02-07 14:38:38.044712|ioService-0x000074399f3ff6c0|[P2PService][Service][METRIC]heartBeat,connected count=3
info|2026-02-07 14:38:41.683754|timerFactory-0x000074398f3fd6c0|[RPC][WS][SERVICE]connected nodes,count=0
info|2026-02-07 14:38:48.044901|ioService-0x000074399f3ff6c0|[P2PService][Service][METRIC]heartBeat,connected count=3
info|2026-02-07 14:38:51.683859|timerFactory-0x000074398f3fd6c0|[RPC][WS][SERVICE]connected nodes,count=0
info|2026-02-07 14:38:58.045328|ioService-0x000074399f3ff6c0|[P2PService][Service][METRIC]heartBeat,connected count=3
info|2026-02-07 14:39:02.999727|timerFactory-0x000074398f3fd6c0|[RPC][WS][SERVICE]connected nodes,count=0
info|2026-02-07 14:39:08.045619|ioService-0x000074399f3ff6c0|[P2PService][Service][METRIC]heartBeat,connected count=3
info|2026-02-07 14:39:12.779799|objMonitor-0x00007439817ff6c0|[startMonitor][AliveObjectMonitor],AliveObjectAllocStat=[ type: bcos::gateway::Socket ,created: 12 ,destroyed: 8 ,alive: 4 ] 
info|2026-02-07 14:39:12.999862|timerFactory-0x000074398f3fd6c0|[RPC][WS][SERVICE]connected nodes,count=0
info|2026-02-07 14:39:18.045880|ioService-0x000074399f3ff6c0|[P2PService][Service][METRIC]heartBeat,connected count=3
info|2026-02-07 14:39:22.999965|timerFactory-0x000074398f3fd6c0|[RPC][WS][SERVICE]connected nodes,count=0
info|2026-02-07 14:39:28.046183|ioService-0x000074399f3ff6c0|[P2PService][Service][METRIC]heartBeat,connected count=3
info|2026-02-07 14:39:34.324431|timerFactory-0x000074398f3fd6c0|[RPC][WS][SERVICE]connected nodes,count=0
info|2026-02-07 14:39:38.046373|ioService-0x000074399f3ff6c0|[P2PService][Service][METRIC]heartBeat,connected count=3
info|2026-02-07 14:39:44.324580|timerFactory-0x000074398f3fd6c0|[RPC][WS][SERVICE]connected nodes,count=0
info|2026-02-07 14:39:48.046558|ioService-0x000074399f3ff6c0|[P2PService][Service][METRIC]heartBeat,connected count=3
info|2026-02-07 14:39:54.324764|timerFactory-0x000074398f3fd6c0|[RPC][WS][SERVICE]connected nodes,count=0
info|2026-02-07 14:39:58.046774|ioService-0x000074399f3ff6c0|[P2PService][Service][METRIC]heartBeat,connected count=3
info|2026-02-07 14:40:05.652533|timerFactory-0x000074398f3fd6c0|[RPC][WS][SERVICE]connected nodes,count=0
info|2026-02-07 14:40:08.046980|ioService-0x000074399f3ff6c0|[P2PService][Service][METRIC]heartBeat,connected count=3
info|2026-02-07 14:40:15.431878|objMonitor-0x00007439817ff6c0|[startMonitor][AliveObjectMonitor],AliveObjectAllocStat=[ type: bcos::gateway::Socket ,created: 12 ,destroyed: 8 ,alive: 4 ] 
info|2026-02-07 14:40:15.652690|timerFactory-0x000074398f3fd6c0|[RPC][WS][SERVICE]connected nodes,count=0
info|2026-02-07 14:40:18.047312|ioService-0x000074399f3ff6c0|[P2PService][Service][METRIC]heartBeat,connected count=3
info|2026-02-07 14:40:25.652828|timerFactory-0x000074398f3fd6c0|[RPC][WS][SERVICE]connected nodes,count=0
info|2026-02-07 14:40:28.047979|ioService-0x000074399f3ff6c0|[P2PService][Service][METRIC]heartBeat,connected count=3
info|2026-02-07 14:40:37.012808|timerFactory-0x000074398f3fd6c0|[RPC][WS][SERVICE]connected nodes,count=0
info|2026-02-07 14:40:38.048217|ioService-0x000074399f3ff6c0|[P2PService][Service][METRIC]heartBeat,connected count=3
info|2026-02-07 14:40:47.013350|timerFactory-0x000074398f3fd6c0|[RPC][WS][SERVICE]connected nodes,count=0
info|2026-02-07 14:40:48.048440|ioService-0x000074399f3ff6c0|[P2PService][Service][METRIC]heartBeat,connected count=3
info|2026-02-07 14:40:57.013518|timerFactory-0x000074398f3fd6c0|[RPC][WS][SERVICE]connected nodes,count=0
info|2026-02-07 14:40:58.048684|ioService-0x000074399f3ff6c0|[P2PService][Service][METRIC]heartBeat,connected count=3
info|2026-02-07 14:41:08.048862|ioService-0x000074399f3ff6c0|[P2PService][Service][METRIC]heartBeat,connected count=3
info|2026-02-07 14:41:08.356864|timerFactory-0x000074398f3fd6c0|[RPC][WS][SERVICE]connected nodes,count=0
info|2026-02-07 14:41:18.049056|ioService-0x000074399f3ff6c0|[P2PService][Service][METRIC]heartBeat,connected count=3
info|2026-02-07 14:41:18.135187|objMonitor-0x00007439817ff6c0|[startMonitor][AliveObjectMonitor],AliveObjectAllocStat=[ type: bcos::gateway::Socket ,created: 12 ,destroyed: 8 ,alive: 4 ] 
info|2026-02-07 14:41:18.357161|timerFactory-0x000074398f3fd6c0|[RPC][WS][SERVICE]connected nodes,count=0
info|2026-02-07 14:41:28.049329|ioService-0x000074399f3ff6c0|[P2PService][Service][METRIC]heartBeat,connected count=3
info|2026-02-07 14:41:28.357311|timerFactory-0x000074398f3fd6c0|[RPC][WS][SERVICE]connected nodes,count=0
info|2026-02-07 14:41:38.211948|ioService-0x000074399f3ff6c0|[P2PService][Service][METRIC]heartBeat,connected count=3
info|2026-02-07 14:41:39.687199|timerFactory-0x000074398f3fd6c0|[RPC][WS][SERVICE]connected nodes,count=0
info|2026-02-07 14:41:48.212145|ioService-0x000074399f3ff6c0|[P2PService][Service][METRIC]heartBeat,connected count=3
info|2026-02-07 14:41:49.687497|timerFactory-0x000074398f3fd6c0|[RPC][WS][SERVICE]connected nodes,count=0
info|2026-02-07 14:41:58.212422|ioService-0x000074399f3ff6c0|[P2PService][Service][METRIC]heartBeat,connected count=3
info|2026-02-07 14:41:59.687623|timerFactory-0x000074398f3fd6c0|[RPC][WS][SERVICE]connected nodes,count=0
info|2026-02-07 14:42:09.558947|ioService-0x000074399f3ff6c0|[P2PService][Service][METRIC]heartBeat,connected count=3
info|2026-02-07 14:42:11.034056|timerFactory-0x000074398f3fd6c0|[RPC][WS][SERVICE]connected nodes,count=0
info|2026-02-07 14:42:19.559269|ioService-0x000074399f3ff6c0|[P2PService][Service][METRIC]heartBeat,connected count=3
info|2026-02-07 14:42:20.811475|objMonitor-0x00007439817ff6c0|[startMonitor][AliveObjectMonitor],AliveObjectAllocStat=[ type: bcos::gateway::Socket ,created: 12 ,destroyed: 8 ,alive: 4 ] 
info|2026-02-07 14:42:21.034178|timerFactory-0x000074398f3fd6c0|[RPC][WS][SERVICE]connected nodes,count=0
info|2026-02-07 14:42:29.559641|ioService-0x000074399f3ff6c0|[P2PService][Service][METRIC]heartBeat,connected count=3
info|2026-02-07 14:42:31.034278|timerFactory-0x000074398f3fd6c0|[RPC][WS][SERVICE]connected nodes,count=0
info|2026-02-07 14:42:40.962646|ioService-0x000074399f3ff6c0|[P2PService][Service][METRIC]heartBeat,connected count=3
info|2026-02-07 14:42:42.436827|timerFactory-0x000074398f3fd6c0|[RPC][WS][SERVICE]connected nodes,count=0
info|2026-02-07 14:42:50.964926|ioService-0x000074399f3ff6c0|[P2PService][Service][METRIC]heartBeat,connected count=3
info|2026-02-07 14:42:52.437779|timerFactory-0x000074398f3fd6c0|[RPC][WS][SERVICE]connected nodes,count=0
info|2026-02-07 14:43:00.965555|ioService-0x000074399f3ff6c0|[P2PService][Service][METRIC]heartBeat,connected count=3
info|2026-02-07 14:43:02.438068|timerFactory-0x000074398f3fd6c0|[RPC][WS][SERVICE]connected nodes,count=0
info|2026-02-07 14:43:12.268976|ioService-0x000074399f3ff6c0|[P2PService][Service][METRIC]heartBeat,connected count=3
info|2026-02-07 14:43:13.741121|timerFactory-0x000074398f3fd6c0|[RPC][WS][SERVICE]connected nodes,count=0
info|2026-02-07 14:43:22.269307|ioService-0x000074399f3ff6c0|[P2PService][Service][METRIC]heartBeat,connected count=3
info|2026-02-07 14:43:23.517053|objMonitor-0x00007439817ff6c0|[startMonitor][AliveObjectMonitor],AliveObjectAllocStat=[ type: bcos::gateway::Socket ,created: 12 ,destroyed: 8 ,alive: 4 ] 
info|2026-02-07 14:43:23.741423|timerFactory-0x000074398f3fd6c0|[RPC][WS][SERVICE]connected nodes,count=0
info|2026-02-07 14:43:32.269538|ioService-0x000074399f3ff6c0|[P2PService][Service][METRIC]heartBeat,connected count=3
info|2026-02-07 14:43:33.741959|timerFactory-0x000074398f3fd6c0|[RPC][WS][SERVICE]connected nodes,count=0
info|2026-02-07 14:43:43.609949|ioService-0x000074399f3ff6c0|[P2PService][Service][METRIC]heartBeat,connected count=3
info|2026-02-07 14:43:45.081866|timerFactory-0x000074398f3fd6c0|[RPC][WS][SERVICE]connected nodes,count=0
info|2026-02-07 14:43:53.610499|ioService-0x000074399f3ff6c0|[P2PService][Service][METRIC]heartBeat,connected count=3
info|2026-02-07 14:43:55.082021|timerFactory-0x000074398f3fd6c0|[RPC][WS][SERVICE]connected nodes,count=0
info|2026-02-07 14:44:03.610706|ioService-0x000074399f3ff6c0|[P2PService][Service][METRIC]heartBeat,connected count=3
info|2026-02-07 14:44:05.082211|timerFactory-0x000074398f3fd6c0|[RPC][WS][SERVICE]connected nodes,count=0
info|2026-02-07 14:44:14.150228|ioService-0x000074399f3ff6c0|[P2PService][Service][METRIC]heartBeat,connected count=3
info|2026-02-07 14:44:15.622176|timerFactory-0x000074398f3fd6c0|[RPC][WS][SERVICE]connected nodes,count=0
info|2026-02-07 14:44:24.150363|ioService-0x000074399f3ff6c0|[P2PService][Service][METRIC]heartBeat,connected count=3
info|2026-02-07 14:44:25.396355|objMonitor-0x00007439817ff6c0|[startMonitor][AliveObjectMonitor],AliveObjectAllocStat=[ type: bcos::gateway::Socket ,created: 12 ,destroyed: 8 ,alive: 4 ] 
info|2026-02-07 14:44:25.624968|timerFactory-0x000074398f3fd6c0|[RPC][WS][SERVICE]connected nodes,count=0
info|2026-02-07 14:44:34.150480|ioService-0x000074399f3ff6c0|[P2PService][Service][METRIC]heartBeat,connected count=3
info|2026-02-07 14:44:37.134778|timerFactory-0x000074398f3fd6c0|[RPC][WS][SERVICE]connected nodes,count=0
info|2026-02-07 14:44:44.150681|ioService-0x000074399f3ff6c0|[P2PService][Service][METRIC]heartBeat,connected count=3
info|2026-02-07 14:44:47.793237|timerFactory-0x000074398f3fd6c0|[RPC][WS][SERVICE]connected nodes,count=0
info|2026-02-07 14:44:54.151173|ioService-0x000074399f3ff6c0|[P2PService][Service][METRIC]heartBeat,connected count=3
info|2026-02-07 14:44:57.793351|timerFactory-0x000074398f3fd6c0|[RPC][WS][SERVICE]connected nodes,count=0
info|2026-02-07 14:45:04.151482|ioService-0x000074399f3ff6c0|[P2PService][Service][METRIC]heartBeat,connected count=3
info|2026-02-07 14:45:07.793620|timerFactory-0x000074398f3fd6c0|[RPC][WS][SERVICE]connected nodes,count=0
info|2026-02-07 14:45:14.151735|ioService-0x000074399f3ff6c0|[P2PService][Service][METRIC]heartBeat,connected count=3
info|2026-02-07 14:45:19.160918|timerFactory-0x000074398f3fd6c0|[RPC][WS][SERVICE]connected nodes,count=0
info|2026-02-07 14:45:24.152032|ioService-0x000074399f3ff6c0|[P2PService][Service][METRIC]heartBeat,connected count=3
info|2026-02-07 14:45:28.931516|objMonitor-0x00007439817ff6c0|[startMonitor][AliveObjectMonitor],AliveObjectAllocStat=[ type: bcos::gateway::Socket ,created: 12 ,destroyed: 8 ,alive: 4 ] 
info|2026-02-07 14:45:29.161072|timerFactory-0x000074398f3fd6c0|[RPC][WS][SERVICE]connected nodes,count=0
info|2026-02-07 14:45:34.152330|ioService-0x000074399f3ff6c0|[P2PService][Service][METRIC]heartBeat,connected count=3
info|2026-02-07 14:45:39.161159|timerFactory-0x000074398f3fd6c0|[RPC][WS][SERVICE]connected nodes,count=0
info|2026-02-07 14:45:44.152481|ioService-0x000074399f3ff6c0|[P2PService][Service][METRIC]heartBeat,connected count=3
info|2026-02-07 14:45:50.552080|timerFactory-0x000074398f3fd6c0|[RPC][WS][SERVICE]connected nodes,count=0
info|2026-02-07 14:45:54.152657|ioService-0x000074399f3ff6c0|[P2PService][Service][METRIC]heartBeat,connected count=3
info|2026-02-07 14:46:00.552209|timerFactory-0x000074398f3fd6c0|[RPC][WS][SERVICE]connected nodes,count=0
info|2026-02-07 14:46:04.152910|ioService-0x000074399f3ff6c0|[P2PService][Service][METRIC]heartBeat,connected count=3
info|2026-02-07 14:46:10.552406|timerFactory-0x000074398f3fd6c0|[RPC][WS][SERVICE]connected nodes,count=0
info|2026-02-07 14:46:14.153319|ioService-0x000074399f3ff6c0|[P2PService][Service][METRIC]heartBeat,connected count=3
info|2026-02-07 14:46:21.892587|timerFactory-0x000074398f3fd6c0|[RPC][WS][SERVICE]connected nodes,count=0
info|2026-02-07 14:46:24.153528|ioService-0x000074399f3ff6c0|[P2PService][Service][METRIC]heartBeat,connected count=3
info|2026-02-07 14:46:31.662665|objMonitor-0x00007439817ff6c0|[startMonitor][AliveObjectMonitor],AliveObjectAllocStat=[ type: bcos::gateway::Socket ,created: 12 ,destroyed: 8 ,alive: 4 ] 
info|2026-02-07 14:46:31.892805|timerFactory-0x000074398f3fd6c0|[RPC][WS][SERVICE]connected nodes,count=0
info|2026-02-07 14:46:34.153803|ioService-0x000074399f3ff6c0|[P2PService][Service][METRIC]heartBeat,connected count=3
info|2026-02-07 14:46:41.893077|timerFactory-0x000074398f3fd6c0|[RPC][WS][SERVICE]connected nodes,count=0
info|2026-02-07 14:46:44.153934|ioService-0x000074399f3ff6c0|[P2PService][Service][METRIC]heartBeat,connected count=3
info|2026-02-07 14:46:53.235815|timerFactory-0x000074398f3fd6c0|[RPC][WS][SERVICE]connected nodes,count=0
info|2026-02-07 14:46:54.154187|ioService-0x000074399f3ff6c0|[P2PService][Service][METRIC]heartBeat,connected count=3
info|2026-02-07 14:47:03.235915|timerFactory-0x000074398f3fd6c0|[RPC][WS][SERVICE]connected nodes,count=0
info|2026-02-07 14:47:04.154377|ioService-0x000074399f3ff6c0|[P2PService][Service][METRIC]heartBeat,connected count=3
info|2026-02-07 14:47:13.236107|timerFactory-0x000074398f3fd6c0|[RPC][WS][SERVICE]connected nodes,count=0
info|2026-02-07 14:47:14.154536|ioService-0x000074399f3ff6c0|[P2PService][Service][METRIC]heartBeat,connected count=3
info|2026-02-07 14:47:24.154767|ioService-0x000074399f3ff6c0|[P2PService][Service][METRIC]heartBeat,connected count=3
info|2026-02-07 14:47:24.600664|timerFactory-0x000074398f3fd6c0|[RPC][WS][SERVICE]connected nodes,count=0
info|2026-02-07 14:47:34.155197|ioService-0x000074399f3ff6c0|[P2PService][Service][METRIC]heartBeat,connected count=3
info|2026-02-07 14:47:34.371208|objMonitor-0x00007439817ff6c0|[startMonitor][AliveObjectMonitor],AliveObjectAllocStat=[ type: bcos::gateway::Socket ,created: 12 ,destroyed: 8 ,alive: 4 ] 
info|2026-02-07 14:47:34.600785|timerFactory-0x000074398f3fd6c0|[RPC][WS][SERVICE]connected nodes,count=0
info|2026-02-07 14:47:44.155439|ioService-0x000074399f3ff6c0|[P2PService][Service][METRIC]heartBeat,connected count=3
info|2026-02-07 14:47:44.601031|timerFactory-0x000074398f3fd6c0|[RPC][WS][SERVICE]connected nodes,count=0
info|2026-02-07 14:47:54.524718|ioService-0x000074399f3ff6c0|[P2PService][Service][METRIC]heartBeat,connected count=3
info|2026-02-07 14:47:55.992725|timerFactory-0x000074398f3fd6c0|[RPC][WS][SERVICE]connected nodes,count=0
info|2026-02-07 14:48:04.525161|ioService-0x000074399f3ff6c0|[P2PService][Service][METRIC]heartBeat,connected count=3
info|2026-02-07 14:48:05.993036|timerFactory-0x000074398f3fd6c0|[RPC][WS][SERVICE]connected nodes,count=0
info|2026-02-07 14:48:14.525398|ioService-0x000074399f3ff6c0|[P2PService][Service][METRIC]heartBeat,connected count=3
info|2026-02-07 14:48:15.993239|timerFactory-0x000074398f3fd6c0|[RPC][WS][SERVICE]connected nodes,count=0
info|2026-02-07 14:48:25.894883|ioService-0x000074399f3ff6c0|[P2PService][Service][METRIC]heartBeat,connected count=3
info|2026-02-07 14:48:27.362622|timerFactory-0x000074398f3fd6c0|[RPC][WS][SERVICE]connected nodes,count=0
info|2026-02-07 14:48:35.895128|ioService-0x000074399f3ff6c0|[P2PService][Service][METRIC]heartBeat,connected count=3
info|2026-02-07 14:48:37.132165|objMonitor-0x00007439817ff6c0|[startMonitor][AliveObjectMonitor],AliveObjectAllocStat=[ type: bcos::gateway::Socket ,created: 12 ,destroyed: 8 ,alive: 4 ] 
info|2026-02-07 14:48:37.362933|timerFactory-0x000074398f3fd6c0|[RPC][WS][SERVICE]connected nodes,count=0
info|2026-02-07 14:48:45.895235|ioService-0x000074399f3ff6c0|[P2PService][Service][METRIC]heartBeat,connected count=3
info|2026-02-07 14:48:47.363246|timerFactory-0x000074398f3fd6c0|[RPC][WS][SERVICE]connected nodes,count=0
info|2026-02-07 14:48:56.442106|ioService-0x000074399f3ff6c0|[P2PService][Service][METRIC]heartBeat,connected count=3
info|2026-02-07 14:48:57.909932|timerFactory-0x000074398f3fd6c0|[RPC][WS][SERVICE]connected nodes,count=0
info|2026-02-07 14:49:06.442363|ioService-0x000074399f3ff6c0|[P2PService][Service][METRIC]heartBeat,connected count=3
info|2026-02-07 14:49:07.913734|timerFactory-0x000074398f3fd6c0|[RPC][WS][SERVICE]connected nodes,count=0
info|2026-02-07 14:49:16.442553|ioService-0x000074399f3ff6c0|[P2PService][Service][METRIC]heartBeat,connected count=3
info|2026-02-07 14:49:19.422426|timerFactory-0x000074398f3fd6c0|[RPC][WS][SERVICE]connected nodes,count=0
info|2026-02-07 14:49:26.442711|ioService-0x000074399f3ff6c0|[P2PService][Service][METRIC]heartBeat,connected count=3
info|2026-02-07 14:49:29.422635|timerFactory-0x000074398f3fd6c0|[RPC][WS][SERVICE]connected nodes,count=0
info|2026-02-07 14:49:36.442876|ioService-0x000074399f3ff6c0|[P2PService][Service][METRIC]heartBeat,connected count=3
info|2026-02-07 14:49:39.040290|objMonitor-0x00007439817ff6c0|[startMonitor][AliveObjectMonitor],AliveObjectAllocStat=[ type: bcos::gateway::Socket ,created: 12 ,destroyed: 8 ,alive: 4 ] 
info|2026-02-07 14:49:39.422718|timerFactory-0x000074398f3fd6c0|[RPC][WS][SERVICE]connected nodes,count=0
info|2026-02-07 14:49:46.445390|ioService-0x000074399f3ff6c0|[P2PService][Service][METRIC]heartBeat,connected count=3
info|2026-02-07 14:49:51.020691|timerFactory-0x000074398f3fd6c0|[RPC][WS][SERVICE]connected nodes,count=0
info|2026-02-07 14:49:56.445625|ioService-0x000074399f3ff6c0|[P2PService][Service][METRIC]heartBeat,connected count=3
info|2026-02-07 14:50:01.520358|timerFactory-0x000074398f3fd6c0|[RPC][WS][SERVICE]connected nodes,count=0
info|2026-02-07 14:50:06.445852|ioService-0x000074399f3ff6c0|[P2PService][Service][METRIC]heartBeat,connected count=3
info|2026-02-07 14:50:11.520709|timerFactory-0x000074398f3fd6c0|[RPC][WS][SERVICE]connected nodes,count=0
info|2026-02-07 14:50:16.445999|ioService-0x000074399f3ff6c0|[P2PService][Service][METRIC]heartBeat,connected count=3
info|2026-02-07 14:50:21.521889|timerFactory-0x000074398f3fd6c0|[RPC][WS][SERVICE]connected nodes,count=0
info|2026-02-07 14:50:26.446146|ioService-0x000074399f3ff6c0|[P2PService][Service][METRIC]heartBeat,connected count=3
info|2026-02-07 14:50:32.931918|timerFactory-0x000074398f3fd6c0|[RPC][WS][SERVICE]connected nodes,count=0
info|2026-02-07 14:50:36.446370|ioService-0x000074399f3ff6c0|[P2PService][Service][METRIC]heartBeat,connected count=3
info|2026-02-07 14:50:42.542410|objMonitor-0x00007439817ff6c0|[startMonitor][AliveObjectMonitor],AliveObjectAllocStat=[ type: bcos::gateway::Socket ,created: 12 ,destroyed: 8 ,alive: 4 ] 
info|2026-02-07 14:50:42.932116|timerFactory-0x000074398f3fd6c0|[RPC][WS][SERVICE]connected nodes,count=0
info|2026-02-07 14:50:46.446588|ioService-0x000074399f3ff6c0|[P2PService][Service][METRIC]heartBeat,connected count=3
info|2026-02-07 14:50:52.932407|timerFactory-0x000074398f3fd6c0|[RPC][WS][SERVICE]connected nodes,count=0
info|2026-02-07 14:50:56.446858|ioService-0x000074399f3ff6c0|[P2PService][Service][METRIC]heartBeat,connected count=3
info|2026-02-07 14:51:04.294620|timerFactory-0x000074398f3fd6c0|[RPC][WS][SERVICE]connected nodes,count=0
info|2026-02-07 14:51:06.447079|ioService-0x000074399f3ff6c0|[P2PService][Service][METRIC]heartBeat,connected count=3
info|2026-02-07 14:51:14.294728|timerFactory-0x000074398f3fd6c0|[RPC][WS][SERVICE]connected nodes,count=0
info|2026-02-07 14:51:16.447457|ioService-0x000074399f3ff6c0|[P2PService][Service][METRIC]heartBeat,connected count=3
info|2026-02-07 14:51:24.294940|timerFactory-0x000074398f3fd6c0|[RPC][WS][SERVICE]connected nodes,count=0
info|2026-02-07 14:51:26.447808|ioService-0x000074399f3ff6c0|[P2PService][Service][METRIC]heartBeat,connected count=3
info|2026-02-07 14:51:35.666493|timerFactory-0x000074398f3fd6c0|[RPC][WS][SERVICE]connected nodes,count=0
info|2026-02-07 14:51:36.447997|ioService-0x000074399f3ff6c0|[P2PService][Service][METRIC]heartBeat,connected count=3
info|2026-02-07 14:51:45.276060|objMonitor-0x00007439817ff6c0|[startMonitor][AliveObjectMonitor],AliveObjectAllocStat=[ type: bcos::gateway::Socket ,created: 12 ,destroyed: 8 ,alive: 4 ] 
info|2026-02-07 14:51:45.666615|timerFactory-0x000074398f3fd6c0|[RPC][WS][SERVICE]connected nodes,count=0
info|2026-02-07 14:51:46.448125|ioService-0x000074399f3ff6c0|[P2PService][Service][METRIC]heartBeat,connected count=3
info|2026-02-07 14:51:55.666770|timerFactory-0x000074398f3fd6c0|[RPC][WS][SERVICE]connected nodes,count=0
info|2026-02-07 14:51:56.448384|ioService-0x000074399f3ff6c0|[P2PService][Service][METRIC]heartBeat,connected count=3
info|2026-02-07 14:52:06.448539|ioService-0x000074399f3ff6c0|[P2PService][Service][METRIC]heartBeat,connected count=3
info|2026-02-07 14:52:07.102275|timerFactory-0x000074398f3fd6c0|[RPC][WS][SERVICE]connected nodes,count=0
info|2026-02-07 14:52:16.448657|ioService-0x000074399f3ff6c0|[P2PService][Service][METRIC]heartBeat,connected count=3
info|2026-02-07 14:52:17.102429|timerFactory-0x000074398f3fd6c0|[RPC][WS][SERVICE]connected nodes,count=0
info|2026-02-07 14:52:26.448834|ioService-0x000074399f3ff6c0|[P2PService][Service][METRIC]heartBeat,connected count=3
info|2026-02-07 14:52:27.102716|timerFactory-0x000074398f3fd6c0|[RPC][WS][SERVICE]connected nodes,count=0
info|2026-02-07 14:52:36.973762|ioService-0x000074399f3ff6c0|[P2PService][Service][METRIC]heartBeat,connected count=3
info|2026-02-07 14:52:38.440374|timerFactory-0x000074398f3fd6c0|[RPC][WS][SERVICE]connected nodes,count=0
info|2026-02-07 14:52:46.973885|ioService-0x000074399f3ff6c0|[P2PService][Service][METRIC]heartBeat,connected count=3
info|2026-02-07 14:52:48.049078|objMonitor-0x00007439817ff6c0|[startMonitor][AliveObjectMonitor],AliveObjectAllocStat=[ type: bcos::gateway::Socket ,created: 12 ,destroyed: 8 ,alive: 4 ] 
info|2026-02-07 14:52:48.440546|timerFactory-0x000074398f3fd6c0|[RPC][WS][SERVICE]connected nodes,count=0
info|2026-02-07 14:52:56.974057|ioService-0x000074399f3ff6c0|[P2PService][Service][METRIC]heartBeat,connected count=3
info|2026-02-07 14:52:58.440678|timerFactory-0x000074398f3fd6c0|[RPC][WS][SERVICE]connected nodes,count=0
info|2026-02-07 14:53:08.353040|ioService-0x000074399f3ff6c0|[P2PService][Service][METRIC]heartBeat,connected count=3
info|2026-02-07 14:53:09.821270|timerFactory-0x000074398f3fd6c0|[RPC][WS][SERVICE]connected nodes,count=0
info|2026-02-07 14:53:18.353279|ioService-0x000074399f3ff6c0|[P2PService][Service][METRIC]heartBeat,connected count=3
info|2026-02-07 14:53:19.821537|timerFactory-0x000074398f3fd6c0|[RPC][WS][SERVICE]connected nodes,count=0
info|2026-02-07 14:53:28.353398|ioService-0x000074399f3ff6c0|[P2PService][Service][METRIC]heartBeat,connected count=3
info|2026-02-07 14:53:29.821711|timerFactory-0x000074398f3fd6c0|[RPC][WS][SERVICE]connected nodes,count=0
info|2026-02-07 14:53:39.716011|ioService-0x000074399f3ff6c0|[P2PService][Service][METRIC]heartBeat,connected count=3
info|2026-02-07 14:53:41.184234|timerFactory-0x000074398f3fd6c0|[RPC][WS][SERVICE]connected nodes,count=0
info|2026-02-07 14:53:49.716175|ioService-0x000074399f3ff6c0|[P2PService][Service][METRIC]heartBeat,connected count=3
info|2026-02-07 14:53:50.790356|objMonitor-0x00007439817ff6c0|[startMonitor][AliveObjectMonitor],AliveObjectAllocStat=[ type: bcos::gateway::Socket ,created: 12 ,destroyed: 8 ,alive: 4 ] 
info|2026-02-07 14:53:51.184363|timerFactory-0x000074398f3fd6c0|[RPC][WS][SERVICE]connected nodes,count=0
info|2026-02-07 14:53:59.716470|ioService-0x000074399f3ff6c0|[P2PService][Service][METRIC]heartBeat,connected count=3
info|2026-02-07 14:54:01.184490|timerFactory-0x000074398f3fd6c0|[RPC][WS][SERVICE]connected nodes,count=0
info|2026-02-07 14:54:11.234932|ioService-0x000074399f3ff6c0|[P2PService][Service][METRIC]heartBeat,connected count=3
info|2026-02-07 14:54:12.702858|timerFactory-0x000074398f3fd6c0|[RPC][WS][SERVICE]connected nodes,count=0
info|2026-02-07 14:54:21.235083|ioService-0x000074399f3ff6c0|[P2PService][Service][METRIC]heartBeat,connected count=3
info|2026-02-07 14:54:22.703018|timerFactory-0x000074398f3fd6c0|[RPC][WS][SERVICE]connected nodes,count=0
info|2026-02-07 14:54:31.235326|ioService-0x000074399f3ff6c0|[P2PService][Service][METRIC]heartBeat,connected count=3
info|2026-02-07 14:54:32.703149|timerFactory-0x000074398f3fd6c0|[RPC][WS][SERVICE]connected nodes,count=0
info|2026-02-07 14:54:42.565616|ioService-0x000074399f3ff6c0|[P2PService][Service][METRIC]heartBeat,connected count=3
info|2026-02-07 14:54:44.033561|timerFactory-0x000074398f3fd6c0|[RPC][WS][SERVICE]connected nodes,count=0
info|2026-02-07 14:54:52.565784|ioService-0x000074399f3ff6c0|[P2PService][Service][METRIC]heartBeat,connected count=3
info|2026-02-07 14:54:53.638906|objMonitor-0x00007439817ff6c0|[startMonitor][AliveObjectMonitor],AliveObjectAllocStat=[ type: bcos::gateway::Socket ,created: 12 ,destroyed: 8 ,alive: 4 ] [ type: bcos::gateway::ResponseCallback ,created: 76256 ,destroyed: 76251 ,alive: 5 ] 
info|2026-02-07 14:54:54.033845|timerFactory-0x000074398f3fd6c0|[RPC][WS][SERVICE]connected nodes,count=0
info|2026-02-07 14:55:02.565956|ioService-0x000074399f3ff6c0|[P2PService][Service][METRIC]heartBeat,connected count=3
info|2026-02-07 14:55:04.034023|timerFactory-0x000074398f3fd6c0|[RPC][WS][SERVICE]connected nodes,count=0
info|2026-02-07 14:55:13.943695|ioService-0x000074399f3ff6c0|[P2PService][Service][METRIC]heartBeat,connected count=3
info|2026-02-07 14:55:15.408276|timerFactory-0x000074398f3fd6c0|[RPC][WS][SERVICE]connected nodes,count=0
info|2026-02-07 14:55:23.943867|ioService-0x000074399f3ff6c0|[P2PService][Service][METRIC]heartBeat,connected count=3
info|2026-02-07 14:55:25.408411|timerFactory-0x000074398f3fd6c0|[RPC][WS][SERVICE]connected nodes,count=0
info|2026-02-07 14:55:33.944053|ioService-0x000074399f3ff6c0|[P2PService][Service][METRIC]heartBeat,connected count=3
info|2026-02-07 14:55:35.408540|timerFactory-0x000074398f3fd6c0|[RPC][WS][SERVICE]connected nodes,count=0
info|2026-02-07 14:55:45.336829|ioService-0x000074399f3ff6c0|[P2PService][Service][METRIC]heartBeat,connected count=3
info|2026-02-07 14:55:46.801298|timerFactory-0x000074398f3fd6c0|[RPC][WS][SERVICE]connected nodes,count=0
info|2026-02-07 14:55:55.336929|ioService-0x000074399f3ff6c0|[P2PService][Service][METRIC]heartBeat,connected count=3
info|2026-02-07 14:55:56.406011|objMonitor-0x00007439817ff6c0|[startMonitor][AliveObjectMonitor],AliveObjectAllocStat=[ type: bcos::gateway::Socket ,created: 12 ,destroyed: 8 ,alive: 4 ] [ type: bcos::gateway::ResponseCallback ,created: 77153 ,destroyed: 77148 ,alive: 5 ] 
info|2026-02-07 14:55:56.801396|timerFactory-0x000074398f3fd6c0|[RPC][WS][SERVICE]connected nodes,count=0
info|2026-02-07 14:56:05.337058|ioService-0x000074399f3ff6c0|[P2PService][Service][METRIC]heartBeat,connected count=3
info|2026-02-07 14:56:06.801606|timerFactory-0x000074398f3fd6c0|[RPC][WS][SERVICE]connected nodes,count=0
info|2026-02-07 14:56:16.795375|ioService-0x000074399f3ff6c0|[P2PService][Service][METRIC]heartBeat,connected count=3
info|2026-02-07 14:56:18.259917|timerFactory-0x000074398f3fd6c0|[RPC][WS][SERVICE]connected nodes,count=0
info|2026-02-07 14:56:26.795567|ioService-0x000074399f3ff6c0|[P2PService][Service][METRIC]heartBeat,connected count=3
info|2026-02-07 14:56:28.260170|timerFactory-0x000074398f3fd6c0|[RPC][WS][SERVICE]connected nodes,count=0
info|2026-02-07 14:56:36.795798|ioService-0x000074399f3ff6c0|[P2PService][Service][METRIC]heartBeat,connected count=3
info|2026-02-07 14:56:38.260316|timerFactory-0x000074398f3fd6c0|[RPC][WS][SERVICE]connected nodes,count=0
info|2026-02-07 14:56:48.142967|ioService-0x000074399f3ff6c0|[P2PService][Service][METRIC]heartBeat,connected count=3
info|2026-02-07 14:56:49.607346|timerFactory-0x000074398f3fd6c0|[RPC][WS][SERVICE]connected nodes,count=0
info|2026-02-07 14:56:58.143164|ioService-0x000074399f3ff6c0|[P2PService][Service][METRIC]heartBeat,connected count=3
info|2026-02-07 14:56:59.211402|objMonitor-0x00007439817ff6c0|[startMonitor][AliveObjectMonitor],AliveObjectAllocStat=[ type: bcos::gateway::Socket ,created: 12 ,destroyed: 8 ,alive: 4 ] [ type: bcos::gateway::ResponseCallback ,created: 78050 ,destroyed: 78046 ,alive: 4 ] 
info|2026-02-07 14:56:59.607469|timerFactory-0x000074398f3fd6c0|[RPC][WS][SERVICE]connected nodes,count=0
info|2026-02-07 14:57:08.143407|ioService-0x000074399f3ff6c0|[P2PService][Service][METRIC]heartBeat,connected count=3
info|2026-02-07 14:57:09.607601|timerFactory-0x000074398f3fd6c0|[RPC][WS][SERVICE]connected nodes,count=0
info|2026-02-07 14:57:19.512105|ioService-0x000074399f3ff6c0|[P2PService][Service][METRIC]heartBeat,connected count=3
info|2026-02-07 14:57:20.976929|timerFactory-0x000074398f3fd6c0|[RPC][WS][SERVICE]connected nodes,count=0
info|2026-02-07 14:57:29.512373|ioService-0x000074399f3ff6c0|[P2PService][Service][METRIC]heartBeat,connected count=3
info|2026-02-07 14:57:30.977064|timerFactory-0x000074398f3fd6c0|[RPC][WS][SERVICE]connected nodes,count=0
info|2026-02-07 14:57:39.512501|ioService-0x000074399f3ff6c0|[P2PService][Service][METRIC]heartBeat,connected count=3
info|2026-02-07 14:57:40.977210|timerFactory-0x000074398f3fd6c0|[RPC][WS][SERVICE]connected nodes,count=0
info|2026-02-07 14:57:50.940215|ioService-0x000074399f3ff6c0|[P2PService][Service][METRIC]heartBeat,connected count=3
info|2026-02-07 14:57:52.404903|timerFactory-0x000074398f3fd6c0|[RPC][WS][SERVICE]connected nodes,count=0
info|2026-02-07 14:58:00.940893|ioService-0x000074399f3ff6c0|[P2PService][Service][METRIC]heartBeat,connected count=3
info|2026-02-07 14:58:02.007896|objMonitor-0x00007439817ff6c0|[startMonitor][AliveObjectMonitor],AliveObjectAllocStat=[ type: bcos::gateway::Socket ,created: 12 ,destroyed: 8 ,alive: 4 ] 
info|2026-02-07 14:58:02.405014|timerFactory-0x000074398f3fd6c0|[RPC][WS][SERVICE]connected nodes,count=0
info|2026-02-07 14:58:10.941081|ioService-0x000074399f3ff6c0|[P2PService][Service][METRIC]heartBeat,connected count=3
info|2026-02-07 14:58:12.405160|timerFactory-0x000074398f3fd6c0|[RPC][WS][SERVICE]connected nodes,count=0
info|2026-02-07 14:58:22.377389|ioService-0x000074399f3ff6c0|[P2PService][Service][METRIC]heartBeat,connected count=3
info|2026-02-07 14:58:23.841430|timerFactory-0x000074398f3fd6c0|[RPC][WS][SERVICE]connected nodes,count=0
info|2026-02-07 14:58:32.377722|ioService-0x000074399f3ff6c0|[P2PService][Service][METRIC]heartBeat,connected count=3
info|2026-02-07 14:58:33.841552|timerFactory-0x000074398f3fd6c0|[RPC][WS][SERVICE]connected nodes,count=0
info|2026-02-07 14:58:42.378020|ioService-0x000074399f3ff6c0|[P2PService][Service][METRIC]heartBeat,connected count=3
info|2026-02-07 14:58:43.841754|timerFactory-0x000074398f3fd6c0|[RPC][WS][SERVICE]connected nodes,count=0
info|2026-02-07 14:58:53.782582|ioService-0x000074399f3ff6c0|[P2PService][Service][METRIC]heartBeat,connected count=3
info|2026-02-07 14:58:55.246172|timerFactory-0x000074398f3fd6c0|[RPC][WS][SERVICE]connected nodes,count=0
info|2026-02-07 14:59:03.782792|ioService-0x000074399f3ff6c0|[P2PService][Service][METRIC]heartBeat,connected count=3
info|2026-02-07 14:59:04.848827|objMonitor-0x00007439817ff6c0|[startMonitor][AliveObjectMonitor],AliveObjectAllocStat=[ type: bcos::gateway::Socket ,created: 12 ,destroyed: 8 ,alive: 4 ] 
info|2026-02-07 14:59:05.246335|timerFactory-0x000074398f3fd6c0|[RPC][WS][SERVICE]connected nodes,count=0
info|2026-02-07 14:59:13.783461|ioService-0x000074399f3ff6c0|[P2PService][Service][METRIC]heartBeat,connected count=3
info|2026-02-07 14:59:15.246513|timerFactory-0x000074398f3fd6c0|[RPC][WS][SERVICE]connected nodes,count=0
info|2026-02-07 14:59:25.169972|ioService-0x000074399f3ff6c0|[P2PService][Service][METRIC]heartBeat,connected count=3
info|2026-02-07 14:59:26.631431|timerFactory-0x000074398f3fd6c0|[RPC][WS][SERVICE]connected nodes,count=0
info|2026-02-07 14:59:35.170168|ioService-0x000074399f3ff6c0|[P2PService][Service][METRIC]heartBeat,connected count=3
info|2026-02-07 14:59:36.631546|timerFactory-0x000074398f3fd6c0|[RPC][WS][SERVICE]connected nodes,count=0
info|2026-02-07 14:59:45.170401|ioService-0x000074399f3ff6c0|[P2PService][Service][METRIC]heartBeat,connected count=3
info|2026-02-07 14:59:46.631953|timerFactory-0x000074398f3fd6c0|[RPC][WS][SERVICE]connected nodes,count=0
info|2026-02-07 14:59:55.728489|ioService-0x000074399f3ff6c0|[P2PService][Service][METRIC]heartBeat,connected count=3
info|2026-02-07 14:59:57.189966|timerFactory-0x000074398f3fd6c0|[RPC][WS][SERVICE]connected nodes,count=0
