info|2025-12-25 21:03:01.678042|java-0x00007702e3dff6c0|[SDK][WS][SERVICE],[NEWOBJ][WsService]=0x7702dc7587b0
info|2025-12-25 21:03:01.678151|java-0x00007702e3dff6c0|[RPCWS][SERVICE]init the local protocol,minVersion=0,maxVersion=2,module=2
info|2025-12-25 21:03:01.679696|java-0x00007702e3dff6c0|[DEFAULT][WS][INITIALIZER][initWsService]start websocket service as client,connected endpoints size=2
info|2025-12-25 21:03:01.679745|java-0x00007702e3dff6c0|[DEFAULT][WS][INITIALIZER][initWsService]initializer for websocket service,listenIP=,listenPort=0,disableSsl=false,server=false,client=true,maxMsgSize=33554432,msgTimeOut=10000,connected peers=2
info|2025-12-25 21:03:01.679782|java-0x00007702e3dff6c0|[buildJsonRpc]build json rpc,sendRequestToHighestBlockNode=true
info|2025-12-25 21:03:01.679793|java-0x00007702e3dff6c0|[bcos_sdk_create][NEWOBJ],sdk=0x7702dc7513c0,version=FISCO BCOS C SDK Version : 3.7.0
Build Time         : 20240325 09:59:11
Build Type         : Linux/g++/MinSizeRel
Git Branch         : 
Git Commit         : 0
,peers_count=2,disable_ssl=0,message_timeout_ms=10000,reconnect_period_ms=20000,heartbeat_period_ms=20000,send_rpc_request_to_highest_block_node=1
info|2025-12-25 21:03:01.809043|java-0x00007702e3dff6c0|[bcos_sdk_start],sdk=0x7702dc7513c0
info|2025-12-25 21:03:01.809108|java-0x00007702e3dff6c0|[startThread]start the timer thread
info|2025-12-25 21:03:01.809478|timerFactory-0x0000770296dff6c0|[startThread]the timer thread start,threadName=timerFactory
warning|2025-12-25 21:03:01.810664|ioService-0x00007702955fc6c0|[DEFAULT][WS][CONNECTOR][connectToWsServer]async_connect failed,message=Connection refused,endpoint=127.0.0.1:20200
warning|2025-12-25 21:03:01.810749|ioService-0x0000770294dfb6c0|[DEFAULT][WS][CONNECTOR][connectToWsServer]async_connect failed,message=Connection refused,endpoint=127.0.0.1:20201
info|2025-12-25 21:03:01.812432|java-0x00007702e3dff6c0|[stopThread]stop the timer thread
info|2025-12-25 21:03:01.812473|timerFactory-0x0000770296dff6c0|[startThread]the timer thread stop
error|2025-12-25 21:03:01.812622|java-0x00007702e3dff6c0|[bcos_sdk_start],sdk=0x7702dc7513c0,errorMsg=/usr/local/share/vcpkg/buildtrees/fisco-bcos-cpp-sdk/src/ca52207e71-760710030d.clean/bcos-boostssl/bcos-boostssl/websocket/WsService.cpp(255): Throw in function void bcos::boostssl::ws::WsService::syncConnectToEndpoints(bcos::boostssl::ws::EndPointsPtr)
Dynamic exception type: boost::wrapexcept<std::runtime_error>
std::exception::what: [connection refused:/127.0.0.1:20200, connection refused:/127.0.0.1:20201]
