info|2025-12-21 06:00:01.937287|timerFactory-0x00007ed8bfdff640|[RPC][WS][SERVICE]connected nodes,count=0
info|2025-12-21 06:00:04.054062|ioService-0x00007ed8d3dff640|[P2PService][Service][METRIC]heartBeat,connected count=3
info|2025-12-21 06:00:11.937309|timerFactory-0x00007ed8bfdff640|[RPC][WS][SERVICE]connected nodes,count=0
info|2025-12-21 06:00:14.054165|ioService-0x00007ed8d3dff640|[P2PService][Service][METRIC]heartBeat,connected count=3
info|2025-12-21 06:00:21.937327|timerFactory-0x00007ed8bfdff640|[RPC][WS][SERVICE]connected nodes,count=0
info|2025-12-21 06:00:24.054225|ioService-0x00007ed8d3dff640|[P2PService][Service][METRIC]heartBeat,connected count=3
info|2025-12-21 06:00:31.937349|timerFactory-0x00007ed8bfdff640|[RPC][WS][SERVICE]connected nodes,count=0
info|2025-12-21 06:00:34.054375|ioService-0x00007ed8d3dff640|[P2PService][Service][METRIC]heartBeat,connected count=3
info|2025-12-21 06:00:41.937368|timerFactory-0x00007ed8bfdff640|[RPC][WS][SERVICE]connected nodes,count=0
info|2025-12-21 06:00:44.054472|ioService-0x00007ed8d3dff640|[P2PService][Service][METRIC]heartBeat,connected count=3
info|2025-12-21 06:00:51.937388|timerFactory-0x00007ed8bfdff640|[RPC][WS][SERVICE]connected nodes,count=0
info|2025-12-21 06:00:54.054494|ioService-0x00007ed8d3dff640|[P2PService][Service][METRIC]heartBeat,connected count=3
info|2025-12-21 06:00:58.993231|objMonitor-0x00007ed8ae7ff640|[startMonitor][AliveObjectMonitor],AliveObjectAllocStat=[ type: bcos::gateway::Socket ,created: 19 ,destroyed: 15 ,alive: 4 ] 
info|2025-12-21 06:01:01.937407|timerFactory-0x00007ed8bfdff640|[RPC][WS][SERVICE]connected nodes,count=0
info|2025-12-21 06:01:04.054584|ioService-0x00007ed8d3dff640|[P2PService][Service][METRIC]heartBeat,connected count=3
info|2025-12-21 06:01:11.937425|timerFactory-0x00007ed8bfdff640|[RPC][WS][SERVICE]connected nodes,count=0
info|2025-12-21 06:01:14.054647|ioService-0x00007ed8d3dff640|[P2PService][Service][METRIC]heartBeat,connected count=3
info|2025-12-21 06:01:21.937452|timerFactory-0x00007ed8bfdff640|[RPC][WS][SERVICE]connected nodes,count=0
info|2025-12-21 06:01:24.054670|ioService-0x00007ed8d3dff640|[P2PService][Service][METRIC]heartBeat,connected count=3
info|2025-12-21 06:01:31.937476|timerFactory-0x00007ed8bfdff640|[RPC][WS][SERVICE]connected nodes,count=0
info|2025-12-21 06:01:34.054697|ioService-0x00007ed8d3dff640|[P2PService][Service][METRIC]heartBeat,connected count=3
info|2025-12-21 06:01:41.937537|timerFactory-0x00007ed8bfdff640|[RPC][WS][SERVICE]connected nodes,count=0
info|2025-12-21 06:01:44.054757|ioService-0x00007ed8d3dff640|[P2PService][Service][METRIC]heartBeat,connected count=3
info|2025-12-21 06:01:51.937567|timerFactory-0x00007ed8bfdff640|[RPC][WS][SERVICE]connected nodes,count=0
info|2025-12-21 06:01:54.054827|ioService-0x00007ed8d3dff640|[P2PService][Service][METRIC]heartBeat,connected count=3
info|2025-12-21 06:01:58.993268|objMonitor-0x00007ed8ae7ff640|[startMonitor][AliveObjectMonitor],AliveObjectAllocStat=[ type: bcos::gateway::Socket ,created: 19 ,destroyed: 15 ,alive: 4 ] [ type: bcos::gateway::ResponseCallback ,created: 13678384 ,destroyed: 13678380 ,alive: 4 ] 
info|2025-12-21 06:02:01.937624|timerFactory-0x00007ed8bfdff640|[RPC][WS][SERVICE]connected nodes,count=0
info|2025-12-21 06:02:04.054894|ioService-0x00007ed8d3dff640|[P2PService][Service][METRIC]heartBeat,connected count=3
info|2025-12-21 06:02:11.937724|timerFactory-0x00007ed8bfdff640|[RPC][WS][SERVICE]connected nodes,count=0
info|2025-12-21 06:02:14.054963|ioService-0x00007ed8d3dff640|[P2PService][Service][METRIC]heartBeat,connected count=3
info|2025-12-21 06:02:21.937790|timerFactory-0x00007ed8bfdff640|[RPC][WS][SERVICE]connected nodes,count=0
info|2025-12-21 06:02:24.055105|ioService-0x00007ed8d3dff640|[P2PService][Service][METRIC]heartBeat,connected count=3
info|2025-12-21 06:02:31.937815|timerFactory-0x00007ed8bfdff640|[RPC][WS][SERVICE]connected nodes,count=0
info|2025-12-21 06:02:34.055211|ioService-0x00007ed8d3dff640|[P2PService][Service][METRIC]heartBeat,connected count=3
info|2025-12-21 06:02:41.937876|timerFactory-0x00007ed8bfdff640|[RPC][WS][SERVICE]connected nodes,count=0
info|2025-12-21 06:02:44.055328|ioService-0x00007ed8d3dff640|[P2PService][Service][METRIC]heartBeat,connected count=3
info|2025-12-21 06:02:51.937905|timerFactory-0x00007ed8bfdff640|[RPC][WS][SERVICE]connected nodes,count=0
info|2025-12-21 06:02:54.055387|ioService-0x00007ed8d3dff640|[P2PService][Service][METRIC]heartBeat,connected count=3
info|2025-12-21 06:02:58.993310|objMonitor-0x00007ed8ae7ff640|[startMonitor][AliveObjectMonitor],AliveObjectAllocStat=[ type: bcos::gateway::Socket ,created: 19 ,destroyed: 15 ,alive: 4 ] 
info|2025-12-21 06:03:01.937954|timerFactory-0x00007ed8bfdff640|[RPC][WS][SERVICE]connected nodes,count=0
info|2025-12-21 06:03:04.055416|ioService-0x00007ed8d3dff640|[P2PService][Service][METRIC]heartBeat,connected count=3
info|2025-12-21 06:03:11.938008|timerFactory-0x00007ed8bfdff640|[RPC][WS][SERVICE]connected nodes,count=0
info|2025-12-21 06:03:14.055485|ioService-0x00007ed8d3dff640|[P2PService][Service][METRIC]heartBeat,connected count=3
info|2025-12-21 06:03:21.938186|timerFactory-0x00007ed8bfdff640|[RPC][WS][SERVICE]connected nodes,count=0
info|2025-12-21 06:03:24.055604|ioService-0x00007ed8d3dff640|[P2PService][Service][METRIC]heartBeat,connected count=3
info|2025-12-21 06:03:31.938271|timerFactory-0x00007ed8bfdff640|[RPC][WS][SERVICE]connected nodes,count=0
info|2025-12-21 06:03:34.055705|ioService-0x00007ed8d3dff640|[P2PService][Service][METRIC]heartBeat,connected count=3
info|2025-12-21 06:03:41.938293|timerFactory-0x00007ed8bfdff640|[RPC][WS][SERVICE]connected nodes,count=0
info|2025-12-21 06:03:44.055780|ioService-0x00007ed8d3dff640|[P2PService][Service][METRIC]heartBeat,connected count=3
info|2025-12-21 06:03:51.938314|timerFactory-0x00007ed8bfdff640|[RPC][WS][SERVICE]connected nodes,count=0
info|2025-12-21 06:03:54.055841|ioService-0x00007ed8d3dff640|[P2PService][Service][METRIC]heartBeat,connected count=3
info|2025-12-21 06:03:58.993393|objMonitor-0x00007ed8ae7ff640|[startMonitor][AliveObjectMonitor],AliveObjectAllocStat=[ type: bcos::gateway::Socket ,created: 19 ,destroyed: 15 ,alive: 4 ] 
info|2025-12-21 06:04:01.938334|timerFactory-0x00007ed8bfdff640|[RPC][WS][SERVICE]connected nodes,count=0
info|2025-12-21 06:04:04.055868|ioService-0x00007ed8d3dff640|[P2PService][Service][METRIC]heartBeat,connected count=3
info|2025-12-21 06:04:11.938353|timerFactory-0x00007ed8bfdff640|[RPC][WS][SERVICE]connected nodes,count=0
info|2025-12-21 06:04:14.055898|ioService-0x00007ed8d3dff640|[P2PService][Service][METRIC]heartBeat,connected count=3
info|2025-12-21 06:04:21.938372|timerFactory-0x00007ed8bfdff640|[RPC][WS][SERVICE]connected nodes,count=0
info|2025-12-21 06:04:24.055926|ioService-0x00007ed8d3dff640|[P2PService][Service][METRIC]heartBeat,connected count=3
info|2025-12-21 06:04:31.938394|timerFactory-0x00007ed8bfdff640|[RPC][WS][SERVICE]connected nodes,count=0
info|2025-12-21 06:04:34.055987|ioService-0x00007ed8d3dff640|[P2PService][Service][METRIC]heartBeat,connected count=3
info|2025-12-21 06:04:41.938413|timerFactory-0x00007ed8bfdff640|[RPC][WS][SERVICE]connected nodes,count=0
info|2025-12-21 06:04:44.056177|ioService-0x00007ed8d3dff640|[P2PService][Service][METRIC]heartBeat,connected count=3
info|2025-12-21 06:04:51.938432|timerFactory-0x00007ed8bfdff640|[RPC][WS][SERVICE]connected nodes,count=0
info|2025-12-21 06:04:54.056244|ioService-0x00007ed8d3dff640|[P2PService][Service][METRIC]heartBeat,connected count=3
info|2025-12-21 06:04:58.993436|objMonitor-0x00007ed8ae7ff640|[startMonitor][AliveObjectMonitor],AliveObjectAllocStat=[ type: bcos::gateway::Socket ,created: 19 ,destroyed: 15 ,alive: 4 ] 
info|2025-12-21 06:05:01.938451|timerFactory-0x00007ed8bfdff640|[RPC][WS][SERVICE]connected nodes,count=0
info|2025-12-21 06:05:04.056327|ioService-0x00007ed8d3dff640|[P2PService][Service][METRIC]heartBeat,connected count=3
info|2025-12-21 06:05:11.938473|timerFactory-0x00007ed8bfdff640|[RPC][WS][SERVICE]connected nodes,count=0
info|2025-12-21 06:05:14.056383|ioService-0x00007ed8d3dff640|[P2PService][Service][METRIC]heartBeat,connected count=3
info|2025-12-21 06:05:21.938492|timerFactory-0x00007ed8bfdff640|[RPC][WS][SERVICE]connected nodes,count=0
info|2025-12-21 06:05:24.056410|ioService-0x00007ed8d3dff640|[P2PService][Service][METRIC]heartBeat,connected count=3
info|2025-12-21 06:05:31.938511|timerFactory-0x00007ed8bfdff640|[RPC][WS][SERVICE]connected nodes,count=0
info|2025-12-21 06:05:34.056438|ioService-0x00007ed8d3dff640|[P2PService][Service][METRIC]heartBeat,connected count=3
info|2025-12-21 06:05:41.938533|timerFactory-0x00007ed8bfdff640|[RPC][WS][SERVICE]connected nodes,count=0
info|2025-12-21 06:05:44.056526|ioService-0x00007ed8d3dff640|[P2PService][Service][METRIC]heartBeat,connected count=3
info|2025-12-21 06:05:51.938556|timerFactory-0x00007ed8bfdff640|[RPC][WS][SERVICE]connected nodes,count=0
info|2025-12-21 06:05:54.056587|ioService-0x00007ed8d3dff640|[P2PService][Service][METRIC]heartBeat,connected count=3
info|2025-12-21 06:05:58.993472|objMonitor-0x00007ed8ae7ff640|[startMonitor][AliveObjectMonitor],AliveObjectAllocStat=[ type: bcos::gateway::Socket ,created: 19 ,destroyed: 15 ,alive: 4 ] 
info|2025-12-21 06:06:01.938579|timerFactory-0x00007ed8bfdff640|[RPC][WS][SERVICE]connected nodes,count=0
info|2025-12-21 06:06:04.056867|ioService-0x00007ed8d3dff640|[P2PService][Service][METRIC]heartBeat,connected count=3
info|2025-12-21 06:06:11.938633|timerFactory-0x00007ed8bfdff640|[RPC][WS][SERVICE]connected nodes,count=0
info|2025-12-21 06:06:14.056929|ioService-0x00007ed8d3dff640|[P2PService][Service][METRIC]heartBeat,connected count=3
info|2025-12-21 06:06:21.938691|timerFactory-0x00007ed8bfdff640|[RPC][WS][SERVICE]connected nodes,count=0
info|2025-12-21 06:06:24.057024|ioService-0x00007ed8d3dff640|[P2PService][Service][METRIC]heartBeat,connected count=3
info|2025-12-21 06:06:31.938746|timerFactory-0x00007ed8bfdff640|[RPC][WS][SERVICE]connected nodes,count=0
info|2025-12-21 06:06:34.057111|ioService-0x00007ed8d3dff640|[P2PService][Service][METRIC]heartBeat,connected count=3
info|2025-12-21 06:06:41.938837|timerFactory-0x00007ed8bfdff640|[RPC][WS][SERVICE]connected nodes,count=0
info|2025-12-21 06:06:44.057217|ioService-0x00007ed8d3dff640|[P2PService][Service][METRIC]heartBeat,connected count=3
info|2025-12-21 06:06:51.938899|timerFactory-0x00007ed8bfdff640|[RPC][WS][SERVICE]connected nodes,count=0
info|2025-12-21 06:06:54.057304|ioService-0x00007ed8d3dff640|[P2PService][Service][METRIC]heartBeat,connected count=3
info|2025-12-21 06:06:58.993574|objMonitor-0x00007ed8ae7ff640|[startMonitor][AliveObjectMonitor],AliveObjectAllocStat=[ type: bcos::gateway::Socket ,created: 19 ,destroyed: 15 ,alive: 4 ] 
info|2025-12-21 06:07:01.938919|timerFactory-0x00007ed8bfdff640|[RPC][WS][SERVICE]connected nodes,count=0
info|2025-12-21 06:07:04.057329|ioService-0x00007ed8d3dff640|[P2PService][Service][METRIC]heartBeat,connected count=3
info|2025-12-21 06:07:11.938939|timerFactory-0x00007ed8bfdff640|[RPC][WS][SERVICE]connected nodes,count=0
info|2025-12-21 06:07:14.057348|ioService-0x00007ed8d3dff640|[P2PService][Service][METRIC]heartBeat,connected count=3
info|2025-12-21 06:07:21.938993|timerFactory-0x00007ed8bfdff640|[RPC][WS][SERVICE]connected nodes,count=0
info|2025-12-21 06:07:24.057366|ioService-0x00007ed8d3dff640|[P2PService][Service][METRIC]heartBeat,connected count=3
info|2025-12-21 06:07:31.939118|timerFactory-0x00007ed8bfdff640|[RPC][WS][SERVICE]connected nodes,count=0
info|2025-12-21 06:07:34.057397|ioService-0x00007ed8d3dff640|[P2PService][Service][METRIC]heartBeat,connected count=3
info|2025-12-21 06:07:41.939194|timerFactory-0x00007ed8bfdff640|[RPC][WS][SERVICE]connected nodes,count=0
info|2025-12-21 06:07:44.057470|ioService-0x00007ed8d3dff640|[P2PService][Service][METRIC]heartBeat,connected count=3
info|2025-12-21 06:07:51.939212|timerFactory-0x00007ed8bfdff640|[RPC][WS][SERVICE]connected nodes,count=0
info|2025-12-21 06:07:54.057496|ioService-0x00007ed8d3dff640|[P2PService][Service][METRIC]heartBeat,connected count=3
info|2025-12-21 06:07:58.993738|objMonitor-0x00007ed8ae7ff640|[startMonitor][AliveObjectMonitor],AliveObjectAllocStat=[ type: bcos::gateway::Socket ,created: 19 ,destroyed: 15 ,alive: 4 ] 
info|2025-12-21 06:08:01.939235|timerFactory-0x00007ed8bfdff640|[RPC][WS][SERVICE]connected nodes,count=0
info|2025-12-21 06:08:04.057611|ioService-0x00007ed8d3dff640|[P2PService][Service][METRIC]heartBeat,connected count=3
info|2025-12-21 06:08:11.939259|timerFactory-0x00007ed8bfdff640|[RPC][WS][SERVICE]connected nodes,count=0
info|2025-12-21 06:08:14.057649|ioService-0x00007ed8d3dff640|[P2PService][Service][METRIC]heartBeat,connected count=3
info|2025-12-21 06:08:21.939284|timerFactory-0x00007ed8bfdff640|[RPC][WS][SERVICE]connected nodes,count=0
info|2025-12-21 06:08:24.057670|ioService-0x00007ed8d3dff640|[P2PService][Service][METRIC]heartBeat,connected count=3
info|2025-12-21 06:08:31.939365|timerFactory-0x00007ed8bfdff640|[RPC][WS][SERVICE]connected nodes,count=0
info|2025-12-21 06:08:34.057701|ioService-0x00007ed8d3dff640|[P2PService][Service][METRIC]heartBeat,connected count=3
info|2025-12-21 06:08:41.939387|timerFactory-0x00007ed8bfdff640|[RPC][WS][SERVICE]connected nodes,count=0
info|2025-12-21 06:08:44.057779|ioService-0x00007ed8d3dff640|[P2PService][Service][METRIC]heartBeat,connected count=3
info|2025-12-21 06:08:51.939405|timerFactory-0x00007ed8bfdff640|[RPC][WS][SERVICE]connected nodes,count=0
info|2025-12-21 06:08:54.057812|ioService-0x00007ed8d3dff640|[P2PService][Service][METRIC]heartBeat,connected count=3
info|2025-12-21 06:08:58.993848|objMonitor-0x00007ed8ae7ff640|[startMonitor][AliveObjectMonitor],AliveObjectAllocStat=[ type: bcos::gateway::Socket ,created: 19 ,destroyed: 15 ,alive: 4 ] 
info|2025-12-21 06:09:01.939422|timerFactory-0x00007ed8bfdff640|[RPC][WS][SERVICE]connected nodes,count=0
info|2025-12-21 06:09:04.057946|ioService-0x00007ed8d3dff640|[P2PService][Service][METRIC]heartBeat,connected count=3
info|2025-12-21 06:09:11.939441|timerFactory-0x00007ed8bfdff640|[RPC][WS][SERVICE]connected nodes,count=0
info|2025-12-21 06:09:14.058211|ioService-0x00007ed8d3dff640|[P2PService][Service][METRIC]heartBeat,connected count=3
info|2025-12-21 06:09:21.939464|timerFactory-0x00007ed8bfdff640|[RPC][WS][SERVICE]connected nodes,count=0
info|2025-12-21 06:09:24.058294|ioService-0x00007ed8d3dff640|[P2PService][Service][METRIC]heartBeat,connected count=3
info|2025-12-21 06:09:31.939487|timerFactory-0x00007ed8bfdff640|[RPC][WS][SERVICE]connected nodes,count=0
info|2025-12-21 06:09:34.058340|ioService-0x00007ed8d3dff640|[P2PService][Service][METRIC]heartBeat,connected count=3
info|2025-12-21 06:09:41.939515|timerFactory-0x00007ed8bfdff640|[RPC][WS][SERVICE]connected nodes,count=0
info|2025-12-21 06:09:44.058418|ioService-0x00007ed8d3dff640|[P2PService][Service][METRIC]heartBeat,connected count=3
info|2025-12-21 06:09:51.939546|timerFactory-0x00007ed8bfdff640|[RPC][WS][SERVICE]connected nodes,count=0
info|2025-12-21 06:09:54.058447|ioService-0x00007ed8d3dff640|[P2PService][Service][METRIC]heartBeat,connected count=3
info|2025-12-21 06:09:58.993892|objMonitor-0x00007ed8ae7ff640|[startMonitor][AliveObjectMonitor],AliveObjectAllocStat=[ type: bcos::gateway::Socket ,created: 19 ,destroyed: 15 ,alive: 4 ] [ type: bcos::gateway::ResponseCallback ,created: 13685578 ,destroyed: 13685572 ,alive: 6 ] 
info|2025-12-21 06:10:01.939573|timerFactory-0x00007ed8bfdff640|[RPC][WS][SERVICE]connected nodes,count=0
info|2025-12-21 06:10:04.058475|ioService-0x00007ed8d3dff640|[P2PService][Service][METRIC]heartBeat,connected count=3
info|2025-12-21 06:10:11.939713|timerFactory-0x00007ed8bfdff640|[RPC][WS][SERVICE]connected nodes,count=0
info|2025-12-21 06:10:14.058538|ioService-0x00007ed8d3dff640|[P2PService][Service][METRIC]heartBeat,connected count=3
info|2025-12-21 06:10:21.939811|timerFactory-0x00007ed8bfdff640|[RPC][WS][SERVICE]connected nodes,count=0
info|2025-12-21 06:10:24.058641|ioService-0x00007ed8d3dff640|[P2PService][Service][METRIC]heartBeat,connected count=3
info|2025-12-21 06:10:31.939833|timerFactory-0x00007ed8bfdff640|[RPC][WS][SERVICE]connected nodes,count=0
info|2025-12-21 06:10:34.058733|ioService-0x00007ed8d3dff640|[P2PService][Service][METRIC]heartBeat,connected count=3
info|2025-12-21 06:10:41.939856|timerFactory-0x00007ed8bfdff640|[RPC][WS][SERVICE]connected nodes,count=0
info|2025-12-21 06:10:44.058791|ioService-0x00007ed8d3dff640|[P2PService][Service][METRIC]heartBeat,connected count=3
info|2025-12-21 06:10:51.939878|timerFactory-0x00007ed8bfdff640|[RPC][WS][SERVICE]connected nodes,count=0
info|2025-12-21 06:10:54.058815|ioService-0x00007ed8d3dff640|[P2PService][Service][METRIC]heartBeat,connected count=3
info|2025-12-21 06:10:58.993935|objMonitor-0x00007ed8ae7ff640|[startMonitor][AliveObjectMonitor],AliveObjectAllocStat=[ type: bcos::gateway::Socket ,created: 19 ,destroyed: 15 ,alive: 4 ] 
info|2025-12-21 06:11:01.939899|timerFactory-0x00007ed8bfdff640|[RPC][WS][SERVICE]connected nodes,count=0
info|2025-12-21 06:11:04.058839|ioService-0x00007ed8d3dff640|[P2PService][Service][METRIC]heartBeat,connected count=3
info|2025-12-21 06:11:11.939976|timerFactory-0x00007ed8bfdff640|[RPC][WS][SERVICE]connected nodes,count=0
info|2025-12-21 06:11:14.059004|ioService-0x00007ed8d3dff640|[P2PService][Service][METRIC]heartBeat,connected count=3
info|2025-12-21 06:11:21.940049|timerFactory-0x00007ed8bfdff640|[RPC][WS][SERVICE]connected nodes,count=0
info|2025-12-21 06:11:24.059042|ioService-0x00007ed8d3dff640|[P2PService][Service][METRIC]heartBeat,connected count=3
info|2025-12-21 06:11:31.940070|timerFactory-0x00007ed8bfdff640|[RPC][WS][SERVICE]connected nodes,count=0
info|2025-12-21 06:11:34.059161|ioService-0x00007ed8d3dff640|[P2PService][Service][METRIC]heartBeat,connected count=3
info|2025-12-21 06:11:41.940089|timerFactory-0x00007ed8bfdff640|[RPC][WS][SERVICE]connected nodes,count=0
info|2025-12-21 06:11:44.059218|ioService-0x00007ed8d3dff640|[P2PService][Service][METRIC]heartBeat,connected count=3
info|2025-12-21 06:11:51.940156|timerFactory-0x00007ed8bfdff640|[RPC][WS][SERVICE]connected nodes,count=0
info|2025-12-21 06:11:54.059295|ioService-0x00007ed8d3dff640|[P2PService][Service][METRIC]heartBeat,connected count=3
info|2025-12-21 06:11:58.994022|objMonitor-0x00007ed8ae7ff640|[startMonitor][AliveObjectMonitor],AliveObjectAllocStat=[ type: bcos::gateway::Socket ,created: 19 ,destroyed: 15 ,alive: 4 ] 
info|2025-12-21 06:12:01.940178|timerFactory-0x00007ed8bfdff640|[RPC][WS][SERVICE]connected nodes,count=0
info|2025-12-21 06:12:04.059347|ioService-0x00007ed8d3dff640|[P2PService][Service][METRIC]heartBeat,connected count=3
info|2025-12-21 06:12:11.940197|timerFactory-0x00007ed8bfdff640|[RPC][WS][SERVICE]connected nodes,count=0
info|2025-12-21 06:12:14.059433|ioService-0x00007ed8d3dff640|[P2PService][Service][METRIC]heartBeat,connected count=3
info|2025-12-21 06:12:21.940217|timerFactory-0x00007ed8bfdff640|[RPC][WS][SERVICE]connected nodes,count=0
info|2025-12-21 06:12:24.059582|ioService-0x00007ed8d3dff640|[P2PService][Service][METRIC]heartBeat,connected count=3
info|2025-12-21 06:12:31.940234|timerFactory-0x00007ed8bfdff640|[RPC][WS][SERVICE]connected nodes,count=0
info|2025-12-21 06:12:34.059605|ioService-0x00007ed8d3dff640|[P2PService][Service][METRIC]heartBeat,connected count=3
info|2025-12-21 06:12:41.940254|timerFactory-0x00007ed8bfdff640|[RPC][WS][SERVICE]connected nodes,count=0
info|2025-12-21 06:12:44.059689|ioService-0x00007ed8d3dff640|[P2PService][Service][METRIC]heartBeat,connected count=3
info|2025-12-21 06:12:51.940315|timerFactory-0x00007ed8bfdff640|[RPC][WS][SERVICE]connected nodes,count=0
info|2025-12-21 06:12:54.059748|ioService-0x00007ed8d3dff640|[P2PService][Service][METRIC]heartBeat,connected count=3
info|2025-12-21 06:12:58.994060|objMonitor-0x00007ed8ae7ff640|[startMonitor][AliveObjectMonitor],AliveObjectAllocStat=[ type: bcos::gateway::Socket ,created: 19 ,destroyed: 15 ,alive: 4 ] 
info|2025-12-21 06:13:01.940338|timerFactory-0x00007ed8bfdff640|[RPC][WS][SERVICE]connected nodes,count=0
info|2025-12-21 06:13:04.059810|ioService-0x00007ed8d3dff640|[P2PService][Service][METRIC]heartBeat,connected count=3
info|2025-12-21 06:13:11.940359|timerFactory-0x00007ed8bfdff640|[RPC][WS][SERVICE]connected nodes,count=0
info|2025-12-21 06:13:14.059844|ioService-0x00007ed8d3dff640|[P2PService][Service][METRIC]heartBeat,connected count=3
info|2025-12-21 06:13:21.940380|timerFactory-0x00007ed8bfdff640|[RPC][WS][SERVICE]connected nodes,count=0
info|2025-12-21 06:13:24.059929|ioService-0x00007ed8d3dff640|[P2PService][Service][METRIC]heartBeat,connected count=3
info|2025-12-21 06:13:31.940407|timerFactory-0x00007ed8bfdff640|[RPC][WS][SERVICE]connected nodes,count=0
info|2025-12-21 06:13:34.059991|ioService-0x00007ed8d3dff640|[P2PService][Service][METRIC]heartBeat,connected count=3
info|2025-12-21 06:13:41.940431|timerFactory-0x00007ed8bfdff640|[RPC][WS][SERVICE]connected nodes,count=0
info|2025-12-21 06:13:44.060100|ioService-0x00007ed8d3dff640|[P2PService][Service][METRIC]heartBeat,connected count=3
info|2025-12-21 06:13:51.940456|timerFactory-0x00007ed8bfdff640|[RPC][WS][SERVICE]connected nodes,count=0
info|2025-12-21 06:13:54.060120|ioService-0x00007ed8d3dff640|[P2PService][Service][METRIC]heartBeat,connected count=3
info|2025-12-21 06:13:58.994207|objMonitor-0x00007ed8ae7ff640|[startMonitor][AliveObjectMonitor],AliveObjectAllocStat=[ type: bcos::gateway::Socket ,created: 19 ,destroyed: 15 ,alive: 4 ] 
info|2025-12-21 06:14:01.940484|timerFactory-0x00007ed8bfdff640|[RPC][WS][SERVICE]connected nodes,count=0
info|2025-12-21 06:14:04.060154|ioService-0x00007ed8d3dff640|[P2PService][Service][METRIC]heartBeat,connected count=3
info|2025-12-21 06:14:11.940511|timerFactory-0x00007ed8bfdff640|[RPC][WS][SERVICE]connected nodes,count=0
info|2025-12-21 06:14:14.060251|ioService-0x00007ed8d3dff640|[P2PService][Service][METRIC]heartBeat,connected count=3
info|2025-12-21 06:14:21.940598|timerFactory-0x00007ed8bfdff640|[RPC][WS][SERVICE]connected nodes,count=0
info|2025-12-21 06:14:24.060283|ioService-0x00007ed8d3dff640|[P2PService][Service][METRIC]heartBeat,connected count=3
info|2025-12-21 06:14:31.940621|timerFactory-0x00007ed8bfdff640|[RPC][WS][SERVICE]connected nodes,count=0
info|2025-12-21 06:14:34.060351|ioService-0x00007ed8d3dff640|[P2PService][Service][METRIC]heartBeat,connected count=3
info|2025-12-21 06:14:41.940644|timerFactory-0x00007ed8bfdff640|[RPC][WS][SERVICE]connected nodes,count=0
info|2025-12-21 06:14:44.060382|ioService-0x00007ed8d3dff640|[P2PService][Service][METRIC]heartBeat,connected count=3
info|2025-12-21 06:14:51.940665|timerFactory-0x00007ed8bfdff640|[RPC][WS][SERVICE]connected nodes,count=0
info|2025-12-21 06:14:54.060420|ioService-0x00007ed8d3dff640|[P2PService][Service][METRIC]heartBeat,connected count=3
info|2025-12-21 06:14:58.994292|objMonitor-0x00007ed8ae7ff640|[startMonitor][AliveObjectMonitor],AliveObjectAllocStat=[ type: bcos::gateway::Socket ,created: 19 ,destroyed: 15 ,alive: 4 ] 
info|2025-12-21 06:15:01.940687|timerFactory-0x00007ed8bfdff640|[RPC][WS][SERVICE]connected nodes,count=0
info|2025-12-21 06:15:04.060494|ioService-0x00007ed8d3dff640|[P2PService][Service][METRIC]heartBeat,connected count=3
info|2025-12-21 06:15:11.940712|timerFactory-0x00007ed8bfdff640|[RPC][WS][SERVICE]connected nodes,count=0
info|2025-12-21 06:15:14.060582|ioService-0x00007ed8d3dff640|[P2PService][Service][METRIC]heartBeat,connected count=3
info|2025-12-21 06:15:21.940741|timerFactory-0x00007ed8bfdff640|[RPC][WS][SERVICE]connected nodes,count=0
info|2025-12-21 06:15:24.060711|ioService-0x00007ed8d3dff640|[P2PService][Service][METRIC]heartBeat,connected count=3
info|2025-12-21 06:15:31.940796|timerFactory-0x00007ed8bfdff640|[RPC][WS][SERVICE]connected nodes,count=0
info|2025-12-21 06:15:34.060872|ioService-0x00007ed8d3dff640|[P2PService][Service][METRIC]heartBeat,connected count=3
info|2025-12-21 06:15:41.940818|timerFactory-0x00007ed8bfdff640|[RPC][WS][SERVICE]connected nodes,count=0
info|2025-12-21 06:15:44.060931|ioService-0x00007ed8d3dff640|[P2PService][Service][METRIC]heartBeat,connected count=3
info|2025-12-21 06:15:51.940876|timerFactory-0x00007ed8bfdff640|[RPC][WS][SERVICE]connected nodes,count=0
info|2025-12-21 06:15:54.061001|ioService-0x00007ed8d3dff640|[P2PService][Service][METRIC]heartBeat,connected count=3
info|2025-12-21 06:15:58.994331|objMonitor-0x00007ed8ae7ff640|[startMonitor][AliveObjectMonitor],AliveObjectAllocStat=[ type: bcos::gateway::Socket ,created: 19 ,destroyed: 15 ,alive: 4 ] 
info|2025-12-21 06:16:01.940938|timerFactory-0x00007ed8bfdff640|[RPC][WS][SERVICE]connected nodes,count=0
info|2025-12-21 06:16:04.061201|ioService-0x00007ed8d3dff640|[P2PService][Service][METRIC]heartBeat,connected count=3
info|2025-12-21 06:16:11.940962|timerFactory-0x00007ed8bfdff640|[RPC][WS][SERVICE]connected nodes,count=0
info|2025-12-21 06:16:14.061237|ioService-0x00007ed8d3dff640|[P2PService][Service][METRIC]heartBeat,connected count=3
info|2025-12-21 06:16:21.940985|timerFactory-0x00007ed8bfdff640|[RPC][WS][SERVICE]connected nodes,count=0
info|2025-12-21 06:16:24.061265|ioService-0x00007ed8d3dff640|[P2PService][Service][METRIC]heartBeat,connected count=3
info|2025-12-21 06:16:31.941008|timerFactory-0x00007ed8bfdff640|[RPC][WS][SERVICE]connected nodes,count=0
info|2025-12-21 06:16:34.061290|ioService-0x00007ed8d3dff640|[P2PService][Service][METRIC]heartBeat,connected count=3
info|2025-12-21 06:16:41.941061|timerFactory-0x00007ed8bfdff640|[RPC][WS][SERVICE]connected nodes,count=0
info|2025-12-21 06:16:44.061514|ioService-0x00007ed8d3dff640|[P2PService][Service][METRIC]heartBeat,connected count=3
info|2025-12-21 06:16:51.941160|timerFactory-0x00007ed8bfdff640|[RPC][WS][SERVICE]connected nodes,count=0
info|2025-12-21 06:16:54.061647|ioService-0x00007ed8d3dff640|[P2PService][Service][METRIC]heartBeat,connected count=3
info|2025-12-21 06:16:58.994367|objMonitor-0x00007ed8ae7ff640|[startMonitor][AliveObjectMonitor],AliveObjectAllocStat=[ type: bcos::gateway::Socket ,created: 19 ,destroyed: 15 ,alive: 4 ] 
info|2025-12-21 06:17:01.941228|timerFactory-0x00007ed8bfdff640|[RPC][WS][SERVICE]connected nodes,count=0
info|2025-12-21 06:17:04.061674|ioService-0x00007ed8d3dff640|[P2PService][Service][METRIC]heartBeat,connected count=3
info|2025-12-21 06:17:11.941251|timerFactory-0x00007ed8bfdff640|[RPC][WS][SERVICE]connected nodes,count=0
info|2025-12-21 06:17:14.061705|ioService-0x00007ed8d3dff640|[P2PService][Service][METRIC]heartBeat,connected count=3
info|2025-12-21 06:17:21.941309|timerFactory-0x00007ed8bfdff640|[RPC][WS][SERVICE]connected nodes,count=0
info|2025-12-21 06:17:24.061733|ioService-0x00007ed8d3dff640|[P2PService][Service][METRIC]heartBeat,connected count=3
info|2025-12-21 06:17:31.941348|timerFactory-0x00007ed8bfdff640|[RPC][WS][SERVICE]connected nodes,count=0
info|2025-12-21 06:17:34.061758|ioService-0x00007ed8d3dff640|[P2PService][Service][METRIC]heartBeat,connected count=3
info|2025-12-21 06:17:41.941375|timerFactory-0x00007ed8bfdff640|[RPC][WS][SERVICE]connected nodes,count=0
info|2025-12-21 06:17:44.061915|ioService-0x00007ed8d3dff640|[P2PService][Service][METRIC]heartBeat,connected count=3
info|2025-12-21 06:17:51.941440|timerFactory-0x00007ed8bfdff640|[RPC][WS][SERVICE]connected nodes,count=0
info|2025-12-21 06:17:54.061970|ioService-0x00007ed8d3dff640|[P2PService][Service][METRIC]heartBeat,connected count=3
info|2025-12-21 06:17:58.994404|objMonitor-0x00007ed8ae7ff640|[startMonitor][AliveObjectMonitor],AliveObjectAllocStat=[ type: bcos::gateway::Socket ,created: 19 ,destroyed: 15 ,alive: 4 ] [ type: bcos::gateway::ResponseCallback ,created: 13692772 ,destroyed: 13692767 ,alive: 5 ] 
info|2025-12-21 06:18:01.941461|timerFactory-0x00007ed8bfdff640|[RPC][WS][SERVICE]connected nodes,count=0
info|2025-12-21 06:18:04.061993|ioService-0x00007ed8d3dff640|[P2PService][Service][METRIC]heartBeat,connected count=3
info|2025-12-21 06:18:11.941487|timerFactory-0x00007ed8bfdff640|[RPC][WS][SERVICE]connected nodes,count=0
info|2025-12-21 06:18:14.062018|ioService-0x00007ed8d3dff640|[P2PService][Service][METRIC]heartBeat,connected count=3
info|2025-12-21 06:18:21.941545|timerFactory-0x00007ed8bfdff640|[RPC][WS][SERVICE]connected nodes,count=0
info|2025-12-21 06:18:24.062042|ioService-0x00007ed8d3dff640|[P2PService][Service][METRIC]heartBeat,connected count=3
info|2025-12-21 06:18:31.941610|timerFactory-0x00007ed8bfdff640|[RPC][WS][SERVICE]connected nodes,count=0
info|2025-12-21 06:18:34.062095|ioService-0x00007ed8d3dff640|[P2PService][Service][METRIC]heartBeat,connected count=3
info|2025-12-21 06:18:41.941703|timerFactory-0x00007ed8bfdff640|[RPC][WS][SERVICE]connected nodes,count=0
info|2025-12-21 06:18:44.062117|ioService-0x00007ed8d3dff640|[P2PService][Service][METRIC]heartBeat,connected count=3
info|2025-12-21 06:18:51.941724|timerFactory-0x00007ed8bfdff640|[RPC][WS][SERVICE]connected nodes,count=0
info|2025-12-21 06:18:54.062141|ioService-0x00007ed8d3dff640|[P2PService][Service][METRIC]heartBeat,connected count=3
info|2025-12-21 06:18:58.994440|objMonitor-0x00007ed8ae7ff640|[startMonitor][AliveObjectMonitor],AliveObjectAllocStat=[ type: bcos::gateway::Socket ,created: 19 ,destroyed: 15 ,alive: 4 ] 
info|2025-12-21 06:19:01.941743|timerFactory-0x00007ed8bfdff640|[RPC][WS][SERVICE]connected nodes,count=0
info|2025-12-21 06:19:04.062164|ioService-0x00007ed8d3dff640|[P2PService][Service][METRIC]heartBeat,connected count=3
info|2025-12-21 06:19:11.941767|timerFactory-0x00007ed8bfdff640|[RPC][WS][SERVICE]connected nodes,count=0
info|2025-12-21 06:19:14.062188|ioService-0x00007ed8d3dff640|[P2PService][Service][METRIC]heartBeat,connected count=3
info|2025-12-21 06:19:21.941789|timerFactory-0x00007ed8bfdff640|[RPC][WS][SERVICE]connected nodes,count=0
info|2025-12-21 06:19:24.062352|ioService-0x00007ed8d3dff640|[P2PService][Service][METRIC]heartBeat,connected count=3
info|2025-12-21 06:19:31.941823|timerFactory-0x00007ed8bfdff640|[RPC][WS][SERVICE]connected nodes,count=0
info|2025-12-21 06:19:34.062374|ioService-0x00007ed8d3dff640|[P2PService][Service][METRIC]heartBeat,connected count=3
info|2025-12-21 06:19:41.941879|timerFactory-0x00007ed8bfdff640|[RPC][WS][SERVICE]connected nodes,count=0
info|2025-12-21 06:19:44.062395|ioService-0x00007ed8d3dff640|[P2PService][Service][METRIC]heartBeat,connected count=3
info|2025-12-21 06:19:51.941939|timerFactory-0x00007ed8bfdff640|[RPC][WS][SERVICE]connected nodes,count=0
info|2025-12-21 06:19:54.062418|ioService-0x00007ed8d3dff640|[P2PService][Service][METRIC]heartBeat,connected count=3
info|2025-12-21 06:19:58.994480|objMonitor-0x00007ed8ae7ff640|[startMonitor][AliveObjectMonitor],AliveObjectAllocStat=[ type: bcos::gateway::Socket ,created: 19 ,destroyed: 15 ,alive: 4 ] 
info|2025-12-21 06:20:01.941995|timerFactory-0x00007ed8bfdff640|[RPC][WS][SERVICE]connected nodes,count=0
info|2025-12-21 06:20:04.062492|ioService-0x00007ed8d3dff640|[P2PService][Service][METRIC]heartBeat,connected count=3
info|2025-12-21 06:20:11.942029|timerFactory-0x00007ed8bfdff640|[RPC][WS][SERVICE]connected nodes,count=0
info|2025-12-21 06:20:14.062530|ioService-0x00007ed8d3dff640|[P2PService][Service][METRIC]heartBeat,connected count=3
info|2025-12-21 06:20:21.942106|timerFactory-0x00007ed8bfdff640|[RPC][WS][SERVICE]connected nodes,count=0
info|2025-12-21 06:20:24.062557|ioService-0x00007ed8d3dff640|[P2PService][Service][METRIC]heartBeat,connected count=3
info|2025-12-21 06:20:31.942145|timerFactory-0x00007ed8bfdff640|[RPC][WS][SERVICE]connected nodes,count=0
info|2025-12-21 06:20:34.062619|ioService-0x00007ed8d3dff640|[P2PService][Service][METRIC]heartBeat,connected count=3
info|2025-12-21 06:20:41.942171|timerFactory-0x00007ed8bfdff640|[RPC][WS][SERVICE]connected nodes,count=0
info|2025-12-21 06:20:44.062677|ioService-0x00007ed8d3dff640|[P2PService][Service][METRIC]heartBeat,connected count=3
info|2025-12-21 06:20:51.942226|timerFactory-0x00007ed8bfdff640|[RPC][WS][SERVICE]connected nodes,count=0
info|2025-12-21 06:20:54.062908|ioService-0x00007ed8d3dff640|[P2PService][Service][METRIC]heartBeat,connected count=3
info|2025-12-21 06:20:58.994520|objMonitor-0x00007ed8ae7ff640|[startMonitor][AliveObjectMonitor],AliveObjectAllocStat=[ type: bcos::gateway::Socket ,created: 19 ,destroyed: 15 ,alive: 4 ] 
info|2025-12-21 06:21:01.942291|timerFactory-0x00007ed8bfdff640|[RPC][WS][SERVICE]connected nodes,count=0
info|2025-12-21 06:21:04.062996|ioService-0x00007ed8d3dff640|[P2PService][Service][METRIC]heartBeat,connected count=3
info|2025-12-21 06:21:11.942313|timerFactory-0x00007ed8bfdff640|[RPC][WS][SERVICE]connected nodes,count=0
info|2025-12-21 06:21:14.063131|ioService-0x00007ed8d3dff640|[P2PService][Service][METRIC]heartBeat,connected count=3
info|2025-12-21 06:21:21.942345|timerFactory-0x00007ed8bfdff640|[RPC][WS][SERVICE]connected nodes,count=0
info|2025-12-21 06:21:24.063209|ioService-0x00007ed8d3dff640|[P2PService][Service][METRIC]heartBeat,connected count=3
info|2025-12-21 06:21:31.942371|timerFactory-0x00007ed8bfdff640|[RPC][WS][SERVICE]connected nodes,count=0
info|2025-12-21 06:21:34.063280|ioService-0x00007ed8d3dff640|[P2PService][Service][METRIC]heartBeat,connected count=3
info|2025-12-21 06:21:41.942398|timerFactory-0x00007ed8bfdff640|[RPC][WS][SERVICE]connected nodes,count=0
info|2025-12-21 06:21:44.063351|ioService-0x00007ed8d3dff640|[P2PService][Service][METRIC]heartBeat,connected count=3
info|2025-12-21 06:21:51.942422|timerFactory-0x00007ed8bfdff640|[RPC][WS][SERVICE]connected nodes,count=0
info|2025-12-21 06:21:54.063411|ioService-0x00007ed8d3dff640|[P2PService][Service][METRIC]heartBeat,connected count=3
info|2025-12-21 06:21:58.994577|objMonitor-0x00007ed8ae7ff640|[startMonitor][AliveObjectMonitor],AliveObjectAllocStat=[ type: bcos::gateway::Socket ,created: 19 ,destroyed: 15 ,alive: 4 ] 
info|2025-12-21 06:22:01.942505|timerFactory-0x00007ed8bfdff640|[RPC][WS][SERVICE]connected nodes,count=0
info|2025-12-21 06:22:04.063475|ioService-0x00007ed8d3dff640|[P2PService][Service][METRIC]heartBeat,connected count=3
info|2025-12-21 06:22:11.942537|timerFactory-0x00007ed8bfdff640|[RPC][WS][SERVICE]connected nodes,count=0
info|2025-12-21 06:22:14.063508|ioService-0x00007ed8d3dff640|[P2PService][Service][METRIC]heartBeat,connected count=3
info|2025-12-21 06:22:21.942572|timerFactory-0x00007ed8bfdff640|[RPC][WS][SERVICE]connected nodes,count=0
info|2025-12-21 06:22:24.063568|ioService-0x00007ed8d3dff640|[P2PService][Service][METRIC]heartBeat,connected count=3
info|2025-12-21 06:22:31.942657|timerFactory-0x00007ed8bfdff640|[RPC][WS][SERVICE]connected nodes,count=0
info|2025-12-21 06:22:34.063602|ioService-0x00007ed8d3dff640|[P2PService][Service][METRIC]heartBeat,connected count=3
info|2025-12-21 06:22:41.942738|timerFactory-0x00007ed8bfdff640|[RPC][WS][SERVICE]connected nodes,count=0
info|2025-12-21 06:22:44.063677|ioService-0x00007ed8d3dff640|[P2PService][Service][METRIC]heartBeat,connected count=3
info|2025-12-21 06:22:51.942787|timerFactory-0x00007ed8bfdff640|[RPC][WS][SERVICE]connected nodes,count=0
info|2025-12-21 06:22:54.063880|ioService-0x00007ed8d3dff640|[P2PService][Service][METRIC]heartBeat,connected count=3
info|2025-12-21 06:22:58.994735|objMonitor-0x00007ed8ae7ff640|[startMonitor][AliveObjectMonitor],AliveObjectAllocStat=[ type: bcos::gateway::Socket ,created: 19 ,destroyed: 15 ,alive: 4 ] 
info|2025-12-21 06:23:01.942906|timerFactory-0x00007ed8bfdff640|[RPC][WS][SERVICE]connected nodes,count=0
info|2025-12-21 06:23:04.063911|ioService-0x00007ed8d3dff640|[P2PService][Service][METRIC]heartBeat,connected count=3
info|2025-12-21 06:23:11.942974|timerFactory-0x00007ed8bfdff640|[RPC][WS][SERVICE]connected nodes,count=0
info|2025-12-21 06:23:14.063992|ioService-0x00007ed8d3dff640|[P2PService][Service][METRIC]heartBeat,connected count=3
info|2025-12-21 06:23:21.943004|timerFactory-0x00007ed8bfdff640|[RPC][WS][SERVICE]connected nodes,count=0
info|2025-12-21 06:23:24.064018|ioService-0x00007ed8d3dff640|[P2PService][Service][METRIC]heartBeat,connected count=3
info|2025-12-21 06:23:31.943033|timerFactory-0x00007ed8bfdff640|[RPC][WS][SERVICE]connected nodes,count=0
info|2025-12-21 06:23:34.064081|ioService-0x00007ed8d3dff640|[P2PService][Service][METRIC]heartBeat,connected count=3
info|2025-12-21 06:23:41.943107|timerFactory-0x00007ed8bfdff640|[RPC][WS][SERVICE]connected nodes,count=0
info|2025-12-21 06:23:44.064138|ioService-0x00007ed8d3dff640|[P2PService][Service][METRIC]heartBeat,connected count=3
info|2025-12-21 06:23:51.943137|timerFactory-0x00007ed8bfdff640|[RPC][WS][SERVICE]connected nodes,count=0
info|2025-12-21 06:23:54.064218|ioService-0x00007ed8d3dff640|[P2PService][Service][METRIC]heartBeat,connected count=3
info|2025-12-21 06:23:58.994817|objMonitor-0x00007ed8ae7ff640|[startMonitor][AliveObjectMonitor],AliveObjectAllocStat=[ type: bcos::gateway::Socket ,created: 19 ,destroyed: 15 ,alive: 4 ] 
info|2025-12-21 06:24:01.943170|timerFactory-0x00007ed8bfdff640|[RPC][WS][SERVICE]connected nodes,count=0
info|2025-12-21 06:24:04.064318|ioService-0x00007ed8d3dff640|[P2PService][Service][METRIC]heartBeat,connected count=3
info|2025-12-21 06:24:11.943197|timerFactory-0x00007ed8bfdff640|[RPC][WS][SERVICE]connected nodes,count=0
info|2025-12-21 06:24:14.064411|ioService-0x00007ed8d3dff640|[P2PService][Service][METRIC]heartBeat,connected count=3
info|2025-12-21 06:24:21.943225|timerFactory-0x00007ed8bfdff640|[RPC][WS][SERVICE]connected nodes,count=0
info|2025-12-21 06:24:24.064503|ioService-0x00007ed8d3dff640|[P2PService][Service][METRIC]heartBeat,connected count=3
info|2025-12-21 06:24:31.943253|timerFactory-0x00007ed8bfdff640|[RPC][WS][SERVICE]connected nodes,count=0
info|2025-12-21 06:24:34.064577|ioService-0x00007ed8d3dff640|[P2PService][Service][METRIC]heartBeat,connected count=3
info|2025-12-21 06:24:41.943345|timerFactory-0x00007ed8bfdff640|[RPC][WS][SERVICE]connected nodes,count=0
info|2025-12-21 06:24:44.064832|ioService-0x00007ed8d3dff640|[P2PService][Service][METRIC]heartBeat,connected count=3
info|2025-12-21 06:24:51.943374|timerFactory-0x00007ed8bfdff640|[RPC][WS][SERVICE]connected nodes,count=0
info|2025-12-21 06:24:54.064891|ioService-0x00007ed8d3dff640|[P2PService][Service][METRIC]heartBeat,connected count=3
info|2025-12-21 06:24:58.994861|objMonitor-0x00007ed8ae7ff640|[startMonitor][AliveObjectMonitor],AliveObjectAllocStat=[ type: bcos::gateway::Socket ,created: 19 ,destroyed: 15 ,alive: 4 ] 
info|2025-12-21 06:25:01.943403|timerFactory-0x00007ed8bfdff640|[RPC][WS][SERVICE]connected nodes,count=0
info|2025-12-21 06:25:04.064951|ioService-0x00007ed8d3dff640|[P2PService][Service][METRIC]heartBeat,connected count=3
info|2025-12-21 06:25:11.943432|timerFactory-0x00007ed8bfdff640|[RPC][WS][SERVICE]connected nodes,count=0
info|2025-12-21 06:25:14.065056|ioService-0x00007ed8d3dff640|[P2PService][Service][METRIC]heartBeat,connected count=3
info|2025-12-21 06:25:21.943461|timerFactory-0x00007ed8bfdff640|[RPC][WS][SERVICE]connected nodes,count=0
info|2025-12-21 06:25:24.065224|ioService-0x00007ed8d3dff640|[P2PService][Service][METRIC]heartBeat,connected count=3
info|2025-12-21 06:25:31.943488|timerFactory-0x00007ed8bfdff640|[RPC][WS][SERVICE]connected nodes,count=0
info|2025-12-21 06:25:34.065292|ioService-0x00007ed8d3dff640|[P2PService][Service][METRIC]heartBeat,connected count=3
info|2025-12-21 06:25:41.943554|timerFactory-0x00007ed8bfdff640|[RPC][WS][SERVICE]connected nodes,count=0
info|2025-12-21 06:25:44.065370|ioService-0x00007ed8d3dff640|[P2PService][Service][METRIC]heartBeat,connected count=3
info|2025-12-21 06:25:51.943581|timerFactory-0x00007ed8bfdff640|[RPC][WS][SERVICE]connected nodes,count=0
info|2025-12-21 06:25:54.065556|ioService-0x00007ed8d3dff640|[P2PService][Service][METRIC]heartBeat,connected count=3
info|2025-12-21 06:25:58.994907|objMonitor-0x00007ed8ae7ff640|[startMonitor][AliveObjectMonitor],AliveObjectAllocStat=[ type: bcos::gateway::Socket ,created: 19 ,destroyed: 15 ,alive: 4 ] [ type: bcos::gateway::ResponseCallback ,created: 13699966 ,destroyed: 13699961 ,alive: 5 ] 
info|2025-12-21 06:26:01.943607|timerFactory-0x00007ed8bfdff640|[RPC][WS][SERVICE]connected nodes,count=0
info|2025-12-21 06:26:04.065720|ioService-0x00007ed8d3dff640|[P2PService][Service][METRIC]heartBeat,connected count=3
info|2025-12-21 06:26:11.943635|timerFactory-0x00007ed8bfdff640|[RPC][WS][SERVICE]connected nodes,count=0
info|2025-12-21 06:26:14.065745|ioService-0x00007ed8d3dff640|[P2PService][Service][METRIC]heartBeat,connected count=3
info|2025-12-21 06:26:21.943663|timerFactory-0x00007ed8bfdff640|[RPC][WS][SERVICE]connected nodes,count=0
info|2025-12-21 06:26:24.065770|ioService-0x00007ed8d3dff640|[P2PService][Service][METRIC]heartBeat,connected count=3
info|2025-12-21 06:26:31.943691|timerFactory-0x00007ed8bfdff640|[RPC][WS][SERVICE]connected nodes,count=0
info|2025-12-21 06:26:34.065800|ioService-0x00007ed8d3dff640|[P2PService][Service][METRIC]heartBeat,connected count=3
info|2025-12-21 06:26:41.943719|timerFactory-0x00007ed8bfdff640|[RPC][WS][SERVICE]connected nodes,count=0
info|2025-12-21 06:26:44.065974|ioService-0x00007ed8d3dff640|[P2PService][Service][METRIC]heartBeat,connected count=3
info|2025-12-21 06:26:51.943746|timerFactory-0x00007ed8bfdff640|[RPC][WS][SERVICE]connected nodes,count=0
info|2025-12-21 06:26:54.066051|ioService-0x00007ed8d3dff640|[P2PService][Service][METRIC]heartBeat,connected count=3
info|2025-12-21 06:26:58.994950|objMonitor-0x00007ed8ae7ff640|[startMonitor][AliveObjectMonitor],AliveObjectAllocStat=[ type: bcos::gateway::Socket ,created: 19 ,destroyed: 15 ,alive: 4 ] 
info|2025-12-21 06:27:01.943776|timerFactory-0x00007ed8bfdff640|[RPC][WS][SERVICE]connected nodes,count=0
info|2025-12-21 06:27:04.066330|ioService-0x00007ed8d3dff640|[P2PService][Service][METRIC]heartBeat,connected count=3
info|2025-12-21 06:27:11.943803|timerFactory-0x00007ed8bfdff640|[RPC][WS][SERVICE]connected nodes,count=0
info|2025-12-21 06:27:14.066360|ioService-0x00007ed8d3dff640|[P2PService][Service][METRIC]heartBeat,connected count=3
info|2025-12-21 06:27:21.943831|timerFactory-0x00007ed8bfdff640|[RPC][WS][SERVICE]connected nodes,count=0
info|2025-12-21 06:27:24.066384|ioService-0x00007ed8d3dff640|[P2PService][Service][METRIC]heartBeat,connected count=3
info|2025-12-21 06:27:31.943861|timerFactory-0x00007ed8bfdff640|[RPC][WS][SERVICE]connected nodes,count=0
info|2025-12-21 06:27:34.066448|ioService-0x00007ed8d3dff640|[P2PService][Service][METRIC]heartBeat,connected count=3
info|2025-12-21 06:27:41.943893|timerFactory-0x00007ed8bfdff640|[RPC][WS][SERVICE]connected nodes,count=0
info|2025-12-21 06:27:44.066521|ioService-0x00007ed8d3dff640|[P2PService][Service][METRIC]heartBeat,connected count=3
info|2025-12-21 06:27:51.943923|timerFactory-0x00007ed8bfdff640|[RPC][WS][SERVICE]connected nodes,count=0
info|2025-12-21 06:27:54.066566|ioService-0x00007ed8d3dff640|[P2PService][Service][METRIC]heartBeat,connected count=3
info|2025-12-21 06:27:58.995055|objMonitor-0x00007ed8ae7ff640|[startMonitor][AliveObjectMonitor],AliveObjectAllocStat=[ type: bcos::gateway::Socket ,created: 19 ,destroyed: 15 ,alive: 4 ] 
info|2025-12-21 06:28:01.943953|timerFactory-0x00007ed8bfdff640|[RPC][WS][SERVICE]connected nodes,count=0
info|2025-12-21 06:28:04.066636|ioService-0x00007ed8d3dff640|[P2PService][Service][METRIC]heartBeat,connected count=3
info|2025-12-21 06:28:11.944035|timerFactory-0x00007ed8bfdff640|[RPC][WS][SERVICE]connected nodes,count=0
info|2025-12-21 06:28:14.066862|ioService-0x00007ed8d3dff640|[P2PService][Service][METRIC]heartBeat,connected count=3
info|2025-12-21 06:28:21.944064|timerFactory-0x00007ed8bfdff640|[RPC][WS][SERVICE]connected nodes,count=0
info|2025-12-21 06:28:24.066920|ioService-0x00007ed8d3dff640|[P2PService][Service][METRIC]heartBeat,connected count=3
info|2025-12-21 06:28:31.944124|timerFactory-0x00007ed8bfdff640|[RPC][WS][SERVICE]connected nodes,count=0
info|2025-12-21 06:28:34.067011|ioService-0x00007ed8d3dff640|[P2PService][Service][METRIC]heartBeat,connected count=3
info|2025-12-21 06:28:41.944156|timerFactory-0x00007ed8bfdff640|[RPC][WS][SERVICE]connected nodes,count=0
info|2025-12-21 06:28:44.067102|ioService-0x00007ed8d3dff640|[P2PService][Service][METRIC]heartBeat,connected count=3
info|2025-12-21 06:28:51.944182|timerFactory-0x00007ed8bfdff640|[RPC][WS][SERVICE]connected nodes,count=0
info|2025-12-21 06:28:54.067242|ioService-0x00007ed8d3dff640|[P2PService][Service][METRIC]heartBeat,connected count=3
info|2025-12-21 06:28:58.995256|objMonitor-0x00007ed8ae7ff640|[startMonitor][AliveObjectMonitor],AliveObjectAllocStat=[ type: bcos::gateway::Socket ,created: 19 ,destroyed: 15 ,alive: 4 ] 
info|2025-12-21 06:29:01.944209|timerFactory-0x00007ed8bfdff640|[RPC][WS][SERVICE]connected nodes,count=0
info|2025-12-21 06:29:04.067340|ioService-0x00007ed8d3dff640|[P2PService][Service][METRIC]heartBeat,connected count=3
info|2025-12-21 06:29:11.944235|timerFactory-0x00007ed8bfdff640|[RPC][WS][SERVICE]connected nodes,count=0
info|2025-12-21 06:29:14.067409|ioService-0x00007ed8d3dff640|[P2PService][Service][METRIC]heartBeat,connected count=3
info|2025-12-21 06:29:21.944315|timerFactory-0x00007ed8bfdff640|[RPC][WS][SERVICE]connected nodes,count=0
info|2025-12-21 06:29:24.067437|ioService-0x00007ed8d3dff640|[P2PService][Service][METRIC]heartBeat,connected count=3
info|2025-12-21 06:29:31.944344|timerFactory-0x00007ed8bfdff640|[RPC][WS][SERVICE]connected nodes,count=0
info|2025-12-21 06:29:34.067491|ioService-0x00007ed8d3dff640|[P2PService][Service][METRIC]heartBeat,connected count=3
info|2025-12-21 06:29:41.944373|timerFactory-0x00007ed8bfdff640|[RPC][WS][SERVICE]connected nodes,count=0
info|2025-12-21 06:29:44.067540|ioService-0x00007ed8d3dff640|[P2PService][Service][METRIC]heartBeat,connected count=3
info|2025-12-21 06:29:51.944403|timerFactory-0x00007ed8bfdff640|[RPC][WS][SERVICE]connected nodes,count=0
info|2025-12-21 06:29:54.067603|ioService-0x00007ed8d3dff640|[P2PService][Service][METRIC]heartBeat,connected count=3
info|2025-12-21 06:29:58.995334|objMonitor-0x00007ed8ae7ff640|[startMonitor][AliveObjectMonitor],AliveObjectAllocStat=[ type: bcos::gateway::Socket ,created: 19 ,destroyed: 15 ,alive: 4 ] [ type: bcos::gateway::ResponseCallback ,created: 13703563 ,destroyed: 13703557 ,alive: 6 ] 
info|2025-12-21 06:30:01.944430|timerFactory-0x00007ed8bfdff640|[RPC][WS][SERVICE]connected nodes,count=0
info|2025-12-21 06:30:04.067629|ioService-0x00007ed8d3dff640|[P2PService][Service][METRIC]heartBeat,connected count=3
info|2025-12-21 06:30:11.944458|timerFactory-0x00007ed8bfdff640|[RPC][WS][SERVICE]connected nodes,count=0
info|2025-12-21 06:30:14.067737|ioService-0x00007ed8d3dff640|[P2PService][Service][METRIC]heartBeat,connected count=3
info|2025-12-21 06:30:21.944491|timerFactory-0x00007ed8bfdff640|[RPC][WS][SERVICE]connected nodes,count=0
info|2025-12-21 06:30:24.067804|ioService-0x00007ed8d3dff640|[P2PService][Service][METRIC]heartBeat,connected count=3
info|2025-12-21 06:30:31.944522|timerFactory-0x00007ed8bfdff640|[RPC][WS][SERVICE]connected nodes,count=0
info|2025-12-21 06:30:34.067829|ioService-0x00007ed8d3dff640|[P2PService][Service][METRIC]heartBeat,connected count=3
info|2025-12-21 06:30:41.944548|timerFactory-0x00007ed8bfdff640|[RPC][WS][SERVICE]connected nodes,count=0
info|2025-12-21 06:30:44.067887|ioService-0x00007ed8d3dff640|[P2PService][Service][METRIC]heartBeat,connected count=3
info|2025-12-21 06:30:51.944648|timerFactory-0x00007ed8bfdff640|[RPC][WS][SERVICE]connected nodes,count=0
info|2025-12-21 06:30:54.067979|ioService-0x00007ed8d3dff640|[P2PService][Service][METRIC]heartBeat,connected count=3
info|2025-12-21 06:30:58.995379|objMonitor-0x00007ed8ae7ff640|[startMonitor][AliveObjectMonitor],AliveObjectAllocStat=[ type: bcos::gateway::Socket ,created: 19 ,destroyed: 15 ,alive: 4 ] 
info|2025-12-21 06:31:01.944678|timerFactory-0x00007ed8bfdff640|[RPC][WS][SERVICE]connected nodes,count=0
info|2025-12-21 06:31:04.068038|ioService-0x00007ed8d3dff640|[P2PService][Service][METRIC]heartBeat,connected count=3
info|2025-12-21 06:31:11.944706|timerFactory-0x00007ed8bfdff640|[RPC][WS][SERVICE]connected nodes,count=0
info|2025-12-21 06:31:14.068068|ioService-0x00007ed8d3dff640|[P2PService][Service][METRIC]heartBeat,connected count=3
info|2025-12-21 06:31:21.944733|timerFactory-0x00007ed8bfdff640|[RPC][WS][SERVICE]connected nodes,count=0
info|2025-12-21 06:31:24.068203|ioService-0x00007ed8d3dff640|[P2PService][Service][METRIC]heartBeat,connected count=3
info|2025-12-21 06:31:31.944760|timerFactory-0x00007ed8bfdff640|[RPC][WS][SERVICE]connected nodes,count=0
info|2025-12-21 06:31:34.068254|ioService-0x00007ed8d3dff640|[P2PService][Service][METRIC]heartBeat,connected count=3
info|2025-12-21 06:31:41.944789|timerFactory-0x00007ed8bfdff640|[RPC][WS][SERVICE]connected nodes,count=0
info|2025-12-21 06:31:44.068278|ioService-0x00007ed8d3dff640|[P2PService][Service][METRIC]heartBeat,connected count=3
info|2025-12-21 06:31:51.944815|timerFactory-0x00007ed8bfdff640|[RPC][WS][SERVICE]connected nodes,count=0
info|2025-12-21 06:31:54.068307|ioService-0x00007ed8d3dff640|[P2PService][Service][METRIC]heartBeat,connected count=3
info|2025-12-21 06:31:58.995423|objMonitor-0x00007ed8ae7ff640|[startMonitor][AliveObjectMonitor],AliveObjectAllocStat=[ type: bcos::gateway::Socket ,created: 19 ,destroyed: 15 ,alive: 4 ] 
info|2025-12-21 06:32:01.944845|timerFactory-0x00007ed8bfdff640|[RPC][WS][SERVICE]connected nodes,count=0
info|2025-12-21 06:32:04.068336|ioService-0x00007ed8d3dff640|[P2PService][Service][METRIC]heartBeat,connected count=3
info|2025-12-21 06:32:11.944872|timerFactory-0x00007ed8bfdff640|[RPC][WS][SERVICE]connected nodes,count=0
info|2025-12-21 06:32:14.068403|ioService-0x00007ed8d3dff640|[P2PService][Service][METRIC]heartBeat,connected count=3
info|2025-12-21 06:32:21.944902|timerFactory-0x00007ed8bfdff640|[RPC][WS][SERVICE]connected nodes,count=0
info|2025-12-21 06:32:24.068529|ioService-0x00007ed8d3dff640|[P2PService][Service][METRIC]heartBeat,connected count=3
info|2025-12-21 06:32:31.944930|timerFactory-0x00007ed8bfdff640|[RPC][WS][SERVICE]connected nodes,count=0
info|2025-12-21 06:32:34.068600|ioService-0x00007ed8d3dff640|[P2PService][Service][METRIC]heartBeat,connected count=3
info|2025-12-21 06:32:41.944960|timerFactory-0x00007ed8bfdff640|[RPC][WS][SERVICE]connected nodes,count=0
info|2025-12-21 06:32:44.068765|ioService-0x00007ed8d3dff640|[P2PService][Service][METRIC]heartBeat,connected count=3
info|2025-12-21 06:32:51.944993|timerFactory-0x00007ed8bfdff640|[RPC][WS][SERVICE]connected nodes,count=0
info|2025-12-21 06:32:54.068840|ioService-0x00007ed8d3dff640|[P2PService][Service][METRIC]heartBeat,connected count=3
info|2025-12-21 06:32:58.995466|objMonitor-0x00007ed8ae7ff640|[startMonitor][AliveObjectMonitor],AliveObjectAllocStat=[ type: bcos::gateway::Socket ,created: 19 ,destroyed: 15 ,alive: 4 ] 
info|2025-12-21 06:33:01.945022|timerFactory-0x00007ed8bfdff640|[RPC][WS][SERVICE]connected nodes,count=0
info|2025-12-21 06:33:04.068873|ioService-0x00007ed8d3dff640|[P2PService][Service][METRIC]heartBeat,connected count=3
info|2025-12-21 06:33:11.945049|timerFactory-0x00007ed8bfdff640|[RPC][WS][SERVICE]connected nodes,count=0
info|2025-12-21 06:33:14.068943|ioService-0x00007ed8d3dff640|[P2PService][Service][METRIC]heartBeat,connected count=3
info|2025-12-21 06:33:21.945075|timerFactory-0x00007ed8bfdff640|[RPC][WS][SERVICE]connected nodes,count=0
info|2025-12-21 06:33:24.069114|ioService-0x00007ed8d3dff640|[P2PService][Service][METRIC]heartBeat,connected count=3
info|2025-12-21 06:33:31.945124|timerFactory-0x00007ed8bfdff640|[RPC][WS][SERVICE]connected nodes,count=0
info|2025-12-21 06:33:34.069204|ioService-0x00007ed8d3dff640|[P2PService][Service][METRIC]heartBeat,connected count=3
info|2025-12-21 06:33:41.945195|timerFactory-0x00007ed8bfdff640|[RPC][WS][SERVICE]connected nodes,count=0
info|2025-12-21 06:33:44.069265|ioService-0x00007ed8d3dff640|[P2PService][Service][METRIC]heartBeat,connected count=3
info|2025-12-21 06:33:51.945225|timerFactory-0x00007ed8bfdff640|[RPC][WS][SERVICE]connected nodes,count=0
info|2025-12-21 06:33:54.069349|ioService-0x00007ed8d3dff640|[P2PService][Service][METRIC]heartBeat,connected count=3
info|2025-12-21 06:33:58.995603|objMonitor-0x00007ed8ae7ff640|[startMonitor][AliveObjectMonitor],AliveObjectAllocStat=[ type: bcos::gateway::Socket ,created: 19 ,destroyed: 15 ,alive: 4 ] 
info|2025-12-21 06:34:01.945254|timerFactory-0x00007ed8bfdff640|[RPC][WS][SERVICE]connected nodes,count=0
info|2025-12-21 06:34:04.069380|ioService-0x00007ed8d3dff640|[P2PService][Service][METRIC]heartBeat,connected count=3
info|2025-12-21 06:34:11.945349|timerFactory-0x00007ed8bfdff640|[RPC][WS][SERVICE]connected nodes,count=0
info|2025-12-21 06:34:14.069438|ioService-0x00007ed8d3dff640|[P2PService][Service][METRIC]heartBeat,connected count=3
info|2025-12-21 06:34:21.945378|timerFactory-0x00007ed8bfdff640|[RPC][WS][SERVICE]connected nodes,count=0
info|2025-12-21 06:34:24.069534|ioService-0x00007ed8d3dff640|[P2PService][Service][METRIC]heartBeat,connected count=3
info|2025-12-21 06:34:31.945405|timerFactory-0x00007ed8bfdff640|[RPC][WS][SERVICE]connected nodes,count=0
info|2025-12-21 06:34:34.069561|ioService-0x00007ed8d3dff640|[P2PService][Service][METRIC]heartBeat,connected count=3
info|2025-12-21 06:34:41.945432|timerFactory-0x00007ed8bfdff640|[RPC][WS][SERVICE]connected nodes,count=0
info|2025-12-21 06:34:44.069628|ioService-0x00007ed8d3dff640|[P2PService][Service][METRIC]heartBeat,connected count=3
info|2025-12-21 06:34:51.945514|timerFactory-0x00007ed8bfdff640|[RPC][WS][SERVICE]connected nodes,count=0
info|2025-12-21 06:34:54.069727|ioService-0x00007ed8d3dff640|[P2PService][Service][METRIC]heartBeat,connected count=3
info|2025-12-21 06:34:58.995649|objMonitor-0x00007ed8ae7ff640|[startMonitor][AliveObjectMonitor],AliveObjectAllocStat=[ type: bcos::gateway::Socket ,created: 19 ,destroyed: 15 ,alive: 4 ] 
info|2025-12-21 06:35:01.945546|timerFactory-0x00007ed8bfdff640|[RPC][WS][SERVICE]connected nodes,count=0
info|2025-12-21 06:35:04.069751|ioService-0x00007ed8d3dff640|[P2PService][Service][METRIC]heartBeat,connected count=3
info|2025-12-21 06:35:11.945575|timerFactory-0x00007ed8bfdff640|[RPC][WS][SERVICE]connected nodes,count=0
info|2025-12-21 06:35:14.069828|ioService-0x00007ed8d3dff640|[P2PService][Service][METRIC]heartBeat,connected count=3
info|2025-12-21 06:35:21.945605|timerFactory-0x00007ed8bfdff640|[RPC][WS][SERVICE]connected nodes,count=0
info|2025-12-21 06:35:24.069893|ioService-0x00007ed8d3dff640|[P2PService][Service][METRIC]heartBeat,connected count=3
info|2025-12-21 06:35:31.945634|timerFactory-0x00007ed8bfdff640|[RPC][WS][SERVICE]connected nodes,count=0
info|2025-12-21 06:35:34.069914|ioService-0x00007ed8d3dff640|[P2PService][Service][METRIC]heartBeat,connected count=3
info|2025-12-21 06:35:41.945662|timerFactory-0x00007ed8bfdff640|[RPC][WS][SERVICE]connected nodes,count=0
info|2025-12-21 06:35:44.069936|ioService-0x00007ed8d3dff640|[P2PService][Service][METRIC]heartBeat,connected count=3
info|2025-12-21 06:35:51.945689|timerFactory-0x00007ed8bfdff640|[RPC][WS][SERVICE]connected nodes,count=0
info|2025-12-21 06:35:54.070121|ioService-0x00007ed8d3dff640|[P2PService][Service][METRIC]heartBeat,connected count=3
info|2025-12-21 06:35:58.995698|objMonitor-0x00007ed8ae7ff640|[startMonitor][AliveObjectMonitor],AliveObjectAllocStat=[ type: bcos::gateway::Socket ,created: 19 ,destroyed: 15 ,alive: 4 ] 
info|2025-12-21 06:36:01.945717|timerFactory-0x00007ed8bfdff640|[RPC][WS][SERVICE]connected nodes,count=0
info|2025-12-21 06:36:04.070413|ioService-0x00007ed8d3dff640|[P2PService][Service][METRIC]heartBeat,connected count=3
info|2025-12-21 06:36:11.945746|timerFactory-0x00007ed8bfdff640|[RPC][WS][SERVICE]connected nodes,count=0
info|2025-12-21 06:36:14.070439|ioService-0x00007ed8d3dff640|[P2PService][Service][METRIC]heartBeat,connected count=3
info|2025-12-21 06:36:21.945775|timerFactory-0x00007ed8bfdff640|[RPC][WS][SERVICE]connected nodes,count=0
info|2025-12-21 06:36:24.070495|ioService-0x00007ed8d3dff640|[P2PService][Service][METRIC]heartBeat,connected count=3
info|2025-12-21 06:36:31.945804|timerFactory-0x00007ed8bfdff640|[RPC][WS][SERVICE]connected nodes,count=0
info|2025-12-21 06:36:34.070580|ioService-0x00007ed8d3dff640|[P2PService][Service][METRIC]heartBeat,connected count=3
info|2025-12-21 06:36:41.945834|timerFactory-0x00007ed8bfdff640|[RPC][WS][SERVICE]connected nodes,count=0
info|2025-12-21 06:36:44.070609|ioService-0x00007ed8d3dff640|[P2PService][Service][METRIC]heartBeat,connected count=3
info|2025-12-21 06:36:51.945865|timerFactory-0x00007ed8bfdff640|[RPC][WS][SERVICE]connected nodes,count=0
info|2025-12-21 06:36:54.070646|ioService-0x00007ed8d3dff640|[P2PService][Service][METRIC]heartBeat,connected count=3
info|2025-12-21 06:36:58.995887|objMonitor-0x00007ed8ae7ff640|[startMonitor][AliveObjectMonitor],AliveObjectAllocStat=[ type: bcos::gateway::Socket ,created: 19 ,destroyed: 15 ,alive: 4 ] 
info|2025-12-21 06:37:01.945901|timerFactory-0x00007ed8bfdff640|[RPC][WS][SERVICE]connected nodes,count=0
info|2025-12-21 06:37:04.070775|ioService-0x00007ed8d3dff640|[P2PService][Service][METRIC]heartBeat,connected count=3
info|2025-12-21 06:37:11.945929|timerFactory-0x00007ed8bfdff640|[RPC][WS][SERVICE]connected nodes,count=0
info|2025-12-21 06:37:14.070862|ioService-0x00007ed8d3dff640|[P2PService][Service][METRIC]heartBeat,connected count=3
info|2025-12-21 06:37:21.946124|timerFactory-0x00007ed8bfdff640|[RPC][WS][SERVICE]connected nodes,count=0
info|2025-12-21 06:37:24.070888|ioService-0x00007ed8d3dff640|[P2PService][Service][METRIC]heartBeat,connected count=3
info|2025-12-21 06:37:31.946153|timerFactory-0x00007ed8bfdff640|[RPC][WS][SERVICE]connected nodes,count=0
info|2025-12-21 06:37:34.070945|ioService-0x00007ed8d3dff640|[P2PService][Service][METRIC]heartBeat,connected count=3
info|2025-12-21 06:37:41.946182|timerFactory-0x00007ed8bfdff640|[RPC][WS][SERVICE]connected nodes,count=0
info|2025-12-21 06:37:44.070985|ioService-0x00007ed8d3dff640|[P2PService][Service][METRIC]heartBeat,connected count=3
info|2025-12-21 06:37:51.946247|timerFactory-0x00007ed8bfdff640|[RPC][WS][SERVICE]connected nodes,count=0
info|2025-12-21 06:37:54.071014|ioService-0x00007ed8d3dff640|[P2PService][Service][METRIC]heartBeat,connected count=3
info|2025-12-21 06:37:58.995993|objMonitor-0x00007ed8ae7ff640|[startMonitor][AliveObjectMonitor],AliveObjectAllocStat=[ type: bcos::gateway::Socket ,created: 19 ,destroyed: 15 ,alive: 4 ] [ type: bcos::gateway::ResponseCallback ,created: 13710757 ,destroyed: 13710753 ,alive: 4 ] 
info|2025-12-21 06:38:01.946277|timerFactory-0x00007ed8bfdff640|[RPC][WS][SERVICE]connected nodes,count=0
info|2025-12-21 06:38:04.071041|ioService-0x00007ed8d3dff640|[P2PService][Service][METRIC]heartBeat,connected count=3
info|2025-12-21 06:38:11.946308|timerFactory-0x00007ed8bfdff640|[RPC][WS][SERVICE]connected nodes,count=0
info|2025-12-21 06:38:14.071106|ioService-0x00007ed8d3dff640|[P2PService][Service][METRIC]heartBeat,connected count=3
info|2025-12-21 06:38:21.946341|timerFactory-0x00007ed8bfdff640|[RPC][WS][SERVICE]connected nodes,count=0
info|2025-12-21 06:38:24.071222|ioService-0x00007ed8d3dff640|[P2PService][Service][METRIC]heartBeat,connected count=3
info|2025-12-21 06:38:31.946371|timerFactory-0x00007ed8bfdff640|[RPC][WS][SERVICE]connected nodes,count=0
info|2025-12-21 06:38:34.071317|ioService-0x00007ed8d3dff640|[P2PService][Service][METRIC]heartBeat,connected count=3
info|2025-12-21 06:38:41.946407|timerFactory-0x00007ed8bfdff640|[RPC][WS][SERVICE]connected nodes,count=0
info|2025-12-21 06:38:44.071438|ioService-0x00007ed8d3dff640|[P2PService][Service][METRIC]heartBeat,connected count=3
info|2025-12-21 06:38:51.946437|timerFactory-0x00007ed8bfdff640|[RPC][WS][SERVICE]connected nodes,count=0
info|2025-12-21 06:38:54.071560|ioService-0x00007ed8d3dff640|[P2PService][Service][METRIC]heartBeat,connected count=3
info|2025-12-21 06:38:58.996045|objMonitor-0x00007ed8ae7ff640|[startMonitor][AliveObjectMonitor],AliveObjectAllocStat=[ type: bcos::gateway::Socket ,created: 19 ,destroyed: 15 ,alive: 4 ] 
info|2025-12-21 06:39:01.946467|timerFactory-0x00007ed8bfdff640|[RPC][WS][SERVICE]connected nodes,count=0
info|2025-12-21 06:39:04.071593|ioService-0x00007ed8d3dff640|[P2PService][Service][METRIC]heartBeat,connected count=3
info|2025-12-21 06:39:11.946499|timerFactory-0x00007ed8bfdff640|[RPC][WS][SERVICE]connected nodes,count=0
info|2025-12-21 06:39:14.071664|ioService-0x00007ed8d3dff640|[P2PService][Service][METRIC]heartBeat,connected count=3
info|2025-12-21 06:39:21.946560|timerFactory-0x00007ed8bfdff640|[RPC][WS][SERVICE]connected nodes,count=0
info|2025-12-21 06:39:24.071688|ioService-0x00007ed8d3dff640|[P2PService][Service][METRIC]heartBeat,connected count=3
info|2025-12-21 06:39:31.946589|timerFactory-0x00007ed8bfdff640|[RPC][WS][SERVICE]connected nodes,count=0
info|2025-12-21 06:39:34.071766|ioService-0x00007ed8d3dff640|[P2PService][Service][METRIC]heartBeat,connected count=3
info|2025-12-21 06:39:41.946617|timerFactory-0x00007ed8bfdff640|[RPC][WS][SERVICE]connected nodes,count=0
info|2025-12-21 06:39:44.071791|ioService-0x00007ed8d3dff640|[P2PService][Service][METRIC]heartBeat,connected count=3
info|2025-12-21 06:39:51.946691|timerFactory-0x00007ed8bfdff640|[RPC][WS][SERVICE]connected nodes,count=0
info|2025-12-21 06:39:54.071850|ioService-0x00007ed8d3dff640|[P2PService][Service][METRIC]heartBeat,connected count=3
info|2025-12-21 06:39:58.996231|objMonitor-0x00007ed8ae7ff640|[startMonitor][AliveObjectMonitor],AliveObjectAllocStat=[ type: bcos::gateway::Socket ,created: 19 ,destroyed: 15 ,alive: 4 ] 
info|2025-12-21 06:40:01.946719|timerFactory-0x00007ed8bfdff640|[RPC][WS][SERVICE]connected nodes,count=0
info|2025-12-21 06:40:04.071995|ioService-0x00007ed8d3dff640|[P2PService][Service][METRIC]heartBeat,connected count=3
info|2025-12-21 06:40:11.946749|timerFactory-0x00007ed8bfdff640|[RPC][WS][SERVICE]connected nodes,count=0
info|2025-12-21 06:40:14.072022|ioService-0x00007ed8d3dff640|[P2PService][Service][METRIC]heartBeat,connected count=3
info|2025-12-21 06:40:21.946822|timerFactory-0x00007ed8bfdff640|[RPC][WS][SERVICE]connected nodes,count=0
info|2025-12-21 06:40:24.072042|ioService-0x00007ed8d3dff640|[P2PService][Service][METRIC]heartBeat,connected count=3
info|2025-12-21 06:40:31.946853|timerFactory-0x00007ed8bfdff640|[RPC][WS][SERVICE]connected nodes,count=0
info|2025-12-21 06:40:34.072106|ioService-0x00007ed8d3dff640|[P2PService][Service][METRIC]heartBeat,connected count=3
info|2025-12-21 06:40:41.946882|timerFactory-0x00007ed8bfdff640|[RPC][WS][SERVICE]connected nodes,count=0
info|2025-12-21 06:40:44.072174|ioService-0x00007ed8d3dff640|[P2PService][Service][METRIC]heartBeat,connected count=3
info|2025-12-21 06:40:51.946910|timerFactory-0x00007ed8bfdff640|[RPC][WS][SERVICE]connected nodes,count=0
info|2025-12-21 06:40:54.072259|ioService-0x00007ed8d3dff640|[P2PService][Service][METRIC]heartBeat,connected count=3
info|2025-12-21 06:40:58.996284|objMonitor-0x00007ed8ae7ff640|[startMonitor][AliveObjectMonitor],AliveObjectAllocStat=[ type: bcos::gateway::Socket ,created: 19 ,destroyed: 15 ,alive: 4 ] 
info|2025-12-21 06:41:01.946938|timerFactory-0x00007ed8bfdff640|[RPC][WS][SERVICE]connected nodes,count=0
info|2025-12-21 06:41:04.072319|ioService-0x00007ed8d3dff640|[P2PService][Service][METRIC]heartBeat,connected count=3
info|2025-12-21 06:41:11.947005|timerFactory-0x00007ed8bfdff640|[RPC][WS][SERVICE]connected nodes,count=0
info|2025-12-21 06:41:14.072338|ioService-0x00007ed8d3dff640|[P2PService][Service][METRIC]heartBeat,connected count=3
info|2025-12-21 06:41:21.947034|timerFactory-0x00007ed8bfdff640|[RPC][WS][SERVICE]connected nodes,count=0
info|2025-12-21 06:41:24.072441|ioService-0x00007ed8d3dff640|[P2PService][Service][METRIC]heartBeat,connected count=3
info|2025-12-21 06:41:31.947095|timerFactory-0x00007ed8bfdff640|[RPC][WS][SERVICE]connected nodes,count=0
info|2025-12-21 06:41:34.072466|ioService-0x00007ed8d3dff640|[P2PService][Service][METRIC]heartBeat,connected count=3
info|2025-12-21 06:41:41.947161|timerFactory-0x00007ed8bfdff640|[RPC][WS][SERVICE]connected nodes,count=0
info|2025-12-21 06:41:44.072529|ioService-0x00007ed8d3dff640|[P2PService][Service][METRIC]heartBeat,connected count=3
info|2025-12-21 06:41:51.947191|timerFactory-0x00007ed8bfdff640|[RPC][WS][SERVICE]connected nodes,count=0
info|2025-12-21 06:41:54.072641|ioService-0x00007ed8d3dff640|[P2PService][Service][METRIC]heartBeat,connected count=3
info|2025-12-21 06:41:58.996330|objMonitor-0x00007ed8ae7ff640|[startMonitor][AliveObjectMonitor],AliveObjectAllocStat=[ type: bcos::gateway::Socket ,created: 19 ,destroyed: 15 ,alive: 4 ] [ type: bcos::gateway::ResponseCallback ,created: 13714354 ,destroyed: 13714350 ,alive: 4 ] 
info|2025-12-21 06:42:01.947280|timerFactory-0x00007ed8bfdff640|[RPC][WS][SERVICE]connected nodes,count=0
info|2025-12-21 06:42:04.072709|ioService-0x00007ed8d3dff640|[P2PService][Service][METRIC]heartBeat,connected count=3
info|2025-12-21 06:42:11.947311|timerFactory-0x00007ed8bfdff640|[RPC][WS][SERVICE]connected nodes,count=0
info|2025-12-21 06:42:14.072847|ioService-0x00007ed8d3dff640|[P2PService][Service][METRIC]heartBeat,connected count=3
info|2025-12-21 06:42:21.947341|timerFactory-0x00007ed8bfdff640|[RPC][WS][SERVICE]connected nodes,count=0
info|2025-12-21 06:42:24.073012|ioService-0x00007ed8d3dff640|[P2PService][Service][METRIC]heartBeat,connected count=3
info|2025-12-21 06:42:31.947376|timerFactory-0x00007ed8bfdff640|[RPC][WS][SERVICE]connected nodes,count=0
info|2025-12-21 06:42:34.073047|ioService-0x00007ed8d3dff640|[P2PService][Service][METRIC]heartBeat,connected count=3
info|2025-12-21 06:42:41.947404|timerFactory-0x00007ed8bfdff640|[RPC][WS][SERVICE]connected nodes,count=0
info|2025-12-21 06:42:44.073177|ioService-0x00007ed8d3dff640|[P2PService][Service][METRIC]heartBeat,connected count=3
info|2025-12-21 06:42:51.947434|timerFactory-0x00007ed8bfdff640|[RPC][WS][SERVICE]connected nodes,count=0
info|2025-12-21 06:42:54.073202|ioService-0x00007ed8d3dff640|[P2PService][Service][METRIC]heartBeat,connected count=3
info|2025-12-21 06:42:58.996375|objMonitor-0x00007ed8ae7ff640|[startMonitor][AliveObjectMonitor],AliveObjectAllocStat=[ type: bcos::gateway::Socket ,created: 19 ,destroyed: 15 ,alive: 4 ] 
info|2025-12-21 06:43:01.947462|timerFactory-0x00007ed8bfdff640|[RPC][WS][SERVICE]connected nodes,count=0
info|2025-12-21 06:43:04.073231|ioService-0x00007ed8d3dff640|[P2PService][Service][METRIC]heartBeat,connected count=3
info|2025-12-21 06:43:11.947524|timerFactory-0x00007ed8bfdff640|[RPC][WS][SERVICE]connected nodes,count=0
info|2025-12-21 06:43:14.073255|ioService-0x00007ed8d3dff640|[P2PService][Service][METRIC]heartBeat,connected count=3
info|2025-12-21 06:43:21.947550|timerFactory-0x00007ed8bfdff640|[RPC][WS][SERVICE]connected nodes,count=0
info|2025-12-21 06:43:24.073318|ioService-0x00007ed8d3dff640|[P2PService][Service][METRIC]heartBeat,connected count=3
info|2025-12-21 06:43:31.947577|timerFactory-0x00007ed8bfdff640|[RPC][WS][SERVICE]connected nodes,count=0
info|2025-12-21 06:43:34.073373|ioService-0x00007ed8d3dff640|[P2PService][Service][METRIC]heartBeat,connected count=3
info|2025-12-21 06:43:41.947610|timerFactory-0x00007ed8bfdff640|[RPC][WS][SERVICE]connected nodes,count=0
info|2025-12-21 06:43:44.073439|ioService-0x00007ed8d3dff640|[P2PService][Service][METRIC]heartBeat,connected count=3
info|2025-12-21 06:43:51.947639|timerFactory-0x00007ed8bfdff640|[RPC][WS][SERVICE]connected nodes,count=0
info|2025-12-21 06:43:54.073543|ioService-0x00007ed8d3dff640|[P2PService][Service][METRIC]heartBeat,connected count=3
info|2025-12-21 06:43:58.996420|objMonitor-0x00007ed8ae7ff640|[startMonitor][AliveObjectMonitor],AliveObjectAllocStat=[ type: bcos::gateway::Socket ,created: 19 ,destroyed: 15 ,alive: 4 ] 
info|2025-12-21 06:44:01.947681|timerFactory-0x00007ed8bfdff640|[RPC][WS][SERVICE]connected nodes,count=0
info|2025-12-21 06:44:04.073617|ioService-0x00007ed8d3dff640|[P2PService][Service][METRIC]heartBeat,connected count=3
info|2025-12-21 06:44:11.947696|timerFactory-0x00007ed8bfdff640|[RPC][WS][SERVICE]connected nodes,count=0
info|2025-12-21 06:44:14.073727|ioService-0x00007ed8d3dff640|[P2PService][Service][METRIC]heartBeat,connected count=3
info|2025-12-21 06:44:21.947712|timerFactory-0x00007ed8bfdff640|[RPC][WS][SERVICE]connected nodes,count=0
info|2025-12-21 06:44:24.073793|ioService-0x00007ed8d3dff640|[P2PService][Service][METRIC]heartBeat,connected count=3
info|2025-12-21 06:44:31.947727|timerFactory-0x00007ed8bfdff640|[RPC][WS][SERVICE]connected nodes,count=0
info|2025-12-21 06:44:34.073855|ioService-0x00007ed8d3dff640|[P2PService][Service][METRIC]heartBeat,connected count=3
info|2025-12-21 06:44:41.947773|timerFactory-0x00007ed8bfdff640|[RPC][WS][SERVICE]connected nodes,count=0
info|2025-12-21 06:44:44.073963|ioService-0x00007ed8d3dff640|[P2PService][Service][METRIC]heartBeat,connected count=3
info|2025-12-21 06:44:51.947793|timerFactory-0x00007ed8bfdff640|[RPC][WS][SERVICE]connected nodes,count=0
info|2025-12-21 06:44:54.073993|ioService-0x00007ed8d3dff640|[P2PService][Service][METRIC]heartBeat,connected count=3
info|2025-12-21 06:44:58.996466|objMonitor-0x00007ed8ae7ff640|[startMonitor][AliveObjectMonitor],AliveObjectAllocStat=[ type: bcos::gateway::Socket ,created: 19 ,destroyed: 15 ,alive: 4 ] 
info|2025-12-21 06:45:01.947814|timerFactory-0x00007ed8bfdff640|[RPC][WS][SERVICE]connected nodes,count=0
info|2025-12-21 06:45:04.074023|ioService-0x00007ed8d3dff640|[P2PService][Service][METRIC]heartBeat,connected count=3
info|2025-12-21 06:45:11.947872|timerFactory-0x00007ed8bfdff640|[RPC][WS][SERVICE]connected nodes,count=0
info|2025-12-21 06:45:14.074194|ioService-0x00007ed8d3dff640|[P2PService][Service][METRIC]heartBeat,connected count=3
info|2025-12-21 06:45:21.947940|timerFactory-0x00007ed8bfdff640|[RPC][WS][SERVICE]connected nodes,count=0
info|2025-12-21 06:45:24.074270|ioService-0x00007ed8d3dff640|[P2PService][Service][METRIC]heartBeat,connected count=3
info|2025-12-21 06:45:31.947986|timerFactory-0x00007ed8bfdff640|[RPC][WS][SERVICE]connected nodes,count=0
info|2025-12-21 06:45:34.074330|ioService-0x00007ed8d3dff640|[P2PService][Service][METRIC]heartBeat,connected count=3
info|2025-12-21 06:45:41.948042|timerFactory-0x00007ed8bfdff640|[RPC][WS][SERVICE]connected nodes,count=0
info|2025-12-21 06:45:44.074357|ioService-0x00007ed8d3dff640|[P2PService][Service][METRIC]heartBeat,connected count=3
info|2025-12-21 06:45:51.948106|timerFactory-0x00007ed8bfdff640|[RPC][WS][SERVICE]connected nodes,count=0
info|2025-12-21 06:45:54.074547|ioService-0x00007ed8d3dff640|[P2PService][Service][METRIC]heartBeat,connected count=3
info|2025-12-21 06:45:58.996510|objMonitor-0x00007ed8ae7ff640|[startMonitor][AliveObjectMonitor],AliveObjectAllocStat=[ type: bcos::gateway::Socket ,created: 19 ,destroyed: 15 ,alive: 4 ] [ type: bcos::gateway::ResponseCallback ,created: 13717951 ,destroyed: 13717945 ,alive: 6 ] 
info|2025-12-21 06:46:01.948135|timerFactory-0x00007ed8bfdff640|[RPC][WS][SERVICE]connected nodes,count=0
info|2025-12-21 06:46:04.074631|ioService-0x00007ed8d3dff640|[P2PService][Service][METRIC]heartBeat,connected count=3
info|2025-12-21 06:46:11.948167|timerFactory-0x00007ed8bfdff640|[RPC][WS][SERVICE]connected nodes,count=0
info|2025-12-21 06:46:14.074830|ioService-0x00007ed8d3dff640|[P2PService][Service][METRIC]heartBeat,connected count=3
info|2025-12-21 06:46:21.948192|timerFactory-0x00007ed8bfdff640|[RPC][WS][SERVICE]connected nodes,count=0
info|2025-12-21 06:46:24.074899|ioService-0x00007ed8d3dff640|[P2PService][Service][METRIC]heartBeat,connected count=3
info|2025-12-21 06:46:31.948215|timerFactory-0x00007ed8bfdff640|[RPC][WS][SERVICE]connected nodes,count=0
info|2025-12-21 06:46:34.074961|ioService-0x00007ed8d3dff640|[P2PService][Service][METRIC]heartBeat,connected count=3
info|2025-12-21 06:46:41.948241|timerFactory-0x00007ed8bfdff640|[RPC][WS][SERVICE]connected nodes,count=0
info|2025-12-21 06:46:44.075063|ioService-0x00007ed8d3dff640|[P2PService][Service][METRIC]heartBeat,connected count=3
info|2025-12-21 06:46:51.948265|timerFactory-0x00007ed8bfdff640|[RPC][WS][SERVICE]connected nodes,count=0
info|2025-12-21 06:46:54.075091|ioService-0x00007ed8d3dff640|[P2PService][Service][METRIC]heartBeat,connected count=3
info|2025-12-21 06:46:58.996554|objMonitor-0x00007ed8ae7ff640|[startMonitor][AliveObjectMonitor],AliveObjectAllocStat=[ type: bcos::gateway::Socket ,created: 19 ,destroyed: 15 ,alive: 4 ] 
info|2025-12-21 06:47:01.948304|timerFactory-0x00007ed8bfdff640|[RPC][WS][SERVICE]connected nodes,count=0
info|2025-12-21 06:47:04.075258|ioService-0x00007ed8d3dff640|[P2PService][Service][METRIC]heartBeat,connected count=3
info|2025-12-21 06:47:11.948328|timerFactory-0x00007ed8bfdff640|[RPC][WS][SERVICE]connected nodes,count=0
info|2025-12-21 06:47:14.075279|ioService-0x00007ed8d3dff640|[P2PService][Service][METRIC]heartBeat,connected count=3
info|2025-12-21 06:47:21.948387|timerFactory-0x00007ed8bfdff640|[RPC][WS][SERVICE]connected nodes,count=0
info|2025-12-21 06:47:24.075327|ioService-0x00007ed8d3dff640|[P2PService][Service][METRIC]heartBeat,connected count=3
info|2025-12-21 06:47:31.948485|timerFactory-0x00007ed8bfdff640|[RPC][WS][SERVICE]connected nodes,count=0
info|2025-12-21 06:47:34.075387|ioService-0x00007ed8d3dff640|[P2PService][Service][METRIC]heartBeat,connected count=3
info|2025-12-21 06:47:41.948504|timerFactory-0x00007ed8bfdff640|[RPC][WS][SERVICE]connected nodes,count=0
info|2025-12-21 06:47:44.075469|ioService-0x00007ed8d3dff640|[P2PService][Service][METRIC]heartBeat,connected count=3
info|2025-12-21 06:47:51.948525|timerFactory-0x00007ed8bfdff640|[RPC][WS][SERVICE]connected nodes,count=0
info|2025-12-21 06:47:54.075535|ioService-0x00007ed8d3dff640|[P2PService][Service][METRIC]heartBeat,connected count=3
info|2025-12-21 06:47:58.996598|objMonitor-0x00007ed8ae7ff640|[startMonitor][AliveObjectMonitor],AliveObjectAllocStat=[ type: bcos::gateway::Socket ,created: 19 ,destroyed: 15 ,alive: 4 ] 
info|2025-12-21 06:48:01.948565|timerFactory-0x00007ed8bfdff640|[RPC][WS][SERVICE]connected nodes,count=0
info|2025-12-21 06:48:04.075584|ioService-0x00007ed8d3dff640|[P2PService][Service][METRIC]heartBeat,connected count=3
info|2025-12-21 06:48:11.948629|timerFactory-0x00007ed8bfdff640|[RPC][WS][SERVICE]connected nodes,count=0
info|2025-12-21 06:48:14.075850|ioService-0x00007ed8d3dff640|[P2PService][Service][METRIC]heartBeat,connected count=3
info|2025-12-21 06:48:21.948649|timerFactory-0x00007ed8bfdff640|[RPC][WS][SERVICE]connected nodes,count=0
info|2025-12-21 06:48:24.075968|ioService-0x00007ed8d3dff640|[P2PService][Service][METRIC]heartBeat,connected count=3
info|2025-12-21 06:48:31.948669|timerFactory-0x00007ed8bfdff640|[RPC][WS][SERVICE]connected nodes,count=0
info|2025-12-21 06:48:34.076009|ioService-0x00007ed8d3dff640|[P2PService][Service][METRIC]heartBeat,connected count=3
info|2025-12-21 06:48:41.948691|timerFactory-0x00007ed8bfdff640|[RPC][WS][SERVICE]connected nodes,count=0
info|2025-12-21 06:48:44.076062|ioService-0x00007ed8d3dff640|[P2PService][Service][METRIC]heartBeat,connected count=3
info|2025-12-21 06:48:51.948711|timerFactory-0x00007ed8bfdff640|[RPC][WS][SERVICE]connected nodes,count=0
info|2025-12-21 06:48:54.076119|ioService-0x00007ed8d3dff640|[P2PService][Service][METRIC]heartBeat,connected count=3
info|2025-12-21 06:48:58.996648|objMonitor-0x00007ed8ae7ff640|[startMonitor][AliveObjectMonitor],AliveObjectAllocStat=[ type: bcos::gateway::Socket ,created: 19 ,destroyed: 15 ,alive: 4 ] 
info|2025-12-21 06:49:01.948767|timerFactory-0x00007ed8bfdff640|[RPC][WS][SERVICE]connected nodes,count=0
info|2025-12-21 06:49:04.076271|ioService-0x00007ed8d3dff640|[P2PService][Service][METRIC]heartBeat,connected count=3
info|2025-12-21 06:49:11.948791|timerFactory-0x00007ed8bfdff640|[RPC][WS][SERVICE]connected nodes,count=0
info|2025-12-21 06:49:14.076300|ioService-0x00007ed8d3dff640|[P2PService][Service][METRIC]heartBeat,connected count=3
info|2025-12-21 06:49:21.948818|timerFactory-0x00007ed8bfdff640|[RPC][WS][SERVICE]connected nodes,count=0
info|2025-12-21 06:49:24.076336|ioService-0x00007ed8d3dff640|[P2PService][Service][METRIC]heartBeat,connected count=3
info|2025-12-21 06:49:31.948879|timerFactory-0x00007ed8bfdff640|[RPC][WS][SERVICE]connected nodes,count=0
info|2025-12-21 06:49:34.076362|ioService-0x00007ed8d3dff640|[P2PService][Service][METRIC]heartBeat,connected count=3
info|2025-12-21 06:49:41.948975|timerFactory-0x00007ed8bfdff640|[RPC][WS][SERVICE]connected nodes,count=0
info|2025-12-21 06:49:44.076429|ioService-0x00007ed8d3dff640|[P2PService][Service][METRIC]heartBeat,connected count=3
info|2025-12-21 06:49:51.949001|timerFactory-0x00007ed8bfdff640|[RPC][WS][SERVICE]connected nodes,count=0
info|2025-12-21 06:49:54.076475|ioService-0x00007ed8d3dff640|[P2PService][Service][METRIC]heartBeat,connected count=3
info|2025-12-21 06:49:58.996707|objMonitor-0x00007ed8ae7ff640|[startMonitor][AliveObjectMonitor],AliveObjectAllocStat=[ type: bcos::gateway::Socket ,created: 19 ,destroyed: 15 ,alive: 4 ] 
info|2025-12-21 06:50:01.949022|timerFactory-0x00007ed8bfdff640|[RPC][WS][SERVICE]connected nodes,count=0
info|2025-12-21 06:50:04.076505|ioService-0x00007ed8d3dff640|[P2PService][Service][METRIC]heartBeat,connected count=3
info|2025-12-21 06:50:11.949042|timerFactory-0x00007ed8bfdff640|[RPC][WS][SERVICE]connected nodes,count=0
info|2025-12-21 06:50:14.076635|ioService-0x00007ed8d3dff640|[P2PService][Service][METRIC]heartBeat,connected count=3
info|2025-12-21 06:50:21.949202|timerFactory-0x00007ed8bfdff640|[RPC][WS][SERVICE]connected nodes,count=0
info|2025-12-21 06:50:24.076692|ioService-0x00007ed8d3dff640|[P2PService][Service][METRIC]heartBeat,connected count=3
info|2025-12-21 06:50:31.949225|timerFactory-0x00007ed8bfdff640|[RPC][WS][SERVICE]connected nodes,count=0
info|2025-12-21 06:50:34.076784|ioService-0x00007ed8d3dff640|[P2PService][Service][METRIC]heartBeat,connected count=3
info|2025-12-21 06:50:41.949248|timerFactory-0x00007ed8bfdff640|[RPC][WS][SERVICE]connected nodes,count=0
info|2025-12-21 06:50:44.076879|ioService-0x00007ed8d3dff640|[P2PService][Service][METRIC]heartBeat,connected count=3
info|2025-12-21 06:50:51.949271|timerFactory-0x00007ed8bfdff640|[RPC][WS][SERVICE]connected nodes,count=0
info|2025-12-21 06:50:54.076992|ioService-0x00007ed8d3dff640|[P2PService][Service][METRIC]heartBeat,connected count=3
info|2025-12-21 06:50:58.996757|objMonitor-0x00007ed8ae7ff640|[startMonitor][AliveObjectMonitor],AliveObjectAllocStat=[ type: bcos::gateway::Socket ,created: 19 ,destroyed: 15 ,alive: 4 ] 
info|2025-12-21 06:51:01.949297|timerFactory-0x00007ed8bfdff640|[RPC][WS][SERVICE]connected nodes,count=0
info|2025-12-21 06:51:04.077023|ioService-0x00007ed8d3dff640|[P2PService][Service][METRIC]heartBeat,connected count=3
info|2025-12-21 06:51:11.949320|timerFactory-0x00007ed8bfdff640|[RPC][WS][SERVICE]connected nodes,count=0
info|2025-12-21 06:51:14.077047|ioService-0x00007ed8d3dff640|[P2PService][Service][METRIC]heartBeat,connected count=3
info|2025-12-21 06:51:21.949343|timerFactory-0x00007ed8bfdff640|[RPC][WS][SERVICE]connected nodes,count=0
info|2025-12-21 06:51:24.077069|ioService-0x00007ed8d3dff640|[P2PService][Service][METRIC]heartBeat,connected count=3
info|2025-12-21 06:51:31.949369|timerFactory-0x00007ed8bfdff640|[RPC][WS][SERVICE]connected nodes,count=0
info|2025-12-21 06:51:34.077127|ioService-0x00007ed8d3dff640|[P2PService][Service][METRIC]heartBeat,connected count=3
info|2025-12-21 06:51:41.949393|timerFactory-0x00007ed8bfdff640|[RPC][WS][SERVICE]connected nodes,count=0
info|2025-12-21 06:51:44.077199|ioService-0x00007ed8d3dff640|[P2PService][Service][METRIC]heartBeat,connected count=3
info|2025-12-21 06:51:51.949421|timerFactory-0x00007ed8bfdff640|[RPC][WS][SERVICE]connected nodes,count=0
info|2025-12-21 06:51:54.077222|ioService-0x00007ed8d3dff640|[P2PService][Service][METRIC]heartBeat,connected count=3
info|2025-12-21 06:51:58.996805|objMonitor-0x00007ed8ae7ff640|[startMonitor][AliveObjectMonitor],AliveObjectAllocStat=[ type: bcos::gateway::Socket ,created: 19 ,destroyed: 15 ,alive: 4 ] 
info|2025-12-21 06:52:01.949444|timerFactory-0x00007ed8bfdff640|[RPC][WS][SERVICE]connected nodes,count=0
info|2025-12-21 06:52:04.077269|ioService-0x00007ed8d3dff640|[P2PService][Service][METRIC]heartBeat,connected count=3
info|2025-12-21 06:52:11.949467|timerFactory-0x00007ed8bfdff640|[RPC][WS][SERVICE]connected nodes,count=0
info|2025-12-21 06:52:14.077327|ioService-0x00007ed8d3dff640|[P2PService][Service][METRIC]heartBeat,connected count=3
info|2025-12-21 06:52:21.949491|timerFactory-0x00007ed8bfdff640|[RPC][WS][SERVICE]connected nodes,count=0
info|2025-12-21 06:52:24.077389|ioService-0x00007ed8d3dff640|[P2PService][Service][METRIC]heartBeat,connected count=3
info|2025-12-21 06:52:31.949515|timerFactory-0x00007ed8bfdff640|[RPC][WS][SERVICE]connected nodes,count=0
info|2025-12-21 06:52:34.077472|ioService-0x00007ed8d3dff640|[P2PService][Service][METRIC]heartBeat,connected count=3
info|2025-12-21 06:52:41.949543|timerFactory-0x00007ed8bfdff640|[RPC][WS][SERVICE]connected nodes,count=0
info|2025-12-21 06:52:44.077497|ioService-0x00007ed8d3dff640|[P2PService][Service][METRIC]heartBeat,connected count=3
info|2025-12-21 06:52:51.949569|timerFactory-0x00007ed8bfdff640|[RPC][WS][SERVICE]connected nodes,count=0
info|2025-12-21 06:52:54.077624|ioService-0x00007ed8d3dff640|[P2PService][Service][METRIC]heartBeat,connected count=3
info|2025-12-21 06:52:58.996950|objMonitor-0x00007ed8ae7ff640|[startMonitor][AliveObjectMonitor],AliveObjectAllocStat=[ type: bcos::gateway::Socket ,created: 19 ,destroyed: 15 ,alive: 4 ] 
info|2025-12-21 06:53:01.949597|timerFactory-0x00007ed8bfdff640|[RPC][WS][SERVICE]connected nodes,count=0
info|2025-12-21 06:53:04.077802|ioService-0x00007ed8d3dff640|[P2PService][Service][METRIC]heartBeat,connected count=3
info|2025-12-21 06:53:11.949637|timerFactory-0x00007ed8bfdff640|[RPC][WS][SERVICE]connected nodes,count=0
info|2025-12-21 06:53:14.077998|ioService-0x00007ed8d3dff640|[P2PService][Service][METRIC]heartBeat,connected count=3
info|2025-12-21 06:53:21.949702|timerFactory-0x00007ed8bfdff640|[RPC][WS][SERVICE]connected nodes,count=0
info|2025-12-21 06:53:24.078040|ioService-0x00007ed8d3dff640|[P2PService][Service][METRIC]heartBeat,connected count=3
info|2025-12-21 06:53:31.949763|timerFactory-0x00007ed8bfdff640|[RPC][WS][SERVICE]connected nodes,count=0
info|2025-12-21 06:53:34.078124|ioService-0x00007ed8d3dff640|[P2PService][Service][METRIC]heartBeat,connected count=3
info|2025-12-21 06:53:41.949836|timerFactory-0x00007ed8bfdff640|[RPC][WS][SERVICE]connected nodes,count=0
info|2025-12-21 06:53:44.078161|ioService-0x00007ed8d3dff640|[P2PService][Service][METRIC]heartBeat,connected count=3
info|2025-12-21 06:53:51.949859|timerFactory-0x00007ed8bfdff640|[RPC][WS][SERVICE]connected nodes,count=0
info|2025-12-21 06:53:54.078187|ioService-0x00007ed8d3dff640|[P2PService][Service][METRIC]heartBeat,connected count=3
info|2025-12-21 06:53:58.997015|objMonitor-0x00007ed8ae7ff640|[startMonitor][AliveObjectMonitor],AliveObjectAllocStat=[ type: bcos::gateway::Socket ,created: 19 ,destroyed: 15 ,alive: 4 ] 
info|2025-12-21 06:54:01.949889|timerFactory-0x00007ed8bfdff640|[RPC][WS][SERVICE]connected nodes,count=0
info|2025-12-21 06:54:04.078215|ioService-0x00007ed8d3dff640|[P2PService][Service][METRIC]heartBeat,connected count=3
info|2025-12-21 06:54:11.949915|timerFactory-0x00007ed8bfdff640|[RPC][WS][SERVICE]connected nodes,count=0
info|2025-12-21 06:54:14.078344|ioService-0x00007ed8d3dff640|[P2PService][Service][METRIC]heartBeat,connected count=3
info|2025-12-21 06:54:21.949942|timerFactory-0x00007ed8bfdff640|[RPC][WS][SERVICE]connected nodes,count=0
info|2025-12-21 06:54:24.078382|ioService-0x00007ed8d3dff640|[P2PService][Service][METRIC]heartBeat,connected count=3
info|2025-12-21 06:54:31.949971|timerFactory-0x00007ed8bfdff640|[RPC][WS][SERVICE]connected nodes,count=0
info|2025-12-21 06:54:34.078409|ioService-0x00007ed8d3dff640|[P2PService][Service][METRIC]heartBeat,connected count=3
info|2025-12-21 06:54:41.950003|timerFactory-0x00007ed8bfdff640|[RPC][WS][SERVICE]connected nodes,count=0
info|2025-12-21 06:54:44.078435|ioService-0x00007ed8d3dff640|[P2PService][Service][METRIC]heartBeat,connected count=3
info|2025-12-21 06:54:51.950034|timerFactory-0x00007ed8bfdff640|[RPC][WS][SERVICE]connected nodes,count=0
info|2025-12-21 06:54:54.078472|ioService-0x00007ed8d3dff640|[P2PService][Service][METRIC]heartBeat,connected count=3
info|2025-12-21 06:54:58.997103|objMonitor-0x00007ed8ae7ff640|[startMonitor][AliveObjectMonitor],AliveObjectAllocStat=[ type: bcos::gateway::Socket ,created: 19 ,destroyed: 15 ,alive: 4 ] 
info|2025-12-21 06:55:01.950062|timerFactory-0x00007ed8bfdff640|[RPC][WS][SERVICE]connected nodes,count=0
info|2025-12-21 06:55:04.078577|ioService-0x00007ed8d3dff640|[P2PService][Service][METRIC]heartBeat,connected count=3
info|2025-12-21 06:55:11.950130|timerFactory-0x00007ed8bfdff640|[RPC][WS][SERVICE]connected nodes,count=0
info|2025-12-21 06:55:14.078632|ioService-0x00007ed8d3dff640|[P2PService][Service][METRIC]heartBeat,connected count=3
info|2025-12-21 06:55:21.950223|timerFactory-0x00007ed8bfdff640|[RPC][WS][SERVICE]connected nodes,count=0
info|2025-12-21 06:55:24.078688|ioService-0x00007ed8d3dff640|[P2PService][Service][METRIC]heartBeat,connected count=3
info|2025-12-21 06:55:31.950248|timerFactory-0x00007ed8bfdff640|[RPC][WS][SERVICE]connected nodes,count=0
info|2025-12-21 06:55:34.078779|ioService-0x00007ed8d3dff640|[P2PService][Service][METRIC]heartBeat,connected count=3
info|2025-12-21 06:55:41.950271|timerFactory-0x00007ed8bfdff640|[RPC][WS][SERVICE]connected nodes,count=0
info|2025-12-21 06:55:44.078806|ioService-0x00007ed8d3dff640|[P2PService][Service][METRIC]heartBeat,connected count=3
info|2025-12-21 06:55:51.950303|timerFactory-0x00007ed8bfdff640|[RPC][WS][SERVICE]connected nodes,count=0
info|2025-12-21 06:55:54.078833|ioService-0x00007ed8d3dff640|[P2PService][Service][METRIC]heartBeat,connected count=3
info|2025-12-21 06:55:58.997141|objMonitor-0x00007ed8ae7ff640|[startMonitor][AliveObjectMonitor],AliveObjectAllocStat=[ type: bcos::gateway::Socket ,created: 19 ,destroyed: 15 ,alive: 4 ] 
info|2025-12-21 06:56:01.950364|timerFactory-0x00007ed8bfdff640|[RPC][WS][SERVICE]connected nodes,count=0
info|2025-12-21 06:56:04.078858|ioService-0x00007ed8d3dff640|[P2PService][Service][METRIC]heartBeat,connected count=3
info|2025-12-21 06:56:11.950388|timerFactory-0x00007ed8bfdff640|[RPC][WS][SERVICE]connected nodes,count=0
info|2025-12-21 06:56:14.078886|ioService-0x00007ed8d3dff640|[P2PService][Service][METRIC]heartBeat,connected count=3
info|2025-12-21 06:56:21.950414|timerFactory-0x00007ed8bfdff640|[RPC][WS][SERVICE]connected nodes,count=0
info|2025-12-21 06:56:24.078954|ioService-0x00007ed8d3dff640|[P2PService][Service][METRIC]heartBeat,connected count=3
info|2025-12-21 06:56:31.950438|timerFactory-0x00007ed8bfdff640|[RPC][WS][SERVICE]connected nodes,count=0
info|2025-12-21 06:56:34.079041|ioService-0x00007ed8d3dff640|[P2PService][Service][METRIC]heartBeat,connected count=3
info|2025-12-21 06:56:41.950462|timerFactory-0x00007ed8bfdff640|[RPC][WS][SERVICE]connected nodes,count=0
info|2025-12-21 06:56:44.079105|ioService-0x00007ed8d3dff640|[P2PService][Service][METRIC]heartBeat,connected count=3
info|2025-12-21 06:56:51.950488|timerFactory-0x00007ed8bfdff640|[RPC][WS][SERVICE]connected nodes,count=0
info|2025-12-21 06:56:54.079176|ioService-0x00007ed8d3dff640|[P2PService][Service][METRIC]heartBeat,connected count=3
info|2025-12-21 06:56:58.997181|objMonitor-0x00007ed8ae7ff640|[startMonitor][AliveObjectMonitor],AliveObjectAllocStat=[ type: bcos::gateway::Socket ,created: 19 ,destroyed: 15 ,alive: 4 ] 
info|2025-12-21 06:57:01.950601|timerFactory-0x00007ed8bfdff640|[RPC][WS][SERVICE]connected nodes,count=0
info|2025-12-21 06:57:04.079264|ioService-0x00007ed8d3dff640|[P2PService][Service][METRIC]heartBeat,connected count=3
info|2025-12-21 06:57:11.950625|timerFactory-0x00007ed8bfdff640|[RPC][WS][SERVICE]connected nodes,count=0
info|2025-12-21 06:57:14.079300|ioService-0x00007ed8d3dff640|[P2PService][Service][METRIC]heartBeat,connected count=3
info|2025-12-21 06:57:21.950648|timerFactory-0x00007ed8bfdff640|[RPC][WS][SERVICE]connected nodes,count=0
info|2025-12-21 06:57:24.079329|ioService-0x00007ed8d3dff640|[P2PService][Service][METRIC]heartBeat,connected count=3
info|2025-12-21 06:57:31.950671|timerFactory-0x00007ed8bfdff640|[RPC][WS][SERVICE]connected nodes,count=0
info|2025-12-21 06:57:34.079352|ioService-0x00007ed8d3dff640|[P2PService][Service][METRIC]heartBeat,connected count=3
info|2025-12-21 06:57:41.950745|timerFactory-0x00007ed8bfdff640|[RPC][WS][SERVICE]connected nodes,count=0
info|2025-12-21 06:57:44.079412|ioService-0x00007ed8d3dff640|[P2PService][Service][METRIC]heartBeat,connected count=3
info|2025-12-21 06:57:51.950772|timerFactory-0x00007ed8bfdff640|[RPC][WS][SERVICE]connected nodes,count=0
info|2025-12-21 06:57:54.079442|ioService-0x00007ed8d3dff640|[P2PService][Service][METRIC]heartBeat,connected count=3
info|2025-12-21 06:57:58.997219|objMonitor-0x00007ed8ae7ff640|[startMonitor][AliveObjectMonitor],AliveObjectAllocStat=[ type: bcos::gateway::Socket ,created: 19 ,destroyed: 15 ,alive: 4 ] 
info|2025-12-21 06:58:01.950839|timerFactory-0x00007ed8bfdff640|[RPC][WS][SERVICE]connected nodes,count=0
info|2025-12-21 06:58:04.079466|ioService-0x00007ed8d3dff640|[P2PService][Service][METRIC]heartBeat,connected count=3
info|2025-12-21 06:58:11.950918|timerFactory-0x00007ed8bfdff640|[RPC][WS][SERVICE]connected nodes,count=0
info|2025-12-21 06:58:14.079541|ioService-0x00007ed8d3dff640|[P2PService][Service][METRIC]heartBeat,connected count=3
info|2025-12-21 06:58:21.950949|timerFactory-0x00007ed8bfdff640|[RPC][WS][SERVICE]connected nodes,count=0
info|2025-12-21 06:58:24.079631|ioService-0x00007ed8d3dff640|[P2PService][Service][METRIC]heartBeat,connected count=3
info|2025-12-21 06:58:31.951031|timerFactory-0x00007ed8bfdff640|[RPC][WS][SERVICE]connected nodes,count=0
info|2025-12-21 06:58:34.079660|ioService-0x00007ed8d3dff640|[P2PService][Service][METRIC]heartBeat,connected count=3
info|2025-12-21 06:58:41.951102|timerFactory-0x00007ed8bfdff640|[RPC][WS][SERVICE]connected nodes,count=0
info|2025-12-21 06:58:44.079726|ioService-0x00007ed8d3dff640|[P2PService][Service][METRIC]heartBeat,connected count=3
info|2025-12-21 06:58:51.951166|timerFactory-0x00007ed8bfdff640|[RPC][WS][SERVICE]connected nodes,count=0
info|2025-12-21 06:58:54.079854|ioService-0x00007ed8d3dff640|[P2PService][Service][METRIC]heartBeat,connected count=3
info|2025-12-21 06:58:58.997286|objMonitor-0x00007ed8ae7ff640|[startMonitor][AliveObjectMonitor],AliveObjectAllocStat=[ type: bcos::gateway::Socket ,created: 19 ,destroyed: 15 ,alive: 4 ] 
info|2025-12-21 06:59:01.951186|timerFactory-0x00007ed8bfdff640|[RPC][WS][SERVICE]connected nodes,count=0
info|2025-12-21 06:59:04.079990|ioService-0x00007ed8d3dff640|[P2PService][Service][METRIC]heartBeat,connected count=3
info|2025-12-21 06:59:11.951230|timerFactory-0x00007ed8bfdff640|[RPC][WS][SERVICE]connected nodes,count=0
info|2025-12-21 06:59:14.080055|ioService-0x00007ed8d3dff640|[P2PService][Service][METRIC]heartBeat,connected count=3
info|2025-12-21 06:59:21.951329|timerFactory-0x00007ed8bfdff640|[RPC][WS][SERVICE]connected nodes,count=0
info|2025-12-21 06:59:24.080081|ioService-0x00007ed8d3dff640|[P2PService][Service][METRIC]heartBeat,connected count=3
info|2025-12-21 06:59:31.951357|timerFactory-0x00007ed8bfdff640|[RPC][WS][SERVICE]connected nodes,count=0
info|2025-12-21 06:59:34.080105|ioService-0x00007ed8d3dff640|[P2PService][Service][METRIC]heartBeat,connected count=3
info|2025-12-21 06:59:41.951384|timerFactory-0x00007ed8bfdff640|[RPC][WS][SERVICE]connected nodes,count=0
info|2025-12-21 06:59:44.080133|ioService-0x00007ed8d3dff640|[P2PService][Service][METRIC]heartBeat,connected count=3
info|2025-12-21 06:59:51.951410|timerFactory-0x00007ed8bfdff640|[RPC][WS][SERVICE]connected nodes,count=0
info|2025-12-21 06:59:54.080157|ioService-0x00007ed8d3dff640|[P2PService][Service][METRIC]heartBeat,connected count=3
info|2025-12-21 06:59:58.997330|objMonitor-0x00007ed8ae7ff640|[startMonitor][AliveObjectMonitor],AliveObjectAllocStat=[ type: bcos::gateway::Socket ,created: 19 ,destroyed: 15 ,alive: 4 ] 
