info|2025-12-11 13:00:08.298639|timerFactory-0x00007ed8bfdff640|[RPC][WS][SERVICE]connected nodes,count=0
info|2025-12-11 13:00:08.401938|ioService-0x00007ed8d3dff640|[P2PService][Service][METRIC]heartBeat,connected count=3
info|2025-12-11 13:00:18.298699|timerFactory-0x00007ed8bfdff640|[RPC][WS][SERVICE]connected nodes,count=0
info|2025-12-11 13:00:18.402068|ioService-0x00007ed8d3dff640|[P2PService][Service][METRIC]heartBeat,connected count=3
info|2025-12-11 13:00:28.298764|timerFactory-0x00007ed8bfdff640|[RPC][WS][SERVICE]connected nodes,count=0
info|2025-12-11 13:00:28.402122|ioService-0x00007ed8d3dff640|[P2PService][Service][METRIC]heartBeat,connected count=3
info|2025-12-11 13:00:38.298789|timerFactory-0x00007ed8bfdff640|[RPC][WS][SERVICE]connected nodes,count=0
info|2025-12-11 13:00:38.402168|ioService-0x00007ed8d3dff640|[P2PService][Service][METRIC]heartBeat,connected count=3
info|2025-12-11 13:00:48.298814|timerFactory-0x00007ed8bfdff640|[RPC][WS][SERVICE]connected nodes,count=0
info|2025-12-11 13:00:48.402230|ioService-0x00007ed8d3dff640|[P2PService][Service][METRIC]heartBeat,connected count=3
info|2025-12-11 13:00:58.016714|objMonitor-0x00007ed8ae7ff640|[startMonitor][AliveObjectMonitor],AliveObjectAllocStat=[ type: bcos::gateway::Socket ,created: 11 ,destroyed: 7 ,alive: 4 ] 
info|2025-12-11 13:00:58.298875|timerFactory-0x00007ed8bfdff640|[RPC][WS][SERVICE]connected nodes,count=0
info|2025-12-11 13:00:58.402355|ioService-0x00007ed8d3dff640|[P2PService][Service][METRIC]heartBeat,connected count=3
info|2025-12-11 13:01:08.298972|timerFactory-0x00007ed8bfdff640|[RPC][WS][SERVICE]connected nodes,count=0
info|2025-12-11 13:01:08.402378|ioService-0x00007ed8d3dff640|[P2PService][Service][METRIC]heartBeat,connected count=3
info|2025-12-11 13:01:18.298999|timerFactory-0x00007ed8bfdff640|[RPC][WS][SERVICE]connected nodes,count=0
info|2025-12-11 13:01:18.402436|ioService-0x00007ed8d3dff640|[P2PService][Service][METRIC]heartBeat,connected count=3
info|2025-12-11 13:01:28.299026|timerFactory-0x00007ed8bfdff640|[RPC][WS][SERVICE]connected nodes,count=0
info|2025-12-11 13:01:28.402468|ioService-0x00007ed8d3dff640|[P2PService][Service][METRIC]heartBeat,connected count=3
info|2025-12-11 13:01:38.299052|timerFactory-0x00007ed8bfdff640|[RPC][WS][SERVICE]connected nodes,count=0
info|2025-12-11 13:01:38.402493|ioService-0x00007ed8d3dff640|[P2PService][Service][METRIC]heartBeat,connected count=3
info|2025-12-11 13:01:48.299119|timerFactory-0x00007ed8bfdff640|[RPC][WS][SERVICE]connected nodes,count=0
info|2025-12-11 13:01:48.402515|ioService-0x00007ed8d3dff640|[P2PService][Service][METRIC]heartBeat,connected count=3
info|2025-12-11 13:01:58.016845|objMonitor-0x00007ed8ae7ff640|[startMonitor][AliveObjectMonitor],AliveObjectAllocStat=[ type: bcos::gateway::Socket ,created: 11 ,destroyed: 7 ,alive: 4 ] 
info|2025-12-11 13:01:58.299150|timerFactory-0x00007ed8bfdff640|[RPC][WS][SERVICE]connected nodes,count=0
info|2025-12-11 13:01:58.402541|ioService-0x00007ed8d3dff640|[P2PService][Service][METRIC]heartBeat,connected count=3
info|2025-12-11 13:02:08.299190|timerFactory-0x00007ed8bfdff640|[RPC][WS][SERVICE]connected nodes,count=0
info|2025-12-11 13:02:08.402610|ioService-0x00007ed8d3dff640|[P2PService][Service][METRIC]heartBeat,connected count=3
info|2025-12-11 13:02:18.299214|timerFactory-0x00007ed8bfdff640|[RPC][WS][SERVICE]connected nodes,count=0
info|2025-12-11 13:02:18.402706|ioService-0x00007ed8d3dff640|[P2PService][Service][METRIC]heartBeat,connected count=3
info|2025-12-11 13:02:28.299282|timerFactory-0x00007ed8bfdff640|[RPC][WS][SERVICE]connected nodes,count=0
info|2025-12-11 13:02:28.402796|ioService-0x00007ed8d3dff640|[P2PService][Service][METRIC]heartBeat,connected count=3
info|2025-12-11 13:02:38.299378|timerFactory-0x00007ed8bfdff640|[RPC][WS][SERVICE]connected nodes,count=0
info|2025-12-11 13:02:38.402819|ioService-0x00007ed8d3dff640|[P2PService][Service][METRIC]heartBeat,connected count=3
info|2025-12-11 13:02:48.299399|timerFactory-0x00007ed8bfdff640|[RPC][WS][SERVICE]connected nodes,count=0
info|2025-12-11 13:02:48.402899|ioService-0x00007ed8d3dff640|[P2PService][Service][METRIC]heartBeat,connected count=3
info|2025-12-11 13:02:58.016890|objMonitor-0x00007ed8ae7ff640|[startMonitor][AliveObjectMonitor],AliveObjectAllocStat=[ type: bcos::gateway::Socket ,created: 11 ,destroyed: 7 ,alive: 4 ] [ type: bcos::gateway::ResponseCallback ,created: 1107798 ,destroyed: 1107792 ,alive: 6 ] 
info|2025-12-11 13:02:58.299424|timerFactory-0x00007ed8bfdff640|[RPC][WS][SERVICE]connected nodes,count=0
info|2025-12-11 13:02:58.402965|ioService-0x00007ed8d3dff640|[P2PService][Service][METRIC]heartBeat,connected count=3
info|2025-12-11 13:03:08.299449|timerFactory-0x00007ed8bfdff640|[RPC][WS][SERVICE]connected nodes,count=0
info|2025-12-11 13:03:08.403065|ioService-0x00007ed8d3dff640|[P2PService][Service][METRIC]heartBeat,connected count=3
info|2025-12-11 13:03:18.299514|timerFactory-0x00007ed8bfdff640|[RPC][WS][SERVICE]connected nodes,count=0
info|2025-12-11 13:03:18.403217|ioService-0x00007ed8d3dff640|[P2PService][Service][METRIC]heartBeat,connected count=3
info|2025-12-11 13:03:28.299564|timerFactory-0x00007ed8bfdff640|[RPC][WS][SERVICE]connected nodes,count=0
info|2025-12-11 13:03:28.403365|ioService-0x00007ed8d3dff640|[P2PService][Service][METRIC]heartBeat,connected count=3
info|2025-12-11 13:03:38.299590|timerFactory-0x00007ed8bfdff640|[RPC][WS][SERVICE]connected nodes,count=0
info|2025-12-11 13:03:38.403456|ioService-0x00007ed8d3dff640|[P2PService][Service][METRIC]heartBeat,connected count=3
info|2025-12-11 13:03:48.299663|timerFactory-0x00007ed8bfdff640|[RPC][WS][SERVICE]connected nodes,count=0
info|2025-12-11 13:03:48.403555|ioService-0x00007ed8d3dff640|[P2PService][Service][METRIC]heartBeat,connected count=3
info|2025-12-11 13:03:58.016945|objMonitor-0x00007ed8ae7ff640|[startMonitor][AliveObjectMonitor],AliveObjectAllocStat=[ type: bcos::gateway::Socket ,created: 11 ,destroyed: 7 ,alive: 4 ] 
info|2025-12-11 13:03:58.299755|timerFactory-0x00007ed8bfdff640|[RPC][WS][SERVICE]connected nodes,count=0
info|2025-12-11 13:03:58.403574|ioService-0x00007ed8d3dff640|[P2PService][Service][METRIC]heartBeat,connected count=3
info|2025-12-11 13:04:08.299849|timerFactory-0x00007ed8bfdff640|[RPC][WS][SERVICE]connected nodes,count=0
info|2025-12-11 13:04:08.403597|ioService-0x00007ed8d3dff640|[P2PService][Service][METRIC]heartBeat,connected count=3
info|2025-12-11 13:04:18.299940|timerFactory-0x00007ed8bfdff640|[RPC][WS][SERVICE]connected nodes,count=0
info|2025-12-11 13:04:18.403625|ioService-0x00007ed8d3dff640|[P2PService][Service][METRIC]heartBeat,connected count=3
info|2025-12-11 13:04:28.299998|timerFactory-0x00007ed8bfdff640|[RPC][WS][SERVICE]connected nodes,count=0
info|2025-12-11 13:04:28.403685|ioService-0x00007ed8d3dff640|[P2PService][Service][METRIC]heartBeat,connected count=3
info|2025-12-11 13:04:38.300023|timerFactory-0x00007ed8bfdff640|[RPC][WS][SERVICE]connected nodes,count=0
info|2025-12-11 13:04:38.403741|ioService-0x00007ed8d3dff640|[P2PService][Service][METRIC]heartBeat,connected count=3
info|2025-12-11 13:04:48.300051|timerFactory-0x00007ed8bfdff640|[RPC][WS][SERVICE]connected nodes,count=0
info|2025-12-11 13:04:48.403771|ioService-0x00007ed8d3dff640|[P2PService][Service][METRIC]heartBeat,connected count=3
info|2025-12-11 13:04:58.016995|objMonitor-0x00007ed8ae7ff640|[startMonitor][AliveObjectMonitor],AliveObjectAllocStat=[ type: bcos::gateway::Socket ,created: 11 ,destroyed: 7 ,alive: 4 ] 
info|2025-12-11 13:04:58.300081|timerFactory-0x00007ed8bfdff640|[RPC][WS][SERVICE]connected nodes,count=0
info|2025-12-11 13:04:58.403823|ioService-0x00007ed8d3dff640|[P2PService][Service][METRIC]heartBeat,connected count=3
info|2025-12-11 13:05:08.300114|timerFactory-0x00007ed8bfdff640|[RPC][WS][SERVICE]connected nodes,count=0
info|2025-12-11 13:05:08.403937|ioService-0x00007ed8d3dff640|[P2PService][Service][METRIC]heartBeat,connected count=3
info|2025-12-11 13:05:18.300153|timerFactory-0x00007ed8bfdff640|[RPC][WS][SERVICE]connected nodes,count=0
info|2025-12-11 13:05:18.403963|ioService-0x00007ed8d3dff640|[P2PService][Service][METRIC]heartBeat,connected count=3
info|2025-12-11 13:05:28.300190|timerFactory-0x00007ed8bfdff640|[RPC][WS][SERVICE]connected nodes,count=0
info|2025-12-11 13:05:28.404038|ioService-0x00007ed8d3dff640|[P2PService][Service][METRIC]heartBeat,connected count=3
info|2025-12-11 13:05:38.300264|timerFactory-0x00007ed8bfdff640|[RPC][WS][SERVICE]connected nodes,count=0
info|2025-12-11 13:05:38.404089|ioService-0x00007ed8d3dff640|[P2PService][Service][METRIC]heartBeat,connected count=3
info|2025-12-11 13:05:48.300329|timerFactory-0x00007ed8bfdff640|[RPC][WS][SERVICE]connected nodes,count=0
info|2025-12-11 13:05:48.404111|ioService-0x00007ed8d3dff640|[P2PService][Service][METRIC]heartBeat,connected count=3
info|2025-12-11 13:05:58.017192|objMonitor-0x00007ed8ae7ff640|[startMonitor][AliveObjectMonitor],AliveObjectAllocStat=[ type: bcos::gateway::Socket ,created: 11 ,destroyed: 7 ,alive: 4 ] 
info|2025-12-11 13:05:58.300357|timerFactory-0x00007ed8bfdff640|[RPC][WS][SERVICE]connected nodes,count=0
info|2025-12-11 13:05:58.404133|ioService-0x00007ed8d3dff640|[P2PService][Service][METRIC]heartBeat,connected count=3
info|2025-12-11 13:06:08.300382|timerFactory-0x00007ed8bfdff640|[RPC][WS][SERVICE]connected nodes,count=0
info|2025-12-11 13:06:08.404195|ioService-0x00007ed8d3dff640|[P2PService][Service][METRIC]heartBeat,connected count=3
info|2025-12-11 13:06:18.300440|timerFactory-0x00007ed8bfdff640|[RPC][WS][SERVICE]connected nodes,count=0
info|2025-12-11 13:06:18.404247|ioService-0x00007ed8d3dff640|[P2PService][Service][METRIC]heartBeat,connected count=3
info|2025-12-11 13:06:28.300500|timerFactory-0x00007ed8bfdff640|[RPC][WS][SERVICE]connected nodes,count=0
info|2025-12-11 13:06:28.404303|ioService-0x00007ed8d3dff640|[P2PService][Service][METRIC]heartBeat,connected count=3
info|2025-12-11 13:06:38.300524|timerFactory-0x00007ed8bfdff640|[RPC][WS][SERVICE]connected nodes,count=0
info|2025-12-11 13:06:38.404346|ioService-0x00007ed8d3dff640|[P2PService][Service][METRIC]heartBeat,connected count=3
info|2025-12-11 13:06:48.300583|timerFactory-0x00007ed8bfdff640|[RPC][WS][SERVICE]connected nodes,count=0
info|2025-12-11 13:06:48.404383|ioService-0x00007ed8d3dff640|[P2PService][Service][METRIC]heartBeat,connected count=3
info|2025-12-11 13:06:58.017233|objMonitor-0x00007ed8ae7ff640|[startMonitor][AliveObjectMonitor],AliveObjectAllocStat=[ type: bcos::gateway::Socket ,created: 11 ,destroyed: 7 ,alive: 4 ] 
info|2025-12-11 13:06:58.300648|timerFactory-0x00007ed8bfdff640|[RPC][WS][SERVICE]connected nodes,count=0
info|2025-12-11 13:06:58.404455|ioService-0x00007ed8d3dff640|[P2PService][Service][METRIC]heartBeat,connected count=3
info|2025-12-11 13:07:08.300694|timerFactory-0x00007ed8bfdff640|[RPC][WS][SERVICE]connected nodes,count=0
info|2025-12-11 13:07:08.404547|ioService-0x00007ed8d3dff640|[P2PService][Service][METRIC]heartBeat,connected count=3
info|2025-12-11 13:07:18.300722|timerFactory-0x00007ed8bfdff640|[RPC][WS][SERVICE]connected nodes,count=0
info|2025-12-11 13:07:18.404578|ioService-0x00007ed8d3dff640|[P2PService][Service][METRIC]heartBeat,connected count=3
info|2025-12-11 13:07:28.300751|timerFactory-0x00007ed8bfdff640|[RPC][WS][SERVICE]connected nodes,count=0
info|2025-12-11 13:07:28.404735|ioService-0x00007ed8d3dff640|[P2PService][Service][METRIC]heartBeat,connected count=3
info|2025-12-11 13:07:38.300807|timerFactory-0x00007ed8bfdff640|[RPC][WS][SERVICE]connected nodes,count=0
info|2025-12-11 13:07:38.404771|ioService-0x00007ed8d3dff640|[P2PService][Service][METRIC]heartBeat,connected count=3
info|2025-12-11 13:07:48.300871|timerFactory-0x00007ed8bfdff640|[RPC][WS][SERVICE]connected nodes,count=0
info|2025-12-11 13:07:48.404840|ioService-0x00007ed8d3dff640|[P2PService][Service][METRIC]heartBeat,connected count=3
info|2025-12-11 13:07:58.017274|objMonitor-0x00007ed8ae7ff640|[startMonitor][AliveObjectMonitor],AliveObjectAllocStat=[ type: bcos::gateway::Socket ,created: 11 ,destroyed: 7 ,alive: 4 ] 
info|2025-12-11 13:07:58.300931|timerFactory-0x00007ed8bfdff640|[RPC][WS][SERVICE]connected nodes,count=0
info|2025-12-11 13:07:58.405015|ioService-0x00007ed8d3dff640|[P2PService][Service][METRIC]heartBeat,connected count=3
info|2025-12-11 13:08:08.300992|timerFactory-0x00007ed8bfdff640|[RPC][WS][SERVICE]connected nodes,count=0
info|2025-12-11 13:08:08.405046|ioService-0x00007ed8d3dff640|[P2PService][Service][METRIC]heartBeat,connected count=3
info|2025-12-11 13:08:18.301015|timerFactory-0x00007ed8bfdff640|[RPC][WS][SERVICE]connected nodes,count=0
info|2025-12-11 13:08:18.405084|ioService-0x00007ed8d3dff640|[P2PService][Service][METRIC]heartBeat,connected count=3
info|2025-12-11 13:08:28.301041|timerFactory-0x00007ed8bfdff640|[RPC][WS][SERVICE]connected nodes,count=0
info|2025-12-11 13:08:28.405113|ioService-0x00007ed8d3dff640|[P2PService][Service][METRIC]heartBeat,connected count=3
info|2025-12-11 13:08:38.301073|timerFactory-0x00007ed8bfdff640|[RPC][WS][SERVICE]connected nodes,count=0
info|2025-12-11 13:08:38.405264|ioService-0x00007ed8d3dff640|[P2PService][Service][METRIC]heartBeat,connected count=3
info|2025-12-11 13:08:48.301108|timerFactory-0x00007ed8bfdff640|[RPC][WS][SERVICE]connected nodes,count=0
info|2025-12-11 13:08:48.405304|ioService-0x00007ed8d3dff640|[P2PService][Service][METRIC]heartBeat,connected count=3
info|2025-12-11 13:08:58.017321|objMonitor-0x00007ed8ae7ff640|[startMonitor][AliveObjectMonitor],AliveObjectAllocStat=[ type: bcos::gateway::Socket ,created: 11 ,destroyed: 7 ,alive: 4 ] 
info|2025-12-11 13:08:58.301136|timerFactory-0x00007ed8bfdff640|[RPC][WS][SERVICE]connected nodes,count=0
info|2025-12-11 13:08:58.405368|ioService-0x00007ed8d3dff640|[P2PService][Service][METRIC]heartBeat,connected count=3
info|2025-12-11 13:09:08.301169|timerFactory-0x00007ed8bfdff640|[RPC][WS][SERVICE]connected nodes,count=0
info|2025-12-11 13:09:08.405391|ioService-0x00007ed8d3dff640|[P2PService][Service][METRIC]heartBeat,connected count=3
info|2025-12-11 13:09:18.301230|timerFactory-0x00007ed8bfdff640|[RPC][WS][SERVICE]connected nodes,count=0
info|2025-12-11 13:09:18.405448|ioService-0x00007ed8d3dff640|[P2PService][Service][METRIC]heartBeat,connected count=3
info|2025-12-11 13:09:28.301298|timerFactory-0x00007ed8bfdff640|[RPC][WS][SERVICE]connected nodes,count=0
info|2025-12-11 13:09:28.405577|ioService-0x00007ed8d3dff640|[P2PService][Service][METRIC]heartBeat,connected count=3
info|2025-12-11 13:09:38.301328|timerFactory-0x00007ed8bfdff640|[RPC][WS][SERVICE]connected nodes,count=0
info|2025-12-11 13:09:38.405606|ioService-0x00007ed8d3dff640|[P2PService][Service][METRIC]heartBeat,connected count=3
info|2025-12-11 13:09:48.301358|timerFactory-0x00007ed8bfdff640|[RPC][WS][SERVICE]connected nodes,count=0
info|2025-12-11 13:09:48.405667|ioService-0x00007ed8d3dff640|[P2PService][Service][METRIC]heartBeat,connected count=3
info|2025-12-11 13:09:58.017367|objMonitor-0x00007ed8ae7ff640|[startMonitor][AliveObjectMonitor],AliveObjectAllocStat=[ type: bcos::gateway::Socket ,created: 11 ,destroyed: 7 ,alive: 4 ] 
info|2025-12-11 13:09:58.301386|timerFactory-0x00007ed8bfdff640|[RPC][WS][SERVICE]connected nodes,count=0
info|2025-12-11 13:09:58.405689|ioService-0x00007ed8d3dff640|[P2PService][Service][METRIC]heartBeat,connected count=3
info|2025-12-11 13:10:08.301413|timerFactory-0x00007ed8bfdff640|[RPC][WS][SERVICE]connected nodes,count=0
info|2025-12-11 13:10:08.405725|ioService-0x00007ed8d3dff640|[P2PService][Service][METRIC]heartBeat,connected count=3
info|2025-12-11 13:10:18.301439|timerFactory-0x00007ed8bfdff640|[RPC][WS][SERVICE]connected nodes,count=0
info|2025-12-11 13:10:18.405810|ioService-0x00007ed8d3dff640|[P2PService][Service][METRIC]heartBeat,connected count=3
info|2025-12-11 13:10:28.301469|timerFactory-0x00007ed8bfdff640|[RPC][WS][SERVICE]connected nodes,count=0
info|2025-12-11 13:10:28.405867|ioService-0x00007ed8d3dff640|[P2PService][Service][METRIC]heartBeat,connected count=3
info|2025-12-11 13:10:38.301537|timerFactory-0x00007ed8bfdff640|[RPC][WS][SERVICE]connected nodes,count=0
info|2025-12-11 13:10:38.405927|ioService-0x00007ed8d3dff640|[P2PService][Service][METRIC]heartBeat,connected count=3
info|2025-12-11 13:10:48.301591|timerFactory-0x00007ed8bfdff640|[RPC][WS][SERVICE]connected nodes,count=0
info|2025-12-11 13:10:48.405957|ioService-0x00007ed8d3dff640|[P2PService][Service][METRIC]heartBeat,connected count=3
info|2025-12-11 13:10:58.017412|objMonitor-0x00007ed8ae7ff640|[startMonitor][AliveObjectMonitor],AliveObjectAllocStat=[ type: bcos::gateway::Socket ,created: 11 ,destroyed: 7 ,alive: 4 ] 
info|2025-12-11 13:10:58.301662|timerFactory-0x00007ed8bfdff640|[RPC][WS][SERVICE]connected nodes,count=0
info|2025-12-11 13:10:58.405981|ioService-0x00007ed8d3dff640|[P2PService][Service][METRIC]heartBeat,connected count=3
info|2025-12-11 13:11:08.301690|timerFactory-0x00007ed8bfdff640|[RPC][WS][SERVICE]connected nodes,count=0
info|2025-12-11 13:11:08.406043|ioService-0x00007ed8d3dff640|[P2PService][Service][METRIC]heartBeat,connected count=3
info|2025-12-11 13:11:18.301715|timerFactory-0x00007ed8bfdff640|[RPC][WS][SERVICE]connected nodes,count=0
info|2025-12-11 13:11:18.406106|ioService-0x00007ed8d3dff640|[P2PService][Service][METRIC]heartBeat,connected count=3
info|2025-12-11 13:11:28.301742|timerFactory-0x00007ed8bfdff640|[RPC][WS][SERVICE]connected nodes,count=0
info|2025-12-11 13:11:28.406209|ioService-0x00007ed8d3dff640|[P2PService][Service][METRIC]heartBeat,connected count=3
info|2025-12-11 13:11:38.301891|timerFactory-0x00007ed8bfdff640|[RPC][WS][SERVICE]connected nodes,count=0
info|2025-12-11 13:11:38.406240|ioService-0x00007ed8d3dff640|[P2PService][Service][METRIC]heartBeat,connected count=3
info|2025-12-11 13:11:48.301951|timerFactory-0x00007ed8bfdff640|[RPC][WS][SERVICE]connected nodes,count=0
info|2025-12-11 13:11:48.406302|ioService-0x00007ed8d3dff640|[P2PService][Service][METRIC]heartBeat,connected count=3
info|2025-12-11 13:11:58.017459|objMonitor-0x00007ed8ae7ff640|[startMonitor][AliveObjectMonitor],AliveObjectAllocStat=[ type: bcos::gateway::Socket ,created: 11 ,destroyed: 7 ,alive: 4 ] 
info|2025-12-11 13:11:58.301976|timerFactory-0x00007ed8bfdff640|[RPC][WS][SERVICE]connected nodes,count=0
info|2025-12-11 13:11:58.406381|ioService-0x00007ed8d3dff640|[P2PService][Service][METRIC]heartBeat,connected count=3
info|2025-12-11 13:12:08.301998|timerFactory-0x00007ed8bfdff640|[RPC][WS][SERVICE]connected nodes,count=0
info|2025-12-11 13:12:08.406401|ioService-0x00007ed8d3dff640|[P2PService][Service][METRIC]heartBeat,connected count=3
info|2025-12-11 13:12:18.302017|timerFactory-0x00007ed8bfdff640|[RPC][WS][SERVICE]connected nodes,count=0
info|2025-12-11 13:12:18.406477|ioService-0x00007ed8d3dff640|[P2PService][Service][METRIC]heartBeat,connected count=3
info|2025-12-11 13:12:28.302067|timerFactory-0x00007ed8bfdff640|[RPC][WS][SERVICE]connected nodes,count=0
info|2025-12-11 13:12:28.406628|ioService-0x00007ed8d3dff640|[P2PService][Service][METRIC]heartBeat,connected count=3
info|2025-12-11 13:12:38.302131|timerFactory-0x00007ed8bfdff640|[RPC][WS][SERVICE]connected nodes,count=0
info|2025-12-11 13:12:38.406721|ioService-0x00007ed8d3dff640|[P2PService][Service][METRIC]heartBeat,connected count=3
info|2025-12-11 13:12:48.302162|timerFactory-0x00007ed8bfdff640|[RPC][WS][SERVICE]connected nodes,count=0
info|2025-12-11 13:12:48.406787|ioService-0x00007ed8d3dff640|[P2PService][Service][METRIC]heartBeat,connected count=3
info|2025-12-11 13:12:58.017540|objMonitor-0x00007ed8ae7ff640|[startMonitor][AliveObjectMonitor],AliveObjectAllocStat=[ type: bcos::gateway::Socket ,created: 11 ,destroyed: 7 ,alive: 4 ] 
info|2025-12-11 13:12:58.302186|timerFactory-0x00007ed8bfdff640|[RPC][WS][SERVICE]connected nodes,count=0
info|2025-12-11 13:12:58.406872|ioService-0x00007ed8d3dff640|[P2PService][Service][METRIC]heartBeat,connected count=3
info|2025-12-11 13:13:08.302212|timerFactory-0x00007ed8bfdff640|[RPC][WS][SERVICE]connected nodes,count=0
info|2025-12-11 13:13:08.407079|ioService-0x00007ed8d3dff640|[P2PService][Service][METRIC]heartBeat,connected count=3
info|2025-12-11 13:13:18.302267|timerFactory-0x00007ed8bfdff640|[RPC][WS][SERVICE]connected nodes,count=0
info|2025-12-11 13:13:18.407101|ioService-0x00007ed8d3dff640|[P2PService][Service][METRIC]heartBeat,connected count=3
info|2025-12-11 13:13:28.302317|timerFactory-0x00007ed8bfdff640|[RPC][WS][SERVICE]connected nodes,count=0
info|2025-12-11 13:13:28.407256|ioService-0x00007ed8d3dff640|[P2PService][Service][METRIC]heartBeat,connected count=3
info|2025-12-11 13:13:38.302342|timerFactory-0x00007ed8bfdff640|[RPC][WS][SERVICE]connected nodes,count=0
info|2025-12-11 13:13:38.407347|ioService-0x00007ed8d3dff640|[P2PService][Service][METRIC]heartBeat,connected count=3
info|2025-12-11 13:13:48.302374|timerFactory-0x00007ed8bfdff640|[RPC][WS][SERVICE]connected nodes,count=0
info|2025-12-11 13:13:48.407363|ioService-0x00007ed8d3dff640|[P2PService][Service][METRIC]heartBeat,connected count=3
info|2025-12-11 13:13:58.017681|objMonitor-0x00007ed8ae7ff640|[startMonitor][AliveObjectMonitor],AliveObjectAllocStat=[ type: bcos::gateway::Socket ,created: 11 ,destroyed: 7 ,alive: 4 ] [ type: bcos::gateway::ResponseCallback ,created: 1117689 ,destroyed: 1117685 ,alive: 4 ] 
info|2025-12-11 13:13:58.302425|timerFactory-0x00007ed8bfdff640|[RPC][WS][SERVICE]connected nodes,count=0
info|2025-12-11 13:13:58.407421|ioService-0x00007ed8d3dff640|[P2PService][Service][METRIC]heartBeat,connected count=3
info|2025-12-11 13:14:08.302486|timerFactory-0x00007ed8bfdff640|[RPC][WS][SERVICE]connected nodes,count=0
info|2025-12-11 13:14:08.407528|ioService-0x00007ed8d3dff640|[P2PService][Service][METRIC]heartBeat,connected count=3
info|2025-12-11 13:14:18.302545|timerFactory-0x00007ed8bfdff640|[RPC][WS][SERVICE]connected nodes,count=0
info|2025-12-11 13:14:18.407548|ioService-0x00007ed8d3dff640|[P2PService][Service][METRIC]heartBeat,connected count=3
info|2025-12-11 13:14:28.302571|timerFactory-0x00007ed8bfdff640|[RPC][WS][SERVICE]connected nodes,count=0
info|2025-12-11 13:14:28.407611|ioService-0x00007ed8d3dff640|[P2PService][Service][METRIC]heartBeat,connected count=3
info|2025-12-11 13:14:38.302610|timerFactory-0x00007ed8bfdff640|[RPC][WS][SERVICE]connected nodes,count=0
info|2025-12-11 13:14:38.407758|ioService-0x00007ed8d3dff640|[P2PService][Service][METRIC]heartBeat,connected count=3
info|2025-12-11 13:14:48.302647|timerFactory-0x00007ed8bfdff640|[RPC][WS][SERVICE]connected nodes,count=0
info|2025-12-11 13:14:48.407836|ioService-0x00007ed8d3dff640|[P2PService][Service][METRIC]heartBeat,connected count=3
info|2025-12-11 13:14:58.017858|objMonitor-0x00007ed8ae7ff640|[startMonitor][AliveObjectMonitor],AliveObjectAllocStat=[ type: bcos::gateway::Socket ,created: 11 ,destroyed: 7 ,alive: 4 ] 
info|2025-12-11 13:14:58.302690|timerFactory-0x00007ed8bfdff640|[RPC][WS][SERVICE]connected nodes,count=0
info|2025-12-11 13:14:58.408018|ioService-0x00007ed8d3dff640|[P2PService][Service][METRIC]heartBeat,connected count=3
info|2025-12-11 13:15:08.302746|timerFactory-0x00007ed8bfdff640|[RPC][WS][SERVICE]connected nodes,count=0
info|2025-12-11 13:15:08.408246|ioService-0x00007ed8d3dff640|[P2PService][Service][METRIC]heartBeat,connected count=3
info|2025-12-11 13:15:18.302812|timerFactory-0x00007ed8bfdff640|[RPC][WS][SERVICE]connected nodes,count=0
info|2025-12-11 13:15:18.408338|ioService-0x00007ed8d3dff640|[P2PService][Service][METRIC]heartBeat,connected count=3
info|2025-12-11 13:15:28.302886|timerFactory-0x00007ed8bfdff640|[RPC][WS][SERVICE]connected nodes,count=0
info|2025-12-11 13:15:28.408406|ioService-0x00007ed8d3dff640|[P2PService][Service][METRIC]heartBeat,connected count=3
info|2025-12-11 13:15:38.302994|timerFactory-0x00007ed8bfdff640|[RPC][WS][SERVICE]connected nodes,count=0
info|2025-12-11 13:15:38.408425|ioService-0x00007ed8d3dff640|[P2PService][Service][METRIC]heartBeat,connected count=3
info|2025-12-11 13:15:48.303083|timerFactory-0x00007ed8bfdff640|[RPC][WS][SERVICE]connected nodes,count=0
info|2025-12-11 13:15:48.408444|ioService-0x00007ed8d3dff640|[P2PService][Service][METRIC]heartBeat,connected count=3
info|2025-12-11 13:15:58.017902|objMonitor-0x00007ed8ae7ff640|[startMonitor][AliveObjectMonitor],AliveObjectAllocStat=[ type: bcos::gateway::Socket ,created: 11 ,destroyed: 7 ,alive: 4 ] 
info|2025-12-11 13:15:58.303134|timerFactory-0x00007ed8bfdff640|[RPC][WS][SERVICE]connected nodes,count=0
info|2025-12-11 13:15:58.408466|ioService-0x00007ed8d3dff640|[P2PService][Service][METRIC]heartBeat,connected count=3
info|2025-12-11 13:16:08.303178|timerFactory-0x00007ed8bfdff640|[RPC][WS][SERVICE]connected nodes,count=0
info|2025-12-11 13:16:08.408492|ioService-0x00007ed8d3dff640|[P2PService][Service][METRIC]heartBeat,connected count=3
info|2025-12-11 13:16:18.303273|timerFactory-0x00007ed8bfdff640|[RPC][WS][SERVICE]connected nodes,count=0
info|2025-12-11 13:16:18.408556|ioService-0x00007ed8d3dff640|[P2PService][Service][METRIC]heartBeat,connected count=3
info|2025-12-11 13:16:28.303333|timerFactory-0x00007ed8bfdff640|[RPC][WS][SERVICE]connected nodes,count=0
info|2025-12-11 13:16:28.408600|ioService-0x00007ed8d3dff640|[P2PService][Service][METRIC]heartBeat,connected count=3
info|2025-12-11 13:16:38.303356|timerFactory-0x00007ed8bfdff640|[RPC][WS][SERVICE]connected nodes,count=0
info|2025-12-11 13:16:38.408626|ioService-0x00007ed8d3dff640|[P2PService][Service][METRIC]heartBeat,connected count=3
info|2025-12-11 13:16:48.303417|timerFactory-0x00007ed8bfdff640|[RPC][WS][SERVICE]connected nodes,count=0
info|2025-12-11 13:16:48.408679|ioService-0x00007ed8d3dff640|[P2PService][Service][METRIC]heartBeat,connected count=3
info|2025-12-11 13:16:58.017952|objMonitor-0x00007ed8ae7ff640|[startMonitor][AliveObjectMonitor],AliveObjectAllocStat=[ type: bcos::gateway::Socket ,created: 11 ,destroyed: 7 ,alive: 4 ] 
info|2025-12-11 13:16:58.303509|timerFactory-0x00007ed8bfdff640|[RPC][WS][SERVICE]connected nodes,count=0
info|2025-12-11 13:16:58.408780|ioService-0x00007ed8d3dff640|[P2PService][Service][METRIC]heartBeat,connected count=3
info|2025-12-11 13:17:08.303575|timerFactory-0x00007ed8bfdff640|[RPC][WS][SERVICE]connected nodes,count=0
info|2025-12-11 13:17:08.409035|ioService-0x00007ed8d3dff640|[P2PService][Service][METRIC]heartBeat,connected count=3
info|2025-12-11 13:17:18.303606|timerFactory-0x00007ed8bfdff640|[RPC][WS][SERVICE]connected nodes,count=0
info|2025-12-11 13:17:18.409074|ioService-0x00007ed8d3dff640|[P2PService][Service][METRIC]heartBeat,connected count=3
info|2025-12-11 13:17:28.303635|timerFactory-0x00007ed8bfdff640|[RPC][WS][SERVICE]connected nodes,count=0
info|2025-12-11 13:17:28.409105|ioService-0x00007ed8d3dff640|[P2PService][Service][METRIC]heartBeat,connected count=3
info|2025-12-11 13:17:38.303664|timerFactory-0x00007ed8bfdff640|[RPC][WS][SERVICE]connected nodes,count=0
info|2025-12-11 13:17:38.409134|ioService-0x00007ed8d3dff640|[P2PService][Service][METRIC]heartBeat,connected count=3
info|2025-12-11 13:17:48.303694|timerFactory-0x00007ed8bfdff640|[RPC][WS][SERVICE]connected nodes,count=0
info|2025-12-11 13:17:48.409190|ioService-0x00007ed8d3dff640|[P2PService][Service][METRIC]heartBeat,connected count=3
info|2025-12-11 13:17:58.017994|objMonitor-0x00007ed8ae7ff640|[startMonitor][AliveObjectMonitor],AliveObjectAllocStat=[ type: bcos::gateway::Socket ,created: 11 ,destroyed: 7 ,alive: 4 ] 
info|2025-12-11 13:17:58.303763|timerFactory-0x00007ed8bfdff640|[RPC][WS][SERVICE]connected nodes,count=0
info|2025-12-11 13:17:58.409297|ioService-0x00007ed8d3dff640|[P2PService][Service][METRIC]heartBeat,connected count=3
info|2025-12-11 13:18:08.303856|timerFactory-0x00007ed8bfdff640|[RPC][WS][SERVICE]connected nodes,count=0
info|2025-12-11 13:18:08.409327|ioService-0x00007ed8d3dff640|[P2PService][Service][METRIC]heartBeat,connected count=3
info|2025-12-11 13:18:18.303917|timerFactory-0x00007ed8bfdff640|[RPC][WS][SERVICE]connected nodes,count=0
info|2025-12-11 13:18:18.409350|ioService-0x00007ed8d3dff640|[P2PService][Service][METRIC]heartBeat,connected count=3
info|2025-12-11 13:18:28.303941|timerFactory-0x00007ed8bfdff640|[RPC][WS][SERVICE]connected nodes,count=0
info|2025-12-11 13:18:28.409432|ioService-0x00007ed8d3dff640|[P2PService][Service][METRIC]heartBeat,connected count=3
info|2025-12-11 13:18:38.304081|timerFactory-0x00007ed8bfdff640|[RPC][WS][SERVICE]connected nodes,count=0
info|2025-12-11 13:18:38.409453|ioService-0x00007ed8d3dff640|[P2PService][Service][METRIC]heartBeat,connected count=3
info|2025-12-11 13:18:48.304200|timerFactory-0x00007ed8bfdff640|[RPC][WS][SERVICE]connected nodes,count=0
info|2025-12-11 13:18:48.409529|ioService-0x00007ed8d3dff640|[P2PService][Service][METRIC]heartBeat,connected count=3
info|2025-12-11 13:18:58.018060|objMonitor-0x00007ed8ae7ff640|[startMonitor][AliveObjectMonitor],AliveObjectAllocStat=[ type: bcos::gateway::Socket ,created: 11 ,destroyed: 7 ,alive: 4 ] 
info|2025-12-11 13:18:58.304260|timerFactory-0x00007ed8bfdff640|[RPC][WS][SERVICE]connected nodes,count=0
info|2025-12-11 13:18:58.409594|ioService-0x00007ed8d3dff640|[P2PService][Service][METRIC]heartBeat,connected count=3
info|2025-12-11 13:19:08.304314|timerFactory-0x00007ed8bfdff640|[RPC][WS][SERVICE]connected nodes,count=0
info|2025-12-11 13:19:08.409626|ioService-0x00007ed8d3dff640|[P2PService][Service][METRIC]heartBeat,connected count=3
info|2025-12-11 13:19:18.304340|timerFactory-0x00007ed8bfdff640|[RPC][WS][SERVICE]connected nodes,count=0
info|2025-12-11 13:19:18.409757|ioService-0x00007ed8d3dff640|[P2PService][Service][METRIC]heartBeat,connected count=3
info|2025-12-11 13:19:28.304362|timerFactory-0x00007ed8bfdff640|[RPC][WS][SERVICE]connected nodes,count=0
info|2025-12-11 13:19:28.409857|ioService-0x00007ed8d3dff640|[P2PService][Service][METRIC]heartBeat,connected count=3
info|2025-12-11 13:19:38.304386|timerFactory-0x00007ed8bfdff640|[RPC][WS][SERVICE]connected nodes,count=0
info|2025-12-11 13:19:38.409955|ioService-0x00007ed8d3dff640|[P2PService][Service][METRIC]heartBeat,connected count=3
info|2025-12-11 13:19:48.304412|timerFactory-0x00007ed8bfdff640|[RPC][WS][SERVICE]connected nodes,count=0
info|2025-12-11 13:19:48.410097|ioService-0x00007ed8d3dff640|[P2PService][Service][METRIC]heartBeat,connected count=3
info|2025-12-11 13:19:58.018108|objMonitor-0x00007ed8ae7ff640|[startMonitor][AliveObjectMonitor],AliveObjectAllocStat=[ type: bcos::gateway::Socket ,created: 11 ,destroyed: 7 ,alive: 4 ] 
info|2025-12-11 13:19:58.304437|timerFactory-0x00007ed8bfdff640|[RPC][WS][SERVICE]connected nodes,count=0
info|2025-12-11 13:19:58.410160|ioService-0x00007ed8d3dff640|[P2PService][Service][METRIC]heartBeat,connected count=3
info|2025-12-11 13:20:08.304497|timerFactory-0x00007ed8bfdff640|[RPC][WS][SERVICE]connected nodes,count=0
info|2025-12-11 13:20:08.410208|ioService-0x00007ed8d3dff640|[P2PService][Service][METRIC]heartBeat,connected count=3
info|2025-12-11 13:20:18.304542|timerFactory-0x00007ed8bfdff640|[RPC][WS][SERVICE]connected nodes,count=0
info|2025-12-11 13:20:18.410275|ioService-0x00007ed8d3dff640|[P2PService][Service][METRIC]heartBeat,connected count=3
info|2025-12-11 13:20:28.304576|timerFactory-0x00007ed8bfdff640|[RPC][WS][SERVICE]connected nodes,count=0
info|2025-12-11 13:20:28.410351|ioService-0x00007ed8d3dff640|[P2PService][Service][METRIC]heartBeat,connected count=3
info|2025-12-11 13:20:38.304605|timerFactory-0x00007ed8bfdff640|[RPC][WS][SERVICE]connected nodes,count=0
info|2025-12-11 13:20:38.410368|ioService-0x00007ed8d3dff640|[P2PService][Service][METRIC]heartBeat,connected count=3
info|2025-12-11 13:20:48.304745|timerFactory-0x00007ed8bfdff640|[RPC][WS][SERVICE]connected nodes,count=0
info|2025-12-11 13:20:48.410386|ioService-0x00007ed8d3dff640|[P2PService][Service][METRIC]heartBeat,connected count=3
info|2025-12-11 13:20:58.018158|objMonitor-0x00007ed8ae7ff640|[startMonitor][AliveObjectMonitor],AliveObjectAllocStat=[ type: bcos::gateway::Socket ,created: 11 ,destroyed: 7 ,alive: 4 ] 
info|2025-12-11 13:20:58.304858|timerFactory-0x00007ed8bfdff640|[RPC][WS][SERVICE]connected nodes,count=0
info|2025-12-11 13:20:58.410440|ioService-0x00007ed8d3dff640|[P2PService][Service][METRIC]heartBeat,connected count=3
info|2025-12-11 13:21:08.304879|timerFactory-0x00007ed8bfdff640|[RPC][WS][SERVICE]connected nodes,count=0
info|2025-12-11 13:21:08.410555|ioService-0x00007ed8d3dff640|[P2PService][Service][METRIC]heartBeat,connected count=3
info|2025-12-11 13:21:18.304994|timerFactory-0x00007ed8bfdff640|[RPC][WS][SERVICE]connected nodes,count=0
info|2025-12-11 13:21:18.410619|ioService-0x00007ed8d3dff640|[P2PService][Service][METRIC]heartBeat,connected count=3
info|2025-12-11 13:21:28.305015|timerFactory-0x00007ed8bfdff640|[RPC][WS][SERVICE]connected nodes,count=0
info|2025-12-11 13:21:28.410644|ioService-0x00007ed8d3dff640|[P2PService][Service][METRIC]heartBeat,connected count=3
info|2025-12-11 13:21:38.305062|timerFactory-0x00007ed8bfdff640|[RPC][WS][SERVICE]connected nodes,count=0
info|2025-12-11 13:21:38.410687|ioService-0x00007ed8d3dff640|[P2PService][Service][METRIC]heartBeat,connected count=3
info|2025-12-11 13:21:48.305082|timerFactory-0x00007ed8bfdff640|[RPC][WS][SERVICE]connected nodes,count=0
info|2025-12-11 13:21:48.410763|ioService-0x00007ed8d3dff640|[P2PService][Service][METRIC]heartBeat,connected count=3
info|2025-12-11 13:21:58.018325|objMonitor-0x00007ed8ae7ff640|[startMonitor][AliveObjectMonitor],AliveObjectAllocStat=[ type: bcos::gateway::Socket ,created: 11 ,destroyed: 7 ,alive: 4 ] 
info|2025-12-11 13:21:58.305104|timerFactory-0x00007ed8bfdff640|[RPC][WS][SERVICE]connected nodes,count=0
info|2025-12-11 13:21:58.410863|ioService-0x00007ed8d3dff640|[P2PService][Service][METRIC]heartBeat,connected count=3
info|2025-12-11 13:22:08.305192|timerFactory-0x00007ed8bfdff640|[RPC][WS][SERVICE]connected nodes,count=0
info|2025-12-11 13:22:08.410904|ioService-0x00007ed8d3dff640|[P2PService][Service][METRIC]heartBeat,connected count=3
info|2025-12-11 13:22:18.305255|timerFactory-0x00007ed8bfdff640|[RPC][WS][SERVICE]connected nodes,count=0
info|2025-12-11 13:22:18.411234|ioService-0x00007ed8d3dff640|[P2PService][Service][METRIC]heartBeat,connected count=3
info|2025-12-11 13:22:28.305278|timerFactory-0x00007ed8bfdff640|[RPC][WS][SERVICE]connected nodes,count=0
info|2025-12-11 13:22:28.411325|ioService-0x00007ed8d3dff640|[P2PService][Service][METRIC]heartBeat,connected count=3
info|2025-12-11 13:22:38.305347|timerFactory-0x00007ed8bfdff640|[RPC][WS][SERVICE]connected nodes,count=0
info|2025-12-11 13:22:38.411359|ioService-0x00007ed8d3dff640|[P2PService][Service][METRIC]heartBeat,connected count=3
info|2025-12-11 13:22:48.305373|timerFactory-0x00007ed8bfdff640|[RPC][WS][SERVICE]connected nodes,count=0
info|2025-12-11 13:22:48.411385|ioService-0x00007ed8d3dff640|[P2PService][Service][METRIC]heartBeat,connected count=3
info|2025-12-11 13:22:58.018369|objMonitor-0x00007ed8ae7ff640|[startMonitor][AliveObjectMonitor],AliveObjectAllocStat=[ type: bcos::gateway::Socket ,created: 11 ,destroyed: 7 ,alive: 4 ] 
info|2025-12-11 13:22:58.305399|timerFactory-0x00007ed8bfdff640|[RPC][WS][SERVICE]connected nodes,count=0
info|2025-12-11 13:22:58.411405|ioService-0x00007ed8d3dff640|[P2PService][Service][METRIC]heartBeat,connected count=3
info|2025-12-11 13:23:08.305425|timerFactory-0x00007ed8bfdff640|[RPC][WS][SERVICE]connected nodes,count=0
info|2025-12-11 13:23:08.411430|ioService-0x00007ed8d3dff640|[P2PService][Service][METRIC]heartBeat,connected count=3
info|2025-12-11 13:23:18.305455|timerFactory-0x00007ed8bfdff640|[RPC][WS][SERVICE]connected nodes,count=0
info|2025-12-11 13:23:18.411454|ioService-0x00007ed8d3dff640|[P2PService][Service][METRIC]heartBeat,connected count=3
info|2025-12-11 13:23:28.305509|timerFactory-0x00007ed8bfdff640|[RPC][WS][SERVICE]connected nodes,count=0
info|2025-12-11 13:23:28.411482|ioService-0x00007ed8d3dff640|[P2PService][Service][METRIC]heartBeat,connected count=3
info|2025-12-11 13:23:38.305607|timerFactory-0x00007ed8bfdff640|[RPC][WS][SERVICE]connected nodes,count=0
info|2025-12-11 13:23:38.411574|ioService-0x00007ed8d3dff640|[P2PService][Service][METRIC]heartBeat,connected count=3
info|2025-12-11 13:23:48.305718|timerFactory-0x00007ed8bfdff640|[RPC][WS][SERVICE]connected nodes,count=0
info|2025-12-11 13:23:48.411639|ioService-0x00007ed8d3dff640|[P2PService][Service][METRIC]heartBeat,connected count=3
info|2025-12-11 13:23:58.018415|objMonitor-0x00007ed8ae7ff640|[startMonitor][AliveObjectMonitor],AliveObjectAllocStat=[ type: bcos::gateway::Socket ,created: 11 ,destroyed: 7 ,alive: 4 ] 
info|2025-12-11 13:23:58.305784|timerFactory-0x00007ed8bfdff640|[RPC][WS][SERVICE]connected nodes,count=0
info|2025-12-11 13:23:58.411690|ioService-0x00007ed8d3dff640|[P2PService][Service][METRIC]heartBeat,connected count=3
info|2025-12-11 13:24:08.305860|timerFactory-0x00007ed8bfdff640|[RPC][WS][SERVICE]connected nodes,count=0
info|2025-12-11 13:24:08.411717|ioService-0x00007ed8d3dff640|[P2PService][Service][METRIC]heartBeat,connected count=3
info|2025-12-11 13:24:18.305887|timerFactory-0x00007ed8bfdff640|[RPC][WS][SERVICE]connected nodes,count=0
info|2025-12-11 13:24:18.411802|ioService-0x00007ed8d3dff640|[P2PService][Service][METRIC]heartBeat,connected count=3
info|2025-12-11 13:24:28.305939|timerFactory-0x00007ed8bfdff640|[RPC][WS][SERVICE]connected nodes,count=0
info|2025-12-11 13:24:28.411826|ioService-0x00007ed8d3dff640|[P2PService][Service][METRIC]heartBeat,connected count=3
info|2025-12-11 13:24:38.306007|timerFactory-0x00007ed8bfdff640|[RPC][WS][SERVICE]connected nodes,count=0
info|2025-12-11 13:24:38.411846|ioService-0x00007ed8d3dff640|[P2PService][Service][METRIC]heartBeat,connected count=3
info|2025-12-11 13:24:48.306078|timerFactory-0x00007ed8bfdff640|[RPC][WS][SERVICE]connected nodes,count=0
info|2025-12-11 13:24:48.411870|ioService-0x00007ed8d3dff640|[P2PService][Service][METRIC]heartBeat,connected count=3
info|2025-12-11 13:24:58.018500|objMonitor-0x00007ed8ae7ff640|[startMonitor][AliveObjectMonitor],AliveObjectAllocStat=[ type: bcos::gateway::Socket ,created: 11 ,destroyed: 7 ,alive: 4 ] 
info|2025-12-11 13:24:58.306231|timerFactory-0x00007ed8bfdff640|[RPC][WS][SERVICE]connected nodes,count=0
info|2025-12-11 13:24:58.411889|ioService-0x00007ed8d3dff640|[P2PService][Service][METRIC]heartBeat,connected count=3
info|2025-12-11 13:25:08.306255|timerFactory-0x00007ed8bfdff640|[RPC][WS][SERVICE]connected nodes,count=0
info|2025-12-11 13:25:08.411985|ioService-0x00007ed8d3dff640|[P2PService][Service][METRIC]heartBeat,connected count=3
info|2025-12-11 13:25:18.306277|timerFactory-0x00007ed8bfdff640|[RPC][WS][SERVICE]connected nodes,count=0
info|2025-12-11 13:25:18.412005|ioService-0x00007ed8d3dff640|[P2PService][Service][METRIC]heartBeat,connected count=3
info|2025-12-11 13:25:28.306316|timerFactory-0x00007ed8bfdff640|[RPC][WS][SERVICE]connected nodes,count=0
info|2025-12-11 13:25:28.412080|ioService-0x00007ed8d3dff640|[P2PService][Service][METRIC]heartBeat,connected count=3
info|2025-12-11 13:25:38.306369|timerFactory-0x00007ed8bfdff640|[RPC][WS][SERVICE]connected nodes,count=0
info|2025-12-11 13:25:38.412172|ioService-0x00007ed8d3dff640|[P2PService][Service][METRIC]heartBeat,connected count=3
info|2025-12-11 13:25:48.306429|timerFactory-0x00007ed8bfdff640|[RPC][WS][SERVICE]connected nodes,count=0
info|2025-12-11 13:25:48.412192|ioService-0x00007ed8d3dff640|[P2PService][Service][METRIC]heartBeat,connected count=3
info|2025-12-11 13:25:58.018548|objMonitor-0x00007ed8ae7ff640|[startMonitor][AliveObjectMonitor],AliveObjectAllocStat=[ type: bcos::gateway::Socket ,created: 11 ,destroyed: 7 ,alive: 4 ] 
info|2025-12-11 13:25:58.306454|timerFactory-0x00007ed8bfdff640|[RPC][WS][SERVICE]connected nodes,count=0
info|2025-12-11 13:25:58.412214|ioService-0x00007ed8d3dff640|[P2PService][Service][METRIC]heartBeat,connected count=3
info|2025-12-11 13:26:08.306482|timerFactory-0x00007ed8bfdff640|[RPC][WS][SERVICE]connected nodes,count=0
info|2025-12-11 13:26:08.412236|ioService-0x00007ed8d3dff640|[P2PService][Service][METRIC]heartBeat,connected count=3
info|2025-12-11 13:26:18.306559|timerFactory-0x00007ed8bfdff640|[RPC][WS][SERVICE]connected nodes,count=0
info|2025-12-11 13:26:18.412298|ioService-0x00007ed8d3dff640|[P2PService][Service][METRIC]heartBeat,connected count=3
info|2025-12-11 13:26:28.306581|timerFactory-0x00007ed8bfdff640|[RPC][WS][SERVICE]connected nodes,count=0
info|2025-12-11 13:26:28.412359|ioService-0x00007ed8d3dff640|[P2PService][Service][METRIC]heartBeat,connected count=3
info|2025-12-11 13:26:38.306599|timerFactory-0x00007ed8bfdff640|[RPC][WS][SERVICE]connected nodes,count=0
info|2025-12-11 13:26:38.412386|ioService-0x00007ed8d3dff640|[P2PService][Service][METRIC]heartBeat,connected count=3
info|2025-12-11 13:26:48.306619|timerFactory-0x00007ed8bfdff640|[RPC][WS][SERVICE]connected nodes,count=0
info|2025-12-11 13:26:48.412479|ioService-0x00007ed8d3dff640|[P2PService][Service][METRIC]heartBeat,connected count=3
info|2025-12-11 13:26:58.018593|objMonitor-0x00007ed8ae7ff640|[startMonitor][AliveObjectMonitor],AliveObjectAllocStat=[ type: bcos::gateway::Socket ,created: 11 ,destroyed: 7 ,alive: 4 ] 
info|2025-12-11 13:26:58.306641|timerFactory-0x00007ed8bfdff640|[RPC][WS][SERVICE]connected nodes,count=0
info|2025-12-11 13:26:58.412559|ioService-0x00007ed8d3dff640|[P2PService][Service][METRIC]heartBeat,connected count=3
info|2025-12-11 13:27:08.306705|timerFactory-0x00007ed8bfdff640|[RPC][WS][SERVICE]connected nodes,count=0
info|2025-12-11 13:27:08.412619|ioService-0x00007ed8d3dff640|[P2PService][Service][METRIC]heartBeat,connected count=3
info|2025-12-11 13:27:18.306806|timerFactory-0x00007ed8bfdff640|[RPC][WS][SERVICE]connected nodes,count=0
info|2025-12-11 13:27:18.412639|ioService-0x00007ed8d3dff640|[P2PService][Service][METRIC]heartBeat,connected count=3
info|2025-12-11 13:27:28.306866|timerFactory-0x00007ed8bfdff640|[RPC][WS][SERVICE]connected nodes,count=0
info|2025-12-11 13:27:28.412711|ioService-0x00007ed8d3dff640|[P2PService][Service][METRIC]heartBeat,connected count=3
info|2025-12-11 13:27:38.306920|timerFactory-0x00007ed8bfdff640|[RPC][WS][SERVICE]connected nodes,count=0
info|2025-12-11 13:27:38.412797|ioService-0x00007ed8d3dff640|[P2PService][Service][METRIC]heartBeat,connected count=3
info|2025-12-11 13:27:48.306981|timerFactory-0x00007ed8bfdff640|[RPC][WS][SERVICE]connected nodes,count=0
info|2025-12-11 13:27:48.412823|ioService-0x00007ed8d3dff640|[P2PService][Service][METRIC]heartBeat,connected count=3
info|2025-12-11 13:27:58.018643|objMonitor-0x00007ed8ae7ff640|[startMonitor][AliveObjectMonitor],AliveObjectAllocStat=[ type: bcos::gateway::Socket ,created: 11 ,destroyed: 7 ,alive: 4 ] 
info|2025-12-11 13:27:58.307047|timerFactory-0x00007ed8bfdff640|[RPC][WS][SERVICE]connected nodes,count=0
info|2025-12-11 13:27:58.412881|ioService-0x00007ed8d3dff640|[P2PService][Service][METRIC]heartBeat,connected count=3
info|2025-12-11 13:28:08.307068|timerFactory-0x00007ed8bfdff640|[RPC][WS][SERVICE]connected nodes,count=0
info|2025-12-11 13:28:08.412953|ioService-0x00007ed8d3dff640|[P2PService][Service][METRIC]heartBeat,connected count=3
info|2025-12-11 13:28:18.307157|timerFactory-0x00007ed8bfdff640|[RPC][WS][SERVICE]connected nodes,count=0
info|2025-12-11 13:28:18.412979|ioService-0x00007ed8d3dff640|[P2PService][Service][METRIC]heartBeat,connected count=3
info|2025-12-11 13:28:28.307177|timerFactory-0x00007ed8bfdff640|[RPC][WS][SERVICE]connected nodes,count=0
info|2025-12-11 13:28:28.413000|ioService-0x00007ed8d3dff640|[P2PService][Service][METRIC]heartBeat,connected count=3
info|2025-12-11 13:28:38.307240|timerFactory-0x00007ed8bfdff640|[RPC][WS][SERVICE]connected nodes,count=0
info|2025-12-11 13:28:38.413054|ioService-0x00007ed8d3dff640|[P2PService][Service][METRIC]heartBeat,connected count=3
info|2025-12-11 13:28:48.307264|timerFactory-0x00007ed8bfdff640|[RPC][WS][SERVICE]connected nodes,count=0
info|2025-12-11 13:28:48.413126|ioService-0x00007ed8d3dff640|[P2PService][Service][METRIC]heartBeat,connected count=3
info|2025-12-11 13:28:58.018689|objMonitor-0x00007ed8ae7ff640|[startMonitor][AliveObjectMonitor],AliveObjectAllocStat=[ type: bcos::gateway::Socket ,created: 11 ,destroyed: 7 ,alive: 4 ] 
info|2025-12-11 13:28:58.307282|timerFactory-0x00007ed8bfdff640|[RPC][WS][SERVICE]connected nodes,count=0
info|2025-12-11 13:28:58.413238|ioService-0x00007ed8d3dff640|[P2PService][Service][METRIC]heartBeat,connected count=3
info|2025-12-11 13:29:08.307301|timerFactory-0x00007ed8bfdff640|[RPC][WS][SERVICE]connected nodes,count=0
info|2025-12-11 13:29:08.413276|ioService-0x00007ed8d3dff640|[P2PService][Service][METRIC]heartBeat,connected count=3
info|2025-12-11 13:29:18.307322|timerFactory-0x00007ed8bfdff640|[RPC][WS][SERVICE]connected nodes,count=0
info|2025-12-11 13:29:18.413342|ioService-0x00007ed8d3dff640|[P2PService][Service][METRIC]heartBeat,connected count=3
info|2025-12-11 13:29:28.307346|timerFactory-0x00007ed8bfdff640|[RPC][WS][SERVICE]connected nodes,count=0
info|2025-12-11 13:29:28.413365|ioService-0x00007ed8d3dff640|[P2PService][Service][METRIC]heartBeat,connected count=3
info|2025-12-11 13:29:38.307374|timerFactory-0x00007ed8bfdff640|[RPC][WS][SERVICE]connected nodes,count=0
info|2025-12-11 13:29:38.413459|ioService-0x00007ed8d3dff640|[P2PService][Service][METRIC]heartBeat,connected count=3
info|2025-12-11 13:29:48.307442|timerFactory-0x00007ed8bfdff640|[RPC][WS][SERVICE]connected nodes,count=0
info|2025-12-11 13:29:48.413485|ioService-0x00007ed8d3dff640|[P2PService][Service][METRIC]heartBeat,connected count=3
info|2025-12-11 13:29:58.018732|objMonitor-0x00007ed8ae7ff640|[startMonitor][AliveObjectMonitor],AliveObjectAllocStat=[ type: bcos::gateway::Socket ,created: 11 ,destroyed: 7 ,alive: 4 ] 
info|2025-12-11 13:29:58.307464|timerFactory-0x00007ed8bfdff640|[RPC][WS][SERVICE]connected nodes,count=0
info|2025-12-11 13:29:58.413523|ioService-0x00007ed8d3dff640|[P2PService][Service][METRIC]heartBeat,connected count=3
info|2025-12-11 13:30:08.307627|timerFactory-0x00007ed8bfdff640|[RPC][WS][SERVICE]connected nodes,count=0
info|2025-12-11 13:30:08.413554|ioService-0x00007ed8d3dff640|[P2PService][Service][METRIC]heartBeat,connected count=3
info|2025-12-11 13:30:18.307648|timerFactory-0x00007ed8bfdff640|[RPC][WS][SERVICE]connected nodes,count=0
info|2025-12-11 13:30:18.413578|ioService-0x00007ed8d3dff640|[P2PService][Service][METRIC]heartBeat,connected count=3
info|2025-12-11 13:30:28.307671|timerFactory-0x00007ed8bfdff640|[RPC][WS][SERVICE]connected nodes,count=0
info|2025-12-11 13:30:28.413606|ioService-0x00007ed8d3dff640|[P2PService][Service][METRIC]heartBeat,connected count=3
info|2025-12-11 13:30:38.307717|timerFactory-0x00007ed8bfdff640|[RPC][WS][SERVICE]connected nodes,count=0
info|2025-12-11 13:30:38.413631|ioService-0x00007ed8d3dff640|[P2PService][Service][METRIC]heartBeat,connected count=3
info|2025-12-11 13:30:48.307739|timerFactory-0x00007ed8bfdff640|[RPC][WS][SERVICE]connected nodes,count=0
info|2025-12-11 13:30:48.413659|ioService-0x00007ed8d3dff640|[P2PService][Service][METRIC]heartBeat,connected count=3
info|2025-12-11 13:30:58.018779|objMonitor-0x00007ed8ae7ff640|[startMonitor][AliveObjectMonitor],AliveObjectAllocStat=[ type: bcos::gateway::Socket ,created: 11 ,destroyed: 7 ,alive: 4 ] 
info|2025-12-11 13:30:58.307759|timerFactory-0x00007ed8bfdff640|[RPC][WS][SERVICE]connected nodes,count=0
info|2025-12-11 13:30:58.413729|ioService-0x00007ed8d3dff640|[P2PService][Service][METRIC]heartBeat,connected count=3
info|2025-12-11 13:31:08.307815|timerFactory-0x00007ed8bfdff640|[RPC][WS][SERVICE]connected nodes,count=0
info|2025-12-11 13:31:08.413794|ioService-0x00007ed8d3dff640|[P2PService][Service][METRIC]heartBeat,connected count=3
info|2025-12-11 13:31:18.307876|timerFactory-0x00007ed8bfdff640|[RPC][WS][SERVICE]connected nodes,count=0
info|2025-12-11 13:31:18.413867|ioService-0x00007ed8d3dff640|[P2PService][Service][METRIC]heartBeat,connected count=3
info|2025-12-11 13:31:28.307935|timerFactory-0x00007ed8bfdff640|[RPC][WS][SERVICE]connected nodes,count=0
info|2025-12-11 13:31:28.413986|ioService-0x00007ed8d3dff640|[P2PService][Service][METRIC]heartBeat,connected count=3
info|2025-12-11 13:31:38.307999|timerFactory-0x00007ed8bfdff640|[RPC][WS][SERVICE]connected nodes,count=0
info|2025-12-11 13:31:38.414092|ioService-0x00007ed8d3dff640|[P2PService][Service][METRIC]heartBeat,connected count=3
info|2025-12-11 13:31:48.308058|timerFactory-0x00007ed8bfdff640|[RPC][WS][SERVICE]connected nodes,count=0
info|2025-12-11 13:31:48.414214|ioService-0x00007ed8d3dff640|[P2PService][Service][METRIC]heartBeat,connected count=3
info|2025-12-11 13:31:58.018826|objMonitor-0x00007ed8ae7ff640|[startMonitor][AliveObjectMonitor],AliveObjectAllocStat=[ type: bcos::gateway::Socket ,created: 11 ,destroyed: 7 ,alive: 4 ] 
info|2025-12-11 13:31:58.308131|timerFactory-0x00007ed8bfdff640|[RPC][WS][SERVICE]connected nodes,count=0
info|2025-12-11 13:31:58.414366|ioService-0x00007ed8d3dff640|[P2PService][Service][METRIC]heartBeat,connected count=3
info|2025-12-11 13:32:08.308163|timerFactory-0x00007ed8bfdff640|[RPC][WS][SERVICE]connected nodes,count=0
info|2025-12-11 13:32:08.414396|ioService-0x00007ed8d3dff640|[P2PService][Service][METRIC]heartBeat,connected count=3
info|2025-12-11 13:32:18.308191|timerFactory-0x00007ed8bfdff640|[RPC][WS][SERVICE]connected nodes,count=0
info|2025-12-11 13:32:18.414424|ioService-0x00007ed8d3dff640|[P2PService][Service][METRIC]heartBeat,connected count=3
info|2025-12-11 13:32:28.308223|timerFactory-0x00007ed8bfdff640|[RPC][WS][SERVICE]connected nodes,count=0
info|2025-12-11 13:32:28.414449|ioService-0x00007ed8d3dff640|[P2PService][Service][METRIC]heartBeat,connected count=3
info|2025-12-11 13:32:38.308288|timerFactory-0x00007ed8bfdff640|[RPC][WS][SERVICE]connected nodes,count=0
info|2025-12-11 13:32:38.414472|ioService-0x00007ed8d3dff640|[P2PService][Service][METRIC]heartBeat,connected count=3
info|2025-12-11 13:32:48.308317|timerFactory-0x00007ed8bfdff640|[RPC][WS][SERVICE]connected nodes,count=0
info|2025-12-11 13:32:48.414495|ioService-0x00007ed8d3dff640|[P2PService][Service][METRIC]heartBeat,connected count=3
info|2025-12-11 13:32:58.018871|objMonitor-0x00007ed8ae7ff640|[startMonitor][AliveObjectMonitor],AliveObjectAllocStat=[ type: bcos::gateway::Socket ,created: 11 ,destroyed: 7 ,alive: 4 ] 
info|2025-12-11 13:32:58.308346|timerFactory-0x00007ed8bfdff640|[RPC][WS][SERVICE]connected nodes,count=0
info|2025-12-11 13:32:58.414517|ioService-0x00007ed8d3dff640|[P2PService][Service][METRIC]heartBeat,connected count=3
info|2025-12-11 13:33:08.308376|timerFactory-0x00007ed8bfdff640|[RPC][WS][SERVICE]connected nodes,count=0
info|2025-12-11 13:33:08.414539|ioService-0x00007ed8d3dff640|[P2PService][Service][METRIC]heartBeat,connected count=3
info|2025-12-11 13:33:18.308405|timerFactory-0x00007ed8bfdff640|[RPC][WS][SERVICE]connected nodes,count=0
info|2025-12-11 13:33:18.414604|ioService-0x00007ed8d3dff640|[P2PService][Service][METRIC]heartBeat,connected count=3
info|2025-12-11 13:33:28.308434|timerFactory-0x00007ed8bfdff640|[RPC][WS][SERVICE]connected nodes,count=0
info|2025-12-11 13:33:28.414681|ioService-0x00007ed8d3dff640|[P2PService][Service][METRIC]heartBeat,connected count=3
info|2025-12-11 13:33:38.308460|timerFactory-0x00007ed8bfdff640|[RPC][WS][SERVICE]connected nodes,count=0
info|2025-12-11 13:33:38.414747|ioService-0x00007ed8d3dff640|[P2PService][Service][METRIC]heartBeat,connected count=3
info|2025-12-11 13:33:48.308504|timerFactory-0x00007ed8bfdff640|[RPC][WS][SERVICE]connected nodes,count=0
info|2025-12-11 13:33:48.414856|ioService-0x00007ed8d3dff640|[P2PService][Service][METRIC]heartBeat,connected count=3
info|2025-12-11 13:33:58.019042|objMonitor-0x00007ed8ae7ff640|[startMonitor][AliveObjectMonitor],AliveObjectAllocStat=[ type: bcos::gateway::Socket ,created: 11 ,destroyed: 7 ,alive: 4 ] 
info|2025-12-11 13:33:58.308554|timerFactory-0x00007ed8bfdff640|[RPC][WS][SERVICE]connected nodes,count=0
info|2025-12-11 13:33:58.414932|ioService-0x00007ed8d3dff640|[P2PService][Service][METRIC]heartBeat,connected count=3
info|2025-12-11 13:34:08.308577|timerFactory-0x00007ed8bfdff640|[RPC][WS][SERVICE]connected nodes,count=0
info|2025-12-11 13:34:08.415057|ioService-0x00007ed8d3dff640|[P2PService][Service][METRIC]heartBeat,connected count=3
info|2025-12-11 13:34:18.308600|timerFactory-0x00007ed8bfdff640|[RPC][WS][SERVICE]connected nodes,count=0
info|2025-12-11 13:34:18.415125|ioService-0x00007ed8d3dff640|[P2PService][Service][METRIC]heartBeat,connected count=3
info|2025-12-11 13:34:28.308627|timerFactory-0x00007ed8bfdff640|[RPC][WS][SERVICE]connected nodes,count=0
info|2025-12-11 13:34:28.415267|ioService-0x00007ed8d3dff640|[P2PService][Service][METRIC]heartBeat,connected count=3
info|2025-12-11 13:34:38.308650|timerFactory-0x00007ed8bfdff640|[RPC][WS][SERVICE]connected nodes,count=0
info|2025-12-11 13:34:38.415365|ioService-0x00007ed8d3dff640|[P2PService][Service][METRIC]heartBeat,connected count=3
info|2025-12-11 13:34:48.308673|timerFactory-0x00007ed8bfdff640|[RPC][WS][SERVICE]connected nodes,count=0
info|2025-12-11 13:34:48.415395|ioService-0x00007ed8d3dff640|[P2PService][Service][METRIC]heartBeat,connected count=3
info|2025-12-11 13:34:58.019139|objMonitor-0x00007ed8ae7ff640|[startMonitor][AliveObjectMonitor],AliveObjectAllocStat=[ type: bcos::gateway::Socket ,created: 11 ,destroyed: 7 ,alive: 4 ] 
info|2025-12-11 13:34:58.308696|timerFactory-0x00007ed8bfdff640|[RPC][WS][SERVICE]connected nodes,count=0
info|2025-12-11 13:34:58.415478|ioService-0x00007ed8d3dff640|[P2PService][Service][METRIC]heartBeat,connected count=3
info|2025-12-11 13:35:08.308718|timerFactory-0x00007ed8bfdff640|[RPC][WS][SERVICE]connected nodes,count=0
info|2025-12-11 13:35:08.415556|ioService-0x00007ed8d3dff640|[P2PService][Service][METRIC]heartBeat,connected count=3
info|2025-12-11 13:35:18.308742|timerFactory-0x00007ed8bfdff640|[RPC][WS][SERVICE]connected nodes,count=0
info|2025-12-11 13:35:18.415640|ioService-0x00007ed8d3dff640|[P2PService][Service][METRIC]heartBeat,connected count=3
info|2025-12-11 13:35:28.308818|timerFactory-0x00007ed8bfdff640|[RPC][WS][SERVICE]connected nodes,count=0
info|2025-12-11 13:35:28.415795|ioService-0x00007ed8d3dff640|[P2PService][Service][METRIC]heartBeat,connected count=3
info|2025-12-11 13:35:38.308868|timerFactory-0x00007ed8bfdff640|[RPC][WS][SERVICE]connected nodes,count=0
info|2025-12-11 13:35:38.415887|ioService-0x00007ed8d3dff640|[P2PService][Service][METRIC]heartBeat,connected count=3
info|2025-12-11 13:35:48.308899|timerFactory-0x00007ed8bfdff640|[RPC][WS][SERVICE]connected nodes,count=0
info|2025-12-11 13:35:48.415980|ioService-0x00007ed8d3dff640|[P2PService][Service][METRIC]heartBeat,connected count=3
info|2025-12-11 13:35:58.019197|objMonitor-0x00007ed8ae7ff640|[startMonitor][AliveObjectMonitor],AliveObjectAllocStat=[ type: bcos::gateway::Socket ,created: 11 ,destroyed: 7 ,alive: 4 ] 
info|2025-12-11 13:35:58.308958|timerFactory-0x00007ed8bfdff640|[RPC][WS][SERVICE]connected nodes,count=0
info|2025-12-11 13:35:58.416041|ioService-0x00007ed8d3dff640|[P2PService][Service][METRIC]heartBeat,connected count=3
info|2025-12-11 13:36:08.309036|timerFactory-0x00007ed8bfdff640|[RPC][WS][SERVICE]connected nodes,count=0
info|2025-12-11 13:36:08.416162|ioService-0x00007ed8d3dff640|[P2PService][Service][METRIC]heartBeat,connected count=3
info|2025-12-11 13:36:18.309060|timerFactory-0x00007ed8bfdff640|[RPC][WS][SERVICE]connected nodes,count=0
info|2025-12-11 13:36:18.416224|ioService-0x00007ed8d3dff640|[P2PService][Service][METRIC]heartBeat,connected count=3
info|2025-12-11 13:36:28.309088|timerFactory-0x00007ed8bfdff640|[RPC][WS][SERVICE]connected nodes,count=0
info|2025-12-11 13:36:28.416366|ioService-0x00007ed8d3dff640|[P2PService][Service][METRIC]heartBeat,connected count=3
info|2025-12-11 13:36:38.309160|timerFactory-0x00007ed8bfdff640|[RPC][WS][SERVICE]connected nodes,count=0
info|2025-12-11 13:36:38.416433|ioService-0x00007ed8d3dff640|[P2PService][Service][METRIC]heartBeat,connected count=3
info|2025-12-11 13:36:48.309227|timerFactory-0x00007ed8bfdff640|[RPC][WS][SERVICE]connected nodes,count=0
info|2025-12-11 13:36:48.416458|ioService-0x00007ed8d3dff640|[P2PService][Service][METRIC]heartBeat,connected count=3
info|2025-12-11 13:36:58.019324|objMonitor-0x00007ed8ae7ff640|[startMonitor][AliveObjectMonitor],AliveObjectAllocStat=[ type: bcos::gateway::Socket ,created: 11 ,destroyed: 7 ,alive: 4 ] [ type: bcos::gateway::ResponseCallback ,created: 1138371 ,destroyed: 1138367 ,alive: 4 ] 
info|2025-12-11 13:36:58.309256|timerFactory-0x00007ed8bfdff640|[RPC][WS][SERVICE]connected nodes,count=0
info|2025-12-11 13:36:58.416506|ioService-0x00007ed8d3dff640|[P2PService][Service][METRIC]heartBeat,connected count=3
info|2025-12-11 13:37:08.309287|timerFactory-0x00007ed8bfdff640|[RPC][WS][SERVICE]connected nodes,count=0
info|2025-12-11 13:37:08.416563|ioService-0x00007ed8d3dff640|[P2PService][Service][METRIC]heartBeat,connected count=3
info|2025-12-11 13:37:18.309331|timerFactory-0x00007ed8bfdff640|[RPC][WS][SERVICE]connected nodes,count=0
info|2025-12-11 13:37:18.416644|ioService-0x00007ed8d3dff640|[P2PService][Service][METRIC]heartBeat,connected count=3
info|2025-12-11 13:37:28.309357|timerFactory-0x00007ed8bfdff640|[RPC][WS][SERVICE]connected nodes,count=0
info|2025-12-11 13:37:28.416751|ioService-0x00007ed8d3dff640|[P2PService][Service][METRIC]heartBeat,connected count=3
info|2025-12-11 13:37:38.309381|timerFactory-0x00007ed8bfdff640|[RPC][WS][SERVICE]connected nodes,count=0
info|2025-12-11 13:37:38.416850|ioService-0x00007ed8d3dff640|[P2PService][Service][METRIC]heartBeat,connected count=3
info|2025-12-11 13:37:48.309406|timerFactory-0x00007ed8bfdff640|[RPC][WS][SERVICE]connected nodes,count=0
info|2025-12-11 13:37:48.416879|ioService-0x00007ed8d3dff640|[P2PService][Service][METRIC]heartBeat,connected count=3
info|2025-12-11 13:37:58.019369|objMonitor-0x00007ed8ae7ff640|[startMonitor][AliveObjectMonitor],AliveObjectAllocStat=[ type: bcos::gateway::Socket ,created: 11 ,destroyed: 7 ,alive: 4 ] 
info|2025-12-11 13:37:58.309432|timerFactory-0x00007ed8bfdff640|[RPC][WS][SERVICE]connected nodes,count=0
info|2025-12-11 13:37:58.416908|ioService-0x00007ed8d3dff640|[P2PService][Service][METRIC]heartBeat,connected count=3
info|2025-12-11 13:38:08.309456|timerFactory-0x00007ed8bfdff640|[RPC][WS][SERVICE]connected nodes,count=0
info|2025-12-11 13:38:08.416988|ioService-0x00007ed8d3dff640|[P2PService][Service][METRIC]heartBeat,connected count=3
info|2025-12-11 13:38:18.309518|timerFactory-0x00007ed8bfdff640|[RPC][WS][SERVICE]connected nodes,count=0
info|2025-12-11 13:38:18.417013|ioService-0x00007ed8d3dff640|[P2PService][Service][METRIC]heartBeat,connected count=3
info|2025-12-11 13:38:28.309545|timerFactory-0x00007ed8bfdff640|[RPC][WS][SERVICE]connected nodes,count=0
info|2025-12-11 13:38:28.417079|ioService-0x00007ed8d3dff640|[P2PService][Service][METRIC]heartBeat,connected count=3
info|2025-12-11 13:38:38.309569|timerFactory-0x00007ed8bfdff640|[RPC][WS][SERVICE]connected nodes,count=0
info|2025-12-11 13:38:38.417250|ioService-0x00007ed8d3dff640|[P2PService][Service][METRIC]heartBeat,connected count=3
info|2025-12-11 13:38:48.309638|timerFactory-0x00007ed8bfdff640|[RPC][WS][SERVICE]connected nodes,count=0
info|2025-12-11 13:38:48.417449|ioService-0x00007ed8d3dff640|[P2PService][Service][METRIC]heartBeat,connected count=3
info|2025-12-11 13:38:58.019460|objMonitor-0x00007ed8ae7ff640|[startMonitor][AliveObjectMonitor],AliveObjectAllocStat=[ type: bcos::gateway::Socket ,created: 11 ,destroyed: 7 ,alive: 4 ] 
info|2025-12-11 13:38:58.309699|timerFactory-0x00007ed8bfdff640|[RPC][WS][SERVICE]connected nodes,count=0
info|2025-12-11 13:38:58.417478|ioService-0x00007ed8d3dff640|[P2PService][Service][METRIC]heartBeat,connected count=3
info|2025-12-11 13:39:08.309725|timerFactory-0x00007ed8bfdff640|[RPC][WS][SERVICE]connected nodes,count=0
info|2025-12-11 13:39:08.417567|ioService-0x00007ed8d3dff640|[P2PService][Service][METRIC]heartBeat,connected count=3
info|2025-12-11 13:39:18.309754|timerFactory-0x00007ed8bfdff640|[RPC][WS][SERVICE]connected nodes,count=0
info|2025-12-11 13:39:18.417735|ioService-0x00007ed8d3dff640|[P2PService][Service][METRIC]heartBeat,connected count=3
info|2025-12-11 13:39:28.309786|timerFactory-0x00007ed8bfdff640|[RPC][WS][SERVICE]connected nodes,count=0
info|2025-12-11 13:39:28.417839|ioService-0x00007ed8d3dff640|[P2PService][Service][METRIC]heartBeat,connected count=3
info|2025-12-11 13:39:38.309847|timerFactory-0x00007ed8bfdff640|[RPC][WS][SERVICE]connected nodes,count=0
info|2025-12-11 13:39:38.417925|ioService-0x00007ed8d3dff640|[P2PService][Service][METRIC]heartBeat,connected count=3
info|2025-12-11 13:39:48.309914|timerFactory-0x00007ed8bfdff640|[RPC][WS][SERVICE]connected nodes,count=0
info|2025-12-11 13:39:48.417977|ioService-0x00007ed8d3dff640|[P2PService][Service][METRIC]heartBeat,connected count=3
info|2025-12-11 13:39:58.019521|objMonitor-0x00007ed8ae7ff640|[startMonitor][AliveObjectMonitor],AliveObjectAllocStat=[ type: bcos::gateway::Socket ,created: 11 ,destroyed: 7 ,alive: 4 ] 
info|2025-12-11 13:39:58.310051|timerFactory-0x00007ed8bfdff640|[RPC][WS][SERVICE]connected nodes,count=0
info|2025-12-11 13:39:58.417997|ioService-0x00007ed8d3dff640|[P2PService][Service][METRIC]heartBeat,connected count=3
info|2025-12-11 13:40:08.310116|timerFactory-0x00007ed8bfdff640|[RPC][WS][SERVICE]connected nodes,count=0
info|2025-12-11 13:40:08.418050|ioService-0x00007ed8d3dff640|[P2PService][Service][METRIC]heartBeat,connected count=3
info|2025-12-11 13:40:18.310249|timerFactory-0x00007ed8bfdff640|[RPC][WS][SERVICE]connected nodes,count=0
info|2025-12-11 13:40:18.418079|ioService-0x00007ed8d3dff640|[P2PService][Service][METRIC]heartBeat,connected count=3
info|2025-12-11 13:40:28.310327|timerFactory-0x00007ed8bfdff640|[RPC][WS][SERVICE]connected nodes,count=0
info|2025-12-11 13:40:28.418161|ioService-0x00007ed8d3dff640|[P2PService][Service][METRIC]heartBeat,connected count=3
info|2025-12-11 13:40:38.310350|timerFactory-0x00007ed8bfdff640|[RPC][WS][SERVICE]connected nodes,count=0
info|2025-12-11 13:40:38.418259|ioService-0x00007ed8d3dff640|[P2PService][Service][METRIC]heartBeat,connected count=3
info|2025-12-11 13:40:48.310375|timerFactory-0x00007ed8bfdff640|[RPC][WS][SERVICE]connected nodes,count=0
info|2025-12-11 13:40:48.418332|ioService-0x00007ed8d3dff640|[P2PService][Service][METRIC]heartBeat,connected count=3
info|2025-12-11 13:40:58.019561|objMonitor-0x00007ed8ae7ff640|[startMonitor][AliveObjectMonitor],AliveObjectAllocStat=[ type: bcos::gateway::Socket ,created: 11 ,destroyed: 7 ,alive: 4 ] [ type: bcos::gateway::ResponseCallback ,created: 1141968 ,destroyed: 1141964 ,alive: 4 ] 
info|2025-12-11 13:40:58.310403|timerFactory-0x00007ed8bfdff640|[RPC][WS][SERVICE]connected nodes,count=0
info|2025-12-11 13:40:58.418431|ioService-0x00007ed8d3dff640|[P2PService][Service][METRIC]heartBeat,connected count=3
info|2025-12-11 13:41:08.310431|timerFactory-0x00007ed8bfdff640|[RPC][WS][SERVICE]connected nodes,count=0
info|2025-12-11 13:41:08.418462|ioService-0x00007ed8d3dff640|[P2PService][Service][METRIC]heartBeat,connected count=3
info|2025-12-11 13:41:18.310457|timerFactory-0x00007ed8bfdff640|[RPC][WS][SERVICE]connected nodes,count=0
info|2025-12-11 13:41:18.418604|ioService-0x00007ed8d3dff640|[P2PService][Service][METRIC]heartBeat,connected count=3
info|2025-12-11 13:41:28.310483|timerFactory-0x00007ed8bfdff640|[RPC][WS][SERVICE]connected nodes,count=0
info|2025-12-11 13:41:28.418773|ioService-0x00007ed8d3dff640|[P2PService][Service][METRIC]heartBeat,connected count=3
info|2025-12-11 13:41:38.310510|timerFactory-0x00007ed8bfdff640|[RPC][WS][SERVICE]connected nodes,count=0
info|2025-12-11 13:41:38.418848|ioService-0x00007ed8d3dff640|[P2PService][Service][METRIC]heartBeat,connected count=3
info|2025-12-11 13:41:48.310570|timerFactory-0x00007ed8bfdff640|[RPC][WS][SERVICE]connected nodes,count=0
info|2025-12-11 13:41:48.418913|ioService-0x00007ed8d3dff640|[P2PService][Service][METRIC]heartBeat,connected count=3
info|2025-12-11 13:41:58.019610|objMonitor-0x00007ed8ae7ff640|[startMonitor][AliveObjectMonitor],AliveObjectAllocStat=[ type: bcos::gateway::Socket ,created: 11 ,destroyed: 7 ,alive: 4 ] 
info|2025-12-11 13:41:58.310665|timerFactory-0x00007ed8bfdff640|[RPC][WS][SERVICE]connected nodes,count=0
info|2025-12-11 13:41:58.419106|ioService-0x00007ed8d3dff640|[P2PService][Service][METRIC]heartBeat,connected count=3
info|2025-12-11 13:42:08.310777|timerFactory-0x00007ed8bfdff640|[RPC][WS][SERVICE]connected nodes,count=0
info|2025-12-11 13:42:08.419225|ioService-0x00007ed8d3dff640|[P2PService][Service][METRIC]heartBeat,connected count=3
info|2025-12-11 13:42:18.310841|timerFactory-0x00007ed8bfdff640|[RPC][WS][SERVICE]connected nodes,count=0
info|2025-12-11 13:42:18.419371|ioService-0x00007ed8d3dff640|[P2PService][Service][METRIC]heartBeat,connected count=3
info|2025-12-11 13:42:28.310897|timerFactory-0x00007ed8bfdff640|[RPC][WS][SERVICE]connected nodes,count=0
info|2025-12-11 13:42:28.419560|ioService-0x00007ed8d3dff640|[P2PService][Service][METRIC]heartBeat,connected count=3
info|2025-12-11 13:42:38.310961|timerFactory-0x00007ed8bfdff640|[RPC][WS][SERVICE]connected nodes,count=0
info|2025-12-11 13:42:38.419630|ioService-0x00007ed8d3dff640|[P2PService][Service][METRIC]heartBeat,connected count=3
info|2025-12-11 13:42:48.310986|timerFactory-0x00007ed8bfdff640|[RPC][WS][SERVICE]connected nodes,count=0
info|2025-12-11 13:42:48.419692|ioService-0x00007ed8d3dff640|[P2PService][Service][METRIC]heartBeat,connected count=3
info|2025-12-11 13:42:58.019652|objMonitor-0x00007ed8ae7ff640|[startMonitor][AliveObjectMonitor],AliveObjectAllocStat=[ type: bcos::gateway::Socket ,created: 11 ,destroyed: 7 ,alive: 4 ] 
info|2025-12-11 13:42:58.311046|timerFactory-0x00007ed8bfdff640|[RPC][WS][SERVICE]connected nodes,count=0
info|2025-12-11 13:42:58.419781|ioService-0x00007ed8d3dff640|[P2PService][Service][METRIC]heartBeat,connected count=3
info|2025-12-11 13:43:08.311109|timerFactory-0x00007ed8bfdff640|[RPC][WS][SERVICE]connected nodes,count=0
info|2025-12-11 13:43:08.419842|ioService-0x00007ed8d3dff640|[P2PService][Service][METRIC]heartBeat,connected count=3
info|2025-12-11 13:43:18.311272|timerFactory-0x00007ed8bfdff640|[RPC][WS][SERVICE]connected nodes,count=0
info|2025-12-11 13:43:18.419920|ioService-0x00007ed8d3dff640|[P2PService][Service][METRIC]heartBeat,connected count=3
info|2025-12-11 13:43:28.311302|timerFactory-0x00007ed8bfdff640|[RPC][WS][SERVICE]connected nodes,count=0
info|2025-12-11 13:43:28.420004|ioService-0x00007ed8d3dff640|[P2PService][Service][METRIC]heartBeat,connected count=3
info|2025-12-11 13:43:38.311380|timerFactory-0x00007ed8bfdff640|[RPC][WS][SERVICE]connected nodes,count=0
info|2025-12-11 13:43:38.420043|ioService-0x00007ed8d3dff640|[P2PService][Service][METRIC]heartBeat,connected count=3
info|2025-12-11 13:43:48.311414|timerFactory-0x00007ed8bfdff640|[RPC][WS][SERVICE]connected nodes,count=0
info|2025-12-11 13:43:48.420166|ioService-0x00007ed8d3dff640|[P2PService][Service][METRIC]heartBeat,connected count=3
info|2025-12-11 13:43:58.019705|objMonitor-0x00007ed8ae7ff640|[startMonitor][AliveObjectMonitor],AliveObjectAllocStat=[ type: bcos::gateway::Socket ,created: 11 ,destroyed: 7 ,alive: 4 ] 
info|2025-12-11 13:43:58.311442|timerFactory-0x00007ed8bfdff640|[RPC][WS][SERVICE]connected nodes,count=0
info|2025-12-11 13:43:58.420251|ioService-0x00007ed8d3dff640|[P2PService][Service][METRIC]heartBeat,connected count=3
info|2025-12-11 13:44:08.311468|timerFactory-0x00007ed8bfdff640|[RPC][WS][SERVICE]connected nodes,count=0
info|2025-12-11 13:44:08.420281|ioService-0x00007ed8d3dff640|[P2PService][Service][METRIC]heartBeat,connected count=3
info|2025-12-11 13:44:18.311496|timerFactory-0x00007ed8bfdff640|[RPC][WS][SERVICE]connected nodes,count=0
info|2025-12-11 13:44:18.420312|ioService-0x00007ed8d3dff640|[P2PService][Service][METRIC]heartBeat,connected count=3
info|2025-12-11 13:44:28.311532|timerFactory-0x00007ed8bfdff640|[RPC][WS][SERVICE]connected nodes,count=0
info|2025-12-11 13:44:28.420342|ioService-0x00007ed8d3dff640|[P2PService][Service][METRIC]heartBeat,connected count=3
info|2025-12-11 13:44:38.311563|timerFactory-0x00007ed8bfdff640|[RPC][WS][SERVICE]connected nodes,count=0
info|2025-12-11 13:44:38.420452|ioService-0x00007ed8d3dff640|[P2PService][Service][METRIC]heartBeat,connected count=3
info|2025-12-11 13:44:48.311595|timerFactory-0x00007ed8bfdff640|[RPC][WS][SERVICE]connected nodes,count=0
info|2025-12-11 13:44:48.420481|ioService-0x00007ed8d3dff640|[P2PService][Service][METRIC]heartBeat,connected count=3
info|2025-12-11 13:44:58.019768|objMonitor-0x00007ed8ae7ff640|[startMonitor][AliveObjectMonitor],AliveObjectAllocStat=[ type: bcos::gateway::Socket ,created: 11 ,destroyed: 7 ,alive: 4 ] 
info|2025-12-11 13:44:58.311629|timerFactory-0x00007ed8bfdff640|[RPC][WS][SERVICE]connected nodes,count=0
info|2025-12-11 13:44:58.420507|ioService-0x00007ed8d3dff640|[P2PService][Service][METRIC]heartBeat,connected count=3
info|2025-12-11 13:45:08.311665|timerFactory-0x00007ed8bfdff640|[RPC][WS][SERVICE]connected nodes,count=0
info|2025-12-11 13:45:08.420574|ioService-0x00007ed8d3dff640|[P2PService][Service][METRIC]heartBeat,connected count=3
info|2025-12-11 13:45:18.311697|timerFactory-0x00007ed8bfdff640|[RPC][WS][SERVICE]connected nodes,count=0
info|2025-12-11 13:45:18.420611|ioService-0x00007ed8d3dff640|[P2PService][Service][METRIC]heartBeat,connected count=3
info|2025-12-11 13:45:28.311737|timerFactory-0x00007ed8bfdff640|[RPC][WS][SERVICE]connected nodes,count=0
info|2025-12-11 13:45:28.420679|ioService-0x00007ed8d3dff640|[P2PService][Service][METRIC]heartBeat,connected count=3
info|2025-12-11 13:45:38.311771|timerFactory-0x00007ed8bfdff640|[RPC][WS][SERVICE]connected nodes,count=0
info|2025-12-11 13:45:38.420713|ioService-0x00007ed8d3dff640|[P2PService][Service][METRIC]heartBeat,connected count=3
info|2025-12-11 13:45:48.311809|timerFactory-0x00007ed8bfdff640|[RPC][WS][SERVICE]connected nodes,count=0
info|2025-12-11 13:45:48.420745|ioService-0x00007ed8d3dff640|[P2PService][Service][METRIC]heartBeat,connected count=3
info|2025-12-11 13:45:58.019839|objMonitor-0x00007ed8ae7ff640|[startMonitor][AliveObjectMonitor],AliveObjectAllocStat=[ type: bcos::gateway::Socket ,created: 11 ,destroyed: 7 ,alive: 4 ] 
info|2025-12-11 13:45:58.311854|timerFactory-0x00007ed8bfdff640|[RPC][WS][SERVICE]connected nodes,count=0
info|2025-12-11 13:45:58.420841|ioService-0x00007ed8d3dff640|[P2PService][Service][METRIC]heartBeat,connected count=3
info|2025-12-11 13:46:08.311891|timerFactory-0x00007ed8bfdff640|[RPC][WS][SERVICE]connected nodes,count=0
info|2025-12-11 13:46:08.420906|ioService-0x00007ed8d3dff640|[P2PService][Service][METRIC]heartBeat,connected count=3
info|2025-12-11 13:46:18.311936|timerFactory-0x00007ed8bfdff640|[RPC][WS][SERVICE]connected nodes,count=0
info|2025-12-11 13:46:18.420980|ioService-0x00007ed8d3dff640|[P2PService][Service][METRIC]heartBeat,connected count=3
info|2025-12-11 13:46:28.311978|timerFactory-0x00007ed8bfdff640|[RPC][WS][SERVICE]connected nodes,count=0
info|2025-12-11 13:46:28.421020|ioService-0x00007ed8d3dff640|[P2PService][Service][METRIC]heartBeat,connected count=3
info|2025-12-11 13:46:38.312074|timerFactory-0x00007ed8bfdff640|[RPC][WS][SERVICE]connected nodes,count=0
info|2025-12-11 13:46:38.421064|ioService-0x00007ed8d3dff640|[P2PService][Service][METRIC]heartBeat,connected count=3
info|2025-12-11 13:46:48.312176|timerFactory-0x00007ed8bfdff640|[RPC][WS][SERVICE]connected nodes,count=0
info|2025-12-11 13:46:48.421108|ioService-0x00007ed8d3dff640|[P2PService][Service][METRIC]heartBeat,connected count=3
info|2025-12-11 13:46:58.019909|objMonitor-0x00007ed8ae7ff640|[startMonitor][AliveObjectMonitor],AliveObjectAllocStat=[ type: bcos::gateway::Socket ,created: 11 ,destroyed: 7 ,alive: 4 ] 
info|2025-12-11 13:46:58.312211|timerFactory-0x00007ed8bfdff640|[RPC][WS][SERVICE]connected nodes,count=0
info|2025-12-11 13:46:58.421161|ioService-0x00007ed8d3dff640|[P2PService][Service][METRIC]heartBeat,connected count=3
info|2025-12-11 13:47:08.312260|timerFactory-0x00007ed8bfdff640|[RPC][WS][SERVICE]connected nodes,count=0
info|2025-12-11 13:47:08.421215|ioService-0x00007ed8d3dff640|[P2PService][Service][METRIC]heartBeat,connected count=3
info|2025-12-11 13:47:18.312294|timerFactory-0x00007ed8bfdff640|[RPC][WS][SERVICE]connected nodes,count=0
info|2025-12-11 13:47:18.421259|ioService-0x00007ed8d3dff640|[P2PService][Service][METRIC]heartBeat,connected count=3
info|2025-12-11 13:47:28.312333|timerFactory-0x00007ed8bfdff640|[RPC][WS][SERVICE]connected nodes,count=0
info|2025-12-11 13:47:28.421294|ioService-0x00007ed8d3dff640|[P2PService][Service][METRIC]heartBeat,connected count=3
info|2025-12-11 13:47:38.312374|timerFactory-0x00007ed8bfdff640|[RPC][WS][SERVICE]connected nodes,count=0
info|2025-12-11 13:47:38.421372|ioService-0x00007ed8d3dff640|[P2PService][Service][METRIC]heartBeat,connected count=3
info|2025-12-11 13:47:48.312404|timerFactory-0x00007ed8bfdff640|[RPC][WS][SERVICE]connected nodes,count=0
info|2025-12-11 13:47:48.421414|ioService-0x00007ed8d3dff640|[P2PService][Service][METRIC]heartBeat,connected count=3
info|2025-12-11 13:47:58.019978|objMonitor-0x00007ed8ae7ff640|[startMonitor][AliveObjectMonitor],AliveObjectAllocStat=[ type: bcos::gateway::Socket ,created: 11 ,destroyed: 7 ,alive: 4 ] 
info|2025-12-11 13:47:58.312442|timerFactory-0x00007ed8bfdff640|[RPC][WS][SERVICE]connected nodes,count=0
info|2025-12-11 13:47:58.421487|ioService-0x00007ed8d3dff640|[P2PService][Service][METRIC]heartBeat,connected count=3
info|2025-12-11 13:48:08.312483|timerFactory-0x00007ed8bfdff640|[RPC][WS][SERVICE]connected nodes,count=0
info|2025-12-11 13:48:08.421558|ioService-0x00007ed8d3dff640|[P2PService][Service][METRIC]heartBeat,connected count=3
info|2025-12-11 13:48:18.312523|timerFactory-0x00007ed8bfdff640|[RPC][WS][SERVICE]connected nodes,count=0
info|2025-12-11 13:48:18.421595|ioService-0x00007ed8d3dff640|[P2PService][Service][METRIC]heartBeat,connected count=3
info|2025-12-11 13:48:28.312569|timerFactory-0x00007ed8bfdff640|[RPC][WS][SERVICE]connected nodes,count=0
info|2025-12-11 13:48:28.421625|ioService-0x00007ed8d3dff640|[P2PService][Service][METRIC]heartBeat,connected count=3
info|2025-12-11 13:48:38.312610|timerFactory-0x00007ed8bfdff640|[RPC][WS][SERVICE]connected nodes,count=0
info|2025-12-11 13:48:38.421662|ioService-0x00007ed8d3dff640|[P2PService][Service][METRIC]heartBeat,connected count=3
info|2025-12-11 13:48:48.312649|timerFactory-0x00007ed8bfdff640|[RPC][WS][SERVICE]connected nodes,count=0
info|2025-12-11 13:48:48.421712|ioService-0x00007ed8d3dff640|[P2PService][Service][METRIC]heartBeat,connected count=3
info|2025-12-11 13:48:58.020051|objMonitor-0x00007ed8ae7ff640|[startMonitor][AliveObjectMonitor],AliveObjectAllocStat=[ type: bcos::gateway::Socket ,created: 11 ,destroyed: 7 ,alive: 4 ] 
info|2025-12-11 13:48:58.312683|timerFactory-0x00007ed8bfdff640|[RPC][WS][SERVICE]connected nodes,count=0
info|2025-12-11 13:48:58.421754|ioService-0x00007ed8d3dff640|[P2PService][Service][METRIC]heartBeat,connected count=3
info|2025-12-11 13:49:08.312717|timerFactory-0x00007ed8bfdff640|[RPC][WS][SERVICE]connected nodes,count=0
info|2025-12-11 13:49:08.421799|ioService-0x00007ed8d3dff640|[P2PService][Service][METRIC]heartBeat,connected count=3
info|2025-12-11 13:49:18.312753|timerFactory-0x00007ed8bfdff640|[RPC][WS][SERVICE]connected nodes,count=0
info|2025-12-11 13:49:18.421903|ioService-0x00007ed8d3dff640|[P2PService][Service][METRIC]heartBeat,connected count=3
info|2025-12-11 13:49:28.312785|timerFactory-0x00007ed8bfdff640|[RPC][WS][SERVICE]connected nodes,count=0
info|2025-12-11 13:49:28.421947|ioService-0x00007ed8d3dff640|[P2PService][Service][METRIC]heartBeat,connected count=3
info|2025-12-11 13:49:38.312817|timerFactory-0x00007ed8bfdff640|[RPC][WS][SERVICE]connected nodes,count=0
info|2025-12-11 13:49:38.421991|ioService-0x00007ed8d3dff640|[P2PService][Service][METRIC]heartBeat,connected count=3
info|2025-12-11 13:49:48.312848|timerFactory-0x00007ed8bfdff640|[RPC][WS][SERVICE]connected nodes,count=0
info|2025-12-11 13:49:48.422039|ioService-0x00007ed8d3dff640|[P2PService][Service][METRIC]heartBeat,connected count=3
info|2025-12-11 13:49:58.020170|objMonitor-0x00007ed8ae7ff640|[startMonitor][AliveObjectMonitor],AliveObjectAllocStat=[ type: bcos::gateway::Socket ,created: 11 ,destroyed: 7 ,alive: 4 ] 
info|2025-12-11 13:49:58.312877|timerFactory-0x00007ed8bfdff640|[RPC][WS][SERVICE]connected nodes,count=0
info|2025-12-11 13:49:58.422080|ioService-0x00007ed8d3dff640|[P2PService][Service][METRIC]heartBeat,connected count=3
info|2025-12-11 13:50:08.312902|timerFactory-0x00007ed8bfdff640|[RPC][WS][SERVICE]connected nodes,count=0
info|2025-12-11 13:50:08.422120|ioService-0x00007ed8d3dff640|[P2PService][Service][METRIC]heartBeat,connected count=3
info|2025-12-11 13:50:18.312937|timerFactory-0x00007ed8bfdff640|[RPC][WS][SERVICE]connected nodes,count=0
info|2025-12-11 13:50:18.422168|ioService-0x00007ed8d3dff640|[P2PService][Service][METRIC]heartBeat,connected count=3
info|2025-12-11 13:50:28.312984|timerFactory-0x00007ed8bfdff640|[RPC][WS][SERVICE]connected nodes,count=0
info|2025-12-11 13:50:28.422218|ioService-0x00007ed8d3dff640|[P2PService][Service][METRIC]heartBeat,connected count=3
info|2025-12-11 13:50:38.313024|timerFactory-0x00007ed8bfdff640|[RPC][WS][SERVICE]connected nodes,count=0
info|2025-12-11 13:50:38.422261|ioService-0x00007ed8d3dff640|[P2PService][Service][METRIC]heartBeat,connected count=3
info|2025-12-11 13:50:48.313066|timerFactory-0x00007ed8bfdff640|[RPC][WS][SERVICE]connected nodes,count=0
info|2025-12-11 13:50:48.422335|ioService-0x00007ed8d3dff640|[P2PService][Service][METRIC]heartBeat,connected count=3
info|2025-12-11 13:50:58.020220|objMonitor-0x00007ed8ae7ff640|[startMonitor][AliveObjectMonitor],AliveObjectAllocStat=[ type: bcos::gateway::Socket ,created: 11 ,destroyed: 7 ,alive: 4 ] 
info|2025-12-11 13:50:58.313109|timerFactory-0x00007ed8bfdff640|[RPC][WS][SERVICE]connected nodes,count=0
info|2025-12-11 13:50:58.422403|ioService-0x00007ed8d3dff640|[P2PService][Service][METRIC]heartBeat,connected count=3
info|2025-12-11 13:51:08.313150|timerFactory-0x00007ed8bfdff640|[RPC][WS][SERVICE]connected nodes,count=0
info|2025-12-11 13:51:08.422480|ioService-0x00007ed8d3dff640|[P2PService][Service][METRIC]heartBeat,connected count=3
info|2025-12-11 13:51:18.313236|timerFactory-0x00007ed8bfdff640|[RPC][WS][SERVICE]connected nodes,count=0
info|2025-12-11 13:51:18.422519|ioService-0x00007ed8d3dff640|[P2PService][Service][METRIC]heartBeat,connected count=3
info|2025-12-11 13:51:28.313267|timerFactory-0x00007ed8bfdff640|[RPC][WS][SERVICE]connected nodes,count=0
info|2025-12-11 13:51:28.422562|ioService-0x00007ed8d3dff640|[P2PService][Service][METRIC]heartBeat,connected count=3
info|2025-12-11 13:51:38.313296|timerFactory-0x00007ed8bfdff640|[RPC][WS][SERVICE]connected nodes,count=0
info|2025-12-11 13:51:38.422606|ioService-0x00007ed8d3dff640|[P2PService][Service][METRIC]heartBeat,connected count=3
info|2025-12-11 13:51:48.313327|timerFactory-0x00007ed8bfdff640|[RPC][WS][SERVICE]connected nodes,count=0
info|2025-12-11 13:51:48.422645|ioService-0x00007ed8d3dff640|[P2PService][Service][METRIC]heartBeat,connected count=3
info|2025-12-11 13:51:58.020283|objMonitor-0x00007ed8ae7ff640|[startMonitor][AliveObjectMonitor],AliveObjectAllocStat=[ type: bcos::gateway::Socket ,created: 11 ,destroyed: 7 ,alive: 4 ] [ type: bcos::gateway::ResponseCallback ,created: 1151859 ,destroyed: 1151855 ,alive: 4 ] 
info|2025-12-11 13:51:58.313369|timerFactory-0x00007ed8bfdff640|[RPC][WS][SERVICE]connected nodes,count=0
info|2025-12-11 13:51:58.422676|ioService-0x00007ed8d3dff640|[P2PService][Service][METRIC]heartBeat,connected count=3
info|2025-12-11 13:52:08.313418|timerFactory-0x00007ed8bfdff640|[RPC][WS][SERVICE]connected nodes,count=0
info|2025-12-11 13:52:08.422723|ioService-0x00007ed8d3dff640|[P2PService][Service][METRIC]heartBeat,connected count=3
info|2025-12-11 13:52:18.313557|timerFactory-0x00007ed8bfdff640|[RPC][WS][SERVICE]connected nodes,count=0
info|2025-12-11 13:52:18.422765|ioService-0x00007ed8d3dff640|[P2PService][Service][METRIC]heartBeat,connected count=3
info|2025-12-11 13:52:28.313593|timerFactory-0x00007ed8bfdff640|[RPC][WS][SERVICE]connected nodes,count=0
info|2025-12-11 13:52:28.422806|ioService-0x00007ed8d3dff640|[P2PService][Service][METRIC]heartBeat,connected count=3
info|2025-12-11 13:52:38.313620|timerFactory-0x00007ed8bfdff640|[RPC][WS][SERVICE]connected nodes,count=0
info|2025-12-11 13:52:38.422856|ioService-0x00007ed8d3dff640|[P2PService][Service][METRIC]heartBeat,connected count=3
info|2025-12-11 13:52:48.313636|timerFactory-0x00007ed8bfdff640|[RPC][WS][SERVICE]connected nodes,count=0
info|2025-12-11 13:52:48.422906|ioService-0x00007ed8d3dff640|[P2PService][Service][METRIC]heartBeat,connected count=3
info|2025-12-11 13:52:58.020347|objMonitor-0x00007ed8ae7ff640|[startMonitor][AliveObjectMonitor],AliveObjectAllocStat=[ type: bcos::gateway::Socket ,created: 11 ,destroyed: 7 ,alive: 4 ] 
info|2025-12-11 13:52:58.313651|timerFactory-0x00007ed8bfdff640|[RPC][WS][SERVICE]connected nodes,count=0
info|2025-12-11 13:52:58.423006|ioService-0x00007ed8d3dff640|[P2PService][Service][METRIC]heartBeat,connected count=3
info|2025-12-11 13:53:08.313672|timerFactory-0x00007ed8bfdff640|[RPC][WS][SERVICE]connected nodes,count=0
info|2025-12-11 13:53:08.423058|ioService-0x00007ed8d3dff640|[P2PService][Service][METRIC]heartBeat,connected count=3
info|2025-12-11 13:53:18.313709|timerFactory-0x00007ed8bfdff640|[RPC][WS][SERVICE]connected nodes,count=0
info|2025-12-11 13:53:18.423103|ioService-0x00007ed8d3dff640|[P2PService][Service][METRIC]heartBeat,connected count=3
info|2025-12-11 13:53:28.313784|timerFactory-0x00007ed8bfdff640|[RPC][WS][SERVICE]connected nodes,count=0
info|2025-12-11 13:53:28.423151|ioService-0x00007ed8d3dff640|[P2PService][Service][METRIC]heartBeat,connected count=3
info|2025-12-11 13:53:38.313820|timerFactory-0x00007ed8bfdff640|[RPC][WS][SERVICE]connected nodes,count=0
info|2025-12-11 13:53:38.423241|ioService-0x00007ed8d3dff640|[P2PService][Service][METRIC]heartBeat,connected count=3
info|2025-12-11 13:53:48.313867|timerFactory-0x00007ed8bfdff640|[RPC][WS][SERVICE]connected nodes,count=0
info|2025-12-11 13:53:48.423285|ioService-0x00007ed8d3dff640|[P2PService][Service][METRIC]heartBeat,connected count=3
info|2025-12-11 13:53:58.020474|objMonitor-0x00007ed8ae7ff640|[startMonitor][AliveObjectMonitor],AliveObjectAllocStat=[ type: bcos::gateway::Socket ,created: 11 ,destroyed: 7 ,alive: 4 ] 
info|2025-12-11 13:53:58.313914|timerFactory-0x00007ed8bfdff640|[RPC][WS][SERVICE]connected nodes,count=0
info|2025-12-11 13:53:58.423326|ioService-0x00007ed8d3dff640|[P2PService][Service][METRIC]heartBeat,connected count=3
info|2025-12-11 13:54:08.313968|timerFactory-0x00007ed8bfdff640|[RPC][WS][SERVICE]connected nodes,count=0
info|2025-12-11 13:54:08.423365|ioService-0x00007ed8d3dff640|[P2PService][Service][METRIC]heartBeat,connected count=3
info|2025-12-11 13:54:18.314075|timerFactory-0x00007ed8bfdff640|[RPC][WS][SERVICE]connected nodes,count=0
info|2025-12-11 13:54:18.423454|ioService-0x00007ed8d3dff640|[P2PService][Service][METRIC]heartBeat,connected count=3
info|2025-12-11 13:54:28.314123|timerFactory-0x00007ed8bfdff640|[RPC][WS][SERVICE]connected nodes,count=0
info|2025-12-11 13:54:28.423506|ioService-0x00007ed8d3dff640|[P2PService][Service][METRIC]heartBeat,connected count=3
info|2025-12-11 13:54:38.314205|timerFactory-0x00007ed8bfdff640|[RPC][WS][SERVICE]connected nodes,count=0
info|2025-12-11 13:54:38.423557|ioService-0x00007ed8d3dff640|[P2PService][Service][METRIC]heartBeat,connected count=3
info|2025-12-11 13:54:48.314245|timerFactory-0x00007ed8bfdff640|[RPC][WS][SERVICE]connected nodes,count=0
info|2025-12-11 13:54:48.423605|ioService-0x00007ed8d3dff640|[P2PService][Service][METRIC]heartBeat,connected count=3
info|2025-12-11 13:54:58.020517|objMonitor-0x00007ed8ae7ff640|[startMonitor][AliveObjectMonitor],AliveObjectAllocStat=[ type: bcos::gateway::Socket ,created: 11 ,destroyed: 7 ,alive: 4 ] 
info|2025-12-11 13:54:58.314343|timerFactory-0x00007ed8bfdff640|[RPC][WS][SERVICE]connected nodes,count=0
info|2025-12-11 13:54:58.423651|ioService-0x00007ed8d3dff640|[P2PService][Service][METRIC]heartBeat,connected count=3
info|2025-12-11 13:55:08.314379|timerFactory-0x00007ed8bfdff640|[RPC][WS][SERVICE]connected nodes,count=0
info|2025-12-11 13:55:08.423689|ioService-0x00007ed8d3dff640|[P2PService][Service][METRIC]heartBeat,connected count=3
info|2025-12-11 13:55:18.314420|timerFactory-0x00007ed8bfdff640|[RPC][WS][SERVICE]connected nodes,count=0
info|2025-12-11 13:55:18.423733|ioService-0x00007ed8d3dff640|[P2PService][Service][METRIC]heartBeat,connected count=3
info|2025-12-11 13:55:28.314509|timerFactory-0x00007ed8bfdff640|[RPC][WS][SERVICE]connected nodes,count=0
info|2025-12-11 13:55:28.423784|ioService-0x00007ed8d3dff640|[P2PService][Service][METRIC]heartBeat,connected count=3
info|2025-12-11 13:55:38.314543|timerFactory-0x00007ed8bfdff640|[RPC][WS][SERVICE]connected nodes,count=0
info|2025-12-11 13:55:38.423842|ioService-0x00007ed8d3dff640|[P2PService][Service][METRIC]heartBeat,connected count=3
info|2025-12-11 13:55:48.314579|timerFactory-0x00007ed8bfdff640|[RPC][WS][SERVICE]connected nodes,count=0
info|2025-12-11 13:55:48.423941|ioService-0x00007ed8d3dff640|[P2PService][Service][METRIC]heartBeat,connected count=3
info|2025-12-11 13:55:58.020557|objMonitor-0x00007ed8ae7ff640|[startMonitor][AliveObjectMonitor],AliveObjectAllocStat=[ type: bcos::gateway::Socket ,created: 11 ,destroyed: 7 ,alive: 4 ] 
info|2025-12-11 13:55:58.314611|timerFactory-0x00007ed8bfdff640|[RPC][WS][SERVICE]connected nodes,count=0
info|2025-12-11 13:55:58.424016|ioService-0x00007ed8d3dff640|[P2PService][Service][METRIC]heartBeat,connected count=3
info|2025-12-11 13:56:08.314693|timerFactory-0x00007ed8bfdff640|[RPC][WS][SERVICE]connected nodes,count=0
info|2025-12-11 13:56:08.424047|ioService-0x00007ed8d3dff640|[P2PService][Service][METRIC]heartBeat,connected count=3
info|2025-12-11 13:56:18.314760|timerFactory-0x00007ed8bfdff640|[RPC][WS][SERVICE]connected nodes,count=0
info|2025-12-11 13:56:18.424111|ioService-0x00007ed8d3dff640|[P2PService][Service][METRIC]heartBeat,connected count=3
info|2025-12-11 13:56:28.314784|timerFactory-0x00007ed8bfdff640|[RPC][WS][SERVICE]connected nodes,count=0
info|2025-12-11 13:56:28.424235|ioService-0x00007ed8d3dff640|[P2PService][Service][METRIC]heartBeat,connected count=3
info|2025-12-11 13:56:38.314815|timerFactory-0x00007ed8bfdff640|[RPC][WS][SERVICE]connected nodes,count=0
info|2025-12-11 13:56:38.424325|ioService-0x00007ed8d3dff640|[P2PService][Service][METRIC]heartBeat,connected count=3
info|2025-12-11 13:56:48.314845|timerFactory-0x00007ed8bfdff640|[RPC][WS][SERVICE]connected nodes,count=0
info|2025-12-11 13:56:48.424394|ioService-0x00007ed8d3dff640|[P2PService][Service][METRIC]heartBeat,connected count=3
info|2025-12-11 13:56:58.020732|objMonitor-0x00007ed8ae7ff640|[startMonitor][AliveObjectMonitor],AliveObjectAllocStat=[ type: bcos::gateway::Socket ,created: 11 ,destroyed: 7 ,alive: 4 ] 
info|2025-12-11 13:56:58.314877|timerFactory-0x00007ed8bfdff640|[RPC][WS][SERVICE]connected nodes,count=0
info|2025-12-11 13:56:58.424418|ioService-0x00007ed8d3dff640|[P2PService][Service][METRIC]heartBeat,connected count=3
info|2025-12-11 13:57:08.314911|timerFactory-0x00007ed8bfdff640|[RPC][WS][SERVICE]connected nodes,count=0
info|2025-12-11 13:57:08.424444|ioService-0x00007ed8d3dff640|[P2PService][Service][METRIC]heartBeat,connected count=3
info|2025-12-11 13:57:18.314940|timerFactory-0x00007ed8bfdff640|[RPC][WS][SERVICE]connected nodes,count=0
info|2025-12-11 13:57:18.424544|ioService-0x00007ed8d3dff640|[P2PService][Service][METRIC]heartBeat,connected count=3
info|2025-12-11 13:57:28.314971|timerFactory-0x00007ed8bfdff640|[RPC][WS][SERVICE]connected nodes,count=0
info|2025-12-11 13:57:28.424600|ioService-0x00007ed8d3dff640|[P2PService][Service][METRIC]heartBeat,connected count=3
info|2025-12-11 13:57:38.315002|timerFactory-0x00007ed8bfdff640|[RPC][WS][SERVICE]connected nodes,count=0
info|2025-12-11 13:57:38.424638|ioService-0x00007ed8d3dff640|[P2PService][Service][METRIC]heartBeat,connected count=3
info|2025-12-11 13:57:48.315031|timerFactory-0x00007ed8bfdff640|[RPC][WS][SERVICE]connected nodes,count=0
info|2025-12-11 13:57:48.424710|ioService-0x00007ed8d3dff640|[P2PService][Service][METRIC]heartBeat,connected count=3
info|2025-12-11 13:57:58.020834|objMonitor-0x00007ed8ae7ff640|[startMonitor][AliveObjectMonitor],AliveObjectAllocStat=[ type: bcos::gateway::Socket ,created: 11 ,destroyed: 7 ,alive: 4 ] 
info|2025-12-11 13:57:58.315087|timerFactory-0x00007ed8bfdff640|[RPC][WS][SERVICE]connected nodes,count=0
info|2025-12-11 13:57:58.424822|ioService-0x00007ed8d3dff640|[P2PService][Service][METRIC]heartBeat,connected count=3
info|2025-12-11 13:58:08.315158|timerFactory-0x00007ed8bfdff640|[RPC][WS][SERVICE]connected nodes,count=0
info|2025-12-11 13:58:08.424940|ioService-0x00007ed8d3dff640|[P2PService][Service][METRIC]heartBeat,connected count=3
info|2025-12-11 13:58:18.315194|timerFactory-0x00007ed8bfdff640|[RPC][WS][SERVICE]connected nodes,count=0
info|2025-12-11 13:58:18.425079|ioService-0x00007ed8d3dff640|[P2PService][Service][METRIC]heartBeat,connected count=3
info|2025-12-11 13:58:28.315216|timerFactory-0x00007ed8bfdff640|[RPC][WS][SERVICE]connected nodes,count=0
info|2025-12-11 13:58:28.425136|ioService-0x00007ed8d3dff640|[P2PService][Service][METRIC]heartBeat,connected count=3
info|2025-12-11 13:58:38.315242|timerFactory-0x00007ed8bfdff640|[RPC][WS][SERVICE]connected nodes,count=0
info|2025-12-11 13:58:38.425167|ioService-0x00007ed8d3dff640|[P2PService][Service][METRIC]heartBeat,connected count=3
info|2025-12-11 13:58:48.315269|timerFactory-0x00007ed8bfdff640|[RPC][WS][SERVICE]connected nodes,count=0
info|2025-12-11 13:58:48.425237|ioService-0x00007ed8d3dff640|[P2PService][Service][METRIC]heartBeat,connected count=3
info|2025-12-11 13:58:58.020890|objMonitor-0x00007ed8ae7ff640|[startMonitor][AliveObjectMonitor],AliveObjectAllocStat=[ type: bcos::gateway::Socket ,created: 11 ,destroyed: 7 ,alive: 4 ] 
info|2025-12-11 13:58:58.315323|timerFactory-0x00007ed8bfdff640|[RPC][WS][SERVICE]connected nodes,count=0
info|2025-12-11 13:58:58.425264|ioService-0x00007ed8d3dff640|[P2PService][Service][METRIC]heartBeat,connected count=3
info|2025-12-11 13:59:08.315381|timerFactory-0x00007ed8bfdff640|[RPC][WS][SERVICE]connected nodes,count=0
info|2025-12-11 13:59:08.425291|ioService-0x00007ed8d3dff640|[P2PService][Service][METRIC]heartBeat,connected count=3
info|2025-12-11 13:59:18.315480|timerFactory-0x00007ed8bfdff640|[RPC][WS][SERVICE]connected nodes,count=0
info|2025-12-11 13:59:18.425379|ioService-0x00007ed8d3dff640|[P2PService][Service][METRIC]heartBeat,connected count=3
info|2025-12-11 13:59:28.315567|timerFactory-0x00007ed8bfdff640|[RPC][WS][SERVICE]connected nodes,count=0
info|2025-12-11 13:59:28.425409|ioService-0x00007ed8d3dff640|[P2PService][Service][METRIC]heartBeat,connected count=3
info|2025-12-11 13:59:38.315589|timerFactory-0x00007ed8bfdff640|[RPC][WS][SERVICE]connected nodes,count=0
info|2025-12-11 13:59:38.425531|ioService-0x00007ed8d3dff640|[P2PService][Service][METRIC]heartBeat,connected count=3
info|2025-12-11 13:59:48.315608|timerFactory-0x00007ed8bfdff640|[RPC][WS][SERVICE]connected nodes,count=0
info|2025-12-11 13:59:48.425563|ioService-0x00007ed8d3dff640|[P2PService][Service][METRIC]heartBeat,connected count=3
info|2025-12-11 13:59:58.020979|objMonitor-0x00007ed8ae7ff640|[startMonitor][AliveObjectMonitor],AliveObjectAllocStat=[ type: bcos::gateway::Socket ,created: 11 ,destroyed: 7 ,alive: 4 ] 
info|2025-12-11 13:59:58.315663|timerFactory-0x00007ed8bfdff640|[RPC][WS][SERVICE]connected nodes,count=0
info|2025-12-11 13:59:58.425648|ioService-0x00007ed8d3dff640|[P2PService][Service][METRIC]heartBeat,connected count=3
