info|2025-12-13 05:00:08.973689|timerFactory-0x00007ed8bfdff640|[RPC][WS][SERVICE]connected nodes,count=0
info|2025-12-13 05:00:09.405875|ioService-0x00007ed8d3dff640|[P2PService][Service][METRIC]heartBeat,connected count=3
info|2025-12-13 05:00:18.973746|timerFactory-0x00007ed8bfdff640|[RPC][WS][SERVICE]connected nodes,count=0
info|2025-12-13 05:00:19.405907|ioService-0x00007ed8d3dff640|[P2PService][Service][METRIC]heartBeat,connected count=3
info|2025-12-13 05:00:28.973765|timerFactory-0x00007ed8bfdff640|[RPC][WS][SERVICE]connected nodes,count=0
info|2025-12-13 05:00:29.405986|ioService-0x00007ed8d3dff640|[P2PService][Service][METRIC]heartBeat,connected count=3
info|2025-12-13 05:00:38.973835|timerFactory-0x00007ed8bfdff640|[RPC][WS][SERVICE]connected nodes,count=0
info|2025-12-13 05:00:39.406063|ioService-0x00007ed8d3dff640|[P2PService][Service][METRIC]heartBeat,connected count=3
info|2025-12-13 05:00:48.973926|timerFactory-0x00007ed8bfdff640|[RPC][WS][SERVICE]connected nodes,count=0
info|2025-12-13 05:00:49.406125|ioService-0x00007ed8d3dff640|[P2PService][Service][METRIC]heartBeat,connected count=3
info|2025-12-13 05:00:58.198652|objMonitor-0x00007ed8ae7ff640|[startMonitor][AliveObjectMonitor],AliveObjectAllocStat=[ type: bcos::gateway::Socket ,created: 11 ,destroyed: 7 ,alive: 4 ] 
info|2025-12-13 05:00:58.973982|timerFactory-0x00007ed8bfdff640|[RPC][WS][SERVICE]connected nodes,count=0
info|2025-12-13 05:00:59.406244|ioService-0x00007ed8d3dff640|[P2PService][Service][METRIC]heartBeat,connected count=3
info|2025-12-13 05:01:08.974037|timerFactory-0x00007ed8bfdff640|[RPC][WS][SERVICE]connected nodes,count=0
info|2025-12-13 05:01:09.406298|ioService-0x00007ed8d3dff640|[P2PService][Service][METRIC]heartBeat,connected count=3
info|2025-12-13 05:01:18.974152|timerFactory-0x00007ed8bfdff640|[RPC][WS][SERVICE]connected nodes,count=0
info|2025-12-13 05:01:19.406423|ioService-0x00007ed8d3dff640|[P2PService][Service][METRIC]heartBeat,connected count=3
info|2025-12-13 05:01:28.974176|timerFactory-0x00007ed8bfdff640|[RPC][WS][SERVICE]connected nodes,count=0
info|2025-12-13 05:01:29.406490|ioService-0x00007ed8d3dff640|[P2PService][Service][METRIC]heartBeat,connected count=3
info|2025-12-13 05:01:38.974198|timerFactory-0x00007ed8bfdff640|[RPC][WS][SERVICE]connected nodes,count=0
info|2025-12-13 05:01:39.406552|ioService-0x00007ed8d3dff640|[P2PService][Service][METRIC]heartBeat,connected count=3
info|2025-12-13 05:01:48.974218|timerFactory-0x00007ed8bfdff640|[RPC][WS][SERVICE]connected nodes,count=0
info|2025-12-13 05:01:49.406577|ioService-0x00007ed8d3dff640|[P2PService][Service][METRIC]heartBeat,connected count=3
info|2025-12-13 05:01:58.198706|objMonitor-0x00007ed8ae7ff640|[startMonitor][AliveObjectMonitor],AliveObjectAllocStat=[ type: bcos::gateway::Socket ,created: 11 ,destroyed: 7 ,alive: 4 ] 
info|2025-12-13 05:01:58.974239|timerFactory-0x00007ed8bfdff640|[RPC][WS][SERVICE]connected nodes,count=0
info|2025-12-13 05:01:59.406594|ioService-0x00007ed8d3dff640|[P2PService][Service][METRIC]heartBeat,connected count=3
info|2025-12-13 05:02:08.974264|timerFactory-0x00007ed8bfdff640|[RPC][WS][SERVICE]connected nodes,count=0
info|2025-12-13 05:02:09.406610|ioService-0x00007ed8d3dff640|[P2PService][Service][METRIC]heartBeat,connected count=3
info|2025-12-13 05:02:18.974287|timerFactory-0x00007ed8bfdff640|[RPC][WS][SERVICE]connected nodes,count=0
info|2025-12-13 05:02:19.406726|ioService-0x00007ed8d3dff640|[P2PService][Service][METRIC]heartBeat,connected count=3
info|2025-12-13 05:02:28.974306|timerFactory-0x00007ed8bfdff640|[RPC][WS][SERVICE]connected nodes,count=0
info|2025-12-13 05:02:29.406925|ioService-0x00007ed8d3dff640|[P2PService][Service][METRIC]heartBeat,connected count=3
info|2025-12-13 05:02:38.974326|timerFactory-0x00007ed8bfdff640|[RPC][WS][SERVICE]connected nodes,count=0
info|2025-12-13 05:02:39.407028|ioService-0x00007ed8d3dff640|[P2PService][Service][METRIC]heartBeat,connected count=3
info|2025-12-13 05:02:48.974343|timerFactory-0x00007ed8bfdff640|[RPC][WS][SERVICE]connected nodes,count=0
info|2025-12-13 05:02:49.407099|ioService-0x00007ed8d3dff640|[P2PService][Service][METRIC]heartBeat,connected count=3
info|2025-12-13 05:02:58.198749|objMonitor-0x00007ed8ae7ff640|[startMonitor][AliveObjectMonitor],AliveObjectAllocStat=[ type: bcos::gateway::Socket ,created: 11 ,destroyed: 7 ,alive: 4 ] [ type: bcos::gateway::ResponseCallback ,created: 3266005 ,destroyed: 3266000 ,alive: 5 ] 
info|2025-12-13 05:02:58.974392|timerFactory-0x00007ed8bfdff640|[RPC][WS][SERVICE]connected nodes,count=0
info|2025-12-13 05:02:59.407121|ioService-0x00007ed8d3dff640|[P2PService][Service][METRIC]heartBeat,connected count=3
info|2025-12-13 05:03:08.974453|timerFactory-0x00007ed8bfdff640|[RPC][WS][SERVICE]connected nodes,count=0
info|2025-12-13 05:03:09.407142|ioService-0x00007ed8d3dff640|[P2PService][Service][METRIC]heartBeat,connected count=3
info|2025-12-13 05:03:18.974510|timerFactory-0x00007ed8bfdff640|[RPC][WS][SERVICE]connected nodes,count=0
info|2025-12-13 05:03:19.407246|ioService-0x00007ed8d3dff640|[P2PService][Service][METRIC]heartBeat,connected count=3
info|2025-12-13 05:03:28.974616|timerFactory-0x00007ed8bfdff640|[RPC][WS][SERVICE]connected nodes,count=0
info|2025-12-13 05:03:29.407266|ioService-0x00007ed8d3dff640|[P2PService][Service][METRIC]heartBeat,connected count=3
info|2025-12-13 05:03:38.974652|timerFactory-0x00007ed8bfdff640|[RPC][WS][SERVICE]connected nodes,count=0
info|2025-12-13 05:03:39.407330|ioService-0x00007ed8d3dff640|[P2PService][Service][METRIC]heartBeat,connected count=3
info|2025-12-13 05:03:48.974672|timerFactory-0x00007ed8bfdff640|[RPC][WS][SERVICE]connected nodes,count=0
info|2025-12-13 05:03:49.407354|ioService-0x00007ed8d3dff640|[P2PService][Service][METRIC]heartBeat,connected count=3
info|2025-12-13 05:03:58.198896|objMonitor-0x00007ed8ae7ff640|[startMonitor][AliveObjectMonitor],AliveObjectAllocStat=[ type: bcos::gateway::Socket ,created: 11 ,destroyed: 7 ,alive: 4 ] 
info|2025-12-13 05:03:58.974697|timerFactory-0x00007ed8bfdff640|[RPC][WS][SERVICE]connected nodes,count=0
info|2025-12-13 05:03:59.407380|ioService-0x00007ed8d3dff640|[P2PService][Service][METRIC]heartBeat,connected count=3
info|2025-12-13 05:04:08.974719|timerFactory-0x00007ed8bfdff640|[RPC][WS][SERVICE]connected nodes,count=0
info|2025-12-13 05:04:09.407406|ioService-0x00007ed8d3dff640|[P2PService][Service][METRIC]heartBeat,connected count=3
info|2025-12-13 05:04:18.974743|timerFactory-0x00007ed8bfdff640|[RPC][WS][SERVICE]connected nodes,count=0
info|2025-12-13 05:04:19.407470|ioService-0x00007ed8d3dff640|[P2PService][Service][METRIC]heartBeat,connected count=3
info|2025-12-13 05:04:28.974877|timerFactory-0x00007ed8bfdff640|[RPC][WS][SERVICE]connected nodes,count=0
info|2025-12-13 05:04:29.407496|ioService-0x00007ed8d3dff640|[P2PService][Service][METRIC]heartBeat,connected count=3
info|2025-12-13 05:04:38.975010|timerFactory-0x00007ed8bfdff640|[RPC][WS][SERVICE]connected nodes,count=0
info|2025-12-13 05:04:39.407524|ioService-0x00007ed8d3dff640|[P2PService][Service][METRIC]heartBeat,connected count=3
info|2025-12-13 05:04:48.975209|timerFactory-0x00007ed8bfdff640|[RPC][WS][SERVICE]connected nodes,count=0
info|2025-12-13 05:04:49.407782|ioService-0x00007ed8d3dff640|[P2PService][Service][METRIC]heartBeat,connected count=3
info|2025-12-13 05:04:58.198948|objMonitor-0x00007ed8ae7ff640|[startMonitor][AliveObjectMonitor],AliveObjectAllocStat=[ type: bcos::gateway::Socket ,created: 11 ,destroyed: 7 ,alive: 4 ] 
info|2025-12-13 05:04:58.975300|timerFactory-0x00007ed8bfdff640|[RPC][WS][SERVICE]connected nodes,count=0
info|2025-12-13 05:04:59.407900|ioService-0x00007ed8d3dff640|[P2PService][Service][METRIC]heartBeat,connected count=3
info|2025-12-13 05:05:08.975321|timerFactory-0x00007ed8bfdff640|[RPC][WS][SERVICE]connected nodes,count=0
info|2025-12-13 05:05:09.408042|ioService-0x00007ed8d3dff640|[P2PService][Service][METRIC]heartBeat,connected count=3
info|2025-12-13 05:05:18.975340|timerFactory-0x00007ed8bfdff640|[RPC][WS][SERVICE]connected nodes,count=0
info|2025-12-13 05:05:19.408133|ioService-0x00007ed8d3dff640|[P2PService][Service][METRIC]heartBeat,connected count=3
info|2025-12-13 05:05:28.975357|timerFactory-0x00007ed8bfdff640|[RPC][WS][SERVICE]connected nodes,count=0
info|2025-12-13 05:05:29.408246|ioService-0x00007ed8d3dff640|[P2PService][Service][METRIC]heartBeat,connected count=3
info|2025-12-13 05:05:38.975417|timerFactory-0x00007ed8bfdff640|[RPC][WS][SERVICE]connected nodes,count=0
info|2025-12-13 05:05:39.408356|ioService-0x00007ed8d3dff640|[P2PService][Service][METRIC]heartBeat,connected count=3
info|2025-12-13 05:05:48.975465|timerFactory-0x00007ed8bfdff640|[RPC][WS][SERVICE]connected nodes,count=0
info|2025-12-13 05:05:49.408424|ioService-0x00007ed8d3dff640|[P2PService][Service][METRIC]heartBeat,connected count=3
info|2025-12-13 05:05:58.198998|objMonitor-0x00007ed8ae7ff640|[startMonitor][AliveObjectMonitor],AliveObjectAllocStat=[ type: bcos::gateway::Socket ,created: 11 ,destroyed: 7 ,alive: 4 ] 
info|2025-12-13 05:05:58.975487|timerFactory-0x00007ed8bfdff640|[RPC][WS][SERVICE]connected nodes,count=0
info|2025-12-13 05:05:59.408450|ioService-0x00007ed8d3dff640|[P2PService][Service][METRIC]heartBeat,connected count=3
info|2025-12-13 05:06:08.975507|timerFactory-0x00007ed8bfdff640|[RPC][WS][SERVICE]connected nodes,count=0
info|2025-12-13 05:06:09.408581|ioService-0x00007ed8d3dff640|[P2PService][Service][METRIC]heartBeat,connected count=3
info|2025-12-13 05:06:18.975525|timerFactory-0x00007ed8bfdff640|[RPC][WS][SERVICE]connected nodes,count=0
info|2025-12-13 05:06:19.408600|ioService-0x00007ed8d3dff640|[P2PService][Service][METRIC]heartBeat,connected count=3
info|2025-12-13 05:06:28.975585|timerFactory-0x00007ed8bfdff640|[RPC][WS][SERVICE]connected nodes,count=0
info|2025-12-13 05:06:29.408617|ioService-0x00007ed8d3dff640|[P2PService][Service][METRIC]heartBeat,connected count=3
info|2025-12-13 05:06:38.975629|timerFactory-0x00007ed8bfdff640|[RPC][WS][SERVICE]connected nodes,count=0
info|2025-12-13 05:06:39.408637|ioService-0x00007ed8d3dff640|[P2PService][Service][METRIC]heartBeat,connected count=3
info|2025-12-13 05:06:48.975661|timerFactory-0x00007ed8bfdff640|[RPC][WS][SERVICE]connected nodes,count=0
info|2025-12-13 05:06:49.408873|ioService-0x00007ed8d3dff640|[P2PService][Service][METRIC]heartBeat,connected count=3
info|2025-12-13 05:06:58.199043|objMonitor-0x00007ed8ae7ff640|[startMonitor][AliveObjectMonitor],AliveObjectAllocStat=[ type: bcos::gateway::Socket ,created: 11 ,destroyed: 7 ,alive: 4 ] 
info|2025-12-13 05:06:58.975686|timerFactory-0x00007ed8bfdff640|[RPC][WS][SERVICE]connected nodes,count=0
info|2025-12-13 05:06:59.408951|ioService-0x00007ed8d3dff640|[P2PService][Service][METRIC]heartBeat,connected count=3
info|2025-12-13 05:07:08.975734|timerFactory-0x00007ed8bfdff640|[RPC][WS][SERVICE]connected nodes,count=0
info|2025-12-13 05:07:09.409110|ioService-0x00007ed8d3dff640|[P2PService][Service][METRIC]heartBeat,connected count=3
info|2025-12-13 05:07:18.975832|timerFactory-0x00007ed8bfdff640|[RPC][WS][SERVICE]connected nodes,count=0
info|2025-12-13 05:07:19.409219|ioService-0x00007ed8d3dff640|[P2PService][Service][METRIC]heartBeat,connected count=3
info|2025-12-13 05:07:28.975869|timerFactory-0x00007ed8bfdff640|[RPC][WS][SERVICE]connected nodes,count=0
info|2025-12-13 05:07:29.409331|ioService-0x00007ed8d3dff640|[P2PService][Service][METRIC]heartBeat,connected count=3
info|2025-12-13 05:07:38.975934|timerFactory-0x00007ed8bfdff640|[RPC][WS][SERVICE]connected nodes,count=0
info|2025-12-13 05:07:39.409509|ioService-0x00007ed8d3dff640|[P2PService][Service][METRIC]heartBeat,connected count=3
info|2025-12-13 05:07:48.976024|timerFactory-0x00007ed8bfdff640|[RPC][WS][SERVICE]connected nodes,count=0
info|2025-12-13 05:07:49.409535|ioService-0x00007ed8d3dff640|[P2PService][Service][METRIC]heartBeat,connected count=3
info|2025-12-13 05:07:58.199136|objMonitor-0x00007ed8ae7ff640|[startMonitor][AliveObjectMonitor],AliveObjectAllocStat=[ type: bcos::gateway::Socket ,created: 11 ,destroyed: 7 ,alive: 4 ] 
info|2025-12-13 05:07:58.976104|timerFactory-0x00007ed8bfdff640|[RPC][WS][SERVICE]connected nodes,count=0
info|2025-12-13 05:07:59.409555|ioService-0x00007ed8d3dff640|[P2PService][Service][METRIC]heartBeat,connected count=3
info|2025-12-13 05:08:08.976155|timerFactory-0x00007ed8bfdff640|[RPC][WS][SERVICE]connected nodes,count=0
info|2025-12-13 05:08:09.409650|ioService-0x00007ed8d3dff640|[P2PService][Service][METRIC]heartBeat,connected count=3
info|2025-12-13 05:08:18.976213|timerFactory-0x00007ed8bfdff640|[RPC][WS][SERVICE]connected nodes,count=0
info|2025-12-13 05:08:19.409741|ioService-0x00007ed8d3dff640|[P2PService][Service][METRIC]heartBeat,connected count=3
info|2025-12-13 05:08:28.976258|timerFactory-0x00007ed8bfdff640|[RPC][WS][SERVICE]connected nodes,count=0
info|2025-12-13 05:08:29.409765|ioService-0x00007ed8d3dff640|[P2PService][Service][METRIC]heartBeat,connected count=3
info|2025-12-13 05:08:38.976280|timerFactory-0x00007ed8bfdff640|[RPC][WS][SERVICE]connected nodes,count=0
info|2025-12-13 05:08:39.409835|ioService-0x00007ed8d3dff640|[P2PService][Service][METRIC]heartBeat,connected count=3
info|2025-12-13 05:08:48.976300|timerFactory-0x00007ed8bfdff640|[RPC][WS][SERVICE]connected nodes,count=0
info|2025-12-13 05:08:49.409879|ioService-0x00007ed8d3dff640|[P2PService][Service][METRIC]heartBeat,connected count=3
info|2025-12-13 05:08:58.199176|objMonitor-0x00007ed8ae7ff640|[startMonitor][AliveObjectMonitor],AliveObjectAllocStat=[ type: bcos::gateway::Socket ,created: 11 ,destroyed: 7 ,alive: 4 ] 
info|2025-12-13 05:08:58.976327|timerFactory-0x00007ed8bfdff640|[RPC][WS][SERVICE]connected nodes,count=0
info|2025-12-13 05:08:59.409905|ioService-0x00007ed8d3dff640|[P2PService][Service][METRIC]heartBeat,connected count=3
info|2025-12-13 05:09:08.976348|timerFactory-0x00007ed8bfdff640|[RPC][WS][SERVICE]connected nodes,count=0
info|2025-12-13 05:09:09.409993|ioService-0x00007ed8d3dff640|[P2PService][Service][METRIC]heartBeat,connected count=3
info|2025-12-13 05:09:18.976370|timerFactory-0x00007ed8bfdff640|[RPC][WS][SERVICE]connected nodes,count=0
info|2025-12-13 05:09:19.410058|ioService-0x00007ed8d3dff640|[P2PService][Service][METRIC]heartBeat,connected count=3
info|2025-12-13 05:09:28.976397|timerFactory-0x00007ed8bfdff640|[RPC][WS][SERVICE]connected nodes,count=0
info|2025-12-13 05:09:29.410109|ioService-0x00007ed8d3dff640|[P2PService][Service][METRIC]heartBeat,connected count=3
info|2025-12-13 05:09:38.976417|timerFactory-0x00007ed8bfdff640|[RPC][WS][SERVICE]connected nodes,count=0
info|2025-12-13 05:09:39.410185|ioService-0x00007ed8d3dff640|[P2PService][Service][METRIC]heartBeat,connected count=3
info|2025-12-13 05:09:48.976438|timerFactory-0x00007ed8bfdff640|[RPC][WS][SERVICE]connected nodes,count=0
info|2025-12-13 05:09:49.410207|ioService-0x00007ed8d3dff640|[P2PService][Service][METRIC]heartBeat,connected count=3
info|2025-12-13 05:09:58.199219|objMonitor-0x00007ed8ae7ff640|[startMonitor][AliveObjectMonitor],AliveObjectAllocStat=[ type: bcos::gateway::Socket ,created: 11 ,destroyed: 7 ,alive: 4 ] 
info|2025-12-13 05:09:58.976489|timerFactory-0x00007ed8bfdff640|[RPC][WS][SERVICE]connected nodes,count=0
info|2025-12-13 05:09:59.410223|ioService-0x00007ed8d3dff640|[P2PService][Service][METRIC]heartBeat,connected count=3
info|2025-12-13 05:10:08.976542|timerFactory-0x00007ed8bfdff640|[RPC][WS][SERVICE]connected nodes,count=0
info|2025-12-13 05:10:09.410300|ioService-0x00007ed8d3dff640|[P2PService][Service][METRIC]heartBeat,connected count=3
info|2025-12-13 05:10:18.976561|timerFactory-0x00007ed8bfdff640|[RPC][WS][SERVICE]connected nodes,count=0
info|2025-12-13 05:10:19.410320|ioService-0x00007ed8d3dff640|[P2PService][Service][METRIC]heartBeat,connected count=3
info|2025-12-13 05:10:28.976579|timerFactory-0x00007ed8bfdff640|[RPC][WS][SERVICE]connected nodes,count=0
info|2025-12-13 05:10:29.410347|ioService-0x00007ed8d3dff640|[P2PService][Service][METRIC]heartBeat,connected count=3
info|2025-12-13 05:10:38.976602|timerFactory-0x00007ed8bfdff640|[RPC][WS][SERVICE]connected nodes,count=0
info|2025-12-13 05:10:39.410366|ioService-0x00007ed8d3dff640|[P2PService][Service][METRIC]heartBeat,connected count=3
info|2025-12-13 05:10:48.976647|timerFactory-0x00007ed8bfdff640|[RPC][WS][SERVICE]connected nodes,count=0
info|2025-12-13 05:10:49.410392|ioService-0x00007ed8d3dff640|[P2PService][Service][METRIC]heartBeat,connected count=3
info|2025-12-13 05:10:58.199262|objMonitor-0x00007ed8ae7ff640|[startMonitor][AliveObjectMonitor],AliveObjectAllocStat=[ type: bcos::gateway::Socket ,created: 11 ,destroyed: 7 ,alive: 4 ] 
info|2025-12-13 05:10:58.976669|timerFactory-0x00007ed8bfdff640|[RPC][WS][SERVICE]connected nodes,count=0
info|2025-12-13 05:10:59.410418|ioService-0x00007ed8d3dff640|[P2PService][Service][METRIC]heartBeat,connected count=3
info|2025-12-13 05:11:08.976725|timerFactory-0x00007ed8bfdff640|[RPC][WS][SERVICE]connected nodes,count=0
info|2025-12-13 05:11:09.410441|ioService-0x00007ed8d3dff640|[P2PService][Service][METRIC]heartBeat,connected count=3
info|2025-12-13 05:11:18.976791|timerFactory-0x00007ed8bfdff640|[RPC][WS][SERVICE]connected nodes,count=0
info|2025-12-13 05:11:19.410549|ioService-0x00007ed8d3dff640|[P2PService][Service][METRIC]heartBeat,connected count=3
info|2025-12-13 05:11:28.976810|timerFactory-0x00007ed8bfdff640|[RPC][WS][SERVICE]connected nodes,count=0
info|2025-12-13 05:11:29.410574|ioService-0x00007ed8d3dff640|[P2PService][Service][METRIC]heartBeat,connected count=3
info|2025-12-13 05:11:38.976827|timerFactory-0x00007ed8bfdff640|[RPC][WS][SERVICE]connected nodes,count=0
info|2025-12-13 05:11:39.410740|ioService-0x00007ed8d3dff640|[P2PService][Service][METRIC]heartBeat,connected count=3
info|2025-12-13 05:11:48.976841|timerFactory-0x00007ed8bfdff640|[RPC][WS][SERVICE]connected nodes,count=0
info|2025-12-13 05:11:49.410853|ioService-0x00007ed8d3dff640|[P2PService][Service][METRIC]heartBeat,connected count=3
info|2025-12-13 05:11:58.199306|objMonitor-0x00007ed8ae7ff640|[startMonitor][AliveObjectMonitor],AliveObjectAllocStat=[ type: bcos::gateway::Socket ,created: 11 ,destroyed: 7 ,alive: 4 ] 
info|2025-12-13 05:11:58.976859|timerFactory-0x00007ed8bfdff640|[RPC][WS][SERVICE]connected nodes,count=0
info|2025-12-13 05:11:59.410910|ioService-0x00007ed8d3dff640|[P2PService][Service][METRIC]heartBeat,connected count=3
info|2025-12-13 05:12:08.976886|timerFactory-0x00007ed8bfdff640|[RPC][WS][SERVICE]connected nodes,count=0
info|2025-12-13 05:12:09.411093|ioService-0x00007ed8d3dff640|[P2PService][Service][METRIC]heartBeat,connected count=3
info|2025-12-13 05:12:18.976915|timerFactory-0x00007ed8bfdff640|[RPC][WS][SERVICE]connected nodes,count=0
info|2025-12-13 05:12:19.411187|ioService-0x00007ed8d3dff640|[P2PService][Service][METRIC]heartBeat,connected count=3
info|2025-12-13 05:12:28.976933|timerFactory-0x00007ed8bfdff640|[RPC][WS][SERVICE]connected nodes,count=0
info|2025-12-13 05:12:29.411214|ioService-0x00007ed8d3dff640|[P2PService][Service][METRIC]heartBeat,connected count=3
info|2025-12-13 05:12:38.976985|timerFactory-0x00007ed8bfdff640|[RPC][WS][SERVICE]connected nodes,count=0
info|2025-12-13 05:12:39.411289|ioService-0x00007ed8d3dff640|[P2PService][Service][METRIC]heartBeat,connected count=3
info|2025-12-13 05:12:48.977026|timerFactory-0x00007ed8bfdff640|[RPC][WS][SERVICE]connected nodes,count=0
info|2025-12-13 05:12:49.411325|ioService-0x00007ed8d3dff640|[P2PService][Service][METRIC]heartBeat,connected count=3
info|2025-12-13 05:12:58.199350|objMonitor-0x00007ed8ae7ff640|[startMonitor][AliveObjectMonitor],AliveObjectAllocStat=[ type: bcos::gateway::Socket ,created: 11 ,destroyed: 7 ,alive: 4 ] 
info|2025-12-13 05:12:58.977041|timerFactory-0x00007ed8bfdff640|[RPC][WS][SERVICE]connected nodes,count=0
info|2025-12-13 05:12:59.411349|ioService-0x00007ed8d3dff640|[P2PService][Service][METRIC]heartBeat,connected count=3
info|2025-12-13 05:13:08.977093|timerFactory-0x00007ed8bfdff640|[RPC][WS][SERVICE]connected nodes,count=0
info|2025-12-13 05:13:09.411469|ioService-0x00007ed8d3dff640|[P2PService][Service][METRIC]heartBeat,connected count=3
info|2025-12-13 05:13:18.977251|timerFactory-0x00007ed8bfdff640|[RPC][WS][SERVICE]connected nodes,count=0
info|2025-12-13 05:13:19.411571|ioService-0x00007ed8d3dff640|[P2PService][Service][METRIC]heartBeat,connected count=3
info|2025-12-13 05:13:28.977321|timerFactory-0x00007ed8bfdff640|[RPC][WS][SERVICE]connected nodes,count=0
info|2025-12-13 05:13:29.411632|ioService-0x00007ed8d3dff640|[P2PService][Service][METRIC]heartBeat,connected count=3
info|2025-12-13 05:13:38.977350|timerFactory-0x00007ed8bfdff640|[RPC][WS][SERVICE]connected nodes,count=0
info|2025-12-13 05:13:39.411685|ioService-0x00007ed8d3dff640|[P2PService][Service][METRIC]heartBeat,connected count=3
info|2025-12-13 05:13:48.977378|timerFactory-0x00007ed8bfdff640|[RPC][WS][SERVICE]connected nodes,count=0
info|2025-12-13 05:13:49.411762|ioService-0x00007ed8d3dff640|[P2PService][Service][METRIC]heartBeat,connected count=3
info|2025-12-13 05:13:58.199391|objMonitor-0x00007ed8ae7ff640|[startMonitor][AliveObjectMonitor],AliveObjectAllocStat=[ type: bcos::gateway::Socket ,created: 11 ,destroyed: 7 ,alive: 4 ] 
info|2025-12-13 05:13:58.977407|timerFactory-0x00007ed8bfdff640|[RPC][WS][SERVICE]connected nodes,count=0
info|2025-12-13 05:13:59.411811|ioService-0x00007ed8d3dff640|[P2PService][Service][METRIC]heartBeat,connected count=3
info|2025-12-13 05:14:08.977436|timerFactory-0x00007ed8bfdff640|[RPC][WS][SERVICE]connected nodes,count=0
info|2025-12-13 05:14:09.411827|ioService-0x00007ed8d3dff640|[P2PService][Service][METRIC]heartBeat,connected count=3
info|2025-12-13 05:14:18.977460|timerFactory-0x00007ed8bfdff640|[RPC][WS][SERVICE]connected nodes,count=0
info|2025-12-13 05:14:19.411946|ioService-0x00007ed8d3dff640|[P2PService][Service][METRIC]heartBeat,connected count=3
info|2025-12-13 05:14:28.977485|timerFactory-0x00007ed8bfdff640|[RPC][WS][SERVICE]connected nodes,count=0
info|2025-12-13 05:14:29.411969|ioService-0x00007ed8d3dff640|[P2PService][Service][METRIC]heartBeat,connected count=3
info|2025-12-13 05:14:38.977511|timerFactory-0x00007ed8bfdff640|[RPC][WS][SERVICE]connected nodes,count=0
info|2025-12-13 05:14:39.411995|ioService-0x00007ed8d3dff640|[P2PService][Service][METRIC]heartBeat,connected count=3
info|2025-12-13 05:14:48.977537|timerFactory-0x00007ed8bfdff640|[RPC][WS][SERVICE]connected nodes,count=0
info|2025-12-13 05:14:49.412060|ioService-0x00007ed8d3dff640|[P2PService][Service][METRIC]heartBeat,connected count=3
info|2025-12-13 05:14:58.199435|objMonitor-0x00007ed8ae7ff640|[startMonitor][AliveObjectMonitor],AliveObjectAllocStat=[ type: bcos::gateway::Socket ,created: 11 ,destroyed: 7 ,alive: 4 ] 
info|2025-12-13 05:14:58.977564|timerFactory-0x00007ed8bfdff640|[RPC][WS][SERVICE]connected nodes,count=0
info|2025-12-13 05:14:59.412083|ioService-0x00007ed8d3dff640|[P2PService][Service][METRIC]heartBeat,connected count=3
info|2025-12-13 05:15:08.977702|timerFactory-0x00007ed8bfdff640|[RPC][WS][SERVICE]connected nodes,count=0
info|2025-12-13 05:15:09.412221|ioService-0x00007ed8d3dff640|[P2PService][Service][METRIC]heartBeat,connected count=3
info|2025-12-13 05:15:18.977812|timerFactory-0x00007ed8bfdff640|[RPC][WS][SERVICE]connected nodes,count=0
info|2025-12-13 05:15:19.412358|ioService-0x00007ed8d3dff640|[P2PService][Service][METRIC]heartBeat,connected count=3
info|2025-12-13 05:15:28.977866|timerFactory-0x00007ed8bfdff640|[RPC][WS][SERVICE]connected nodes,count=0
info|2025-12-13 05:15:29.412387|ioService-0x00007ed8d3dff640|[P2PService][Service][METRIC]heartBeat,connected count=3
info|2025-12-13 05:15:38.977943|timerFactory-0x00007ed8bfdff640|[RPC][WS][SERVICE]connected nodes,count=0
info|2025-12-13 05:15:39.412473|ioService-0x00007ed8d3dff640|[P2PService][Service][METRIC]heartBeat,connected count=3
info|2025-12-13 05:15:48.977967|timerFactory-0x00007ed8bfdff640|[RPC][WS][SERVICE]connected nodes,count=0
info|2025-12-13 05:15:49.412523|ioService-0x00007ed8d3dff640|[P2PService][Service][METRIC]heartBeat,connected count=3
info|2025-12-13 05:15:58.199481|objMonitor-0x00007ed8ae7ff640|[startMonitor][AliveObjectMonitor],AliveObjectAllocStat=[ type: bcos::gateway::Socket ,created: 11 ,destroyed: 7 ,alive: 4 ] 
info|2025-12-13 05:15:58.977988|timerFactory-0x00007ed8bfdff640|[RPC][WS][SERVICE]connected nodes,count=0
info|2025-12-13 05:15:59.412595|ioService-0x00007ed8d3dff640|[P2PService][Service][METRIC]heartBeat,connected count=3
info|2025-12-13 05:16:08.978017|timerFactory-0x00007ed8bfdff640|[RPC][WS][SERVICE]connected nodes,count=0
info|2025-12-13 05:16:09.412701|ioService-0x00007ed8d3dff640|[P2PService][Service][METRIC]heartBeat,connected count=3
info|2025-12-13 05:16:18.978043|timerFactory-0x00007ed8bfdff640|[RPC][WS][SERVICE]connected nodes,count=0
info|2025-12-13 05:16:19.412787|ioService-0x00007ed8d3dff640|[P2PService][Service][METRIC]heartBeat,connected count=3
info|2025-12-13 05:16:28.978097|timerFactory-0x00007ed8bfdff640|[RPC][WS][SERVICE]connected nodes,count=0
info|2025-12-13 05:16:29.412871|ioService-0x00007ed8d3dff640|[P2PService][Service][METRIC]heartBeat,connected count=3
info|2025-12-13 05:16:38.978159|timerFactory-0x00007ed8bfdff640|[RPC][WS][SERVICE]connected nodes,count=0
info|2025-12-13 05:16:39.413025|ioService-0x00007ed8d3dff640|[P2PService][Service][METRIC]heartBeat,connected count=3
info|2025-12-13 05:16:48.978213|timerFactory-0x00007ed8bfdff640|[RPC][WS][SERVICE]connected nodes,count=0
info|2025-12-13 05:16:49.413080|ioService-0x00007ed8d3dff640|[P2PService][Service][METRIC]heartBeat,connected count=3
info|2025-12-13 05:16:58.199714|objMonitor-0x00007ed8ae7ff640|[startMonitor][AliveObjectMonitor],AliveObjectAllocStat=[ type: bcos::gateway::Socket ,created: 11 ,destroyed: 7 ,alive: 4 ] 
info|2025-12-13 05:16:58.978317|timerFactory-0x00007ed8bfdff640|[RPC][WS][SERVICE]connected nodes,count=0
info|2025-12-13 05:16:59.413103|ioService-0x00007ed8d3dff640|[P2PService][Service][METRIC]heartBeat,connected count=3
info|2025-12-13 05:17:08.978342|timerFactory-0x00007ed8bfdff640|[RPC][WS][SERVICE]connected nodes,count=0
info|2025-12-13 05:17:09.413122|ioService-0x00007ed8d3dff640|[P2PService][Service][METRIC]heartBeat,connected count=3
info|2025-12-13 05:17:18.978371|timerFactory-0x00007ed8bfdff640|[RPC][WS][SERVICE]connected nodes,count=0
info|2025-12-13 05:17:19.413184|ioService-0x00007ed8d3dff640|[P2PService][Service][METRIC]heartBeat,connected count=3
info|2025-12-13 05:17:28.978395|timerFactory-0x00007ed8bfdff640|[RPC][WS][SERVICE]connected nodes,count=0
info|2025-12-13 05:17:29.413205|ioService-0x00007ed8d3dff640|[P2PService][Service][METRIC]heartBeat,connected count=3
info|2025-12-13 05:17:38.978420|timerFactory-0x00007ed8bfdff640|[RPC][WS][SERVICE]connected nodes,count=0
info|2025-12-13 05:17:39.413343|ioService-0x00007ed8d3dff640|[P2PService][Service][METRIC]heartBeat,connected count=3
info|2025-12-13 05:17:48.978442|timerFactory-0x00007ed8bfdff640|[RPC][WS][SERVICE]connected nodes,count=0
info|2025-12-13 05:17:49.413365|ioService-0x00007ed8d3dff640|[P2PService][Service][METRIC]heartBeat,connected count=3
info|2025-12-13 05:17:58.199754|objMonitor-0x00007ed8ae7ff640|[startMonitor][AliveObjectMonitor],AliveObjectAllocStat=[ type: bcos::gateway::Socket ,created: 11 ,destroyed: 7 ,alive: 4 ] 
info|2025-12-13 05:17:58.978504|timerFactory-0x00007ed8bfdff640|[RPC][WS][SERVICE]connected nodes,count=0
info|2025-12-13 05:17:59.413390|ioService-0x00007ed8d3dff640|[P2PService][Service][METRIC]heartBeat,connected count=3
info|2025-12-13 05:18:08.978526|timerFactory-0x00007ed8bfdff640|[RPC][WS][SERVICE]connected nodes,count=0
info|2025-12-13 05:18:09.413415|ioService-0x00007ed8d3dff640|[P2PService][Service][METRIC]heartBeat,connected count=3
info|2025-12-13 05:18:18.978635|timerFactory-0x00007ed8bfdff640|[RPC][WS][SERVICE]connected nodes,count=0
info|2025-12-13 05:18:19.413437|ioService-0x00007ed8d3dff640|[P2PService][Service][METRIC]heartBeat,connected count=3
info|2025-12-13 05:18:28.978686|timerFactory-0x00007ed8bfdff640|[RPC][WS][SERVICE]connected nodes,count=0
info|2025-12-13 05:18:29.413461|ioService-0x00007ed8d3dff640|[P2PService][Service][METRIC]heartBeat,connected count=3
info|2025-12-13 05:18:38.978797|timerFactory-0x00007ed8bfdff640|[RPC][WS][SERVICE]connected nodes,count=0
info|2025-12-13 05:18:39.413484|ioService-0x00007ed8d3dff640|[P2PService][Service][METRIC]heartBeat,connected count=3
info|2025-12-13 05:18:48.978853|timerFactory-0x00007ed8bfdff640|[RPC][WS][SERVICE]connected nodes,count=0
info|2025-12-13 05:18:49.413581|ioService-0x00007ed8d3dff640|[P2PService][Service][METRIC]heartBeat,connected count=3
info|2025-12-13 05:18:58.199803|objMonitor-0x00007ed8ae7ff640|[startMonitor][AliveObjectMonitor],AliveObjectAllocStat=[ type: bcos::gateway::Socket ,created: 11 ,destroyed: 7 ,alive: 4 ] 
info|2025-12-13 05:18:58.978928|timerFactory-0x00007ed8bfdff640|[RPC][WS][SERVICE]connected nodes,count=0
info|2025-12-13 05:18:59.413662|ioService-0x00007ed8d3dff640|[P2PService][Service][METRIC]heartBeat,connected count=3
info|2025-12-13 05:19:08.978948|timerFactory-0x00007ed8bfdff640|[RPC][WS][SERVICE]connected nodes,count=0
info|2025-12-13 05:19:09.413743|ioService-0x00007ed8d3dff640|[P2PService][Service][METRIC]heartBeat,connected count=3
info|2025-12-13 05:19:18.979091|timerFactory-0x00007ed8bfdff640|[RPC][WS][SERVICE]connected nodes,count=0
info|2025-12-13 05:19:19.413848|ioService-0x00007ed8d3dff640|[P2PService][Service][METRIC]heartBeat,connected count=3
info|2025-12-13 05:19:28.979113|timerFactory-0x00007ed8bfdff640|[RPC][WS][SERVICE]connected nodes,count=0
info|2025-12-13 05:19:29.413865|ioService-0x00007ed8d3dff640|[P2PService][Service][METRIC]heartBeat,connected count=3
info|2025-12-13 05:19:38.979134|timerFactory-0x00007ed8bfdff640|[RPC][WS][SERVICE]connected nodes,count=0
info|2025-12-13 05:19:39.413945|ioService-0x00007ed8d3dff640|[P2PService][Service][METRIC]heartBeat,connected count=3
info|2025-12-13 05:19:48.979209|timerFactory-0x00007ed8bfdff640|[RPC][WS][SERVICE]connected nodes,count=0
info|2025-12-13 05:19:49.413971|ioService-0x00007ed8d3dff640|[P2PService][Service][METRIC]heartBeat,connected count=3
info|2025-12-13 05:19:58.199895|objMonitor-0x00007ed8ae7ff640|[startMonitor][AliveObjectMonitor],AliveObjectAllocStat=[ type: bcos::gateway::Socket ,created: 11 ,destroyed: 7 ,alive: 4 ] 
info|2025-12-13 05:19:58.979234|timerFactory-0x00007ed8bfdff640|[RPC][WS][SERVICE]connected nodes,count=0
info|2025-12-13 05:19:59.414101|ioService-0x00007ed8d3dff640|[P2PService][Service][METRIC]heartBeat,connected count=3
info|2025-12-13 05:20:08.979300|timerFactory-0x00007ed8bfdff640|[RPC][WS][SERVICE]connected nodes,count=0
info|2025-12-13 05:20:09.414167|ioService-0x00007ed8d3dff640|[P2PService][Service][METRIC]heartBeat,connected count=3
info|2025-12-13 05:20:18.979337|timerFactory-0x00007ed8bfdff640|[RPC][WS][SERVICE]connected nodes,count=0
info|2025-12-13 05:20:19.414187|ioService-0x00007ed8d3dff640|[P2PService][Service][METRIC]heartBeat,connected count=3
info|2025-12-13 05:20:28.979362|timerFactory-0x00007ed8bfdff640|[RPC][WS][SERVICE]connected nodes,count=0
info|2025-12-13 05:20:29.414212|ioService-0x00007ed8d3dff640|[P2PService][Service][METRIC]heartBeat,connected count=3
info|2025-12-13 05:20:38.979434|timerFactory-0x00007ed8bfdff640|[RPC][WS][SERVICE]connected nodes,count=0
info|2025-12-13 05:20:39.414240|ioService-0x00007ed8d3dff640|[P2PService][Service][METRIC]heartBeat,connected count=3
info|2025-12-13 05:20:48.979477|timerFactory-0x00007ed8bfdff640|[RPC][WS][SERVICE]connected nodes,count=0
info|2025-12-13 05:20:49.414269|ioService-0x00007ed8d3dff640|[P2PService][Service][METRIC]heartBeat,connected count=3
info|2025-12-13 05:20:58.200052|objMonitor-0x00007ed8ae7ff640|[startMonitor][AliveObjectMonitor],AliveObjectAllocStat=[ type: bcos::gateway::Socket ,created: 11 ,destroyed: 7 ,alive: 4 ] 
info|2025-12-13 05:20:58.979543|timerFactory-0x00007ed8bfdff640|[RPC][WS][SERVICE]connected nodes,count=0
info|2025-12-13 05:20:59.414297|ioService-0x00007ed8d3dff640|[P2PService][Service][METRIC]heartBeat,connected count=3
info|2025-12-13 05:21:08.979600|timerFactory-0x00007ed8bfdff640|[RPC][WS][SERVICE]connected nodes,count=0
info|2025-12-13 05:21:09.414359|ioService-0x00007ed8d3dff640|[P2PService][Service][METRIC]heartBeat,connected count=3
info|2025-12-13 05:21:18.979710|timerFactory-0x00007ed8bfdff640|[RPC][WS][SERVICE]connected nodes,count=0
info|2025-12-13 05:21:19.414452|ioService-0x00007ed8d3dff640|[P2PService][Service][METRIC]heartBeat,connected count=3
info|2025-12-13 05:21:28.979776|timerFactory-0x00007ed8bfdff640|[RPC][WS][SERVICE]connected nodes,count=0
info|2025-12-13 05:21:29.414518|ioService-0x00007ed8d3dff640|[P2PService][Service][METRIC]heartBeat,connected count=3
info|2025-12-13 05:21:38.979875|timerFactory-0x00007ed8bfdff640|[RPC][WS][SERVICE]connected nodes,count=0
info|2025-12-13 05:21:39.414543|ioService-0x00007ed8d3dff640|[P2PService][Service][METRIC]heartBeat,connected count=3
info|2025-12-13 05:21:48.979945|timerFactory-0x00007ed8bfdff640|[RPC][WS][SERVICE]connected nodes,count=0
info|2025-12-13 05:21:49.414783|ioService-0x00007ed8d3dff640|[P2PService][Service][METRIC]heartBeat,connected count=3
info|2025-12-13 05:21:58.200135|objMonitor-0x00007ed8ae7ff640|[startMonitor][AliveObjectMonitor],AliveObjectAllocStat=[ type: bcos::gateway::Socket ,created: 11 ,destroyed: 7 ,alive: 4 ] 
info|2025-12-13 05:21:58.980010|timerFactory-0x00007ed8bfdff640|[RPC][WS][SERVICE]connected nodes,count=0
info|2025-12-13 05:21:59.414805|ioService-0x00007ed8d3dff640|[P2PService][Service][METRIC]heartBeat,connected count=3
info|2025-12-13 05:22:08.980075|timerFactory-0x00007ed8bfdff640|[RPC][WS][SERVICE]connected nodes,count=0
info|2025-12-13 05:22:09.414957|ioService-0x00007ed8d3dff640|[P2PService][Service][METRIC]heartBeat,connected count=3
info|2025-12-13 05:22:18.980107|timerFactory-0x00007ed8bfdff640|[RPC][WS][SERVICE]connected nodes,count=0
info|2025-12-13 05:22:19.415014|ioService-0x00007ed8d3dff640|[P2PService][Service][METRIC]heartBeat,connected count=3
info|2025-12-13 05:22:28.980189|timerFactory-0x00007ed8bfdff640|[RPC][WS][SERVICE]connected nodes,count=0
info|2025-12-13 05:22:29.415100|ioService-0x00007ed8d3dff640|[P2PService][Service][METRIC]heartBeat,connected count=3
info|2025-12-13 05:22:38.980232|timerFactory-0x00007ed8bfdff640|[RPC][WS][SERVICE]connected nodes,count=0
info|2025-12-13 05:22:39.415198|ioService-0x00007ed8d3dff640|[P2PService][Service][METRIC]heartBeat,connected count=3
info|2025-12-13 05:22:48.980261|timerFactory-0x00007ed8bfdff640|[RPC][WS][SERVICE]connected nodes,count=0
info|2025-12-13 05:22:49.415222|ioService-0x00007ed8d3dff640|[P2PService][Service][METRIC]heartBeat,connected count=3
info|2025-12-13 05:22:58.200183|objMonitor-0x00007ed8ae7ff640|[startMonitor][AliveObjectMonitor],AliveObjectAllocStat=[ type: bcos::gateway::Socket ,created: 11 ,destroyed: 7 ,alive: 4 ] [ type: bcos::gateway::ResponseCallback ,created: 3283990 ,destroyed: 3283985 ,alive: 5 ] 
info|2025-12-13 05:22:58.980285|timerFactory-0x00007ed8bfdff640|[RPC][WS][SERVICE]connected nodes,count=0
info|2025-12-13 05:22:59.415367|ioService-0x00007ed8d3dff640|[P2PService][Service][METRIC]heartBeat,connected count=3
info|2025-12-13 05:23:08.980310|timerFactory-0x00007ed8bfdff640|[RPC][WS][SERVICE]connected nodes,count=0
info|2025-12-13 05:23:09.415392|ioService-0x00007ed8d3dff640|[P2PService][Service][METRIC]heartBeat,connected count=3
info|2025-12-13 05:23:18.980335|timerFactory-0x00007ed8bfdff640|[RPC][WS][SERVICE]connected nodes,count=0
info|2025-12-13 05:23:19.415505|ioService-0x00007ed8d3dff640|[P2PService][Service][METRIC]heartBeat,connected count=3
info|2025-12-13 05:23:28.980358|timerFactory-0x00007ed8bfdff640|[RPC][WS][SERVICE]connected nodes,count=0
info|2025-12-13 05:23:29.415537|ioService-0x00007ed8d3dff640|[P2PService][Service][METRIC]heartBeat,connected count=3
info|2025-12-13 05:23:38.980421|timerFactory-0x00007ed8bfdff640|[RPC][WS][SERVICE]connected nodes,count=0
info|2025-12-13 05:23:39.415561|ioService-0x00007ed8d3dff640|[P2PService][Service][METRIC]heartBeat,connected count=3
info|2025-12-13 05:23:48.980492|timerFactory-0x00007ed8bfdff640|[RPC][WS][SERVICE]connected nodes,count=0
info|2025-12-13 05:23:49.415652|ioService-0x00007ed8d3dff640|[P2PService][Service][METRIC]heartBeat,connected count=3
info|2025-12-13 05:23:58.200226|objMonitor-0x00007ed8ae7ff640|[startMonitor][AliveObjectMonitor],AliveObjectAllocStat=[ type: bcos::gateway::Socket ,created: 11 ,destroyed: 7 ,alive: 4 ] 
info|2025-12-13 05:23:58.980521|timerFactory-0x00007ed8bfdff640|[RPC][WS][SERVICE]connected nodes,count=0
info|2025-12-13 05:23:59.415837|ioService-0x00007ed8d3dff640|[P2PService][Service][METRIC]heartBeat,connected count=3
info|2025-12-13 05:24:08.980545|timerFactory-0x00007ed8bfdff640|[RPC][WS][SERVICE]connected nodes,count=0
info|2025-12-13 05:24:09.416142|ioService-0x00007ed8d3dff640|[P2PService][Service][METRIC]heartBeat,connected count=3
info|2025-12-13 05:24:18.980575|timerFactory-0x00007ed8bfdff640|[RPC][WS][SERVICE]connected nodes,count=0
info|2025-12-13 05:24:19.416311|ioService-0x00007ed8d3dff640|[P2PService][Service][METRIC]heartBeat,connected count=3
info|2025-12-13 05:24:28.980603|timerFactory-0x00007ed8bfdff640|[RPC][WS][SERVICE]connected nodes,count=0
info|2025-12-13 05:24:29.416378|ioService-0x00007ed8d3dff640|[P2PService][Service][METRIC]heartBeat,connected count=3
info|2025-12-13 05:24:38.980632|timerFactory-0x00007ed8bfdff640|[RPC][WS][SERVICE]connected nodes,count=0
info|2025-12-13 05:24:39.416408|ioService-0x00007ed8d3dff640|[P2PService][Service][METRIC]heartBeat,connected count=3
info|2025-12-13 05:24:48.980696|timerFactory-0x00007ed8bfdff640|[RPC][WS][SERVICE]connected nodes,count=0
info|2025-12-13 05:24:49.416435|ioService-0x00007ed8d3dff640|[P2PService][Service][METRIC]heartBeat,connected count=3
info|2025-12-13 05:24:58.200269|objMonitor-0x00007ed8ae7ff640|[startMonitor][AliveObjectMonitor],AliveObjectAllocStat=[ type: bcos::gateway::Socket ,created: 11 ,destroyed: 7 ,alive: 4 ] 
info|2025-12-13 05:24:58.980795|timerFactory-0x00007ed8bfdff640|[RPC][WS][SERVICE]connected nodes,count=0
info|2025-12-13 05:24:59.416456|ioService-0x00007ed8d3dff640|[P2PService][Service][METRIC]heartBeat,connected count=3
info|2025-12-13 05:25:08.980895|timerFactory-0x00007ed8bfdff640|[RPC][WS][SERVICE]connected nodes,count=0
info|2025-12-13 05:25:09.416479|ioService-0x00007ed8d3dff640|[P2PService][Service][METRIC]heartBeat,connected count=3
info|2025-12-13 05:25:18.980960|timerFactory-0x00007ed8bfdff640|[RPC][WS][SERVICE]connected nodes,count=0
info|2025-12-13 05:25:19.416504|ioService-0x00007ed8d3dff640|[P2PService][Service][METRIC]heartBeat,connected count=3
info|2025-12-13 05:25:28.981006|timerFactory-0x00007ed8bfdff640|[RPC][WS][SERVICE]connected nodes,count=0
info|2025-12-13 05:25:29.416558|ioService-0x00007ed8d3dff640|[P2PService][Service][METRIC]heartBeat,connected count=3
info|2025-12-13 05:25:38.981111|timerFactory-0x00007ed8bfdff640|[RPC][WS][SERVICE]connected nodes,count=0
info|2025-12-13 05:25:39.416684|ioService-0x00007ed8d3dff640|[P2PService][Service][METRIC]heartBeat,connected count=3
info|2025-12-13 05:25:48.981164|timerFactory-0x00007ed8bfdff640|[RPC][WS][SERVICE]connected nodes,count=0
info|2025-12-13 05:25:49.416746|ioService-0x00007ed8d3dff640|[P2PService][Service][METRIC]heartBeat,connected count=3
info|2025-12-13 05:25:58.200346|objMonitor-0x00007ed8ae7ff640|[startMonitor][AliveObjectMonitor],AliveObjectAllocStat=[ type: bcos::gateway::Socket ,created: 11 ,destroyed: 7 ,alive: 4 ] 
info|2025-12-13 05:25:58.981191|timerFactory-0x00007ed8bfdff640|[RPC][WS][SERVICE]connected nodes,count=0
info|2025-12-13 05:25:59.416775|ioService-0x00007ed8d3dff640|[P2PService][Service][METRIC]heartBeat,connected count=3
info|2025-12-13 05:26:08.981243|timerFactory-0x00007ed8bfdff640|[RPC][WS][SERVICE]connected nodes,count=0
info|2025-12-13 05:26:09.416834|ioService-0x00007ed8d3dff640|[P2PService][Service][METRIC]heartBeat,connected count=3
info|2025-12-13 05:26:18.981294|timerFactory-0x00007ed8bfdff640|[RPC][WS][SERVICE]connected nodes,count=0
info|2025-12-13 05:26:19.416920|ioService-0x00007ed8d3dff640|[P2PService][Service][METRIC]heartBeat,connected count=3
info|2025-12-13 05:26:28.981401|timerFactory-0x00007ed8bfdff640|[RPC][WS][SERVICE]connected nodes,count=0
info|2025-12-13 05:26:29.416979|ioService-0x00007ed8d3dff640|[P2PService][Service][METRIC]heartBeat,connected count=3
info|2025-12-13 05:26:38.981421|timerFactory-0x00007ed8bfdff640|[RPC][WS][SERVICE]connected nodes,count=0
info|2025-12-13 05:26:39.417056|ioService-0x00007ed8d3dff640|[P2PService][Service][METRIC]heartBeat,connected count=3
info|2025-12-13 05:26:48.981440|timerFactory-0x00007ed8bfdff640|[RPC][WS][SERVICE]connected nodes,count=0
info|2025-12-13 05:26:49.417080|ioService-0x00007ed8d3dff640|[P2PService][Service][METRIC]heartBeat,connected count=3
info|2025-12-13 05:26:58.200387|objMonitor-0x00007ed8ae7ff640|[startMonitor][AliveObjectMonitor],AliveObjectAllocStat=[ type: bcos::gateway::Socket ,created: 11 ,destroyed: 7 ,alive: 4 ] [ type: bcos::gateway::ResponseCallback ,created: 3287587 ,destroyed: 3287582 ,alive: 5 ] 
info|2025-12-13 05:26:58.981463|timerFactory-0x00007ed8bfdff640|[RPC][WS][SERVICE]connected nodes,count=0
info|2025-12-13 05:26:59.417266|ioService-0x00007ed8d3dff640|[P2PService][Service][METRIC]heartBeat,connected count=3
info|2025-12-13 05:27:08.981486|timerFactory-0x00007ed8bfdff640|[RPC][WS][SERVICE]connected nodes,count=0
info|2025-12-13 05:27:09.417391|ioService-0x00007ed8d3dff640|[P2PService][Service][METRIC]heartBeat,connected count=3
info|2025-12-13 05:27:18.981557|timerFactory-0x00007ed8bfdff640|[RPC][WS][SERVICE]connected nodes,count=0
info|2025-12-13 05:27:19.417410|ioService-0x00007ed8d3dff640|[P2PService][Service][METRIC]heartBeat,connected count=3
info|2025-12-13 05:27:28.981617|timerFactory-0x00007ed8bfdff640|[RPC][WS][SERVICE]connected nodes,count=0
info|2025-12-13 05:27:29.417428|ioService-0x00007ed8d3dff640|[P2PService][Service][METRIC]heartBeat,connected count=3
info|2025-12-13 05:27:38.981680|timerFactory-0x00007ed8bfdff640|[RPC][WS][SERVICE]connected nodes,count=0
info|2025-12-13 05:27:39.417454|ioService-0x00007ed8d3dff640|[P2PService][Service][METRIC]heartBeat,connected count=3
info|2025-12-13 05:27:48.981705|timerFactory-0x00007ed8bfdff640|[RPC][WS][SERVICE]connected nodes,count=0
info|2025-12-13 05:27:49.417511|ioService-0x00007ed8d3dff640|[P2PService][Service][METRIC]heartBeat,connected count=3
info|2025-12-13 05:27:58.200429|objMonitor-0x00007ed8ae7ff640|[startMonitor][AliveObjectMonitor],AliveObjectAllocStat=[ type: bcos::gateway::Socket ,created: 11 ,destroyed: 7 ,alive: 4 ] 
info|2025-12-13 05:27:58.981785|timerFactory-0x00007ed8bfdff640|[RPC][WS][SERVICE]connected nodes,count=0
info|2025-12-13 05:27:59.417614|ioService-0x00007ed8d3dff640|[P2PService][Service][METRIC]heartBeat,connected count=3
info|2025-12-13 05:28:08.981860|timerFactory-0x00007ed8bfdff640|[RPC][WS][SERVICE]connected nodes,count=0
info|2025-12-13 05:28:09.417639|ioService-0x00007ed8d3dff640|[P2PService][Service][METRIC]heartBeat,connected count=3
info|2025-12-13 05:28:18.981918|timerFactory-0x00007ed8bfdff640|[RPC][WS][SERVICE]connected nodes,count=0
info|2025-12-13 05:28:19.417696|ioService-0x00007ed8d3dff640|[P2PService][Service][METRIC]heartBeat,connected count=3
info|2025-12-13 05:28:28.981986|timerFactory-0x00007ed8bfdff640|[RPC][WS][SERVICE]connected nodes,count=0
info|2025-12-13 05:28:29.417757|ioService-0x00007ed8d3dff640|[P2PService][Service][METRIC]heartBeat,connected count=3
info|2025-12-13 05:28:38.982015|timerFactory-0x00007ed8bfdff640|[RPC][WS][SERVICE]connected nodes,count=0
info|2025-12-13 05:28:39.417829|ioService-0x00007ed8d3dff640|[P2PService][Service][METRIC]heartBeat,connected count=3
info|2025-12-13 05:28:48.982065|timerFactory-0x00007ed8bfdff640|[RPC][WS][SERVICE]connected nodes,count=0
info|2025-12-13 05:28:49.417876|ioService-0x00007ed8d3dff640|[P2PService][Service][METRIC]heartBeat,connected count=3
info|2025-12-13 05:28:58.200472|objMonitor-0x00007ed8ae7ff640|[startMonitor][AliveObjectMonitor],AliveObjectAllocStat=[ type: bcos::gateway::Socket ,created: 11 ,destroyed: 7 ,alive: 4 ] 
info|2025-12-13 05:28:58.982114|timerFactory-0x00007ed8bfdff640|[RPC][WS][SERVICE]connected nodes,count=0
info|2025-12-13 05:28:59.417948|ioService-0x00007ed8d3dff640|[P2PService][Service][METRIC]heartBeat,connected count=3
info|2025-12-13 05:29:08.982182|timerFactory-0x00007ed8bfdff640|[RPC][WS][SERVICE]connected nodes,count=0
info|2025-12-13 05:29:09.418008|ioService-0x00007ed8d3dff640|[P2PService][Service][METRIC]heartBeat,connected count=3
info|2025-12-13 05:29:18.982241|timerFactory-0x00007ed8bfdff640|[RPC][WS][SERVICE]connected nodes,count=0
info|2025-12-13 05:29:19.418146|ioService-0x00007ed8d3dff640|[P2PService][Service][METRIC]heartBeat,connected count=3
info|2025-12-13 05:29:28.982262|timerFactory-0x00007ed8bfdff640|[RPC][WS][SERVICE]connected nodes,count=0
info|2025-12-13 05:29:29.418252|ioService-0x00007ed8d3dff640|[P2PService][Service][METRIC]heartBeat,connected count=3
info|2025-12-13 05:29:38.982289|timerFactory-0x00007ed8bfdff640|[RPC][WS][SERVICE]connected nodes,count=0
info|2025-12-13 05:29:39.418305|ioService-0x00007ed8d3dff640|[P2PService][Service][METRIC]heartBeat,connected count=3
info|2025-12-13 05:29:48.982312|timerFactory-0x00007ed8bfdff640|[RPC][WS][SERVICE]connected nodes,count=0
info|2025-12-13 05:29:49.418338|ioService-0x00007ed8d3dff640|[P2PService][Service][METRIC]heartBeat,connected count=3
info|2025-12-13 05:29:58.200518|objMonitor-0x00007ed8ae7ff640|[startMonitor][AliveObjectMonitor],AliveObjectAllocStat=[ type: bcos::gateway::Socket ,created: 11 ,destroyed: 7 ,alive: 4 ] 
info|2025-12-13 05:29:58.982334|timerFactory-0x00007ed8bfdff640|[RPC][WS][SERVICE]connected nodes,count=0
info|2025-12-13 05:29:59.418399|ioService-0x00007ed8d3dff640|[P2PService][Service][METRIC]heartBeat,connected count=3
info|2025-12-13 05:30:08.982356|timerFactory-0x00007ed8bfdff640|[RPC][WS][SERVICE]connected nodes,count=0
info|2025-12-13 05:30:09.418465|ioService-0x00007ed8d3dff640|[P2PService][Service][METRIC]heartBeat,connected count=3
info|2025-12-13 05:30:18.982380|timerFactory-0x00007ed8bfdff640|[RPC][WS][SERVICE]connected nodes,count=0
info|2025-12-13 05:30:19.418533|ioService-0x00007ed8d3dff640|[P2PService][Service][METRIC]heartBeat,connected count=3
info|2025-12-13 05:30:28.982402|timerFactory-0x00007ed8bfdff640|[RPC][WS][SERVICE]connected nodes,count=0
info|2025-12-13 05:30:29.418660|ioService-0x00007ed8d3dff640|[P2PService][Service][METRIC]heartBeat,connected count=3
info|2025-12-13 05:30:38.982428|timerFactory-0x00007ed8bfdff640|[RPC][WS][SERVICE]connected nodes,count=0
info|2025-12-13 05:30:39.418706|ioService-0x00007ed8d3dff640|[P2PService][Service][METRIC]heartBeat,connected count=3
info|2025-12-13 05:30:48.982450|timerFactory-0x00007ed8bfdff640|[RPC][WS][SERVICE]connected nodes,count=0
info|2025-12-13 05:30:49.418811|ioService-0x00007ed8d3dff640|[P2PService][Service][METRIC]heartBeat,connected count=3
info|2025-12-13 05:30:58.200561|objMonitor-0x00007ed8ae7ff640|[startMonitor][AliveObjectMonitor],AliveObjectAllocStat=[ type: bcos::gateway::Socket ,created: 11 ,destroyed: 7 ,alive: 4 ] [ type: bcos::gateway::ResponseCallback ,created: 3291184 ,destroyed: 3291179 ,alive: 5 ] 
info|2025-12-13 05:30:58.982474|timerFactory-0x00007ed8bfdff640|[RPC][WS][SERVICE]connected nodes,count=0
info|2025-12-13 05:30:59.418877|ioService-0x00007ed8d3dff640|[P2PService][Service][METRIC]heartBeat,connected count=3
info|2025-12-13 05:31:08.982500|timerFactory-0x00007ed8bfdff640|[RPC][WS][SERVICE]connected nodes,count=0
info|2025-12-13 05:31:09.418900|ioService-0x00007ed8d3dff640|[P2PService][Service][METRIC]heartBeat,connected count=3
info|2025-12-13 05:31:18.982566|timerFactory-0x00007ed8bfdff640|[RPC][WS][SERVICE]connected nodes,count=0
info|2025-12-13 05:31:19.418939|ioService-0x00007ed8d3dff640|[P2PService][Service][METRIC]heartBeat,connected count=3
info|2025-12-13 05:31:28.982588|timerFactory-0x00007ed8bfdff640|[RPC][WS][SERVICE]connected nodes,count=0
info|2025-12-13 05:31:29.419022|ioService-0x00007ed8d3dff640|[P2PService][Service][METRIC]heartBeat,connected count=3
info|2025-12-13 05:31:38.982640|timerFactory-0x00007ed8bfdff640|[RPC][WS][SERVICE]connected nodes,count=0
info|2025-12-13 05:31:39.419206|ioService-0x00007ed8d3dff640|[P2PService][Service][METRIC]heartBeat,connected count=3
info|2025-12-13 05:31:48.982729|timerFactory-0x00007ed8bfdff640|[RPC][WS][SERVICE]connected nodes,count=0
info|2025-12-13 05:31:49.419250|ioService-0x00007ed8d3dff640|[P2PService][Service][METRIC]heartBeat,connected count=3
info|2025-12-13 05:31:58.200606|objMonitor-0x00007ed8ae7ff640|[startMonitor][AliveObjectMonitor],AliveObjectAllocStat=[ type: bcos::gateway::Socket ,created: 11 ,destroyed: 7 ,alive: 4 ] 
info|2025-12-13 05:31:58.982834|timerFactory-0x00007ed8bfdff640|[RPC][WS][SERVICE]connected nodes,count=0
info|2025-12-13 05:31:59.419272|ioService-0x00007ed8d3dff640|[P2PService][Service][METRIC]heartBeat,connected count=3
info|2025-12-13 05:32:08.982972|timerFactory-0x00007ed8bfdff640|[RPC][WS][SERVICE]connected nodes,count=0
info|2025-12-13 05:32:09.419345|ioService-0x00007ed8d3dff640|[P2PService][Service][METRIC]heartBeat,connected count=3
info|2025-12-13 05:32:18.983051|timerFactory-0x00007ed8bfdff640|[RPC][WS][SERVICE]connected nodes,count=0
info|2025-12-13 05:32:19.419419|ioService-0x00007ed8d3dff640|[P2PService][Service][METRIC]heartBeat,connected count=3
info|2025-12-13 05:32:28.983103|timerFactory-0x00007ed8bfdff640|[RPC][WS][SERVICE]connected nodes,count=0
info|2025-12-13 05:32:29.419475|ioService-0x00007ed8d3dff640|[P2PService][Service][METRIC]heartBeat,connected count=3
info|2025-12-13 05:32:38.983212|timerFactory-0x00007ed8bfdff640|[RPC][WS][SERVICE]connected nodes,count=0
info|2025-12-13 05:32:39.419506|ioService-0x00007ed8d3dff640|[P2PService][Service][METRIC]heartBeat,connected count=3
info|2025-12-13 05:32:48.983277|timerFactory-0x00007ed8bfdff640|[RPC][WS][SERVICE]connected nodes,count=0
info|2025-12-13 05:32:49.419591|ioService-0x00007ed8d3dff640|[P2PService][Service][METRIC]heartBeat,connected count=3
info|2025-12-13 05:32:58.200766|objMonitor-0x00007ed8ae7ff640|[startMonitor][AliveObjectMonitor],AliveObjectAllocStat=[ type: bcos::gateway::Socket ,created: 11 ,destroyed: 7 ,alive: 4 ] 
info|2025-12-13 05:32:58.983350|timerFactory-0x00007ed8bfdff640|[RPC][WS][SERVICE]connected nodes,count=0
info|2025-12-13 05:32:59.419615|ioService-0x00007ed8d3dff640|[P2PService][Service][METRIC]heartBeat,connected count=3
info|2025-12-13 05:33:08.983373|timerFactory-0x00007ed8bfdff640|[RPC][WS][SERVICE]connected nodes,count=0
info|2025-12-13 05:33:09.419670|ioService-0x00007ed8d3dff640|[P2PService][Service][METRIC]heartBeat,connected count=3
info|2025-12-13 05:33:18.983395|timerFactory-0x00007ed8bfdff640|[RPC][WS][SERVICE]connected nodes,count=0
info|2025-12-13 05:33:19.419758|ioService-0x00007ed8d3dff640|[P2PService][Service][METRIC]heartBeat,connected count=3
info|2025-12-13 05:33:28.983417|timerFactory-0x00007ed8bfdff640|[RPC][WS][SERVICE]connected nodes,count=0
info|2025-12-13 05:33:29.419781|ioService-0x00007ed8d3dff640|[P2PService][Service][METRIC]heartBeat,connected count=3
info|2025-12-13 05:33:38.983438|timerFactory-0x00007ed8bfdff640|[RPC][WS][SERVICE]connected nodes,count=0
info|2025-12-13 05:33:39.419907|ioService-0x00007ed8d3dff640|[P2PService][Service][METRIC]heartBeat,connected count=3
info|2025-12-13 05:33:48.983460|timerFactory-0x00007ed8bfdff640|[RPC][WS][SERVICE]connected nodes,count=0
info|2025-12-13 05:33:49.420082|ioService-0x00007ed8d3dff640|[P2PService][Service][METRIC]heartBeat,connected count=3
info|2025-12-13 05:33:58.200832|objMonitor-0x00007ed8ae7ff640|[startMonitor][AliveObjectMonitor],AliveObjectAllocStat=[ type: bcos::gateway::Socket ,created: 11 ,destroyed: 7 ,alive: 4 ] 
info|2025-12-13 05:33:58.983538|timerFactory-0x00007ed8bfdff640|[RPC][WS][SERVICE]connected nodes,count=0
info|2025-12-13 05:33:59.420227|ioService-0x00007ed8d3dff640|[P2PService][Service][METRIC]heartBeat,connected count=3
info|2025-12-13 05:34:08.983562|timerFactory-0x00007ed8bfdff640|[RPC][WS][SERVICE]connected nodes,count=0
info|2025-12-13 05:34:09.420282|ioService-0x00007ed8d3dff640|[P2PService][Service][METRIC]heartBeat,connected count=3
info|2025-12-13 05:34:18.983585|timerFactory-0x00007ed8bfdff640|[RPC][WS][SERVICE]connected nodes,count=0
info|2025-12-13 05:34:19.420415|ioService-0x00007ed8d3dff640|[P2PService][Service][METRIC]heartBeat,connected count=3
info|2025-12-13 05:34:28.983608|timerFactory-0x00007ed8bfdff640|[RPC][WS][SERVICE]connected nodes,count=0
info|2025-12-13 05:34:29.420472|ioService-0x00007ed8d3dff640|[P2PService][Service][METRIC]heartBeat,connected count=3
info|2025-12-13 05:34:38.983663|timerFactory-0x00007ed8bfdff640|[RPC][WS][SERVICE]connected nodes,count=0
info|2025-12-13 05:34:39.420541|ioService-0x00007ed8d3dff640|[P2PService][Service][METRIC]heartBeat,connected count=3
info|2025-12-13 05:34:48.983722|timerFactory-0x00007ed8bfdff640|[RPC][WS][SERVICE]connected nodes,count=0
info|2025-12-13 05:34:49.420562|ioService-0x00007ed8d3dff640|[P2PService][Service][METRIC]heartBeat,connected count=3
info|2025-12-13 05:34:58.200994|objMonitor-0x00007ed8ae7ff640|[startMonitor][AliveObjectMonitor],AliveObjectAllocStat=[ type: bcos::gateway::Socket ,created: 11 ,destroyed: 7 ,alive: 4 ] [ type: bcos::gateway::ResponseCallback ,created: 3294781 ,destroyed: 3294775 ,alive: 6 ] 
info|2025-12-13 05:34:58.983777|timerFactory-0x00007ed8bfdff640|[RPC][WS][SERVICE]connected nodes,count=0
info|2025-12-13 05:34:59.420585|ioService-0x00007ed8d3dff640|[P2PService][Service][METRIC]heartBeat,connected count=3
info|2025-12-13 05:35:08.983881|timerFactory-0x00007ed8bfdff640|[RPC][WS][SERVICE]connected nodes,count=0
info|2025-12-13 05:35:09.420789|ioService-0x00007ed8d3dff640|[P2PService][Service][METRIC]heartBeat,connected count=3
info|2025-12-13 05:35:18.983960|timerFactory-0x00007ed8bfdff640|[RPC][WS][SERVICE]connected nodes,count=0
info|2025-12-13 05:35:19.420813|ioService-0x00007ed8d3dff640|[P2PService][Service][METRIC]heartBeat,connected count=3
info|2025-12-13 05:35:28.984027|timerFactory-0x00007ed8bfdff640|[RPC][WS][SERVICE]connected nodes,count=0
info|2025-12-13 05:35:29.420836|ioService-0x00007ed8d3dff640|[P2PService][Service][METRIC]heartBeat,connected count=3
info|2025-12-13 05:35:38.984097|timerFactory-0x00007ed8bfdff640|[RPC][WS][SERVICE]connected nodes,count=0
info|2025-12-13 05:35:39.420867|ioService-0x00007ed8d3dff640|[P2PService][Service][METRIC]heartBeat,connected count=3
info|2025-12-13 05:35:48.984277|timerFactory-0x00007ed8bfdff640|[RPC][WS][SERVICE]connected nodes,count=0
info|2025-12-13 05:35:49.421112|ioService-0x00007ed8d3dff640|[P2PService][Service][METRIC]heartBeat,connected count=3
info|2025-12-13 05:35:58.201052|objMonitor-0x00007ed8ae7ff640|[startMonitor][AliveObjectMonitor],AliveObjectAllocStat=[ type: bcos::gateway::Socket ,created: 11 ,destroyed: 7 ,alive: 4 ] 
info|2025-12-13 05:35:58.984370|timerFactory-0x00007ed8bfdff640|[RPC][WS][SERVICE]connected nodes,count=0
info|2025-12-13 05:35:59.421140|ioService-0x00007ed8d3dff640|[P2PService][Service][METRIC]heartBeat,connected count=3
info|2025-12-13 05:36:08.984389|timerFactory-0x00007ed8bfdff640|[RPC][WS][SERVICE]connected nodes,count=0
info|2025-12-13 05:36:09.421291|ioService-0x00007ed8d3dff640|[P2PService][Service][METRIC]heartBeat,connected count=3
info|2025-12-13 05:36:18.984413|timerFactory-0x00007ed8bfdff640|[RPC][WS][SERVICE]connected nodes,count=0
info|2025-12-13 05:36:19.421501|ioService-0x00007ed8d3dff640|[P2PService][Service][METRIC]heartBeat,connected count=3
info|2025-12-13 05:36:28.984439|timerFactory-0x00007ed8bfdff640|[RPC][WS][SERVICE]connected nodes,count=0
info|2025-12-13 05:36:29.421528|ioService-0x00007ed8d3dff640|[P2PService][Service][METRIC]heartBeat,connected count=3
info|2025-12-13 05:36:38.984458|timerFactory-0x00007ed8bfdff640|[RPC][WS][SERVICE]connected nodes,count=0
info|2025-12-13 05:36:39.421644|ioService-0x00007ed8d3dff640|[P2PService][Service][METRIC]heartBeat,connected count=3
info|2025-12-13 05:36:48.984517|timerFactory-0x00007ed8bfdff640|[RPC][WS][SERVICE]connected nodes,count=0
info|2025-12-13 05:36:49.421703|ioService-0x00007ed8d3dff640|[P2PService][Service][METRIC]heartBeat,connected count=3
info|2025-12-13 05:36:58.201169|objMonitor-0x00007ed8ae7ff640|[startMonitor][AliveObjectMonitor],AliveObjectAllocStat=[ type: bcos::gateway::Socket ,created: 11 ,destroyed: 7 ,alive: 4 ] 
info|2025-12-13 05:36:58.984539|timerFactory-0x00007ed8bfdff640|[RPC][WS][SERVICE]connected nodes,count=0
info|2025-12-13 05:36:59.421762|ioService-0x00007ed8d3dff640|[P2PService][Service][METRIC]heartBeat,connected count=3
info|2025-12-13 05:37:08.984565|timerFactory-0x00007ed8bfdff640|[RPC][WS][SERVICE]connected nodes,count=0
info|2025-12-13 05:37:09.421830|ioService-0x00007ed8d3dff640|[P2PService][Service][METRIC]heartBeat,connected count=3
info|2025-12-13 05:37:18.984626|timerFactory-0x00007ed8bfdff640|[RPC][WS][SERVICE]connected nodes,count=0
info|2025-12-13 05:37:19.421889|ioService-0x00007ed8d3dff640|[P2PService][Service][METRIC]heartBeat,connected count=3
info|2025-12-13 05:37:28.984717|timerFactory-0x00007ed8bfdff640|[RPC][WS][SERVICE]connected nodes,count=0
info|2025-12-13 05:37:29.421941|ioService-0x00007ed8d3dff640|[P2PService][Service][METRIC]heartBeat,connected count=3
info|2025-12-13 05:37:38.984809|timerFactory-0x00007ed8bfdff640|[RPC][WS][SERVICE]connected nodes,count=0
info|2025-12-13 05:37:39.422038|ioService-0x00007ed8d3dff640|[P2PService][Service][METRIC]heartBeat,connected count=3
info|2025-12-13 05:37:48.984872|timerFactory-0x00007ed8bfdff640|[RPC][WS][SERVICE]connected nodes,count=0
info|2025-12-13 05:37:49.422071|ioService-0x00007ed8d3dff640|[P2PService][Service][METRIC]heartBeat,connected count=3
info|2025-12-13 05:37:58.201212|objMonitor-0x00007ed8ae7ff640|[startMonitor][AliveObjectMonitor],AliveObjectAllocStat=[ type: bcos::gateway::Socket ,created: 11 ,destroyed: 7 ,alive: 4 ] 
info|2025-12-13 05:37:58.984930|timerFactory-0x00007ed8bfdff640|[RPC][WS][SERVICE]connected nodes,count=0
info|2025-12-13 05:37:59.422098|ioService-0x00007ed8d3dff640|[P2PService][Service][METRIC]heartBeat,connected count=3
info|2025-12-13 05:38:08.985084|timerFactory-0x00007ed8bfdff640|[RPC][WS][SERVICE]connected nodes,count=0
info|2025-12-13 05:38:09.422122|ioService-0x00007ed8d3dff640|[P2PService][Service][METRIC]heartBeat,connected count=3
info|2025-12-13 05:38:18.985224|timerFactory-0x00007ed8bfdff640|[RPC][WS][SERVICE]connected nodes,count=0
info|2025-12-13 05:38:19.422214|ioService-0x00007ed8d3dff640|[P2PService][Service][METRIC]heartBeat,connected count=3
info|2025-12-13 05:38:28.985277|timerFactory-0x00007ed8bfdff640|[RPC][WS][SERVICE]connected nodes,count=0
info|2025-12-13 05:38:29.422264|ioService-0x00007ed8d3dff640|[P2PService][Service][METRIC]heartBeat,connected count=3
info|2025-12-13 05:38:38.985299|timerFactory-0x00007ed8bfdff640|[RPC][WS][SERVICE]connected nodes,count=0
info|2025-12-13 05:38:39.422316|ioService-0x00007ed8d3dff640|[P2PService][Service][METRIC]heartBeat,connected count=3
info|2025-12-13 05:38:48.985321|timerFactory-0x00007ed8bfdff640|[RPC][WS][SERVICE]connected nodes,count=0
info|2025-12-13 05:38:49.422340|ioService-0x00007ed8d3dff640|[P2PService][Service][METRIC]heartBeat,connected count=3
info|2025-12-13 05:38:58.201252|objMonitor-0x00007ed8ae7ff640|[startMonitor][AliveObjectMonitor],AliveObjectAllocStat=[ type: bcos::gateway::Socket ,created: 11 ,destroyed: 7 ,alive: 4 ] 
info|2025-12-13 05:38:58.985351|timerFactory-0x00007ed8bfdff640|[RPC][WS][SERVICE]connected nodes,count=0
info|2025-12-13 05:38:59.422374|ioService-0x00007ed8d3dff640|[P2PService][Service][METRIC]heartBeat,connected count=3
info|2025-12-13 05:39:08.985376|timerFactory-0x00007ed8bfdff640|[RPC][WS][SERVICE]connected nodes,count=0
info|2025-12-13 05:39:09.422403|ioService-0x00007ed8d3dff640|[P2PService][Service][METRIC]heartBeat,connected count=3
info|2025-12-13 05:39:18.985404|timerFactory-0x00007ed8bfdff640|[RPC][WS][SERVICE]connected nodes,count=0
info|2025-12-13 05:39:19.422429|ioService-0x00007ed8d3dff640|[P2PService][Service][METRIC]heartBeat,connected count=3
info|2025-12-13 05:39:28.985431|timerFactory-0x00007ed8bfdff640|[RPC][WS][SERVICE]connected nodes,count=0
info|2025-12-13 05:39:29.422573|ioService-0x00007ed8d3dff640|[P2PService][Service][METRIC]heartBeat,connected count=3
info|2025-12-13 05:39:38.985455|timerFactory-0x00007ed8bfdff640|[RPC][WS][SERVICE]connected nodes,count=0
info|2025-12-13 05:39:39.422658|ioService-0x00007ed8d3dff640|[P2PService][Service][METRIC]heartBeat,connected count=3
info|2025-12-13 05:39:48.985483|timerFactory-0x00007ed8bfdff640|[RPC][WS][SERVICE]connected nodes,count=0
info|2025-12-13 05:39:49.422696|ioService-0x00007ed8d3dff640|[P2PService][Service][METRIC]heartBeat,connected count=3
info|2025-12-13 05:39:58.201296|objMonitor-0x00007ed8ae7ff640|[startMonitor][AliveObjectMonitor],AliveObjectAllocStat=[ type: bcos::gateway::Socket ,created: 11 ,destroyed: 7 ,alive: 4 ] 
info|2025-12-13 05:39:58.985547|timerFactory-0x00007ed8bfdff640|[RPC][WS][SERVICE]connected nodes,count=0
info|2025-12-13 05:39:59.422975|ioService-0x00007ed8d3dff640|[P2PService][Service][METRIC]heartBeat,connected count=3
info|2025-12-13 05:40:08.985623|timerFactory-0x00007ed8bfdff640|[RPC][WS][SERVICE]connected nodes,count=0
info|2025-12-13 05:40:09.423000|ioService-0x00007ed8d3dff640|[P2PService][Service][METRIC]heartBeat,connected count=3
info|2025-12-13 05:40:18.985745|timerFactory-0x00007ed8bfdff640|[RPC][WS][SERVICE]connected nodes,count=0
info|2025-12-13 05:40:19.423156|ioService-0x00007ed8d3dff640|[P2PService][Service][METRIC]heartBeat,connected count=3
info|2025-12-13 05:40:28.985868|timerFactory-0x00007ed8bfdff640|[RPC][WS][SERVICE]connected nodes,count=0
info|2025-12-13 05:40:29.423179|ioService-0x00007ed8d3dff640|[P2PService][Service][METRIC]heartBeat,connected count=3
info|2025-12-13 05:40:38.985980|timerFactory-0x00007ed8bfdff640|[RPC][WS][SERVICE]connected nodes,count=0
info|2025-12-13 05:40:39.423210|ioService-0x00007ed8d3dff640|[P2PService][Service][METRIC]heartBeat,connected count=3
info|2025-12-13 05:40:48.986000|timerFactory-0x00007ed8bfdff640|[RPC][WS][SERVICE]connected nodes,count=0
info|2025-12-13 05:40:49.423277|ioService-0x00007ed8d3dff640|[P2PService][Service][METRIC]heartBeat,connected count=3
info|2025-12-13 05:40:58.201338|objMonitor-0x00007ed8ae7ff640|[startMonitor][AliveObjectMonitor],AliveObjectAllocStat=[ type: bcos::gateway::Socket ,created: 11 ,destroyed: 7 ,alive: 4 ] 
info|2025-12-13 05:40:58.986021|timerFactory-0x00007ed8bfdff640|[RPC][WS][SERVICE]connected nodes,count=0
info|2025-12-13 05:40:59.423310|ioService-0x00007ed8d3dff640|[P2PService][Service][METRIC]heartBeat,connected count=3
info|2025-12-13 05:41:08.986041|timerFactory-0x00007ed8bfdff640|[RPC][WS][SERVICE]connected nodes,count=0
info|2025-12-13 05:41:09.423333|ioService-0x00007ed8d3dff640|[P2PService][Service][METRIC]heartBeat,connected count=3
info|2025-12-13 05:41:18.986092|timerFactory-0x00007ed8bfdff640|[RPC][WS][SERVICE]connected nodes,count=0
info|2025-12-13 05:41:19.423407|ioService-0x00007ed8d3dff640|[P2PService][Service][METRIC]heartBeat,connected count=3
info|2025-12-13 05:41:28.986265|timerFactory-0x00007ed8bfdff640|[RPC][WS][SERVICE]connected nodes,count=0
info|2025-12-13 05:41:29.423426|ioService-0x00007ed8d3dff640|[P2PService][Service][METRIC]heartBeat,connected count=3
info|2025-12-13 05:41:38.986349|timerFactory-0x00007ed8bfdff640|[RPC][WS][SERVICE]connected nodes,count=0
info|2025-12-13 05:41:39.423485|ioService-0x00007ed8d3dff640|[P2PService][Service][METRIC]heartBeat,connected count=3
info|2025-12-13 05:41:48.986372|timerFactory-0x00007ed8bfdff640|[RPC][WS][SERVICE]connected nodes,count=0
info|2025-12-13 05:41:49.423576|ioService-0x00007ed8d3dff640|[P2PService][Service][METRIC]heartBeat,connected count=3
info|2025-12-13 05:41:58.201382|objMonitor-0x00007ed8ae7ff640|[startMonitor][AliveObjectMonitor],AliveObjectAllocStat=[ type: bcos::gateway::Socket ,created: 11 ,destroyed: 7 ,alive: 4 ] 
info|2025-12-13 05:41:58.986390|timerFactory-0x00007ed8bfdff640|[RPC][WS][SERVICE]connected nodes,count=0
info|2025-12-13 05:41:59.423601|ioService-0x00007ed8d3dff640|[P2PService][Service][METRIC]heartBeat,connected count=3
info|2025-12-13 05:42:08.986441|timerFactory-0x00007ed8bfdff640|[RPC][WS][SERVICE]connected nodes,count=0
info|2025-12-13 05:42:09.423653|ioService-0x00007ed8d3dff640|[P2PService][Service][METRIC]heartBeat,connected count=3
info|2025-12-13 05:42:18.986507|timerFactory-0x00007ed8bfdff640|[RPC][WS][SERVICE]connected nodes,count=0
info|2025-12-13 05:42:19.423715|ioService-0x00007ed8d3dff640|[P2PService][Service][METRIC]heartBeat,connected count=3
info|2025-12-13 05:42:28.986530|timerFactory-0x00007ed8bfdff640|[RPC][WS][SERVICE]connected nodes,count=0
info|2025-12-13 05:42:29.423768|ioService-0x00007ed8d3dff640|[P2PService][Service][METRIC]heartBeat,connected count=3
info|2025-12-13 05:42:38.986554|timerFactory-0x00007ed8bfdff640|[RPC][WS][SERVICE]connected nodes,count=0
info|2025-12-13 05:42:39.423947|ioService-0x00007ed8d3dff640|[P2PService][Service][METRIC]heartBeat,connected count=3
info|2025-12-13 05:42:48.986578|timerFactory-0x00007ed8bfdff640|[RPC][WS][SERVICE]connected nodes,count=0
info|2025-12-13 05:42:49.423999|ioService-0x00007ed8d3dff640|[P2PService][Service][METRIC]heartBeat,connected count=3
info|2025-12-13 05:42:58.201427|objMonitor-0x00007ed8ae7ff640|[startMonitor][AliveObjectMonitor],AliveObjectAllocStat=[ type: bcos::gateway::Socket ,created: 11 ,destroyed: 7 ,alive: 4 ] 
info|2025-12-13 05:42:58.986657|timerFactory-0x00007ed8bfdff640|[RPC][WS][SERVICE]connected nodes,count=0
info|2025-12-13 05:42:59.424187|ioService-0x00007ed8d3dff640|[P2PService][Service][METRIC]heartBeat,connected count=3
info|2025-12-13 05:43:08.986681|timerFactory-0x00007ed8bfdff640|[RPC][WS][SERVICE]connected nodes,count=0
info|2025-12-13 05:43:09.424212|ioService-0x00007ed8d3dff640|[P2PService][Service][METRIC]heartBeat,connected count=3
info|2025-12-13 05:43:18.986821|timerFactory-0x00007ed8bfdff640|[RPC][WS][SERVICE]connected nodes,count=0
info|2025-12-13 05:43:19.424277|ioService-0x00007ed8d3dff640|[P2PService][Service][METRIC]heartBeat,connected count=3
info|2025-12-13 05:43:28.986895|timerFactory-0x00007ed8bfdff640|[RPC][WS][SERVICE]connected nodes,count=0
info|2025-12-13 05:43:29.424402|ioService-0x00007ed8d3dff640|[P2PService][Service][METRIC]heartBeat,connected count=3
info|2025-12-13 05:43:38.986949|timerFactory-0x00007ed8bfdff640|[RPC][WS][SERVICE]connected nodes,count=0
info|2025-12-13 05:43:39.424454|ioService-0x00007ed8d3dff640|[P2PService][Service][METRIC]heartBeat,connected count=3
info|2025-12-13 05:43:48.987081|timerFactory-0x00007ed8bfdff640|[RPC][WS][SERVICE]connected nodes,count=0
info|2025-12-13 05:43:49.424473|ioService-0x00007ed8d3dff640|[P2PService][Service][METRIC]heartBeat,connected count=3
info|2025-12-13 05:43:58.201475|objMonitor-0x00007ed8ae7ff640|[startMonitor][AliveObjectMonitor],AliveObjectAllocStat=[ type: bcos::gateway::Socket ,created: 11 ,destroyed: 7 ,alive: 4 ] 
info|2025-12-13 05:43:58.987112|timerFactory-0x00007ed8bfdff640|[RPC][WS][SERVICE]connected nodes,count=0
info|2025-12-13 05:43:59.424564|ioService-0x00007ed8d3dff640|[P2PService][Service][METRIC]heartBeat,connected count=3
info|2025-12-13 05:44:08.987137|timerFactory-0x00007ed8bfdff640|[RPC][WS][SERVICE]connected nodes,count=0
info|2025-12-13 05:44:09.424679|ioService-0x00007ed8d3dff640|[P2PService][Service][METRIC]heartBeat,connected count=3
info|2025-12-13 05:44:18.987198|timerFactory-0x00007ed8bfdff640|[RPC][WS][SERVICE]connected nodes,count=0
info|2025-12-13 05:44:19.424764|ioService-0x00007ed8d3dff640|[P2PService][Service][METRIC]heartBeat,connected count=3
info|2025-12-13 05:44:28.987255|timerFactory-0x00007ed8bfdff640|[RPC][WS][SERVICE]connected nodes,count=0
info|2025-12-13 05:44:29.424839|ioService-0x00007ed8d3dff640|[P2PService][Service][METRIC]heartBeat,connected count=3
info|2025-12-13 05:44:38.987283|timerFactory-0x00007ed8bfdff640|[RPC][WS][SERVICE]connected nodes,count=0
info|2025-12-13 05:44:39.424863|ioService-0x00007ed8d3dff640|[P2PService][Service][METRIC]heartBeat,connected count=3
info|2025-12-13 05:44:48.987352|timerFactory-0x00007ed8bfdff640|[RPC][WS][SERVICE]connected nodes,count=0
info|2025-12-13 05:44:49.424921|ioService-0x00007ed8d3dff640|[P2PService][Service][METRIC]heartBeat,connected count=3
info|2025-12-13 05:44:58.201730|objMonitor-0x00007ed8ae7ff640|[startMonitor][AliveObjectMonitor],AliveObjectAllocStat=[ type: bcos::gateway::Socket ,created: 11 ,destroyed: 7 ,alive: 4 ] 
info|2025-12-13 05:44:58.987376|timerFactory-0x00007ed8bfdff640|[RPC][WS][SERVICE]connected nodes,count=0
info|2025-12-13 05:44:59.425022|ioService-0x00007ed8d3dff640|[P2PService][Service][METRIC]heartBeat,connected count=3
info|2025-12-13 05:45:08.987403|timerFactory-0x00007ed8bfdff640|[RPC][WS][SERVICE]connected nodes,count=0
info|2025-12-13 05:45:09.425173|ioService-0x00007ed8d3dff640|[P2PService][Service][METRIC]heartBeat,connected count=3
info|2025-12-13 05:45:18.987430|timerFactory-0x00007ed8bfdff640|[RPC][WS][SERVICE]connected nodes,count=0
info|2025-12-13 05:45:19.425265|ioService-0x00007ed8d3dff640|[P2PService][Service][METRIC]heartBeat,connected count=3
info|2025-12-13 05:45:28.987461|timerFactory-0x00007ed8bfdff640|[RPC][WS][SERVICE]connected nodes,count=0
info|2025-12-13 05:45:29.425322|ioService-0x00007ed8d3dff640|[P2PService][Service][METRIC]heartBeat,connected count=3
info|2025-12-13 05:45:38.987503|timerFactory-0x00007ed8bfdff640|[RPC][WS][SERVICE]connected nodes,count=0
info|2025-12-13 05:45:39.425407|ioService-0x00007ed8d3dff640|[P2PService][Service][METRIC]heartBeat,connected count=3
info|2025-12-13 05:45:48.987548|timerFactory-0x00007ed8bfdff640|[RPC][WS][SERVICE]connected nodes,count=0
info|2025-12-13 05:45:49.425441|ioService-0x00007ed8d3dff640|[P2PService][Service][METRIC]heartBeat,connected count=3
info|2025-12-13 05:45:58.201767|objMonitor-0x00007ed8ae7ff640|[startMonitor][AliveObjectMonitor],AliveObjectAllocStat=[ type: bcos::gateway::Socket ,created: 11 ,destroyed: 7 ,alive: 4 ] 
info|2025-12-13 05:45:58.987577|timerFactory-0x00007ed8bfdff640|[RPC][WS][SERVICE]connected nodes,count=0
info|2025-12-13 05:45:59.425497|ioService-0x00007ed8d3dff640|[P2PService][Service][METRIC]heartBeat,connected count=3
info|2025-12-13 05:46:08.987602|timerFactory-0x00007ed8bfdff640|[RPC][WS][SERVICE]connected nodes,count=0
info|2025-12-13 05:46:09.425612|ioService-0x00007ed8d3dff640|[P2PService][Service][METRIC]heartBeat,connected count=3
info|2025-12-13 05:46:18.987627|timerFactory-0x00007ed8bfdff640|[RPC][WS][SERVICE]connected nodes,count=0
info|2025-12-13 05:46:19.425752|ioService-0x00007ed8d3dff640|[P2PService][Service][METRIC]heartBeat,connected count=3
info|2025-12-13 05:46:28.987703|timerFactory-0x00007ed8bfdff640|[RPC][WS][SERVICE]connected nodes,count=0
info|2025-12-13 05:46:29.425810|ioService-0x00007ed8d3dff640|[P2PService][Service][METRIC]heartBeat,connected count=3
info|2025-12-13 05:46:38.987768|timerFactory-0x00007ed8bfdff640|[RPC][WS][SERVICE]connected nodes,count=0
info|2025-12-13 05:46:39.425933|ioService-0x00007ed8d3dff640|[P2PService][Service][METRIC]heartBeat,connected count=3
info|2025-12-13 05:46:48.987824|timerFactory-0x00007ed8bfdff640|[RPC][WS][SERVICE]connected nodes,count=0
info|2025-12-13 05:46:49.425995|ioService-0x00007ed8d3dff640|[P2PService][Service][METRIC]heartBeat,connected count=3
info|2025-12-13 05:46:58.201810|objMonitor-0x00007ed8ae7ff640|[startMonitor][AliveObjectMonitor],AliveObjectAllocStat=[ type: bcos::gateway::Socket ,created: 11 ,destroyed: 7 ,alive: 4 ] 
info|2025-12-13 05:46:58.987866|timerFactory-0x00007ed8bfdff640|[RPC][WS][SERVICE]connected nodes,count=0
info|2025-12-13 05:46:59.426176|ioService-0x00007ed8d3dff640|[P2PService][Service][METRIC]heartBeat,connected count=3
info|2025-12-13 05:47:08.987890|timerFactory-0x00007ed8bfdff640|[RPC][WS][SERVICE]connected nodes,count=0
info|2025-12-13 05:47:09.426226|ioService-0x00007ed8d3dff640|[P2PService][Service][METRIC]heartBeat,connected count=3
info|2025-12-13 05:47:18.987962|timerFactory-0x00007ed8bfdff640|[RPC][WS][SERVICE]connected nodes,count=0
info|2025-12-13 05:47:19.426344|ioService-0x00007ed8d3dff640|[P2PService][Service][METRIC]heartBeat,connected count=3
info|2025-12-13 05:47:28.988050|timerFactory-0x00007ed8bfdff640|[RPC][WS][SERVICE]connected nodes,count=0
info|2025-12-13 05:47:29.426375|ioService-0x00007ed8d3dff640|[P2PService][Service][METRIC]heartBeat,connected count=3
info|2025-12-13 05:47:38.988114|timerFactory-0x00007ed8bfdff640|[RPC][WS][SERVICE]connected nodes,count=0
info|2025-12-13 05:47:39.426440|ioService-0x00007ed8d3dff640|[P2PService][Service][METRIC]heartBeat,connected count=3
info|2025-12-13 05:47:48.988144|timerFactory-0x00007ed8bfdff640|[RPC][WS][SERVICE]connected nodes,count=0
info|2025-12-13 05:47:49.426467|ioService-0x00007ed8d3dff640|[P2PService][Service][METRIC]heartBeat,connected count=3
info|2025-12-13 05:47:58.201869|objMonitor-0x00007ed8ae7ff640|[startMonitor][AliveObjectMonitor],AliveObjectAllocStat=[ type: bcos::gateway::Socket ,created: 11 ,destroyed: 7 ,alive: 4 ] 
info|2025-12-13 05:47:58.988212|timerFactory-0x00007ed8bfdff640|[RPC][WS][SERVICE]connected nodes,count=0
info|2025-12-13 05:47:59.426491|ioService-0x00007ed8d3dff640|[P2PService][Service][METRIC]heartBeat,connected count=3
info|2025-12-13 05:48:08.988285|timerFactory-0x00007ed8bfdff640|[RPC][WS][SERVICE]connected nodes,count=0
info|2025-12-13 05:48:09.426518|ioService-0x00007ed8d3dff640|[P2PService][Service][METRIC]heartBeat,connected count=3
info|2025-12-13 05:48:18.988320|timerFactory-0x00007ed8bfdff640|[RPC][WS][SERVICE]connected nodes,count=0
info|2025-12-13 05:48:19.426593|ioService-0x00007ed8d3dff640|[P2PService][Service][METRIC]heartBeat,connected count=3
info|2025-12-13 05:48:28.988346|timerFactory-0x00007ed8bfdff640|[RPC][WS][SERVICE]connected nodes,count=0
info|2025-12-13 05:48:29.426621|ioService-0x00007ed8d3dff640|[P2PService][Service][METRIC]heartBeat,connected count=3
info|2025-12-13 05:48:38.988372|timerFactory-0x00007ed8bfdff640|[RPC][WS][SERVICE]connected nodes,count=0
info|2025-12-13 05:48:39.426682|ioService-0x00007ed8d3dff640|[P2PService][Service][METRIC]heartBeat,connected count=3
info|2025-12-13 05:48:48.988398|timerFactory-0x00007ed8bfdff640|[RPC][WS][SERVICE]connected nodes,count=0
info|2025-12-13 05:48:49.426715|ioService-0x00007ed8d3dff640|[P2PService][Service][METRIC]heartBeat,connected count=3
info|2025-12-13 05:48:58.201917|objMonitor-0x00007ed8ae7ff640|[startMonitor][AliveObjectMonitor],AliveObjectAllocStat=[ type: bcos::gateway::Socket ,created: 11 ,destroyed: 7 ,alive: 4 ] 
info|2025-12-13 05:48:58.988438|timerFactory-0x00007ed8bfdff640|[RPC][WS][SERVICE]connected nodes,count=0
info|2025-12-13 05:48:59.426794|ioService-0x00007ed8d3dff640|[P2PService][Service][METRIC]heartBeat,connected count=3
info|2025-12-13 05:49:08.988463|timerFactory-0x00007ed8bfdff640|[RPC][WS][SERVICE]connected nodes,count=0
info|2025-12-13 05:49:09.426858|ioService-0x00007ed8d3dff640|[P2PService][Service][METRIC]heartBeat,connected count=3
info|2025-12-13 05:49:18.988535|timerFactory-0x00007ed8bfdff640|[RPC][WS][SERVICE]connected nodes,count=0
info|2025-12-13 05:49:19.426969|ioService-0x00007ed8d3dff640|[P2PService][Service][METRIC]heartBeat,connected count=3
info|2025-12-13 05:49:28.988559|timerFactory-0x00007ed8bfdff640|[RPC][WS][SERVICE]connected nodes,count=0
info|2025-12-13 05:49:29.426990|ioService-0x00007ed8d3dff640|[P2PService][Service][METRIC]heartBeat,connected count=3
info|2025-12-13 05:49:38.988582|timerFactory-0x00007ed8bfdff640|[RPC][WS][SERVICE]connected nodes,count=0
info|2025-12-13 05:49:39.427012|ioService-0x00007ed8d3dff640|[P2PService][Service][METRIC]heartBeat,connected count=3
info|2025-12-13 05:49:48.988634|timerFactory-0x00007ed8bfdff640|[RPC][WS][SERVICE]connected nodes,count=0
info|2025-12-13 05:49:49.427034|ioService-0x00007ed8d3dff640|[P2PService][Service][METRIC]heartBeat,connected count=3
info|2025-12-13 05:49:58.201960|objMonitor-0x00007ed8ae7ff640|[startMonitor][AliveObjectMonitor],AliveObjectAllocStat=[ type: bcos::gateway::Socket ,created: 11 ,destroyed: 7 ,alive: 4 ] 
info|2025-12-13 05:49:58.988802|timerFactory-0x00007ed8bfdff640|[RPC][WS][SERVICE]connected nodes,count=0
info|2025-12-13 05:49:59.427059|ioService-0x00007ed8d3dff640|[P2PService][Service][METRIC]heartBeat,connected count=3
info|2025-12-13 05:50:08.988847|timerFactory-0x00007ed8bfdff640|[RPC][WS][SERVICE]connected nodes,count=0
info|2025-12-13 05:50:09.427124|ioService-0x00007ed8d3dff640|[P2PService][Service][METRIC]heartBeat,connected count=3
info|2025-12-13 05:50:18.988874|timerFactory-0x00007ed8bfdff640|[RPC][WS][SERVICE]connected nodes,count=0
info|2025-12-13 05:50:19.427152|ioService-0x00007ed8d3dff640|[P2PService][Service][METRIC]heartBeat,connected count=3
info|2025-12-13 05:50:28.989018|timerFactory-0x00007ed8bfdff640|[RPC][WS][SERVICE]connected nodes,count=0
info|2025-12-13 05:50:29.427185|ioService-0x00007ed8d3dff640|[P2PService][Service][METRIC]heartBeat,connected count=3
info|2025-12-13 05:50:38.989073|timerFactory-0x00007ed8bfdff640|[RPC][WS][SERVICE]connected nodes,count=0
info|2025-12-13 05:50:39.427212|ioService-0x00007ed8d3dff640|[P2PService][Service][METRIC]heartBeat,connected count=3
info|2025-12-13 05:50:48.989097|timerFactory-0x00007ed8bfdff640|[RPC][WS][SERVICE]connected nodes,count=0
info|2025-12-13 05:50:49.427295|ioService-0x00007ed8d3dff640|[P2PService][Service][METRIC]heartBeat,connected count=3
info|2025-12-13 05:50:58.202002|objMonitor-0x00007ed8ae7ff640|[startMonitor][AliveObjectMonitor],AliveObjectAllocStat=[ type: bcos::gateway::Socket ,created: 11 ,destroyed: 7 ,alive: 4 ] [ type: bcos::gateway::ResponseCallback ,created: 3309169 ,destroyed: 3309164 ,alive: 5 ] 
info|2025-12-13 05:50:58.989162|timerFactory-0x00007ed8bfdff640|[RPC][WS][SERVICE]connected nodes,count=0
info|2025-12-13 05:50:59.427333|ioService-0x00007ed8d3dff640|[P2PService][Service][METRIC]heartBeat,connected count=3
info|2025-12-13 05:51:08.989280|timerFactory-0x00007ed8bfdff640|[RPC][WS][SERVICE]connected nodes,count=0
info|2025-12-13 05:51:09.427358|ioService-0x00007ed8d3dff640|[P2PService][Service][METRIC]heartBeat,connected count=3
info|2025-12-13 05:51:18.989354|timerFactory-0x00007ed8bfdff640|[RPC][WS][SERVICE]connected nodes,count=0
info|2025-12-13 05:51:19.427447|ioService-0x00007ed8d3dff640|[P2PService][Service][METRIC]heartBeat,connected count=3
info|2025-12-13 05:51:28.989374|timerFactory-0x00007ed8bfdff640|[RPC][WS][SERVICE]connected nodes,count=0
info|2025-12-13 05:51:29.427518|ioService-0x00007ed8d3dff640|[P2PService][Service][METRIC]heartBeat,connected count=3
info|2025-12-13 05:51:38.989393|timerFactory-0x00007ed8bfdff640|[RPC][WS][SERVICE]connected nodes,count=0
info|2025-12-13 05:51:39.427592|ioService-0x00007ed8d3dff640|[P2PService][Service][METRIC]heartBeat,connected count=3
info|2025-12-13 05:51:48.989418|timerFactory-0x00007ed8bfdff640|[RPC][WS][SERVICE]connected nodes,count=0
info|2025-12-13 05:51:49.427686|ioService-0x00007ed8d3dff640|[P2PService][Service][METRIC]heartBeat,connected count=3
info|2025-12-13 05:51:58.202184|objMonitor-0x00007ed8ae7ff640|[startMonitor][AliveObjectMonitor],AliveObjectAllocStat=[ type: bcos::gateway::Socket ,created: 11 ,destroyed: 7 ,alive: 4 ] 
info|2025-12-13 05:51:58.989445|timerFactory-0x00007ed8bfdff640|[RPC][WS][SERVICE]connected nodes,count=0
info|2025-12-13 05:51:59.427709|ioService-0x00007ed8d3dff640|[P2PService][Service][METRIC]heartBeat,connected count=3
info|2025-12-13 05:52:08.989476|timerFactory-0x00007ed8bfdff640|[RPC][WS][SERVICE]connected nodes,count=0
info|2025-12-13 05:52:09.427729|ioService-0x00007ed8d3dff640|[P2PService][Service][METRIC]heartBeat,connected count=3
info|2025-12-13 05:52:18.989505|timerFactory-0x00007ed8bfdff640|[RPC][WS][SERVICE]connected nodes,count=0
info|2025-12-13 05:52:19.427752|ioService-0x00007ed8d3dff640|[P2PService][Service][METRIC]heartBeat,connected count=3
info|2025-12-13 05:52:28.989531|timerFactory-0x00007ed8bfdff640|[RPC][WS][SERVICE]connected nodes,count=0
info|2025-12-13 05:52:29.427773|ioService-0x00007ed8d3dff640|[P2PService][Service][METRIC]heartBeat,connected count=3
info|2025-12-13 05:52:38.989562|timerFactory-0x00007ed8bfdff640|[RPC][WS][SERVICE]connected nodes,count=0
info|2025-12-13 05:52:39.427847|ioService-0x00007ed8d3dff640|[P2PService][Service][METRIC]heartBeat,connected count=3
info|2025-12-13 05:52:48.989591|timerFactory-0x00007ed8bfdff640|[RPC][WS][SERVICE]connected nodes,count=0
info|2025-12-13 05:52:49.427915|ioService-0x00007ed8d3dff640|[P2PService][Service][METRIC]heartBeat,connected count=3
info|2025-12-13 05:52:58.202229|objMonitor-0x00007ed8ae7ff640|[startMonitor][AliveObjectMonitor],AliveObjectAllocStat=[ type: bcos::gateway::Socket ,created: 11 ,destroyed: 7 ,alive: 4 ] 
info|2025-12-13 05:52:58.989623|timerFactory-0x00007ed8bfdff640|[RPC][WS][SERVICE]connected nodes,count=0
info|2025-12-13 05:52:59.427980|ioService-0x00007ed8d3dff640|[P2PService][Service][METRIC]heartBeat,connected count=3
info|2025-12-13 05:53:08.989701|timerFactory-0x00007ed8bfdff640|[RPC][WS][SERVICE]connected nodes,count=0
info|2025-12-13 05:53:09.428004|ioService-0x00007ed8d3dff640|[P2PService][Service][METRIC]heartBeat,connected count=3
info|2025-12-13 05:53:18.989761|timerFactory-0x00007ed8bfdff640|[RPC][WS][SERVICE]connected nodes,count=0
info|2025-12-13 05:53:19.428022|ioService-0x00007ed8d3dff640|[P2PService][Service][METRIC]heartBeat,connected count=3
info|2025-12-13 05:53:28.989820|timerFactory-0x00007ed8bfdff640|[RPC][WS][SERVICE]connected nodes,count=0
info|2025-12-13 05:53:29.428042|ioService-0x00007ed8d3dff640|[P2PService][Service][METRIC]heartBeat,connected count=3
info|2025-12-13 05:53:38.989878|timerFactory-0x00007ed8bfdff640|[RPC][WS][SERVICE]connected nodes,count=0
info|2025-12-13 05:53:39.428113|ioService-0x00007ed8d3dff640|[P2PService][Service][METRIC]heartBeat,connected count=3
info|2025-12-13 05:53:48.989948|timerFactory-0x00007ed8bfdff640|[RPC][WS][SERVICE]connected nodes,count=0
info|2025-12-13 05:53:49.428174|ioService-0x00007ed8d3dff640|[P2PService][Service][METRIC]heartBeat,connected count=3
info|2025-12-13 05:53:58.202335|objMonitor-0x00007ed8ae7ff640|[startMonitor][AliveObjectMonitor],AliveObjectAllocStat=[ type: bcos::gateway::Socket ,created: 11 ,destroyed: 7 ,alive: 4 ] 
info|2025-12-13 05:53:58.990054|timerFactory-0x00007ed8bfdff640|[RPC][WS][SERVICE]connected nodes,count=0
info|2025-12-13 05:53:59.428202|ioService-0x00007ed8d3dff640|[P2PService][Service][METRIC]heartBeat,connected count=3
info|2025-12-13 05:54:08.990177|timerFactory-0x00007ed8bfdff640|[RPC][WS][SERVICE]connected nodes,count=0
info|2025-12-13 05:54:09.428280|ioService-0x00007ed8d3dff640|[P2PService][Service][METRIC]heartBeat,connected count=3
info|2025-12-13 05:54:18.990208|timerFactory-0x00007ed8bfdff640|[RPC][WS][SERVICE]connected nodes,count=0
info|2025-12-13 05:54:19.428312|ioService-0x00007ed8d3dff640|[P2PService][Service][METRIC]heartBeat,connected count=3
info|2025-12-13 05:54:28.990237|timerFactory-0x00007ed8bfdff640|[RPC][WS][SERVICE]connected nodes,count=0
info|2025-12-13 05:54:29.428335|ioService-0x00007ed8d3dff640|[P2PService][Service][METRIC]heartBeat,connected count=3
info|2025-12-13 05:54:38.990305|timerFactory-0x00007ed8bfdff640|[RPC][WS][SERVICE]connected nodes,count=0
info|2025-12-13 05:54:39.428369|ioService-0x00007ed8d3dff640|[P2PService][Service][METRIC]heartBeat,connected count=3
info|2025-12-13 05:54:48.990329|timerFactory-0x00007ed8bfdff640|[RPC][WS][SERVICE]connected nodes,count=0
info|2025-12-13 05:54:49.428394|ioService-0x00007ed8d3dff640|[P2PService][Service][METRIC]heartBeat,connected count=3
info|2025-12-13 05:54:58.202378|objMonitor-0x00007ed8ae7ff640|[startMonitor][AliveObjectMonitor],AliveObjectAllocStat=[ type: bcos::gateway::Socket ,created: 11 ,destroyed: 7 ,alive: 4 ] 
info|2025-12-13 05:54:58.990402|timerFactory-0x00007ed8bfdff640|[RPC][WS][SERVICE]connected nodes,count=0
info|2025-12-13 05:54:59.428416|ioService-0x00007ed8d3dff640|[P2PService][Service][METRIC]heartBeat,connected count=3
info|2025-12-13 05:55:08.990423|timerFactory-0x00007ed8bfdff640|[RPC][WS][SERVICE]connected nodes,count=0
info|2025-12-13 05:55:09.428440|ioService-0x00007ed8d3dff640|[P2PService][Service][METRIC]heartBeat,connected count=3
info|2025-12-13 05:55:18.990446|timerFactory-0x00007ed8bfdff640|[RPC][WS][SERVICE]connected nodes,count=0
info|2025-12-13 05:55:19.428504|ioService-0x00007ed8d3dff640|[P2PService][Service][METRIC]heartBeat,connected count=3
info|2025-12-13 05:55:28.990493|timerFactory-0x00007ed8bfdff640|[RPC][WS][SERVICE]connected nodes,count=0
info|2025-12-13 05:55:29.428569|ioService-0x00007ed8d3dff640|[P2PService][Service][METRIC]heartBeat,connected count=3
info|2025-12-13 05:55:38.990541|timerFactory-0x00007ed8bfdff640|[RPC][WS][SERVICE]connected nodes,count=0
info|2025-12-13 05:55:39.428632|ioService-0x00007ed8d3dff640|[P2PService][Service][METRIC]heartBeat,connected count=3
info|2025-12-13 05:55:48.990584|timerFactory-0x00007ed8bfdff640|[RPC][WS][SERVICE]connected nodes,count=0
info|2025-12-13 05:55:49.428666|ioService-0x00007ed8d3dff640|[P2PService][Service][METRIC]heartBeat,connected count=3
info|2025-12-13 05:55:58.202420|objMonitor-0x00007ed8ae7ff640|[startMonitor][AliveObjectMonitor],AliveObjectAllocStat=[ type: bcos::gateway::Socket ,created: 11 ,destroyed: 7 ,alive: 4 ] 
info|2025-12-13 05:55:58.990672|timerFactory-0x00007ed8bfdff640|[RPC][WS][SERVICE]connected nodes,count=0
info|2025-12-13 05:55:59.428692|ioService-0x00007ed8d3dff640|[P2PService][Service][METRIC]heartBeat,connected count=3
info|2025-12-13 05:56:08.990791|timerFactory-0x00007ed8bfdff640|[RPC][WS][SERVICE]connected nodes,count=0
info|2025-12-13 05:56:09.428723|ioService-0x00007ed8d3dff640|[P2PService][Service][METRIC]heartBeat,connected count=3
info|2025-12-13 05:56:18.990970|timerFactory-0x00007ed8bfdff640|[RPC][WS][SERVICE]connected nodes,count=0
info|2025-12-13 05:56:19.428761|ioService-0x00007ed8d3dff640|[P2PService][Service][METRIC]heartBeat,connected count=3
info|2025-12-13 05:56:28.991156|timerFactory-0x00007ed8bfdff640|[RPC][WS][SERVICE]connected nodes,count=0
info|2025-12-13 05:56:29.428794|ioService-0x00007ed8d3dff640|[P2PService][Service][METRIC]heartBeat,connected count=3
info|2025-12-13 05:56:38.991338|timerFactory-0x00007ed8bfdff640|[RPC][WS][SERVICE]connected nodes,count=0
info|2025-12-13 05:56:39.428873|ioService-0x00007ed8d3dff640|[P2PService][Service][METRIC]heartBeat,connected count=3
info|2025-12-13 05:56:48.991368|timerFactory-0x00007ed8bfdff640|[RPC][WS][SERVICE]connected nodes,count=0
info|2025-12-13 05:56:49.428908|ioService-0x00007ed8d3dff640|[P2PService][Service][METRIC]heartBeat,connected count=3
info|2025-12-13 05:56:58.202463|objMonitor-0x00007ed8ae7ff640|[startMonitor][AliveObjectMonitor],AliveObjectAllocStat=[ type: bcos::gateway::Socket ,created: 11 ,destroyed: 7 ,alive: 4 ] 
info|2025-12-13 05:56:58.991436|timerFactory-0x00007ed8bfdff640|[RPC][WS][SERVICE]connected nodes,count=0
info|2025-12-13 05:56:59.428941|ioService-0x00007ed8d3dff640|[P2PService][Service][METRIC]heartBeat,connected count=3
info|2025-12-13 05:57:08.991464|timerFactory-0x00007ed8bfdff640|[RPC][WS][SERVICE]connected nodes,count=0
info|2025-12-13 05:57:09.429044|ioService-0x00007ed8d3dff640|[P2PService][Service][METRIC]heartBeat,connected count=3
info|2025-12-13 05:57:18.991548|timerFactory-0x00007ed8bfdff640|[RPC][WS][SERVICE]connected nodes,count=0
info|2025-12-13 05:57:19.429110|ioService-0x00007ed8d3dff640|[P2PService][Service][METRIC]heartBeat,connected count=3
info|2025-12-13 05:57:28.991692|timerFactory-0x00007ed8bfdff640|[RPC][WS][SERVICE]connected nodes,count=0
info|2025-12-13 05:57:29.429138|ioService-0x00007ed8d3dff640|[P2PService][Service][METRIC]heartBeat,connected count=3
info|2025-12-13 05:57:38.991725|timerFactory-0x00007ed8bfdff640|[RPC][WS][SERVICE]connected nodes,count=0
info|2025-12-13 05:57:39.429231|ioService-0x00007ed8d3dff640|[P2PService][Service][METRIC]heartBeat,connected count=3
info|2025-12-13 05:57:48.991815|timerFactory-0x00007ed8bfdff640|[RPC][WS][SERVICE]connected nodes,count=0
info|2025-12-13 05:57:49.429257|ioService-0x00007ed8d3dff640|[P2PService][Service][METRIC]heartBeat,connected count=3
info|2025-12-13 05:57:58.202579|objMonitor-0x00007ed8ae7ff640|[startMonitor][AliveObjectMonitor],AliveObjectAllocStat=[ type: bcos::gateway::Socket ,created: 11 ,destroyed: 7 ,alive: 4 ] 
info|2025-12-13 05:57:58.992008|timerFactory-0x00007ed8bfdff640|[RPC][WS][SERVICE]connected nodes,count=0
info|2025-12-13 05:57:59.429279|ioService-0x00007ed8d3dff640|[P2PService][Service][METRIC]heartBeat,connected count=3
info|2025-12-13 05:58:08.992095|timerFactory-0x00007ed8bfdff640|[RPC][WS][SERVICE]connected nodes,count=0
info|2025-12-13 05:58:09.429305|ioService-0x00007ed8d3dff640|[P2PService][Service][METRIC]heartBeat,connected count=3
info|2025-12-13 05:58:18.992198|timerFactory-0x00007ed8bfdff640|[RPC][WS][SERVICE]connected nodes,count=0
info|2025-12-13 05:58:19.429390|ioService-0x00007ed8d3dff640|[P2PService][Service][METRIC]heartBeat,connected count=3
info|2025-12-13 05:58:28.992294|timerFactory-0x00007ed8bfdff640|[RPC][WS][SERVICE]connected nodes,count=0
info|2025-12-13 05:58:29.429416|ioService-0x00007ed8d3dff640|[P2PService][Service][METRIC]heartBeat,connected count=3
info|2025-12-13 05:58:38.992411|timerFactory-0x00007ed8bfdff640|[RPC][WS][SERVICE]connected nodes,count=0
info|2025-12-13 05:58:39.429445|ioService-0x00007ed8d3dff640|[P2PService][Service][METRIC]heartBeat,connected count=3
info|2025-12-13 05:58:48.992489|timerFactory-0x00007ed8bfdff640|[RPC][WS][SERVICE]connected nodes,count=0
info|2025-12-13 05:58:49.429469|ioService-0x00007ed8d3dff640|[P2PService][Service][METRIC]heartBeat,connected count=3
info|2025-12-13 05:58:58.202740|objMonitor-0x00007ed8ae7ff640|[startMonitor][AliveObjectMonitor],AliveObjectAllocStat=[ type: bcos::gateway::Socket ,created: 11 ,destroyed: 7 ,alive: 4 ] [ type: bcos::gateway::ResponseCallback ,created: 3316363 ,destroyed: 3316357 ,alive: 6 ] 
info|2025-12-13 05:58:58.992556|timerFactory-0x00007ed8bfdff640|[RPC][WS][SERVICE]connected nodes,count=0
info|2025-12-13 05:58:59.429549|ioService-0x00007ed8d3dff640|[P2PService][Service][METRIC]heartBeat,connected count=3
info|2025-12-13 05:59:08.992585|timerFactory-0x00007ed8bfdff640|[RPC][WS][SERVICE]connected nodes,count=0
info|2025-12-13 05:59:09.429604|ioService-0x00007ed8d3dff640|[P2PService][Service][METRIC]heartBeat,connected count=3
info|2025-12-13 05:59:18.992620|timerFactory-0x00007ed8bfdff640|[RPC][WS][SERVICE]connected nodes,count=0
info|2025-12-13 05:59:19.429628|ioService-0x00007ed8d3dff640|[P2PService][Service][METRIC]heartBeat,connected count=3
info|2025-12-13 05:59:28.992713|timerFactory-0x00007ed8bfdff640|[RPC][WS][SERVICE]connected nodes,count=0
info|2025-12-13 05:59:29.429648|ioService-0x00007ed8d3dff640|[P2PService][Service][METRIC]heartBeat,connected count=3
info|2025-12-13 05:59:38.992834|timerFactory-0x00007ed8bfdff640|[RPC][WS][SERVICE]connected nodes,count=0
info|2025-12-13 05:59:39.429670|ioService-0x00007ed8d3dff640|[P2PService][Service][METRIC]heartBeat,connected count=3
info|2025-12-13 05:59:48.993049|timerFactory-0x00007ed8bfdff640|[RPC][WS][SERVICE]connected nodes,count=0
info|2025-12-13 05:59:49.429687|ioService-0x00007ed8d3dff640|[P2PService][Service][METRIC]heartBeat,connected count=3
info|2025-12-13 05:59:58.202916|objMonitor-0x00007ed8ae7ff640|[startMonitor][AliveObjectMonitor],AliveObjectAllocStat=[ type: bcos::gateway::Socket ,created: 11 ,destroyed: 7 ,alive: 4 ] 
info|2025-12-13 05:59:58.993171|timerFactory-0x00007ed8bfdff640|[RPC][WS][SERVICE]connected nodes,count=0
info|2025-12-13 05:59:59.429711|ioService-0x00007ed8d3dff640|[P2PService][Service][METRIC]heartBeat,connected count=3
