info|2025-12-14 14:00:00.242997|ioService-0x00007ccbed3ff640|[P2PService][Service][METRIC]heartBeat,connected count=3
info|2025-12-14 14:00:09.527618|timerFactory-0x00007ccbd95ff640|[RPC][WS][SERVICE]connected nodes,count=0
info|2025-12-14 14:00:10.243026|ioService-0x00007ccbed3ff640|[P2PService][Service][METRIC]heartBeat,connected count=3
info|2025-12-14 14:00:19.527646|timerFactory-0x00007ccbd95ff640|[RPC][WS][SERVICE]connected nodes,count=0
info|2025-12-14 14:00:20.243211|ioService-0x00007ccbed3ff640|[P2PService][Service][METRIC]heartBeat,connected count=3
info|2025-12-14 14:00:29.527672|timerFactory-0x00007ccbd95ff640|[RPC][WS][SERVICE]connected nodes,count=0
info|2025-12-14 14:00:30.243326|ioService-0x00007ccbed3ff640|[P2PService][Service][METRIC]heartBeat,connected count=3
info|2025-12-14 14:00:39.527731|timerFactory-0x00007ccbd95ff640|[RPC][WS][SERVICE]connected nodes,count=0
info|2025-12-14 14:00:40.243359|ioService-0x00007ccbed3ff640|[P2PService][Service][METRIC]heartBeat,connected count=3
info|2025-12-14 14:00:49.527762|timerFactory-0x00007ccbd95ff640|[RPC][WS][SERVICE]connected nodes,count=0
info|2025-12-14 14:00:50.243398|ioService-0x00007ccbed3ff640|[P2PService][Service][METRIC]heartBeat,connected count=3
info|2025-12-14 14:00:58.347546|objMonitor-0x00007ccbc67ff640|[startMonitor][AliveObjectMonitor],AliveObjectAllocStat=[ type: bcos::gateway::Socket ,created: 9 ,destroyed: 5 ,alive: 4 ] 
info|2025-12-14 14:00:59.527824|timerFactory-0x00007ccbd95ff640|[RPC][WS][SERVICE]connected nodes,count=0
info|2025-12-14 14:01:00.243428|ioService-0x00007ccbed3ff640|[P2PService][Service][METRIC]heartBeat,connected count=3
info|2025-12-14 14:01:09.527892|timerFactory-0x00007ccbd95ff640|[RPC][WS][SERVICE]connected nodes,count=0
info|2025-12-14 14:01:10.243497|ioService-0x00007ccbed3ff640|[P2PService][Service][METRIC]heartBeat,connected count=3
info|2025-12-14 14:01:19.527921|timerFactory-0x00007ccbd95ff640|[RPC][WS][SERVICE]connected nodes,count=0
info|2025-12-14 14:01:20.243559|ioService-0x00007ccbed3ff640|[P2PService][Service][METRIC]heartBeat,connected count=3
info|2025-12-14 14:01:29.527953|timerFactory-0x00007ccbd95ff640|[RPC][WS][SERVICE]connected nodes,count=0
info|2025-12-14 14:01:30.243692|ioService-0x00007ccbed3ff640|[P2PService][Service][METRIC]heartBeat,connected count=3
info|2025-12-14 14:01:39.527981|timerFactory-0x00007ccbd95ff640|[RPC][WS][SERVICE]connected nodes,count=0
info|2025-12-14 14:01:40.243773|ioService-0x00007ccbed3ff640|[P2PService][Service][METRIC]heartBeat,connected count=3
info|2025-12-14 14:01:49.528011|timerFactory-0x00007ccbd95ff640|[RPC][WS][SERVICE]connected nodes,count=0
info|2025-12-14 14:01:50.243801|ioService-0x00007ccbed3ff640|[P2PService][Service][METRIC]heartBeat,connected count=3
info|2025-12-14 14:01:58.347581|objMonitor-0x00007ccbc67ff640|[startMonitor][AliveObjectMonitor],AliveObjectAllocStat=[ type: bcos::gateway::Socket ,created: 9 ,destroyed: 5 ,alive: 4 ] 
info|2025-12-14 14:01:59.528071|timerFactory-0x00007ccbd95ff640|[RPC][WS][SERVICE]connected nodes,count=0
info|2025-12-14 14:02:00.243864|ioService-0x00007ccbed3ff640|[P2PService][Service][METRIC]heartBeat,connected count=3
info|2025-12-14 14:02:09.528136|timerFactory-0x00007ccbd95ff640|[RPC][WS][SERVICE]connected nodes,count=0
info|2025-12-14 14:02:10.243984|ioService-0x00007ccbed3ff640|[P2PService][Service][METRIC]heartBeat,connected count=3
info|2025-12-14 14:02:19.528170|timerFactory-0x00007ccbd95ff640|[RPC][WS][SERVICE]connected nodes,count=0
info|2025-12-14 14:02:20.244194|ioService-0x00007ccbed3ff640|[P2PService][Service][METRIC]heartBeat,connected count=3
info|2025-12-14 14:02:29.528231|timerFactory-0x00007ccbd95ff640|[RPC][WS][SERVICE]connected nodes,count=0
info|2025-12-14 14:02:30.244352|ioService-0x00007ccbed3ff640|[P2PService][Service][METRIC]heartBeat,connected count=3
info|2025-12-14 14:02:39.528296|timerFactory-0x00007ccbd95ff640|[RPC][WS][SERVICE]connected nodes,count=0
info|2025-12-14 14:02:40.244375|ioService-0x00007ccbed3ff640|[P2PService][Service][METRIC]heartBeat,connected count=3
info|2025-12-14 14:02:49.528387|timerFactory-0x00007ccbd95ff640|[RPC][WS][SERVICE]connected nodes,count=0
info|2025-12-14 14:02:50.244412|ioService-0x00007ccbed3ff640|[P2PService][Service][METRIC]heartBeat,connected count=3
info|2025-12-14 14:02:58.347649|objMonitor-0x00007ccbc67ff640|[startMonitor][AliveObjectMonitor],AliveObjectAllocStat=[ type: bcos::gateway::Socket ,created: 9 ,destroyed: 5 ,alive: 4 ] 
info|2025-12-14 14:02:59.528419|timerFactory-0x00007ccbd95ff640|[RPC][WS][SERVICE]connected nodes,count=0
info|2025-12-14 14:03:00.244445|ioService-0x00007ccbed3ff640|[P2PService][Service][METRIC]heartBeat,connected count=3
info|2025-12-14 14:03:09.528456|timerFactory-0x00007ccbd95ff640|[RPC][WS][SERVICE]connected nodes,count=0
info|2025-12-14 14:03:10.244511|ioService-0x00007ccbed3ff640|[P2PService][Service][METRIC]heartBeat,connected count=3
info|2025-12-14 14:03:19.528515|timerFactory-0x00007ccbd95ff640|[RPC][WS][SERVICE]connected nodes,count=0
info|2025-12-14 14:03:20.244576|ioService-0x00007ccbed3ff640|[P2PService][Service][METRIC]heartBeat,connected count=3
info|2025-12-14 14:03:29.528581|timerFactory-0x00007ccbd95ff640|[RPC][WS][SERVICE]connected nodes,count=0
info|2025-12-14 14:03:30.244790|ioService-0x00007ccbed3ff640|[P2PService][Service][METRIC]heartBeat,connected count=3
info|2025-12-14 14:03:39.528617|timerFactory-0x00007ccbd95ff640|[RPC][WS][SERVICE]connected nodes,count=0
info|2025-12-14 14:03:40.244819|ioService-0x00007ccbed3ff640|[P2PService][Service][METRIC]heartBeat,connected count=3
info|2025-12-14 14:03:49.528648|timerFactory-0x00007ccbd95ff640|[RPC][WS][SERVICE]connected nodes,count=0
info|2025-12-14 14:03:50.244890|ioService-0x00007ccbed3ff640|[P2PService][Service][METRIC]heartBeat,connected count=3
info|2025-12-14 14:03:58.347788|objMonitor-0x00007ccbc67ff640|[startMonitor][AliveObjectMonitor],AliveObjectAllocStat=[ type: bcos::gateway::Socket ,created: 9 ,destroyed: 5 ,alive: 4 ] 
info|2025-12-14 14:03:59.528680|timerFactory-0x00007ccbd95ff640|[RPC][WS][SERVICE]connected nodes,count=0
info|2025-12-14 14:04:00.244914|ioService-0x00007ccbed3ff640|[P2PService][Service][METRIC]heartBeat,connected count=3
info|2025-12-14 14:04:09.528752|timerFactory-0x00007ccbd95ff640|[RPC][WS][SERVICE]connected nodes,count=0
info|2025-12-14 14:04:10.245068|ioService-0x00007ccbed3ff640|[P2PService][Service][METRIC]heartBeat,connected count=3
info|2025-12-14 14:04:19.528900|timerFactory-0x00007ccbd95ff640|[RPC][WS][SERVICE]connected nodes,count=0
info|2025-12-14 14:04:20.245138|ioService-0x00007ccbed3ff640|[P2PService][Service][METRIC]heartBeat,connected count=3
info|2025-12-14 14:04:29.529030|timerFactory-0x00007ccbd95ff640|[RPC][WS][SERVICE]connected nodes,count=0
info|2025-12-14 14:04:30.245168|ioService-0x00007ccbed3ff640|[P2PService][Service][METRIC]heartBeat,connected count=3
info|2025-12-14 14:04:39.529104|timerFactory-0x00007ccbd95ff640|[RPC][WS][SERVICE]connected nodes,count=0
info|2025-12-14 14:04:40.245259|ioService-0x00007ccbed3ff640|[P2PService][Service][METRIC]heartBeat,connected count=3
info|2025-12-14 14:04:49.529189|timerFactory-0x00007ccbd95ff640|[RPC][WS][SERVICE]connected nodes,count=0
info|2025-12-14 14:04:50.245439|ioService-0x00007ccbed3ff640|[P2PService][Service][METRIC]heartBeat,connected count=3
info|2025-12-14 14:04:58.347828|objMonitor-0x00007ccbc67ff640|[startMonitor][AliveObjectMonitor],AliveObjectAllocStat=[ type: bcos::gateway::Socket ,created: 9 ,destroyed: 5 ,alive: 4 ] 
info|2025-12-14 14:04:59.529313|timerFactory-0x00007ccbd95ff640|[RPC][WS][SERVICE]connected nodes,count=0
info|2025-12-14 14:05:00.245460|ioService-0x00007ccbed3ff640|[P2PService][Service][METRIC]heartBeat,connected count=3
info|2025-12-14 14:05:09.529421|timerFactory-0x00007ccbd95ff640|[RPC][WS][SERVICE]connected nodes,count=0
info|2025-12-14 14:05:10.245520|ioService-0x00007ccbed3ff640|[P2PService][Service][METRIC]heartBeat,connected count=3
info|2025-12-14 14:05:19.529497|timerFactory-0x00007ccbd95ff640|[RPC][WS][SERVICE]connected nodes,count=0
info|2025-12-14 14:05:20.245545|ioService-0x00007ccbed3ff640|[P2PService][Service][METRIC]heartBeat,connected count=3
info|2025-12-14 14:05:29.529573|timerFactory-0x00007ccbd95ff640|[RPC][WS][SERVICE]connected nodes,count=0
info|2025-12-14 14:05:30.245627|ioService-0x00007ccbed3ff640|[P2PService][Service][METRIC]heartBeat,connected count=3
info|2025-12-14 14:05:39.529626|timerFactory-0x00007ccbd95ff640|[RPC][WS][SERVICE]connected nodes,count=0
info|2025-12-14 14:05:40.245697|ioService-0x00007ccbed3ff640|[P2PService][Service][METRIC]heartBeat,connected count=3
info|2025-12-14 14:05:49.529704|timerFactory-0x00007ccbd95ff640|[RPC][WS][SERVICE]connected nodes,count=0
info|2025-12-14 14:05:50.245975|ioService-0x00007ccbed3ff640|[P2PService][Service][METRIC]heartBeat,connected count=3
info|2025-12-14 14:05:58.347875|objMonitor-0x00007ccbc67ff640|[startMonitor][AliveObjectMonitor],AliveObjectAllocStat=[ type: bcos::gateway::Socket ,created: 9 ,destroyed: 5 ,alive: 4 ] [ type: bcos::gateway::ResponseCallback ,created: 5049247 ,destroyed: 5049243 ,alive: 4 ] 
info|2025-12-14 14:05:59.529764|timerFactory-0x00007ccbd95ff640|[RPC][WS][SERVICE]connected nodes,count=0
info|2025-12-14 14:06:00.245998|ioService-0x00007ccbed3ff640|[P2PService][Service][METRIC]heartBeat,connected count=3
info|2025-12-14 14:06:09.529798|timerFactory-0x00007ccbd95ff640|[RPC][WS][SERVICE]connected nodes,count=0
info|2025-12-14 14:06:10.246067|ioService-0x00007ccbed3ff640|[P2PService][Service][METRIC]heartBeat,connected count=3
info|2025-12-14 14:06:19.529865|timerFactory-0x00007ccbd95ff640|[RPC][WS][SERVICE]connected nodes,count=0
info|2025-12-14 14:06:20.246185|ioService-0x00007ccbed3ff640|[P2PService][Service][METRIC]heartBeat,connected count=3
info|2025-12-14 14:06:29.529944|timerFactory-0x00007ccbd95ff640|[RPC][WS][SERVICE]connected nodes,count=0
info|2025-12-14 14:06:30.246362|ioService-0x00007ccbed3ff640|[P2PService][Service][METRIC]heartBeat,connected count=3
info|2025-12-14 14:06:39.530009|timerFactory-0x00007ccbd95ff640|[RPC][WS][SERVICE]connected nodes,count=0
info|2025-12-14 14:06:40.246394|ioService-0x00007ccbed3ff640|[P2PService][Service][METRIC]heartBeat,connected count=3
info|2025-12-14 14:06:49.530156|timerFactory-0x00007ccbd95ff640|[RPC][WS][SERVICE]connected nodes,count=0
info|2025-12-14 14:06:50.246482|ioService-0x00007ccbed3ff640|[P2PService][Service][METRIC]heartBeat,connected count=3
info|2025-12-14 14:06:58.347923|objMonitor-0x00007ccbc67ff640|[startMonitor][AliveObjectMonitor],AliveObjectAllocStat=[ type: bcos::gateway::Socket ,created: 9 ,destroyed: 5 ,alive: 4 ] 
info|2025-12-14 14:06:59.530188|timerFactory-0x00007ccbd95ff640|[RPC][WS][SERVICE]connected nodes,count=0
info|2025-12-14 14:07:00.246545|ioService-0x00007ccbed3ff640|[P2PService][Service][METRIC]heartBeat,connected count=3
info|2025-12-14 14:07:09.530221|timerFactory-0x00007ccbd95ff640|[RPC][WS][SERVICE]connected nodes,count=0
info|2025-12-14 14:07:10.246566|ioService-0x00007ccbed3ff640|[P2PService][Service][METRIC]heartBeat,connected count=3
info|2025-12-14 14:07:19.530366|timerFactory-0x00007ccbd95ff640|[RPC][WS][SERVICE]connected nodes,count=0
info|2025-12-14 14:07:20.246592|ioService-0x00007ccbed3ff640|[P2PService][Service][METRIC]heartBeat,connected count=3
info|2025-12-14 14:07:29.530397|timerFactory-0x00007ccbd95ff640|[RPC][WS][SERVICE]connected nodes,count=0
info|2025-12-14 14:07:30.246780|ioService-0x00007ccbed3ff640|[P2PService][Service][METRIC]heartBeat,connected count=3
info|2025-12-14 14:07:39.530457|timerFactory-0x00007ccbd95ff640|[RPC][WS][SERVICE]connected nodes,count=0
info|2025-12-14 14:07:40.246843|ioService-0x00007ccbed3ff640|[P2PService][Service][METRIC]heartBeat,connected count=3
info|2025-12-14 14:07:49.530582|timerFactory-0x00007ccbd95ff640|[RPC][WS][SERVICE]connected nodes,count=0
info|2025-12-14 14:07:50.246914|ioService-0x00007ccbed3ff640|[P2PService][Service][METRIC]heartBeat,connected count=3
info|2025-12-14 14:07:58.348012|objMonitor-0x00007ccbc67ff640|[startMonitor][AliveObjectMonitor],AliveObjectAllocStat=[ type: bcos::gateway::Socket ,created: 9 ,destroyed: 5 ,alive: 4 ] 
info|2025-12-14 14:07:59.530682|timerFactory-0x00007ccbd95ff640|[RPC][WS][SERVICE]connected nodes,count=0
info|2025-12-14 14:08:00.247039|ioService-0x00007ccbed3ff640|[P2PService][Service][METRIC]heartBeat,connected count=3
info|2025-12-14 14:08:09.530875|timerFactory-0x00007ccbd95ff640|[RPC][WS][SERVICE]connected nodes,count=0
info|2025-12-14 14:08:10.247056|ioService-0x00007ccbed3ff640|[P2PService][Service][METRIC]heartBeat,connected count=3
info|2025-12-14 14:08:19.530947|timerFactory-0x00007ccbd95ff640|[RPC][WS][SERVICE]connected nodes,count=0
info|2025-12-14 14:08:20.247083|ioService-0x00007ccbed3ff640|[P2PService][Service][METRIC]heartBeat,connected count=3
info|2025-12-14 14:08:29.531115|timerFactory-0x00007ccbd95ff640|[RPC][WS][SERVICE]connected nodes,count=0
info|2025-12-14 14:08:30.247114|ioService-0x00007ccbed3ff640|[P2PService][Service][METRIC]heartBeat,connected count=3
info|2025-12-14 14:08:39.531324|timerFactory-0x00007ccbd95ff640|[RPC][WS][SERVICE]connected nodes,count=0
info|2025-12-14 14:08:40.247294|ioService-0x00007ccbed3ff640|[P2PService][Service][METRIC]heartBeat,connected count=3
info|2025-12-14 14:08:49.531352|timerFactory-0x00007ccbd95ff640|[RPC][WS][SERVICE]connected nodes,count=0
info|2025-12-14 14:08:50.247369|ioService-0x00007ccbed3ff640|[P2PService][Service][METRIC]heartBeat,connected count=3
info|2025-12-14 14:08:58.348116|objMonitor-0x00007ccbc67ff640|[startMonitor][AliveObjectMonitor],AliveObjectAllocStat=[ type: bcos::gateway::Socket ,created: 9 ,destroyed: 5 ,alive: 4 ] 
info|2025-12-14 14:08:59.531426|timerFactory-0x00007ccbd95ff640|[RPC][WS][SERVICE]connected nodes,count=0
info|2025-12-14 14:09:00.247434|ioService-0x00007ccbed3ff640|[P2PService][Service][METRIC]heartBeat,connected count=3
info|2025-12-14 14:09:09.531455|timerFactory-0x00007ccbd95ff640|[RPC][WS][SERVICE]connected nodes,count=0
info|2025-12-14 14:09:10.247494|ioService-0x00007ccbed3ff640|[P2PService][Service][METRIC]heartBeat,connected count=3
info|2025-12-14 14:09:19.531530|timerFactory-0x00007ccbd95ff640|[RPC][WS][SERVICE]connected nodes,count=0
info|2025-12-14 14:09:20.247538|ioService-0x00007ccbed3ff640|[P2PService][Service][METRIC]heartBeat,connected count=3
info|2025-12-14 14:09:29.531666|timerFactory-0x00007ccbd95ff640|[RPC][WS][SERVICE]connected nodes,count=0
info|2025-12-14 14:09:30.247699|ioService-0x00007ccbed3ff640|[P2PService][Service][METRIC]heartBeat,connected count=3
info|2025-12-14 14:09:39.531732|timerFactory-0x00007ccbd95ff640|[RPC][WS][SERVICE]connected nodes,count=0
info|2025-12-14 14:09:40.247783|ioService-0x00007ccbed3ff640|[P2PService][Service][METRIC]heartBeat,connected count=3
info|2025-12-14 14:09:49.531765|timerFactory-0x00007ccbd95ff640|[RPC][WS][SERVICE]connected nodes,count=0
info|2025-12-14 14:09:50.247808|ioService-0x00007ccbed3ff640|[P2PService][Service][METRIC]heartBeat,connected count=3
info|2025-12-14 14:09:58.348284|objMonitor-0x00007ccbc67ff640|[startMonitor][AliveObjectMonitor],AliveObjectAllocStat=[ type: bcos::gateway::Socket ,created: 9 ,destroyed: 5 ,alive: 4 ] 
info|2025-12-14 14:09:59.531795|timerFactory-0x00007ccbd95ff640|[RPC][WS][SERVICE]connected nodes,count=0
info|2025-12-14 14:10:00.247935|ioService-0x00007ccbed3ff640|[P2PService][Service][METRIC]heartBeat,connected count=3
info|2025-12-14 14:10:09.531824|timerFactory-0x00007ccbd95ff640|[RPC][WS][SERVICE]connected nodes,count=0
info|2025-12-14 14:10:10.248090|ioService-0x00007ccbed3ff640|[P2PService][Service][METRIC]heartBeat,connected count=3
info|2025-12-14 14:10:19.531951|timerFactory-0x00007ccbd95ff640|[RPC][WS][SERVICE]connected nodes,count=0
info|2025-12-14 14:10:20.248180|ioService-0x00007ccbed3ff640|[P2PService][Service][METRIC]heartBeat,connected count=3
info|2025-12-14 14:10:29.532131|timerFactory-0x00007ccbd95ff640|[RPC][WS][SERVICE]connected nodes,count=0
info|2025-12-14 14:10:30.248209|ioService-0x00007ccbed3ff640|[P2PService][Service][METRIC]heartBeat,connected count=3
info|2025-12-14 14:10:39.532214|timerFactory-0x00007ccbd95ff640|[RPC][WS][SERVICE]connected nodes,count=0
info|2025-12-14 14:10:40.248425|ioService-0x00007ccbed3ff640|[P2PService][Service][METRIC]heartBeat,connected count=3
info|2025-12-14 14:10:49.532349|timerFactory-0x00007ccbd95ff640|[RPC][WS][SERVICE]connected nodes,count=0
info|2025-12-14 14:10:50.248454|ioService-0x00007ccbed3ff640|[P2PService][Service][METRIC]heartBeat,connected count=3
info|2025-12-14 14:10:58.348355|objMonitor-0x00007ccbc67ff640|[startMonitor][AliveObjectMonitor],AliveObjectAllocStat=[ type: bcos::gateway::Socket ,created: 9 ,destroyed: 5 ,alive: 4 ] 
info|2025-12-14 14:10:59.532381|timerFactory-0x00007ccbd95ff640|[RPC][WS][SERVICE]connected nodes,count=0
info|2025-12-14 14:11:00.248534|ioService-0x00007ccbed3ff640|[P2PService][Service][METRIC]heartBeat,connected count=3
info|2025-12-14 14:11:09.532467|timerFactory-0x00007ccbd95ff640|[RPC][WS][SERVICE]connected nodes,count=0
info|2025-12-14 14:11:10.248562|ioService-0x00007ccbed3ff640|[P2PService][Service][METRIC]heartBeat,connected count=3
info|2025-12-14 14:11:19.532551|timerFactory-0x00007ccbd95ff640|[RPC][WS][SERVICE]connected nodes,count=0
info|2025-12-14 14:11:20.248654|ioService-0x00007ccbed3ff640|[P2PService][Service][METRIC]heartBeat,connected count=3
info|2025-12-14 14:11:29.532616|timerFactory-0x00007ccbd95ff640|[RPC][WS][SERVICE]connected nodes,count=0
info|2025-12-14 14:11:30.248719|ioService-0x00007ccbed3ff640|[P2PService][Service][METRIC]heartBeat,connected count=3
info|2025-12-14 14:11:39.532647|timerFactory-0x00007ccbd95ff640|[RPC][WS][SERVICE]connected nodes,count=0
info|2025-12-14 14:11:40.248752|ioService-0x00007ccbed3ff640|[P2PService][Service][METRIC]heartBeat,connected count=3
info|2025-12-14 14:11:49.532680|timerFactory-0x00007ccbd95ff640|[RPC][WS][SERVICE]connected nodes,count=0
info|2025-12-14 14:11:50.248904|ioService-0x00007ccbed3ff640|[P2PService][Service][METRIC]heartBeat,connected count=3
info|2025-12-14 14:11:58.348401|objMonitor-0x00007ccbc67ff640|[startMonitor][AliveObjectMonitor],AliveObjectAllocStat=[ type: bcos::gateway::Socket ,created: 9 ,destroyed: 5 ,alive: 4 ] 
info|2025-12-14 14:11:59.532760|timerFactory-0x00007ccbd95ff640|[RPC][WS][SERVICE]connected nodes,count=0
info|2025-12-14 14:12:00.248927|ioService-0x00007ccbed3ff640|[P2PService][Service][METRIC]heartBeat,connected count=3
info|2025-12-14 14:12:09.532826|timerFactory-0x00007ccbd95ff640|[RPC][WS][SERVICE]connected nodes,count=0
info|2025-12-14 14:12:10.248946|ioService-0x00007ccbed3ff640|[P2PService][Service][METRIC]heartBeat,connected count=3
info|2025-12-14 14:12:19.532988|timerFactory-0x00007ccbd95ff640|[RPC][WS][SERVICE]connected nodes,count=0
info|2025-12-14 14:12:20.249005|ioService-0x00007ccbed3ff640|[P2PService][Service][METRIC]heartBeat,connected count=3
info|2025-12-14 14:12:29.533097|timerFactory-0x00007ccbd95ff640|[RPC][WS][SERVICE]connected nodes,count=0
info|2025-12-14 14:12:30.249067|ioService-0x00007ccbed3ff640|[P2PService][Service][METRIC]heartBeat,connected count=3
info|2025-12-14 14:12:39.533256|timerFactory-0x00007ccbd95ff640|[RPC][WS][SERVICE]connected nodes,count=0
info|2025-12-14 14:12:40.249098|ioService-0x00007ccbed3ff640|[P2PService][Service][METRIC]heartBeat,connected count=3
info|2025-12-14 14:12:49.533326|timerFactory-0x00007ccbd95ff640|[RPC][WS][SERVICE]connected nodes,count=0
info|2025-12-14 14:12:50.249206|ioService-0x00007ccbed3ff640|[P2PService][Service][METRIC]heartBeat,connected count=3
info|2025-12-14 14:12:58.348451|objMonitor-0x00007ccbc67ff640|[startMonitor][AliveObjectMonitor],AliveObjectAllocStat=[ type: bcos::gateway::Socket ,created: 9 ,destroyed: 5 ,alive: 4 ] 
info|2025-12-14 14:12:59.533357|timerFactory-0x00007ccbd95ff640|[RPC][WS][SERVICE]connected nodes,count=0
info|2025-12-14 14:13:00.249280|ioService-0x00007ccbed3ff640|[P2PService][Service][METRIC]heartBeat,connected count=3
info|2025-12-14 14:13:09.533389|timerFactory-0x00007ccbd95ff640|[RPC][WS][SERVICE]connected nodes,count=0
info|2025-12-14 14:13:10.249336|ioService-0x00007ccbed3ff640|[P2PService][Service][METRIC]heartBeat,connected count=3
info|2025-12-14 14:13:19.533443|timerFactory-0x00007ccbd95ff640|[RPC][WS][SERVICE]connected nodes,count=0
info|2025-12-14 14:13:20.249374|ioService-0x00007ccbed3ff640|[P2PService][Service][METRIC]heartBeat,connected count=3
info|2025-12-14 14:13:29.533492|timerFactory-0x00007ccbd95ff640|[RPC][WS][SERVICE]connected nodes,count=0
info|2025-12-14 14:13:30.249444|ioService-0x00007ccbed3ff640|[P2PService][Service][METRIC]heartBeat,connected count=3
info|2025-12-14 14:13:39.533543|timerFactory-0x00007ccbd95ff640|[RPC][WS][SERVICE]connected nodes,count=0
info|2025-12-14 14:13:40.249523|ioService-0x00007ccbed3ff640|[P2PService][Service][METRIC]heartBeat,connected count=3
info|2025-12-14 14:13:49.533616|timerFactory-0x00007ccbd95ff640|[RPC][WS][SERVICE]connected nodes,count=0
info|2025-12-14 14:13:50.249679|ioService-0x00007ccbed3ff640|[P2PService][Service][METRIC]heartBeat,connected count=3
info|2025-12-14 14:13:58.348489|objMonitor-0x00007ccbc67ff640|[startMonitor][AliveObjectMonitor],AliveObjectAllocStat=[ type: bcos::gateway::Socket ,created: 9 ,destroyed: 5 ,alive: 4 ] 
info|2025-12-14 14:13:59.533666|timerFactory-0x00007ccbd95ff640|[RPC][WS][SERVICE]connected nodes,count=0
info|2025-12-14 14:14:00.249781|ioService-0x00007ccbed3ff640|[P2PService][Service][METRIC]heartBeat,connected count=3
info|2025-12-14 14:14:09.533689|timerFactory-0x00007ccbd95ff640|[RPC][WS][SERVICE]connected nodes,count=0
info|2025-12-14 14:14:10.249830|ioService-0x00007ccbed3ff640|[P2PService][Service][METRIC]heartBeat,connected count=3
info|2025-12-14 14:14:19.533711|timerFactory-0x00007ccbd95ff640|[RPC][WS][SERVICE]connected nodes,count=0
info|2025-12-14 14:14:20.250073|ioService-0x00007ccbed3ff640|[P2PService][Service][METRIC]heartBeat,connected count=3
info|2025-12-14 14:14:29.533774|timerFactory-0x00007ccbd95ff640|[RPC][WS][SERVICE]connected nodes,count=0
info|2025-12-14 14:14:30.250155|ioService-0x00007ccbed3ff640|[P2PService][Service][METRIC]heartBeat,connected count=3
info|2025-12-14 14:14:39.533854|timerFactory-0x00007ccbd95ff640|[RPC][WS][SERVICE]connected nodes,count=0
info|2025-12-14 14:14:40.250236|ioService-0x00007ccbed3ff640|[P2PService][Service][METRIC]heartBeat,connected count=3
info|2025-12-14 14:14:49.533912|timerFactory-0x00007ccbd95ff640|[RPC][WS][SERVICE]connected nodes,count=0
info|2025-12-14 14:14:50.250262|ioService-0x00007ccbed3ff640|[P2PService][Service][METRIC]heartBeat,connected count=3
info|2025-12-14 14:14:58.348532|objMonitor-0x00007ccbc67ff640|[startMonitor][AliveObjectMonitor],AliveObjectAllocStat=[ type: bcos::gateway::Socket ,created: 9 ,destroyed: 5 ,alive: 4 ] 
info|2025-12-14 14:14:59.533934|timerFactory-0x00007ccbd95ff640|[RPC][WS][SERVICE]connected nodes,count=0
info|2025-12-14 14:15:00.250313|ioService-0x00007ccbed3ff640|[P2PService][Service][METRIC]heartBeat,connected count=3
info|2025-12-14 14:15:09.533979|timerFactory-0x00007ccbd95ff640|[RPC][WS][SERVICE]connected nodes,count=0
info|2025-12-14 14:15:10.250392|ioService-0x00007ccbed3ff640|[P2PService][Service][METRIC]heartBeat,connected count=3
info|2025-12-14 14:15:19.534136|timerFactory-0x00007ccbd95ff640|[RPC][WS][SERVICE]connected nodes,count=0
info|2025-12-14 14:15:20.250496|ioService-0x00007ccbed3ff640|[P2PService][Service][METRIC]heartBeat,connected count=3
info|2025-12-14 14:15:29.534217|timerFactory-0x00007ccbd95ff640|[RPC][WS][SERVICE]connected nodes,count=0
info|2025-12-14 14:15:30.250514|ioService-0x00007ccbed3ff640|[P2PService][Service][METRIC]heartBeat,connected count=3
info|2025-12-14 14:15:39.534239|timerFactory-0x00007ccbd95ff640|[RPC][WS][SERVICE]connected nodes,count=0
info|2025-12-14 14:15:40.250530|ioService-0x00007ccbed3ff640|[P2PService][Service][METRIC]heartBeat,connected count=3
info|2025-12-14 14:15:49.534260|timerFactory-0x00007ccbd95ff640|[RPC][WS][SERVICE]connected nodes,count=0
info|2025-12-14 14:15:50.250551|ioService-0x00007ccbed3ff640|[P2PService][Service][METRIC]heartBeat,connected count=3
info|2025-12-14 14:15:58.348579|objMonitor-0x00007ccbc67ff640|[startMonitor][AliveObjectMonitor],AliveObjectAllocStat=[ type: bcos::gateway::Socket ,created: 9 ,destroyed: 5 ,alive: 4 ] 
info|2025-12-14 14:15:59.534285|timerFactory-0x00007ccbd95ff640|[RPC][WS][SERVICE]connected nodes,count=0
info|2025-12-14 14:16:00.250616|ioService-0x00007ccbed3ff640|[P2PService][Service][METRIC]heartBeat,connected count=3
info|2025-12-14 14:16:09.534323|timerFactory-0x00007ccbd95ff640|[RPC][WS][SERVICE]connected nodes,count=0
info|2025-12-14 14:16:10.250692|ioService-0x00007ccbed3ff640|[P2PService][Service][METRIC]heartBeat,connected count=3
info|2025-12-14 14:16:19.534347|timerFactory-0x00007ccbd95ff640|[RPC][WS][SERVICE]connected nodes,count=0
info|2025-12-14 14:16:20.250730|ioService-0x00007ccbed3ff640|[P2PService][Service][METRIC]heartBeat,connected count=3
info|2025-12-14 14:16:29.534371|timerFactory-0x00007ccbd95ff640|[RPC][WS][SERVICE]connected nodes,count=0
info|2025-12-14 14:16:30.250752|ioService-0x00007ccbed3ff640|[P2PService][Service][METRIC]heartBeat,connected count=3
info|2025-12-14 14:16:39.534389|timerFactory-0x00007ccbd95ff640|[RPC][WS][SERVICE]connected nodes,count=0
info|2025-12-14 14:16:40.250828|ioService-0x00007ccbed3ff640|[P2PService][Service][METRIC]heartBeat,connected count=3
info|2025-12-14 14:16:49.534406|timerFactory-0x00007ccbd95ff640|[RPC][WS][SERVICE]connected nodes,count=0
info|2025-12-14 14:16:50.250951|ioService-0x00007ccbed3ff640|[P2PService][Service][METRIC]heartBeat,connected count=3
info|2025-12-14 14:16:58.348628|objMonitor-0x00007ccbc67ff640|[startMonitor][AliveObjectMonitor],AliveObjectAllocStat=[ type: bcos::gateway::Socket ,created: 9 ,destroyed: 5 ,alive: 4 ] 
info|2025-12-14 14:16:59.534425|timerFactory-0x00007ccbd95ff640|[RPC][WS][SERVICE]connected nodes,count=0
info|2025-12-14 14:17:00.251111|ioService-0x00007ccbed3ff640|[P2PService][Service][METRIC]heartBeat,connected count=3
info|2025-12-14 14:17:09.534472|timerFactory-0x00007ccbd95ff640|[RPC][WS][SERVICE]connected nodes,count=0
info|2025-12-14 14:17:10.251180|ioService-0x00007ccbed3ff640|[P2PService][Service][METRIC]heartBeat,connected count=3
info|2025-12-14 14:17:19.534527|timerFactory-0x00007ccbd95ff640|[RPC][WS][SERVICE]connected nodes,count=0
info|2025-12-14 14:17:20.251201|ioService-0x00007ccbed3ff640|[P2PService][Service][METRIC]heartBeat,connected count=3
info|2025-12-14 14:17:29.534551|timerFactory-0x00007ccbd95ff640|[RPC][WS][SERVICE]connected nodes,count=0
info|2025-12-14 14:17:30.251318|ioService-0x00007ccbed3ff640|[P2PService][Service][METRIC]heartBeat,connected count=3
info|2025-12-14 14:17:39.534612|timerFactory-0x00007ccbd95ff640|[RPC][WS][SERVICE]connected nodes,count=0
info|2025-12-14 14:17:40.251390|ioService-0x00007ccbed3ff640|[P2PService][Service][METRIC]heartBeat,connected count=3
info|2025-12-14 14:17:49.534631|timerFactory-0x00007ccbd95ff640|[RPC][WS][SERVICE]connected nodes,count=0
info|2025-12-14 14:17:50.251447|ioService-0x00007ccbed3ff640|[P2PService][Service][METRIC]heartBeat,connected count=3
info|2025-12-14 14:17:58.348672|objMonitor-0x00007ccbc67ff640|[startMonitor][AliveObjectMonitor],AliveObjectAllocStat=[ type: bcos::gateway::Socket ,created: 9 ,destroyed: 5 ,alive: 4 ] 
info|2025-12-14 14:17:59.534653|timerFactory-0x00007ccbd95ff640|[RPC][WS][SERVICE]connected nodes,count=0
info|2025-12-14 14:18:00.251547|ioService-0x00007ccbed3ff640|[P2PService][Service][METRIC]heartBeat,connected count=3
info|2025-12-14 14:18:09.534739|timerFactory-0x00007ccbd95ff640|[RPC][WS][SERVICE]connected nodes,count=0
info|2025-12-14 14:18:10.251681|ioService-0x00007ccbed3ff640|[P2PService][Service][METRIC]heartBeat,connected count=3
info|2025-12-14 14:18:19.534800|timerFactory-0x00007ccbd95ff640|[RPC][WS][SERVICE]connected nodes,count=0
info|2025-12-14 14:18:20.251702|ioService-0x00007ccbed3ff640|[P2PService][Service][METRIC]heartBeat,connected count=3
info|2025-12-14 14:18:29.534823|timerFactory-0x00007ccbd95ff640|[RPC][WS][SERVICE]connected nodes,count=0
info|2025-12-14 14:18:30.251727|ioService-0x00007ccbed3ff640|[P2PService][Service][METRIC]heartBeat,connected count=3
info|2025-12-14 14:18:39.534845|timerFactory-0x00007ccbd95ff640|[RPC][WS][SERVICE]connected nodes,count=0
info|2025-12-14 14:18:40.251749|ioService-0x00007ccbed3ff640|[P2PService][Service][METRIC]heartBeat,connected count=3
info|2025-12-14 14:18:49.534866|timerFactory-0x00007ccbd95ff640|[RPC][WS][SERVICE]connected nodes,count=0
info|2025-12-14 14:18:50.251774|ioService-0x00007ccbed3ff640|[P2PService][Service][METRIC]heartBeat,connected count=3
info|2025-12-14 14:18:58.348715|objMonitor-0x00007ccbc67ff640|[startMonitor][AliveObjectMonitor],AliveObjectAllocStat=[ type: bcos::gateway::Socket ,created: 9 ,destroyed: 5 ,alive: 4 ] 
info|2025-12-14 14:18:59.534933|timerFactory-0x00007ccbd95ff640|[RPC][WS][SERVICE]connected nodes,count=0
info|2025-12-14 14:19:00.251841|ioService-0x00007ccbed3ff640|[P2PService][Service][METRIC]heartBeat,connected count=3
info|2025-12-14 14:19:09.534955|timerFactory-0x00007ccbd95ff640|[RPC][WS][SERVICE]connected nodes,count=0
info|2025-12-14 14:19:10.251904|ioService-0x00007ccbed3ff640|[P2PService][Service][METRIC]heartBeat,connected count=3
info|2025-12-14 14:19:19.534975|timerFactory-0x00007ccbd95ff640|[RPC][WS][SERVICE]connected nodes,count=0
info|2025-12-14 14:19:20.252029|ioService-0x00007ccbed3ff640|[P2PService][Service][METRIC]heartBeat,connected count=3
info|2025-12-14 14:19:29.535026|timerFactory-0x00007ccbd95ff640|[RPC][WS][SERVICE]connected nodes,count=0
info|2025-12-14 14:19:30.252109|ioService-0x00007ccbed3ff640|[P2PService][Service][METRIC]heartBeat,connected count=3
info|2025-12-14 14:19:39.535099|timerFactory-0x00007ccbd95ff640|[RPC][WS][SERVICE]connected nodes,count=0
info|2025-12-14 14:19:40.252132|ioService-0x00007ccbed3ff640|[P2PService][Service][METRIC]heartBeat,connected count=3
info|2025-12-14 14:19:49.535194|timerFactory-0x00007ccbd95ff640|[RPC][WS][SERVICE]connected nodes,count=0
info|2025-12-14 14:19:50.252281|ioService-0x00007ccbed3ff640|[P2PService][Service][METRIC]heartBeat,connected count=3
info|2025-12-14 14:19:58.348762|objMonitor-0x00007ccbc67ff640|[startMonitor][AliveObjectMonitor],AliveObjectAllocStat=[ type: bcos::gateway::Socket ,created: 9 ,destroyed: 5 ,alive: 4 ] 
info|2025-12-14 14:19:59.535299|timerFactory-0x00007ccbd95ff640|[RPC][WS][SERVICE]connected nodes,count=0
info|2025-12-14 14:20:00.252371|ioService-0x00007ccbed3ff640|[P2PService][Service][METRIC]heartBeat,connected count=3
info|2025-12-14 14:20:09.535319|timerFactory-0x00007ccbd95ff640|[RPC][WS][SERVICE]connected nodes,count=0
info|2025-12-14 14:20:10.252399|ioService-0x00007ccbed3ff640|[P2PService][Service][METRIC]heartBeat,connected count=3
info|2025-12-14 14:20:19.535361|timerFactory-0x00007ccbd95ff640|[RPC][WS][SERVICE]connected nodes,count=0
info|2025-12-14 14:20:20.252462|ioService-0x00007ccbed3ff640|[P2PService][Service][METRIC]heartBeat,connected count=3
info|2025-12-14 14:20:29.535411|timerFactory-0x00007ccbd95ff640|[RPC][WS][SERVICE]connected nodes,count=0
info|2025-12-14 14:20:30.252599|ioService-0x00007ccbed3ff640|[P2PService][Service][METRIC]heartBeat,connected count=3
info|2025-12-14 14:20:39.535480|timerFactory-0x00007ccbd95ff640|[RPC][WS][SERVICE]connected nodes,count=0
info|2025-12-14 14:20:40.252693|ioService-0x00007ccbed3ff640|[P2PService][Service][METRIC]heartBeat,connected count=3
info|2025-12-14 14:20:49.535500|timerFactory-0x00007ccbd95ff640|[RPC][WS][SERVICE]connected nodes,count=0
info|2025-12-14 14:20:50.252720|ioService-0x00007ccbed3ff640|[P2PService][Service][METRIC]heartBeat,connected count=3
info|2025-12-14 14:20:58.348885|objMonitor-0x00007ccbc67ff640|[startMonitor][AliveObjectMonitor],AliveObjectAllocStat=[ type: bcos::gateway::Socket ,created: 9 ,destroyed: 5 ,alive: 4 ] 
info|2025-12-14 14:20:59.535548|timerFactory-0x00007ccbd95ff640|[RPC][WS][SERVICE]connected nodes,count=0
info|2025-12-14 14:21:00.252778|ioService-0x00007ccbed3ff640|[P2PService][Service][METRIC]heartBeat,connected count=3
info|2025-12-14 14:21:09.535599|timerFactory-0x00007ccbd95ff640|[RPC][WS][SERVICE]connected nodes,count=0
info|2025-12-14 14:21:10.252848|ioService-0x00007ccbed3ff640|[P2PService][Service][METRIC]heartBeat,connected count=3
info|2025-12-14 14:21:19.535616|timerFactory-0x00007ccbd95ff640|[RPC][WS][SERVICE]connected nodes,count=0
info|2025-12-14 14:21:20.252928|ioService-0x00007ccbed3ff640|[P2PService][Service][METRIC]heartBeat,connected count=3
info|2025-12-14 14:21:29.535690|timerFactory-0x00007ccbd95ff640|[RPC][WS][SERVICE]connected nodes,count=0
info|2025-12-14 14:21:30.252994|ioService-0x00007ccbed3ff640|[P2PService][Service][METRIC]heartBeat,connected count=3
info|2025-12-14 14:21:39.535710|timerFactory-0x00007ccbd95ff640|[RPC][WS][SERVICE]connected nodes,count=0
info|2025-12-14 14:21:40.253096|ioService-0x00007ccbed3ff640|[P2PService][Service][METRIC]heartBeat,connected count=3
info|2025-12-14 14:21:49.535773|timerFactory-0x00007ccbd95ff640|[RPC][WS][SERVICE]connected nodes,count=0
info|2025-12-14 14:21:50.253125|ioService-0x00007ccbed3ff640|[P2PService][Service][METRIC]heartBeat,connected count=3
info|2025-12-14 14:21:58.349043|objMonitor-0x00007ccbc67ff640|[startMonitor][AliveObjectMonitor],AliveObjectAllocStat=[ type: bcos::gateway::Socket ,created: 9 ,destroyed: 5 ,alive: 4 ] 
info|2025-12-14 14:21:59.535824|timerFactory-0x00007ccbd95ff640|[RPC][WS][SERVICE]connected nodes,count=0
info|2025-12-14 14:22:00.253229|ioService-0x00007ccbed3ff640|[P2PService][Service][METRIC]heartBeat,connected count=3
info|2025-12-14 14:22:09.535894|timerFactory-0x00007ccbd95ff640|[RPC][WS][SERVICE]connected nodes,count=0
info|2025-12-14 14:22:10.253290|ioService-0x00007ccbed3ff640|[P2PService][Service][METRIC]heartBeat,connected count=3
info|2025-12-14 14:22:19.535946|timerFactory-0x00007ccbd95ff640|[RPC][WS][SERVICE]connected nodes,count=0
info|2025-12-14 14:22:20.253377|ioService-0x00007ccbed3ff640|[P2PService][Service][METRIC]heartBeat,connected count=3
info|2025-12-14 14:22:29.535978|timerFactory-0x00007ccbd95ff640|[RPC][WS][SERVICE]connected nodes,count=0
info|2025-12-14 14:22:30.253401|ioService-0x00007ccbed3ff640|[P2PService][Service][METRIC]heartBeat,connected count=3
info|2025-12-14 14:22:39.536041|timerFactory-0x00007ccbd95ff640|[RPC][WS][SERVICE]connected nodes,count=0
info|2025-12-14 14:22:40.253427|ioService-0x00007ccbed3ff640|[P2PService][Service][METRIC]heartBeat,connected count=3
info|2025-12-14 14:22:49.536103|timerFactory-0x00007ccbd95ff640|[RPC][WS][SERVICE]connected nodes,count=0
info|2025-12-14 14:22:50.253448|ioService-0x00007ccbed3ff640|[P2PService][Service][METRIC]heartBeat,connected count=3
info|2025-12-14 14:22:58.349091|objMonitor-0x00007ccbc67ff640|[startMonitor][AliveObjectMonitor],AliveObjectAllocStat=[ type: bcos::gateway::Socket ,created: 9 ,destroyed: 5 ,alive: 4 ] 
info|2025-12-14 14:22:59.536148|timerFactory-0x00007ccbd95ff640|[RPC][WS][SERVICE]connected nodes,count=0
info|2025-12-14 14:23:00.253578|ioService-0x00007ccbed3ff640|[P2PService][Service][METRIC]heartBeat,connected count=3
info|2025-12-14 14:23:09.536181|timerFactory-0x00007ccbd95ff640|[RPC][WS][SERVICE]connected nodes,count=0
info|2025-12-14 14:23:10.253718|ioService-0x00007ccbed3ff640|[P2PService][Service][METRIC]heartBeat,connected count=3
info|2025-12-14 14:23:19.536203|timerFactory-0x00007ccbd95ff640|[RPC][WS][SERVICE]connected nodes,count=0
info|2025-12-14 14:23:20.253840|ioService-0x00007ccbed3ff640|[P2PService][Service][METRIC]heartBeat,connected count=3
info|2025-12-14 14:23:29.536250|timerFactory-0x00007ccbd95ff640|[RPC][WS][SERVICE]connected nodes,count=0
info|2025-12-14 14:23:30.253903|ioService-0x00007ccbed3ff640|[P2PService][Service][METRIC]heartBeat,connected count=3
info|2025-12-14 14:23:39.536298|timerFactory-0x00007ccbd95ff640|[RPC][WS][SERVICE]connected nodes,count=0
info|2025-12-14 14:23:40.253925|ioService-0x00007ccbed3ff640|[P2PService][Service][METRIC]heartBeat,connected count=3
info|2025-12-14 14:23:49.536315|timerFactory-0x00007ccbd95ff640|[RPC][WS][SERVICE]connected nodes,count=0
info|2025-12-14 14:23:50.253993|ioService-0x00007ccbed3ff640|[P2PService][Service][METRIC]heartBeat,connected count=3
info|2025-12-14 14:23:58.349255|objMonitor-0x00007ccbc67ff640|[startMonitor][AliveObjectMonitor],AliveObjectAllocStat=[ type: bcos::gateway::Socket ,created: 9 ,destroyed: 5 ,alive: 4 ] 
info|2025-12-14 14:23:59.536333|timerFactory-0x00007ccbd95ff640|[RPC][WS][SERVICE]connected nodes,count=0
info|2025-12-14 14:24:00.254015|ioService-0x00007ccbed3ff640|[P2PService][Service][METRIC]heartBeat,connected count=3
info|2025-12-14 14:24:09.536352|timerFactory-0x00007ccbd95ff640|[RPC][WS][SERVICE]connected nodes,count=0
info|2025-12-14 14:24:10.254036|ioService-0x00007ccbed3ff640|[P2PService][Service][METRIC]heartBeat,connected count=3
info|2025-12-14 14:24:19.536373|timerFactory-0x00007ccbd95ff640|[RPC][WS][SERVICE]connected nodes,count=0
info|2025-12-14 14:24:20.254122|ioService-0x00007ccbed3ff640|[P2PService][Service][METRIC]heartBeat,connected count=3
info|2025-12-14 14:24:29.536393|timerFactory-0x00007ccbd95ff640|[RPC][WS][SERVICE]connected nodes,count=0
info|2025-12-14 14:24:30.254229|ioService-0x00007ccbed3ff640|[P2PService][Service][METRIC]heartBeat,connected count=3
info|2025-12-14 14:24:39.536442|timerFactory-0x00007ccbd95ff640|[RPC][WS][SERVICE]connected nodes,count=0
info|2025-12-14 14:24:40.254301|ioService-0x00007ccbed3ff640|[P2PService][Service][METRIC]heartBeat,connected count=3
info|2025-12-14 14:24:49.536491|timerFactory-0x00007ccbd95ff640|[RPC][WS][SERVICE]connected nodes,count=0
info|2025-12-14 14:24:50.254426|ioService-0x00007ccbed3ff640|[P2PService][Service][METRIC]heartBeat,connected count=3
info|2025-12-14 14:24:58.349319|objMonitor-0x00007ccbc67ff640|[startMonitor][AliveObjectMonitor],AliveObjectAllocStat=[ type: bcos::gateway::Socket ,created: 9 ,destroyed: 5 ,alive: 4 ] 
info|2025-12-14 14:24:59.536507|timerFactory-0x00007ccbd95ff640|[RPC][WS][SERVICE]connected nodes,count=0
info|2025-12-14 14:25:00.254451|ioService-0x00007ccbed3ff640|[P2PService][Service][METRIC]heartBeat,connected count=3
info|2025-12-14 14:25:09.536524|timerFactory-0x00007ccbd95ff640|[RPC][WS][SERVICE]connected nodes,count=0
info|2025-12-14 14:25:10.254512|ioService-0x00007ccbed3ff640|[P2PService][Service][METRIC]heartBeat,connected count=3
info|2025-12-14 14:25:19.536542|timerFactory-0x00007ccbd95ff640|[RPC][WS][SERVICE]connected nodes,count=0
info|2025-12-14 14:25:20.254583|ioService-0x00007ccbed3ff640|[P2PService][Service][METRIC]heartBeat,connected count=3
info|2025-12-14 14:25:29.536590|timerFactory-0x00007ccbd95ff640|[RPC][WS][SERVICE]connected nodes,count=0
info|2025-12-14 14:25:30.254669|ioService-0x00007ccbed3ff640|[P2PService][Service][METRIC]heartBeat,connected count=3
info|2025-12-14 14:25:39.536667|timerFactory-0x00007ccbd95ff640|[RPC][WS][SERVICE]connected nodes,count=0
info|2025-12-14 14:25:40.254706|ioService-0x00007ccbed3ff640|[P2PService][Service][METRIC]heartBeat,connected count=3
info|2025-12-14 14:25:49.536714|timerFactory-0x00007ccbd95ff640|[RPC][WS][SERVICE]connected nodes,count=0
info|2025-12-14 14:25:50.254837|ioService-0x00007ccbed3ff640|[P2PService][Service][METRIC]heartBeat,connected count=3
info|2025-12-14 14:25:58.349462|objMonitor-0x00007ccbc67ff640|[startMonitor][AliveObjectMonitor],AliveObjectAllocStat=[ type: bcos::gateway::Socket ,created: 9 ,destroyed: 5 ,alive: 4 ] 
info|2025-12-14 14:25:59.536787|timerFactory-0x00007ccbd95ff640|[RPC][WS][SERVICE]connected nodes,count=0
info|2025-12-14 14:26:00.254927|ioService-0x00007ccbed3ff640|[P2PService][Service][METRIC]heartBeat,connected count=3
info|2025-12-14 14:26:09.536880|timerFactory-0x00007ccbd95ff640|[RPC][WS][SERVICE]connected nodes,count=0
info|2025-12-14 14:26:10.255024|ioService-0x00007ccbed3ff640|[P2PService][Service][METRIC]heartBeat,connected count=3
info|2025-12-14 14:26:19.536899|timerFactory-0x00007ccbd95ff640|[RPC][WS][SERVICE]connected nodes,count=0
info|2025-12-14 14:26:20.255053|ioService-0x00007ccbed3ff640|[P2PService][Service][METRIC]heartBeat,connected count=3
info|2025-12-14 14:26:29.536926|timerFactory-0x00007ccbd95ff640|[RPC][WS][SERVICE]connected nodes,count=0
info|2025-12-14 14:26:30.255077|ioService-0x00007ccbed3ff640|[P2PService][Service][METRIC]heartBeat,connected count=3
info|2025-12-14 14:26:39.536985|timerFactory-0x00007ccbd95ff640|[RPC][WS][SERVICE]connected nodes,count=0
info|2025-12-14 14:26:40.255279|ioService-0x00007ccbed3ff640|[P2PService][Service][METRIC]heartBeat,connected count=3
info|2025-12-14 14:26:49.537006|timerFactory-0x00007ccbd95ff640|[RPC][WS][SERVICE]connected nodes,count=0
info|2025-12-14 14:26:50.255358|ioService-0x00007ccbed3ff640|[P2PService][Service][METRIC]heartBeat,connected count=3
info|2025-12-14 14:26:58.349586|objMonitor-0x00007ccbc67ff640|[startMonitor][AliveObjectMonitor],AliveObjectAllocStat=[ type: bcos::gateway::Socket ,created: 9 ,destroyed: 5 ,alive: 4 ] 
info|2025-12-14 14:26:59.537059|timerFactory-0x00007ccbd95ff640|[RPC][WS][SERVICE]connected nodes,count=0
info|2025-12-14 14:27:00.255385|ioService-0x00007ccbed3ff640|[P2PService][Service][METRIC]heartBeat,connected count=3
info|2025-12-14 14:27:09.537109|timerFactory-0x00007ccbd95ff640|[RPC][WS][SERVICE]connected nodes,count=0
info|2025-12-14 14:27:10.255446|ioService-0x00007ccbed3ff640|[P2PService][Service][METRIC]heartBeat,connected count=3
info|2025-12-14 14:27:19.537182|timerFactory-0x00007ccbd95ff640|[RPC][WS][SERVICE]connected nodes,count=0
info|2025-12-14 14:27:20.255522|ioService-0x00007ccbed3ff640|[P2PService][Service][METRIC]heartBeat,connected count=3
info|2025-12-14 14:27:29.537239|timerFactory-0x00007ccbd95ff640|[RPC][WS][SERVICE]connected nodes,count=0
info|2025-12-14 14:27:30.255608|ioService-0x00007ccbed3ff640|[P2PService][Service][METRIC]heartBeat,connected count=3
info|2025-12-14 14:27:39.537263|timerFactory-0x00007ccbd95ff640|[RPC][WS][SERVICE]connected nodes,count=0
info|2025-12-14 14:27:40.255694|ioService-0x00007ccbed3ff640|[P2PService][Service][METRIC]heartBeat,connected count=3
info|2025-12-14 14:27:49.537320|timerFactory-0x00007ccbd95ff640|[RPC][WS][SERVICE]connected nodes,count=0
info|2025-12-14 14:27:50.255784|ioService-0x00007ccbed3ff640|[P2PService][Service][METRIC]heartBeat,connected count=3
info|2025-12-14 14:27:58.349631|objMonitor-0x00007ccbc67ff640|[startMonitor][AliveObjectMonitor],AliveObjectAllocStat=[ type: bcos::gateway::Socket ,created: 9 ,destroyed: 5 ,alive: 4 ] 
info|2025-12-14 14:27:59.537345|timerFactory-0x00007ccbd95ff640|[RPC][WS][SERVICE]connected nodes,count=0
info|2025-12-14 14:28:00.255856|ioService-0x00007ccbed3ff640|[P2PService][Service][METRIC]heartBeat,connected count=3
info|2025-12-14 14:28:09.537373|timerFactory-0x00007ccbd95ff640|[RPC][WS][SERVICE]connected nodes,count=0
info|2025-12-14 14:28:10.255910|ioService-0x00007ccbed3ff640|[P2PService][Service][METRIC]heartBeat,connected count=3
info|2025-12-14 14:28:19.537394|timerFactory-0x00007ccbd95ff640|[RPC][WS][SERVICE]connected nodes,count=0
info|2025-12-14 14:28:20.255950|ioService-0x00007ccbed3ff640|[P2PService][Service][METRIC]heartBeat,connected count=3
info|2025-12-14 14:28:29.537415|timerFactory-0x00007ccbd95ff640|[RPC][WS][SERVICE]connected nodes,count=0
info|2025-12-14 14:28:30.255992|ioService-0x00007ccbed3ff640|[P2PService][Service][METRIC]heartBeat,connected count=3
info|2025-12-14 14:28:39.537434|timerFactory-0x00007ccbd95ff640|[RPC][WS][SERVICE]connected nodes,count=0
info|2025-12-14 14:28:40.256058|ioService-0x00007ccbed3ff640|[P2PService][Service][METRIC]heartBeat,connected count=3
info|2025-12-14 14:28:49.537452|timerFactory-0x00007ccbd95ff640|[RPC][WS][SERVICE]connected nodes,count=0
info|2025-12-14 14:28:50.256115|ioService-0x00007ccbed3ff640|[P2PService][Service][METRIC]heartBeat,connected count=3
info|2025-12-14 14:28:58.349678|objMonitor-0x00007ccbc67ff640|[startMonitor][AliveObjectMonitor],AliveObjectAllocStat=[ type: bcos::gateway::Socket ,created: 9 ,destroyed: 5 ,alive: 4 ] 
info|2025-12-14 14:28:59.537523|timerFactory-0x00007ccbd95ff640|[RPC][WS][SERVICE]connected nodes,count=0
info|2025-12-14 14:29:00.256144|ioService-0x00007ccbed3ff640|[P2PService][Service][METRIC]heartBeat,connected count=3
info|2025-12-14 14:29:09.537570|timerFactory-0x00007ccbd95ff640|[RPC][WS][SERVICE]connected nodes,count=0
info|2025-12-14 14:29:10.256245|ioService-0x00007ccbed3ff640|[P2PService][Service][METRIC]heartBeat,connected count=3
info|2025-12-14 14:29:19.537593|timerFactory-0x00007ccbd95ff640|[RPC][WS][SERVICE]connected nodes,count=0
info|2025-12-14 14:29:20.256272|ioService-0x00007ccbed3ff640|[P2PService][Service][METRIC]heartBeat,connected count=3
info|2025-12-14 14:29:29.537616|timerFactory-0x00007ccbd95ff640|[RPC][WS][SERVICE]connected nodes,count=0
info|2025-12-14 14:29:30.256302|ioService-0x00007ccbed3ff640|[P2PService][Service][METRIC]heartBeat,connected count=3
info|2025-12-14 14:29:39.537666|timerFactory-0x00007ccbd95ff640|[RPC][WS][SERVICE]connected nodes,count=0
info|2025-12-14 14:29:40.256328|ioService-0x00007ccbed3ff640|[P2PService][Service][METRIC]heartBeat,connected count=3
info|2025-12-14 14:29:49.537719|timerFactory-0x00007ccbd95ff640|[RPC][WS][SERVICE]connected nodes,count=0
info|2025-12-14 14:29:50.256354|ioService-0x00007ccbed3ff640|[P2PService][Service][METRIC]heartBeat,connected count=3
info|2025-12-14 14:29:58.349841|objMonitor-0x00007ccbc67ff640|[startMonitor][AliveObjectMonitor],AliveObjectAllocStat=[ type: bcos::gateway::Socket ,created: 9 ,destroyed: 5 ,alive: 4 ] 
info|2025-12-14 14:29:59.537764|timerFactory-0x00007ccbd95ff640|[RPC][WS][SERVICE]connected nodes,count=0
info|2025-12-14 14:30:00.256430|ioService-0x00007ccbed3ff640|[P2PService][Service][METRIC]heartBeat,connected count=3
info|2025-12-14 14:30:09.537853|timerFactory-0x00007ccbd95ff640|[RPC][WS][SERVICE]connected nodes,count=0
info|2025-12-14 14:30:10.256519|ioService-0x00007ccbed3ff640|[P2PService][Service][METRIC]heartBeat,connected count=3
info|2025-12-14 14:30:19.537887|timerFactory-0x00007ccbd95ff640|[RPC][WS][SERVICE]connected nodes,count=0
info|2025-12-14 14:30:20.256591|ioService-0x00007ccbed3ff640|[P2PService][Service][METRIC]heartBeat,connected count=3
info|2025-12-14 14:30:29.537961|timerFactory-0x00007ccbd95ff640|[RPC][WS][SERVICE]connected nodes,count=0
info|2025-12-14 14:30:30.256619|ioService-0x00007ccbed3ff640|[P2PService][Service][METRIC]heartBeat,connected count=3
info|2025-12-14 14:30:39.538060|timerFactory-0x00007ccbd95ff640|[RPC][WS][SERVICE]connected nodes,count=0
info|2025-12-14 14:30:40.256741|ioService-0x00007ccbed3ff640|[P2PService][Service][METRIC]heartBeat,connected count=3
info|2025-12-14 14:30:49.538113|timerFactory-0x00007ccbd95ff640|[RPC][WS][SERVICE]connected nodes,count=0
info|2025-12-14 14:30:50.256900|ioService-0x00007ccbed3ff640|[P2PService][Service][METRIC]heartBeat,connected count=3
info|2025-12-14 14:30:58.350022|objMonitor-0x00007ccbc67ff640|[startMonitor][AliveObjectMonitor],AliveObjectAllocStat=[ type: bcos::gateway::Socket ,created: 9 ,destroyed: 5 ,alive: 4 ] 
info|2025-12-14 14:30:59.538188|timerFactory-0x00007ccbd95ff640|[RPC][WS][SERVICE]connected nodes,count=0
info|2025-12-14 14:31:00.257024|ioService-0x00007ccbed3ff640|[P2PService][Service][METRIC]heartBeat,connected count=3
info|2025-12-14 14:31:09.538257|timerFactory-0x00007ccbd95ff640|[RPC][WS][SERVICE]connected nodes,count=0
info|2025-12-14 14:31:10.257199|ioService-0x00007ccbed3ff640|[P2PService][Service][METRIC]heartBeat,connected count=3
info|2025-12-14 14:31:19.538278|timerFactory-0x00007ccbd95ff640|[RPC][WS][SERVICE]connected nodes,count=0
info|2025-12-14 14:31:20.257268|ioService-0x00007ccbed3ff640|[P2PService][Service][METRIC]heartBeat,connected count=3
info|2025-12-14 14:31:29.538302|timerFactory-0x00007ccbd95ff640|[RPC][WS][SERVICE]connected nodes,count=0
info|2025-12-14 14:31:30.257350|ioService-0x00007ccbed3ff640|[P2PService][Service][METRIC]heartBeat,connected count=3
info|2025-12-14 14:31:39.538324|timerFactory-0x00007ccbd95ff640|[RPC][WS][SERVICE]connected nodes,count=0
info|2025-12-14 14:31:40.257374|ioService-0x00007ccbed3ff640|[P2PService][Service][METRIC]heartBeat,connected count=3
info|2025-12-14 14:31:49.538344|timerFactory-0x00007ccbd95ff640|[RPC][WS][SERVICE]connected nodes,count=0
info|2025-12-14 14:31:50.257403|ioService-0x00007ccbed3ff640|[P2PService][Service][METRIC]heartBeat,connected count=3
info|2025-12-14 14:31:58.350162|objMonitor-0x00007ccbc67ff640|[startMonitor][AliveObjectMonitor],AliveObjectAllocStat=[ type: bcos::gateway::Socket ,created: 9 ,destroyed: 5 ,alive: 4 ] 
info|2025-12-14 14:31:59.538368|timerFactory-0x00007ccbd95ff640|[RPC][WS][SERVICE]connected nodes,count=0
info|2025-12-14 14:32:00.257468|ioService-0x00007ccbed3ff640|[P2PService][Service][METRIC]heartBeat,connected count=3
info|2025-12-14 14:32:09.538392|timerFactory-0x00007ccbd95ff640|[RPC][WS][SERVICE]connected nodes,count=0
info|2025-12-14 14:32:10.257531|ioService-0x00007ccbed3ff640|[P2PService][Service][METRIC]heartBeat,connected count=3
info|2025-12-14 14:32:19.538418|timerFactory-0x00007ccbd95ff640|[RPC][WS][SERVICE]connected nodes,count=0
info|2025-12-14 14:32:20.257702|ioService-0x00007ccbed3ff640|[P2PService][Service][METRIC]heartBeat,connected count=3
info|2025-12-14 14:32:29.538496|timerFactory-0x00007ccbd95ff640|[RPC][WS][SERVICE]connected nodes,count=0
info|2025-12-14 14:32:30.257728|ioService-0x00007ccbed3ff640|[P2PService][Service][METRIC]heartBeat,connected count=3
info|2025-12-14 14:32:39.538521|timerFactory-0x00007ccbd95ff640|[RPC][WS][SERVICE]connected nodes,count=0
info|2025-12-14 14:32:40.257786|ioService-0x00007ccbed3ff640|[P2PService][Service][METRIC]heartBeat,connected count=3
info|2025-12-14 14:32:49.538540|timerFactory-0x00007ccbd95ff640|[RPC][WS][SERVICE]connected nodes,count=0
info|2025-12-14 14:32:50.257914|ioService-0x00007ccbed3ff640|[P2PService][Service][METRIC]heartBeat,connected count=3
info|2025-12-14 14:32:58.350220|objMonitor-0x00007ccbc67ff640|[startMonitor][AliveObjectMonitor],AliveObjectAllocStat=[ type: bcos::gateway::Socket ,created: 9 ,destroyed: 5 ,alive: 4 ] 
info|2025-12-14 14:32:59.538561|timerFactory-0x00007ccbd95ff640|[RPC][WS][SERVICE]connected nodes,count=0
info|2025-12-14 14:33:00.257986|ioService-0x00007ccbed3ff640|[P2PService][Service][METRIC]heartBeat,connected count=3
info|2025-12-14 14:33:09.538580|timerFactory-0x00007ccbd95ff640|[RPC][WS][SERVICE]connected nodes,count=0
info|2025-12-14 14:33:10.258268|ioService-0x00007ccbed3ff640|[P2PService][Service][METRIC]heartBeat,connected count=3
info|2025-12-14 14:33:19.538629|timerFactory-0x00007ccbd95ff640|[RPC][WS][SERVICE]connected nodes,count=0
info|2025-12-14 14:33:20.258331|ioService-0x00007ccbed3ff640|[P2PService][Service][METRIC]heartBeat,connected count=3
info|2025-12-14 14:33:29.538738|timerFactory-0x00007ccbd95ff640|[RPC][WS][SERVICE]connected nodes,count=0
info|2025-12-14 14:33:30.258399|ioService-0x00007ccbed3ff640|[P2PService][Service][METRIC]heartBeat,connected count=3
info|2025-12-14 14:33:39.538846|timerFactory-0x00007ccbd95ff640|[RPC][WS][SERVICE]connected nodes,count=0
info|2025-12-14 14:33:40.258465|ioService-0x00007ccbed3ff640|[P2PService][Service][METRIC]heartBeat,connected count=3
info|2025-12-14 14:33:49.538904|timerFactory-0x00007ccbd95ff640|[RPC][WS][SERVICE]connected nodes,count=0
info|2025-12-14 14:33:50.258605|ioService-0x00007ccbed3ff640|[P2PService][Service][METRIC]heartBeat,connected count=3
info|2025-12-14 14:33:58.350331|objMonitor-0x00007ccbc67ff640|[startMonitor][AliveObjectMonitor],AliveObjectAllocStat=[ type: bcos::gateway::Socket ,created: 9 ,destroyed: 5 ,alive: 4 ] 
info|2025-12-14 14:33:59.538925|timerFactory-0x00007ccbd95ff640|[RPC][WS][SERVICE]connected nodes,count=0
info|2025-12-14 14:34:00.258746|ioService-0x00007ccbed3ff640|[P2PService][Service][METRIC]heartBeat,connected count=3
info|2025-12-14 14:34:09.539007|timerFactory-0x00007ccbd95ff640|[RPC][WS][SERVICE]connected nodes,count=0
info|2025-12-14 14:34:10.258881|ioService-0x00007ccbed3ff640|[P2PService][Service][METRIC]heartBeat,connected count=3
info|2025-12-14 14:34:19.539027|timerFactory-0x00007ccbd95ff640|[RPC][WS][SERVICE]connected nodes,count=0
info|2025-12-14 14:34:20.258970|ioService-0x00007ccbed3ff640|[P2PService][Service][METRIC]heartBeat,connected count=3
info|2025-12-14 14:34:29.539073|timerFactory-0x00007ccbd95ff640|[RPC][WS][SERVICE]connected nodes,count=0
info|2025-12-14 14:34:30.259033|ioService-0x00007ccbed3ff640|[P2PService][Service][METRIC]heartBeat,connected count=3
info|2025-12-14 14:34:39.539105|timerFactory-0x00007ccbd95ff640|[RPC][WS][SERVICE]connected nodes,count=0
info|2025-12-14 14:34:40.259108|ioService-0x00007ccbed3ff640|[P2PService][Service][METRIC]heartBeat,connected count=3
info|2025-12-14 14:34:49.539128|timerFactory-0x00007ccbd95ff640|[RPC][WS][SERVICE]connected nodes,count=0
info|2025-12-14 14:34:50.259190|ioService-0x00007ccbed3ff640|[P2PService][Service][METRIC]heartBeat,connected count=3
info|2025-12-14 14:34:58.350368|objMonitor-0x00007ccbc67ff640|[startMonitor][AliveObjectMonitor],AliveObjectAllocStat=[ type: bcos::gateway::Socket ,created: 9 ,destroyed: 5 ,alive: 4 ] 
info|2025-12-14 14:34:59.539152|timerFactory-0x00007ccbd95ff640|[RPC][WS][SERVICE]connected nodes,count=0
info|2025-12-14 14:35:00.259216|ioService-0x00007ccbed3ff640|[P2PService][Service][METRIC]heartBeat,connected count=3
info|2025-12-14 14:35:09.539172|timerFactory-0x00007ccbd95ff640|[RPC][WS][SERVICE]connected nodes,count=0
info|2025-12-14 14:35:10.259344|ioService-0x00007ccbed3ff640|[P2PService][Service][METRIC]heartBeat,connected count=3
info|2025-12-14 14:35:19.539190|timerFactory-0x00007ccbd95ff640|[RPC][WS][SERVICE]connected nodes,count=0
info|2025-12-14 14:35:20.259374|ioService-0x00007ccbed3ff640|[P2PService][Service][METRIC]heartBeat,connected count=3
info|2025-12-14 14:35:29.539212|timerFactory-0x00007ccbd95ff640|[RPC][WS][SERVICE]connected nodes,count=0
info|2025-12-14 14:35:30.259392|ioService-0x00007ccbed3ff640|[P2PService][Service][METRIC]heartBeat,connected count=3
info|2025-12-14 14:35:39.539231|timerFactory-0x00007ccbd95ff640|[RPC][WS][SERVICE]connected nodes,count=0
info|2025-12-14 14:35:40.259416|ioService-0x00007ccbed3ff640|[P2PService][Service][METRIC]heartBeat,connected count=3
info|2025-12-14 14:35:49.539251|timerFactory-0x00007ccbd95ff640|[RPC][WS][SERVICE]connected nodes,count=0
info|2025-12-14 14:35:50.259440|ioService-0x00007ccbed3ff640|[P2PService][Service][METRIC]heartBeat,connected count=3
info|2025-12-14 14:35:58.350406|objMonitor-0x00007ccbc67ff640|[startMonitor][AliveObjectMonitor],AliveObjectAllocStat=[ type: bcos::gateway::Socket ,created: 9 ,destroyed: 5 ,alive: 4 ] 
info|2025-12-14 14:35:59.539272|timerFactory-0x00007ccbd95ff640|[RPC][WS][SERVICE]connected nodes,count=0
info|2025-12-14 14:36:00.259465|ioService-0x00007ccbed3ff640|[P2PService][Service][METRIC]heartBeat,connected count=3
info|2025-12-14 14:36:09.539291|timerFactory-0x00007ccbd95ff640|[RPC][WS][SERVICE]connected nodes,count=0
info|2025-12-14 14:36:10.259532|ioService-0x00007ccbed3ff640|[P2PService][Service][METRIC]heartBeat,connected count=3
info|2025-12-14 14:36:19.539311|timerFactory-0x00007ccbd95ff640|[RPC][WS][SERVICE]connected nodes,count=0
info|2025-12-14 14:36:20.259599|ioService-0x00007ccbed3ff640|[P2PService][Service][METRIC]heartBeat,connected count=3
info|2025-12-14 14:36:29.539334|timerFactory-0x00007ccbd95ff640|[RPC][WS][SERVICE]connected nodes,count=0
info|2025-12-14 14:36:30.259759|ioService-0x00007ccbed3ff640|[P2PService][Service][METRIC]heartBeat,connected count=3
info|2025-12-14 14:36:39.539352|timerFactory-0x00007ccbd95ff640|[RPC][WS][SERVICE]connected nodes,count=0
info|2025-12-14 14:36:40.259824|ioService-0x00007ccbed3ff640|[P2PService][Service][METRIC]heartBeat,connected count=3
info|2025-12-14 14:36:49.539371|timerFactory-0x00007ccbd95ff640|[RPC][WS][SERVICE]connected nodes,count=0
info|2025-12-14 14:36:50.260072|ioService-0x00007ccbed3ff640|[P2PService][Service][METRIC]heartBeat,connected count=3
info|2025-12-14 14:36:58.350447|objMonitor-0x00007ccbc67ff640|[startMonitor][AliveObjectMonitor],AliveObjectAllocStat=[ type: bcos::gateway::Socket ,created: 9 ,destroyed: 5 ,alive: 4 ] 
info|2025-12-14 14:36:59.539391|timerFactory-0x00007ccbd95ff640|[RPC][WS][SERVICE]connected nodes,count=0
info|2025-12-14 14:37:00.260093|ioService-0x00007ccbed3ff640|[P2PService][Service][METRIC]heartBeat,connected count=3
info|2025-12-14 14:37:09.539413|timerFactory-0x00007ccbd95ff640|[RPC][WS][SERVICE]connected nodes,count=0
info|2025-12-14 14:37:10.260161|ioService-0x00007ccbed3ff640|[P2PService][Service][METRIC]heartBeat,connected count=3
info|2025-12-14 14:37:19.539431|timerFactory-0x00007ccbd95ff640|[RPC][WS][SERVICE]connected nodes,count=0
info|2025-12-14 14:37:20.260252|ioService-0x00007ccbed3ff640|[P2PService][Service][METRIC]heartBeat,connected count=3
info|2025-12-14 14:37:29.539447|timerFactory-0x00007ccbd95ff640|[RPC][WS][SERVICE]connected nodes,count=0
info|2025-12-14 14:37:30.260329|ioService-0x00007ccbed3ff640|[P2PService][Service][METRIC]heartBeat,connected count=3
info|2025-12-14 14:37:39.539476|timerFactory-0x00007ccbd95ff640|[RPC][WS][SERVICE]connected nodes,count=0
info|2025-12-14 14:37:40.260351|ioService-0x00007ccbed3ff640|[P2PService][Service][METRIC]heartBeat,connected count=3
info|2025-12-14 14:37:49.539543|timerFactory-0x00007ccbd95ff640|[RPC][WS][SERVICE]connected nodes,count=0
info|2025-12-14 14:37:50.260426|ioService-0x00007ccbed3ff640|[P2PService][Service][METRIC]heartBeat,connected count=3
info|2025-12-14 14:37:58.350491|objMonitor-0x00007ccbc67ff640|[startMonitor][AliveObjectMonitor],AliveObjectAllocStat=[ type: bcos::gateway::Socket ,created: 9 ,destroyed: 5 ,alive: 4 ] 
info|2025-12-14 14:37:59.539589|timerFactory-0x00007ccbd95ff640|[RPC][WS][SERVICE]connected nodes,count=0
info|2025-12-14 14:38:00.260557|ioService-0x00007ccbed3ff640|[P2PService][Service][METRIC]heartBeat,connected count=3
info|2025-12-14 14:38:09.539607|timerFactory-0x00007ccbd95ff640|[RPC][WS][SERVICE]connected nodes,count=0
info|2025-12-14 14:38:10.260652|ioService-0x00007ccbed3ff640|[P2PService][Service][METRIC]heartBeat,connected count=3
info|2025-12-14 14:38:19.539625|timerFactory-0x00007ccbd95ff640|[RPC][WS][SERVICE]connected nodes,count=0
info|2025-12-14 14:38:20.260677|ioService-0x00007ccbed3ff640|[P2PService][Service][METRIC]heartBeat,connected count=3
info|2025-12-14 14:38:29.539667|timerFactory-0x00007ccbd95ff640|[RPC][WS][SERVICE]connected nodes,count=0
info|2025-12-14 14:38:30.260754|ioService-0x00007ccbed3ff640|[P2PService][Service][METRIC]heartBeat,connected count=3
info|2025-12-14 14:38:39.539703|timerFactory-0x00007ccbd95ff640|[RPC][WS][SERVICE]connected nodes,count=0
info|2025-12-14 14:38:40.260856|ioService-0x00007ccbed3ff640|[P2PService][Service][METRIC]heartBeat,connected count=3
info|2025-12-14 14:38:49.539762|timerFactory-0x00007ccbd95ff640|[RPC][WS][SERVICE]connected nodes,count=0
info|2025-12-14 14:38:50.260938|ioService-0x00007ccbed3ff640|[P2PService][Service][METRIC]heartBeat,connected count=3
info|2025-12-14 14:38:58.350637|objMonitor-0x00007ccbc67ff640|[startMonitor][AliveObjectMonitor],AliveObjectAllocStat=[ type: bcos::gateway::Socket ,created: 9 ,destroyed: 5 ,alive: 4 ] 
info|2025-12-14 14:38:59.539782|timerFactory-0x00007ccbd95ff640|[RPC][WS][SERVICE]connected nodes,count=0
info|2025-12-14 14:39:00.261013|ioService-0x00007ccbed3ff640|[P2PService][Service][METRIC]heartBeat,connected count=3
info|2025-12-14 14:39:09.539806|timerFactory-0x00007ccbd95ff640|[RPC][WS][SERVICE]connected nodes,count=0
info|2025-12-14 14:39:10.261074|ioService-0x00007ccbed3ff640|[P2PService][Service][METRIC]heartBeat,connected count=3
info|2025-12-14 14:39:19.539835|timerFactory-0x00007ccbd95ff640|[RPC][WS][SERVICE]connected nodes,count=0
info|2025-12-14 14:39:20.261218|ioService-0x00007ccbed3ff640|[P2PService][Service][METRIC]heartBeat,connected count=3
info|2025-12-14 14:39:29.539881|timerFactory-0x00007ccbd95ff640|[RPC][WS][SERVICE]connected nodes,count=0
info|2025-12-14 14:39:30.261311|ioService-0x00007ccbed3ff640|[P2PService][Service][METRIC]heartBeat,connected count=3
info|2025-12-14 14:39:39.539949|timerFactory-0x00007ccbd95ff640|[RPC][WS][SERVICE]connected nodes,count=0
info|2025-12-14 14:39:40.261387|ioService-0x00007ccbed3ff640|[P2PService][Service][METRIC]heartBeat,connected count=3
info|2025-12-14 14:39:49.540027|timerFactory-0x00007ccbd95ff640|[RPC][WS][SERVICE]connected nodes,count=0
info|2025-12-14 14:39:50.261406|ioService-0x00007ccbed3ff640|[P2PService][Service][METRIC]heartBeat,connected count=3
info|2025-12-14 14:39:58.350692|objMonitor-0x00007ccbc67ff640|[startMonitor][AliveObjectMonitor],AliveObjectAllocStat=[ type: bcos::gateway::Socket ,created: 9 ,destroyed: 5 ,alive: 4 ] 
info|2025-12-14 14:39:59.540068|timerFactory-0x00007ccbd95ff640|[RPC][WS][SERVICE]connected nodes,count=0
info|2025-12-14 14:40:00.261433|ioService-0x00007ccbed3ff640|[P2PService][Service][METRIC]heartBeat,connected count=3
info|2025-12-14 14:40:09.540085|timerFactory-0x00007ccbd95ff640|[RPC][WS][SERVICE]connected nodes,count=0
info|2025-12-14 14:40:10.261494|ioService-0x00007ccbed3ff640|[P2PService][Service][METRIC]heartBeat,connected count=3
info|2025-12-14 14:40:19.540126|timerFactory-0x00007ccbd95ff640|[RPC][WS][SERVICE]connected nodes,count=0
info|2025-12-14 14:40:20.261611|ioService-0x00007ccbed3ff640|[P2PService][Service][METRIC]heartBeat,connected count=3
info|2025-12-14 14:40:29.540218|timerFactory-0x00007ccbd95ff640|[RPC][WS][SERVICE]connected nodes,count=0
info|2025-12-14 14:40:30.261635|ioService-0x00007ccbed3ff640|[P2PService][Service][METRIC]heartBeat,connected count=3
info|2025-12-14 14:40:39.540236|timerFactory-0x00007ccbd95ff640|[RPC][WS][SERVICE]connected nodes,count=0
info|2025-12-14 14:40:40.261772|ioService-0x00007ccbed3ff640|[P2PService][Service][METRIC]heartBeat,connected count=3
info|2025-12-14 14:40:49.540255|timerFactory-0x00007ccbd95ff640|[RPC][WS][SERVICE]connected nodes,count=0
info|2025-12-14 14:40:50.261871|ioService-0x00007ccbed3ff640|[P2PService][Service][METRIC]heartBeat,connected count=3
info|2025-12-14 14:40:58.350738|objMonitor-0x00007ccbc67ff640|[startMonitor][AliveObjectMonitor],AliveObjectAllocStat=[ type: bcos::gateway::Socket ,created: 9 ,destroyed: 5 ,alive: 4 ] 
info|2025-12-14 14:40:59.540272|timerFactory-0x00007ccbd95ff640|[RPC][WS][SERVICE]connected nodes,count=0
info|2025-12-14 14:41:00.261968|ioService-0x00007ccbed3ff640|[P2PService][Service][METRIC]heartBeat,connected count=3
info|2025-12-14 14:41:09.540287|timerFactory-0x00007ccbd95ff640|[RPC][WS][SERVICE]connected nodes,count=0
info|2025-12-14 14:41:10.262065|ioService-0x00007ccbed3ff640|[P2PService][Service][METRIC]heartBeat,connected count=3
info|2025-12-14 14:41:19.540303|timerFactory-0x00007ccbd95ff640|[RPC][WS][SERVICE]connected nodes,count=0
info|2025-12-14 14:41:20.262163|ioService-0x00007ccbed3ff640|[P2PService][Service][METRIC]heartBeat,connected count=3
info|2025-12-14 14:41:29.540323|timerFactory-0x00007ccbd95ff640|[RPC][WS][SERVICE]connected nodes,count=0
info|2025-12-14 14:41:30.262343|ioService-0x00007ccbed3ff640|[P2PService][Service][METRIC]heartBeat,connected count=3
info|2025-12-14 14:41:39.540342|timerFactory-0x00007ccbd95ff640|[RPC][WS][SERVICE]connected nodes,count=0
info|2025-12-14 14:41:40.262436|ioService-0x00007ccbed3ff640|[P2PService][Service][METRIC]heartBeat,connected count=3
info|2025-12-14 14:41:49.540359|timerFactory-0x00007ccbd95ff640|[RPC][WS][SERVICE]connected nodes,count=0
info|2025-12-14 14:41:50.262504|ioService-0x00007ccbed3ff640|[P2PService][Service][METRIC]heartBeat,connected count=3
info|2025-12-14 14:41:58.350780|objMonitor-0x00007ccbc67ff640|[startMonitor][AliveObjectMonitor],AliveObjectAllocStat=[ type: bcos::gateway::Socket ,created: 9 ,destroyed: 5 ,alive: 4 ] 
info|2025-12-14 14:41:59.540375|timerFactory-0x00007ccbd95ff640|[RPC][WS][SERVICE]connected nodes,count=0
info|2025-12-14 14:42:00.262544|ioService-0x00007ccbed3ff640|[P2PService][Service][METRIC]heartBeat,connected count=3
info|2025-12-14 14:42:09.540396|timerFactory-0x00007ccbd95ff640|[RPC][WS][SERVICE]connected nodes,count=0
info|2025-12-14 14:42:10.262681|ioService-0x00007ccbed3ff640|[P2PService][Service][METRIC]heartBeat,connected count=3
info|2025-12-14 14:42:19.540415|timerFactory-0x00007ccbd95ff640|[RPC][WS][SERVICE]connected nodes,count=0
info|2025-12-14 14:42:20.262806|ioService-0x00007ccbed3ff640|[P2PService][Service][METRIC]heartBeat,connected count=3
info|2025-12-14 14:42:29.540430|timerFactory-0x00007ccbd95ff640|[RPC][WS][SERVICE]connected nodes,count=0
info|2025-12-14 14:42:30.262873|ioService-0x00007ccbed3ff640|[P2PService][Service][METRIC]heartBeat,connected count=3
info|2025-12-14 14:42:39.540446|timerFactory-0x00007ccbd95ff640|[RPC][WS][SERVICE]connected nodes,count=0
info|2025-12-14 14:42:40.262934|ioService-0x00007ccbed3ff640|[P2PService][Service][METRIC]heartBeat,connected count=3
info|2025-12-14 14:42:49.540466|timerFactory-0x00007ccbd95ff640|[RPC][WS][SERVICE]connected nodes,count=0
info|2025-12-14 14:42:50.263007|ioService-0x00007ccbed3ff640|[P2PService][Service][METRIC]heartBeat,connected count=3
info|2025-12-14 14:42:58.350824|objMonitor-0x00007ccbc67ff640|[startMonitor][AliveObjectMonitor],AliveObjectAllocStat=[ type: bcos::gateway::Socket ,created: 9 ,destroyed: 5 ,alive: 4 ] [ type: bcos::gateway::ResponseCallback ,created: 5082520 ,destroyed: 5082516 ,alive: 4 ] 
info|2025-12-14 14:42:59.540491|timerFactory-0x00007ccbd95ff640|[RPC][WS][SERVICE]connected nodes,count=0
info|2025-12-14 14:43:00.263039|ioService-0x00007ccbed3ff640|[P2PService][Service][METRIC]heartBeat,connected count=3
info|2025-12-14 14:43:09.540515|timerFactory-0x00007ccbd95ff640|[RPC][WS][SERVICE]connected nodes,count=0
info|2025-12-14 14:43:10.263112|ioService-0x00007ccbed3ff640|[P2PService][Service][METRIC]heartBeat,connected count=3
info|2025-12-14 14:43:19.540534|timerFactory-0x00007ccbd95ff640|[RPC][WS][SERVICE]connected nodes,count=0
info|2025-12-14 14:43:20.263188|ioService-0x00007ccbed3ff640|[P2PService][Service][METRIC]heartBeat,connected count=3
info|2025-12-14 14:43:29.540552|timerFactory-0x00007ccbd95ff640|[RPC][WS][SERVICE]connected nodes,count=0
info|2025-12-14 14:43:30.263269|ioService-0x00007ccbed3ff640|[P2PService][Service][METRIC]heartBeat,connected count=3
info|2025-12-14 14:43:39.540570|timerFactory-0x00007ccbd95ff640|[RPC][WS][SERVICE]connected nodes,count=0
info|2025-12-14 14:43:40.263337|ioService-0x00007ccbed3ff640|[P2PService][Service][METRIC]heartBeat,connected count=3
info|2025-12-14 14:43:49.540587|timerFactory-0x00007ccbd95ff640|[RPC][WS][SERVICE]connected nodes,count=0
info|2025-12-14 14:43:50.263396|ioService-0x00007ccbed3ff640|[P2PService][Service][METRIC]heartBeat,connected count=3
info|2025-12-14 14:43:58.350991|objMonitor-0x00007ccbc67ff640|[startMonitor][AliveObjectMonitor],AliveObjectAllocStat=[ type: bcos::gateway::Socket ,created: 9 ,destroyed: 5 ,alive: 4 ] 
info|2025-12-14 14:43:59.540603|timerFactory-0x00007ccbd95ff640|[RPC][WS][SERVICE]connected nodes,count=0
info|2025-12-14 14:44:00.263424|ioService-0x00007ccbed3ff640|[P2PService][Service][METRIC]heartBeat,connected count=3
info|2025-12-14 14:44:09.540620|timerFactory-0x00007ccbd95ff640|[RPC][WS][SERVICE]connected nodes,count=0
info|2025-12-14 14:44:10.263491|ioService-0x00007ccbed3ff640|[P2PService][Service][METRIC]heartBeat,connected count=3
info|2025-12-14 14:44:19.540639|timerFactory-0x00007ccbd95ff640|[RPC][WS][SERVICE]connected nodes,count=0
info|2025-12-14 14:44:20.263669|ioService-0x00007ccbed3ff640|[P2PService][Service][METRIC]heartBeat,connected count=3
info|2025-12-14 14:44:29.540657|timerFactory-0x00007ccbd95ff640|[RPC][WS][SERVICE]connected nodes,count=0
info|2025-12-14 14:44:30.263754|ioService-0x00007ccbed3ff640|[P2PService][Service][METRIC]heartBeat,connected count=3
info|2025-12-14 14:44:39.540677|timerFactory-0x00007ccbd95ff640|[RPC][WS][SERVICE]connected nodes,count=0
info|2025-12-14 14:44:40.263815|ioService-0x00007ccbed3ff640|[P2PService][Service][METRIC]heartBeat,connected count=3
info|2025-12-14 14:44:49.540702|timerFactory-0x00007ccbd95ff640|[RPC][WS][SERVICE]connected nodes,count=0
info|2025-12-14 14:44:50.263911|ioService-0x00007ccbed3ff640|[P2PService][Service][METRIC]heartBeat,connected count=3
info|2025-12-14 14:44:58.351168|objMonitor-0x00007ccbc67ff640|[startMonitor][AliveObjectMonitor],AliveObjectAllocStat=[ type: bcos::gateway::Socket ,created: 9 ,destroyed: 5 ,alive: 4 ] 
info|2025-12-14 14:44:59.540720|timerFactory-0x00007ccbd95ff640|[RPC][WS][SERVICE]connected nodes,count=0
info|2025-12-14 14:45:00.263935|ioService-0x00007ccbed3ff640|[P2PService][Service][METRIC]heartBeat,connected count=3
info|2025-12-14 14:45:09.540739|timerFactory-0x00007ccbd95ff640|[RPC][WS][SERVICE]connected nodes,count=0
info|2025-12-14 14:45:10.264230|ioService-0x00007ccbed3ff640|[P2PService][Service][METRIC]heartBeat,connected count=3
info|2025-12-14 14:45:19.540758|timerFactory-0x00007ccbd95ff640|[RPC][WS][SERVICE]connected nodes,count=0
info|2025-12-14 14:45:20.264367|ioService-0x00007ccbed3ff640|[P2PService][Service][METRIC]heartBeat,connected count=3
info|2025-12-14 14:45:29.540802|timerFactory-0x00007ccbd95ff640|[RPC][WS][SERVICE]connected nodes,count=0
info|2025-12-14 14:45:30.264430|ioService-0x00007ccbed3ff640|[P2PService][Service][METRIC]heartBeat,connected count=3
info|2025-12-14 14:45:39.540819|timerFactory-0x00007ccbd95ff640|[RPC][WS][SERVICE]connected nodes,count=0
info|2025-12-14 14:45:40.264490|ioService-0x00007ccbed3ff640|[P2PService][Service][METRIC]heartBeat,connected count=3
info|2025-12-14 14:45:49.540867|timerFactory-0x00007ccbd95ff640|[RPC][WS][SERVICE]connected nodes,count=0
info|2025-12-14 14:45:50.264550|ioService-0x00007ccbed3ff640|[P2PService][Service][METRIC]heartBeat,connected count=3
info|2025-12-14 14:45:58.351215|objMonitor-0x00007ccbc67ff640|[startMonitor][AliveObjectMonitor],AliveObjectAllocStat=[ type: bcos::gateway::Socket ,created: 9 ,destroyed: 5 ,alive: 4 ] 
info|2025-12-14 14:45:59.540919|timerFactory-0x00007ccbd95ff640|[RPC][WS][SERVICE]connected nodes,count=0
info|2025-12-14 14:46:00.264575|ioService-0x00007ccbed3ff640|[P2PService][Service][METRIC]heartBeat,connected count=3
info|2025-12-14 14:46:09.540936|timerFactory-0x00007ccbd95ff640|[RPC][WS][SERVICE]connected nodes,count=0
info|2025-12-14 14:46:10.264679|ioService-0x00007ccbed3ff640|[P2PService][Service][METRIC]heartBeat,connected count=3
info|2025-12-14 14:46:19.540954|timerFactory-0x00007ccbd95ff640|[RPC][WS][SERVICE]connected nodes,count=0
info|2025-12-14 14:46:20.264715|ioService-0x00007ccbed3ff640|[P2PService][Service][METRIC]heartBeat,connected count=3
info|2025-12-14 14:46:29.541011|timerFactory-0x00007ccbd95ff640|[RPC][WS][SERVICE]connected nodes,count=0
info|2025-12-14 14:46:30.264770|ioService-0x00007ccbed3ff640|[P2PService][Service][METRIC]heartBeat,connected count=3
info|2025-12-14 14:46:39.541038|timerFactory-0x00007ccbd95ff640|[RPC][WS][SERVICE]connected nodes,count=0
info|2025-12-14 14:46:40.264835|ioService-0x00007ccbed3ff640|[P2PService][Service][METRIC]heartBeat,connected count=3
info|2025-12-14 14:46:49.541060|timerFactory-0x00007ccbd95ff640|[RPC][WS][SERVICE]connected nodes,count=0
info|2025-12-14 14:46:50.264862|ioService-0x00007ccbed3ff640|[P2PService][Service][METRIC]heartBeat,connected count=3
info|2025-12-14 14:46:58.351296|objMonitor-0x00007ccbc67ff640|[startMonitor][AliveObjectMonitor],AliveObjectAllocStat=[ type: bcos::gateway::Socket ,created: 9 ,destroyed: 5 ,alive: 4 ] 
info|2025-12-14 14:46:59.541213|timerFactory-0x00007ccbd95ff640|[RPC][WS][SERVICE]connected nodes,count=0
info|2025-12-14 14:47:00.264919|ioService-0x00007ccbed3ff640|[P2PService][Service][METRIC]heartBeat,connected count=3
info|2025-12-14 14:47:09.541263|timerFactory-0x00007ccbd95ff640|[RPC][WS][SERVICE]connected nodes,count=0
info|2025-12-14 14:47:10.264982|ioService-0x00007ccbed3ff640|[P2PService][Service][METRIC]heartBeat,connected count=3
info|2025-12-14 14:47:19.541283|timerFactory-0x00007ccbd95ff640|[RPC][WS][SERVICE]connected nodes,count=0
info|2025-12-14 14:47:20.265012|ioService-0x00007ccbed3ff640|[P2PService][Service][METRIC]heartBeat,connected count=3
info|2025-12-14 14:47:29.541344|timerFactory-0x00007ccbd95ff640|[RPC][WS][SERVICE]connected nodes,count=0
info|2025-12-14 14:47:30.265063|ioService-0x00007ccbed3ff640|[P2PService][Service][METRIC]heartBeat,connected count=3
info|2025-12-14 14:47:39.541364|timerFactory-0x00007ccbd95ff640|[RPC][WS][SERVICE]connected nodes,count=0
info|2025-12-14 14:47:40.265088|ioService-0x00007ccbed3ff640|[P2PService][Service][METRIC]heartBeat,connected count=3
info|2025-12-14 14:47:49.541384|timerFactory-0x00007ccbd95ff640|[RPC][WS][SERVICE]connected nodes,count=0
info|2025-12-14 14:47:50.265161|ioService-0x00007ccbed3ff640|[P2PService][Service][METRIC]heartBeat,connected count=3
info|2025-12-14 14:47:58.351382|objMonitor-0x00007ccbc67ff640|[startMonitor][AliveObjectMonitor],AliveObjectAllocStat=[ type: bcos::gateway::Socket ,created: 9 ,destroyed: 5 ,alive: 4 ] 
info|2025-12-14 14:47:59.541450|timerFactory-0x00007ccbd95ff640|[RPC][WS][SERVICE]connected nodes,count=0
info|2025-12-14 14:48:00.265186|ioService-0x00007ccbed3ff640|[P2PService][Service][METRIC]heartBeat,connected count=3
info|2025-12-14 14:48:09.541476|timerFactory-0x00007ccbd95ff640|[RPC][WS][SERVICE]connected nodes,count=0
info|2025-12-14 14:48:10.265257|ioService-0x00007ccbed3ff640|[P2PService][Service][METRIC]heartBeat,connected count=3
info|2025-12-14 14:48:19.541499|timerFactory-0x00007ccbd95ff640|[RPC][WS][SERVICE]connected nodes,count=0
info|2025-12-14 14:48:20.265280|ioService-0x00007ccbed3ff640|[P2PService][Service][METRIC]heartBeat,connected count=3
info|2025-12-14 14:48:29.541523|timerFactory-0x00007ccbd95ff640|[RPC][WS][SERVICE]connected nodes,count=0
info|2025-12-14 14:48:30.265353|ioService-0x00007ccbed3ff640|[P2PService][Service][METRIC]heartBeat,connected count=3
info|2025-12-14 14:48:39.541546|timerFactory-0x00007ccbd95ff640|[RPC][WS][SERVICE]connected nodes,count=0
info|2025-12-14 14:48:40.265378|ioService-0x00007ccbed3ff640|[P2PService][Service][METRIC]heartBeat,connected count=3
info|2025-12-14 14:48:49.541596|timerFactory-0x00007ccbd95ff640|[RPC][WS][SERVICE]connected nodes,count=0
info|2025-12-14 14:48:50.265457|ioService-0x00007ccbed3ff640|[P2PService][Service][METRIC]heartBeat,connected count=3
info|2025-12-14 14:48:58.351420|objMonitor-0x00007ccbc67ff640|[startMonitor][AliveObjectMonitor],AliveObjectAllocStat=[ type: bcos::gateway::Socket ,created: 9 ,destroyed: 5 ,alive: 4 ] 
info|2025-12-14 14:48:59.541685|timerFactory-0x00007ccbd95ff640|[RPC][WS][SERVICE]connected nodes,count=0
info|2025-12-14 14:49:00.265541|ioService-0x00007ccbed3ff640|[P2PService][Service][METRIC]heartBeat,connected count=3
info|2025-12-14 14:49:09.541744|timerFactory-0x00007ccbd95ff640|[RPC][WS][SERVICE]connected nodes,count=0
info|2025-12-14 14:49:10.265565|ioService-0x00007ccbed3ff640|[P2PService][Service][METRIC]heartBeat,connected count=3
info|2025-12-14 14:49:19.541762|timerFactory-0x00007ccbd95ff640|[RPC][WS][SERVICE]connected nodes,count=0
info|2025-12-14 14:49:20.265593|ioService-0x00007ccbed3ff640|[P2PService][Service][METRIC]heartBeat,connected count=3
info|2025-12-14 14:49:29.541813|timerFactory-0x00007ccbd95ff640|[RPC][WS][SERVICE]connected nodes,count=0
info|2025-12-14 14:49:30.265702|ioService-0x00007ccbed3ff640|[P2PService][Service][METRIC]heartBeat,connected count=3
info|2025-12-14 14:49:39.541877|timerFactory-0x00007ccbd95ff640|[RPC][WS][SERVICE]connected nodes,count=0
info|2025-12-14 14:49:40.265731|ioService-0x00007ccbed3ff640|[P2PService][Service][METRIC]heartBeat,connected count=3
info|2025-12-14 14:49:49.541899|timerFactory-0x00007ccbd95ff640|[RPC][WS][SERVICE]connected nodes,count=0
info|2025-12-14 14:49:50.265760|ioService-0x00007ccbed3ff640|[P2PService][Service][METRIC]heartBeat,connected count=3
info|2025-12-14 14:49:58.351459|objMonitor-0x00007ccbc67ff640|[startMonitor][AliveObjectMonitor],AliveObjectAllocStat=[ type: bcos::gateway::Socket ,created: 9 ,destroyed: 5 ,alive: 4 ] 
info|2025-12-14 14:49:59.541947|timerFactory-0x00007ccbd95ff640|[RPC][WS][SERVICE]connected nodes,count=0
info|2025-12-14 14:50:00.265877|ioService-0x00007ccbed3ff640|[P2PService][Service][METRIC]heartBeat,connected count=3
info|2025-12-14 14:50:09.541975|timerFactory-0x00007ccbd95ff640|[RPC][WS][SERVICE]connected nodes,count=0
info|2025-12-14 14:50:10.265949|ioService-0x00007ccbed3ff640|[P2PService][Service][METRIC]heartBeat,connected count=3
info|2025-12-14 14:50:19.542029|timerFactory-0x00007ccbd95ff640|[RPC][WS][SERVICE]connected nodes,count=0
info|2025-12-14 14:50:20.266010|ioService-0x00007ccbed3ff640|[P2PService][Service][METRIC]heartBeat,connected count=3
info|2025-12-14 14:50:29.542081|timerFactory-0x00007ccbd95ff640|[RPC][WS][SERVICE]connected nodes,count=0
info|2025-12-14 14:50:30.266154|ioService-0x00007ccbed3ff640|[P2PService][Service][METRIC]heartBeat,connected count=3
info|2025-12-14 14:50:39.542152|timerFactory-0x00007ccbd95ff640|[RPC][WS][SERVICE]connected nodes,count=0
info|2025-12-14 14:50:40.266272|ioService-0x00007ccbed3ff640|[P2PService][Service][METRIC]heartBeat,connected count=3
info|2025-12-14 14:50:49.542172|timerFactory-0x00007ccbd95ff640|[RPC][WS][SERVICE]connected nodes,count=0
info|2025-12-14 14:50:50.266319|ioService-0x00007ccbed3ff640|[P2PService][Service][METRIC]heartBeat,connected count=3
info|2025-12-14 14:50:58.351544|objMonitor-0x00007ccbc67ff640|[startMonitor][AliveObjectMonitor],AliveObjectAllocStat=[ type: bcos::gateway::Socket ,created: 9 ,destroyed: 5 ,alive: 4 ] [ type: bcos::gateway::ResponseCallback ,created: 5089714 ,destroyed: 5089709 ,alive: 5 ] 
info|2025-12-14 14:50:59.542192|timerFactory-0x00007ccbd95ff640|[RPC][WS][SERVICE]connected nodes,count=0
info|2025-12-14 14:51:00.266338|ioService-0x00007ccbed3ff640|[P2PService][Service][METRIC]heartBeat,connected count=3
info|2025-12-14 14:51:09.542219|timerFactory-0x00007ccbd95ff640|[RPC][WS][SERVICE]connected nodes,count=0
info|2025-12-14 14:51:10.266359|ioService-0x00007ccbed3ff640|[P2PService][Service][METRIC]heartBeat,connected count=3
info|2025-12-14 14:51:19.542269|timerFactory-0x00007ccbd95ff640|[RPC][WS][SERVICE]connected nodes,count=0
info|2025-12-14 14:51:20.266436|ioService-0x00007ccbed3ff640|[P2PService][Service][METRIC]heartBeat,connected count=3
info|2025-12-14 14:51:29.542322|timerFactory-0x00007ccbd95ff640|[RPC][WS][SERVICE]connected nodes,count=0
info|2025-12-14 14:51:30.266553|ioService-0x00007ccbed3ff640|[P2PService][Service][METRIC]heartBeat,connected count=3
info|2025-12-14 14:51:39.542345|timerFactory-0x00007ccbd95ff640|[RPC][WS][SERVICE]connected nodes,count=0
info|2025-12-14 14:51:40.266638|ioService-0x00007ccbed3ff640|[P2PService][Service][METRIC]heartBeat,connected count=3
info|2025-12-14 14:51:49.542366|timerFactory-0x00007ccbd95ff640|[RPC][WS][SERVICE]connected nodes,count=0
info|2025-12-14 14:51:50.266757|ioService-0x00007ccbed3ff640|[P2PService][Service][METRIC]heartBeat,connected count=3
info|2025-12-14 14:51:58.351586|objMonitor-0x00007ccbc67ff640|[startMonitor][AliveObjectMonitor],AliveObjectAllocStat=[ type: bcos::gateway::Socket ,created: 9 ,destroyed: 5 ,alive: 4 ] 
info|2025-12-14 14:51:59.542384|timerFactory-0x00007ccbd95ff640|[RPC][WS][SERVICE]connected nodes,count=0
info|2025-12-14 14:52:00.266783|ioService-0x00007ccbed3ff640|[P2PService][Service][METRIC]heartBeat,connected count=3
info|2025-12-14 14:52:09.542403|timerFactory-0x00007ccbd95ff640|[RPC][WS][SERVICE]connected nodes,count=0
info|2025-12-14 14:52:10.266926|ioService-0x00007ccbed3ff640|[P2PService][Service][METRIC]heartBeat,connected count=3
info|2025-12-14 14:52:19.542424|timerFactory-0x00007ccbd95ff640|[RPC][WS][SERVICE]connected nodes,count=0
info|2025-12-14 14:52:20.266997|ioService-0x00007ccbed3ff640|[P2PService][Service][METRIC]heartBeat,connected count=3
info|2025-12-14 14:52:29.542562|timerFactory-0x00007ccbd95ff640|[RPC][WS][SERVICE]connected nodes,count=0
info|2025-12-14 14:52:30.267059|ioService-0x00007ccbed3ff640|[P2PService][Service][METRIC]heartBeat,connected count=3
info|2025-12-14 14:52:39.542619|timerFactory-0x00007ccbd95ff640|[RPC][WS][SERVICE]connected nodes,count=0
info|2025-12-14 14:52:40.267129|ioService-0x00007ccbed3ff640|[P2PService][Service][METRIC]heartBeat,connected count=3
info|2025-12-14 14:52:49.542638|timerFactory-0x00007ccbd95ff640|[RPC][WS][SERVICE]connected nodes,count=0
info|2025-12-14 14:52:50.267230|ioService-0x00007ccbed3ff640|[P2PService][Service][METRIC]heartBeat,connected count=3
info|2025-12-14 14:52:58.351637|objMonitor-0x00007ccbc67ff640|[startMonitor][AliveObjectMonitor],AliveObjectAllocStat=[ type: bcos::gateway::Socket ,created: 9 ,destroyed: 5 ,alive: 4 ] 
info|2025-12-14 14:52:59.542659|timerFactory-0x00007ccbd95ff640|[RPC][WS][SERVICE]connected nodes,count=0
info|2025-12-14 14:53:00.267255|ioService-0x00007ccbed3ff640|[P2PService][Service][METRIC]heartBeat,connected count=3
info|2025-12-14 14:53:09.542684|timerFactory-0x00007ccbd95ff640|[RPC][WS][SERVICE]connected nodes,count=0
info|2025-12-14 14:53:10.267330|ioService-0x00007ccbed3ff640|[P2PService][Service][METRIC]heartBeat,connected count=3
info|2025-12-14 14:53:19.542704|timerFactory-0x00007ccbd95ff640|[RPC][WS][SERVICE]connected nodes,count=0
info|2025-12-14 14:53:20.267351|ioService-0x00007ccbed3ff640|[P2PService][Service][METRIC]heartBeat,connected count=3
info|2025-12-14 14:53:29.542726|timerFactory-0x00007ccbd95ff640|[RPC][WS][SERVICE]connected nodes,count=0
info|2025-12-14 14:53:30.267373|ioService-0x00007ccbed3ff640|[P2PService][Service][METRIC]heartBeat,connected count=3
info|2025-12-14 14:53:39.542746|timerFactory-0x00007ccbd95ff640|[RPC][WS][SERVICE]connected nodes,count=0
info|2025-12-14 14:53:40.267448|ioService-0x00007ccbed3ff640|[P2PService][Service][METRIC]heartBeat,connected count=3
info|2025-12-14 14:53:49.542794|timerFactory-0x00007ccbd95ff640|[RPC][WS][SERVICE]connected nodes,count=0
info|2025-12-14 14:53:50.267483|ioService-0x00007ccbed3ff640|[P2PService][Service][METRIC]heartBeat,connected count=3
info|2025-12-14 14:53:58.351702|objMonitor-0x00007ccbc67ff640|[startMonitor][AliveObjectMonitor],AliveObjectAllocStat=[ type: bcos::gateway::Socket ,created: 9 ,destroyed: 5 ,alive: 4 ] 
info|2025-12-14 14:53:59.542872|timerFactory-0x00007ccbd95ff640|[RPC][WS][SERVICE]connected nodes,count=0
info|2025-12-14 14:54:00.267512|ioService-0x00007ccbed3ff640|[P2PService][Service][METRIC]heartBeat,connected count=3
info|2025-12-14 14:54:09.542954|timerFactory-0x00007ccbd95ff640|[RPC][WS][SERVICE]connected nodes,count=0
info|2025-12-14 14:54:10.267581|ioService-0x00007ccbed3ff640|[P2PService][Service][METRIC]heartBeat,connected count=3
info|2025-12-14 14:54:19.543005|timerFactory-0x00007ccbd95ff640|[RPC][WS][SERVICE]connected nodes,count=0
info|2025-12-14 14:54:20.267617|ioService-0x00007ccbed3ff640|[P2PService][Service][METRIC]heartBeat,connected count=3
info|2025-12-14 14:54:29.543021|timerFactory-0x00007ccbd95ff640|[RPC][WS][SERVICE]connected nodes,count=0
info|2025-12-14 14:54:30.267698|ioService-0x00007ccbed3ff640|[P2PService][Service][METRIC]heartBeat,connected count=3
info|2025-12-14 14:54:39.543037|timerFactory-0x00007ccbd95ff640|[RPC][WS][SERVICE]connected nodes,count=0
info|2025-12-14 14:54:40.267795|ioService-0x00007ccbed3ff640|[P2PService][Service][METRIC]heartBeat,connected count=3
info|2025-12-14 14:54:49.543059|timerFactory-0x00007ccbd95ff640|[RPC][WS][SERVICE]connected nodes,count=0
info|2025-12-14 14:54:50.267827|ioService-0x00007ccbed3ff640|[P2PService][Service][METRIC]heartBeat,connected count=3
info|2025-12-14 14:54:58.351744|objMonitor-0x00007ccbc67ff640|[startMonitor][AliveObjectMonitor],AliveObjectAllocStat=[ type: bcos::gateway::Socket ,created: 9 ,destroyed: 5 ,alive: 4 ] [ type: bcos::gateway::ResponseCallback ,created: 5093311 ,destroyed: 5093307 ,alive: 4 ] 
info|2025-12-14 14:54:59.543076|timerFactory-0x00007ccbd95ff640|[RPC][WS][SERVICE]connected nodes,count=0
info|2025-12-14 14:55:00.267886|ioService-0x00007ccbed3ff640|[P2PService][Service][METRIC]heartBeat,connected count=3
info|2025-12-14 14:55:09.543092|timerFactory-0x00007ccbd95ff640|[RPC][WS][SERVICE]connected nodes,count=0
info|2025-12-14 14:55:10.268075|ioService-0x00007ccbed3ff640|[P2PService][Service][METRIC]heartBeat,connected count=3
info|2025-12-14 14:55:19.543112|timerFactory-0x00007ccbd95ff640|[RPC][WS][SERVICE]connected nodes,count=0
info|2025-12-14 14:55:20.268157|ioService-0x00007ccbed3ff640|[P2PService][Service][METRIC]heartBeat,connected count=3
info|2025-12-14 14:55:29.543132|timerFactory-0x00007ccbd95ff640|[RPC][WS][SERVICE]connected nodes,count=0
info|2025-12-14 14:55:30.268232|ioService-0x00007ccbed3ff640|[P2PService][Service][METRIC]heartBeat,connected count=3
info|2025-12-14 14:55:39.543153|timerFactory-0x00007ccbd95ff640|[RPC][WS][SERVICE]connected nodes,count=0
info|2025-12-14 14:55:40.268324|ioService-0x00007ccbed3ff640|[P2PService][Service][METRIC]heartBeat,connected count=3
info|2025-12-14 14:55:49.543172|timerFactory-0x00007ccbd95ff640|[RPC][WS][SERVICE]connected nodes,count=0
info|2025-12-14 14:55:50.268347|ioService-0x00007ccbed3ff640|[P2PService][Service][METRIC]heartBeat,connected count=3
info|2025-12-14 14:55:58.351789|objMonitor-0x00007ccbc67ff640|[startMonitor][AliveObjectMonitor],AliveObjectAllocStat=[ type: bcos::gateway::Socket ,created: 9 ,destroyed: 5 ,alive: 4 ] 
info|2025-12-14 14:55:59.543189|timerFactory-0x00007ccbd95ff640|[RPC][WS][SERVICE]connected nodes,count=0
info|2025-12-14 14:56:00.268365|ioService-0x00007ccbed3ff640|[P2PService][Service][METRIC]heartBeat,connected count=3
info|2025-12-14 14:56:09.543209|timerFactory-0x00007ccbd95ff640|[RPC][WS][SERVICE]connected nodes,count=0
info|2025-12-14 14:56:10.268473|ioService-0x00007ccbed3ff640|[P2PService][Service][METRIC]heartBeat,connected count=3
info|2025-12-14 14:56:19.543229|timerFactory-0x00007ccbd95ff640|[RPC][WS][SERVICE]connected nodes,count=0
info|2025-12-14 14:56:20.268584|ioService-0x00007ccbed3ff640|[P2PService][Service][METRIC]heartBeat,connected count=3
info|2025-12-14 14:56:29.543253|timerFactory-0x00007ccbd95ff640|[RPC][WS][SERVICE]connected nodes,count=0
info|2025-12-14 14:56:30.268610|ioService-0x00007ccbed3ff640|[P2PService][Service][METRIC]heartBeat,connected count=3
info|2025-12-14 14:56:39.543273|timerFactory-0x00007ccbd95ff640|[RPC][WS][SERVICE]connected nodes,count=0
info|2025-12-14 14:56:40.268636|ioService-0x00007ccbed3ff640|[P2PService][Service][METRIC]heartBeat,connected count=3
info|2025-12-14 14:56:49.543291|timerFactory-0x00007ccbd95ff640|[RPC][WS][SERVICE]connected nodes,count=0
info|2025-12-14 14:56:50.268692|ioService-0x00007ccbed3ff640|[P2PService][Service][METRIC]heartBeat,connected count=3
info|2025-12-14 14:56:58.351881|objMonitor-0x00007ccbc67ff640|[startMonitor][AliveObjectMonitor],AliveObjectAllocStat=[ type: bcos::gateway::Socket ,created: 9 ,destroyed: 5 ,alive: 4 ] 
info|2025-12-14 14:56:59.543307|timerFactory-0x00007ccbd95ff640|[RPC][WS][SERVICE]connected nodes,count=0
info|2025-12-14 14:57:00.268766|ioService-0x00007ccbed3ff640|[P2PService][Service][METRIC]heartBeat,connected count=3
info|2025-12-14 14:57:09.543324|timerFactory-0x00007ccbd95ff640|[RPC][WS][SERVICE]connected nodes,count=0
info|2025-12-14 14:57:10.268873|ioService-0x00007ccbed3ff640|[P2PService][Service][METRIC]heartBeat,connected count=3
info|2025-12-14 14:57:19.543342|timerFactory-0x00007ccbd95ff640|[RPC][WS][SERVICE]connected nodes,count=0
info|2025-12-14 14:57:20.268973|ioService-0x00007ccbed3ff640|[P2PService][Service][METRIC]heartBeat,connected count=3
info|2025-12-14 14:57:29.543358|timerFactory-0x00007ccbd95ff640|[RPC][WS][SERVICE]connected nodes,count=0
info|2025-12-14 14:57:30.269028|ioService-0x00007ccbed3ff640|[P2PService][Service][METRIC]heartBeat,connected count=3
info|2025-12-14 14:57:39.543376|timerFactory-0x00007ccbd95ff640|[RPC][WS][SERVICE]connected nodes,count=0
info|2025-12-14 14:57:40.269086|ioService-0x00007ccbed3ff640|[P2PService][Service][METRIC]heartBeat,connected count=3
info|2025-12-14 14:57:49.543394|timerFactory-0x00007ccbd95ff640|[RPC][WS][SERVICE]connected nodes,count=0
info|2025-12-14 14:57:50.269308|ioService-0x00007ccbed3ff640|[P2PService][Service][METRIC]heartBeat,connected count=3
info|2025-12-14 14:57:58.351927|objMonitor-0x00007ccbc67ff640|[startMonitor][AliveObjectMonitor],AliveObjectAllocStat=[ type: bcos::gateway::Socket ,created: 9 ,destroyed: 5 ,alive: 4 ] 
info|2025-12-14 14:57:59.543410|timerFactory-0x00007ccbd95ff640|[RPC][WS][SERVICE]connected nodes,count=0
info|2025-12-14 14:58:00.269340|ioService-0x00007ccbed3ff640|[P2PService][Service][METRIC]heartBeat,connected count=3
info|2025-12-14 14:58:09.543432|timerFactory-0x00007ccbd95ff640|[RPC][WS][SERVICE]connected nodes,count=0
info|2025-12-14 14:58:10.269405|ioService-0x00007ccbed3ff640|[P2PService][Service][METRIC]heartBeat,connected count=3
info|2025-12-14 14:58:19.543451|timerFactory-0x00007ccbd95ff640|[RPC][WS][SERVICE]connected nodes,count=0
info|2025-12-14 14:58:20.269470|ioService-0x00007ccbed3ff640|[P2PService][Service][METRIC]heartBeat,connected count=3
info|2025-12-14 14:58:29.543468|timerFactory-0x00007ccbd95ff640|[RPC][WS][SERVICE]connected nodes,count=0
info|2025-12-14 14:58:30.269556|ioService-0x00007ccbed3ff640|[P2PService][Service][METRIC]heartBeat,connected count=3
info|2025-12-14 14:58:39.543490|timerFactory-0x00007ccbd95ff640|[RPC][WS][SERVICE]connected nodes,count=0
info|2025-12-14 14:58:40.269649|ioService-0x00007ccbed3ff640|[P2PService][Service][METRIC]heartBeat,connected count=3
info|2025-12-14 14:58:49.543518|timerFactory-0x00007ccbd95ff640|[RPC][WS][SERVICE]connected nodes,count=0
info|2025-12-14 14:58:50.269710|ioService-0x00007ccbed3ff640|[P2PService][Service][METRIC]heartBeat,connected count=3
info|2025-12-14 14:58:58.352090|objMonitor-0x00007ccbc67ff640|[startMonitor][AliveObjectMonitor],AliveObjectAllocStat=[ type: bcos::gateway::Socket ,created: 9 ,destroyed: 5 ,alive: 4 ] 
info|2025-12-14 14:58:59.543630|timerFactory-0x00007ccbd95ff640|[RPC][WS][SERVICE]connected nodes,count=0
info|2025-12-14 14:59:00.269791|ioService-0x00007ccbed3ff640|[P2PService][Service][METRIC]heartBeat,connected count=3
info|2025-12-14 14:59:09.543660|timerFactory-0x00007ccbd95ff640|[RPC][WS][SERVICE]connected nodes,count=0
info|2025-12-14 14:59:10.269822|ioService-0x00007ccbed3ff640|[P2PService][Service][METRIC]heartBeat,connected count=3
info|2025-12-14 14:59:19.543687|timerFactory-0x00007ccbd95ff640|[RPC][WS][SERVICE]connected nodes,count=0
info|2025-12-14 14:59:20.269942|ioService-0x00007ccbed3ff640|[P2PService][Service][METRIC]heartBeat,connected count=3
info|2025-12-14 14:59:29.543877|timerFactory-0x00007ccbd95ff640|[RPC][WS][SERVICE]connected nodes,count=0
info|2025-12-14 14:59:30.270039|ioService-0x00007ccbed3ff640|[P2PService][Service][METRIC]heartBeat,connected count=3
info|2025-12-14 14:59:39.543904|timerFactory-0x00007ccbd95ff640|[RPC][WS][SERVICE]connected nodes,count=0
info|2025-12-14 14:59:40.270207|ioService-0x00007ccbed3ff640|[P2PService][Service][METRIC]heartBeat,connected count=3
info|2025-12-14 14:59:49.543932|timerFactory-0x00007ccbd95ff640|[RPC][WS][SERVICE]connected nodes,count=0
info|2025-12-14 14:59:50.270362|ioService-0x00007ccbed3ff640|[P2PService][Service][METRIC]heartBeat,connected count=3
info|2025-12-14 14:59:58.352145|objMonitor-0x00007ccbc67ff640|[startMonitor][AliveObjectMonitor],AliveObjectAllocStat=[ type: bcos::gateway::Socket ,created: 9 ,destroyed: 5 ,alive: 4 ] 
info|2025-12-14 14:59:59.543955|timerFactory-0x00007ccbd95ff640|[RPC][WS][SERVICE]connected nodes,count=0
