info|2025-12-14 20:00:00.386795|ioService-0x00007ccbed3ff640|[P2PService][Service][METRIC]heartBeat,connected count=3
info|2025-12-14 20:00:09.619850|timerFactory-0x00007ccbd95ff640|[RPC][WS][SERVICE]connected nodes,count=0
info|2025-12-14 20:00:10.386814|ioService-0x00007ccbed3ff640|[P2PService][Service][METRIC]heartBeat,connected count=3
info|2025-12-14 20:00:19.619876|timerFactory-0x00007ccbd95ff640|[RPC][WS][SERVICE]connected nodes,count=0
info|2025-12-14 20:00:20.386875|ioService-0x00007ccbed3ff640|[P2PService][Service][METRIC]heartBeat,connected count=3
info|2025-12-14 20:00:29.619897|timerFactory-0x00007ccbd95ff640|[RPC][WS][SERVICE]connected nodes,count=0
info|2025-12-14 20:00:30.386978|ioService-0x00007ccbed3ff640|[P2PService][Service][METRIC]heartBeat,connected count=3
info|2025-12-14 20:00:39.619926|timerFactory-0x00007ccbd95ff640|[RPC][WS][SERVICE]connected nodes,count=0
info|2025-12-14 20:00:40.387066|ioService-0x00007ccbed3ff640|[P2PService][Service][METRIC]heartBeat,connected count=3
info|2025-12-14 20:00:49.619949|timerFactory-0x00007ccbd95ff640|[RPC][WS][SERVICE]connected nodes,count=0
info|2025-12-14 20:00:50.387140|ioService-0x00007ccbed3ff640|[P2PService][Service][METRIC]heartBeat,connected count=3
info|2025-12-14 20:00:58.374311|objMonitor-0x00007ccbc67ff640|[startMonitor][AliveObjectMonitor],AliveObjectAllocStat=[ type: bcos::gateway::Socket ,created: 9 ,destroyed: 5 ,alive: 4 ] 
info|2025-12-14 20:00:59.620075|timerFactory-0x00007ccbd95ff640|[RPC][WS][SERVICE]connected nodes,count=0
info|2025-12-14 20:01:00.387198|ioService-0x00007ccbed3ff640|[P2PService][Service][METRIC]heartBeat,connected count=3
info|2025-12-14 20:01:09.620130|timerFactory-0x00007ccbd95ff640|[RPC][WS][SERVICE]connected nodes,count=0
info|2025-12-14 20:01:10.387261|ioService-0x00007ccbed3ff640|[P2PService][Service][METRIC]heartBeat,connected count=3
info|2025-12-14 20:01:19.620232|timerFactory-0x00007ccbd95ff640|[RPC][WS][SERVICE]connected nodes,count=0
info|2025-12-14 20:01:20.387332|ioService-0x00007ccbed3ff640|[P2PService][Service][METRIC]heartBeat,connected count=3
info|2025-12-14 20:01:29.620293|timerFactory-0x00007ccbd95ff640|[RPC][WS][SERVICE]connected nodes,count=0
info|2025-12-14 20:01:30.387399|ioService-0x00007ccbed3ff640|[P2PService][Service][METRIC]heartBeat,connected count=3
info|2025-12-14 20:01:39.620317|timerFactory-0x00007ccbd95ff640|[RPC][WS][SERVICE]connected nodes,count=0
info|2025-12-14 20:01:40.387430|ioService-0x00007ccbed3ff640|[P2PService][Service][METRIC]heartBeat,connected count=3
info|2025-12-14 20:01:49.620342|timerFactory-0x00007ccbd95ff640|[RPC][WS][SERVICE]connected nodes,count=0
info|2025-12-14 20:01:50.387455|ioService-0x00007ccbed3ff640|[P2PService][Service][METRIC]heartBeat,connected count=3
info|2025-12-14 20:01:58.374348|objMonitor-0x00007ccbc67ff640|[startMonitor][AliveObjectMonitor],AliveObjectAllocStat=[ type: bcos::gateway::Socket ,created: 9 ,destroyed: 5 ,alive: 4 ] 
info|2025-12-14 20:01:59.620369|timerFactory-0x00007ccbd95ff640|[RPC][WS][SERVICE]connected nodes,count=0
info|2025-12-14 20:02:00.387479|ioService-0x00007ccbed3ff640|[P2PService][Service][METRIC]heartBeat,connected count=3
info|2025-12-14 20:02:09.620394|timerFactory-0x00007ccbd95ff640|[RPC][WS][SERVICE]connected nodes,count=0
info|2025-12-14 20:02:10.387502|ioService-0x00007ccbed3ff640|[P2PService][Service][METRIC]heartBeat,connected count=3
info|2025-12-14 20:02:19.620421|timerFactory-0x00007ccbd95ff640|[RPC][WS][SERVICE]connected nodes,count=0
info|2025-12-14 20:02:20.387534|ioService-0x00007ccbed3ff640|[P2PService][Service][METRIC]heartBeat,connected count=3
info|2025-12-14 20:02:29.620480|timerFactory-0x00007ccbd95ff640|[RPC][WS][SERVICE]connected nodes,count=0
info|2025-12-14 20:02:30.387623|ioService-0x00007ccbed3ff640|[P2PService][Service][METRIC]heartBeat,connected count=3
info|2025-12-14 20:02:39.620536|timerFactory-0x00007ccbd95ff640|[RPC][WS][SERVICE]connected nodes,count=0
info|2025-12-14 20:02:40.387751|ioService-0x00007ccbed3ff640|[P2PService][Service][METRIC]heartBeat,connected count=3
info|2025-12-14 20:02:49.620561|timerFactory-0x00007ccbd95ff640|[RPC][WS][SERVICE]connected nodes,count=0
info|2025-12-14 20:02:50.387795|ioService-0x00007ccbed3ff640|[P2PService][Service][METRIC]heartBeat,connected count=3
info|2025-12-14 20:02:58.374483|objMonitor-0x00007ccbc67ff640|[startMonitor][AliveObjectMonitor],AliveObjectAllocStat=[ type: bcos::gateway::Socket ,created: 9 ,destroyed: 5 ,alive: 4 ] 
info|2025-12-14 20:02:59.620629|timerFactory-0x00007ccbd95ff640|[RPC][WS][SERVICE]connected nodes,count=0
info|2025-12-14 20:03:00.387823|ioService-0x00007ccbed3ff640|[P2PService][Service][METRIC]heartBeat,connected count=3
info|2025-12-14 20:03:09.620655|timerFactory-0x00007ccbd95ff640|[RPC][WS][SERVICE]connected nodes,count=0
info|2025-12-14 20:03:10.387889|ioService-0x00007ccbed3ff640|[P2PService][Service][METRIC]heartBeat,connected count=3
info|2025-12-14 20:03:19.620681|timerFactory-0x00007ccbd95ff640|[RPC][WS][SERVICE]connected nodes,count=0
info|2025-12-14 20:03:20.387974|ioService-0x00007ccbed3ff640|[P2PService][Service][METRIC]heartBeat,connected count=3
info|2025-12-14 20:03:29.620739|timerFactory-0x00007ccbd95ff640|[RPC][WS][SERVICE]connected nodes,count=0
info|2025-12-14 20:03:30.388111|ioService-0x00007ccbed3ff640|[P2PService][Service][METRIC]heartBeat,connected count=3
info|2025-12-14 20:03:39.620839|timerFactory-0x00007ccbd95ff640|[RPC][WS][SERVICE]connected nodes,count=0
info|2025-12-14 20:03:40.388209|ioService-0x00007ccbed3ff640|[P2PService][Service][METRIC]heartBeat,connected count=3
info|2025-12-14 20:03:49.620927|timerFactory-0x00007ccbd95ff640|[RPC][WS][SERVICE]connected nodes,count=0
info|2025-12-14 20:03:50.388236|ioService-0x00007ccbed3ff640|[P2PService][Service][METRIC]heartBeat,connected count=3
info|2025-12-14 20:03:58.374577|objMonitor-0x00007ccbc67ff640|[startMonitor][AliveObjectMonitor],AliveObjectAllocStat=[ type: bcos::gateway::Socket ,created: 9 ,destroyed: 5 ,alive: 4 ] 
info|2025-12-14 20:03:59.621023|timerFactory-0x00007ccbd95ff640|[RPC][WS][SERVICE]connected nodes,count=0
info|2025-12-14 20:04:00.388264|ioService-0x00007ccbed3ff640|[P2PService][Service][METRIC]heartBeat,connected count=3
info|2025-12-14 20:04:09.621123|timerFactory-0x00007ccbd95ff640|[RPC][WS][SERVICE]connected nodes,count=0
info|2025-12-14 20:04:10.388296|ioService-0x00007ccbed3ff640|[P2PService][Service][METRIC]heartBeat,connected count=3
info|2025-12-14 20:04:19.621150|timerFactory-0x00007ccbd95ff640|[RPC][WS][SERVICE]connected nodes,count=0
info|2025-12-14 20:04:20.388320|ioService-0x00007ccbed3ff640|[P2PService][Service][METRIC]heartBeat,connected count=3
info|2025-12-14 20:04:29.621209|timerFactory-0x00007ccbd95ff640|[RPC][WS][SERVICE]connected nodes,count=0
info|2025-12-14 20:04:30.388342|ioService-0x00007ccbed3ff640|[P2PService][Service][METRIC]heartBeat,connected count=3
info|2025-12-14 20:04:39.621346|timerFactory-0x00007ccbd95ff640|[RPC][WS][SERVICE]connected nodes,count=0
info|2025-12-14 20:04:40.388372|ioService-0x00007ccbed3ff640|[P2PService][Service][METRIC]heartBeat,connected count=3
info|2025-12-14 20:04:49.621367|timerFactory-0x00007ccbd95ff640|[RPC][WS][SERVICE]connected nodes,count=0
info|2025-12-14 20:04:50.388432|ioService-0x00007ccbed3ff640|[P2PService][Service][METRIC]heartBeat,connected count=3
info|2025-12-14 20:04:58.374605|objMonitor-0x00007ccbc67ff640|[startMonitor][AliveObjectMonitor],AliveObjectAllocStat=[ type: bcos::gateway::Socket ,created: 9 ,destroyed: 5 ,alive: 4 ] 
info|2025-12-14 20:04:59.621449|timerFactory-0x00007ccbd95ff640|[RPC][WS][SERVICE]connected nodes,count=0
info|2025-12-14 20:05:00.388510|ioService-0x00007ccbed3ff640|[P2PService][Service][METRIC]heartBeat,connected count=3
info|2025-12-14 20:05:09.621476|timerFactory-0x00007ccbd95ff640|[RPC][WS][SERVICE]connected nodes,count=0
info|2025-12-14 20:05:10.388534|ioService-0x00007ccbed3ff640|[P2PService][Service][METRIC]heartBeat,connected count=3
info|2025-12-14 20:05:19.621507|timerFactory-0x00007ccbd95ff640|[RPC][WS][SERVICE]connected nodes,count=0
info|2025-12-14 20:05:20.388598|ioService-0x00007ccbed3ff640|[P2PService][Service][METRIC]heartBeat,connected count=3
info|2025-12-14 20:05:29.621534|timerFactory-0x00007ccbd95ff640|[RPC][WS][SERVICE]connected nodes,count=0
info|2025-12-14 20:05:30.388654|ioService-0x00007ccbed3ff640|[P2PService][Service][METRIC]heartBeat,connected count=3
info|2025-12-14 20:05:39.621565|timerFactory-0x00007ccbd95ff640|[RPC][WS][SERVICE]connected nodes,count=0
info|2025-12-14 20:05:40.388718|ioService-0x00007ccbed3ff640|[P2PService][Service][METRIC]heartBeat,connected count=3
info|2025-12-14 20:05:49.621597|timerFactory-0x00007ccbd95ff640|[RPC][WS][SERVICE]connected nodes,count=0
info|2025-12-14 20:05:50.388804|ioService-0x00007ccbed3ff640|[P2PService][Service][METRIC]heartBeat,connected count=3
info|2025-12-14 20:05:58.374756|objMonitor-0x00007ccbc67ff640|[startMonitor][AliveObjectMonitor],AliveObjectAllocStat=[ type: bcos::gateway::Socket ,created: 9 ,destroyed: 5 ,alive: 4 ] 
info|2025-12-14 20:05:59.621629|timerFactory-0x00007ccbd95ff640|[RPC][WS][SERVICE]connected nodes,count=0
info|2025-12-14 20:06:00.388873|ioService-0x00007ccbed3ff640|[P2PService][Service][METRIC]heartBeat,connected count=3
info|2025-12-14 20:06:09.621658|timerFactory-0x00007ccbd95ff640|[RPC][WS][SERVICE]connected nodes,count=0
info|2025-12-14 20:06:10.388906|ioService-0x00007ccbed3ff640|[P2PService][Service][METRIC]heartBeat,connected count=3
info|2025-12-14 20:06:19.621685|timerFactory-0x00007ccbd95ff640|[RPC][WS][SERVICE]connected nodes,count=0
info|2025-12-14 20:06:20.389039|ioService-0x00007ccbed3ff640|[P2PService][Service][METRIC]heartBeat,connected count=3
info|2025-12-14 20:06:29.621714|timerFactory-0x00007ccbd95ff640|[RPC][WS][SERVICE]connected nodes,count=0
info|2025-12-14 20:06:30.389138|ioService-0x00007ccbed3ff640|[P2PService][Service][METRIC]heartBeat,connected count=3
info|2025-12-14 20:06:39.621743|timerFactory-0x00007ccbd95ff640|[RPC][WS][SERVICE]connected nodes,count=0
info|2025-12-14 20:06:40.389177|ioService-0x00007ccbed3ff640|[P2PService][Service][METRIC]heartBeat,connected count=3
info|2025-12-14 20:06:49.621847|timerFactory-0x00007ccbd95ff640|[RPC][WS][SERVICE]connected nodes,count=0
info|2025-12-14 20:06:50.389242|ioService-0x00007ccbed3ff640|[P2PService][Service][METRIC]heartBeat,connected count=3
info|2025-12-14 20:06:58.374923|objMonitor-0x00007ccbc67ff640|[startMonitor][AliveObjectMonitor],AliveObjectAllocStat=[ type: bcos::gateway::Socket ,created: 9 ,destroyed: 5 ,alive: 4 ] 
info|2025-12-14 20:06:59.621933|timerFactory-0x00007ccbd95ff640|[RPC][WS][SERVICE]connected nodes,count=0
info|2025-12-14 20:07:00.389307|ioService-0x00007ccbed3ff640|[P2PService][Service][METRIC]heartBeat,connected count=3
info|2025-12-14 20:07:09.621962|timerFactory-0x00007ccbd95ff640|[RPC][WS][SERVICE]connected nodes,count=0
info|2025-12-14 20:07:10.389383|ioService-0x00007ccbed3ff640|[P2PService][Service][METRIC]heartBeat,connected count=3
info|2025-12-14 20:07:19.622035|timerFactory-0x00007ccbd95ff640|[RPC][WS][SERVICE]connected nodes,count=0
info|2025-12-14 20:07:20.389450|ioService-0x00007ccbed3ff640|[P2PService][Service][METRIC]heartBeat,connected count=3
info|2025-12-14 20:07:29.622096|timerFactory-0x00007ccbd95ff640|[RPC][WS][SERVICE]connected nodes,count=0
info|2025-12-14 20:07:30.389487|ioService-0x00007ccbed3ff640|[P2PService][Service][METRIC]heartBeat,connected count=3
info|2025-12-14 20:07:39.622126|timerFactory-0x00007ccbd95ff640|[RPC][WS][SERVICE]connected nodes,count=0
info|2025-12-14 20:07:40.389619|ioService-0x00007ccbed3ff640|[P2PService][Service][METRIC]heartBeat,connected count=3
info|2025-12-14 20:07:49.622196|timerFactory-0x00007ccbd95ff640|[RPC][WS][SERVICE]connected nodes,count=0
info|2025-12-14 20:07:50.389702|ioService-0x00007ccbed3ff640|[P2PService][Service][METRIC]heartBeat,connected count=3
info|2025-12-14 20:07:58.374976|objMonitor-0x00007ccbc67ff640|[startMonitor][AliveObjectMonitor],AliveObjectAllocStat=[ type: bcos::gateway::Socket ,created: 9 ,destroyed: 5 ,alive: 4 ] 
info|2025-12-14 20:07:59.622224|timerFactory-0x00007ccbd95ff640|[RPC][WS][SERVICE]connected nodes,count=0
info|2025-12-14 20:08:00.389798|ioService-0x00007ccbed3ff640|[P2PService][Service][METRIC]heartBeat,connected count=3
info|2025-12-14 20:08:09.622254|timerFactory-0x00007ccbd95ff640|[RPC][WS][SERVICE]connected nodes,count=0
info|2025-12-14 20:08:10.389861|ioService-0x00007ccbed3ff640|[P2PService][Service][METRIC]heartBeat,connected count=3
info|2025-12-14 20:08:19.622282|timerFactory-0x00007ccbd95ff640|[RPC][WS][SERVICE]connected nodes,count=0
info|2025-12-14 20:08:20.389888|ioService-0x00007ccbed3ff640|[P2PService][Service][METRIC]heartBeat,connected count=3
info|2025-12-14 20:08:29.622349|timerFactory-0x00007ccbd95ff640|[RPC][WS][SERVICE]connected nodes,count=0
info|2025-12-14 20:08:30.389943|ioService-0x00007ccbed3ff640|[P2PService][Service][METRIC]heartBeat,connected count=3
info|2025-12-14 20:08:39.622416|timerFactory-0x00007ccbd95ff640|[RPC][WS][SERVICE]connected nodes,count=0
info|2025-12-14 20:08:40.390047|ioService-0x00007ccbed3ff640|[P2PService][Service][METRIC]heartBeat,connected count=3
info|2025-12-14 20:08:49.622447|timerFactory-0x00007ccbd95ff640|[RPC][WS][SERVICE]connected nodes,count=0
info|2025-12-14 20:08:50.390191|ioService-0x00007ccbed3ff640|[P2PService][Service][METRIC]heartBeat,connected count=3
info|2025-12-14 20:08:58.375080|objMonitor-0x00007ccbc67ff640|[startMonitor][AliveObjectMonitor],AliveObjectAllocStat=[ type: bcos::gateway::Socket ,created: 9 ,destroyed: 5 ,alive: 4 ] [ type: bcos::gateway::ResponseCallback ,created: 5375680 ,destroyed: 5375675 ,alive: 5 ] 
info|2025-12-14 20:08:59.622476|timerFactory-0x00007ccbd95ff640|[RPC][WS][SERVICE]connected nodes,count=0
info|2025-12-14 20:09:00.390210|ioService-0x00007ccbed3ff640|[P2PService][Service][METRIC]heartBeat,connected count=3
info|2025-12-14 20:09:09.622508|timerFactory-0x00007ccbd95ff640|[RPC][WS][SERVICE]connected nodes,count=0
info|2025-12-14 20:09:10.390232|ioService-0x00007ccbed3ff640|[P2PService][Service][METRIC]heartBeat,connected count=3
info|2025-12-14 20:09:19.622540|timerFactory-0x00007ccbd95ff640|[RPC][WS][SERVICE]connected nodes,count=0
info|2025-12-14 20:09:20.390334|ioService-0x00007ccbed3ff640|[P2PService][Service][METRIC]heartBeat,connected count=3
info|2025-12-14 20:09:29.622571|timerFactory-0x00007ccbd95ff640|[RPC][WS][SERVICE]connected nodes,count=0
info|2025-12-14 20:09:30.390395|ioService-0x00007ccbed3ff640|[P2PService][Service][METRIC]heartBeat,connected count=3
info|2025-12-14 20:09:39.622611|timerFactory-0x00007ccbd95ff640|[RPC][WS][SERVICE]connected nodes,count=0
info|2025-12-14 20:09:40.390555|ioService-0x00007ccbed3ff640|[P2PService][Service][METRIC]heartBeat,connected count=3
info|2025-12-14 20:09:49.622643|timerFactory-0x00007ccbd95ff640|[RPC][WS][SERVICE]connected nodes,count=0
info|2025-12-14 20:09:50.390656|ioService-0x00007ccbed3ff640|[P2PService][Service][METRIC]heartBeat,connected count=3
info|2025-12-14 20:09:58.375118|objMonitor-0x00007ccbc67ff640|[startMonitor][AliveObjectMonitor],AliveObjectAllocStat=[ type: bcos::gateway::Socket ,created: 9 ,destroyed: 5 ,alive: 4 ] 
info|2025-12-14 20:09:59.622672|timerFactory-0x00007ccbd95ff640|[RPC][WS][SERVICE]connected nodes,count=0
info|2025-12-14 20:10:00.390685|ioService-0x00007ccbed3ff640|[P2PService][Service][METRIC]heartBeat,connected count=3
info|2025-12-14 20:10:09.622704|timerFactory-0x00007ccbd95ff640|[RPC][WS][SERVICE]connected nodes,count=0
info|2025-12-14 20:10:10.390712|ioService-0x00007ccbed3ff640|[P2PService][Service][METRIC]heartBeat,connected count=3
info|2025-12-14 20:10:19.622788|timerFactory-0x00007ccbd95ff640|[RPC][WS][SERVICE]connected nodes,count=0
info|2025-12-14 20:10:20.390778|ioService-0x00007ccbed3ff640|[P2PService][Service][METRIC]heartBeat,connected count=3
info|2025-12-14 20:10:29.622816|timerFactory-0x00007ccbd95ff640|[RPC][WS][SERVICE]connected nodes,count=0
info|2025-12-14 20:10:30.390802|ioService-0x00007ccbed3ff640|[P2PService][Service][METRIC]heartBeat,connected count=3
info|2025-12-14 20:10:39.622885|timerFactory-0x00007ccbd95ff640|[RPC][WS][SERVICE]connected nodes,count=0
info|2025-12-14 20:10:40.390828|ioService-0x00007ccbed3ff640|[P2PService][Service][METRIC]heartBeat,connected count=3
info|2025-12-14 20:10:49.622915|timerFactory-0x00007ccbd95ff640|[RPC][WS][SERVICE]connected nodes,count=0
info|2025-12-14 20:10:50.390853|ioService-0x00007ccbed3ff640|[P2PService][Service][METRIC]heartBeat,connected count=3
info|2025-12-14 20:10:58.375163|objMonitor-0x00007ccbc67ff640|[startMonitor][AliveObjectMonitor],AliveObjectAllocStat=[ type: bcos::gateway::Socket ,created: 9 ,destroyed: 5 ,alive: 4 ] 
info|2025-12-14 20:10:59.622944|timerFactory-0x00007ccbd95ff640|[RPC][WS][SERVICE]connected nodes,count=0
info|2025-12-14 20:11:00.390903|ioService-0x00007ccbed3ff640|[P2PService][Service][METRIC]heartBeat,connected count=3
info|2025-12-14 20:11:09.622972|timerFactory-0x00007ccbd95ff640|[RPC][WS][SERVICE]connected nodes,count=0
info|2025-12-14 20:11:10.390929|ioService-0x00007ccbed3ff640|[P2PService][Service][METRIC]heartBeat,connected count=3
info|2025-12-14 20:11:19.623059|timerFactory-0x00007ccbd95ff640|[RPC][WS][SERVICE]connected nodes,count=0
info|2025-12-14 20:11:20.390999|ioService-0x00007ccbed3ff640|[P2PService][Service][METRIC]heartBeat,connected count=3
info|2025-12-14 20:11:29.623136|timerFactory-0x00007ccbd95ff640|[RPC][WS][SERVICE]connected nodes,count=0
info|2025-12-14 20:11:30.391093|ioService-0x00007ccbed3ff640|[P2PService][Service][METRIC]heartBeat,connected count=3
info|2025-12-14 20:11:39.623207|timerFactory-0x00007ccbd95ff640|[RPC][WS][SERVICE]connected nodes,count=0
info|2025-12-14 20:11:40.391233|ioService-0x00007ccbed3ff640|[P2PService][Service][METRIC]heartBeat,connected count=3
info|2025-12-14 20:11:49.623282|timerFactory-0x00007ccbd95ff640|[RPC][WS][SERVICE]connected nodes,count=0
info|2025-12-14 20:11:50.391386|ioService-0x00007ccbed3ff640|[P2PService][Service][METRIC]heartBeat,connected count=3
info|2025-12-14 20:11:58.375301|objMonitor-0x00007ccbc67ff640|[startMonitor][AliveObjectMonitor],AliveObjectAllocStat=[ type: bcos::gateway::Socket ,created: 9 ,destroyed: 5 ,alive: 4 ] 
info|2025-12-14 20:11:59.623325|timerFactory-0x00007ccbd95ff640|[RPC][WS][SERVICE]connected nodes,count=0
info|2025-12-14 20:12:00.391409|ioService-0x00007ccbed3ff640|[P2PService][Service][METRIC]heartBeat,connected count=3
info|2025-12-14 20:12:09.623353|timerFactory-0x00007ccbd95ff640|[RPC][WS][SERVICE]connected nodes,count=0
info|2025-12-14 20:12:10.391476|ioService-0x00007ccbed3ff640|[P2PService][Service][METRIC]heartBeat,connected count=3
info|2025-12-14 20:12:19.623384|timerFactory-0x00007ccbd95ff640|[RPC][WS][SERVICE]connected nodes,count=0
info|2025-12-14 20:12:20.391548|ioService-0x00007ccbed3ff640|[P2PService][Service][METRIC]heartBeat,connected count=3
info|2025-12-14 20:12:29.623414|timerFactory-0x00007ccbd95ff640|[RPC][WS][SERVICE]connected nodes,count=0
info|2025-12-14 20:12:30.391567|ioService-0x00007ccbed3ff640|[P2PService][Service][METRIC]heartBeat,connected count=3
info|2025-12-14 20:12:39.623491|timerFactory-0x00007ccbd95ff640|[RPC][WS][SERVICE]connected nodes,count=0
info|2025-12-14 20:12:40.391586|ioService-0x00007ccbed3ff640|[P2PService][Service][METRIC]heartBeat,connected count=3
info|2025-12-14 20:12:49.623519|timerFactory-0x00007ccbd95ff640|[RPC][WS][SERVICE]connected nodes,count=0
info|2025-12-14 20:12:50.391605|ioService-0x00007ccbed3ff640|[P2PService][Service][METRIC]heartBeat,connected count=3
info|2025-12-14 20:12:58.375344|objMonitor-0x00007ccbc67ff640|[startMonitor][AliveObjectMonitor],AliveObjectAllocStat=[ type: bcos::gateway::Socket ,created: 9 ,destroyed: 5 ,alive: 4 ] 
info|2025-12-14 20:12:59.623583|timerFactory-0x00007ccbd95ff640|[RPC][WS][SERVICE]connected nodes,count=0
info|2025-12-14 20:13:00.391691|ioService-0x00007ccbed3ff640|[P2PService][Service][METRIC]heartBeat,connected count=3
info|2025-12-14 20:13:09.623614|timerFactory-0x00007ccbd95ff640|[RPC][WS][SERVICE]connected nodes,count=0
info|2025-12-14 20:13:10.391720|ioService-0x00007ccbed3ff640|[P2PService][Service][METRIC]heartBeat,connected count=3
info|2025-12-14 20:13:19.623678|timerFactory-0x00007ccbd95ff640|[RPC][WS][SERVICE]connected nodes,count=0
info|2025-12-14 20:13:20.391740|ioService-0x00007ccbed3ff640|[P2PService][Service][METRIC]heartBeat,connected count=3
info|2025-12-14 20:13:29.623708|timerFactory-0x00007ccbd95ff640|[RPC][WS][SERVICE]connected nodes,count=0
info|2025-12-14 20:13:30.391759|ioService-0x00007ccbed3ff640|[P2PService][Service][METRIC]heartBeat,connected count=3
info|2025-12-14 20:13:39.623744|timerFactory-0x00007ccbd95ff640|[RPC][WS][SERVICE]connected nodes,count=0
info|2025-12-14 20:13:40.391844|ioService-0x00007ccbed3ff640|[P2PService][Service][METRIC]heartBeat,connected count=3
info|2025-12-14 20:13:49.623773|timerFactory-0x00007ccbd95ff640|[RPC][WS][SERVICE]connected nodes,count=0
info|2025-12-14 20:13:50.391991|ioService-0x00007ccbed3ff640|[P2PService][Service][METRIC]heartBeat,connected count=3
info|2025-12-14 20:13:58.375382|objMonitor-0x00007ccbc67ff640|[startMonitor][AliveObjectMonitor],AliveObjectAllocStat=[ type: bcos::gateway::Socket ,created: 9 ,destroyed: 5 ,alive: 4 ] 
info|2025-12-14 20:13:59.623834|timerFactory-0x00007ccbd95ff640|[RPC][WS][SERVICE]connected nodes,count=0
info|2025-12-14 20:14:00.392015|ioService-0x00007ccbed3ff640|[P2PService][Service][METRIC]heartBeat,connected count=3
info|2025-12-14 20:14:09.623863|timerFactory-0x00007ccbd95ff640|[RPC][WS][SERVICE]connected nodes,count=0
info|2025-12-14 20:14:10.392041|ioService-0x00007ccbed3ff640|[P2PService][Service][METRIC]heartBeat,connected count=3
info|2025-12-14 20:14:19.623924|timerFactory-0x00007ccbd95ff640|[RPC][WS][SERVICE]connected nodes,count=0
info|2025-12-14 20:14:20.392108|ioService-0x00007ccbed3ff640|[P2PService][Service][METRIC]heartBeat,connected count=3
info|2025-12-14 20:14:29.623954|timerFactory-0x00007ccbd95ff640|[RPC][WS][SERVICE]connected nodes,count=0
info|2025-12-14 20:14:30.392362|ioService-0x00007ccbed3ff640|[P2PService][Service][METRIC]heartBeat,connected count=3
info|2025-12-14 20:14:39.623983|timerFactory-0x00007ccbd95ff640|[RPC][WS][SERVICE]connected nodes,count=0
info|2025-12-14 20:14:40.392423|ioService-0x00007ccbed3ff640|[P2PService][Service][METRIC]heartBeat,connected count=3
info|2025-12-14 20:14:49.624010|timerFactory-0x00007ccbd95ff640|[RPC][WS][SERVICE]connected nodes,count=0
info|2025-12-14 20:14:50.392471|ioService-0x00007ccbed3ff640|[P2PService][Service][METRIC]heartBeat,connected count=3
info|2025-12-14 20:14:58.375418|objMonitor-0x00007ccbc67ff640|[startMonitor][AliveObjectMonitor],AliveObjectAllocStat=[ type: bcos::gateway::Socket ,created: 9 ,destroyed: 5 ,alive: 4 ] 
info|2025-12-14 20:14:59.624070|timerFactory-0x00007ccbd95ff640|[RPC][WS][SERVICE]connected nodes,count=0
info|2025-12-14 20:15:00.392543|ioService-0x00007ccbed3ff640|[P2PService][Service][METRIC]heartBeat,connected count=3
info|2025-12-14 20:15:09.624099|timerFactory-0x00007ccbd95ff640|[RPC][WS][SERVICE]connected nodes,count=0
info|2025-12-14 20:15:10.392569|ioService-0x00007ccbed3ff640|[P2PService][Service][METRIC]heartBeat,connected count=3
info|2025-12-14 20:15:19.624137|timerFactory-0x00007ccbd95ff640|[RPC][WS][SERVICE]connected nodes,count=0
info|2025-12-14 20:15:20.392735|ioService-0x00007ccbed3ff640|[P2PService][Service][METRIC]heartBeat,connected count=3
info|2025-12-14 20:15:29.624172|timerFactory-0x00007ccbd95ff640|[RPC][WS][SERVICE]connected nodes,count=0
info|2025-12-14 20:15:30.392761|ioService-0x00007ccbed3ff640|[P2PService][Service][METRIC]heartBeat,connected count=3
info|2025-12-14 20:15:39.624200|timerFactory-0x00007ccbd95ff640|[RPC][WS][SERVICE]connected nodes,count=0
info|2025-12-14 20:15:40.392787|ioService-0x00007ccbed3ff640|[P2PService][Service][METRIC]heartBeat,connected count=3
info|2025-12-14 20:15:49.624228|timerFactory-0x00007ccbd95ff640|[RPC][WS][SERVICE]connected nodes,count=0
info|2025-12-14 20:15:50.392883|ioService-0x00007ccbed3ff640|[P2PService][Service][METRIC]heartBeat,connected count=3
info|2025-12-14 20:15:58.375452|objMonitor-0x00007ccbc67ff640|[startMonitor][AliveObjectMonitor],AliveObjectAllocStat=[ type: bcos::gateway::Socket ,created: 9 ,destroyed: 5 ,alive: 4 ] 
info|2025-12-14 20:15:59.624257|timerFactory-0x00007ccbd95ff640|[RPC][WS][SERVICE]connected nodes,count=0
info|2025-12-14 20:16:00.392979|ioService-0x00007ccbed3ff640|[P2PService][Service][METRIC]heartBeat,connected count=3
info|2025-12-14 20:16:09.624289|timerFactory-0x00007ccbd95ff640|[RPC][WS][SERVICE]connected nodes,count=0
info|2025-12-14 20:16:10.392995|ioService-0x00007ccbed3ff640|[P2PService][Service][METRIC]heartBeat,connected count=3
info|2025-12-14 20:16:19.624326|timerFactory-0x00007ccbd95ff640|[RPC][WS][SERVICE]connected nodes,count=0
info|2025-12-14 20:16:20.393073|ioService-0x00007ccbed3ff640|[P2PService][Service][METRIC]heartBeat,connected count=3
info|2025-12-14 20:16:29.624386|timerFactory-0x00007ccbd95ff640|[RPC][WS][SERVICE]connected nodes,count=0
info|2025-12-14 20:16:30.393197|ioService-0x00007ccbed3ff640|[P2PService][Service][METRIC]heartBeat,connected count=3
info|2025-12-14 20:16:39.624412|timerFactory-0x00007ccbd95ff640|[RPC][WS][SERVICE]connected nodes,count=0
info|2025-12-14 20:16:40.393377|ioService-0x00007ccbed3ff640|[P2PService][Service][METRIC]heartBeat,connected count=3
info|2025-12-14 20:16:49.624479|timerFactory-0x00007ccbd95ff640|[RPC][WS][SERVICE]connected nodes,count=0
info|2025-12-14 20:16:50.393462|ioService-0x00007ccbed3ff640|[P2PService][Service][METRIC]heartBeat,connected count=3
info|2025-12-14 20:16:58.375490|objMonitor-0x00007ccbc67ff640|[startMonitor][AliveObjectMonitor],AliveObjectAllocStat=[ type: bcos::gateway::Socket ,created: 9 ,destroyed: 5 ,alive: 4 ] 
info|2025-12-14 20:16:59.624516|timerFactory-0x00007ccbd95ff640|[RPC][WS][SERVICE]connected nodes,count=0
info|2025-12-14 20:17:00.393565|ioService-0x00007ccbed3ff640|[P2PService][Service][METRIC]heartBeat,connected count=3
info|2025-12-14 20:17:09.624548|timerFactory-0x00007ccbd95ff640|[RPC][WS][SERVICE]connected nodes,count=0
info|2025-12-14 20:17:10.393587|ioService-0x00007ccbed3ff640|[P2PService][Service][METRIC]heartBeat,connected count=3
info|2025-12-14 20:17:19.624612|timerFactory-0x00007ccbd95ff640|[RPC][WS][SERVICE]connected nodes,count=0
info|2025-12-14 20:17:20.393607|ioService-0x00007ccbed3ff640|[P2PService][Service][METRIC]heartBeat,connected count=3
info|2025-12-14 20:17:29.624671|timerFactory-0x00007ccbd95ff640|[RPC][WS][SERVICE]connected nodes,count=0
info|2025-12-14 20:17:30.393623|ioService-0x00007ccbed3ff640|[P2PService][Service][METRIC]heartBeat,connected count=3
info|2025-12-14 20:17:39.624700|timerFactory-0x00007ccbd95ff640|[RPC][WS][SERVICE]connected nodes,count=0
info|2025-12-14 20:17:40.393646|ioService-0x00007ccbed3ff640|[P2PService][Service][METRIC]heartBeat,connected count=3
info|2025-12-14 20:17:49.624731|timerFactory-0x00007ccbd95ff640|[RPC][WS][SERVICE]connected nodes,count=0
info|2025-12-14 20:17:50.393669|ioService-0x00007ccbed3ff640|[P2PService][Service][METRIC]heartBeat,connected count=3
info|2025-12-14 20:17:58.375522|objMonitor-0x00007ccbc67ff640|[startMonitor][AliveObjectMonitor],AliveObjectAllocStat=[ type: bcos::gateway::Socket ,created: 9 ,destroyed: 5 ,alive: 4 ] 
info|2025-12-14 20:17:59.624773|timerFactory-0x00007ccbd95ff640|[RPC][WS][SERVICE]connected nodes,count=0
info|2025-12-14 20:18:00.393694|ioService-0x00007ccbed3ff640|[P2PService][Service][METRIC]heartBeat,connected count=3
info|2025-12-14 20:18:09.624805|timerFactory-0x00007ccbd95ff640|[RPC][WS][SERVICE]connected nodes,count=0
info|2025-12-14 20:18:10.393727|ioService-0x00007ccbed3ff640|[P2PService][Service][METRIC]heartBeat,connected count=3
info|2025-12-14 20:18:19.624835|timerFactory-0x00007ccbd95ff640|[RPC][WS][SERVICE]connected nodes,count=0
info|2025-12-14 20:18:20.393817|ioService-0x00007ccbed3ff640|[P2PService][Service][METRIC]heartBeat,connected count=3
info|2025-12-14 20:18:29.624917|timerFactory-0x00007ccbd95ff640|[RPC][WS][SERVICE]connected nodes,count=0
info|2025-12-14 20:18:30.393948|ioService-0x00007ccbed3ff640|[P2PService][Service][METRIC]heartBeat,connected count=3
info|2025-12-14 20:18:39.624954|timerFactory-0x00007ccbd95ff640|[RPC][WS][SERVICE]connected nodes,count=0
info|2025-12-14 20:18:40.394013|ioService-0x00007ccbed3ff640|[P2PService][Service][METRIC]heartBeat,connected count=3
info|2025-12-14 20:18:49.624983|timerFactory-0x00007ccbd95ff640|[RPC][WS][SERVICE]connected nodes,count=0
info|2025-12-14 20:18:50.394089|ioService-0x00007ccbed3ff640|[P2PService][Service][METRIC]heartBeat,connected count=3
info|2025-12-14 20:18:58.375568|objMonitor-0x00007ccbc67ff640|[startMonitor][AliveObjectMonitor],AliveObjectAllocStat=[ type: bcos::gateway::Socket ,created: 9 ,destroyed: 5 ,alive: 4 ] 
info|2025-12-14 20:18:59.625005|timerFactory-0x00007ccbd95ff640|[RPC][WS][SERVICE]connected nodes,count=0
info|2025-12-14 20:19:00.394119|ioService-0x00007ccbed3ff640|[P2PService][Service][METRIC]heartBeat,connected count=3
info|2025-12-14 20:19:09.625026|timerFactory-0x00007ccbd95ff640|[RPC][WS][SERVICE]connected nodes,count=0
info|2025-12-14 20:19:10.394197|ioService-0x00007ccbed3ff640|[P2PService][Service][METRIC]heartBeat,connected count=3
info|2025-12-14 20:19:19.625085|timerFactory-0x00007ccbd95ff640|[RPC][WS][SERVICE]connected nodes,count=0
info|2025-12-14 20:19:20.394267|ioService-0x00007ccbed3ff640|[P2PService][Service][METRIC]heartBeat,connected count=3
info|2025-12-14 20:19:29.625144|timerFactory-0x00007ccbd95ff640|[RPC][WS][SERVICE]connected nodes,count=0
info|2025-12-14 20:19:30.394368|ioService-0x00007ccbed3ff640|[P2PService][Service][METRIC]heartBeat,connected count=3
info|2025-12-14 20:19:39.625178|timerFactory-0x00007ccbd95ff640|[RPC][WS][SERVICE]connected nodes,count=0
info|2025-12-14 20:19:40.394398|ioService-0x00007ccbed3ff640|[P2PService][Service][METRIC]heartBeat,connected count=3
info|2025-12-14 20:19:49.625201|timerFactory-0x00007ccbd95ff640|[RPC][WS][SERVICE]connected nodes,count=0
info|2025-12-14 20:19:50.394438|ioService-0x00007ccbed3ff640|[P2PService][Service][METRIC]heartBeat,connected count=3
info|2025-12-14 20:19:58.375603|objMonitor-0x00007ccbc67ff640|[startMonitor][AliveObjectMonitor],AliveObjectAllocStat=[ type: bcos::gateway::Socket ,created: 9 ,destroyed: 5 ,alive: 4 ] 
info|2025-12-14 20:19:59.625226|timerFactory-0x00007ccbd95ff640|[RPC][WS][SERVICE]connected nodes,count=0
info|2025-12-14 20:20:00.394481|ioService-0x00007ccbed3ff640|[P2PService][Service][METRIC]heartBeat,connected count=3
info|2025-12-14 20:20:09.625266|timerFactory-0x00007ccbd95ff640|[RPC][WS][SERVICE]connected nodes,count=0
info|2025-12-14 20:20:10.394526|ioService-0x00007ccbed3ff640|[P2PService][Service][METRIC]heartBeat,connected count=3
info|2025-12-14 20:20:19.625292|timerFactory-0x00007ccbd95ff640|[RPC][WS][SERVICE]connected nodes,count=0
info|2025-12-14 20:20:20.394560|ioService-0x00007ccbed3ff640|[P2PService][Service][METRIC]heartBeat,connected count=3
info|2025-12-14 20:20:29.625317|timerFactory-0x00007ccbd95ff640|[RPC][WS][SERVICE]connected nodes,count=0
info|2025-12-14 20:20:30.394649|ioService-0x00007ccbed3ff640|[P2PService][Service][METRIC]heartBeat,connected count=3
info|2025-12-14 20:20:39.625344|timerFactory-0x00007ccbd95ff640|[RPC][WS][SERVICE]connected nodes,count=0
info|2025-12-14 20:20:40.394704|ioService-0x00007ccbed3ff640|[P2PService][Service][METRIC]heartBeat,connected count=3
info|2025-12-14 20:20:49.625368|timerFactory-0x00007ccbd95ff640|[RPC][WS][SERVICE]connected nodes,count=0
info|2025-12-14 20:20:50.394842|ioService-0x00007ccbed3ff640|[P2PService][Service][METRIC]heartBeat,connected count=3
info|2025-12-14 20:20:58.375646|objMonitor-0x00007ccbc67ff640|[startMonitor][AliveObjectMonitor],AliveObjectAllocStat=[ type: bcos::gateway::Socket ,created: 9 ,destroyed: 5 ,alive: 4 ] 
info|2025-12-14 20:20:59.625393|timerFactory-0x00007ccbd95ff640|[RPC][WS][SERVICE]connected nodes,count=0
info|2025-12-14 20:21:00.394902|ioService-0x00007ccbed3ff640|[P2PService][Service][METRIC]heartBeat,connected count=3
info|2025-12-14 20:21:09.625417|timerFactory-0x00007ccbd95ff640|[RPC][WS][SERVICE]connected nodes,count=0
info|2025-12-14 20:21:10.395006|ioService-0x00007ccbed3ff640|[P2PService][Service][METRIC]heartBeat,connected count=3
info|2025-12-14 20:21:19.625440|timerFactory-0x00007ccbd95ff640|[RPC][WS][SERVICE]connected nodes,count=0
info|2025-12-14 20:21:20.395028|ioService-0x00007ccbed3ff640|[P2PService][Service][METRIC]heartBeat,connected count=3
info|2025-12-14 20:21:29.625465|timerFactory-0x00007ccbd95ff640|[RPC][WS][SERVICE]connected nodes,count=0
info|2025-12-14 20:21:30.395100|ioService-0x00007ccbed3ff640|[P2PService][Service][METRIC]heartBeat,connected count=3
info|2025-12-14 20:21:39.625513|timerFactory-0x00007ccbd95ff640|[RPC][WS][SERVICE]connected nodes,count=0
info|2025-12-14 20:21:40.395158|ioService-0x00007ccbed3ff640|[P2PService][Service][METRIC]heartBeat,connected count=3
info|2025-12-14 20:21:49.625536|timerFactory-0x00007ccbd95ff640|[RPC][WS][SERVICE]connected nodes,count=0
info|2025-12-14 20:21:50.395302|ioService-0x00007ccbed3ff640|[P2PService][Service][METRIC]heartBeat,connected count=3
info|2025-12-14 20:21:58.375684|objMonitor-0x00007ccbc67ff640|[startMonitor][AliveObjectMonitor],AliveObjectAllocStat=[ type: bcos::gateway::Socket ,created: 9 ,destroyed: 5 ,alive: 4 ] 
info|2025-12-14 20:21:59.625603|timerFactory-0x00007ccbd95ff640|[RPC][WS][SERVICE]connected nodes,count=0
info|2025-12-14 20:22:00.395433|ioService-0x00007ccbed3ff640|[P2PService][Service][METRIC]heartBeat,connected count=3
info|2025-12-14 20:22:09.625704|timerFactory-0x00007ccbd95ff640|[RPC][WS][SERVICE]connected nodes,count=0
info|2025-12-14 20:22:10.395460|ioService-0x00007ccbed3ff640|[P2PService][Service][METRIC]heartBeat,connected count=3
info|2025-12-14 20:22:19.625757|timerFactory-0x00007ccbd95ff640|[RPC][WS][SERVICE]connected nodes,count=0
info|2025-12-14 20:22:20.395621|ioService-0x00007ccbed3ff640|[P2PService][Service][METRIC]heartBeat,connected count=3
info|2025-12-14 20:22:29.625816|timerFactory-0x00007ccbd95ff640|[RPC][WS][SERVICE]connected nodes,count=0
info|2025-12-14 20:22:30.395759|ioService-0x00007ccbed3ff640|[P2PService][Service][METRIC]heartBeat,connected count=3
info|2025-12-14 20:22:39.625838|timerFactory-0x00007ccbd95ff640|[RPC][WS][SERVICE]connected nodes,count=0
info|2025-12-14 20:22:40.395786|ioService-0x00007ccbed3ff640|[P2PService][Service][METRIC]heartBeat,connected count=3
info|2025-12-14 20:22:49.625862|timerFactory-0x00007ccbd95ff640|[RPC][WS][SERVICE]connected nodes,count=0
info|2025-12-14 20:22:50.395857|ioService-0x00007ccbed3ff640|[P2PService][Service][METRIC]heartBeat,connected count=3
info|2025-12-14 20:22:58.375722|objMonitor-0x00007ccbc67ff640|[startMonitor][AliveObjectMonitor],AliveObjectAllocStat=[ type: bcos::gateway::Socket ,created: 9 ,destroyed: 5 ,alive: 4 ] 
info|2025-12-14 20:22:59.625884|timerFactory-0x00007ccbd95ff640|[RPC][WS][SERVICE]connected nodes,count=0
info|2025-12-14 20:23:00.395918|ioService-0x00007ccbed3ff640|[P2PService][Service][METRIC]heartBeat,connected count=3
info|2025-12-14 20:23:09.625934|timerFactory-0x00007ccbd95ff640|[RPC][WS][SERVICE]connected nodes,count=0
info|2025-12-14 20:23:10.396014|ioService-0x00007ccbed3ff640|[P2PService][Service][METRIC]heartBeat,connected count=3
info|2025-12-14 20:23:19.626021|timerFactory-0x00007ccbd95ff640|[RPC][WS][SERVICE]connected nodes,count=0
info|2025-12-14 20:23:20.396084|ioService-0x00007ccbed3ff640|[P2PService][Service][METRIC]heartBeat,connected count=3
info|2025-12-14 20:23:29.626044|timerFactory-0x00007ccbd95ff640|[RPC][WS][SERVICE]connected nodes,count=0
info|2025-12-14 20:23:30.396260|ioService-0x00007ccbed3ff640|[P2PService][Service][METRIC]heartBeat,connected count=3
info|2025-12-14 20:23:39.626231|timerFactory-0x00007ccbd95ff640|[RPC][WS][SERVICE]connected nodes,count=0
info|2025-12-14 20:23:40.396294|ioService-0x00007ccbed3ff640|[P2PService][Service][METRIC]heartBeat,connected count=3
info|2025-12-14 20:23:49.626272|timerFactory-0x00007ccbd95ff640|[RPC][WS][SERVICE]connected nodes,count=0
info|2025-12-14 20:23:50.396435|ioService-0x00007ccbed3ff640|[P2PService][Service][METRIC]heartBeat,connected count=3
info|2025-12-14 20:23:58.375758|objMonitor-0x00007ccbc67ff640|[startMonitor][AliveObjectMonitor],AliveObjectAllocStat=[ type: bcos::gateway::Socket ,created: 9 ,destroyed: 5 ,alive: 4 ] 
info|2025-12-14 20:23:59.626310|timerFactory-0x00007ccbd95ff640|[RPC][WS][SERVICE]connected nodes,count=0
info|2025-12-14 20:24:00.396512|ioService-0x00007ccbed3ff640|[P2PService][Service][METRIC]heartBeat,connected count=3
info|2025-12-14 20:24:09.626337|timerFactory-0x00007ccbd95ff640|[RPC][WS][SERVICE]connected nodes,count=0
info|2025-12-14 20:24:10.396607|ioService-0x00007ccbed3ff640|[P2PService][Service][METRIC]heartBeat,connected count=3
info|2025-12-14 20:24:19.626363|timerFactory-0x00007ccbd95ff640|[RPC][WS][SERVICE]connected nodes,count=0
info|2025-12-14 20:24:20.396657|ioService-0x00007ccbed3ff640|[P2PService][Service][METRIC]heartBeat,connected count=3
info|2025-12-14 20:24:29.626431|timerFactory-0x00007ccbd95ff640|[RPC][WS][SERVICE]connected nodes,count=0
info|2025-12-14 20:24:30.396803|ioService-0x00007ccbed3ff640|[P2PService][Service][METRIC]heartBeat,connected count=3
info|2025-12-14 20:24:39.626453|timerFactory-0x00007ccbd95ff640|[RPC][WS][SERVICE]connected nodes,count=0
info|2025-12-14 20:24:40.396836|ioService-0x00007ccbed3ff640|[P2PService][Service][METRIC]heartBeat,connected count=3
info|2025-12-14 20:24:49.626512|timerFactory-0x00007ccbd95ff640|[RPC][WS][SERVICE]connected nodes,count=0
info|2025-12-14 20:24:50.396869|ioService-0x00007ccbed3ff640|[P2PService][Service][METRIC]heartBeat,connected count=3
info|2025-12-14 20:24:58.375794|objMonitor-0x00007ccbc67ff640|[startMonitor][AliveObjectMonitor],AliveObjectAllocStat=[ type: bcos::gateway::Socket ,created: 9 ,destroyed: 5 ,alive: 4 ] 
info|2025-12-14 20:24:59.626569|timerFactory-0x00007ccbd95ff640|[RPC][WS][SERVICE]connected nodes,count=0
info|2025-12-14 20:25:00.396901|ioService-0x00007ccbed3ff640|[P2PService][Service][METRIC]heartBeat,connected count=3
info|2025-12-14 20:25:09.626625|timerFactory-0x00007ccbd95ff640|[RPC][WS][SERVICE]connected nodes,count=0
info|2025-12-14 20:25:10.396935|ioService-0x00007ccbed3ff640|[P2PService][Service][METRIC]heartBeat,connected count=3
info|2025-12-14 20:25:19.626650|timerFactory-0x00007ccbd95ff640|[RPC][WS][SERVICE]connected nodes,count=0
info|2025-12-14 20:25:20.396958|ioService-0x00007ccbed3ff640|[P2PService][Service][METRIC]heartBeat,connected count=3
info|2025-12-14 20:25:29.626722|timerFactory-0x00007ccbd95ff640|[RPC][WS][SERVICE]connected nodes,count=0
info|2025-12-14 20:25:30.396990|ioService-0x00007ccbed3ff640|[P2PService][Service][METRIC]heartBeat,connected count=3
info|2025-12-14 20:25:39.626800|timerFactory-0x00007ccbd95ff640|[RPC][WS][SERVICE]connected nodes,count=0
info|2025-12-14 20:25:40.397013|ioService-0x00007ccbed3ff640|[P2PService][Service][METRIC]heartBeat,connected count=3
info|2025-12-14 20:25:49.626871|timerFactory-0x00007ccbd95ff640|[RPC][WS][SERVICE]connected nodes,count=0
info|2025-12-14 20:25:50.397086|ioService-0x00007ccbed3ff640|[P2PService][Service][METRIC]heartBeat,connected count=3
info|2025-12-14 20:25:58.375831|objMonitor-0x00007ccbc67ff640|[startMonitor][AliveObjectMonitor],AliveObjectAllocStat=[ type: bcos::gateway::Socket ,created: 9 ,destroyed: 5 ,alive: 4 ] 
info|2025-12-14 20:25:59.626891|timerFactory-0x00007ccbd95ff640|[RPC][WS][SERVICE]connected nodes,count=0
info|2025-12-14 20:26:00.397170|ioService-0x00007ccbed3ff640|[P2PService][Service][METRIC]heartBeat,connected count=3
info|2025-12-14 20:26:09.626927|timerFactory-0x00007ccbd95ff640|[RPC][WS][SERVICE]connected nodes,count=0
info|2025-12-14 20:26:10.397259|ioService-0x00007ccbed3ff640|[P2PService][Service][METRIC]heartBeat,connected count=3
info|2025-12-14 20:26:19.626980|timerFactory-0x00007ccbd95ff640|[RPC][WS][SERVICE]connected nodes,count=0
info|2025-12-14 20:26:20.397293|ioService-0x00007ccbed3ff640|[P2PService][Service][METRIC]heartBeat,connected count=3
info|2025-12-14 20:26:29.627023|timerFactory-0x00007ccbd95ff640|[RPC][WS][SERVICE]connected nodes,count=0
info|2025-12-14 20:26:30.397322|ioService-0x00007ccbed3ff640|[P2PService][Service][METRIC]heartBeat,connected count=3
info|2025-12-14 20:26:39.627053|timerFactory-0x00007ccbd95ff640|[RPC][WS][SERVICE]connected nodes,count=0
info|2025-12-14 20:26:40.397348|ioService-0x00007ccbed3ff640|[P2PService][Service][METRIC]heartBeat,connected count=3
info|2025-12-14 20:26:49.627075|timerFactory-0x00007ccbd95ff640|[RPC][WS][SERVICE]connected nodes,count=0
info|2025-12-14 20:26:50.397380|ioService-0x00007ccbed3ff640|[P2PService][Service][METRIC]heartBeat,connected count=3
info|2025-12-14 20:26:58.375871|objMonitor-0x00007ccbc67ff640|[startMonitor][AliveObjectMonitor],AliveObjectAllocStat=[ type: bcos::gateway::Socket ,created: 9 ,destroyed: 5 ,alive: 4 ] 
info|2025-12-14 20:26:59.627103|timerFactory-0x00007ccbd95ff640|[RPC][WS][SERVICE]connected nodes,count=0
info|2025-12-14 20:27:00.397447|ioService-0x00007ccbed3ff640|[P2PService][Service][METRIC]heartBeat,connected count=3
info|2025-12-14 20:27:09.627204|timerFactory-0x00007ccbd95ff640|[RPC][WS][SERVICE]connected nodes,count=0
info|2025-12-14 20:27:10.397485|ioService-0x00007ccbed3ff640|[P2PService][Service][METRIC]heartBeat,connected count=3
info|2025-12-14 20:27:19.627227|timerFactory-0x00007ccbd95ff640|[RPC][WS][SERVICE]connected nodes,count=0
info|2025-12-14 20:27:20.397522|ioService-0x00007ccbed3ff640|[P2PService][Service][METRIC]heartBeat,connected count=3
info|2025-12-14 20:27:29.627249|timerFactory-0x00007ccbd95ff640|[RPC][WS][SERVICE]connected nodes,count=0
info|2025-12-14 20:27:30.397591|ioService-0x00007ccbed3ff640|[P2PService][Service][METRIC]heartBeat,connected count=3
info|2025-12-14 20:27:39.627347|timerFactory-0x00007ccbd95ff640|[RPC][WS][SERVICE]connected nodes,count=0
info|2025-12-14 20:27:40.397650|ioService-0x00007ccbed3ff640|[P2PService][Service][METRIC]heartBeat,connected count=3
info|2025-12-14 20:27:49.627369|timerFactory-0x00007ccbd95ff640|[RPC][WS][SERVICE]connected nodes,count=0
info|2025-12-14 20:27:50.397680|ioService-0x00007ccbed3ff640|[P2PService][Service][METRIC]heartBeat,connected count=3
info|2025-12-14 20:27:58.376020|objMonitor-0x00007ccbc67ff640|[startMonitor][AliveObjectMonitor],AliveObjectAllocStat=[ type: bcos::gateway::Socket ,created: 9 ,destroyed: 5 ,alive: 4 ] 
info|2025-12-14 20:27:59.627432|timerFactory-0x00007ccbd95ff640|[RPC][WS][SERVICE]connected nodes,count=0
info|2025-12-14 20:28:00.397723|ioService-0x00007ccbed3ff640|[P2PService][Service][METRIC]heartBeat,connected count=3
info|2025-12-14 20:28:09.627504|timerFactory-0x00007ccbd95ff640|[RPC][WS][SERVICE]connected nodes,count=0
info|2025-12-14 20:28:10.397754|ioService-0x00007ccbed3ff640|[P2PService][Service][METRIC]heartBeat,connected count=3
info|2025-12-14 20:28:19.627574|timerFactory-0x00007ccbd95ff640|[RPC][WS][SERVICE]connected nodes,count=0
info|2025-12-14 20:28:20.397835|ioService-0x00007ccbed3ff640|[P2PService][Service][METRIC]heartBeat,connected count=3
info|2025-12-14 20:28:29.627639|timerFactory-0x00007ccbd95ff640|[RPC][WS][SERVICE]connected nodes,count=0
info|2025-12-14 20:28:30.398000|ioService-0x00007ccbed3ff640|[P2PService][Service][METRIC]heartBeat,connected count=3
info|2025-12-14 20:28:39.627662|timerFactory-0x00007ccbd95ff640|[RPC][WS][SERVICE]connected nodes,count=0
info|2025-12-14 20:28:40.398063|ioService-0x00007ccbed3ff640|[P2PService][Service][METRIC]heartBeat,connected count=3
info|2025-12-14 20:28:49.627682|timerFactory-0x00007ccbd95ff640|[RPC][WS][SERVICE]connected nodes,count=0
info|2025-12-14 20:28:50.398120|ioService-0x00007ccbed3ff640|[P2PService][Service][METRIC]heartBeat,connected count=3
info|2025-12-14 20:28:58.376129|objMonitor-0x00007ccbc67ff640|[startMonitor][AliveObjectMonitor],AliveObjectAllocStat=[ type: bcos::gateway::Socket ,created: 9 ,destroyed: 5 ,alive: 4 ] 
info|2025-12-14 20:28:59.627701|timerFactory-0x00007ccbd95ff640|[RPC][WS][SERVICE]connected nodes,count=0
info|2025-12-14 20:29:00.398294|ioService-0x00007ccbed3ff640|[P2PService][Service][METRIC]heartBeat,connected count=3
info|2025-12-14 20:29:09.627722|timerFactory-0x00007ccbd95ff640|[RPC][WS][SERVICE]connected nodes,count=0
info|2025-12-14 20:29:10.398317|ioService-0x00007ccbed3ff640|[P2PService][Service][METRIC]heartBeat,connected count=3
info|2025-12-14 20:29:19.627793|timerFactory-0x00007ccbd95ff640|[RPC][WS][SERVICE]connected nodes,count=0
info|2025-12-14 20:29:20.398347|ioService-0x00007ccbed3ff640|[P2PService][Service][METRIC]heartBeat,connected count=3
info|2025-12-14 20:29:29.627821|timerFactory-0x00007ccbd95ff640|[RPC][WS][SERVICE]connected nodes,count=0
info|2025-12-14 20:29:30.398382|ioService-0x00007ccbed3ff640|[P2PService][Service][METRIC]heartBeat,connected count=3
info|2025-12-14 20:29:39.627842|timerFactory-0x00007ccbd95ff640|[RPC][WS][SERVICE]connected nodes,count=0
info|2025-12-14 20:29:40.398412|ioService-0x00007ccbed3ff640|[P2PService][Service][METRIC]heartBeat,connected count=3
info|2025-12-14 20:29:49.627863|timerFactory-0x00007ccbd95ff640|[RPC][WS][SERVICE]connected nodes,count=0
info|2025-12-14 20:29:50.398491|ioService-0x00007ccbed3ff640|[P2PService][Service][METRIC]heartBeat,connected count=3
info|2025-12-14 20:29:58.376192|objMonitor-0x00007ccbc67ff640|[startMonitor][AliveObjectMonitor],AliveObjectAllocStat=[ type: bcos::gateway::Socket ,created: 9 ,destroyed: 5 ,alive: 4 ] 
info|2025-12-14 20:29:59.627882|timerFactory-0x00007ccbd95ff640|[RPC][WS][SERVICE]connected nodes,count=0
info|2025-12-14 20:30:00.398551|ioService-0x00007ccbed3ff640|[P2PService][Service][METRIC]heartBeat,connected count=3
info|2025-12-14 20:30:09.627902|timerFactory-0x00007ccbd95ff640|[RPC][WS][SERVICE]connected nodes,count=0
info|2025-12-14 20:30:10.398641|ioService-0x00007ccbed3ff640|[P2PService][Service][METRIC]heartBeat,connected count=3
info|2025-12-14 20:30:19.627928|timerFactory-0x00007ccbd95ff640|[RPC][WS][SERVICE]connected nodes,count=0
info|2025-12-14 20:30:20.398672|ioService-0x00007ccbed3ff640|[P2PService][Service][METRIC]heartBeat,connected count=3
info|2025-12-14 20:30:29.628009|timerFactory-0x00007ccbd95ff640|[RPC][WS][SERVICE]connected nodes,count=0
info|2025-12-14 20:30:30.398704|ioService-0x00007ccbed3ff640|[P2PService][Service][METRIC]heartBeat,connected count=3
info|2025-12-14 20:30:39.628031|timerFactory-0x00007ccbd95ff640|[RPC][WS][SERVICE]connected nodes,count=0
info|2025-12-14 20:30:40.398801|ioService-0x00007ccbed3ff640|[P2PService][Service][METRIC]heartBeat,connected count=3
info|2025-12-14 20:30:49.628052|timerFactory-0x00007ccbd95ff640|[RPC][WS][SERVICE]connected nodes,count=0
info|2025-12-14 20:30:50.398845|ioService-0x00007ccbed3ff640|[P2PService][Service][METRIC]heartBeat,connected count=3
info|2025-12-14 20:30:58.376233|objMonitor-0x00007ccbc67ff640|[startMonitor][AliveObjectMonitor],AliveObjectAllocStat=[ type: bcos::gateway::Socket ,created: 9 ,destroyed: 5 ,alive: 4 ] 
info|2025-12-14 20:30:59.628074|timerFactory-0x00007ccbd95ff640|[RPC][WS][SERVICE]connected nodes,count=0
info|2025-12-14 20:31:00.398972|ioService-0x00007ccbed3ff640|[P2PService][Service][METRIC]heartBeat,connected count=3
info|2025-12-14 20:31:09.628099|timerFactory-0x00007ccbd95ff640|[RPC][WS][SERVICE]connected nodes,count=0
info|2025-12-14 20:31:10.399002|ioService-0x00007ccbed3ff640|[P2PService][Service][METRIC]heartBeat,connected count=3
info|2025-12-14 20:31:19.628179|timerFactory-0x00007ccbd95ff640|[RPC][WS][SERVICE]connected nodes,count=0
info|2025-12-14 20:31:20.399071|ioService-0x00007ccbed3ff640|[P2PService][Service][METRIC]heartBeat,connected count=3
info|2025-12-14 20:31:29.628204|timerFactory-0x00007ccbd95ff640|[RPC][WS][SERVICE]connected nodes,count=0
info|2025-12-14 20:31:30.399292|ioService-0x00007ccbed3ff640|[P2PService][Service][METRIC]heartBeat,connected count=3
info|2025-12-14 20:31:39.628260|timerFactory-0x00007ccbd95ff640|[RPC][WS][SERVICE]connected nodes,count=0
info|2025-12-14 20:31:40.399365|ioService-0x00007ccbed3ff640|[P2PService][Service][METRIC]heartBeat,connected count=3
info|2025-12-14 20:31:49.628287|timerFactory-0x00007ccbd95ff640|[RPC][WS][SERVICE]connected nodes,count=0
info|2025-12-14 20:31:50.399405|ioService-0x00007ccbed3ff640|[P2PService][Service][METRIC]heartBeat,connected count=3
info|2025-12-14 20:31:58.376269|objMonitor-0x00007ccbc67ff640|[startMonitor][AliveObjectMonitor],AliveObjectAllocStat=[ type: bcos::gateway::Socket ,created: 9 ,destroyed: 5 ,alive: 4 ] 
info|2025-12-14 20:31:59.628316|timerFactory-0x00007ccbd95ff640|[RPC][WS][SERVICE]connected nodes,count=0
info|2025-12-14 20:32:00.399432|ioService-0x00007ccbed3ff640|[P2PService][Service][METRIC]heartBeat,connected count=3
info|2025-12-14 20:32:09.628385|timerFactory-0x00007ccbd95ff640|[RPC][WS][SERVICE]connected nodes,count=0
info|2025-12-14 20:32:10.399495|ioService-0x00007ccbed3ff640|[P2PService][Service][METRIC]heartBeat,connected count=3
info|2025-12-14 20:32:19.628407|timerFactory-0x00007ccbd95ff640|[RPC][WS][SERVICE]connected nodes,count=0
info|2025-12-14 20:32:20.399578|ioService-0x00007ccbed3ff640|[P2PService][Service][METRIC]heartBeat,connected count=3
info|2025-12-14 20:32:29.628427|timerFactory-0x00007ccbd95ff640|[RPC][WS][SERVICE]connected nodes,count=0
info|2025-12-14 20:32:30.399714|ioService-0x00007ccbed3ff640|[P2PService][Service][METRIC]heartBeat,connected count=3
info|2025-12-14 20:32:39.628451|timerFactory-0x00007ccbd95ff640|[RPC][WS][SERVICE]connected nodes,count=0
info|2025-12-14 20:32:40.399816|ioService-0x00007ccbed3ff640|[P2PService][Service][METRIC]heartBeat,connected count=3
info|2025-12-14 20:32:49.628476|timerFactory-0x00007ccbd95ff640|[RPC][WS][SERVICE]connected nodes,count=0
info|2025-12-14 20:32:50.399988|ioService-0x00007ccbed3ff640|[P2PService][Service][METRIC]heartBeat,connected count=3
info|2025-12-14 20:32:58.376333|objMonitor-0x00007ccbc67ff640|[startMonitor][AliveObjectMonitor],AliveObjectAllocStat=[ type: bcos::gateway::Socket ,created: 9 ,destroyed: 5 ,alive: 4 ] [ type: bcos::gateway::ResponseCallback ,created: 5397262 ,destroyed: 5397258 ,alive: 4 ] 
info|2025-12-14 20:32:59.628502|timerFactory-0x00007ccbd95ff640|[RPC][WS][SERVICE]connected nodes,count=0
info|2025-12-14 20:33:00.400134|ioService-0x00007ccbed3ff640|[P2PService][Service][METRIC]heartBeat,connected count=3
info|2025-12-14 20:33:09.628561|timerFactory-0x00007ccbd95ff640|[RPC][WS][SERVICE]connected nodes,count=0
info|2025-12-14 20:33:10.400244|ioService-0x00007ccbed3ff640|[P2PService][Service][METRIC]heartBeat,connected count=3
info|2025-12-14 20:33:19.628627|timerFactory-0x00007ccbd95ff640|[RPC][WS][SERVICE]connected nodes,count=0
info|2025-12-14 20:33:20.400303|ioService-0x00007ccbed3ff640|[P2PService][Service][METRIC]heartBeat,connected count=3
info|2025-12-14 20:33:29.628655|timerFactory-0x00007ccbd95ff640|[RPC][WS][SERVICE]connected nodes,count=0
info|2025-12-14 20:33:30.400332|ioService-0x00007ccbed3ff640|[P2PService][Service][METRIC]heartBeat,connected count=3
info|2025-12-14 20:33:39.628704|timerFactory-0x00007ccbd95ff640|[RPC][WS][SERVICE]connected nodes,count=0
info|2025-12-14 20:33:40.400425|ioService-0x00007ccbed3ff640|[P2PService][Service][METRIC]heartBeat,connected count=3
info|2025-12-14 20:33:49.628725|timerFactory-0x00007ccbd95ff640|[RPC][WS][SERVICE]connected nodes,count=0
info|2025-12-14 20:33:50.400466|ioService-0x00007ccbed3ff640|[P2PService][Service][METRIC]heartBeat,connected count=3
info|2025-12-14 20:33:58.376372|objMonitor-0x00007ccbc67ff640|[startMonitor][AliveObjectMonitor],AliveObjectAllocStat=[ type: bcos::gateway::Socket ,created: 9 ,destroyed: 5 ,alive: 4 ] 
info|2025-12-14 20:33:59.628751|timerFactory-0x00007ccbd95ff640|[RPC][WS][SERVICE]connected nodes,count=0
info|2025-12-14 20:34:00.400495|ioService-0x00007ccbed3ff640|[P2PService][Service][METRIC]heartBeat,connected count=3
info|2025-12-14 20:34:09.628775|timerFactory-0x00007ccbd95ff640|[RPC][WS][SERVICE]connected nodes,count=0
info|2025-12-14 20:34:10.400519|ioService-0x00007ccbed3ff640|[P2PService][Service][METRIC]heartBeat,connected count=3
info|2025-12-14 20:34:19.628799|timerFactory-0x00007ccbd95ff640|[RPC][WS][SERVICE]connected nodes,count=0
info|2025-12-14 20:34:20.400550|ioService-0x00007ccbed3ff640|[P2PService][Service][METRIC]heartBeat,connected count=3
info|2025-12-14 20:34:29.628860|timerFactory-0x00007ccbd95ff640|[RPC][WS][SERVICE]connected nodes,count=0
info|2025-12-14 20:34:30.400663|ioService-0x00007ccbed3ff640|[P2PService][Service][METRIC]heartBeat,connected count=3
info|2025-12-14 20:34:39.629015|timerFactory-0x00007ccbd95ff640|[RPC][WS][SERVICE]connected nodes,count=0
info|2025-12-14 20:34:40.400750|ioService-0x00007ccbed3ff640|[P2PService][Service][METRIC]heartBeat,connected count=3
info|2025-12-14 20:34:49.629056|timerFactory-0x00007ccbd95ff640|[RPC][WS][SERVICE]connected nodes,count=0
info|2025-12-14 20:34:50.400780|ioService-0x00007ccbed3ff640|[P2PService][Service][METRIC]heartBeat,connected count=3
info|2025-12-14 20:34:58.376408|objMonitor-0x00007ccbc67ff640|[startMonitor][AliveObjectMonitor],AliveObjectAllocStat=[ type: bcos::gateway::Socket ,created: 9 ,destroyed: 5 ,alive: 4 ] 
info|2025-12-14 20:34:59.629082|timerFactory-0x00007ccbd95ff640|[RPC][WS][SERVICE]connected nodes,count=0
info|2025-12-14 20:35:00.400957|ioService-0x00007ccbed3ff640|[P2PService][Service][METRIC]heartBeat,connected count=3
info|2025-12-14 20:35:09.629156|timerFactory-0x00007ccbd95ff640|[RPC][WS][SERVICE]connected nodes,count=0
info|2025-12-14 20:35:10.400998|ioService-0x00007ccbed3ff640|[P2PService][Service][METRIC]heartBeat,connected count=3
info|2025-12-14 20:35:19.629233|timerFactory-0x00007ccbd95ff640|[RPC][WS][SERVICE]connected nodes,count=0
info|2025-12-14 20:35:20.401028|ioService-0x00007ccbed3ff640|[P2PService][Service][METRIC]heartBeat,connected count=3
info|2025-12-14 20:35:29.629265|timerFactory-0x00007ccbd95ff640|[RPC][WS][SERVICE]connected nodes,count=0
info|2025-12-14 20:35:30.401156|ioService-0x00007ccbed3ff640|[P2PService][Service][METRIC]heartBeat,connected count=3
info|2025-12-14 20:35:39.629299|timerFactory-0x00007ccbd95ff640|[RPC][WS][SERVICE]connected nodes,count=0
info|2025-12-14 20:35:40.401199|ioService-0x00007ccbed3ff640|[P2PService][Service][METRIC]heartBeat,connected count=3
info|2025-12-14 20:35:49.629329|timerFactory-0x00007ccbd95ff640|[RPC][WS][SERVICE]connected nodes,count=0
info|2025-12-14 20:35:50.401261|ioService-0x00007ccbed3ff640|[P2PService][Service][METRIC]heartBeat,connected count=3
info|2025-12-14 20:35:58.376447|objMonitor-0x00007ccbc67ff640|[startMonitor][AliveObjectMonitor],AliveObjectAllocStat=[ type: bcos::gateway::Socket ,created: 9 ,destroyed: 5 ,alive: 4 ] 
info|2025-12-14 20:35:59.629361|timerFactory-0x00007ccbd95ff640|[RPC][WS][SERVICE]connected nodes,count=0
info|2025-12-14 20:36:00.401321|ioService-0x00007ccbed3ff640|[P2PService][Service][METRIC]heartBeat,connected count=3
info|2025-12-14 20:36:09.629385|timerFactory-0x00007ccbd95ff640|[RPC][WS][SERVICE]connected nodes,count=0
info|2025-12-14 20:36:10.401441|ioService-0x00007ccbed3ff640|[P2PService][Service][METRIC]heartBeat,connected count=3
info|2025-12-14 20:36:19.629413|timerFactory-0x00007ccbd95ff640|[RPC][WS][SERVICE]connected nodes,count=0
info|2025-12-14 20:36:20.401472|ioService-0x00007ccbed3ff640|[P2PService][Service][METRIC]heartBeat,connected count=3
info|2025-12-14 20:36:29.629440|timerFactory-0x00007ccbd95ff640|[RPC][WS][SERVICE]connected nodes,count=0
info|2025-12-14 20:36:30.401565|ioService-0x00007ccbed3ff640|[P2PService][Service][METRIC]heartBeat,connected count=3
info|2025-12-14 20:36:39.629470|timerFactory-0x00007ccbd95ff640|[RPC][WS][SERVICE]connected nodes,count=0
info|2025-12-14 20:36:40.401741|ioService-0x00007ccbed3ff640|[P2PService][Service][METRIC]heartBeat,connected count=3
info|2025-12-14 20:36:49.629505|timerFactory-0x00007ccbd95ff640|[RPC][WS][SERVICE]connected nodes,count=0
info|2025-12-14 20:36:50.401773|ioService-0x00007ccbed3ff640|[P2PService][Service][METRIC]heartBeat,connected count=3
info|2025-12-14 20:36:58.376542|objMonitor-0x00007ccbc67ff640|[startMonitor][AliveObjectMonitor],AliveObjectAllocStat=[ type: bcos::gateway::Socket ,created: 9 ,destroyed: 5 ,alive: 4 ] 
info|2025-12-14 20:36:59.629588|timerFactory-0x00007ccbd95ff640|[RPC][WS][SERVICE]connected nodes,count=0
info|2025-12-14 20:37:00.401849|ioService-0x00007ccbed3ff640|[P2PService][Service][METRIC]heartBeat,connected count=3
info|2025-12-14 20:37:09.629610|timerFactory-0x00007ccbd95ff640|[RPC][WS][SERVICE]connected nodes,count=0
info|2025-12-14 20:37:10.401874|ioService-0x00007ccbed3ff640|[P2PService][Service][METRIC]heartBeat,connected count=3
info|2025-12-14 20:37:19.629639|timerFactory-0x00007ccbd95ff640|[RPC][WS][SERVICE]connected nodes,count=0
info|2025-12-14 20:37:20.401937|ioService-0x00007ccbed3ff640|[P2PService][Service][METRIC]heartBeat,connected count=3
info|2025-12-14 20:37:29.629726|timerFactory-0x00007ccbd95ff640|[RPC][WS][SERVICE]connected nodes,count=0
info|2025-12-14 20:37:30.401997|ioService-0x00007ccbed3ff640|[P2PService][Service][METRIC]heartBeat,connected count=3
info|2025-12-14 20:37:39.629789|timerFactory-0x00007ccbd95ff640|[RPC][WS][SERVICE]connected nodes,count=0
info|2025-12-14 20:37:40.402068|ioService-0x00007ccbed3ff640|[P2PService][Service][METRIC]heartBeat,connected count=3
info|2025-12-14 20:37:49.629845|timerFactory-0x00007ccbd95ff640|[RPC][WS][SERVICE]connected nodes,count=0
info|2025-12-14 20:37:50.402130|ioService-0x00007ccbed3ff640|[P2PService][Service][METRIC]heartBeat,connected count=3
info|2025-12-14 20:37:58.376571|objMonitor-0x00007ccbc67ff640|[startMonitor][AliveObjectMonitor],AliveObjectAllocStat=[ type: bcos::gateway::Socket ,created: 9 ,destroyed: 5 ,alive: 4 ] 
info|2025-12-14 20:37:59.629907|timerFactory-0x00007ccbd95ff640|[RPC][WS][SERVICE]connected nodes,count=0
info|2025-12-14 20:38:00.402264|ioService-0x00007ccbed3ff640|[P2PService][Service][METRIC]heartBeat,connected count=3
info|2025-12-14 20:38:09.629931|timerFactory-0x00007ccbd95ff640|[RPC][WS][SERVICE]connected nodes,count=0
info|2025-12-14 20:38:10.402298|ioService-0x00007ccbed3ff640|[P2PService][Service][METRIC]heartBeat,connected count=3
info|2025-12-14 20:38:19.629994|timerFactory-0x00007ccbd95ff640|[RPC][WS][SERVICE]connected nodes,count=0
info|2025-12-14 20:38:20.402375|ioService-0x00007ccbed3ff640|[P2PService][Service][METRIC]heartBeat,connected count=3
info|2025-12-14 20:38:29.630057|timerFactory-0x00007ccbd95ff640|[RPC][WS][SERVICE]connected nodes,count=0
info|2025-12-14 20:38:30.402404|ioService-0x00007ccbed3ff640|[P2PService][Service][METRIC]heartBeat,connected count=3
info|2025-12-14 20:38:39.630085|timerFactory-0x00007ccbd95ff640|[RPC][WS][SERVICE]connected nodes,count=0
info|2025-12-14 20:38:40.402490|ioService-0x00007ccbed3ff640|[P2PService][Service][METRIC]heartBeat,connected count=3
info|2025-12-14 20:38:49.630146|timerFactory-0x00007ccbd95ff640|[RPC][WS][SERVICE]connected nodes,count=0
info|2025-12-14 20:38:50.402576|ioService-0x00007ccbed3ff640|[P2PService][Service][METRIC]heartBeat,connected count=3
info|2025-12-14 20:38:58.376601|objMonitor-0x00007ccbc67ff640|[startMonitor][AliveObjectMonitor],AliveObjectAllocStat=[ type: bcos::gateway::Socket ,created: 9 ,destroyed: 5 ,alive: 4 ] 
info|2025-12-14 20:38:59.630279|timerFactory-0x00007ccbd95ff640|[RPC][WS][SERVICE]connected nodes,count=0
info|2025-12-14 20:39:00.402606|ioService-0x00007ccbed3ff640|[P2PService][Service][METRIC]heartBeat,connected count=3
info|2025-12-14 20:39:09.630376|timerFactory-0x00007ccbd95ff640|[RPC][WS][SERVICE]connected nodes,count=0
info|2025-12-14 20:39:10.402634|ioService-0x00007ccbed3ff640|[P2PService][Service][METRIC]heartBeat,connected count=3
info|2025-12-14 20:39:19.630400|timerFactory-0x00007ccbd95ff640|[RPC][WS][SERVICE]connected nodes,count=0
info|2025-12-14 20:39:20.402718|ioService-0x00007ccbed3ff640|[P2PService][Service][METRIC]heartBeat,connected count=3
info|2025-12-14 20:39:29.630421|timerFactory-0x00007ccbd95ff640|[RPC][WS][SERVICE]connected nodes,count=0
info|2025-12-14 20:39:30.402748|ioService-0x00007ccbed3ff640|[P2PService][Service][METRIC]heartBeat,connected count=3
info|2025-12-14 20:39:39.630443|timerFactory-0x00007ccbd95ff640|[RPC][WS][SERVICE]connected nodes,count=0
info|2025-12-14 20:39:40.402820|ioService-0x00007ccbed3ff640|[P2PService][Service][METRIC]heartBeat,connected count=3
info|2025-12-14 20:39:49.630463|timerFactory-0x00007ccbd95ff640|[RPC][WS][SERVICE]connected nodes,count=0
info|2025-12-14 20:39:50.402880|ioService-0x00007ccbed3ff640|[P2PService][Service][METRIC]heartBeat,connected count=3
info|2025-12-14 20:39:58.376708|objMonitor-0x00007ccbc67ff640|[startMonitor][AliveObjectMonitor],AliveObjectAllocStat=[ type: bcos::gateway::Socket ,created: 9 ,destroyed: 5 ,alive: 4 ] 
info|2025-12-14 20:39:59.630487|timerFactory-0x00007ccbd95ff640|[RPC][WS][SERVICE]connected nodes,count=0
info|2025-12-14 20:40:00.402945|ioService-0x00007ccbed3ff640|[P2PService][Service][METRIC]heartBeat,connected count=3
info|2025-12-14 20:40:09.630546|timerFactory-0x00007ccbd95ff640|[RPC][WS][SERVICE]connected nodes,count=0
info|2025-12-14 20:40:10.402975|ioService-0x00007ccbed3ff640|[P2PService][Service][METRIC]heartBeat,connected count=3
info|2025-12-14 20:40:19.630586|timerFactory-0x00007ccbd95ff640|[RPC][WS][SERVICE]connected nodes,count=0
info|2025-12-14 20:40:20.403032|ioService-0x00007ccbed3ff640|[P2PService][Service][METRIC]heartBeat,connected count=3
info|2025-12-14 20:40:29.630664|timerFactory-0x00007ccbd95ff640|[RPC][WS][SERVICE]connected nodes,count=0
info|2025-12-14 20:40:30.403099|ioService-0x00007ccbed3ff640|[P2PService][Service][METRIC]heartBeat,connected count=3
info|2025-12-14 20:40:39.630723|timerFactory-0x00007ccbd95ff640|[RPC][WS][SERVICE]connected nodes,count=0
info|2025-12-14 20:40:40.403120|ioService-0x00007ccbed3ff640|[P2PService][Service][METRIC]heartBeat,connected count=3
info|2025-12-14 20:40:49.630792|timerFactory-0x00007ccbd95ff640|[RPC][WS][SERVICE]connected nodes,count=0
info|2025-12-14 20:40:50.403199|ioService-0x00007ccbed3ff640|[P2PService][Service][METRIC]heartBeat,connected count=3
info|2025-12-14 20:40:58.376744|objMonitor-0x00007ccbc67ff640|[startMonitor][AliveObjectMonitor],AliveObjectAllocStat=[ type: bcos::gateway::Socket ,created: 9 ,destroyed: 5 ,alive: 4 ] [ type: bcos::gateway::ResponseCallback ,created: 5404456 ,destroyed: 5404452 ,alive: 4 ] 
info|2025-12-14 20:40:59.630870|timerFactory-0x00007ccbd95ff640|[RPC][WS][SERVICE]connected nodes,count=0
info|2025-12-14 20:41:00.403226|ioService-0x00007ccbed3ff640|[P2PService][Service][METRIC]heartBeat,connected count=3
info|2025-12-14 20:41:09.630919|timerFactory-0x00007ccbd95ff640|[RPC][WS][SERVICE]connected nodes,count=0
info|2025-12-14 20:41:10.403249|ioService-0x00007ccbed3ff640|[P2PService][Service][METRIC]heartBeat,connected count=3
info|2025-12-14 20:41:19.631053|timerFactory-0x00007ccbd95ff640|[RPC][WS][SERVICE]connected nodes,count=0
info|2025-12-14 20:41:20.403319|ioService-0x00007ccbed3ff640|[P2PService][Service][METRIC]heartBeat,connected count=3
info|2025-12-14 20:41:29.631075|timerFactory-0x00007ccbd95ff640|[RPC][WS][SERVICE]connected nodes,count=0
info|2025-12-14 20:41:30.403347|ioService-0x00007ccbed3ff640|[P2PService][Service][METRIC]heartBeat,connected count=3
info|2025-12-14 20:41:39.631094|timerFactory-0x00007ccbd95ff640|[RPC][WS][SERVICE]connected nodes,count=0
info|2025-12-14 20:41:40.403367|ioService-0x00007ccbed3ff640|[P2PService][Service][METRIC]heartBeat,connected count=3
info|2025-12-14 20:41:49.631161|timerFactory-0x00007ccbd95ff640|[RPC][WS][SERVICE]connected nodes,count=0
info|2025-12-14 20:41:50.403388|ioService-0x00007ccbed3ff640|[P2PService][Service][METRIC]heartBeat,connected count=3
info|2025-12-14 20:41:58.376831|objMonitor-0x00007ccbc67ff640|[startMonitor][AliveObjectMonitor],AliveObjectAllocStat=[ type: bcos::gateway::Socket ,created: 9 ,destroyed: 5 ,alive: 4 ] 
info|2025-12-14 20:41:59.631185|timerFactory-0x00007ccbd95ff640|[RPC][WS][SERVICE]connected nodes,count=0
info|2025-12-14 20:42:00.403453|ioService-0x00007ccbed3ff640|[P2PService][Service][METRIC]heartBeat,connected count=3
info|2025-12-14 20:42:09.631257|timerFactory-0x00007ccbd95ff640|[RPC][WS][SERVICE]connected nodes,count=0
info|2025-12-14 20:42:10.403476|ioService-0x00007ccbed3ff640|[P2PService][Service][METRIC]heartBeat,connected count=3
info|2025-12-14 20:42:19.631313|timerFactory-0x00007ccbd95ff640|[RPC][WS][SERVICE]connected nodes,count=0
info|2025-12-14 20:42:20.403498|ioService-0x00007ccbed3ff640|[P2PService][Service][METRIC]heartBeat,connected count=3
info|2025-12-14 20:42:29.631334|timerFactory-0x00007ccbd95ff640|[RPC][WS][SERVICE]connected nodes,count=0
info|2025-12-14 20:42:30.403591|ioService-0x00007ccbed3ff640|[P2PService][Service][METRIC]heartBeat,connected count=3
info|2025-12-14 20:42:39.631352|timerFactory-0x00007ccbd95ff640|[RPC][WS][SERVICE]connected nodes,count=0
info|2025-12-14 20:42:40.403621|ioService-0x00007ccbed3ff640|[P2PService][Service][METRIC]heartBeat,connected count=3
info|2025-12-14 20:42:49.631371|timerFactory-0x00007ccbd95ff640|[RPC][WS][SERVICE]connected nodes,count=0
info|2025-12-14 20:42:50.403641|ioService-0x00007ccbed3ff640|[P2PService][Service][METRIC]heartBeat,connected count=3
info|2025-12-14 20:42:58.376863|objMonitor-0x00007ccbc67ff640|[startMonitor][AliveObjectMonitor],AliveObjectAllocStat=[ type: bcos::gateway::Socket ,created: 9 ,destroyed: 5 ,alive: 4 ] 
info|2025-12-14 20:42:59.631390|timerFactory-0x00007ccbd95ff640|[RPC][WS][SERVICE]connected nodes,count=0
info|2025-12-14 20:43:00.403665|ioService-0x00007ccbed3ff640|[P2PService][Service][METRIC]heartBeat,connected count=3
info|2025-12-14 20:43:09.631413|timerFactory-0x00007ccbd95ff640|[RPC][WS][SERVICE]connected nodes,count=0
info|2025-12-14 20:43:10.403692|ioService-0x00007ccbed3ff640|[P2PService][Service][METRIC]heartBeat,connected count=3
info|2025-12-14 20:43:19.631438|timerFactory-0x00007ccbd95ff640|[RPC][WS][SERVICE]connected nodes,count=0
info|2025-12-14 20:43:20.403727|ioService-0x00007ccbed3ff640|[P2PService][Service][METRIC]heartBeat,connected count=3
info|2025-12-14 20:43:29.631464|timerFactory-0x00007ccbd95ff640|[RPC][WS][SERVICE]connected nodes,count=0
info|2025-12-14 20:43:30.403807|ioService-0x00007ccbed3ff640|[P2PService][Service][METRIC]heartBeat,connected count=3
info|2025-12-14 20:43:39.631498|timerFactory-0x00007ccbd95ff640|[RPC][WS][SERVICE]connected nodes,count=0
info|2025-12-14 20:43:40.403837|ioService-0x00007ccbed3ff640|[P2PService][Service][METRIC]heartBeat,connected count=3
info|2025-12-14 20:43:49.631528|timerFactory-0x00007ccbd95ff640|[RPC][WS][SERVICE]connected nodes,count=0
info|2025-12-14 20:43:50.403874|ioService-0x00007ccbed3ff640|[P2PService][Service][METRIC]heartBeat,connected count=3
info|2025-12-14 20:43:58.376992|objMonitor-0x00007ccbc67ff640|[startMonitor][AliveObjectMonitor],AliveObjectAllocStat=[ type: bcos::gateway::Socket ,created: 9 ,destroyed: 5 ,alive: 4 ] 
info|2025-12-14 20:43:59.631552|timerFactory-0x00007ccbd95ff640|[RPC][WS][SERVICE]connected nodes,count=0
info|2025-12-14 20:44:00.403941|ioService-0x00007ccbed3ff640|[P2PService][Service][METRIC]heartBeat,connected count=3
info|2025-12-14 20:44:09.631608|timerFactory-0x00007ccbd95ff640|[RPC][WS][SERVICE]connected nodes,count=0
info|2025-12-14 20:44:10.403998|ioService-0x00007ccbed3ff640|[P2PService][Service][METRIC]heartBeat,connected count=3
info|2025-12-14 20:44:19.631718|timerFactory-0x00007ccbd95ff640|[RPC][WS][SERVICE]connected nodes,count=0
info|2025-12-14 20:44:20.404193|ioService-0x00007ccbed3ff640|[P2PService][Service][METRIC]heartBeat,connected count=3
info|2025-12-14 20:44:29.631779|timerFactory-0x00007ccbd95ff640|[RPC][WS][SERVICE]connected nodes,count=0
info|2025-12-14 20:44:30.404218|ioService-0x00007ccbed3ff640|[P2PService][Service][METRIC]heartBeat,connected count=3
info|2025-12-14 20:44:39.631844|timerFactory-0x00007ccbd95ff640|[RPC][WS][SERVICE]connected nodes,count=0
info|2025-12-14 20:44:40.404282|ioService-0x00007ccbed3ff640|[P2PService][Service][METRIC]heartBeat,connected count=3
info|2025-12-14 20:44:49.631866|timerFactory-0x00007ccbd95ff640|[RPC][WS][SERVICE]connected nodes,count=0
info|2025-12-14 20:44:50.404344|ioService-0x00007ccbed3ff640|[P2PService][Service][METRIC]heartBeat,connected count=3
info|2025-12-14 20:44:58.377023|objMonitor-0x00007ccbc67ff640|[startMonitor][AliveObjectMonitor],AliveObjectAllocStat=[ type: bcos::gateway::Socket ,created: 9 ,destroyed: 5 ,alive: 4 ] [ type: bcos::gateway::ResponseCallback ,created: 5408053 ,destroyed: 5408049 ,alive: 4 ] 
info|2025-12-14 20:44:59.631927|timerFactory-0x00007ccbd95ff640|[RPC][WS][SERVICE]connected nodes,count=0
info|2025-12-14 20:45:00.404373|ioService-0x00007ccbed3ff640|[P2PService][Service][METRIC]heartBeat,connected count=3
info|2025-12-14 20:45:09.631985|timerFactory-0x00007ccbd95ff640|[RPC][WS][SERVICE]connected nodes,count=0
info|2025-12-14 20:45:10.404401|ioService-0x00007ccbed3ff640|[P2PService][Service][METRIC]heartBeat,connected count=3
info|2025-12-14 20:45:19.632012|timerFactory-0x00007ccbd95ff640|[RPC][WS][SERVICE]connected nodes,count=0
info|2025-12-14 20:45:20.404466|ioService-0x00007ccbed3ff640|[P2PService][Service][METRIC]heartBeat,connected count=3
info|2025-12-14 20:45:29.632032|timerFactory-0x00007ccbd95ff640|[RPC][WS][SERVICE]connected nodes,count=0
info|2025-12-14 20:45:30.404497|ioService-0x00007ccbed3ff640|[P2PService][Service][METRIC]heartBeat,connected count=3
info|2025-12-14 20:45:39.632053|timerFactory-0x00007ccbd95ff640|[RPC][WS][SERVICE]connected nodes,count=0
info|2025-12-14 20:45:40.404633|ioService-0x00007ccbed3ff640|[P2PService][Service][METRIC]heartBeat,connected count=3
info|2025-12-14 20:45:49.632132|timerFactory-0x00007ccbd95ff640|[RPC][WS][SERVICE]connected nodes,count=0
info|2025-12-14 20:45:50.404727|ioService-0x00007ccbed3ff640|[P2PService][Service][METRIC]heartBeat,connected count=3
info|2025-12-14 20:45:58.377076|objMonitor-0x00007ccbc67ff640|[startMonitor][AliveObjectMonitor],AliveObjectAllocStat=[ type: bcos::gateway::Socket ,created: 9 ,destroyed: 5 ,alive: 4 ] 
info|2025-12-14 20:45:59.632159|timerFactory-0x00007ccbd95ff640|[RPC][WS][SERVICE]connected nodes,count=0
info|2025-12-14 20:46:00.404769|ioService-0x00007ccbed3ff640|[P2PService][Service][METRIC]heartBeat,connected count=3
info|2025-12-14 20:46:09.632376|timerFactory-0x00007ccbd95ff640|[RPC][WS][SERVICE]connected nodes,count=0
info|2025-12-14 20:46:10.404803|ioService-0x00007ccbed3ff640|[P2PService][Service][METRIC]heartBeat,connected count=3
info|2025-12-14 20:46:19.632397|timerFactory-0x00007ccbd95ff640|[RPC][WS][SERVICE]connected nodes,count=0
info|2025-12-14 20:46:20.404880|ioService-0x00007ccbed3ff640|[P2PService][Service][METRIC]heartBeat,connected count=3
info|2025-12-14 20:46:29.632419|timerFactory-0x00007ccbd95ff640|[RPC][WS][SERVICE]connected nodes,count=0
info|2025-12-14 20:46:30.404909|ioService-0x00007ccbed3ff640|[P2PService][Service][METRIC]heartBeat,connected count=3
info|2025-12-14 20:46:39.632440|timerFactory-0x00007ccbd95ff640|[RPC][WS][SERVICE]connected nodes,count=0
info|2025-12-14 20:46:40.404978|ioService-0x00007ccbed3ff640|[P2PService][Service][METRIC]heartBeat,connected count=3
info|2025-12-14 20:46:49.632461|timerFactory-0x00007ccbd95ff640|[RPC][WS][SERVICE]connected nodes,count=0
info|2025-12-14 20:46:50.405006|ioService-0x00007ccbed3ff640|[P2PService][Service][METRIC]heartBeat,connected count=3
info|2025-12-14 20:46:58.377281|objMonitor-0x00007ccbc67ff640|[startMonitor][AliveObjectMonitor],AliveObjectAllocStat=[ type: bcos::gateway::Socket ,created: 9 ,destroyed: 5 ,alive: 4 ] 
info|2025-12-14 20:46:59.632486|timerFactory-0x00007ccbd95ff640|[RPC][WS][SERVICE]connected nodes,count=0
info|2025-12-14 20:47:00.405182|ioService-0x00007ccbed3ff640|[P2PService][Service][METRIC]heartBeat,connected count=3
info|2025-12-14 20:47:09.632524|timerFactory-0x00007ccbd95ff640|[RPC][WS][SERVICE]connected nodes,count=0
info|2025-12-14 20:47:10.405248|ioService-0x00007ccbed3ff640|[P2PService][Service][METRIC]heartBeat,connected count=3
info|2025-12-14 20:47:19.632553|timerFactory-0x00007ccbd95ff640|[RPC][WS][SERVICE]connected nodes,count=0
info|2025-12-14 20:47:20.405356|ioService-0x00007ccbed3ff640|[P2PService][Service][METRIC]heartBeat,connected count=3
info|2025-12-14 20:47:29.632577|timerFactory-0x00007ccbd95ff640|[RPC][WS][SERVICE]connected nodes,count=0
info|2025-12-14 20:47:30.405462|ioService-0x00007ccbed3ff640|[P2PService][Service][METRIC]heartBeat,connected count=3
info|2025-12-14 20:47:39.632602|timerFactory-0x00007ccbd95ff640|[RPC][WS][SERVICE]connected nodes,count=0
info|2025-12-14 20:47:40.405548|ioService-0x00007ccbed3ff640|[P2PService][Service][METRIC]heartBeat,connected count=3
info|2025-12-14 20:47:49.632658|timerFactory-0x00007ccbd95ff640|[RPC][WS][SERVICE]connected nodes,count=0
info|2025-12-14 20:47:50.405567|ioService-0x00007ccbed3ff640|[P2PService][Service][METRIC]heartBeat,connected count=3
info|2025-12-14 20:47:58.377332|objMonitor-0x00007ccbc67ff640|[startMonitor][AliveObjectMonitor],AliveObjectAllocStat=[ type: bcos::gateway::Socket ,created: 9 ,destroyed: 5 ,alive: 4 ] 
info|2025-12-14 20:47:59.632718|timerFactory-0x00007ccbd95ff640|[RPC][WS][SERVICE]connected nodes,count=0
info|2025-12-14 20:48:00.405654|ioService-0x00007ccbed3ff640|[P2PService][Service][METRIC]heartBeat,connected count=3
info|2025-12-14 20:48:09.632789|timerFactory-0x00007ccbd95ff640|[RPC][WS][SERVICE]connected nodes,count=0
info|2025-12-14 20:48:10.405724|ioService-0x00007ccbed3ff640|[P2PService][Service][METRIC]heartBeat,connected count=3
info|2025-12-14 20:48:19.632845|timerFactory-0x00007ccbd95ff640|[RPC][WS][SERVICE]connected nodes,count=0
info|2025-12-14 20:48:20.405744|ioService-0x00007ccbed3ff640|[P2PService][Service][METRIC]heartBeat,connected count=3
info|2025-12-14 20:48:29.632916|timerFactory-0x00007ccbd95ff640|[RPC][WS][SERVICE]connected nodes,count=0
info|2025-12-14 20:48:30.405800|ioService-0x00007ccbed3ff640|[P2PService][Service][METRIC]heartBeat,connected count=3
info|2025-12-14 20:48:39.632938|timerFactory-0x00007ccbd95ff640|[RPC][WS][SERVICE]connected nodes,count=0
info|2025-12-14 20:48:40.405830|ioService-0x00007ccbed3ff640|[P2PService][Service][METRIC]heartBeat,connected count=3
info|2025-12-14 20:48:49.632960|timerFactory-0x00007ccbd95ff640|[RPC][WS][SERVICE]connected nodes,count=0
info|2025-12-14 20:48:50.405864|ioService-0x00007ccbed3ff640|[P2PService][Service][METRIC]heartBeat,connected count=3
info|2025-12-14 20:48:58.377385|objMonitor-0x00007ccbc67ff640|[startMonitor][AliveObjectMonitor],AliveObjectAllocStat=[ type: bcos::gateway::Socket ,created: 9 ,destroyed: 5 ,alive: 4 ] [ type: bcos::gateway::ResponseCallback ,created: 5411650 ,destroyed: 5411646 ,alive: 4 ] 
info|2025-12-14 20:48:59.632984|timerFactory-0x00007ccbd95ff640|[RPC][WS][SERVICE]connected nodes,count=0
info|2025-12-14 20:49:00.405898|ioService-0x00007ccbed3ff640|[P2PService][Service][METRIC]heartBeat,connected count=3
info|2025-12-14 20:49:09.633012|timerFactory-0x00007ccbd95ff640|[RPC][WS][SERVICE]connected nodes,count=0
info|2025-12-14 20:49:10.405925|ioService-0x00007ccbed3ff640|[P2PService][Service][METRIC]heartBeat,connected count=3
info|2025-12-14 20:49:19.633070|timerFactory-0x00007ccbd95ff640|[RPC][WS][SERVICE]connected nodes,count=0
info|2025-12-14 20:49:20.405952|ioService-0x00007ccbed3ff640|[P2PService][Service][METRIC]heartBeat,connected count=3
info|2025-12-14 20:49:29.633122|timerFactory-0x00007ccbd95ff640|[RPC][WS][SERVICE]connected nodes,count=0
info|2025-12-14 20:49:30.405982|ioService-0x00007ccbed3ff640|[P2PService][Service][METRIC]heartBeat,connected count=3
info|2025-12-14 20:49:39.633155|timerFactory-0x00007ccbd95ff640|[RPC][WS][SERVICE]connected nodes,count=0
info|2025-12-14 20:49:40.406182|ioService-0x00007ccbed3ff640|[P2PService][Service][METRIC]heartBeat,connected count=3
info|2025-12-14 20:49:49.633178|timerFactory-0x00007ccbd95ff640|[RPC][WS][SERVICE]connected nodes,count=0
info|2025-12-14 20:49:50.406262|ioService-0x00007ccbed3ff640|[P2PService][Service][METRIC]heartBeat,connected count=3
info|2025-12-14 20:49:58.377440|objMonitor-0x00007ccbc67ff640|[startMonitor][AliveObjectMonitor],AliveObjectAllocStat=[ type: bcos::gateway::Socket ,created: 9 ,destroyed: 5 ,alive: 4 ] 
info|2025-12-14 20:49:59.633203|timerFactory-0x00007ccbd95ff640|[RPC][WS][SERVICE]connected nodes,count=0
info|2025-12-14 20:50:00.406283|ioService-0x00007ccbed3ff640|[P2PService][Service][METRIC]heartBeat,connected count=3
info|2025-12-14 20:50:09.633232|timerFactory-0x00007ccbd95ff640|[RPC][WS][SERVICE]connected nodes,count=0
info|2025-12-14 20:50:10.406303|ioService-0x00007ccbed3ff640|[P2PService][Service][METRIC]heartBeat,connected count=3
info|2025-12-14 20:50:19.633264|timerFactory-0x00007ccbd95ff640|[RPC][WS][SERVICE]connected nodes,count=0
info|2025-12-14 20:50:20.406364|ioService-0x00007ccbed3ff640|[P2PService][Service][METRIC]heartBeat,connected count=3
info|2025-12-14 20:50:29.633288|timerFactory-0x00007ccbd95ff640|[RPC][WS][SERVICE]connected nodes,count=0
info|2025-12-14 20:50:30.406401|ioService-0x00007ccbed3ff640|[P2PService][Service][METRIC]heartBeat,connected count=3
info|2025-12-14 20:50:39.633315|timerFactory-0x00007ccbd95ff640|[RPC][WS][SERVICE]connected nodes,count=0
info|2025-12-14 20:50:40.406450|ioService-0x00007ccbed3ff640|[P2PService][Service][METRIC]heartBeat,connected count=3
info|2025-12-14 20:50:49.633349|timerFactory-0x00007ccbd95ff640|[RPC][WS][SERVICE]connected nodes,count=0
info|2025-12-14 20:50:50.406566|ioService-0x00007ccbed3ff640|[P2PService][Service][METRIC]heartBeat,connected count=3
info|2025-12-14 20:50:58.377497|objMonitor-0x00007ccbc67ff640|[startMonitor][AliveObjectMonitor],AliveObjectAllocStat=[ type: bcos::gateway::Socket ,created: 9 ,destroyed: 5 ,alive: 4 ] 
info|2025-12-14 20:50:59.633384|timerFactory-0x00007ccbd95ff640|[RPC][WS][SERVICE]connected nodes,count=0
info|2025-12-14 20:51:00.406655|ioService-0x00007ccbed3ff640|[P2PService][Service][METRIC]heartBeat,connected count=3
info|2025-12-14 20:51:09.633413|timerFactory-0x00007ccbd95ff640|[RPC][WS][SERVICE]connected nodes,count=0
info|2025-12-14 20:51:10.406688|ioService-0x00007ccbed3ff640|[P2PService][Service][METRIC]heartBeat,connected count=3
info|2025-12-14 20:51:19.633447|timerFactory-0x00007ccbd95ff640|[RPC][WS][SERVICE]connected nodes,count=0
info|2025-12-14 20:51:20.406759|ioService-0x00007ccbed3ff640|[P2PService][Service][METRIC]heartBeat,connected count=3
info|2025-12-14 20:51:29.633472|timerFactory-0x00007ccbd95ff640|[RPC][WS][SERVICE]connected nodes,count=0
info|2025-12-14 20:51:30.406889|ioService-0x00007ccbed3ff640|[P2PService][Service][METRIC]heartBeat,connected count=3
info|2025-12-14 20:51:39.633497|timerFactory-0x00007ccbd95ff640|[RPC][WS][SERVICE]connected nodes,count=0
info|2025-12-14 20:51:40.406924|ioService-0x00007ccbed3ff640|[P2PService][Service][METRIC]heartBeat,connected count=3
info|2025-12-14 20:51:49.633524|timerFactory-0x00007ccbd95ff640|[RPC][WS][SERVICE]connected nodes,count=0
info|2025-12-14 20:51:50.406986|ioService-0x00007ccbed3ff640|[P2PService][Service][METRIC]heartBeat,connected count=3
info|2025-12-14 20:51:58.377548|objMonitor-0x00007ccbc67ff640|[startMonitor][AliveObjectMonitor],AliveObjectAllocStat=[ type: bcos::gateway::Socket ,created: 9 ,destroyed: 5 ,alive: 4 ] 
info|2025-12-14 20:51:59.633559|timerFactory-0x00007ccbd95ff640|[RPC][WS][SERVICE]connected nodes,count=0
info|2025-12-14 20:52:00.407033|ioService-0x00007ccbed3ff640|[P2PService][Service][METRIC]heartBeat,connected count=3
info|2025-12-14 20:52:09.633620|timerFactory-0x00007ccbd95ff640|[RPC][WS][SERVICE]connected nodes,count=0
info|2025-12-14 20:52:10.407062|ioService-0x00007ccbed3ff640|[P2PService][Service][METRIC]heartBeat,connected count=3
info|2025-12-14 20:52:19.633770|timerFactory-0x00007ccbd95ff640|[RPC][WS][SERVICE]connected nodes,count=0
info|2025-12-14 20:52:20.407135|ioService-0x00007ccbed3ff640|[P2PService][Service][METRIC]heartBeat,connected count=3
info|2025-12-14 20:52:29.633819|timerFactory-0x00007ccbd95ff640|[RPC][WS][SERVICE]connected nodes,count=0
info|2025-12-14 20:52:30.407317|ioService-0x00007ccbed3ff640|[P2PService][Service][METRIC]heartBeat,connected count=3
info|2025-12-14 20:52:39.633843|timerFactory-0x00007ccbd95ff640|[RPC][WS][SERVICE]connected nodes,count=0
info|2025-12-14 20:52:40.407432|ioService-0x00007ccbed3ff640|[P2PService][Service][METRIC]heartBeat,connected count=3
info|2025-12-14 20:52:49.633867|timerFactory-0x00007ccbd95ff640|[RPC][WS][SERVICE]connected nodes,count=0
info|2025-12-14 20:52:50.407502|ioService-0x00007ccbed3ff640|[P2PService][Service][METRIC]heartBeat,connected count=3
info|2025-12-14 20:52:58.377601|objMonitor-0x00007ccbc67ff640|[startMonitor][AliveObjectMonitor],AliveObjectAllocStat=[ type: bcos::gateway::Socket ,created: 9 ,destroyed: 5 ,alive: 4 ] 
info|2025-12-14 20:52:59.633886|timerFactory-0x00007ccbd95ff640|[RPC][WS][SERVICE]connected nodes,count=0
info|2025-12-14 20:53:00.407594|ioService-0x00007ccbed3ff640|[P2PService][Service][METRIC]heartBeat,connected count=3
info|2025-12-14 20:53:09.633945|timerFactory-0x00007ccbd95ff640|[RPC][WS][SERVICE]connected nodes,count=0
info|2025-12-14 20:53:10.407621|ioService-0x00007ccbed3ff640|[P2PService][Service][METRIC]heartBeat,connected count=3
info|2025-12-14 20:53:19.633968|timerFactory-0x00007ccbd95ff640|[RPC][WS][SERVICE]connected nodes,count=0
info|2025-12-14 20:53:20.407654|ioService-0x00007ccbed3ff640|[P2PService][Service][METRIC]heartBeat,connected count=3
info|2025-12-14 20:53:29.634048|timerFactory-0x00007ccbd95ff640|[RPC][WS][SERVICE]connected nodes,count=0
info|2025-12-14 20:53:30.407682|ioService-0x00007ccbed3ff640|[P2PService][Service][METRIC]heartBeat,connected count=3
info|2025-12-14 20:53:39.634120|timerFactory-0x00007ccbd95ff640|[RPC][WS][SERVICE]connected nodes,count=0
info|2025-12-14 20:53:40.407703|ioService-0x00007ccbed3ff640|[P2PService][Service][METRIC]heartBeat,connected count=3
info|2025-12-14 20:53:49.634142|timerFactory-0x00007ccbd95ff640|[RPC][WS][SERVICE]connected nodes,count=0
info|2025-12-14 20:53:50.407808|ioService-0x00007ccbed3ff640|[P2PService][Service][METRIC]heartBeat,connected count=3
info|2025-12-14 20:53:58.377731|objMonitor-0x00007ccbc67ff640|[startMonitor][AliveObjectMonitor],AliveObjectAllocStat=[ type: bcos::gateway::Socket ,created: 9 ,destroyed: 5 ,alive: 4 ] 
info|2025-12-14 20:53:59.634317|timerFactory-0x00007ccbd95ff640|[RPC][WS][SERVICE]connected nodes,count=0
info|2025-12-14 20:54:00.407833|ioService-0x00007ccbed3ff640|[P2PService][Service][METRIC]heartBeat,connected count=3
info|2025-12-14 20:54:09.634338|timerFactory-0x00007ccbd95ff640|[RPC][WS][SERVICE]connected nodes,count=0
info|2025-12-14 20:54:10.407853|ioService-0x00007ccbed3ff640|[P2PService][Service][METRIC]heartBeat,connected count=3
info|2025-12-14 20:54:19.634372|timerFactory-0x00007ccbd95ff640|[RPC][WS][SERVICE]connected nodes,count=0
info|2025-12-14 20:54:20.407879|ioService-0x00007ccbed3ff640|[P2PService][Service][METRIC]heartBeat,connected count=3
info|2025-12-14 20:54:29.634395|timerFactory-0x00007ccbd95ff640|[RPC][WS][SERVICE]connected nodes,count=0
info|2025-12-14 20:54:30.407935|ioService-0x00007ccbed3ff640|[P2PService][Service][METRIC]heartBeat,connected count=3
info|2025-12-14 20:54:39.634416|timerFactory-0x00007ccbd95ff640|[RPC][WS][SERVICE]connected nodes,count=0
info|2025-12-14 20:54:40.408026|ioService-0x00007ccbed3ff640|[P2PService][Service][METRIC]heartBeat,connected count=3
info|2025-12-14 20:54:49.634436|timerFactory-0x00007ccbd95ff640|[RPC][WS][SERVICE]connected nodes,count=0
info|2025-12-14 20:54:50.408120|ioService-0x00007ccbed3ff640|[P2PService][Service][METRIC]heartBeat,connected count=3
info|2025-12-14 20:54:58.377789|objMonitor-0x00007ccbc67ff640|[startMonitor][AliveObjectMonitor],AliveObjectAllocStat=[ type: bcos::gateway::Socket ,created: 9 ,destroyed: 5 ,alive: 4 ] 
info|2025-12-14 20:54:59.634458|timerFactory-0x00007ccbd95ff640|[RPC][WS][SERVICE]connected nodes,count=0
info|2025-12-14 20:55:00.408175|ioService-0x00007ccbed3ff640|[P2PService][Service][METRIC]heartBeat,connected count=3
info|2025-12-14 20:55:09.634481|timerFactory-0x00007ccbd95ff640|[RPC][WS][SERVICE]connected nodes,count=0
info|2025-12-14 20:55:10.408260|ioService-0x00007ccbed3ff640|[P2PService][Service][METRIC]heartBeat,connected count=3
info|2025-12-14 20:55:19.634510|timerFactory-0x00007ccbd95ff640|[RPC][WS][SERVICE]connected nodes,count=0
info|2025-12-14 20:55:20.408301|ioService-0x00007ccbed3ff640|[P2PService][Service][METRIC]heartBeat,connected count=3
info|2025-12-14 20:55:29.634537|timerFactory-0x00007ccbd95ff640|[RPC][WS][SERVICE]connected nodes,count=0
info|2025-12-14 20:55:30.408372|ioService-0x00007ccbed3ff640|[P2PService][Service][METRIC]heartBeat,connected count=3
info|2025-12-14 20:55:39.634569|timerFactory-0x00007ccbd95ff640|[RPC][WS][SERVICE]connected nodes,count=0
info|2025-12-14 20:55:40.408408|ioService-0x00007ccbed3ff640|[P2PService][Service][METRIC]heartBeat,connected count=3
info|2025-12-14 20:55:49.634596|timerFactory-0x00007ccbd95ff640|[RPC][WS][SERVICE]connected nodes,count=0
info|2025-12-14 20:55:50.408499|ioService-0x00007ccbed3ff640|[P2PService][Service][METRIC]heartBeat,connected count=3
info|2025-12-14 20:55:58.377842|objMonitor-0x00007ccbc67ff640|[startMonitor][AliveObjectMonitor],AliveObjectAllocStat=[ type: bcos::gateway::Socket ,created: 9 ,destroyed: 5 ,alive: 4 ] 
info|2025-12-14 20:55:59.634625|timerFactory-0x00007ccbd95ff640|[RPC][WS][SERVICE]connected nodes,count=0
info|2025-12-14 20:56:00.408527|ioService-0x00007ccbed3ff640|[P2PService][Service][METRIC]heartBeat,connected count=3
info|2025-12-14 20:56:09.634660|timerFactory-0x00007ccbd95ff640|[RPC][WS][SERVICE]connected nodes,count=0
info|2025-12-14 20:56:10.408552|ioService-0x00007ccbed3ff640|[P2PService][Service][METRIC]heartBeat,connected count=3
info|2025-12-14 20:56:19.634786|timerFactory-0x00007ccbd95ff640|[RPC][WS][SERVICE]connected nodes,count=0
info|2025-12-14 20:56:20.408583|ioService-0x00007ccbed3ff640|[P2PService][Service][METRIC]heartBeat,connected count=3
info|2025-12-14 20:56:29.634808|timerFactory-0x00007ccbd95ff640|[RPC][WS][SERVICE]connected nodes,count=0
info|2025-12-14 20:56:30.408659|ioService-0x00007ccbed3ff640|[P2PService][Service][METRIC]heartBeat,connected count=3
info|2025-12-14 20:56:39.634980|timerFactory-0x00007ccbd95ff640|[RPC][WS][SERVICE]connected nodes,count=0
info|2025-12-14 20:56:40.408728|ioService-0x00007ccbed3ff640|[P2PService][Service][METRIC]heartBeat,connected count=3
info|2025-12-14 20:56:49.635005|timerFactory-0x00007ccbd95ff640|[RPC][WS][SERVICE]connected nodes,count=0
info|2025-12-14 20:56:50.408858|ioService-0x00007ccbed3ff640|[P2PService][Service][METRIC]heartBeat,connected count=3
info|2025-12-14 20:56:58.378015|objMonitor-0x00007ccbc67ff640|[startMonitor][AliveObjectMonitor],AliveObjectAllocStat=[ type: bcos::gateway::Socket ,created: 9 ,destroyed: 5 ,alive: 4 ] 
info|2025-12-14 20:56:59.635075|timerFactory-0x00007ccbd95ff640|[RPC][WS][SERVICE]connected nodes,count=0
info|2025-12-14 20:57:00.408925|ioService-0x00007ccbed3ff640|[P2PService][Service][METRIC]heartBeat,connected count=3
info|2025-12-14 20:57:09.635095|timerFactory-0x00007ccbd95ff640|[RPC][WS][SERVICE]connected nodes,count=0
info|2025-12-14 20:57:10.408988|ioService-0x00007ccbed3ff640|[P2PService][Service][METRIC]heartBeat,connected count=3
info|2025-12-14 20:57:19.635118|timerFactory-0x00007ccbd95ff640|[RPC][WS][SERVICE]connected nodes,count=0
info|2025-12-14 20:57:20.409084|ioService-0x00007ccbed3ff640|[P2PService][Service][METRIC]heartBeat,connected count=3
info|2025-12-14 20:57:29.635139|timerFactory-0x00007ccbd95ff640|[RPC][WS][SERVICE]connected nodes,count=0
info|2025-12-14 20:57:30.409177|ioService-0x00007ccbed3ff640|[P2PService][Service][METRIC]heartBeat,connected count=3
info|2025-12-14 20:57:39.635194|timerFactory-0x00007ccbd95ff640|[RPC][WS][SERVICE]connected nodes,count=0
info|2025-12-14 20:57:40.409202|ioService-0x00007ccbed3ff640|[P2PService][Service][METRIC]heartBeat,connected count=3
info|2025-12-14 20:57:49.635252|timerFactory-0x00007ccbd95ff640|[RPC][WS][SERVICE]connected nodes,count=0
info|2025-12-14 20:57:50.409264|ioService-0x00007ccbed3ff640|[P2PService][Service][METRIC]heartBeat,connected count=3
info|2025-12-14 20:57:58.378250|objMonitor-0x00007ccbc67ff640|[startMonitor][AliveObjectMonitor],AliveObjectAllocStat=[ type: bcos::gateway::Socket ,created: 9 ,destroyed: 5 ,alive: 4 ] 
info|2025-12-14 20:57:59.635278|timerFactory-0x00007ccbd95ff640|[RPC][WS][SERVICE]connected nodes,count=0
info|2025-12-14 20:58:00.409290|ioService-0x00007ccbed3ff640|[P2PService][Service][METRIC]heartBeat,connected count=3
info|2025-12-14 20:58:09.635305|timerFactory-0x00007ccbd95ff640|[RPC][WS][SERVICE]connected nodes,count=0
info|2025-12-14 20:58:10.409322|ioService-0x00007ccbed3ff640|[P2PService][Service][METRIC]heartBeat,connected count=3
info|2025-12-14 20:58:19.635330|timerFactory-0x00007ccbd95ff640|[RPC][WS][SERVICE]connected nodes,count=0
info|2025-12-14 20:58:20.409413|ioService-0x00007ccbed3ff640|[P2PService][Service][METRIC]heartBeat,connected count=3
info|2025-12-14 20:58:29.635388|timerFactory-0x00007ccbd95ff640|[RPC][WS][SERVICE]connected nodes,count=0
info|2025-12-14 20:58:30.409451|ioService-0x00007ccbed3ff640|[P2PService][Service][METRIC]heartBeat,connected count=3
info|2025-12-14 20:58:39.635449|timerFactory-0x00007ccbd95ff640|[RPC][WS][SERVICE]connected nodes,count=0
info|2025-12-14 20:58:40.409527|ioService-0x00007ccbed3ff640|[P2PService][Service][METRIC]heartBeat,connected count=3
info|2025-12-14 20:58:49.635474|timerFactory-0x00007ccbd95ff640|[RPC][WS][SERVICE]connected nodes,count=0
info|2025-12-14 20:58:50.409654|ioService-0x00007ccbed3ff640|[P2PService][Service][METRIC]heartBeat,connected count=3
info|2025-12-14 20:58:58.378289|objMonitor-0x00007ccbc67ff640|[startMonitor][AliveObjectMonitor],AliveObjectAllocStat=[ type: bcos::gateway::Socket ,created: 9 ,destroyed: 5 ,alive: 4 ] 
info|2025-12-14 20:58:59.635499|timerFactory-0x00007ccbd95ff640|[RPC][WS][SERVICE]connected nodes,count=0
info|2025-12-14 20:59:00.409748|ioService-0x00007ccbed3ff640|[P2PService][Service][METRIC]heartBeat,connected count=3
info|2025-12-14 20:59:09.635564|timerFactory-0x00007ccbd95ff640|[RPC][WS][SERVICE]connected nodes,count=0
info|2025-12-14 20:59:10.409815|ioService-0x00007ccbed3ff640|[P2PService][Service][METRIC]heartBeat,connected count=3
info|2025-12-14 20:59:19.635586|timerFactory-0x00007ccbd95ff640|[RPC][WS][SERVICE]connected nodes,count=0
info|2025-12-14 20:59:20.409883|ioService-0x00007ccbed3ff640|[P2PService][Service][METRIC]heartBeat,connected count=3
info|2025-12-14 20:59:29.635607|timerFactory-0x00007ccbd95ff640|[RPC][WS][SERVICE]connected nodes,count=0
info|2025-12-14 20:59:30.409918|ioService-0x00007ccbed3ff640|[P2PService][Service][METRIC]heartBeat,connected count=3
info|2025-12-14 20:59:39.635629|timerFactory-0x00007ccbd95ff640|[RPC][WS][SERVICE]connected nodes,count=0
info|2025-12-14 20:59:40.409958|ioService-0x00007ccbed3ff640|[P2PService][Service][METRIC]heartBeat,connected count=3
info|2025-12-14 20:59:49.635648|timerFactory-0x00007ccbd95ff640|[RPC][WS][SERVICE]connected nodes,count=0
info|2025-12-14 20:59:50.409996|ioService-0x00007ccbed3ff640|[P2PService][Service][METRIC]heartBeat,connected count=3
info|2025-12-14 20:59:58.378326|objMonitor-0x00007ccbc67ff640|[startMonitor][AliveObjectMonitor],AliveObjectAllocStat=[ type: bcos::gateway::Socket ,created: 9 ,destroyed: 5 ,alive: 4 ] 
info|2025-12-14 20:59:59.635703|timerFactory-0x00007ccbd95ff640|[RPC][WS][SERVICE]connected nodes,count=0
