info|2025-12-12 23:00:08.874168|timerFactory-0x00007ccbd95ff640|[RPC][WS][SERVICE]connected nodes,count=0
info|2025-12-12 23:00:09.253572|ioService-0x00007ccbed3ff640|[P2PService][Service][METRIC]heartBeat,connected count=3
info|2025-12-12 23:00:18.874246|timerFactory-0x00007ccbd95ff640|[RPC][WS][SERVICE]connected nodes,count=0
info|2025-12-12 23:00:19.253801|ioService-0x00007ccbed3ff640|[P2PService][Service][METRIC]heartBeat,connected count=3
info|2025-12-12 23:00:28.874298|timerFactory-0x00007ccbd95ff640|[RPC][WS][SERVICE]connected nodes,count=0
info|2025-12-12 23:00:29.253891|ioService-0x00007ccbed3ff640|[P2PService][Service][METRIC]heartBeat,connected count=3
info|2025-12-12 23:00:38.874343|timerFactory-0x00007ccbd95ff640|[RPC][WS][SERVICE]connected nodes,count=0
info|2025-12-12 23:00:39.253919|ioService-0x00007ccbed3ff640|[P2PService][Service][METRIC]heartBeat,connected count=3
info|2025-12-12 23:00:48.874365|timerFactory-0x00007ccbd95ff640|[RPC][WS][SERVICE]connected nodes,count=0
info|2025-12-12 23:00:49.253987|ioService-0x00007ccbed3ff640|[P2PService][Service][METRIC]heartBeat,connected count=3
info|2025-12-12 23:00:58.181104|objMonitor-0x00007ccbc67ff640|[startMonitor][AliveObjectMonitor],AliveObjectAllocStat=[ type: bcos::gateway::Socket ,created: 9 ,destroyed: 5 ,alive: 4 ] 
info|2025-12-12 23:00:58.874385|timerFactory-0x00007ccbd95ff640|[RPC][WS][SERVICE]connected nodes,count=0
info|2025-12-12 23:00:59.254005|ioService-0x00007ccbed3ff640|[P2PService][Service][METRIC]heartBeat,connected count=3
info|2025-12-12 23:01:08.874405|timerFactory-0x00007ccbd95ff640|[RPC][WS][SERVICE]connected nodes,count=0
info|2025-12-12 23:01:09.254100|ioService-0x00007ccbed3ff640|[P2PService][Service][METRIC]heartBeat,connected count=3
info|2025-12-12 23:01:18.874451|timerFactory-0x00007ccbd95ff640|[RPC][WS][SERVICE]connected nodes,count=0
info|2025-12-12 23:01:19.254168|ioService-0x00007ccbed3ff640|[P2PService][Service][METRIC]heartBeat,connected count=3
info|2025-12-12 23:01:28.874478|timerFactory-0x00007ccbd95ff640|[RPC][WS][SERVICE]connected nodes,count=0
info|2025-12-12 23:01:29.254232|ioService-0x00007ccbed3ff640|[P2PService][Service][METRIC]heartBeat,connected count=3
info|2025-12-12 23:01:38.874505|timerFactory-0x00007ccbd95ff640|[RPC][WS][SERVICE]connected nodes,count=0
info|2025-12-12 23:01:39.254295|ioService-0x00007ccbed3ff640|[P2PService][Service][METRIC]heartBeat,connected count=3
info|2025-12-12 23:01:48.874531|timerFactory-0x00007ccbd95ff640|[RPC][WS][SERVICE]connected nodes,count=0
info|2025-12-12 23:01:49.254348|ioService-0x00007ccbed3ff640|[P2PService][Service][METRIC]heartBeat,connected count=3
info|2025-12-12 23:01:58.181139|objMonitor-0x00007ccbc67ff640|[startMonitor][AliveObjectMonitor],AliveObjectAllocStat=[ type: bcos::gateway::Socket ,created: 9 ,destroyed: 5 ,alive: 4 ] 
info|2025-12-12 23:01:58.874554|timerFactory-0x00007ccbd95ff640|[RPC][WS][SERVICE]connected nodes,count=0
info|2025-12-12 23:01:59.254465|ioService-0x00007ccbed3ff640|[P2PService][Service][METRIC]heartBeat,connected count=3
info|2025-12-12 23:02:08.874580|timerFactory-0x00007ccbd95ff640|[RPC][WS][SERVICE]connected nodes,count=0
info|2025-12-12 23:02:09.254490|ioService-0x00007ccbed3ff640|[P2PService][Service][METRIC]heartBeat,connected count=3
info|2025-12-12 23:02:18.874602|timerFactory-0x00007ccbd95ff640|[RPC][WS][SERVICE]connected nodes,count=0
info|2025-12-12 23:02:19.254554|ioService-0x00007ccbed3ff640|[P2PService][Service][METRIC]heartBeat,connected count=3
info|2025-12-12 23:02:28.874660|timerFactory-0x00007ccbd95ff640|[RPC][WS][SERVICE]connected nodes,count=0
info|2025-12-12 23:02:29.254628|ioService-0x00007ccbed3ff640|[P2PService][Service][METRIC]heartBeat,connected count=3
info|2025-12-12 23:02:38.874748|timerFactory-0x00007ccbd95ff640|[RPC][WS][SERVICE]connected nodes,count=0
info|2025-12-12 23:02:39.254652|ioService-0x00007ccbed3ff640|[P2PService][Service][METRIC]heartBeat,connected count=3
info|2025-12-12 23:02:48.874785|timerFactory-0x00007ccbd95ff640|[RPC][WS][SERVICE]connected nodes,count=0
info|2025-12-12 23:02:49.254719|ioService-0x00007ccbed3ff640|[P2PService][Service][METRIC]heartBeat,connected count=3
info|2025-12-12 23:02:58.181236|objMonitor-0x00007ccbc67ff640|[startMonitor][AliveObjectMonitor],AliveObjectAllocStat=[ type: bcos::gateway::Socket ,created: 9 ,destroyed: 5 ,alive: 4 ] 
info|2025-12-12 23:02:58.874811|timerFactory-0x00007ccbd95ff640|[RPC][WS][SERVICE]connected nodes,count=0
info|2025-12-12 23:02:59.254739|ioService-0x00007ccbed3ff640|[P2PService][Service][METRIC]heartBeat,connected count=3
info|2025-12-12 23:03:08.874837|timerFactory-0x00007ccbd95ff640|[RPC][WS][SERVICE]connected nodes,count=0
info|2025-12-12 23:03:09.254759|ioService-0x00007ccbed3ff640|[P2PService][Service][METRIC]heartBeat,connected count=3
info|2025-12-12 23:03:18.874910|timerFactory-0x00007ccbd95ff640|[RPC][WS][SERVICE]connected nodes,count=0
info|2025-12-12 23:03:19.254837|ioService-0x00007ccbed3ff640|[P2PService][Service][METRIC]heartBeat,connected count=3
info|2025-12-12 23:03:28.874988|timerFactory-0x00007ccbd95ff640|[RPC][WS][SERVICE]connected nodes,count=0
info|2025-12-12 23:03:29.254860|ioService-0x00007ccbed3ff640|[P2PService][Service][METRIC]heartBeat,connected count=3
info|2025-12-12 23:03:38.875047|timerFactory-0x00007ccbd95ff640|[RPC][WS][SERVICE]connected nodes,count=0
info|2025-12-12 23:03:39.254984|ioService-0x00007ccbed3ff640|[P2PService][Service][METRIC]heartBeat,connected count=3
info|2025-12-12 23:03:48.875072|timerFactory-0x00007ccbd95ff640|[RPC][WS][SERVICE]connected nodes,count=0
info|2025-12-12 23:03:49.255151|ioService-0x00007ccbed3ff640|[P2PService][Service][METRIC]heartBeat,connected count=3
info|2025-12-12 23:03:58.181271|objMonitor-0x00007ccbc67ff640|[startMonitor][AliveObjectMonitor],AliveObjectAllocStat=[ type: bcos::gateway::Socket ,created: 9 ,destroyed: 5 ,alive: 4 ] 
info|2025-12-12 23:03:58.875099|timerFactory-0x00007ccbd95ff640|[RPC][WS][SERVICE]connected nodes,count=0
info|2025-12-12 23:03:59.255182|ioService-0x00007ccbed3ff640|[P2PService][Service][METRIC]heartBeat,connected count=3
info|2025-12-12 23:04:08.875129|timerFactory-0x00007ccbd95ff640|[RPC][WS][SERVICE]connected nodes,count=0
info|2025-12-12 23:04:09.255240|ioService-0x00007ccbed3ff640|[P2PService][Service][METRIC]heartBeat,connected count=3
info|2025-12-12 23:04:18.875197|timerFactory-0x00007ccbd95ff640|[RPC][WS][SERVICE]connected nodes,count=0
info|2025-12-12 23:04:19.255371|ioService-0x00007ccbed3ff640|[P2PService][Service][METRIC]heartBeat,connected count=3
info|2025-12-12 23:04:28.875251|timerFactory-0x00007ccbd95ff640|[RPC][WS][SERVICE]connected nodes,count=0
info|2025-12-12 23:04:29.255428|ioService-0x00007ccbed3ff640|[P2PService][Service][METRIC]heartBeat,connected count=3
info|2025-12-12 23:04:38.875308|timerFactory-0x00007ccbd95ff640|[RPC][WS][SERVICE]connected nodes,count=0
info|2025-12-12 23:04:39.255448|ioService-0x00007ccbed3ff640|[P2PService][Service][METRIC]heartBeat,connected count=3
info|2025-12-12 23:04:48.875392|timerFactory-0x00007ccbd95ff640|[RPC][WS][SERVICE]connected nodes,count=0
info|2025-12-12 23:04:49.255468|ioService-0x00007ccbed3ff640|[P2PService][Service][METRIC]heartBeat,connected count=3
info|2025-12-12 23:04:58.181307|objMonitor-0x00007ccbc67ff640|[startMonitor][AliveObjectMonitor],AliveObjectAllocStat=[ type: bcos::gateway::Socket ,created: 9 ,destroyed: 5 ,alive: 4 ] 
info|2025-12-12 23:04:58.875464|timerFactory-0x00007ccbd95ff640|[RPC][WS][SERVICE]connected nodes,count=0
info|2025-12-12 23:04:59.255618|ioService-0x00007ccbed3ff640|[P2PService][Service][METRIC]heartBeat,connected count=3
info|2025-12-12 23:05:08.875488|timerFactory-0x00007ccbd95ff640|[RPC][WS][SERVICE]connected nodes,count=0
info|2025-12-12 23:05:09.255689|ioService-0x00007ccbed3ff640|[P2PService][Service][METRIC]heartBeat,connected count=3
info|2025-12-12 23:05:18.875516|timerFactory-0x00007ccbd95ff640|[RPC][WS][SERVICE]connected nodes,count=0
info|2025-12-12 23:05:19.255716|ioService-0x00007ccbed3ff640|[P2PService][Service][METRIC]heartBeat,connected count=3
info|2025-12-12 23:05:28.875578|timerFactory-0x00007ccbd95ff640|[RPC][WS][SERVICE]connected nodes,count=0
info|2025-12-12 23:05:29.255748|ioService-0x00007ccbed3ff640|[P2PService][Service][METRIC]heartBeat,connected count=3
info|2025-12-12 23:05:38.875637|timerFactory-0x00007ccbd95ff640|[RPC][WS][SERVICE]connected nodes,count=0
info|2025-12-12 23:05:39.255817|ioService-0x00007ccbed3ff640|[P2PService][Service][METRIC]heartBeat,connected count=3
info|2025-12-12 23:05:48.875792|timerFactory-0x00007ccbd95ff640|[RPC][WS][SERVICE]connected nodes,count=0
info|2025-12-12 23:05:49.255889|ioService-0x00007ccbed3ff640|[P2PService][Service][METRIC]heartBeat,connected count=3
info|2025-12-12 23:05:58.181342|objMonitor-0x00007ccbc67ff640|[startMonitor][AliveObjectMonitor],AliveObjectAllocStat=[ type: bcos::gateway::Socket ,created: 9 ,destroyed: 5 ,alive: 4 ] [ type: bcos::gateway::ResponseCallback ,created: 2944978 ,destroyed: 2944973 ,alive: 5 ] 
info|2025-12-12 23:05:58.875855|timerFactory-0x00007ccbd95ff640|[RPC][WS][SERVICE]connected nodes,count=0
info|2025-12-12 23:05:59.255988|ioService-0x00007ccbed3ff640|[P2PService][Service][METRIC]heartBeat,connected count=3
info|2025-12-12 23:06:08.875888|timerFactory-0x00007ccbd95ff640|[RPC][WS][SERVICE]connected nodes,count=0
info|2025-12-12 23:06:09.256071|ioService-0x00007ccbed3ff640|[P2PService][Service][METRIC]heartBeat,connected count=3
info|2025-12-12 23:06:18.875915|timerFactory-0x00007ccbd95ff640|[RPC][WS][SERVICE]connected nodes,count=0
info|2025-12-12 23:06:19.256274|ioService-0x00007ccbed3ff640|[P2PService][Service][METRIC]heartBeat,connected count=3
info|2025-12-12 23:06:28.875940|timerFactory-0x00007ccbd95ff640|[RPC][WS][SERVICE]connected nodes,count=0
info|2025-12-12 23:06:29.256356|ioService-0x00007ccbed3ff640|[P2PService][Service][METRIC]heartBeat,connected count=3
info|2025-12-12 23:06:38.876006|timerFactory-0x00007ccbd95ff640|[RPC][WS][SERVICE]connected nodes,count=0
info|2025-12-12 23:06:39.256418|ioService-0x00007ccbed3ff640|[P2PService][Service][METRIC]heartBeat,connected count=3
info|2025-12-12 23:06:48.876072|timerFactory-0x00007ccbd95ff640|[RPC][WS][SERVICE]connected nodes,count=0
info|2025-12-12 23:06:49.256483|ioService-0x00007ccbed3ff640|[P2PService][Service][METRIC]heartBeat,connected count=3
info|2025-12-12 23:06:58.181378|objMonitor-0x00007ccbc67ff640|[startMonitor][AliveObjectMonitor],AliveObjectAllocStat=[ type: bcos::gateway::Socket ,created: 9 ,destroyed: 5 ,alive: 4 ] 
info|2025-12-12 23:06:58.876100|timerFactory-0x00007ccbd95ff640|[RPC][WS][SERVICE]connected nodes,count=0
info|2025-12-12 23:06:59.256543|ioService-0x00007ccbed3ff640|[P2PService][Service][METRIC]heartBeat,connected count=3
info|2025-12-12 23:07:08.876131|timerFactory-0x00007ccbd95ff640|[RPC][WS][SERVICE]connected nodes,count=0
info|2025-12-12 23:07:09.256562|ioService-0x00007ccbed3ff640|[P2PService][Service][METRIC]heartBeat,connected count=3
info|2025-12-12 23:07:18.876165|timerFactory-0x00007ccbd95ff640|[RPC][WS][SERVICE]connected nodes,count=0
info|2025-12-12 23:07:19.256581|ioService-0x00007ccbed3ff640|[P2PService][Service][METRIC]heartBeat,connected count=3
info|2025-12-12 23:07:28.876190|timerFactory-0x00007ccbd95ff640|[RPC][WS][SERVICE]connected nodes,count=0
info|2025-12-12 23:07:29.256640|ioService-0x00007ccbed3ff640|[P2PService][Service][METRIC]heartBeat,connected count=3
info|2025-12-12 23:07:38.876222|timerFactory-0x00007ccbd95ff640|[RPC][WS][SERVICE]connected nodes,count=0
info|2025-12-12 23:07:39.256701|ioService-0x00007ccbed3ff640|[P2PService][Service][METRIC]heartBeat,connected count=3
info|2025-12-12 23:07:48.876249|timerFactory-0x00007ccbd95ff640|[RPC][WS][SERVICE]connected nodes,count=0
info|2025-12-12 23:07:49.256867|ioService-0x00007ccbed3ff640|[P2PService][Service][METRIC]heartBeat,connected count=3
info|2025-12-12 23:07:58.181419|objMonitor-0x00007ccbc67ff640|[startMonitor][AliveObjectMonitor],AliveObjectAllocStat=[ type: bcos::gateway::Socket ,created: 9 ,destroyed: 5 ,alive: 4 ] 
info|2025-12-12 23:07:58.876273|timerFactory-0x00007ccbd95ff640|[RPC][WS][SERVICE]connected nodes,count=0
info|2025-12-12 23:07:59.256928|ioService-0x00007ccbed3ff640|[P2PService][Service][METRIC]heartBeat,connected count=3
info|2025-12-12 23:08:08.876295|timerFactory-0x00007ccbd95ff640|[RPC][WS][SERVICE]connected nodes,count=0
info|2025-12-12 23:08:09.256959|ioService-0x00007ccbed3ff640|[P2PService][Service][METRIC]heartBeat,connected count=3
info|2025-12-12 23:08:18.876324|timerFactory-0x00007ccbd95ff640|[RPC][WS][SERVICE]connected nodes,count=0
info|2025-12-12 23:08:19.257049|ioService-0x00007ccbed3ff640|[P2PService][Service][METRIC]heartBeat,connected count=3
info|2025-12-12 23:08:28.876345|timerFactory-0x00007ccbd95ff640|[RPC][WS][SERVICE]connected nodes,count=0
info|2025-12-12 23:08:29.257171|ioService-0x00007ccbed3ff640|[P2PService][Service][METRIC]heartBeat,connected count=3
info|2025-12-12 23:08:38.876368|timerFactory-0x00007ccbd95ff640|[RPC][WS][SERVICE]connected nodes,count=0
info|2025-12-12 23:08:39.257268|ioService-0x00007ccbed3ff640|[P2PService][Service][METRIC]heartBeat,connected count=3
info|2025-12-12 23:08:48.876392|timerFactory-0x00007ccbd95ff640|[RPC][WS][SERVICE]connected nodes,count=0
info|2025-12-12 23:08:49.257329|ioService-0x00007ccbed3ff640|[P2PService][Service][METRIC]heartBeat,connected count=3
info|2025-12-12 23:08:58.181549|objMonitor-0x00007ccbc67ff640|[startMonitor][AliveObjectMonitor],AliveObjectAllocStat=[ type: bcos::gateway::Socket ,created: 9 ,destroyed: 5 ,alive: 4 ] 
info|2025-12-12 23:08:58.876416|timerFactory-0x00007ccbd95ff640|[RPC][WS][SERVICE]connected nodes,count=0
info|2025-12-12 23:08:59.257353|ioService-0x00007ccbed3ff640|[P2PService][Service][METRIC]heartBeat,connected count=3
info|2025-12-12 23:09:08.876481|timerFactory-0x00007ccbd95ff640|[RPC][WS][SERVICE]connected nodes,count=0
info|2025-12-12 23:09:09.257427|ioService-0x00007ccbed3ff640|[P2PService][Service][METRIC]heartBeat,connected count=3
info|2025-12-12 23:09:18.876509|timerFactory-0x00007ccbd95ff640|[RPC][WS][SERVICE]connected nodes,count=0
info|2025-12-12 23:09:19.257454|ioService-0x00007ccbed3ff640|[P2PService][Service][METRIC]heartBeat,connected count=3
info|2025-12-12 23:09:28.876537|timerFactory-0x00007ccbd95ff640|[RPC][WS][SERVICE]connected nodes,count=0
info|2025-12-12 23:09:29.257572|ioService-0x00007ccbed3ff640|[P2PService][Service][METRIC]heartBeat,connected count=3
info|2025-12-12 23:09:38.876564|timerFactory-0x00007ccbd95ff640|[RPC][WS][SERVICE]connected nodes,count=0
info|2025-12-12 23:09:39.257595|ioService-0x00007ccbed3ff640|[P2PService][Service][METRIC]heartBeat,connected count=3
info|2025-12-12 23:09:48.876595|timerFactory-0x00007ccbd95ff640|[RPC][WS][SERVICE]connected nodes,count=0
info|2025-12-12 23:09:49.257690|ioService-0x00007ccbed3ff640|[P2PService][Service][METRIC]heartBeat,connected count=3
info|2025-12-12 23:09:58.181583|objMonitor-0x00007ccbc67ff640|[startMonitor][AliveObjectMonitor],AliveObjectAllocStat=[ type: bcos::gateway::Socket ,created: 9 ,destroyed: 5 ,alive: 4 ] 
info|2025-12-12 23:09:58.876629|timerFactory-0x00007ccbd95ff640|[RPC][WS][SERVICE]connected nodes,count=0
info|2025-12-12 23:09:59.257712|ioService-0x00007ccbed3ff640|[P2PService][Service][METRIC]heartBeat,connected count=3
info|2025-12-12 23:10:08.876655|timerFactory-0x00007ccbd95ff640|[RPC][WS][SERVICE]connected nodes,count=0
info|2025-12-12 23:10:09.257779|ioService-0x00007ccbed3ff640|[P2PService][Service][METRIC]heartBeat,connected count=3
info|2025-12-12 23:10:18.876725|timerFactory-0x00007ccbd95ff640|[RPC][WS][SERVICE]connected nodes,count=0
info|2025-12-12 23:10:19.257893|ioService-0x00007ccbed3ff640|[P2PService][Service][METRIC]heartBeat,connected count=3
info|2025-12-12 23:10:28.876786|timerFactory-0x00007ccbd95ff640|[RPC][WS][SERVICE]connected nodes,count=0
info|2025-12-12 23:10:29.257951|ioService-0x00007ccbed3ff640|[P2PService][Service][METRIC]heartBeat,connected count=3
info|2025-12-12 23:10:38.876810|timerFactory-0x00007ccbd95ff640|[RPC][WS][SERVICE]connected nodes,count=0
info|2025-12-12 23:10:39.258021|ioService-0x00007ccbed3ff640|[P2PService][Service][METRIC]heartBeat,connected count=3
info|2025-12-12 23:10:48.876835|timerFactory-0x00007ccbd95ff640|[RPC][WS][SERVICE]connected nodes,count=0
info|2025-12-12 23:10:49.258181|ioService-0x00007ccbed3ff640|[P2PService][Service][METRIC]heartBeat,connected count=3
info|2025-12-12 23:10:58.181630|objMonitor-0x00007ccbc67ff640|[startMonitor][AliveObjectMonitor],AliveObjectAllocStat=[ type: bcos::gateway::Socket ,created: 9 ,destroyed: 5 ,alive: 4 ] 
info|2025-12-12 23:10:58.876912|timerFactory-0x00007ccbd95ff640|[RPC][WS][SERVICE]connected nodes,count=0
info|2025-12-12 23:10:59.258273|ioService-0x00007ccbed3ff640|[P2PService][Service][METRIC]heartBeat,connected count=3
info|2025-12-12 23:11:08.876968|timerFactory-0x00007ccbd95ff640|[RPC][WS][SERVICE]connected nodes,count=0
info|2025-12-12 23:11:09.258296|ioService-0x00007ccbed3ff640|[P2PService][Service][METRIC]heartBeat,connected count=3
info|2025-12-12 23:11:18.877067|timerFactory-0x00007ccbd95ff640|[RPC][WS][SERVICE]connected nodes,count=0
info|2025-12-12 23:11:19.258320|ioService-0x00007ccbed3ff640|[P2PService][Service][METRIC]heartBeat,connected count=3
info|2025-12-12 23:11:28.877125|timerFactory-0x00007ccbd95ff640|[RPC][WS][SERVICE]connected nodes,count=0
info|2025-12-12 23:11:29.258403|ioService-0x00007ccbed3ff640|[P2PService][Service][METRIC]heartBeat,connected count=3
info|2025-12-12 23:11:38.877182|timerFactory-0x00007ccbd95ff640|[RPC][WS][SERVICE]connected nodes,count=0
info|2025-12-12 23:11:39.258510|ioService-0x00007ccbed3ff640|[P2PService][Service][METRIC]heartBeat,connected count=3
info|2025-12-12 23:11:48.877202|timerFactory-0x00007ccbd95ff640|[RPC][WS][SERVICE]connected nodes,count=0
info|2025-12-12 23:11:49.258571|ioService-0x00007ccbed3ff640|[P2PService][Service][METRIC]heartBeat,connected count=3
info|2025-12-12 23:11:58.181827|objMonitor-0x00007ccbc67ff640|[startMonitor][AliveObjectMonitor],AliveObjectAllocStat=[ type: bcos::gateway::Socket ,created: 9 ,destroyed: 5 ,alive: 4 ] 
info|2025-12-12 23:11:58.877261|timerFactory-0x00007ccbd95ff640|[RPC][WS][SERVICE]connected nodes,count=0
info|2025-12-12 23:11:59.258632|ioService-0x00007ccbed3ff640|[P2PService][Service][METRIC]heartBeat,connected count=3
info|2025-12-12 23:12:08.877321|timerFactory-0x00007ccbd95ff640|[RPC][WS][SERVICE]connected nodes,count=0
info|2025-12-12 23:12:09.258688|ioService-0x00007ccbed3ff640|[P2PService][Service][METRIC]heartBeat,connected count=3
info|2025-12-12 23:12:18.877348|timerFactory-0x00007ccbd95ff640|[RPC][WS][SERVICE]connected nodes,count=0
info|2025-12-12 23:12:19.258710|ioService-0x00007ccbed3ff640|[P2PService][Service][METRIC]heartBeat,connected count=3
info|2025-12-12 23:12:28.877375|timerFactory-0x00007ccbd95ff640|[RPC][WS][SERVICE]connected nodes,count=0
info|2025-12-12 23:12:29.258740|ioService-0x00007ccbed3ff640|[P2PService][Service][METRIC]heartBeat,connected count=3
info|2025-12-12 23:12:38.877401|timerFactory-0x00007ccbd95ff640|[RPC][WS][SERVICE]connected nodes,count=0
info|2025-12-12 23:12:39.258825|ioService-0x00007ccbed3ff640|[P2PService][Service][METRIC]heartBeat,connected count=3
info|2025-12-12 23:12:48.877426|timerFactory-0x00007ccbd95ff640|[RPC][WS][SERVICE]connected nodes,count=0
info|2025-12-12 23:12:49.258889|ioService-0x00007ccbed3ff640|[P2PService][Service][METRIC]heartBeat,connected count=3
info|2025-12-12 23:12:58.181864|objMonitor-0x00007ccbc67ff640|[startMonitor][AliveObjectMonitor],AliveObjectAllocStat=[ type: bcos::gateway::Socket ,created: 9 ,destroyed: 5 ,alive: 4 ] 
info|2025-12-12 23:12:58.877454|timerFactory-0x00007ccbd95ff640|[RPC][WS][SERVICE]connected nodes,count=0
info|2025-12-12 23:12:59.259032|ioService-0x00007ccbed3ff640|[P2PService][Service][METRIC]heartBeat,connected count=3
info|2025-12-12 23:13:08.877481|timerFactory-0x00007ccbd95ff640|[RPC][WS][SERVICE]connected nodes,count=0
info|2025-12-12 23:13:09.259102|ioService-0x00007ccbed3ff640|[P2PService][Service][METRIC]heartBeat,connected count=3
info|2025-12-12 23:13:18.877510|timerFactory-0x00007ccbd95ff640|[RPC][WS][SERVICE]connected nodes,count=0
info|2025-12-12 23:13:19.259137|ioService-0x00007ccbed3ff640|[P2PService][Service][METRIC]heartBeat,connected count=3
info|2025-12-12 23:13:28.877562|timerFactory-0x00007ccbd95ff640|[RPC][WS][SERVICE]connected nodes,count=0
info|2025-12-12 23:13:29.259199|ioService-0x00007ccbed3ff640|[P2PService][Service][METRIC]heartBeat,connected count=3
info|2025-12-12 23:13:38.877624|timerFactory-0x00007ccbd95ff640|[RPC][WS][SERVICE]connected nodes,count=0
info|2025-12-12 23:13:39.259274|ioService-0x00007ccbed3ff640|[P2PService][Service][METRIC]heartBeat,connected count=3
info|2025-12-12 23:13:48.877650|timerFactory-0x00007ccbd95ff640|[RPC][WS][SERVICE]connected nodes,count=0
info|2025-12-12 23:13:49.259357|ioService-0x00007ccbed3ff640|[P2PService][Service][METRIC]heartBeat,connected count=3
info|2025-12-12 23:13:58.181897|objMonitor-0x00007ccbc67ff640|[startMonitor][AliveObjectMonitor],AliveObjectAllocStat=[ type: bcos::gateway::Socket ,created: 9 ,destroyed: 5 ,alive: 4 ] 
info|2025-12-12 23:13:58.877704|timerFactory-0x00007ccbd95ff640|[RPC][WS][SERVICE]connected nodes,count=0
info|2025-12-12 23:13:59.259464|ioService-0x00007ccbed3ff640|[P2PService][Service][METRIC]heartBeat,connected count=3
info|2025-12-12 23:14:08.877768|timerFactory-0x00007ccbd95ff640|[RPC][WS][SERVICE]connected nodes,count=0
info|2025-12-12 23:14:09.259485|ioService-0x00007ccbed3ff640|[P2PService][Service][METRIC]heartBeat,connected count=3
info|2025-12-12 23:14:18.877832|timerFactory-0x00007ccbd95ff640|[RPC][WS][SERVICE]connected nodes,count=0
info|2025-12-12 23:14:19.259555|ioService-0x00007ccbed3ff640|[P2PService][Service][METRIC]heartBeat,connected count=3
info|2025-12-12 23:14:28.877901|timerFactory-0x00007ccbd95ff640|[RPC][WS][SERVICE]connected nodes,count=0
info|2025-12-12 23:14:29.259619|ioService-0x00007ccbed3ff640|[P2PService][Service][METRIC]heartBeat,connected count=3
info|2025-12-12 23:14:38.877959|timerFactory-0x00007ccbd95ff640|[RPC][WS][SERVICE]connected nodes,count=0
info|2025-12-12 23:14:39.259685|ioService-0x00007ccbed3ff640|[P2PService][Service][METRIC]heartBeat,connected count=3
info|2025-12-12 23:14:48.878023|timerFactory-0x00007ccbd95ff640|[RPC][WS][SERVICE]connected nodes,count=0
info|2025-12-12 23:14:49.259823|ioService-0x00007ccbed3ff640|[P2PService][Service][METRIC]heartBeat,connected count=3
info|2025-12-12 23:14:58.182115|objMonitor-0x00007ccbc67ff640|[startMonitor][AliveObjectMonitor],AliveObjectAllocStat=[ type: bcos::gateway::Socket ,created: 9 ,destroyed: 5 ,alive: 4 ] 
info|2025-12-12 23:14:58.878228|timerFactory-0x00007ccbd95ff640|[RPC][WS][SERVICE]connected nodes,count=0
info|2025-12-12 23:14:59.259858|ioService-0x00007ccbed3ff640|[P2PService][Service][METRIC]heartBeat,connected count=3
info|2025-12-12 23:15:08.878257|timerFactory-0x00007ccbd95ff640|[RPC][WS][SERVICE]connected nodes,count=0
info|2025-12-12 23:15:09.259953|ioService-0x00007ccbed3ff640|[P2PService][Service][METRIC]heartBeat,connected count=3
info|2025-12-12 23:15:18.878276|timerFactory-0x00007ccbd95ff640|[RPC][WS][SERVICE]connected nodes,count=0
info|2025-12-12 23:15:19.260014|ioService-0x00007ccbed3ff640|[P2PService][Service][METRIC]heartBeat,connected count=3
info|2025-12-12 23:15:28.878297|timerFactory-0x00007ccbd95ff640|[RPC][WS][SERVICE]connected nodes,count=0
info|2025-12-12 23:15:29.260031|ioService-0x00007ccbed3ff640|[P2PService][Service][METRIC]heartBeat,connected count=3
info|2025-12-12 23:15:38.878317|timerFactory-0x00007ccbd95ff640|[RPC][WS][SERVICE]connected nodes,count=0
info|2025-12-12 23:15:39.260112|ioService-0x00007ccbed3ff640|[P2PService][Service][METRIC]heartBeat,connected count=3
info|2025-12-12 23:15:48.878337|timerFactory-0x00007ccbd95ff640|[RPC][WS][SERVICE]connected nodes,count=0
info|2025-12-12 23:15:49.260136|ioService-0x00007ccbed3ff640|[P2PService][Service][METRIC]heartBeat,connected count=3
info|2025-12-12 23:15:58.182228|objMonitor-0x00007ccbc67ff640|[startMonitor][AliveObjectMonitor],AliveObjectAllocStat=[ type: bcos::gateway::Socket ,created: 9 ,destroyed: 5 ,alive: 4 ] 
info|2025-12-12 23:15:58.878359|timerFactory-0x00007ccbd95ff640|[RPC][WS][SERVICE]connected nodes,count=0
info|2025-12-12 23:15:59.260215|ioService-0x00007ccbed3ff640|[P2PService][Service][METRIC]heartBeat,connected count=3
info|2025-12-12 23:16:08.878379|timerFactory-0x00007ccbd95ff640|[RPC][WS][SERVICE]connected nodes,count=0
info|2025-12-12 23:16:09.260234|ioService-0x00007ccbed3ff640|[P2PService][Service][METRIC]heartBeat,connected count=3
info|2025-12-12 23:16:18.878402|timerFactory-0x00007ccbd95ff640|[RPC][WS][SERVICE]connected nodes,count=0
info|2025-12-12 23:16:19.260254|ioService-0x00007ccbed3ff640|[P2PService][Service][METRIC]heartBeat,connected count=3
info|2025-12-12 23:16:28.878426|timerFactory-0x00007ccbd95ff640|[RPC][WS][SERVICE]connected nodes,count=0
info|2025-12-12 23:16:29.260355|ioService-0x00007ccbed3ff640|[P2PService][Service][METRIC]heartBeat,connected count=3
info|2025-12-12 23:16:38.878456|timerFactory-0x00007ccbd95ff640|[RPC][WS][SERVICE]connected nodes,count=0
info|2025-12-12 23:16:39.260389|ioService-0x00007ccbed3ff640|[P2PService][Service][METRIC]heartBeat,connected count=3
info|2025-12-12 23:16:48.878483|timerFactory-0x00007ccbd95ff640|[RPC][WS][SERVICE]connected nodes,count=0
info|2025-12-12 23:16:49.260416|ioService-0x00007ccbed3ff640|[P2PService][Service][METRIC]heartBeat,connected count=3
info|2025-12-12 23:16:58.182263|objMonitor-0x00007ccbc67ff640|[startMonitor][AliveObjectMonitor],AliveObjectAllocStat=[ type: bcos::gateway::Socket ,created: 9 ,destroyed: 5 ,alive: 4 ] 
info|2025-12-12 23:16:58.878527|timerFactory-0x00007ccbd95ff640|[RPC][WS][SERVICE]connected nodes,count=0
info|2025-12-12 23:16:59.260503|ioService-0x00007ccbed3ff640|[P2PService][Service][METRIC]heartBeat,connected count=3
info|2025-12-12 23:17:08.878552|timerFactory-0x00007ccbd95ff640|[RPC][WS][SERVICE]connected nodes,count=0
info|2025-12-12 23:17:09.260609|ioService-0x00007ccbed3ff640|[P2PService][Service][METRIC]heartBeat,connected count=3
info|2025-12-12 23:17:18.878577|timerFactory-0x00007ccbd95ff640|[RPC][WS][SERVICE]connected nodes,count=0
info|2025-12-12 23:17:19.260751|ioService-0x00007ccbed3ff640|[P2PService][Service][METRIC]heartBeat,connected count=3
info|2025-12-12 23:17:28.878602|timerFactory-0x00007ccbd95ff640|[RPC][WS][SERVICE]connected nodes,count=0
info|2025-12-12 23:17:29.260815|ioService-0x00007ccbed3ff640|[P2PService][Service][METRIC]heartBeat,connected count=3
info|2025-12-12 23:17:38.878667|timerFactory-0x00007ccbd95ff640|[RPC][WS][SERVICE]connected nodes,count=0
info|2025-12-12 23:17:39.260880|ioService-0x00007ccbed3ff640|[P2PService][Service][METRIC]heartBeat,connected count=3
info|2025-12-12 23:17:48.878691|timerFactory-0x00007ccbd95ff640|[RPC][WS][SERVICE]connected nodes,count=0
info|2025-12-12 23:17:49.260944|ioService-0x00007ccbed3ff640|[P2PService][Service][METRIC]heartBeat,connected count=3
info|2025-12-12 23:17:58.182296|objMonitor-0x00007ccbc67ff640|[startMonitor][AliveObjectMonitor],AliveObjectAllocStat=[ type: bcos::gateway::Socket ,created: 9 ,destroyed: 5 ,alive: 4 ] 
info|2025-12-12 23:17:58.878715|timerFactory-0x00007ccbd95ff640|[RPC][WS][SERVICE]connected nodes,count=0
info|2025-12-12 23:17:59.260997|ioService-0x00007ccbed3ff640|[P2PService][Service][METRIC]heartBeat,connected count=3
info|2025-12-12 23:18:08.878855|timerFactory-0x00007ccbd95ff640|[RPC][WS][SERVICE]connected nodes,count=0
info|2025-12-12 23:18:09.261085|ioService-0x00007ccbed3ff640|[P2PService][Service][METRIC]heartBeat,connected count=3
info|2025-12-12 23:18:18.878910|timerFactory-0x00007ccbd95ff640|[RPC][WS][SERVICE]connected nodes,count=0
info|2025-12-12 23:18:19.261116|ioService-0x00007ccbed3ff640|[P2PService][Service][METRIC]heartBeat,connected count=3
info|2025-12-12 23:18:28.878958|timerFactory-0x00007ccbd95ff640|[RPC][WS][SERVICE]connected nodes,count=0
info|2025-12-12 23:18:29.261139|ioService-0x00007ccbed3ff640|[P2PService][Service][METRIC]heartBeat,connected count=3
info|2025-12-12 23:18:38.879062|timerFactory-0x00007ccbd95ff640|[RPC][WS][SERVICE]connected nodes,count=0
info|2025-12-12 23:18:39.261162|ioService-0x00007ccbed3ff640|[P2PService][Service][METRIC]heartBeat,connected count=3
info|2025-12-12 23:18:48.879083|timerFactory-0x00007ccbd95ff640|[RPC][WS][SERVICE]connected nodes,count=0
info|2025-12-12 23:18:49.261231|ioService-0x00007ccbed3ff640|[P2PService][Service][METRIC]heartBeat,connected count=3
info|2025-12-12 23:18:58.182335|objMonitor-0x00007ccbc67ff640|[startMonitor][AliveObjectMonitor],AliveObjectAllocStat=[ type: bcos::gateway::Socket ,created: 9 ,destroyed: 5 ,alive: 4 ] 
info|2025-12-12 23:18:58.879124|timerFactory-0x00007ccbd95ff640|[RPC][WS][SERVICE]connected nodes,count=0
info|2025-12-12 23:18:59.261254|ioService-0x00007ccbed3ff640|[P2PService][Service][METRIC]heartBeat,connected count=3
info|2025-12-12 23:19:08.879145|timerFactory-0x00007ccbd95ff640|[RPC][WS][SERVICE]connected nodes,count=0
info|2025-12-12 23:19:09.261276|ioService-0x00007ccbed3ff640|[P2PService][Service][METRIC]heartBeat,connected count=3
info|2025-12-12 23:19:18.879169|timerFactory-0x00007ccbd95ff640|[RPC][WS][SERVICE]connected nodes,count=0
info|2025-12-12 23:19:19.261413|ioService-0x00007ccbed3ff640|[P2PService][Service][METRIC]heartBeat,connected count=3
info|2025-12-12 23:19:28.879187|timerFactory-0x00007ccbd95ff640|[RPC][WS][SERVICE]connected nodes,count=0
info|2025-12-12 23:19:29.261550|ioService-0x00007ccbed3ff640|[P2PService][Service][METRIC]heartBeat,connected count=3
info|2025-12-12 23:19:38.879204|timerFactory-0x00007ccbd95ff640|[RPC][WS][SERVICE]connected nodes,count=0
info|2025-12-12 23:19:39.261654|ioService-0x00007ccbed3ff640|[P2PService][Service][METRIC]heartBeat,connected count=3
info|2025-12-12 23:19:48.879223|timerFactory-0x00007ccbd95ff640|[RPC][WS][SERVICE]connected nodes,count=0
info|2025-12-12 23:19:49.261750|ioService-0x00007ccbed3ff640|[P2PService][Service][METRIC]heartBeat,connected count=3
info|2025-12-12 23:19:58.182370|objMonitor-0x00007ccbc67ff640|[startMonitor][AliveObjectMonitor],AliveObjectAllocStat=[ type: bcos::gateway::Socket ,created: 9 ,destroyed: 5 ,alive: 4 ] 
info|2025-12-12 23:19:58.879285|timerFactory-0x00007ccbd95ff640|[RPC][WS][SERVICE]connected nodes,count=0
info|2025-12-12 23:19:59.261926|ioService-0x00007ccbed3ff640|[P2PService][Service][METRIC]heartBeat,connected count=3
info|2025-12-12 23:20:08.879324|timerFactory-0x00007ccbd95ff640|[RPC][WS][SERVICE]connected nodes,count=0
info|2025-12-12 23:20:09.262036|ioService-0x00007ccbed3ff640|[P2PService][Service][METRIC]heartBeat,connected count=3
info|2025-12-12 23:20:18.879348|timerFactory-0x00007ccbd95ff640|[RPC][WS][SERVICE]connected nodes,count=0
info|2025-12-12 23:20:19.262066|ioService-0x00007ccbed3ff640|[P2PService][Service][METRIC]heartBeat,connected count=3
info|2025-12-12 23:20:28.879373|timerFactory-0x00007ccbd95ff640|[RPC][WS][SERVICE]connected nodes,count=0
info|2025-12-12 23:20:29.262089|ioService-0x00007ccbed3ff640|[P2PService][Service][METRIC]heartBeat,connected count=3
info|2025-12-12 23:20:38.879395|timerFactory-0x00007ccbd95ff640|[RPC][WS][SERVICE]connected nodes,count=0
info|2025-12-12 23:20:39.262111|ioService-0x00007ccbed3ff640|[P2PService][Service][METRIC]heartBeat,connected count=3
info|2025-12-12 23:20:48.879448|timerFactory-0x00007ccbd95ff640|[RPC][WS][SERVICE]connected nodes,count=0
info|2025-12-12 23:20:49.262135|ioService-0x00007ccbed3ff640|[P2PService][Service][METRIC]heartBeat,connected count=3
info|2025-12-12 23:20:58.182409|objMonitor-0x00007ccbc67ff640|[startMonitor][AliveObjectMonitor],AliveObjectAllocStat=[ type: bcos::gateway::Socket ,created: 9 ,destroyed: 5 ,alive: 4 ] 
info|2025-12-12 23:20:58.879496|timerFactory-0x00007ccbd95ff640|[RPC][WS][SERVICE]connected nodes,count=0
info|2025-12-12 23:20:59.262202|ioService-0x00007ccbed3ff640|[P2PService][Service][METRIC]heartBeat,connected count=3
info|2025-12-12 23:21:08.879559|timerFactory-0x00007ccbd95ff640|[RPC][WS][SERVICE]connected nodes,count=0
info|2025-12-12 23:21:09.262283|ioService-0x00007ccbed3ff640|[P2PService][Service][METRIC]heartBeat,connected count=3
info|2025-12-12 23:21:18.879621|timerFactory-0x00007ccbd95ff640|[RPC][WS][SERVICE]connected nodes,count=0
info|2025-12-12 23:21:19.262383|ioService-0x00007ccbed3ff640|[P2PService][Service][METRIC]heartBeat,connected count=3
info|2025-12-12 23:21:28.879642|timerFactory-0x00007ccbd95ff640|[RPC][WS][SERVICE]connected nodes,count=0
info|2025-12-12 23:21:29.262485|ioService-0x00007ccbed3ff640|[P2PService][Service][METRIC]heartBeat,connected count=3
info|2025-12-12 23:21:38.879722|timerFactory-0x00007ccbd95ff640|[RPC][WS][SERVICE]connected nodes,count=0
info|2025-12-12 23:21:39.262522|ioService-0x00007ccbed3ff640|[P2PService][Service][METRIC]heartBeat,connected count=3
info|2025-12-12 23:21:48.879784|timerFactory-0x00007ccbd95ff640|[RPC][WS][SERVICE]connected nodes,count=0
info|2025-12-12 23:21:49.262552|ioService-0x00007ccbed3ff640|[P2PService][Service][METRIC]heartBeat,connected count=3
info|2025-12-12 23:21:58.182447|objMonitor-0x00007ccbc67ff640|[startMonitor][AliveObjectMonitor],AliveObjectAllocStat=[ type: bcos::gateway::Socket ,created: 9 ,destroyed: 5 ,alive: 4 ] 
info|2025-12-12 23:21:58.879954|timerFactory-0x00007ccbd95ff640|[RPC][WS][SERVICE]connected nodes,count=0
info|2025-12-12 23:21:59.262665|ioService-0x00007ccbed3ff640|[P2PService][Service][METRIC]heartBeat,connected count=3
info|2025-12-12 23:22:08.880011|timerFactory-0x00007ccbd95ff640|[RPC][WS][SERVICE]connected nodes,count=0
info|2025-12-12 23:22:09.262710|ioService-0x00007ccbed3ff640|[P2PService][Service][METRIC]heartBeat,connected count=3
info|2025-12-12 23:22:18.880046|timerFactory-0x00007ccbd95ff640|[RPC][WS][SERVICE]connected nodes,count=0
info|2025-12-12 23:22:19.262824|ioService-0x00007ccbed3ff640|[P2PService][Service][METRIC]heartBeat,connected count=3
info|2025-12-12 23:22:28.880143|timerFactory-0x00007ccbd95ff640|[RPC][WS][SERVICE]connected nodes,count=0
info|2025-12-12 23:22:29.262924|ioService-0x00007ccbed3ff640|[P2PService][Service][METRIC]heartBeat,connected count=3
info|2025-12-12 23:22:38.880170|timerFactory-0x00007ccbd95ff640|[RPC][WS][SERVICE]connected nodes,count=0
info|2025-12-12 23:22:39.263009|ioService-0x00007ccbed3ff640|[P2PService][Service][METRIC]heartBeat,connected count=3
info|2025-12-12 23:22:48.880230|timerFactory-0x00007ccbd95ff640|[RPC][WS][SERVICE]connected nodes,count=0
info|2025-12-12 23:22:49.263090|ioService-0x00007ccbed3ff640|[P2PService][Service][METRIC]heartBeat,connected count=3
info|2025-12-12 23:22:58.182483|objMonitor-0x00007ccbc67ff640|[startMonitor][AliveObjectMonitor],AliveObjectAllocStat=[ type: bcos::gateway::Socket ,created: 9 ,destroyed: 5 ,alive: 4 ] 
info|2025-12-12 23:22:58.880311|timerFactory-0x00007ccbd95ff640|[RPC][WS][SERVICE]connected nodes,count=0
info|2025-12-12 23:22:59.263151|ioService-0x00007ccbed3ff640|[P2PService][Service][METRIC]heartBeat,connected count=3
info|2025-12-12 23:23:08.880336|timerFactory-0x00007ccbd95ff640|[RPC][WS][SERVICE]connected nodes,count=0
info|2025-12-12 23:23:09.263387|ioService-0x00007ccbed3ff640|[P2PService][Service][METRIC]heartBeat,connected count=3
info|2025-12-12 23:23:18.880363|timerFactory-0x00007ccbd95ff640|[RPC][WS][SERVICE]connected nodes,count=0
info|2025-12-12 23:23:19.263413|ioService-0x00007ccbed3ff640|[P2PService][Service][METRIC]heartBeat,connected count=3
info|2025-12-12 23:23:28.880428|timerFactory-0x00007ccbd95ff640|[RPC][WS][SERVICE]connected nodes,count=0
info|2025-12-12 23:23:29.263495|ioService-0x00007ccbed3ff640|[P2PService][Service][METRIC]heartBeat,connected count=3
info|2025-12-12 23:23:38.880447|timerFactory-0x00007ccbd95ff640|[RPC][WS][SERVICE]connected nodes,count=0
info|2025-12-12 23:23:39.263517|ioService-0x00007ccbed3ff640|[P2PService][Service][METRIC]heartBeat,connected count=3
info|2025-12-12 23:23:48.880512|timerFactory-0x00007ccbd95ff640|[RPC][WS][SERVICE]connected nodes,count=0
info|2025-12-12 23:23:49.263536|ioService-0x00007ccbed3ff640|[P2PService][Service][METRIC]heartBeat,connected count=3
info|2025-12-12 23:23:58.182556|objMonitor-0x00007ccbc67ff640|[startMonitor][AliveObjectMonitor],AliveObjectAllocStat=[ type: bcos::gateway::Socket ,created: 9 ,destroyed: 5 ,alive: 4 ] 
info|2025-12-12 23:23:58.880532|timerFactory-0x00007ccbd95ff640|[RPC][WS][SERVICE]connected nodes,count=0
info|2025-12-12 23:23:59.263552|ioService-0x00007ccbed3ff640|[P2PService][Service][METRIC]heartBeat,connected count=3
info|2025-12-12 23:24:08.880549|timerFactory-0x00007ccbd95ff640|[RPC][WS][SERVICE]connected nodes,count=0
info|2025-12-12 23:24:09.263720|ioService-0x00007ccbed3ff640|[P2PService][Service][METRIC]heartBeat,connected count=3
info|2025-12-12 23:24:18.880571|timerFactory-0x00007ccbd95ff640|[RPC][WS][SERVICE]connected nodes,count=0
info|2025-12-12 23:24:19.263742|ioService-0x00007ccbed3ff640|[P2PService][Service][METRIC]heartBeat,connected count=3
info|2025-12-12 23:24:28.880592|timerFactory-0x00007ccbd95ff640|[RPC][WS][SERVICE]connected nodes,count=0
info|2025-12-12 23:24:29.263857|ioService-0x00007ccbed3ff640|[P2PService][Service][METRIC]heartBeat,connected count=3
info|2025-12-12 23:24:38.880723|timerFactory-0x00007ccbd95ff640|[RPC][WS][SERVICE]connected nodes,count=0
info|2025-12-12 23:24:39.263989|ioService-0x00007ccbed3ff640|[P2PService][Service][METRIC]heartBeat,connected count=3
info|2025-12-12 23:24:48.880779|timerFactory-0x00007ccbd95ff640|[RPC][WS][SERVICE]connected nodes,count=0
info|2025-12-12 23:24:49.264057|ioService-0x00007ccbed3ff640|[P2PService][Service][METRIC]heartBeat,connected count=3
info|2025-12-12 23:24:58.182596|objMonitor-0x00007ccbc67ff640|[startMonitor][AliveObjectMonitor],AliveObjectAllocStat=[ type: bcos::gateway::Socket ,created: 9 ,destroyed: 5 ,alive: 4 ] 
info|2025-12-12 23:24:58.880801|timerFactory-0x00007ccbd95ff640|[RPC][WS][SERVICE]connected nodes,count=0
info|2025-12-12 23:24:59.264138|ioService-0x00007ccbed3ff640|[P2PService][Service][METRIC]heartBeat,connected count=3
info|2025-12-12 23:25:08.880829|timerFactory-0x00007ccbd95ff640|[RPC][WS][SERVICE]connected nodes,count=0
info|2025-12-12 23:25:09.264265|ioService-0x00007ccbed3ff640|[P2PService][Service][METRIC]heartBeat,connected count=3
info|2025-12-12 23:25:18.880849|timerFactory-0x00007ccbd95ff640|[RPC][WS][SERVICE]connected nodes,count=0
info|2025-12-12 23:25:19.264362|ioService-0x00007ccbed3ff640|[P2PService][Service][METRIC]heartBeat,connected count=3
info|2025-12-12 23:25:28.880870|timerFactory-0x00007ccbd95ff640|[RPC][WS][SERVICE]connected nodes,count=0
info|2025-12-12 23:25:29.264492|ioService-0x00007ccbed3ff640|[P2PService][Service][METRIC]heartBeat,connected count=3
info|2025-12-12 23:25:38.880890|timerFactory-0x00007ccbd95ff640|[RPC][WS][SERVICE]connected nodes,count=0
info|2025-12-12 23:25:39.264515|ioService-0x00007ccbed3ff640|[P2PService][Service][METRIC]heartBeat,connected count=3
info|2025-12-12 23:25:48.880935|timerFactory-0x00007ccbd95ff640|[RPC][WS][SERVICE]connected nodes,count=0
info|2025-12-12 23:25:49.264569|ioService-0x00007ccbed3ff640|[P2PService][Service][METRIC]heartBeat,connected count=3
info|2025-12-12 23:25:58.182631|objMonitor-0x00007ccbc67ff640|[startMonitor][AliveObjectMonitor],AliveObjectAllocStat=[ type: bcos::gateway::Socket ,created: 9 ,destroyed: 5 ,alive: 4 ] 
info|2025-12-12 23:25:58.881064|timerFactory-0x00007ccbd95ff640|[RPC][WS][SERVICE]connected nodes,count=0
info|2025-12-12 23:25:59.264595|ioService-0x00007ccbed3ff640|[P2PService][Service][METRIC]heartBeat,connected count=3
info|2025-12-12 23:26:08.881158|timerFactory-0x00007ccbd95ff640|[RPC][WS][SERVICE]connected nodes,count=0
info|2025-12-12 23:26:09.264659|ioService-0x00007ccbed3ff640|[P2PService][Service][METRIC]heartBeat,connected count=3
info|2025-12-12 23:26:18.881212|timerFactory-0x00007ccbd95ff640|[RPC][WS][SERVICE]connected nodes,count=0
info|2025-12-12 23:26:19.264683|ioService-0x00007ccbed3ff640|[P2PService][Service][METRIC]heartBeat,connected count=3
info|2025-12-12 23:26:28.881239|timerFactory-0x00007ccbd95ff640|[RPC][WS][SERVICE]connected nodes,count=0
info|2025-12-12 23:26:29.264752|ioService-0x00007ccbed3ff640|[P2PService][Service][METRIC]heartBeat,connected count=3
info|2025-12-12 23:26:38.881315|timerFactory-0x00007ccbd95ff640|[RPC][WS][SERVICE]connected nodes,count=0
info|2025-12-12 23:26:39.264844|ioService-0x00007ccbed3ff640|[P2PService][Service][METRIC]heartBeat,connected count=3
info|2025-12-12 23:26:48.881333|timerFactory-0x00007ccbd95ff640|[RPC][WS][SERVICE]connected nodes,count=0
info|2025-12-12 23:26:49.264904|ioService-0x00007ccbed3ff640|[P2PService][Service][METRIC]heartBeat,connected count=3
info|2025-12-12 23:26:58.182745|objMonitor-0x00007ccbc67ff640|[startMonitor][AliveObjectMonitor],AliveObjectAllocStat=[ type: bcos::gateway::Socket ,created: 9 ,destroyed: 5 ,alive: 4 ] 
info|2025-12-12 23:26:58.881349|timerFactory-0x00007ccbd95ff640|[RPC][WS][SERVICE]connected nodes,count=0
info|2025-12-12 23:26:59.264959|ioService-0x00007ccbed3ff640|[P2PService][Service][METRIC]heartBeat,connected count=3
info|2025-12-12 23:27:08.881387|timerFactory-0x00007ccbd95ff640|[RPC][WS][SERVICE]connected nodes,count=0
info|2025-12-12 23:27:09.265032|ioService-0x00007ccbed3ff640|[P2PService][Service][METRIC]heartBeat,connected count=3
info|2025-12-12 23:27:18.881404|timerFactory-0x00007ccbd95ff640|[RPC][WS][SERVICE]connected nodes,count=0
info|2025-12-12 23:27:19.265064|ioService-0x00007ccbed3ff640|[P2PService][Service][METRIC]heartBeat,connected count=3
info|2025-12-12 23:27:28.881423|timerFactory-0x00007ccbd95ff640|[RPC][WS][SERVICE]connected nodes,count=0
info|2025-12-12 23:27:29.265099|ioService-0x00007ccbed3ff640|[P2PService][Service][METRIC]heartBeat,connected count=3
info|2025-12-12 23:27:38.881476|timerFactory-0x00007ccbd95ff640|[RPC][WS][SERVICE]connected nodes,count=0
info|2025-12-12 23:27:39.265166|ioService-0x00007ccbed3ff640|[P2PService][Service][METRIC]heartBeat,connected count=3
info|2025-12-12 23:27:48.881533|timerFactory-0x00007ccbd95ff640|[RPC][WS][SERVICE]connected nodes,count=0
info|2025-12-12 23:27:49.265191|ioService-0x00007ccbed3ff640|[P2PService][Service][METRIC]heartBeat,connected count=3
info|2025-12-12 23:27:58.182786|objMonitor-0x00007ccbc67ff640|[startMonitor][AliveObjectMonitor],AliveObjectAllocStat=[ type: bcos::gateway::Socket ,created: 9 ,destroyed: 5 ,alive: 4 ] 
info|2025-12-12 23:27:58.881573|timerFactory-0x00007ccbd95ff640|[RPC][WS][SERVICE]connected nodes,count=0
info|2025-12-12 23:27:59.265222|ioService-0x00007ccbed3ff640|[P2PService][Service][METRIC]heartBeat,connected count=3
info|2025-12-12 23:28:08.881625|timerFactory-0x00007ccbd95ff640|[RPC][WS][SERVICE]connected nodes,count=0
info|2025-12-12 23:28:09.265309|ioService-0x00007ccbed3ff640|[P2PService][Service][METRIC]heartBeat,connected count=3
info|2025-12-12 23:28:18.881686|timerFactory-0x00007ccbd95ff640|[RPC][WS][SERVICE]connected nodes,count=0
info|2025-12-12 23:28:19.265571|ioService-0x00007ccbed3ff640|[P2PService][Service][METRIC]heartBeat,connected count=3
info|2025-12-12 23:28:28.881707|timerFactory-0x00007ccbd95ff640|[RPC][WS][SERVICE]connected nodes,count=0
info|2025-12-12 23:28:29.265593|ioService-0x00007ccbed3ff640|[P2PService][Service][METRIC]heartBeat,connected count=3
info|2025-12-12 23:28:38.881758|timerFactory-0x00007ccbd95ff640|[RPC][WS][SERVICE]connected nodes,count=0
info|2025-12-12 23:28:39.265615|ioService-0x00007ccbed3ff640|[P2PService][Service][METRIC]heartBeat,connected count=3
info|2025-12-12 23:28:48.881818|timerFactory-0x00007ccbd95ff640|[RPC][WS][SERVICE]connected nodes,count=0
info|2025-12-12 23:28:49.265652|ioService-0x00007ccbed3ff640|[P2PService][Service][METRIC]heartBeat,connected count=3
info|2025-12-12 23:28:58.182828|objMonitor-0x00007ccbc67ff640|[startMonitor][AliveObjectMonitor],AliveObjectAllocStat=[ type: bcos::gateway::Socket ,created: 9 ,destroyed: 5 ,alive: 4 ] 
info|2025-12-12 23:28:58.881893|timerFactory-0x00007ccbd95ff640|[RPC][WS][SERVICE]connected nodes,count=0
info|2025-12-12 23:28:59.265729|ioService-0x00007ccbed3ff640|[P2PService][Service][METRIC]heartBeat,connected count=3
info|2025-12-12 23:29:08.881915|timerFactory-0x00007ccbd95ff640|[RPC][WS][SERVICE]connected nodes,count=0
info|2025-12-12 23:29:09.265813|ioService-0x00007ccbed3ff640|[P2PService][Service][METRIC]heartBeat,connected count=3
info|2025-12-12 23:29:18.881970|timerFactory-0x00007ccbd95ff640|[RPC][WS][SERVICE]connected nodes,count=0
info|2025-12-12 23:29:19.265835|ioService-0x00007ccbed3ff640|[P2PService][Service][METRIC]heartBeat,connected count=3
info|2025-12-12 23:29:28.882027|timerFactory-0x00007ccbd95ff640|[RPC][WS][SERVICE]connected nodes,count=0
info|2025-12-12 23:29:29.265949|ioService-0x00007ccbed3ff640|[P2PService][Service][METRIC]heartBeat,connected count=3
info|2025-12-12 23:29:38.882091|timerFactory-0x00007ccbd95ff640|[RPC][WS][SERVICE]connected nodes,count=0
info|2025-12-12 23:29:39.265969|ioService-0x00007ccbed3ff640|[P2PService][Service][METRIC]heartBeat,connected count=3
info|2025-12-12 23:29:48.882239|timerFactory-0x00007ccbd95ff640|[RPC][WS][SERVICE]connected nodes,count=0
info|2025-12-12 23:29:49.266030|ioService-0x00007ccbed3ff640|[P2PService][Service][METRIC]heartBeat,connected count=3
info|2025-12-12 23:29:58.182866|objMonitor-0x00007ccbc67ff640|[startMonitor][AliveObjectMonitor],AliveObjectAllocStat=[ type: bcos::gateway::Socket ,created: 9 ,destroyed: 5 ,alive: 4 ] 
info|2025-12-12 23:29:58.882320|timerFactory-0x00007ccbd95ff640|[RPC][WS][SERVICE]connected nodes,count=0
info|2025-12-12 23:29:59.266115|ioService-0x00007ccbed3ff640|[P2PService][Service][METRIC]heartBeat,connected count=3
info|2025-12-12 23:30:08.882342|timerFactory-0x00007ccbd95ff640|[RPC][WS][SERVICE]connected nodes,count=0
info|2025-12-12 23:30:09.266239|ioService-0x00007ccbed3ff640|[P2PService][Service][METRIC]heartBeat,connected count=3
info|2025-12-12 23:30:18.882419|timerFactory-0x00007ccbd95ff640|[RPC][WS][SERVICE]connected nodes,count=0
info|2025-12-12 23:30:19.266269|ioService-0x00007ccbed3ff640|[P2PService][Service][METRIC]heartBeat,connected count=3
info|2025-12-12 23:30:28.882444|timerFactory-0x00007ccbd95ff640|[RPC][WS][SERVICE]connected nodes,count=0
info|2025-12-12 23:30:29.266388|ioService-0x00007ccbed3ff640|[P2PService][Service][METRIC]heartBeat,connected count=3
info|2025-12-12 23:30:38.882550|timerFactory-0x00007ccbd95ff640|[RPC][WS][SERVICE]connected nodes,count=0
info|2025-12-12 23:30:39.266415|ioService-0x00007ccbed3ff640|[P2PService][Service][METRIC]heartBeat,connected count=3
info|2025-12-12 23:30:48.882572|timerFactory-0x00007ccbd95ff640|[RPC][WS][SERVICE]connected nodes,count=0
info|2025-12-12 23:30:49.266440|ioService-0x00007ccbed3ff640|[P2PService][Service][METRIC]heartBeat,connected count=3
info|2025-12-12 23:30:58.182901|objMonitor-0x00007ccbc67ff640|[startMonitor][AliveObjectMonitor],AliveObjectAllocStat=[ type: bcos::gateway::Socket ,created: 9 ,destroyed: 5 ,alive: 4 ] 
info|2025-12-12 23:30:58.882593|timerFactory-0x00007ccbd95ff640|[RPC][WS][SERVICE]connected nodes,count=0
info|2025-12-12 23:30:59.266511|ioService-0x00007ccbed3ff640|[P2PService][Service][METRIC]heartBeat,connected count=3
info|2025-12-12 23:31:08.882613|timerFactory-0x00007ccbd95ff640|[RPC][WS][SERVICE]connected nodes,count=0
info|2025-12-12 23:31:09.266655|ioService-0x00007ccbed3ff640|[P2PService][Service][METRIC]heartBeat,connected count=3
info|2025-12-12 23:31:18.882672|timerFactory-0x00007ccbd95ff640|[RPC][WS][SERVICE]connected nodes,count=0
info|2025-12-12 23:31:19.266862|ioService-0x00007ccbed3ff640|[P2PService][Service][METRIC]heartBeat,connected count=3
info|2025-12-12 23:31:28.882764|timerFactory-0x00007ccbd95ff640|[RPC][WS][SERVICE]connected nodes,count=0
info|2025-12-12 23:31:29.266890|ioService-0x00007ccbed3ff640|[P2PService][Service][METRIC]heartBeat,connected count=3
info|2025-12-12 23:31:38.882900|timerFactory-0x00007ccbd95ff640|[RPC][WS][SERVICE]connected nodes,count=0
info|2025-12-12 23:31:39.266920|ioService-0x00007ccbed3ff640|[P2PService][Service][METRIC]heartBeat,connected count=3
info|2025-12-12 23:31:48.882922|timerFactory-0x00007ccbd95ff640|[RPC][WS][SERVICE]connected nodes,count=0
info|2025-12-12 23:31:49.266982|ioService-0x00007ccbed3ff640|[P2PService][Service][METRIC]heartBeat,connected count=3
info|2025-12-12 23:31:58.182937|objMonitor-0x00007ccbc67ff640|[startMonitor][AliveObjectMonitor],AliveObjectAllocStat=[ type: bcos::gateway::Socket ,created: 9 ,destroyed: 5 ,alive: 4 ] 
info|2025-12-12 23:31:58.882946|timerFactory-0x00007ccbd95ff640|[RPC][WS][SERVICE]connected nodes,count=0
info|2025-12-12 23:31:59.267083|ioService-0x00007ccbed3ff640|[P2PService][Service][METRIC]heartBeat,connected count=3
info|2025-12-12 23:32:08.882996|timerFactory-0x00007ccbd95ff640|[RPC][WS][SERVICE]connected nodes,count=0
info|2025-12-12 23:32:09.267153|ioService-0x00007ccbed3ff640|[P2PService][Service][METRIC]heartBeat,connected count=3
info|2025-12-12 23:32:18.883048|timerFactory-0x00007ccbd95ff640|[RPC][WS][SERVICE]connected nodes,count=0
info|2025-12-12 23:32:19.267215|ioService-0x00007ccbed3ff640|[P2PService][Service][METRIC]heartBeat,connected count=3
info|2025-12-12 23:32:28.883085|timerFactory-0x00007ccbd95ff640|[RPC][WS][SERVICE]connected nodes,count=0
info|2025-12-12 23:32:29.267240|ioService-0x00007ccbed3ff640|[P2PService][Service][METRIC]heartBeat,connected count=3
info|2025-12-12 23:32:38.883227|timerFactory-0x00007ccbd95ff640|[RPC][WS][SERVICE]connected nodes,count=0
info|2025-12-12 23:32:39.267352|ioService-0x00007ccbed3ff640|[P2PService][Service][METRIC]heartBeat,connected count=3
info|2025-12-12 23:32:48.883309|timerFactory-0x00007ccbd95ff640|[RPC][WS][SERVICE]connected nodes,count=0
info|2025-12-12 23:32:49.267407|ioService-0x00007ccbed3ff640|[P2PService][Service][METRIC]heartBeat,connected count=3
info|2025-12-12 23:32:58.183091|objMonitor-0x00007ccbc67ff640|[startMonitor][AliveObjectMonitor],AliveObjectAllocStat=[ type: bcos::gateway::Socket ,created: 9 ,destroyed: 5 ,alive: 4 ] 
info|2025-12-12 23:32:58.883340|timerFactory-0x00007ccbd95ff640|[RPC][WS][SERVICE]connected nodes,count=0
info|2025-12-12 23:32:59.267427|ioService-0x00007ccbed3ff640|[P2PService][Service][METRIC]heartBeat,connected count=3
info|2025-12-12 23:33:08.883413|timerFactory-0x00007ccbd95ff640|[RPC][WS][SERVICE]connected nodes,count=0
info|2025-12-12 23:33:09.267538|ioService-0x00007ccbed3ff640|[P2PService][Service][METRIC]heartBeat,connected count=3
info|2025-12-12 23:33:18.883437|timerFactory-0x00007ccbd95ff640|[RPC][WS][SERVICE]connected nodes,count=0
info|2025-12-12 23:33:19.267603|ioService-0x00007ccbed3ff640|[P2PService][Service][METRIC]heartBeat,connected count=3
info|2025-12-12 23:33:28.883457|timerFactory-0x00007ccbd95ff640|[RPC][WS][SERVICE]connected nodes,count=0
info|2025-12-12 23:33:29.267668|ioService-0x00007ccbed3ff640|[P2PService][Service][METRIC]heartBeat,connected count=3
info|2025-12-12 23:33:38.883478|timerFactory-0x00007ccbd95ff640|[RPC][WS][SERVICE]connected nodes,count=0
info|2025-12-12 23:33:39.267716|ioService-0x00007ccbed3ff640|[P2PService][Service][METRIC]heartBeat,connected count=3
info|2025-12-12 23:33:48.883496|timerFactory-0x00007ccbd95ff640|[RPC][WS][SERVICE]connected nodes,count=0
info|2025-12-12 23:33:49.267802|ioService-0x00007ccbed3ff640|[P2PService][Service][METRIC]heartBeat,connected count=3
info|2025-12-12 23:33:58.183319|objMonitor-0x00007ccbc67ff640|[startMonitor][AliveObjectMonitor],AliveObjectAllocStat=[ type: bcos::gateway::Socket ,created: 9 ,destroyed: 5 ,alive: 4 ] 
info|2025-12-12 23:33:58.883516|timerFactory-0x00007ccbd95ff640|[RPC][WS][SERVICE]connected nodes,count=0
info|2025-12-12 23:33:59.267856|ioService-0x00007ccbed3ff640|[P2PService][Service][METRIC]heartBeat,connected count=3
info|2025-12-12 23:34:08.883539|timerFactory-0x00007ccbd95ff640|[RPC][WS][SERVICE]connected nodes,count=0
info|2025-12-12 23:34:09.267924|ioService-0x00007ccbed3ff640|[P2PService][Service][METRIC]heartBeat,connected count=3
info|2025-12-12 23:34:18.883561|timerFactory-0x00007ccbd95ff640|[RPC][WS][SERVICE]connected nodes,count=0
info|2025-12-12 23:34:19.268030|ioService-0x00007ccbed3ff640|[P2PService][Service][METRIC]heartBeat,connected count=3
info|2025-12-12 23:34:28.883604|timerFactory-0x00007ccbd95ff640|[RPC][WS][SERVICE]connected nodes,count=0
info|2025-12-12 23:34:29.268220|ioService-0x00007ccbed3ff640|[P2PService][Service][METRIC]heartBeat,connected count=3
info|2025-12-12 23:34:38.883657|timerFactory-0x00007ccbd95ff640|[RPC][WS][SERVICE]connected nodes,count=0
info|2025-12-12 23:34:39.268301|ioService-0x00007ccbed3ff640|[P2PService][Service][METRIC]heartBeat,connected count=3
info|2025-12-12 23:34:48.883715|timerFactory-0x00007ccbd95ff640|[RPC][WS][SERVICE]connected nodes,count=0
info|2025-12-12 23:34:49.268341|ioService-0x00007ccbed3ff640|[P2PService][Service][METRIC]heartBeat,connected count=3
info|2025-12-12 23:34:58.183354|objMonitor-0x00007ccbc67ff640|[startMonitor][AliveObjectMonitor],AliveObjectAllocStat=[ type: bcos::gateway::Socket ,created: 9 ,destroyed: 5 ,alive: 4 ] [ type: bcos::gateway::ResponseCallback ,created: 2971057 ,destroyed: 2971053 ,alive: 4 ] 
info|2025-12-12 23:34:58.883739|timerFactory-0x00007ccbd95ff640|[RPC][WS][SERVICE]connected nodes,count=0
info|2025-12-12 23:34:59.268404|ioService-0x00007ccbed3ff640|[P2PService][Service][METRIC]heartBeat,connected count=3
info|2025-12-12 23:35:08.883790|timerFactory-0x00007ccbd95ff640|[RPC][WS][SERVICE]connected nodes,count=0
info|2025-12-12 23:35:09.268463|ioService-0x00007ccbed3ff640|[P2PService][Service][METRIC]heartBeat,connected count=3
info|2025-12-12 23:35:18.883890|timerFactory-0x00007ccbd95ff640|[RPC][WS][SERVICE]connected nodes,count=0
info|2025-12-12 23:35:19.268537|ioService-0x00007ccbed3ff640|[P2PService][Service][METRIC]heartBeat,connected count=3
info|2025-12-12 23:35:28.884015|timerFactory-0x00007ccbd95ff640|[RPC][WS][SERVICE]connected nodes,count=0
info|2025-12-12 23:35:29.268686|ioService-0x00007ccbed3ff640|[P2PService][Service][METRIC]heartBeat,connected count=3
info|2025-12-12 23:35:38.884059|timerFactory-0x00007ccbd95ff640|[RPC][WS][SERVICE]connected nodes,count=0
info|2025-12-12 23:35:39.268778|ioService-0x00007ccbed3ff640|[P2PService][Service][METRIC]heartBeat,connected count=3
info|2025-12-12 23:35:48.884083|timerFactory-0x00007ccbd95ff640|[RPC][WS][SERVICE]connected nodes,count=0
info|2025-12-12 23:35:49.268816|ioService-0x00007ccbed3ff640|[P2PService][Service][METRIC]heartBeat,connected count=3
info|2025-12-12 23:35:58.183391|objMonitor-0x00007ccbc67ff640|[startMonitor][AliveObjectMonitor],AliveObjectAllocStat=[ type: bcos::gateway::Socket ,created: 9 ,destroyed: 5 ,alive: 4 ] 
info|2025-12-12 23:35:58.884105|timerFactory-0x00007ccbd95ff640|[RPC][WS][SERVICE]connected nodes,count=0
info|2025-12-12 23:35:59.268871|ioService-0x00007ccbed3ff640|[P2PService][Service][METRIC]heartBeat,connected count=3
info|2025-12-12 23:36:08.884129|timerFactory-0x00007ccbd95ff640|[RPC][WS][SERVICE]connected nodes,count=0
info|2025-12-12 23:36:09.269014|ioService-0x00007ccbed3ff640|[P2PService][Service][METRIC]heartBeat,connected count=3
info|2025-12-12 23:36:18.884196|timerFactory-0x00007ccbd95ff640|[RPC][WS][SERVICE]connected nodes,count=0
info|2025-12-12 23:36:19.269040|ioService-0x00007ccbed3ff640|[P2PService][Service][METRIC]heartBeat,connected count=3
info|2025-12-12 23:36:28.884330|timerFactory-0x00007ccbd95ff640|[RPC][WS][SERVICE]connected nodes,count=0
info|2025-12-12 23:36:29.269101|ioService-0x00007ccbed3ff640|[P2PService][Service][METRIC]heartBeat,connected count=3
info|2025-12-12 23:36:38.884354|timerFactory-0x00007ccbd95ff640|[RPC][WS][SERVICE]connected nodes,count=0
info|2025-12-12 23:36:39.269173|ioService-0x00007ccbed3ff640|[P2PService][Service][METRIC]heartBeat,connected count=3
info|2025-12-12 23:36:48.884423|timerFactory-0x00007ccbd95ff640|[RPC][WS][SERVICE]connected nodes,count=0
info|2025-12-12 23:36:49.269231|ioService-0x00007ccbed3ff640|[P2PService][Service][METRIC]heartBeat,connected count=3
info|2025-12-12 23:36:58.183425|objMonitor-0x00007ccbc67ff640|[startMonitor][AliveObjectMonitor],AliveObjectAllocStat=[ type: bcos::gateway::Socket ,created: 9 ,destroyed: 5 ,alive: 4 ] 
info|2025-12-12 23:36:58.884446|timerFactory-0x00007ccbd95ff640|[RPC][WS][SERVICE]connected nodes,count=0
info|2025-12-12 23:36:59.269287|ioService-0x00007ccbed3ff640|[P2PService][Service][METRIC]heartBeat,connected count=3
info|2025-12-12 23:37:08.884466|timerFactory-0x00007ccbd95ff640|[RPC][WS][SERVICE]connected nodes,count=0
info|2025-12-12 23:37:09.269350|ioService-0x00007ccbed3ff640|[P2PService][Service][METRIC]heartBeat,connected count=3
info|2025-12-12 23:37:18.884490|timerFactory-0x00007ccbd95ff640|[RPC][WS][SERVICE]connected nodes,count=0
info|2025-12-12 23:37:19.269374|ioService-0x00007ccbed3ff640|[P2PService][Service][METRIC]heartBeat,connected count=3
info|2025-12-12 23:37:28.884513|timerFactory-0x00007ccbd95ff640|[RPC][WS][SERVICE]connected nodes,count=0
info|2025-12-12 23:37:29.269454|ioService-0x00007ccbed3ff640|[P2PService][Service][METRIC]heartBeat,connected count=3
info|2025-12-12 23:37:38.884535|timerFactory-0x00007ccbd95ff640|[RPC][WS][SERVICE]connected nodes,count=0
info|2025-12-12 23:37:39.269556|ioService-0x00007ccbed3ff640|[P2PService][Service][METRIC]heartBeat,connected count=3
info|2025-12-12 23:37:48.884561|timerFactory-0x00007ccbd95ff640|[RPC][WS][SERVICE]connected nodes,count=0
info|2025-12-12 23:37:49.269583|ioService-0x00007ccbed3ff640|[P2PService][Service][METRIC]heartBeat,connected count=3
info|2025-12-12 23:37:58.183463|objMonitor-0x00007ccbc67ff640|[startMonitor][AliveObjectMonitor],AliveObjectAllocStat=[ type: bcos::gateway::Socket ,created: 9 ,destroyed: 5 ,alive: 4 ] 
info|2025-12-12 23:37:58.884584|timerFactory-0x00007ccbd95ff640|[RPC][WS][SERVICE]connected nodes,count=0
info|2025-12-12 23:37:59.269656|ioService-0x00007ccbed3ff640|[P2PService][Service][METRIC]heartBeat,connected count=3
info|2025-12-12 23:38:08.884605|timerFactory-0x00007ccbd95ff640|[RPC][WS][SERVICE]connected nodes,count=0
info|2025-12-12 23:38:09.269737|ioService-0x00007ccbed3ff640|[P2PService][Service][METRIC]heartBeat,connected count=3
info|2025-12-12 23:38:18.884651|timerFactory-0x00007ccbd95ff640|[RPC][WS][SERVICE]connected nodes,count=0
info|2025-12-12 23:38:19.269815|ioService-0x00007ccbed3ff640|[P2PService][Service][METRIC]heartBeat,connected count=3
info|2025-12-12 23:38:28.884675|timerFactory-0x00007ccbd95ff640|[RPC][WS][SERVICE]connected nodes,count=0
info|2025-12-12 23:38:29.269913|ioService-0x00007ccbed3ff640|[P2PService][Service][METRIC]heartBeat,connected count=3
info|2025-12-12 23:38:38.884732|timerFactory-0x00007ccbd95ff640|[RPC][WS][SERVICE]connected nodes,count=0
info|2025-12-12 23:38:39.269999|ioService-0x00007ccbed3ff640|[P2PService][Service][METRIC]heartBeat,connected count=3
info|2025-12-12 23:38:48.884794|timerFactory-0x00007ccbd95ff640|[RPC][WS][SERVICE]connected nodes,count=0
info|2025-12-12 23:38:49.270052|ioService-0x00007ccbed3ff640|[P2PService][Service][METRIC]heartBeat,connected count=3
info|2025-12-12 23:38:58.183499|objMonitor-0x00007ccbc67ff640|[startMonitor][AliveObjectMonitor],AliveObjectAllocStat=[ type: bcos::gateway::Socket ,created: 9 ,destroyed: 5 ,alive: 4 ] [ type: bcos::gateway::ResponseCallback ,created: 2974654 ,destroyed: 2974649 ,alive: 5 ] 
info|2025-12-12 23:38:58.884820|timerFactory-0x00007ccbd95ff640|[RPC][WS][SERVICE]connected nodes,count=0
info|2025-12-12 23:38:59.270304|ioService-0x00007ccbed3ff640|[P2PService][Service][METRIC]heartBeat,connected count=3
info|2025-12-12 23:39:08.884845|timerFactory-0x00007ccbd95ff640|[RPC][WS][SERVICE]connected nodes,count=0
info|2025-12-12 23:39:09.270324|ioService-0x00007ccbed3ff640|[P2PService][Service][METRIC]heartBeat,connected count=3
info|2025-12-12 23:39:18.884872|timerFactory-0x00007ccbd95ff640|[RPC][WS][SERVICE]connected nodes,count=0
info|2025-12-12 23:39:19.270388|ioService-0x00007ccbed3ff640|[P2PService][Service][METRIC]heartBeat,connected count=3
info|2025-12-12 23:39:28.884920|timerFactory-0x00007ccbd95ff640|[RPC][WS][SERVICE]connected nodes,count=0
info|2025-12-12 23:39:29.270469|ioService-0x00007ccbed3ff640|[P2PService][Service][METRIC]heartBeat,connected count=3
info|2025-12-12 23:39:38.884943|timerFactory-0x00007ccbd95ff640|[RPC][WS][SERVICE]connected nodes,count=0
info|2025-12-12 23:39:39.270586|ioService-0x00007ccbed3ff640|[P2PService][Service][METRIC]heartBeat,connected count=3
info|2025-12-12 23:39:48.884971|timerFactory-0x00007ccbd95ff640|[RPC][WS][SERVICE]connected nodes,count=0
info|2025-12-12 23:39:49.270674|ioService-0x00007ccbed3ff640|[P2PService][Service][METRIC]heartBeat,connected count=3
info|2025-12-12 23:39:58.183534|objMonitor-0x00007ccbc67ff640|[startMonitor][AliveObjectMonitor],AliveObjectAllocStat=[ type: bcos::gateway::Socket ,created: 9 ,destroyed: 5 ,alive: 4 ] 
info|2025-12-12 23:39:58.885002|timerFactory-0x00007ccbd95ff640|[RPC][WS][SERVICE]connected nodes,count=0
info|2025-12-12 23:39:59.270736|ioService-0x00007ccbed3ff640|[P2PService][Service][METRIC]heartBeat,connected count=3
info|2025-12-12 23:40:08.885026|timerFactory-0x00007ccbd95ff640|[RPC][WS][SERVICE]connected nodes,count=0
info|2025-12-12 23:40:09.270759|ioService-0x00007ccbed3ff640|[P2PService][Service][METRIC]heartBeat,connected count=3
info|2025-12-12 23:40:18.885052|timerFactory-0x00007ccbd95ff640|[RPC][WS][SERVICE]connected nodes,count=0
info|2025-12-12 23:40:19.270778|ioService-0x00007ccbed3ff640|[P2PService][Service][METRIC]heartBeat,connected count=3
info|2025-12-12 23:40:28.885076|timerFactory-0x00007ccbd95ff640|[RPC][WS][SERVICE]connected nodes,count=0
info|2025-12-12 23:40:29.270803|ioService-0x00007ccbed3ff640|[P2PService][Service][METRIC]heartBeat,connected count=3
info|2025-12-12 23:40:38.885100|timerFactory-0x00007ccbd95ff640|[RPC][WS][SERVICE]connected nodes,count=0
info|2025-12-12 23:40:39.270834|ioService-0x00007ccbed3ff640|[P2PService][Service][METRIC]heartBeat,connected count=3
info|2025-12-12 23:40:48.885189|timerFactory-0x00007ccbd95ff640|[RPC][WS][SERVICE]connected nodes,count=0
info|2025-12-12 23:40:49.270987|ioService-0x00007ccbed3ff640|[P2PService][Service][METRIC]heartBeat,connected count=3
info|2025-12-12 23:40:58.183581|objMonitor-0x00007ccbc67ff640|[startMonitor][AliveObjectMonitor],AliveObjectAllocStat=[ type: bcos::gateway::Socket ,created: 9 ,destroyed: 5 ,alive: 4 ] 
info|2025-12-12 23:40:58.885280|timerFactory-0x00007ccbd95ff640|[RPC][WS][SERVICE]connected nodes,count=0
info|2025-12-12 23:40:59.271038|ioService-0x00007ccbed3ff640|[P2PService][Service][METRIC]heartBeat,connected count=3
info|2025-12-12 23:41:08.885319|timerFactory-0x00007ccbd95ff640|[RPC][WS][SERVICE]connected nodes,count=0
info|2025-12-12 23:41:09.271173|ioService-0x00007ccbed3ff640|[P2PService][Service][METRIC]heartBeat,connected count=3
info|2025-12-12 23:41:18.885346|timerFactory-0x00007ccbd95ff640|[RPC][WS][SERVICE]connected nodes,count=0
info|2025-12-12 23:41:19.271253|ioService-0x00007ccbed3ff640|[P2PService][Service][METRIC]heartBeat,connected count=3
info|2025-12-12 23:41:28.885368|timerFactory-0x00007ccbd95ff640|[RPC][WS][SERVICE]connected nodes,count=0
info|2025-12-12 23:41:29.271387|ioService-0x00007ccbed3ff640|[P2PService][Service][METRIC]heartBeat,connected count=3
info|2025-12-12 23:41:38.885394|timerFactory-0x00007ccbd95ff640|[RPC][WS][SERVICE]connected nodes,count=0
info|2025-12-12 23:41:39.271451|ioService-0x00007ccbed3ff640|[P2PService][Service][METRIC]heartBeat,connected count=3
info|2025-12-12 23:41:48.885417|timerFactory-0x00007ccbd95ff640|[RPC][WS][SERVICE]connected nodes,count=0
info|2025-12-12 23:41:49.271478|ioService-0x00007ccbed3ff640|[P2PService][Service][METRIC]heartBeat,connected count=3
info|2025-12-12 23:41:58.183707|objMonitor-0x00007ccbc67ff640|[startMonitor][AliveObjectMonitor],AliveObjectAllocStat=[ type: bcos::gateway::Socket ,created: 9 ,destroyed: 5 ,alive: 4 ] 
info|2025-12-12 23:41:58.885443|timerFactory-0x00007ccbd95ff640|[RPC][WS][SERVICE]connected nodes,count=0
info|2025-12-12 23:41:59.271743|ioService-0x00007ccbed3ff640|[P2PService][Service][METRIC]heartBeat,connected count=3
info|2025-12-12 23:42:08.885469|timerFactory-0x00007ccbd95ff640|[RPC][WS][SERVICE]connected nodes,count=0
info|2025-12-12 23:42:09.271866|ioService-0x00007ccbed3ff640|[P2PService][Service][METRIC]heartBeat,connected count=3
info|2025-12-12 23:42:18.885499|timerFactory-0x00007ccbd95ff640|[RPC][WS][SERVICE]connected nodes,count=0
info|2025-12-12 23:42:19.271909|ioService-0x00007ccbed3ff640|[P2PService][Service][METRIC]heartBeat,connected count=3
info|2025-12-12 23:42:28.885525|timerFactory-0x00007ccbd95ff640|[RPC][WS][SERVICE]connected nodes,count=0
info|2025-12-12 23:42:29.272053|ioService-0x00007ccbed3ff640|[P2PService][Service][METRIC]heartBeat,connected count=3
info|2025-12-12 23:42:38.885554|timerFactory-0x00007ccbd95ff640|[RPC][WS][SERVICE]connected nodes,count=0
info|2025-12-12 23:42:39.272074|ioService-0x00007ccbed3ff640|[P2PService][Service][METRIC]heartBeat,connected count=3
info|2025-12-12 23:42:48.885641|timerFactory-0x00007ccbd95ff640|[RPC][WS][SERVICE]connected nodes,count=0
info|2025-12-12 23:42:49.272199|ioService-0x00007ccbed3ff640|[P2PService][Service][METRIC]heartBeat,connected count=3
info|2025-12-12 23:42:58.183852|objMonitor-0x00007ccbc67ff640|[startMonitor][AliveObjectMonitor],AliveObjectAllocStat=[ type: bcos::gateway::Socket ,created: 9 ,destroyed: 5 ,alive: 4 ] 
info|2025-12-12 23:42:58.885709|timerFactory-0x00007ccbd95ff640|[RPC][WS][SERVICE]connected nodes,count=0
info|2025-12-12 23:42:59.272280|ioService-0x00007ccbed3ff640|[P2PService][Service][METRIC]heartBeat,connected count=3
info|2025-12-12 23:43:08.885772|timerFactory-0x00007ccbd95ff640|[RPC][WS][SERVICE]connected nodes,count=0
info|2025-12-12 23:43:09.272344|ioService-0x00007ccbed3ff640|[P2PService][Service][METRIC]heartBeat,connected count=3
info|2025-12-12 23:43:18.885795|timerFactory-0x00007ccbd95ff640|[RPC][WS][SERVICE]connected nodes,count=0
info|2025-12-12 23:43:19.272373|ioService-0x00007ccbed3ff640|[P2PService][Service][METRIC]heartBeat,connected count=3
info|2025-12-12 23:43:28.885813|timerFactory-0x00007ccbd95ff640|[RPC][WS][SERVICE]connected nodes,count=0
info|2025-12-12 23:43:29.272465|ioService-0x00007ccbed3ff640|[P2PService][Service][METRIC]heartBeat,connected count=3
info|2025-12-12 23:43:38.885892|timerFactory-0x00007ccbd95ff640|[RPC][WS][SERVICE]connected nodes,count=0
info|2025-12-12 23:43:39.272591|ioService-0x00007ccbed3ff640|[P2PService][Service][METRIC]heartBeat,connected count=3
info|2025-12-12 23:43:48.885913|timerFactory-0x00007ccbd95ff640|[RPC][WS][SERVICE]connected nodes,count=0
info|2025-12-12 23:43:49.272618|ioService-0x00007ccbed3ff640|[P2PService][Service][METRIC]heartBeat,connected count=3
info|2025-12-12 23:43:58.183913|objMonitor-0x00007ccbc67ff640|[startMonitor][AliveObjectMonitor],AliveObjectAllocStat=[ type: bcos::gateway::Socket ,created: 9 ,destroyed: 5 ,alive: 4 ] 
info|2025-12-12 23:43:58.885969|timerFactory-0x00007ccbd95ff640|[RPC][WS][SERVICE]connected nodes,count=0
info|2025-12-12 23:43:59.272639|ioService-0x00007ccbed3ff640|[P2PService][Service][METRIC]heartBeat,connected count=3
info|2025-12-12 23:44:08.886068|timerFactory-0x00007ccbd95ff640|[RPC][WS][SERVICE]connected nodes,count=0
info|2025-12-12 23:44:09.272871|ioService-0x00007ccbed3ff640|[P2PService][Service][METRIC]heartBeat,connected count=3
info|2025-12-12 23:44:18.886167|timerFactory-0x00007ccbd95ff640|[RPC][WS][SERVICE]connected nodes,count=0
info|2025-12-12 23:44:19.272934|ioService-0x00007ccbed3ff640|[P2PService][Service][METRIC]heartBeat,connected count=3
info|2025-12-12 23:44:28.886229|timerFactory-0x00007ccbd95ff640|[RPC][WS][SERVICE]connected nodes,count=0
info|2025-12-12 23:44:29.272982|ioService-0x00007ccbed3ff640|[P2PService][Service][METRIC]heartBeat,connected count=3
info|2025-12-12 23:44:38.886282|timerFactory-0x00007ccbd95ff640|[RPC][WS][SERVICE]connected nodes,count=0
info|2025-12-12 23:44:39.273004|ioService-0x00007ccbed3ff640|[P2PService][Service][METRIC]heartBeat,connected count=3
info|2025-12-12 23:44:48.886379|timerFactory-0x00007ccbd95ff640|[RPC][WS][SERVICE]connected nodes,count=0
info|2025-12-12 23:44:49.273134|ioService-0x00007ccbed3ff640|[P2PService][Service][METRIC]heartBeat,connected count=3
info|2025-12-12 23:44:58.183951|objMonitor-0x00007ccbc67ff640|[startMonitor][AliveObjectMonitor],AliveObjectAllocStat=[ type: bcos::gateway::Socket ,created: 9 ,destroyed: 5 ,alive: 4 ] 
info|2025-12-12 23:44:58.886405|timerFactory-0x00007ccbd95ff640|[RPC][WS][SERVICE]connected nodes,count=0
info|2025-12-12 23:44:59.273286|ioService-0x00007ccbed3ff640|[P2PService][Service][METRIC]heartBeat,connected count=3
info|2025-12-12 23:45:08.886427|timerFactory-0x00007ccbd95ff640|[RPC][WS][SERVICE]connected nodes,count=0
info|2025-12-12 23:45:09.273312|ioService-0x00007ccbed3ff640|[P2PService][Service][METRIC]heartBeat,connected count=3
info|2025-12-12 23:45:18.886466|timerFactory-0x00007ccbd95ff640|[RPC][WS][SERVICE]connected nodes,count=0
info|2025-12-12 23:45:19.273391|ioService-0x00007ccbed3ff640|[P2PService][Service][METRIC]heartBeat,connected count=3
info|2025-12-12 23:45:28.886486|timerFactory-0x00007ccbd95ff640|[RPC][WS][SERVICE]connected nodes,count=0
info|2025-12-12 23:45:29.273416|ioService-0x00007ccbed3ff640|[P2PService][Service][METRIC]heartBeat,connected count=3
info|2025-12-12 23:45:38.886506|timerFactory-0x00007ccbd95ff640|[RPC][WS][SERVICE]connected nodes,count=0
info|2025-12-12 23:45:39.273451|ioService-0x00007ccbed3ff640|[P2PService][Service][METRIC]heartBeat,connected count=3
info|2025-12-12 23:45:48.886529|timerFactory-0x00007ccbd95ff640|[RPC][WS][SERVICE]connected nodes,count=0
info|2025-12-12 23:45:49.273483|ioService-0x00007ccbed3ff640|[P2PService][Service][METRIC]heartBeat,connected count=3
info|2025-12-12 23:45:58.184085|objMonitor-0x00007ccbc67ff640|[startMonitor][AliveObjectMonitor],AliveObjectAllocStat=[ type: bcos::gateway::Socket ,created: 9 ,destroyed: 5 ,alive: 4 ] 
info|2025-12-12 23:45:58.886592|timerFactory-0x00007ccbd95ff640|[RPC][WS][SERVICE]connected nodes,count=0
info|2025-12-12 23:45:59.273622|ioService-0x00007ccbed3ff640|[P2PService][Service][METRIC]heartBeat,connected count=3
info|2025-12-12 23:46:08.886705|timerFactory-0x00007ccbd95ff640|[RPC][WS][SERVICE]connected nodes,count=0
info|2025-12-12 23:46:09.273697|ioService-0x00007ccbed3ff640|[P2PService][Service][METRIC]heartBeat,connected count=3
info|2025-12-12 23:46:18.886730|timerFactory-0x00007ccbd95ff640|[RPC][WS][SERVICE]connected nodes,count=0
info|2025-12-12 23:46:19.273877|ioService-0x00007ccbed3ff640|[P2PService][Service][METRIC]heartBeat,connected count=3
info|2025-12-12 23:46:28.886781|timerFactory-0x00007ccbd95ff640|[RPC][WS][SERVICE]connected nodes,count=0
info|2025-12-12 23:46:29.274039|ioService-0x00007ccbed3ff640|[P2PService][Service][METRIC]heartBeat,connected count=3
info|2025-12-12 23:46:38.886843|timerFactory-0x00007ccbd95ff640|[RPC][WS][SERVICE]connected nodes,count=0
info|2025-12-12 23:46:39.274105|ioService-0x00007ccbed3ff640|[P2PService][Service][METRIC]heartBeat,connected count=3
info|2025-12-12 23:46:48.886864|timerFactory-0x00007ccbd95ff640|[RPC][WS][SERVICE]connected nodes,count=0
info|2025-12-12 23:46:49.274138|ioService-0x00007ccbed3ff640|[P2PService][Service][METRIC]heartBeat,connected count=3
info|2025-12-12 23:46:58.184203|objMonitor-0x00007ccbc67ff640|[startMonitor][AliveObjectMonitor],AliveObjectAllocStat=[ type: bcos::gateway::Socket ,created: 9 ,destroyed: 5 ,alive: 4 ] [ type: bcos::gateway::ResponseCallback ,created: 2981848 ,destroyed: 2981842 ,alive: 6 ] 
info|2025-12-12 23:46:58.886887|timerFactory-0x00007ccbd95ff640|[RPC][WS][SERVICE]connected nodes,count=0
info|2025-12-12 23:46:59.274275|ioService-0x00007ccbed3ff640|[P2PService][Service][METRIC]heartBeat,connected count=3
info|2025-12-12 23:47:08.886949|timerFactory-0x00007ccbd95ff640|[RPC][WS][SERVICE]connected nodes,count=0
info|2025-12-12 23:47:09.274299|ioService-0x00007ccbed3ff640|[P2PService][Service][METRIC]heartBeat,connected count=3
info|2025-12-12 23:47:18.887035|timerFactory-0x00007ccbd95ff640|[RPC][WS][SERVICE]connected nodes,count=0
info|2025-12-12 23:47:19.274323|ioService-0x00007ccbed3ff640|[P2PService][Service][METRIC]heartBeat,connected count=3
info|2025-12-12 23:47:28.887141|timerFactory-0x00007ccbd95ff640|[RPC][WS][SERVICE]connected nodes,count=0
info|2025-12-12 23:47:29.274345|ioService-0x00007ccbed3ff640|[P2PService][Service][METRIC]heartBeat,connected count=3
info|2025-12-12 23:47:38.887212|timerFactory-0x00007ccbd95ff640|[RPC][WS][SERVICE]connected nodes,count=0
info|2025-12-12 23:47:39.274370|ioService-0x00007ccbed3ff640|[P2PService][Service][METRIC]heartBeat,connected count=3
info|2025-12-12 23:47:48.887275|timerFactory-0x00007ccbd95ff640|[RPC][WS][SERVICE]connected nodes,count=0
info|2025-12-12 23:47:49.274435|ioService-0x00007ccbed3ff640|[P2PService][Service][METRIC]heartBeat,connected count=3
info|2025-12-12 23:47:58.184314|objMonitor-0x00007ccbc67ff640|[startMonitor][AliveObjectMonitor],AliveObjectAllocStat=[ type: bcos::gateway::Socket ,created: 9 ,destroyed: 5 ,alive: 4 ] 
info|2025-12-12 23:47:58.887298|timerFactory-0x00007ccbd95ff640|[RPC][WS][SERVICE]connected nodes,count=0
info|2025-12-12 23:47:59.274495|ioService-0x00007ccbed3ff640|[P2PService][Service][METRIC]heartBeat,connected count=3
info|2025-12-12 23:48:08.887325|timerFactory-0x00007ccbd95ff640|[RPC][WS][SERVICE]connected nodes,count=0
info|2025-12-12 23:48:09.274534|ioService-0x00007ccbed3ff640|[P2PService][Service][METRIC]heartBeat,connected count=3
info|2025-12-12 23:48:18.887357|timerFactory-0x00007ccbd95ff640|[RPC][WS][SERVICE]connected nodes,count=0
info|2025-12-12 23:48:19.274716|ioService-0x00007ccbed3ff640|[P2PService][Service][METRIC]heartBeat,connected count=3
info|2025-12-12 23:48:28.887381|timerFactory-0x00007ccbd95ff640|[RPC][WS][SERVICE]connected nodes,count=0
info|2025-12-12 23:48:29.274746|ioService-0x00007ccbed3ff640|[P2PService][Service][METRIC]heartBeat,connected count=3
info|2025-12-12 23:48:38.887403|timerFactory-0x00007ccbd95ff640|[RPC][WS][SERVICE]connected nodes,count=0
info|2025-12-12 23:48:39.274881|ioService-0x00007ccbed3ff640|[P2PService][Service][METRIC]heartBeat,connected count=3
info|2025-12-12 23:48:48.887425|timerFactory-0x00007ccbd95ff640|[RPC][WS][SERVICE]connected nodes,count=0
info|2025-12-12 23:48:49.274943|ioService-0x00007ccbed3ff640|[P2PService][Service][METRIC]heartBeat,connected count=3
info|2025-12-12 23:48:58.184350|objMonitor-0x00007ccbc67ff640|[startMonitor][AliveObjectMonitor],AliveObjectAllocStat=[ type: bcos::gateway::Socket ,created: 9 ,destroyed: 5 ,alive: 4 ] 
info|2025-12-12 23:48:58.887446|timerFactory-0x00007ccbd95ff640|[RPC][WS][SERVICE]connected nodes,count=0
info|2025-12-12 23:48:59.275019|ioService-0x00007ccbed3ff640|[P2PService][Service][METRIC]heartBeat,connected count=3
info|2025-12-12 23:49:08.887469|timerFactory-0x00007ccbd95ff640|[RPC][WS][SERVICE]connected nodes,count=0
info|2025-12-12 23:49:09.275128|ioService-0x00007ccbed3ff640|[P2PService][Service][METRIC]heartBeat,connected count=3
info|2025-12-12 23:49:18.887500|timerFactory-0x00007ccbd95ff640|[RPC][WS][SERVICE]connected nodes,count=0
info|2025-12-12 23:49:19.275163|ioService-0x00007ccbed3ff640|[P2PService][Service][METRIC]heartBeat,connected count=3
info|2025-12-12 23:49:28.887554|timerFactory-0x00007ccbd95ff640|[RPC][WS][SERVICE]connected nodes,count=0
info|2025-12-12 23:49:29.275401|ioService-0x00007ccbed3ff640|[P2PService][Service][METRIC]heartBeat,connected count=3
info|2025-12-12 23:49:38.887648|timerFactory-0x00007ccbd95ff640|[RPC][WS][SERVICE]connected nodes,count=0
info|2025-12-12 23:49:39.275425|ioService-0x00007ccbed3ff640|[P2PService][Service][METRIC]heartBeat,connected count=3
info|2025-12-12 23:49:48.887688|timerFactory-0x00007ccbd95ff640|[RPC][WS][SERVICE]connected nodes,count=0
info|2025-12-12 23:49:49.275447|ioService-0x00007ccbed3ff640|[P2PService][Service][METRIC]heartBeat,connected count=3
info|2025-12-12 23:49:58.184384|objMonitor-0x00007ccbc67ff640|[startMonitor][AliveObjectMonitor],AliveObjectAllocStat=[ type: bcos::gateway::Socket ,created: 9 ,destroyed: 5 ,alive: 4 ] 
info|2025-12-12 23:49:58.887718|timerFactory-0x00007ccbd95ff640|[RPC][WS][SERVICE]connected nodes,count=0
info|2025-12-12 23:49:59.275534|ioService-0x00007ccbed3ff640|[P2PService][Service][METRIC]heartBeat,connected count=3
info|2025-12-12 23:50:08.887745|timerFactory-0x00007ccbd95ff640|[RPC][WS][SERVICE]connected nodes,count=0
info|2025-12-12 23:50:09.275609|ioService-0x00007ccbed3ff640|[P2PService][Service][METRIC]heartBeat,connected count=3
info|2025-12-12 23:50:18.887805|timerFactory-0x00007ccbd95ff640|[RPC][WS][SERVICE]connected nodes,count=0
info|2025-12-12 23:50:19.275664|ioService-0x00007ccbed3ff640|[P2PService][Service][METRIC]heartBeat,connected count=3
info|2025-12-12 23:50:28.887866|timerFactory-0x00007ccbd95ff640|[RPC][WS][SERVICE]connected nodes,count=0
info|2025-12-12 23:50:29.275781|ioService-0x00007ccbed3ff640|[P2PService][Service][METRIC]heartBeat,connected count=3
info|2025-12-12 23:50:38.887891|timerFactory-0x00007ccbd95ff640|[RPC][WS][SERVICE]connected nodes,count=0
info|2025-12-12 23:50:39.275863|ioService-0x00007ccbed3ff640|[P2PService][Service][METRIC]heartBeat,connected count=3
info|2025-12-12 23:50:48.887917|timerFactory-0x00007ccbd95ff640|[RPC][WS][SERVICE]connected nodes,count=0
info|2025-12-12 23:50:49.275919|ioService-0x00007ccbed3ff640|[P2PService][Service][METRIC]heartBeat,connected count=3
info|2025-12-12 23:50:58.184418|objMonitor-0x00007ccbc67ff640|[startMonitor][AliveObjectMonitor],AliveObjectAllocStat=[ type: bcos::gateway::Socket ,created: 9 ,destroyed: 5 ,alive: 4 ] 
info|2025-12-12 23:50:58.887972|timerFactory-0x00007ccbd95ff640|[RPC][WS][SERVICE]connected nodes,count=0
info|2025-12-12 23:50:59.276062|ioService-0x00007ccbed3ff640|[P2PService][Service][METRIC]heartBeat,connected count=3
info|2025-12-12 23:51:08.888033|timerFactory-0x00007ccbd95ff640|[RPC][WS][SERVICE]connected nodes,count=0
info|2025-12-12 23:51:09.276212|ioService-0x00007ccbed3ff640|[P2PService][Service][METRIC]heartBeat,connected count=3
info|2025-12-12 23:51:18.888056|timerFactory-0x00007ccbd95ff640|[RPC][WS][SERVICE]connected nodes,count=0
info|2025-12-12 23:51:19.276319|ioService-0x00007ccbed3ff640|[P2PService][Service][METRIC]heartBeat,connected count=3
info|2025-12-12 23:51:28.888082|timerFactory-0x00007ccbd95ff640|[RPC][WS][SERVICE]connected nodes,count=0
info|2025-12-12 23:51:29.276352|ioService-0x00007ccbed3ff640|[P2PService][Service][METRIC]heartBeat,connected count=3
info|2025-12-12 23:51:38.888164|timerFactory-0x00007ccbd95ff640|[RPC][WS][SERVICE]connected nodes,count=0
info|2025-12-12 23:51:39.276420|ioService-0x00007ccbed3ff640|[P2PService][Service][METRIC]heartBeat,connected count=3
info|2025-12-12 23:51:48.888355|timerFactory-0x00007ccbd95ff640|[RPC][WS][SERVICE]connected nodes,count=0
info|2025-12-12 23:51:49.276445|ioService-0x00007ccbed3ff640|[P2PService][Service][METRIC]heartBeat,connected count=3
info|2025-12-12 23:51:58.184455|objMonitor-0x00007ccbc67ff640|[startMonitor][AliveObjectMonitor],AliveObjectAllocStat=[ type: bcos::gateway::Socket ,created: 9 ,destroyed: 5 ,alive: 4 ] 
info|2025-12-12 23:51:58.888400|timerFactory-0x00007ccbd95ff640|[RPC][WS][SERVICE]connected nodes,count=0
info|2025-12-12 23:51:59.276508|ioService-0x00007ccbed3ff640|[P2PService][Service][METRIC]heartBeat,connected count=3
info|2025-12-12 23:52:08.888420|timerFactory-0x00007ccbd95ff640|[RPC][WS][SERVICE]connected nodes,count=0
info|2025-12-12 23:52:09.276536|ioService-0x00007ccbed3ff640|[P2PService][Service][METRIC]heartBeat,connected count=3
info|2025-12-12 23:52:18.888440|timerFactory-0x00007ccbd95ff640|[RPC][WS][SERVICE]connected nodes,count=0
info|2025-12-12 23:52:19.276596|ioService-0x00007ccbed3ff640|[P2PService][Service][METRIC]heartBeat,connected count=3
info|2025-12-12 23:52:28.888458|timerFactory-0x00007ccbd95ff640|[RPC][WS][SERVICE]connected nodes,count=0
info|2025-12-12 23:52:29.276620|ioService-0x00007ccbed3ff640|[P2PService][Service][METRIC]heartBeat,connected count=3
info|2025-12-12 23:52:38.888476|timerFactory-0x00007ccbd95ff640|[RPC][WS][SERVICE]connected nodes,count=0
info|2025-12-12 23:52:39.276643|ioService-0x00007ccbed3ff640|[P2PService][Service][METRIC]heartBeat,connected count=3
info|2025-12-12 23:52:48.888493|timerFactory-0x00007ccbd95ff640|[RPC][WS][SERVICE]connected nodes,count=0
info|2025-12-12 23:52:49.276696|ioService-0x00007ccbed3ff640|[P2PService][Service][METRIC]heartBeat,connected count=3
info|2025-12-12 23:52:58.184491|objMonitor-0x00007ccbc67ff640|[startMonitor][AliveObjectMonitor],AliveObjectAllocStat=[ type: bcos::gateway::Socket ,created: 9 ,destroyed: 5 ,alive: 4 ] 
info|2025-12-12 23:52:58.888513|timerFactory-0x00007ccbd95ff640|[RPC][WS][SERVICE]connected nodes,count=0
info|2025-12-12 23:52:59.276756|ioService-0x00007ccbed3ff640|[P2PService][Service][METRIC]heartBeat,connected count=3
info|2025-12-12 23:53:08.888554|timerFactory-0x00007ccbd95ff640|[RPC][WS][SERVICE]connected nodes,count=0
info|2025-12-12 23:53:09.276812|ioService-0x00007ccbed3ff640|[P2PService][Service][METRIC]heartBeat,connected count=3
info|2025-12-12 23:53:18.888614|timerFactory-0x00007ccbd95ff640|[RPC][WS][SERVICE]connected nodes,count=0
info|2025-12-12 23:53:19.276869|ioService-0x00007ccbed3ff640|[P2PService][Service][METRIC]heartBeat,connected count=3
info|2025-12-12 23:53:28.888633|timerFactory-0x00007ccbd95ff640|[RPC][WS][SERVICE]connected nodes,count=0
info|2025-12-12 23:53:29.276947|ioService-0x00007ccbed3ff640|[P2PService][Service][METRIC]heartBeat,connected count=3
info|2025-12-12 23:53:38.888654|timerFactory-0x00007ccbd95ff640|[RPC][WS][SERVICE]connected nodes,count=0
info|2025-12-12 23:53:39.277026|ioService-0x00007ccbed3ff640|[P2PService][Service][METRIC]heartBeat,connected count=3
info|2025-12-12 23:53:48.888703|timerFactory-0x00007ccbd95ff640|[RPC][WS][SERVICE]connected nodes,count=0
info|2025-12-12 23:53:49.277059|ioService-0x00007ccbed3ff640|[P2PService][Service][METRIC]heartBeat,connected count=3
info|2025-12-12 23:53:58.184567|objMonitor-0x00007ccbc67ff640|[startMonitor][AliveObjectMonitor],AliveObjectAllocStat=[ type: bcos::gateway::Socket ,created: 9 ,destroyed: 5 ,alive: 4 ] 
info|2025-12-12 23:53:58.888764|timerFactory-0x00007ccbd95ff640|[RPC][WS][SERVICE]connected nodes,count=0
info|2025-12-12 23:53:59.277181|ioService-0x00007ccbed3ff640|[P2PService][Service][METRIC]heartBeat,connected count=3
info|2025-12-12 23:54:08.888794|timerFactory-0x00007ccbd95ff640|[RPC][WS][SERVICE]connected nodes,count=0
info|2025-12-12 23:54:09.277298|ioService-0x00007ccbed3ff640|[P2PService][Service][METRIC]heartBeat,connected count=3
info|2025-12-12 23:54:18.888850|timerFactory-0x00007ccbd95ff640|[RPC][WS][SERVICE]connected nodes,count=0
info|2025-12-12 23:54:19.277390|ioService-0x00007ccbed3ff640|[P2PService][Service][METRIC]heartBeat,connected count=3
info|2025-12-12 23:54:28.888925|timerFactory-0x00007ccbd95ff640|[RPC][WS][SERVICE]connected nodes,count=0
info|2025-12-12 23:54:29.277492|ioService-0x00007ccbed3ff640|[P2PService][Service][METRIC]heartBeat,connected count=3
info|2025-12-12 23:54:38.888986|timerFactory-0x00007ccbd95ff640|[RPC][WS][SERVICE]connected nodes,count=0
info|2025-12-12 23:54:39.277593|ioService-0x00007ccbed3ff640|[P2PService][Service][METRIC]heartBeat,connected count=3
info|2025-12-12 23:54:48.889047|timerFactory-0x00007ccbd95ff640|[RPC][WS][SERVICE]connected nodes,count=0
info|2025-12-12 23:54:49.277624|ioService-0x00007ccbed3ff640|[P2PService][Service][METRIC]heartBeat,connected count=3
info|2025-12-12 23:54:58.184709|objMonitor-0x00007ccbc67ff640|[startMonitor][AliveObjectMonitor],AliveObjectAllocStat=[ type: bcos::gateway::Socket ,created: 9 ,destroyed: 5 ,alive: 4 ] 
info|2025-12-12 23:54:58.889145|timerFactory-0x00007ccbd95ff640|[RPC][WS][SERVICE]connected nodes,count=0
info|2025-12-12 23:54:59.277725|ioService-0x00007ccbed3ff640|[P2PService][Service][METRIC]heartBeat,connected count=3
info|2025-12-12 23:55:08.889227|timerFactory-0x00007ccbd95ff640|[RPC][WS][SERVICE]connected nodes,count=0
info|2025-12-12 23:55:09.277800|ioService-0x00007ccbed3ff640|[P2PService][Service][METRIC]heartBeat,connected count=3
info|2025-12-12 23:55:18.889257|timerFactory-0x00007ccbd95ff640|[RPC][WS][SERVICE]connected nodes,count=0
info|2025-12-12 23:55:19.277823|ioService-0x00007ccbed3ff640|[P2PService][Service][METRIC]heartBeat,connected count=3
info|2025-12-12 23:55:28.889320|timerFactory-0x00007ccbd95ff640|[RPC][WS][SERVICE]connected nodes,count=0
info|2025-12-12 23:55:29.277887|ioService-0x00007ccbed3ff640|[P2PService][Service][METRIC]heartBeat,connected count=3
info|2025-12-12 23:55:38.889384|timerFactory-0x00007ccbd95ff640|[RPC][WS][SERVICE]connected nodes,count=0
info|2025-12-12 23:55:39.278001|ioService-0x00007ccbed3ff640|[P2PService][Service][METRIC]heartBeat,connected count=3
info|2025-12-12 23:55:48.889408|timerFactory-0x00007ccbd95ff640|[RPC][WS][SERVICE]connected nodes,count=0
info|2025-12-12 23:55:49.278035|ioService-0x00007ccbed3ff640|[P2PService][Service][METRIC]heartBeat,connected count=3
info|2025-12-12 23:55:58.184774|objMonitor-0x00007ccbc67ff640|[startMonitor][AliveObjectMonitor],AliveObjectAllocStat=[ type: bcos::gateway::Socket ,created: 9 ,destroyed: 5 ,alive: 4 ] 
info|2025-12-12 23:55:58.889432|timerFactory-0x00007ccbd95ff640|[RPC][WS][SERVICE]connected nodes,count=0
info|2025-12-12 23:55:59.278102|ioService-0x00007ccbed3ff640|[P2PService][Service][METRIC]heartBeat,connected count=3
info|2025-12-12 23:56:08.889454|timerFactory-0x00007ccbd95ff640|[RPC][WS][SERVICE]connected nodes,count=0
info|2025-12-12 23:56:09.278130|ioService-0x00007ccbed3ff640|[P2PService][Service][METRIC]heartBeat,connected count=3
info|2025-12-12 23:56:18.889476|timerFactory-0x00007ccbd95ff640|[RPC][WS][SERVICE]connected nodes,count=0
info|2025-12-12 23:56:19.278262|ioService-0x00007ccbed3ff640|[P2PService][Service][METRIC]heartBeat,connected count=3
info|2025-12-12 23:56:28.889528|timerFactory-0x00007ccbd95ff640|[RPC][WS][SERVICE]connected nodes,count=0
info|2025-12-12 23:56:29.278284|ioService-0x00007ccbed3ff640|[P2PService][Service][METRIC]heartBeat,connected count=3
info|2025-12-12 23:56:38.889621|timerFactory-0x00007ccbd95ff640|[RPC][WS][SERVICE]connected nodes,count=0
info|2025-12-12 23:56:39.278369|ioService-0x00007ccbed3ff640|[P2PService][Service][METRIC]heartBeat,connected count=3
info|2025-12-12 23:56:48.889703|timerFactory-0x00007ccbd95ff640|[RPC][WS][SERVICE]connected nodes,count=0
info|2025-12-12 23:56:49.278444|ioService-0x00007ccbed3ff640|[P2PService][Service][METRIC]heartBeat,connected count=3
info|2025-12-12 23:56:58.184805|objMonitor-0x00007ccbc67ff640|[startMonitor][AliveObjectMonitor],AliveObjectAllocStat=[ type: bcos::gateway::Socket ,created: 9 ,destroyed: 5 ,alive: 4 ] 
info|2025-12-12 23:56:58.889798|timerFactory-0x00007ccbd95ff640|[RPC][WS][SERVICE]connected nodes,count=0
info|2025-12-12 23:56:59.278519|ioService-0x00007ccbed3ff640|[P2PService][Service][METRIC]heartBeat,connected count=3
info|2025-12-12 23:57:08.889884|timerFactory-0x00007ccbd95ff640|[RPC][WS][SERVICE]connected nodes,count=0
info|2025-12-12 23:57:09.278587|ioService-0x00007ccbed3ff640|[P2PService][Service][METRIC]heartBeat,connected count=3
info|2025-12-12 23:57:18.889941|timerFactory-0x00007ccbd95ff640|[RPC][WS][SERVICE]connected nodes,count=0
info|2025-12-12 23:57:19.278671|ioService-0x00007ccbed3ff640|[P2PService][Service][METRIC]heartBeat,connected count=3
info|2025-12-12 23:57:28.890014|timerFactory-0x00007ccbd95ff640|[RPC][WS][SERVICE]connected nodes,count=0
info|2025-12-12 23:57:29.278701|ioService-0x00007ccbed3ff640|[P2PService][Service][METRIC]heartBeat,connected count=3
info|2025-12-12 23:57:38.890033|timerFactory-0x00007ccbd95ff640|[RPC][WS][SERVICE]connected nodes,count=0
info|2025-12-12 23:57:39.278767|ioService-0x00007ccbed3ff640|[P2PService][Service][METRIC]heartBeat,connected count=3
info|2025-12-12 23:57:48.890055|timerFactory-0x00007ccbd95ff640|[RPC][WS][SERVICE]connected nodes,count=0
info|2025-12-12 23:57:49.278854|ioService-0x00007ccbed3ff640|[P2PService][Service][METRIC]heartBeat,connected count=3
info|2025-12-12 23:57:58.184868|objMonitor-0x00007ccbc67ff640|[startMonitor][AliveObjectMonitor],AliveObjectAllocStat=[ type: bcos::gateway::Socket ,created: 9 ,destroyed: 5 ,alive: 4 ] 
info|2025-12-12 23:57:58.890115|timerFactory-0x00007ccbd95ff640|[RPC][WS][SERVICE]connected nodes,count=0
info|2025-12-12 23:57:59.278874|ioService-0x00007ccbed3ff640|[P2PService][Service][METRIC]heartBeat,connected count=3
info|2025-12-12 23:58:08.890243|timerFactory-0x00007ccbd95ff640|[RPC][WS][SERVICE]connected nodes,count=0
info|2025-12-12 23:58:09.278900|ioService-0x00007ccbed3ff640|[P2PService][Service][METRIC]heartBeat,connected count=3
info|2025-12-12 23:58:18.890322|timerFactory-0x00007ccbd95ff640|[RPC][WS][SERVICE]connected nodes,count=0
info|2025-12-12 23:58:19.278969|ioService-0x00007ccbed3ff640|[P2PService][Service][METRIC]heartBeat,connected count=3
info|2025-12-12 23:58:28.890343|timerFactory-0x00007ccbd95ff640|[RPC][WS][SERVICE]connected nodes,count=0
info|2025-12-12 23:58:29.279051|ioService-0x00007ccbed3ff640|[P2PService][Service][METRIC]heartBeat,connected count=3
info|2025-12-12 23:58:38.890367|timerFactory-0x00007ccbd95ff640|[RPC][WS][SERVICE]connected nodes,count=0
info|2025-12-12 23:58:39.279128|ioService-0x00007ccbed3ff640|[P2PService][Service][METRIC]heartBeat,connected count=3
info|2025-12-12 23:58:48.890392|timerFactory-0x00007ccbd95ff640|[RPC][WS][SERVICE]connected nodes,count=0
info|2025-12-12 23:58:49.279158|ioService-0x00007ccbed3ff640|[P2PService][Service][METRIC]heartBeat,connected count=3
info|2025-12-12 23:58:58.184897|objMonitor-0x00007ccbc67ff640|[startMonitor][AliveObjectMonitor],AliveObjectAllocStat=[ type: bcos::gateway::Socket ,created: 9 ,destroyed: 5 ,alive: 4 ] 
info|2025-12-12 23:58:58.890419|timerFactory-0x00007ccbd95ff640|[RPC][WS][SERVICE]connected nodes,count=0
info|2025-12-12 23:58:59.279228|ioService-0x00007ccbed3ff640|[P2PService][Service][METRIC]heartBeat,connected count=3
info|2025-12-12 23:59:08.890443|timerFactory-0x00007ccbd95ff640|[RPC][WS][SERVICE]connected nodes,count=0
info|2025-12-12 23:59:09.279441|ioService-0x00007ccbed3ff640|[P2PService][Service][METRIC]heartBeat,connected count=3
info|2025-12-12 23:59:18.890502|timerFactory-0x00007ccbd95ff640|[RPC][WS][SERVICE]connected nodes,count=0
info|2025-12-12 23:59:19.279538|ioService-0x00007ccbed3ff640|[P2PService][Service][METRIC]heartBeat,connected count=3
info|2025-12-12 23:59:28.890555|timerFactory-0x00007ccbd95ff640|[RPC][WS][SERVICE]connected nodes,count=0
info|2025-12-12 23:59:29.279557|ioService-0x00007ccbed3ff640|[P2PService][Service][METRIC]heartBeat,connected count=3
info|2025-12-12 23:59:38.890585|timerFactory-0x00007ccbd95ff640|[RPC][WS][SERVICE]connected nodes,count=0
info|2025-12-12 23:59:39.279688|ioService-0x00007ccbed3ff640|[P2PService][Service][METRIC]heartBeat,connected count=3
info|2025-12-12 23:59:48.890610|timerFactory-0x00007ccbd95ff640|[RPC][WS][SERVICE]connected nodes,count=0
info|2025-12-12 23:59:49.279809|ioService-0x00007ccbed3ff640|[P2PService][Service][METRIC]heartBeat,connected count=3
info|2025-12-12 23:59:58.184931|objMonitor-0x00007ccbc67ff640|[startMonitor][AliveObjectMonitor],AliveObjectAllocStat=[ type: bcos::gateway::Socket ,created: 9 ,destroyed: 5 ,alive: 4 ] 
info|2025-12-12 23:59:58.890636|timerFactory-0x00007ccbd95ff640|[RPC][WS][SERVICE]connected nodes,count=0
info|2025-12-12 23:59:59.279897|ioService-0x00007ccbed3ff640|[P2PService][Service][METRIC]heartBeat,connected count=3
