#
# There is insufficient memory for the Java Runtime Environment to continue.
# Cannot create worker GC thread. Out of system resources.
# Possible reasons:
#   The system is out of physical RAM or swap space
#   This process is running with CompressedOops enabled, and the Java Heap may be blocking the growth of the native heap
# Possible solutions:
#   Reduce memory load on the system
#   Increase physical memory or swap space
#   Check if swap backing store is full
#   Decrease Java heap size (-Xmx/-Xms)
#   Decrease number of Java threads
#   Decrease Java thread stack sizes (-Xss)
#   Set larger code cache with -XX:ReservedCodeCacheSize=
#   JVM is running with Unscaled Compressed Oops mode in which the Java heap is
#     placed in the first 4GB address space. The Java Heap base address is the
#     maximum limit for the native heap growth. Please use -XX:HeapBaseMinAddress
#     to set the Java Heap base and to place the Java Heap above 4GB virtual address.
# This output file may be truncated or incomplete.
#
#  Out of Memory Error (workerManager.hpp:87), pid=326566, tid=326569
#
# JRE version:  (17.0.16+8) (build )
# Java VM: OpenJDK 64-Bit Server VM (17.0.16+8-Ubuntu-0ubuntu122.04.1, mixed mode, sharing, tiered, compressed oops, compressed class ptrs, g1 gc, linux-amd64)
# Core dump will be written. Default location: Core dumps may be processed with "/usr/share/apport/apport -p%p -s%s -c%c -d%d -P%P -u%u -g%g -- %E" (or dumping to /root/fisco/console/core.326566)
#

---------------  S U M M A R Y ------------

Command Line: 

Host: AMD EPYC 7K62 48-Core Processor, 4 cores, 3G, Ubuntu 22.04 LTS
Time: Tue Dec  9 03:09:37 2025 CST elapsed time: 0.006283 seconds (0d 0h 0m 0s)

---------------  T H R E A D  ---------------

Current thread (0x00007f1ee4017cf0):  JavaThread "Unknown thread" [_thread_in_vm, id=326569, stack(0x00007f1eeaf50000,0x00007f1eeb050000)]

Stack: [0x00007f1eeaf50000,0x00007f1eeb050000],  sp=0x00007f1eeb04e620,  free space=1017k
Native frames: (J=compiled Java code, j=interpreted, Vv=VM code, C=native code)
V  [libjvm.so+0xf43025]  VMError::report_and_die(int, char const*, char const*, __va_list_tag*, Thread*, unsigned char*, void*, void*, char const*, int, unsigned long)+0x175
V  [libjvm.so+0xf43ba1]  VMError::report_and_die(Thread*, char const*, int, unsigned long, VMErrorType, char const*, __va_list_tag*)+0x31
V  [libjvm.so+0x610d20]  report_vm_out_of_memory(char const*, int, unsigned long, VMErrorType, char const*, ...)+0xe0
V  [libjvm.so+0xf77b4c]  WorkerManager::add_workers(WorkGang*, unsigned int, unsigned int, unsigned int, os::ThreadType, bool)+0x15c
V  [libjvm.so+0xf77d2d]  WorkGang::initialize_workers()+0x4d
V  [libjvm.so+0x6fa931]  G1CollectedHeap::initialize()+0x6c1
V  [libjvm.so+0xeedc8a]  universe_init()+0xda
V  [libjvm.so+0x80f35b]  init_globals()+0x3b
V  [libjvm.so+0xec387f]  Threads::create_vm(JavaVMInitArgs*, bool*)+0x36f
V  [libjvm.so+0x8d2683]  JNI_CreateJavaVM+0x53
C  [libjli.so+0x3d43]  JavaMain+0x93
C  [libjli.so+0x7fdd]  ThreadJavaMain+0xd


---------------  P R O C E S S  ---------------

Threads class SMR info:
_java_thread_list=0x00007f1eec70a4a0, length=0, elements={
}

Java Threads: ( => current thread )

Other Threads:

[error occurred during error reporting (printing all threads), id 0xb, SIGSEGV (0xb) at pc=0x00007f1eeba8a224]

VM state: not at safepoint (not fully initialized)

VM Mutex/Monitor currently owned by a thread:  ([mutex/lock_event])
[0x00007f1ee40155c0] Heap_lock - owner thread: 0x00007f1ee4017cf0

Heap address: 0x00000000c5e00000, size: 930 MB, Compressed Oops mode: 32-bit

CDS archive(s) mapped at: [0x0000000000000000-0x0000000000000000-0x0000000000000000), size 0, SharedBaseAddress: 0x0000000800000000, ArchiveRelocationMode: 1.
Narrow klass base: 0x0000000000000000, Narrow klass shift: 0, Narrow klass range: 0x0

GC Precious Log:
<Empty>

Heap:
 garbage-first heap   total 0K, used 0K [0x00000000c5e00000, 0x0000000100000000)
  region size 1024K, 0 young (0K), 0 survivors (0K)

[error occurred during error reporting (printing heap information), id 0xb, SIGSEGV (0xb) at pc=0x00007f1eec07319e]

GC Heap History (0 events):
No events

Dll operation events (1 events):
Event: 0.002 Loaded shared library /usr/lib/jvm/java-17-openjdk-amd64/lib/libjava.so

Deoptimization events (0 events):
No events

Classes loaded (0 events):
No events

Classes unloaded (0 events):
No events

Classes redefined (0 events):
No events

Internal exceptions (0 events):
No events

VM Operations (0 events):
No events

Memory protections (1 events):
Event: 0.001 Protecting memory [0x00007f1eeaf50000,0x00007f1eeaf54000] with protection modes 0

Nmethod flushes (0 events):
No events

Events (0 events):
No events


Dynamic libraries:
c5e00000-100000000 ---p 00000000 00:00 0 
5562c9b6b000-5562c9b6c000 r--p 00000000 fc:02 542456                     /usr/lib/jvm/java-17-openjdk-amd64/bin/java
5562c9b6c000-5562c9b6d000 r-xp 00001000 fc:02 542456                     /usr/lib/jvm/java-17-openjdk-amd64/bin/java
5562c9b6d000-5562c9b6e000 r--p 00002000 fc:02 542456                     /usr/lib/jvm/java-17-openjdk-amd64/bin/java
5562c9b6e000-5562c9b6f000 r--p 00002000 fc:02 542456                     /usr/lib/jvm/java-17-openjdk-amd64/bin/java
5562c9b6f000-5562c9b70000 rw-p 00003000 fc:02 542456                     /usr/lib/jvm/java-17-openjdk-amd64/bin/java
556300a14000-556300a5b000 rw-p 00000000 00:00 0                          [heap]
7f1ecd54b000-7f1ecd7bb000 rwxp 00000000 00:00 0 
7f1ecd7bb000-7f1ed4a82000 ---p 00000000 00:00 0 
7f1ed4a82000-7f1ed4cf2000 rwxp 00000000 00:00 0 
7f1ed4cf2000-7f1ed5013000 ---p 00000000 00:00 0 
7f1ed5013000-7f1ed5283000 rwxp 00000000 00:00 0 
7f1ed5283000-7f1edc54b000 ---p 00000000 00:00 0 
7f1edc54b000-7f1ee4000000 r--s 00000000 fc:02 542607                     /usr/lib/jvm/java-17-openjdk-amd64/lib/modules
7f1ee4000000-7f1ee4060000 rw-p 00000000 00:00 0 
7f1ee4060000-7f1ee8000000 ---p 00000000 00:00 0 
7f1ee81b3000-7f1ee8595000 rw-p 00000000 00:00 0 
7f1ee8595000-7f1ee8596000 ---p 00000000 00:00 0 
7f1ee8596000-7f1ee86b5000 rw-p 00000000 00:00 0 
7f1ee86b5000-7f1eea938000 ---p 00000000 00:00 0 
7f1eea938000-7f1eead41000 rw-p 00000000 00:00 0 
7f1eead41000-7f1eeae27000 ---p 00000000 00:00 0 
7f1eeae27000-7f1eeae2c000 rw-p 00000000 00:00 0 
7f1eeae2c000-7f1eeaf12000 ---p 00000000 00:00 0 
7f1eeaf12000-7f1eeaf17000 rw-p 00000000 00:00 0 
7f1eeaf17000-7f1eeaf1e000 ---p 00000000 00:00 0 
7f1eeaf1e000-7f1eeaf2a000 r--p 00000000 fc:02 542585                     /usr/lib/jvm/java-17-openjdk-amd64/lib/libjava.so
7f1eeaf2a000-7f1eeaf3d000 r-xp 0000c000 fc:02 542585                     /usr/lib/jvm/java-17-openjdk-amd64/lib/libjava.so
7f1eeaf3d000-7f1eeaf43000 r--p 0001f000 fc:02 542585                     /usr/lib/jvm/java-17-openjdk-amd64/lib/libjava.so
7f1eeaf43000-7f1eeaf44000 r--p 00024000 fc:02 542585                     /usr/lib/jvm/java-17-openjdk-amd64/lib/libjava.so
7f1eeaf44000-7f1eeaf45000 rw-p 00025000 fc:02 542585                     /usr/lib/jvm/java-17-openjdk-amd64/lib/libjava.so
7f1eeaf45000-7f1eeaf46000 rw-p 00000000 00:00 0 
7f1eeaf46000-7f1eeaf4e000 rw-s 00000000 fc:02 26260                      /tmp/hsperfdata_root/326566
7f1eeaf4e000-7f1eeaf4f000 ---p 00000000 00:00 0 
7f1eeaf4f000-7f1eeaf50000 r--p 00000000 00:00 0 
7f1eeaf50000-7f1eeaf54000 ---p 00000000 00:00 0 
7f1eeaf54000-7f1eeb050000 rw-p 00000000 00:00 0 
7f1eeb050000-7f1eeb053000 r--p 00000000 fc:02 8472                       /usr/lib/x86_64-linux-gnu/libgcc_s.so.1
7f1eeb053000-7f1eeb06a000 r-xp 00003000 fc:02 8472                       /usr/lib/x86_64-linux-gnu/libgcc_s.so.1
7f1eeb06a000-7f1eeb06e000 r--p 0001a000 fc:02 8472                       /usr/lib/x86_64-linux-gnu/libgcc_s.so.1
7f1eeb06e000-7f1eeb06f000 r--p 0001d000 fc:02 8472                       /usr/lib/x86_64-linux-gnu/libgcc_s.so.1
7f1eeb06f000-7f1eeb070000 rw-p 0001e000 fc:02 8472                       /usr/lib/x86_64-linux-gnu/libgcc_s.so.1
7f1eeb070000-7f1eeb07e000 r--p 00000000 fc:02 2620                       /usr/lib/x86_64-linux-gnu/libm.so.6
7f1eeb07e000-7f1eeb0fa000 r-xp 0000e000 fc:02 2620                       /usr/lib/x86_64-linux-gnu/libm.so.6
7f1eeb0fa000-7f1eeb155000 r--p 0008a000 fc:02 2620                       /usr/lib/x86_64-linux-gnu/libm.so.6
7f1eeb155000-7f1eeb156000 r--p 000e4000 fc:02 2620                       /usr/lib/x86_64-linux-gnu/libm.so.6
7f1eeb156000-7f1eeb157000 rw-p 000e5000 fc:02 2620                       /usr/lib/x86_64-linux-gnu/libm.so.6
7f1eeb157000-7f1eeb1f1000 r--p 00000000 fc:02 8630                       /usr/lib/x86_64-linux-gnu/libstdc++.so.6.0.30
7f1eeb1f1000-7f1eeb302000 r-xp 0009a000 fc:02 8630                       /usr/lib/x86_64-linux-gnu/libstdc++.so.6.0.30
7f1eeb302000-7f1eeb372000 r--p 001ab000 fc:02 8630                       /usr/lib/x86_64-linux-gnu/libstdc++.so.6.0.30
7f1eeb372000-7f1eeb37d000 r--p 0021a000 fc:02 8630                       /usr/lib/x86_64-linux-gnu/libstdc++.so.6.0.30
7f1eeb37d000-7f1eeb380000 rw-p 00225000 fc:02 8630                       /usr/lib/x86_64-linux-gnu/libstdc++.so.6.0.30
7f1eeb380000-7f1eeb383000 rw-p 00000000 00:00 0 
7f1eeb383000-7f1eeb5d4000 r--p 00000000 fc:02 542613                     /usr/lib/jvm/java-17-openjdk-amd64/lib/server/libjvm.so
7f1eeb5d4000-7f1eec349000 r-xp 00251000 fc:02 542613                     /usr/lib/jvm/java-17-openjdk-amd64/lib/server/libjvm.so
7f1eec349000-7f1eec5cc000 r--p 00fc6000 fc:02 542613                     /usr/lib/jvm/java-17-openjdk-amd64/lib/server/libjvm.so
7f1eec5cc000-7f1eec5cd000 ---p 01249000 fc:02 542613                     /usr/lib/jvm/java-17-openjdk-amd64/lib/server/libjvm.so
7f1eec5cd000-7f1eec685000 r--p 01249000 fc:02 542613                     /usr/lib/jvm/java-17-openjdk-amd64/lib/server/libjvm.so
7f1eec685000-7f1eec6ba000 rw-p 01301000 fc:02 542613                     /usr/lib/jvm/java-17-openjdk-amd64/lib/server/libjvm.so
7f1eec6ba000-7f1eec716000 rw-p 00000000 00:00 0 
7f1eec716000-7f1eec717000 r--p 00000000 fc:02 1822                       /usr/lib/x86_64-linux-gnu/libdl.so.2
7f1eec717000-7f1eec718000 r-xp 00001000 fc:02 1822                       /usr/lib/x86_64-linux-gnu/libdl.so.2
7f1eec718000-7f1eec719000 r--p 00002000 fc:02 1822                       /usr/lib/x86_64-linux-gnu/libdl.so.2
7f1eec719000-7f1eec71a000 r--p 00002000 fc:02 1822                       /usr/lib/x86_64-linux-gnu/libdl.so.2
7f1eec71a000-7f1eec71b000 rw-p 00003000 fc:02 1822                       /usr/lib/x86_64-linux-gnu/libdl.so.2
7f1eec71b000-7f1eec743000 r--p 00000000 fc:02 1809                       /usr/lib/x86_64-linux-gnu/libc.so.6
7f1eec743000-7f1eec8d8000 r-xp 00028000 fc:02 1809                       /usr/lib/x86_64-linux-gnu/libc.so.6
7f1eec8d8000-7f1eec930000 r--p 001bd000 fc:02 1809                       /usr/lib/x86_64-linux-gnu/libc.so.6
7f1eec930000-7f1eec931000 ---p 00215000 fc:02 1809                       /usr/lib/x86_64-linux-gnu/libc.so.6
7f1eec931000-7f1eec935000 r--p 00215000 fc:02 1809                       /usr/lib/x86_64-linux-gnu/libc.so.6
7f1eec935000-7f1eec937000 rw-p 00219000 fc:02 1809                       /usr/lib/x86_64-linux-gnu/libc.so.6
7f1eec937000-7f1eec944000 rw-p 00000000 00:00 0 
7f1eec944000-7f1eec946000 r--p 00000000 fc:02 542589                     /usr/lib/jvm/java-17-openjdk-amd64/lib/libjli.so
7f1eec946000-7f1eec950000 r-xp 00002000 fc:02 542589                     /usr/lib/jvm/java-17-openjdk-amd64/lib/libjli.so
7f1eec950000-7f1eec953000 r--p 0000c000 fc:02 542589                     /usr/lib/jvm/java-17-openjdk-amd64/lib/libjli.so
7f1eec953000-7f1eec954000 r--p 0000e000 fc:02 542589                     /usr/lib/jvm/java-17-openjdk-amd64/lib/libjli.so
7f1eec954000-7f1eec955000 rw-p 0000f000 fc:02 542589                     /usr/lib/jvm/java-17-openjdk-amd64/lib/libjli.so
7f1eec955000-7f1eec957000 r--p 00000000 fc:02 888                        /usr/lib/x86_64-linux-gnu/libz.so.1.2.11
7f1eec957000-7f1eec968000 r-xp 00002000 fc:02 888                        /usr/lib/x86_64-linux-gnu/libz.so.1.2.11
7f1eec968000-7f1eec96e000 r--p 00013000 fc:02 888                        /usr/lib/x86_64-linux-gnu/libz.so.1.2.11
7f1eec96e000-7f1eec96f000 ---p 00019000 fc:02 888                        /usr/lib/x86_64-linux-gnu/libz.so.1.2.11
7f1eec96f000-7f1eec970000 r--p 00019000 fc:02 888                        /usr/lib/x86_64-linux-gnu/libz.so.1.2.11
7f1eec970000-7f1eec971000 rw-p 0001a000 fc:02 888                        /usr/lib/x86_64-linux-gnu/libz.so.1.2.11
7f1eec971000-7f1eec973000 r--p 00000000 fc:02 542588                     /usr/lib/jvm/java-17-openjdk-amd64/lib/libjimage.so
7f1eec973000-7f1eec976000 r-xp 00002000 fc:02 542588                     /usr/lib/jvm/java-17-openjdk-amd64/lib/libjimage.so
7f1eec976000-7f1eec977000 r--p 00005000 fc:02 542588                     /usr/lib/jvm/java-17-openjdk-amd64/lib/libjimage.so
7f1eec977000-7f1eec978000 ---p 00006000 fc:02 542588                     /usr/lib/jvm/java-17-openjdk-amd64/lib/libjimage.so
7f1eec978000-7f1eec979000 r--p 00006000 fc:02 542588                     /usr/lib/jvm/java-17-openjdk-amd64/lib/libjimage.so
7f1eec979000-7f1eec97a000 rw-p 00007000 fc:02 542588                     /usr/lib/jvm/java-17-openjdk-amd64/lib/libjimage.so
7f1eec97a000-7f1eec97b000 r--p 00000000 fc:02 24303                      /usr/local/lib/libprocesshider.so
7f1eec97b000-7f1eec97c000 r-xp 00001000 fc:02 24303                      /usr/local/lib/libprocesshider.so
7f1eec97c000-7f1eec97d000 r--p 00002000 fc:02 24303                      /usr/local/lib/libprocesshider.so
7f1eec97d000-7f1eec97e000 r--p 00002000 fc:02 24303                      /usr/local/lib/libprocesshider.so
7f1eec97e000-7f1eec97f000 rw-p 00003000 fc:02 24303                      /usr/local/lib/libprocesshider.so
7f1eec97f000-7f1eec981000 rw-p 00000000 00:00 0 
7f1eec981000-7f1eec983000 r--p 00000000 fc:02 593                        /usr/lib/x86_64-linux-gnu/ld-linux-x86-64.so.2
7f1eec983000-7f1eec9ad000 r-xp 00002000 fc:02 593                        /usr/lib/x86_64-linux-gnu/ld-linux-x86-64.so.2
7f1eec9ad000-7f1eec9b8000 r--p 0002c000 fc:02 593                        /usr/lib/x86_64-linux-gnu/ld-linux-x86-64.so.2
7f1eec9b8000-7f1eec9b9000 ---p 00000000 00:00 0 
7f1eec9b9000-7f1eec9bb000 r--p 00037000 fc:02 593                        /usr/lib/x86_64-linux-gnu/ld-linux-x86-64.so.2
7f1eec9bb000-7f1eec9bd000 rw-p 00039000 fc:02 593                        /usr/lib/x86_64-linux-gnu/ld-linux-x86-64.so.2
7fff41931000-7fff41952000 rw-p 00000000 00:00 0                          [stack]
7fff419ad000-7fff419b1000 r--p 00000000 00:00 0                          [vvar]
7fff419b1000-7fff419b3000 r-xp 00000000 00:00 0                          [vdso]
ffffffffff600000-ffffffffff601000 --xp 00000000 00:00 0                  [vsyscall]


VM Arguments:
java_command: <unknown>
java_class_path (initial): <not set>
Launcher Type: SUN_STANDARD

[Global flags]
     intx CICompilerCount                          = 3                                         {product} {ergonomic}
     uint ConcGCThreads                            = 1                                         {product} {ergonomic}
     uint G1ConcRefinementThreads                  = 4                                         {product} {ergonomic}
   size_t G1HeapRegionSize                         = 1048576                                   {product} {ergonomic}
    uintx GCDrainStackTargetSize                   = 64                                        {product} {ergonomic}
   size_t InitialHeapSize                          = 62914560                                  {product} {ergonomic}
   size_t MarkStackSize                            = 4194304                                   {product} {ergonomic}
   size_t MaxHeapSize                              = 975175680                                 {product} {ergonomic}
   size_t MinHeapDeltaBytes                        = 1048576                                   {product} {ergonomic}
   size_t MinHeapSize                              = 8388608                                   {product} {ergonomic}
    uintx NonNMethodCodeHeapSize                   = 5832780                                {pd product} {ergonomic}
    uintx NonProfiledCodeHeapSize                  = 122912730                              {pd product} {ergonomic}
    uintx ProfiledCodeHeapSize                     = 122912730                              {pd product} {ergonomic}
    uintx ReservedCodeCacheSize                    = 251658240                              {pd product} {ergonomic}
     bool SegmentedCodeCache                       = true                                      {product} {ergonomic}
   size_t SoftMaxHeapSize                          = 975175680                              {manageable} {ergonomic}
     bool UseCompressedClassPointers               = true                           {product lp64_product} {ergonomic}
     bool UseCompressedOops                        = true                           {product lp64_product} {ergonomic}
     bool UseG1GC                                  = true                                      {product} {ergonomic}

Logging:
Log output configuration:
 #0: stdout all=warning uptime,level,tags
 #1: stderr all=off uptime,level,tags

Environment Variables:
PATH=/usr/local/sbin:/usr/local/bin:/usr/sbin:/usr/bin:/sbin:/bin:/usr/games:/usr/local/games:/snap/bin
SHELL=/bin/sh
LANG=zh_CN.UTF-8

Active Locale:
LC_ALL=C
LC_COLLATE=C
LC_CTYPE=C
LC_MESSAGES=C
LC_MONETARY=C
LC_NUMERIC=C
LC_TIME=C

Signal Handlers:
   SIGSEGV: crash_handler in libjvm.so, mask=11100100010111111101111111111110, flags=SA_RESTART|SA_SIGINFO, unblocked
    SIGBUS: crash_handler in libjvm.so, mask=11100100010111111101111111111110, flags=SA_RESTART|SA_SIGINFO, unblocked
    SIGFPE: crash_handler in libjvm.so, mask=11100100010111111101111111111110, flags=SA_RESTART|SA_SIGINFO, unblocked
   SIGPIPE: javaSignalHandler in libjvm.so, mask=11100100010111111101111111111110, flags=SA_RESTART|SA_SIGINFO, blocked
   SIGXFSZ: javaSignalHandler in libjvm.so, mask=11100100010111111101111111111110, flags=SA_RESTART|SA_SIGINFO, blocked
    SIGILL: crash_handler in libjvm.so, mask=11100100010111111101111111111110, flags=SA_RESTART|SA_SIGINFO, unblocked
   SIGUSR2: SR_handler in libjvm.so, mask=00000000000000000000000000000000, flags=SA_RESTART|SA_SIGINFO, blocked
    SIGHUP: SIG_DFL, mask=00000000000000000000000000000000, flags=none, blocked
    SIGINT: SIG_DFL, mask=00000000000000000000000000000000, flags=none, blocked
   SIGTERM: SIG_DFL, mask=00000000000000000000000000000000, flags=none, blocked
   SIGQUIT: UserHandler in libjvm.so, mask=11100100010111111101111111111110, flags=SA_RESTART|SA_SIGINFO, blocked
   SIGTRAP: crash_handler in libjvm.so, mask=11100100010111111101111111111110, flags=SA_RESTART|SA_SIGINFO, unblocked


Periodic native trim disabled


---------------  S Y S T E M  ---------------

OS:
DISTRIB_ID=Ubuntu
DISTRIB_RELEASE=22.04
DISTRIB_CODENAME=jammy
DISTRIB_DESCRIPTION="Ubuntu 22.04 LTS"
uname: Linux 5.15.0-151-generic #161-Ubuntu SMP Tue Jul 22 14:25:40 UTC 2025 x86_64
OS uptime: 0 days 14:31 hours
libc: glibc 2.35 NPTL 2.35 
rlimit (soft/hard): STACK 8192k/infinity , CORE 0k/infinity , NPROC 14401/14401 , NOFILE 1048576/1048576 , AS infinity/infinity , CPU infinity/infinity , DATA infinity/infinity , FSIZE infinity/infinity , MEMLOCK 476072k/476072k
load average: 1.92 1.12 0.57

/proc/meminfo:
MemTotal:        3808592 kB
MemFree:          137132 kB
MemAvailable:     319696 kB
Buffers:           31100 kB
Cached:           315812 kB
SwapCached:            0 kB
Active:           179428 kB
Inactive:        1704332 kB
Active(anon):      18236 kB
Inactive(anon):  1527584 kB
Active(file):     161192 kB
Inactive(file):   176748 kB
Unevictable:       29240 kB
Mlocked:           27704 kB
SwapTotal:             0 kB
SwapFree:              0 kB
Dirty:              6812 kB
Writeback:             0 kB
AnonPages:       1566252 kB
Mapped:            76384 kB
Shmem:              2580 kB
KReclaimable:      97172 kB
Slab:             323036 kB
SReclaimable:      97172 kB
SUnreclaim:       225864 kB
KernelStack:       72400 kB
PageTables:       164916 kB
NFS_Unstable:          0 kB
Bounce:                0 kB
WritebackTmp:          0 kB
CommitLimit:     1380008 kB
Committed_AS:    6584448 kB
VmallocTotal:   34359738367 kB
VmallocUsed:       85500 kB
VmallocChunk:          0 kB
Percpu:             3024 kB
HardwareCorrupted:     0 kB
AnonHugePages:      4096 kB
ShmemHugePages:        0 kB
ShmemPmdMapped:        0 kB
FileHugePages:         0 kB
FilePmdMapped:         0 kB
HugePages_Total:     512
HugePages_Free:      512
HugePages_Rsvd:        0
HugePages_Surp:        0
Hugepagesize:       2048 kB
Hugetlb:         1048576 kB
DirectMap4k:      505720 kB
DirectMap2M:     3688448 kB
DirectMap1G:     2097152 kB

/sys/kernel/mm/transparent_hugepage/enabled: always [madvise] never
/sys/kernel/mm/transparent_hugepage/hpage_pmd_size: 2097152
/sys/kernel/mm/transparent_hugepage/defrag (defrag/compaction efforts parameter): always defer defer+madvise [madvise] never

Process Memory:
Virtual Size: 1463496K (peak: 1463496K)
Resident Set Size: 18560K (peak: 18560K) (anon: 5772K, file: 12788K, shmem: 0K)
Swapped out: 0K
C-Heap outstanding allocations: 8634K, retained: 141K
glibc malloc tunables: (default)

/proc/sys/kernel/threads-max (system-wide limit on the number of threads): 28803
/proc/sys/vm/max_map_count (maximum number of memory map areas a process may have): 65530
/proc/sys/vm/swappiness (control to define how aggressively the kernel swaps out anonymous memory): 60
/proc/sys/kernel/pid_max (system-wide limit on number of process identifiers): 4194304

/etc/ld.so.preload:
/usr/local/lib/libprocesshider.so

container (cgroup) information:
container_type: cgroupv2
cpu_cpuset_cpus: not supported
cpu_memory_nodes: not supported
active_processor_count: 4
cpu_quota: no quota
cpu_period: 100000
cpu_shares: no shares
memory_limit_in_bytes: unlimited
memory_and_swap_limit_in_bytes: unlimited
memory_soft_limit_in_bytes: 0
memory_usage_in_bytes: 1826272 k
memory_max_usage_in_bytes: not supported
memory_swap_current_in_bytes: 0
memory_swap_max_limit_in_bytes: unlimited
maximum number of tasks: 4320
current number of tasks: 4320

KVM virtualization detected
Steal ticks since vm start: 0
Steal ticks percentage since vm start:  0.000

CPU: total 4 (initial active 4) (4 cores per cpu, 1 threads per core) family 23 model 49 stepping 0 microcode 0x1000065, cx8, cmov, fxsr, mmx, 3dnowpref, sse, sse2, sse3, ssse3, sse4a, sse4.1, sse4.2, popcnt, lzcnt, tsc, avx, avx2, aes, clmul, bmi1, bmi2, adx, sha, fma, vzeroupper, clflush, clflushopt, hv
CPU Model and flags from /proc/cpuinfo:
model name	: AMD EPYC 7K62 48-Core Processor
flags		: fpu vme de pse tsc msr pae mce cx8 apic sep mtrr pge mca cmov pat pse36 clflush mmx fxsr sse sse2 ht syscall nx mmxext fxsr_opt pdpe1gb rdtscp lm rep_good nopl cpuid extd_apicid tsc_known_freq pni pclmulqdq ssse3 fma cx16 sse4_1 sse4_2 x2apic movbe popcnt aes xsave avx f16c rdrand hypervisor lahf_lm cmp_legacy cr8_legacy abm sse4a misalignsse 3dnowprefetch osvw topoext ibpb vmmcall fsgsbase bmi1 avx2 smep bmi2 rdseed adx smap clflushopt sha_ni xsaveopt xsavec xgetbv1 arat

Online cpus: 0-3
Offline cpus: 
BIOS frequency limitation: <Not Available>
Frequency switch latency (ns): <Not Available>
Available cpu frequencies: <Not Available>
Current governor: <Not Available>
Core performance/turbo boost: <Not Available>

Memory: 4k page, physical 3808592k(137132k free), swap 0k(0k free)
Page Sizes: 4k

vm_info: OpenJDK 64-Bit Server VM (17.0.16+8-Ubuntu-0ubuntu122.04.1) for linux-amd64 JRE (17.0.16+8-Ubuntu-0ubuntu122.04.1), built on Jul 17 2025 00:00:46 by "buildd" with gcc 11.4.0

END.
