info|2025-12-12 01:00:08.500389|timerFactory-0x00007542959ff640|[RPC][WS][SERVICE]connected nodes,count=0
info|2025-12-12 01:00:08.700192|ioService-0x00007542a81ff640|[P2PService][Service][METRIC]heartBeat,connected count=3
info|2025-12-12 01:00:18.500414|timerFactory-0x00007542959ff640|[RPC][WS][SERVICE]connected nodes,count=0
info|2025-12-12 01:00:18.700332|ioService-0x00007542a81ff640|[P2PService][Service][METRIC]heartBeat,connected count=3
info|2025-12-12 01:00:28.500467|timerFactory-0x00007542959ff640|[RPC][WS][SERVICE]connected nodes,count=0
info|2025-12-12 01:00:28.700389|ioService-0x00007542a81ff640|[P2PService][Service][METRIC]heartBeat,connected count=3
info|2025-12-12 01:00:38.500519|timerFactory-0x00007542959ff640|[RPC][WS][SERVICE]connected nodes,count=0
info|2025-12-12 01:00:38.700469|ioService-0x00007542a81ff640|[P2PService][Service][METRIC]heartBeat,connected count=3
info|2025-12-12 01:00:48.500540|timerFactory-0x00007542959ff640|[RPC][WS][SERVICE]connected nodes,count=0
info|2025-12-12 01:00:48.700552|ioService-0x00007542a81ff640|[P2PService][Service][METRIC]heartBeat,connected count=3
info|2025-12-12 01:00:58.074925|objMonitor-0x00007542835ff640|[startMonitor][AliveObjectMonitor],AliveObjectAllocStat=[ type: bcos::gateway::Socket ,created: 9 ,destroyed: 5 ,alive: 4 ] 
info|2025-12-12 01:00:58.500595|timerFactory-0x00007542959ff640|[RPC][WS][SERVICE]connected nodes,count=0
info|2025-12-12 01:00:58.700628|ioService-0x00007542a81ff640|[P2PService][Service][METRIC]heartBeat,connected count=3
info|2025-12-12 01:01:08.500679|timerFactory-0x00007542959ff640|[RPC][WS][SERVICE]connected nodes,count=0
info|2025-12-12 01:01:08.700750|ioService-0x00007542a81ff640|[P2PService][Service][METRIC]heartBeat,connected count=3
info|2025-12-12 01:01:18.500725|timerFactory-0x00007542959ff640|[RPC][WS][SERVICE]connected nodes,count=0
info|2025-12-12 01:01:18.700806|ioService-0x00007542a81ff640|[P2PService][Service][METRIC]heartBeat,connected count=3
info|2025-12-12 01:01:28.500746|timerFactory-0x00007542959ff640|[RPC][WS][SERVICE]connected nodes,count=0
info|2025-12-12 01:01:28.700833|ioService-0x00007542a81ff640|[P2PService][Service][METRIC]heartBeat,connected count=3
info|2025-12-12 01:01:38.500799|timerFactory-0x00007542959ff640|[RPC][WS][SERVICE]connected nodes,count=0
info|2025-12-12 01:01:38.700853|ioService-0x00007542a81ff640|[P2PService][Service][METRIC]heartBeat,connected count=3
info|2025-12-12 01:01:48.500855|timerFactory-0x00007542959ff640|[RPC][WS][SERVICE]connected nodes,count=0
info|2025-12-12 01:01:48.700877|ioService-0x00007542a81ff640|[P2PService][Service][METRIC]heartBeat,connected count=3
info|2025-12-12 01:01:58.074954|objMonitor-0x00007542835ff640|[startMonitor][AliveObjectMonitor],AliveObjectAllocStat=[ type: bcos::gateway::Socket ,created: 9 ,destroyed: 5 ,alive: 4 ] 
info|2025-12-12 01:01:58.500880|timerFactory-0x00007542959ff640|[RPC][WS][SERVICE]connected nodes,count=0
info|2025-12-12 01:01:58.700934|ioService-0x00007542a81ff640|[P2PService][Service][METRIC]heartBeat,connected count=3
info|2025-12-12 01:02:08.500900|timerFactory-0x00007542959ff640|[RPC][WS][SERVICE]connected nodes,count=0
info|2025-12-12 01:02:08.700983|ioService-0x00007542a81ff640|[P2PService][Service][METRIC]heartBeat,connected count=3
info|2025-12-12 01:02:18.500952|timerFactory-0x00007542959ff640|[RPC][WS][SERVICE]connected nodes,count=0
info|2025-12-12 01:02:18.701036|ioService-0x00007542a81ff640|[P2PService][Service][METRIC]heartBeat,connected count=3
info|2025-12-12 01:02:28.501036|timerFactory-0x00007542959ff640|[RPC][WS][SERVICE]connected nodes,count=0
info|2025-12-12 01:02:28.701124|ioService-0x00007542a81ff640|[P2PService][Service][METRIC]heartBeat,connected count=3
info|2025-12-12 01:02:38.501080|timerFactory-0x00007542959ff640|[RPC][WS][SERVICE]connected nodes,count=0
info|2025-12-12 01:02:38.701190|ioService-0x00007542a81ff640|[P2PService][Service][METRIC]heartBeat,connected count=3
info|2025-12-12 01:02:48.501099|timerFactory-0x00007542959ff640|[RPC][WS][SERVICE]connected nodes,count=0
info|2025-12-12 01:02:48.701312|ioService-0x00007542a81ff640|[P2PService][Service][METRIC]heartBeat,connected count=3
info|2025-12-12 01:02:58.074987|objMonitor-0x00007542835ff640|[startMonitor][AliveObjectMonitor],AliveObjectAllocStat=[ type: bcos::gateway::Socket ,created: 9 ,destroyed: 5 ,alive: 4 ] 
info|2025-12-12 01:02:58.501164|timerFactory-0x00007542959ff640|[RPC][WS][SERVICE]connected nodes,count=0
info|2025-12-12 01:02:58.701397|ioService-0x00007542a81ff640|[P2PService][Service][METRIC]heartBeat,connected count=3
info|2025-12-12 01:03:08.501218|timerFactory-0x00007542959ff640|[RPC][WS][SERVICE]connected nodes,count=0
info|2025-12-12 01:03:08.701423|ioService-0x00007542a81ff640|[P2PService][Service][METRIC]heartBeat,connected count=3
info|2025-12-12 01:03:18.501237|timerFactory-0x00007542959ff640|[RPC][WS][SERVICE]connected nodes,count=0
info|2025-12-12 01:03:18.701443|ioService-0x00007542a81ff640|[P2PService][Service][METRIC]heartBeat,connected count=3
info|2025-12-12 01:03:28.501256|timerFactory-0x00007542959ff640|[RPC][WS][SERVICE]connected nodes,count=0
info|2025-12-12 01:03:28.701504|ioService-0x00007542a81ff640|[P2PService][Service][METRIC]heartBeat,connected count=3
info|2025-12-12 01:03:38.501283|timerFactory-0x00007542959ff640|[RPC][WS][SERVICE]connected nodes,count=0
info|2025-12-12 01:03:38.701579|ioService-0x00007542a81ff640|[P2PService][Service][METRIC]heartBeat,connected count=3
info|2025-12-12 01:03:48.501307|timerFactory-0x00007542959ff640|[RPC][WS][SERVICE]connected nodes,count=0
info|2025-12-12 01:03:48.701635|ioService-0x00007542a81ff640|[P2PService][Service][METRIC]heartBeat,connected count=3
info|2025-12-12 01:03:58.075029|objMonitor-0x00007542835ff640|[startMonitor][AliveObjectMonitor],AliveObjectAllocStat=[ type: bcos::gateway::Socket ,created: 9 ,destroyed: 5 ,alive: 4 ] 
info|2025-12-12 01:03:58.501331|timerFactory-0x00007542959ff640|[RPC][WS][SERVICE]connected nodes,count=0
info|2025-12-12 01:03:58.701798|ioService-0x00007542a81ff640|[P2PService][Service][METRIC]heartBeat,connected count=3
info|2025-12-12 01:04:08.501352|timerFactory-0x00007542959ff640|[RPC][WS][SERVICE]connected nodes,count=0
info|2025-12-12 01:04:08.701902|ioService-0x00007542a81ff640|[P2PService][Service][METRIC]heartBeat,connected count=3
info|2025-12-12 01:04:18.501371|timerFactory-0x00007542959ff640|[RPC][WS][SERVICE]connected nodes,count=0
info|2025-12-12 01:04:18.702054|ioService-0x00007542a81ff640|[P2PService][Service][METRIC]heartBeat,connected count=3
info|2025-12-12 01:04:28.501442|timerFactory-0x00007542959ff640|[RPC][WS][SERVICE]connected nodes,count=0
info|2025-12-12 01:04:28.702164|ioService-0x00007542a81ff640|[P2PService][Service][METRIC]heartBeat,connected count=3
info|2025-12-12 01:04:38.501521|timerFactory-0x00007542959ff640|[RPC][WS][SERVICE]connected nodes,count=0
info|2025-12-12 01:04:38.702227|ioService-0x00007542a81ff640|[P2PService][Service][METRIC]heartBeat,connected count=3
info|2025-12-12 01:04:48.501543|timerFactory-0x00007542959ff640|[RPC][WS][SERVICE]connected nodes,count=0
info|2025-12-12 01:04:48.702282|ioService-0x00007542a81ff640|[P2PService][Service][METRIC]heartBeat,connected count=3
info|2025-12-12 01:04:58.075064|objMonitor-0x00007542835ff640|[startMonitor][AliveObjectMonitor],AliveObjectAllocStat=[ type: bcos::gateway::Socket ,created: 9 ,destroyed: 5 ,alive: 4 ] 
info|2025-12-12 01:04:58.501637|timerFactory-0x00007542959ff640|[RPC][WS][SERVICE]connected nodes,count=0
info|2025-12-12 01:04:58.702336|ioService-0x00007542a81ff640|[P2PService][Service][METRIC]heartBeat,connected count=3
info|2025-12-12 01:05:08.501708|timerFactory-0x00007542959ff640|[RPC][WS][SERVICE]connected nodes,count=0
info|2025-12-12 01:05:08.702358|ioService-0x00007542a81ff640|[P2PService][Service][METRIC]heartBeat,connected count=3
info|2025-12-12 01:05:18.501732|timerFactory-0x00007542959ff640|[RPC][WS][SERVICE]connected nodes,count=0
info|2025-12-12 01:05:18.702376|ioService-0x00007542a81ff640|[P2PService][Service][METRIC]heartBeat,connected count=3
info|2025-12-12 01:05:28.501753|timerFactory-0x00007542959ff640|[RPC][WS][SERVICE]connected nodes,count=0
info|2025-12-12 01:05:28.702392|ioService-0x00007542a81ff640|[P2PService][Service][METRIC]heartBeat,connected count=3
info|2025-12-12 01:05:38.501772|timerFactory-0x00007542959ff640|[RPC][WS][SERVICE]connected nodes,count=0
info|2025-12-12 01:05:38.702421|ioService-0x00007542a81ff640|[P2PService][Service][METRIC]heartBeat,connected count=3
info|2025-12-12 01:05:48.501886|timerFactory-0x00007542959ff640|[RPC][WS][SERVICE]connected nodes,count=0
info|2025-12-12 01:05:48.702448|ioService-0x00007542a81ff640|[P2PService][Service][METRIC]heartBeat,connected count=3
info|2025-12-12 01:05:58.075211|objMonitor-0x00007542835ff640|[startMonitor][AliveObjectMonitor],AliveObjectAllocStat=[ type: bcos::gateway::Socket ,created: 9 ,destroyed: 5 ,alive: 4 ] 
info|2025-12-12 01:05:58.501906|timerFactory-0x00007542959ff640|[RPC][WS][SERVICE]connected nodes,count=0
info|2025-12-12 01:05:58.702523|ioService-0x00007542a81ff640|[P2PService][Service][METRIC]heartBeat,connected count=3
info|2025-12-12 01:06:08.501972|timerFactory-0x00007542959ff640|[RPC][WS][SERVICE]connected nodes,count=0
info|2025-12-12 01:06:08.702615|ioService-0x00007542a81ff640|[P2PService][Service][METRIC]heartBeat,connected count=3
info|2025-12-12 01:06:18.501992|timerFactory-0x00007542959ff640|[RPC][WS][SERVICE]connected nodes,count=0
info|2025-12-12 01:06:18.702634|ioService-0x00007542a81ff640|[P2PService][Service][METRIC]heartBeat,connected count=3
info|2025-12-12 01:06:28.502017|timerFactory-0x00007542959ff640|[RPC][WS][SERVICE]connected nodes,count=0
info|2025-12-12 01:06:28.702765|ioService-0x00007542a81ff640|[P2PService][Service][METRIC]heartBeat,connected count=3
info|2025-12-12 01:06:38.502035|timerFactory-0x00007542959ff640|[RPC][WS][SERVICE]connected nodes,count=0
info|2025-12-12 01:06:38.702794|ioService-0x00007542a81ff640|[P2PService][Service][METRIC]heartBeat,connected count=3
info|2025-12-12 01:06:48.502054|timerFactory-0x00007542959ff640|[RPC][WS][SERVICE]connected nodes,count=0
info|2025-12-12 01:06:48.702874|ioService-0x00007542a81ff640|[P2PService][Service][METRIC]heartBeat,connected count=3
info|2025-12-12 01:06:58.075330|objMonitor-0x00007542835ff640|[startMonitor][AliveObjectMonitor],AliveObjectAllocStat=[ type: bcos::gateway::Socket ,created: 9 ,destroyed: 5 ,alive: 4 ] [ type: bcos::gateway::ResponseCallback ,created: 1758833 ,destroyed: 1758827 ,alive: 6 ] 
info|2025-12-12 01:06:58.502079|timerFactory-0x00007542959ff640|[RPC][WS][SERVICE]connected nodes,count=0
info|2025-12-12 01:06:58.702890|ioService-0x00007542a81ff640|[P2PService][Service][METRIC]heartBeat,connected count=3
info|2025-12-12 01:07:08.502096|timerFactory-0x00007542959ff640|[RPC][WS][SERVICE]connected nodes,count=0
info|2025-12-12 01:07:08.702904|ioService-0x00007542a81ff640|[P2PService][Service][METRIC]heartBeat,connected count=3
info|2025-12-12 01:07:18.502117|timerFactory-0x00007542959ff640|[RPC][WS][SERVICE]connected nodes,count=0
info|2025-12-12 01:07:18.702980|ioService-0x00007542a81ff640|[P2PService][Service][METRIC]heartBeat,connected count=3
info|2025-12-12 01:07:28.502181|timerFactory-0x00007542959ff640|[RPC][WS][SERVICE]connected nodes,count=0
info|2025-12-12 01:07:28.703109|ioService-0x00007542a81ff640|[P2PService][Service][METRIC]heartBeat,connected count=3
info|2025-12-12 01:07:38.502279|timerFactory-0x00007542959ff640|[RPC][WS][SERVICE]connected nodes,count=0
info|2025-12-12 01:07:38.703208|ioService-0x00007542a81ff640|[P2PService][Service][METRIC]heartBeat,connected count=3
info|2025-12-12 01:07:48.502299|timerFactory-0x00007542959ff640|[RPC][WS][SERVICE]connected nodes,count=0
info|2025-12-12 01:07:48.703267|ioService-0x00007542a81ff640|[P2PService][Service][METRIC]heartBeat,connected count=3
info|2025-12-12 01:07:58.075368|objMonitor-0x00007542835ff640|[startMonitor][AliveObjectMonitor],AliveObjectAllocStat=[ type: bcos::gateway::Socket ,created: 9 ,destroyed: 5 ,alive: 4 ] 
info|2025-12-12 01:07:58.502319|timerFactory-0x00007542959ff640|[RPC][WS][SERVICE]connected nodes,count=0
info|2025-12-12 01:07:58.703337|ioService-0x00007542a81ff640|[P2PService][Service][METRIC]heartBeat,connected count=3
info|2025-12-12 01:08:08.502339|timerFactory-0x00007542959ff640|[RPC][WS][SERVICE]connected nodes,count=0
info|2025-12-12 01:08:08.703462|ioService-0x00007542a81ff640|[P2PService][Service][METRIC]heartBeat,connected count=3
info|2025-12-12 01:08:18.502359|timerFactory-0x00007542959ff640|[RPC][WS][SERVICE]connected nodes,count=0
info|2025-12-12 01:08:18.703487|ioService-0x00007542a81ff640|[P2PService][Service][METRIC]heartBeat,connected count=3
info|2025-12-12 01:08:28.502410|timerFactory-0x00007542959ff640|[RPC][WS][SERVICE]connected nodes,count=0
info|2025-12-12 01:08:28.703570|ioService-0x00007542a81ff640|[P2PService][Service][METRIC]heartBeat,connected count=3
info|2025-12-12 01:08:38.502495|timerFactory-0x00007542959ff640|[RPC][WS][SERVICE]connected nodes,count=0
info|2025-12-12 01:08:38.703646|ioService-0x00007542a81ff640|[P2PService][Service][METRIC]heartBeat,connected count=3
info|2025-12-12 01:08:48.502567|timerFactory-0x00007542959ff640|[RPC][WS][SERVICE]connected nodes,count=0
info|2025-12-12 01:08:48.703749|ioService-0x00007542a81ff640|[P2PService][Service][METRIC]heartBeat,connected count=3
info|2025-12-12 01:08:58.075402|objMonitor-0x00007542835ff640|[startMonitor][AliveObjectMonitor],AliveObjectAllocStat=[ type: bcos::gateway::Socket ,created: 9 ,destroyed: 5 ,alive: 4 ] 
info|2025-12-12 01:08:58.502622|timerFactory-0x00007542959ff640|[RPC][WS][SERVICE]connected nodes,count=0
info|2025-12-12 01:08:58.703774|ioService-0x00007542a81ff640|[P2PService][Service][METRIC]heartBeat,connected count=3
info|2025-12-12 01:09:08.502643|timerFactory-0x00007542959ff640|[RPC][WS][SERVICE]connected nodes,count=0
info|2025-12-12 01:09:08.703846|ioService-0x00007542a81ff640|[P2PService][Service][METRIC]heartBeat,connected count=3
info|2025-12-12 01:09:18.502667|timerFactory-0x00007542959ff640|[RPC][WS][SERVICE]connected nodes,count=0
info|2025-12-12 01:09:18.704031|ioService-0x00007542a81ff640|[P2PService][Service][METRIC]heartBeat,connected count=3
info|2025-12-12 01:09:28.502689|timerFactory-0x00007542959ff640|[RPC][WS][SERVICE]connected nodes,count=0
info|2025-12-12 01:09:28.704183|ioService-0x00007542a81ff640|[P2PService][Service][METRIC]heartBeat,connected count=3
info|2025-12-12 01:09:38.502709|timerFactory-0x00007542959ff640|[RPC][WS][SERVICE]connected nodes,count=0
info|2025-12-12 01:09:38.704313|ioService-0x00007542a81ff640|[P2PService][Service][METRIC]heartBeat,connected count=3
info|2025-12-12 01:09:48.502728|timerFactory-0x00007542959ff640|[RPC][WS][SERVICE]connected nodes,count=0
info|2025-12-12 01:09:48.704370|ioService-0x00007542a81ff640|[P2PService][Service][METRIC]heartBeat,connected count=3
info|2025-12-12 01:09:58.075436|objMonitor-0x00007542835ff640|[startMonitor][AliveObjectMonitor],AliveObjectAllocStat=[ type: bcos::gateway::Socket ,created: 9 ,destroyed: 5 ,alive: 4 ] 
info|2025-12-12 01:09:58.502747|timerFactory-0x00007542959ff640|[RPC][WS][SERVICE]connected nodes,count=0
info|2025-12-12 01:09:58.704385|ioService-0x00007542a81ff640|[P2PService][Service][METRIC]heartBeat,connected count=3
info|2025-12-12 01:10:08.502794|timerFactory-0x00007542959ff640|[RPC][WS][SERVICE]connected nodes,count=0
info|2025-12-12 01:10:08.704458|ioService-0x00007542a81ff640|[P2PService][Service][METRIC]heartBeat,connected count=3
info|2025-12-12 01:10:18.502854|timerFactory-0x00007542959ff640|[RPC][WS][SERVICE]connected nodes,count=0
info|2025-12-12 01:10:18.704509|ioService-0x00007542a81ff640|[P2PService][Service][METRIC]heartBeat,connected count=3
info|2025-12-12 01:10:28.502873|timerFactory-0x00007542959ff640|[RPC][WS][SERVICE]connected nodes,count=0
info|2025-12-12 01:10:28.704554|ioService-0x00007542a81ff640|[P2PService][Service][METRIC]heartBeat,connected count=3
info|2025-12-12 01:10:38.502892|timerFactory-0x00007542959ff640|[RPC][WS][SERVICE]connected nodes,count=0
info|2025-12-12 01:10:38.704663|ioService-0x00007542a81ff640|[P2PService][Service][METRIC]heartBeat,connected count=3
info|2025-12-12 01:10:48.502941|timerFactory-0x00007542959ff640|[RPC][WS][SERVICE]connected nodes,count=0
info|2025-12-12 01:10:48.704708|ioService-0x00007542a81ff640|[P2PService][Service][METRIC]heartBeat,connected count=3
info|2025-12-12 01:10:58.075519|objMonitor-0x00007542835ff640|[startMonitor][AliveObjectMonitor],AliveObjectAllocStat=[ type: bcos::gateway::Socket ,created: 9 ,destroyed: 5 ,alive: 4 ] 
info|2025-12-12 01:10:58.503008|timerFactory-0x00007542959ff640|[RPC][WS][SERVICE]connected nodes,count=0
info|2025-12-12 01:10:58.704790|ioService-0x00007542a81ff640|[P2PService][Service][METRIC]heartBeat,connected count=3
info|2025-12-12 01:11:08.503029|timerFactory-0x00007542959ff640|[RPC][WS][SERVICE]connected nodes,count=0
info|2025-12-12 01:11:08.704850|ioService-0x00007542a81ff640|[P2PService][Service][METRIC]heartBeat,connected count=3
info|2025-12-12 01:11:18.503052|timerFactory-0x00007542959ff640|[RPC][WS][SERVICE]connected nodes,count=0
info|2025-12-12 01:11:18.704916|ioService-0x00007542a81ff640|[P2PService][Service][METRIC]heartBeat,connected count=3
info|2025-12-12 01:11:28.503114|timerFactory-0x00007542959ff640|[RPC][WS][SERVICE]connected nodes,count=0
info|2025-12-12 01:11:28.705015|ioService-0x00007542a81ff640|[P2PService][Service][METRIC]heartBeat,connected count=3
info|2025-12-12 01:11:38.503210|timerFactory-0x00007542959ff640|[RPC][WS][SERVICE]connected nodes,count=0
info|2025-12-12 01:11:38.705052|ioService-0x00007542a81ff640|[P2PService][Service][METRIC]heartBeat,connected count=3
info|2025-12-12 01:11:48.503230|timerFactory-0x00007542959ff640|[RPC][WS][SERVICE]connected nodes,count=0
info|2025-12-12 01:11:48.705068|ioService-0x00007542a81ff640|[P2PService][Service][METRIC]heartBeat,connected count=3
info|2025-12-12 01:11:58.075557|objMonitor-0x00007542835ff640|[startMonitor][AliveObjectMonitor],AliveObjectAllocStat=[ type: bcos::gateway::Socket ,created: 9 ,destroyed: 5 ,alive: 4 ] 
info|2025-12-12 01:11:58.503293|timerFactory-0x00007542959ff640|[RPC][WS][SERVICE]connected nodes,count=0
info|2025-12-12 01:11:58.705085|ioService-0x00007542a81ff640|[P2PService][Service][METRIC]heartBeat,connected count=3
info|2025-12-12 01:12:08.503377|timerFactory-0x00007542959ff640|[RPC][WS][SERVICE]connected nodes,count=0
info|2025-12-12 01:12:08.705174|ioService-0x00007542a81ff640|[P2PService][Service][METRIC]heartBeat,connected count=3
info|2025-12-12 01:12:18.503400|timerFactory-0x00007542959ff640|[RPC][WS][SERVICE]connected nodes,count=0
info|2025-12-12 01:12:18.705215|ioService-0x00007542a81ff640|[P2PService][Service][METRIC]heartBeat,connected count=3
info|2025-12-12 01:12:28.503426|timerFactory-0x00007542959ff640|[RPC][WS][SERVICE]connected nodes,count=0
info|2025-12-12 01:12:28.705273|ioService-0x00007542a81ff640|[P2PService][Service][METRIC]heartBeat,connected count=3
info|2025-12-12 01:12:38.503447|timerFactory-0x00007542959ff640|[RPC][WS][SERVICE]connected nodes,count=0
info|2025-12-12 01:12:38.705407|ioService-0x00007542a81ff640|[P2PService][Service][METRIC]heartBeat,connected count=3
info|2025-12-12 01:12:48.503469|timerFactory-0x00007542959ff640|[RPC][WS][SERVICE]connected nodes,count=0
info|2025-12-12 01:12:48.705472|ioService-0x00007542a81ff640|[P2PService][Service][METRIC]heartBeat,connected count=3
info|2025-12-12 01:12:58.075598|objMonitor-0x00007542835ff640|[startMonitor][AliveObjectMonitor],AliveObjectAllocStat=[ type: bcos::gateway::Socket ,created: 9 ,destroyed: 5 ,alive: 4 ] 
info|2025-12-12 01:12:58.503578|timerFactory-0x00007542959ff640|[RPC][WS][SERVICE]connected nodes,count=0
info|2025-12-12 01:12:58.705491|ioService-0x00007542a81ff640|[P2PService][Service][METRIC]heartBeat,connected count=3
info|2025-12-12 01:13:08.503598|timerFactory-0x00007542959ff640|[RPC][WS][SERVICE]connected nodes,count=0
info|2025-12-12 01:13:08.705546|ioService-0x00007542a81ff640|[P2PService][Service][METRIC]heartBeat,connected count=3
info|2025-12-12 01:13:18.503661|timerFactory-0x00007542959ff640|[RPC][WS][SERVICE]connected nodes,count=0
info|2025-12-12 01:13:18.705606|ioService-0x00007542a81ff640|[P2PService][Service][METRIC]heartBeat,connected count=3
info|2025-12-12 01:13:28.503701|timerFactory-0x00007542959ff640|[RPC][WS][SERVICE]connected nodes,count=0
info|2025-12-12 01:13:28.705700|ioService-0x00007542a81ff640|[P2PService][Service][METRIC]heartBeat,connected count=3
info|2025-12-12 01:13:38.503725|timerFactory-0x00007542959ff640|[RPC][WS][SERVICE]connected nodes,count=0
info|2025-12-12 01:13:38.705844|ioService-0x00007542a81ff640|[P2PService][Service][METRIC]heartBeat,connected count=3
info|2025-12-12 01:13:48.503776|timerFactory-0x00007542959ff640|[RPC][WS][SERVICE]connected nodes,count=0
info|2025-12-12 01:13:48.705905|ioService-0x00007542a81ff640|[P2PService][Service][METRIC]heartBeat,connected count=3
info|2025-12-12 01:13:58.075705|objMonitor-0x00007542835ff640|[startMonitor][AliveObjectMonitor],AliveObjectAllocStat=[ type: bcos::gateway::Socket ,created: 9 ,destroyed: 5 ,alive: 4 ] 
info|2025-12-12 01:13:58.503859|timerFactory-0x00007542959ff640|[RPC][WS][SERVICE]connected nodes,count=0
info|2025-12-12 01:13:58.705955|ioService-0x00007542a81ff640|[P2PService][Service][METRIC]heartBeat,connected count=3
info|2025-12-12 01:14:08.503949|timerFactory-0x00007542959ff640|[RPC][WS][SERVICE]connected nodes,count=0
info|2025-12-12 01:14:08.705999|ioService-0x00007542a81ff640|[P2PService][Service][METRIC]heartBeat,connected count=3
info|2025-12-12 01:14:18.503991|timerFactory-0x00007542959ff640|[RPC][WS][SERVICE]connected nodes,count=0
info|2025-12-12 01:14:18.706026|ioService-0x00007542a81ff640|[P2PService][Service][METRIC]heartBeat,connected count=3
info|2025-12-12 01:14:28.504014|timerFactory-0x00007542959ff640|[RPC][WS][SERVICE]connected nodes,count=0
info|2025-12-12 01:14:28.706086|ioService-0x00007542a81ff640|[P2PService][Service][METRIC]heartBeat,connected count=3
info|2025-12-12 01:14:38.504035|timerFactory-0x00007542959ff640|[RPC][WS][SERVICE]connected nodes,count=0
info|2025-12-12 01:14:38.706146|ioService-0x00007542a81ff640|[P2PService][Service][METRIC]heartBeat,connected count=3
info|2025-12-12 01:14:48.504174|timerFactory-0x00007542959ff640|[RPC][WS][SERVICE]connected nodes,count=0
info|2025-12-12 01:14:48.706289|ioService-0x00007542a81ff640|[P2PService][Service][METRIC]heartBeat,connected count=3
info|2025-12-12 01:14:58.075825|objMonitor-0x00007542835ff640|[startMonitor][AliveObjectMonitor],AliveObjectAllocStat=[ type: bcos::gateway::Socket ,created: 9 ,destroyed: 5 ,alive: 4 ] [ type: bcos::gateway::ResponseCallback ,created: 1766027 ,destroyed: 1766022 ,alive: 5 ] 
info|2025-12-12 01:14:58.504243|timerFactory-0x00007542959ff640|[RPC][WS][SERVICE]connected nodes,count=0
info|2025-12-12 01:14:58.706309|ioService-0x00007542a81ff640|[P2PService][Service][METRIC]heartBeat,connected count=3
info|2025-12-12 01:15:08.504262|timerFactory-0x00007542959ff640|[RPC][WS][SERVICE]connected nodes,count=0
info|2025-12-12 01:15:08.706327|ioService-0x00007542a81ff640|[P2PService][Service][METRIC]heartBeat,connected count=3
info|2025-12-12 01:15:18.504333|timerFactory-0x00007542959ff640|[RPC][WS][SERVICE]connected nodes,count=0
info|2025-12-12 01:15:18.706383|ioService-0x00007542a81ff640|[P2PService][Service][METRIC]heartBeat,connected count=3
info|2025-12-12 01:15:28.504356|timerFactory-0x00007542959ff640|[RPC][WS][SERVICE]connected nodes,count=0
info|2025-12-12 01:15:28.706461|ioService-0x00007542a81ff640|[P2PService][Service][METRIC]heartBeat,connected count=3
info|2025-12-12 01:15:38.504378|timerFactory-0x00007542959ff640|[RPC][WS][SERVICE]connected nodes,count=0
info|2025-12-12 01:15:38.706594|ioService-0x00007542a81ff640|[P2PService][Service][METRIC]heartBeat,connected count=3
info|2025-12-12 01:15:48.504399|timerFactory-0x00007542959ff640|[RPC][WS][SERVICE]connected nodes,count=0
info|2025-12-12 01:15:48.706619|ioService-0x00007542a81ff640|[P2PService][Service][METRIC]heartBeat,connected count=3
info|2025-12-12 01:15:58.075978|objMonitor-0x00007542835ff640|[startMonitor][AliveObjectMonitor],AliveObjectAllocStat=[ type: bcos::gateway::Socket ,created: 9 ,destroyed: 5 ,alive: 4 ] 
info|2025-12-12 01:15:58.504418|timerFactory-0x00007542959ff640|[RPC][WS][SERVICE]connected nodes,count=0
info|2025-12-12 01:15:58.706638|ioService-0x00007542a81ff640|[P2PService][Service][METRIC]heartBeat,connected count=3
info|2025-12-12 01:16:08.504437|timerFactory-0x00007542959ff640|[RPC][WS][SERVICE]connected nodes,count=0
info|2025-12-12 01:16:08.706714|ioService-0x00007542a81ff640|[P2PService][Service][METRIC]heartBeat,connected count=3
info|2025-12-12 01:16:18.504460|timerFactory-0x00007542959ff640|[RPC][WS][SERVICE]connected nodes,count=0
info|2025-12-12 01:16:18.706822|ioService-0x00007542a81ff640|[P2PService][Service][METRIC]heartBeat,connected count=3
info|2025-12-12 01:16:28.504485|timerFactory-0x00007542959ff640|[RPC][WS][SERVICE]connected nodes,count=0
info|2025-12-12 01:16:28.706880|ioService-0x00007542a81ff640|[P2PService][Service][METRIC]heartBeat,connected count=3
info|2025-12-12 01:16:38.504507|timerFactory-0x00007542959ff640|[RPC][WS][SERVICE]connected nodes,count=0
info|2025-12-12 01:16:38.706943|ioService-0x00007542a81ff640|[P2PService][Service][METRIC]heartBeat,connected count=3
info|2025-12-12 01:16:48.504525|timerFactory-0x00007542959ff640|[RPC][WS][SERVICE]connected nodes,count=0
info|2025-12-12 01:16:48.706966|ioService-0x00007542a81ff640|[P2PService][Service][METRIC]heartBeat,connected count=3
info|2025-12-12 01:16:58.076014|objMonitor-0x00007542835ff640|[startMonitor][AliveObjectMonitor],AliveObjectAllocStat=[ type: bcos::gateway::Socket ,created: 9 ,destroyed: 5 ,alive: 4 ] 
info|2025-12-12 01:16:58.504582|timerFactory-0x00007542959ff640|[RPC][WS][SERVICE]connected nodes,count=0
info|2025-12-12 01:16:58.706985|ioService-0x00007542a81ff640|[P2PService][Service][METRIC]heartBeat,connected count=3
info|2025-12-12 01:17:08.504604|timerFactory-0x00007542959ff640|[RPC][WS][SERVICE]connected nodes,count=0
info|2025-12-12 01:17:08.707009|ioService-0x00007542a81ff640|[P2PService][Service][METRIC]heartBeat,connected count=3
info|2025-12-12 01:17:18.504627|timerFactory-0x00007542959ff640|[RPC][WS][SERVICE]connected nodes,count=0
info|2025-12-12 01:17:18.707068|ioService-0x00007542a81ff640|[P2PService][Service][METRIC]heartBeat,connected count=3
info|2025-12-12 01:17:28.504680|timerFactory-0x00007542959ff640|[RPC][WS][SERVICE]connected nodes,count=0
info|2025-12-12 01:17:28.707206|ioService-0x00007542a81ff640|[P2PService][Service][METRIC]heartBeat,connected count=3
info|2025-12-12 01:17:38.504761|timerFactory-0x00007542959ff640|[RPC][WS][SERVICE]connected nodes,count=0
info|2025-12-12 01:17:38.707275|ioService-0x00007542a81ff640|[P2PService][Service][METRIC]heartBeat,connected count=3
info|2025-12-12 01:17:48.504812|timerFactory-0x00007542959ff640|[RPC][WS][SERVICE]connected nodes,count=0
info|2025-12-12 01:17:48.707327|ioService-0x00007542a81ff640|[P2PService][Service][METRIC]heartBeat,connected count=3
info|2025-12-12 01:17:58.076051|objMonitor-0x00007542835ff640|[startMonitor][AliveObjectMonitor],AliveObjectAllocStat=[ type: bcos::gateway::Socket ,created: 9 ,destroyed: 5 ,alive: 4 ] 
info|2025-12-12 01:17:58.504862|timerFactory-0x00007542959ff640|[RPC][WS][SERVICE]connected nodes,count=0
info|2025-12-12 01:17:58.707347|ioService-0x00007542a81ff640|[P2PService][Service][METRIC]heartBeat,connected count=3
info|2025-12-12 01:18:08.504910|timerFactory-0x00007542959ff640|[RPC][WS][SERVICE]connected nodes,count=0
info|2025-12-12 01:18:08.707362|ioService-0x00007542a81ff640|[P2PService][Service][METRIC]heartBeat,connected count=3
info|2025-12-12 01:18:18.504929|timerFactory-0x00007542959ff640|[RPC][WS][SERVICE]connected nodes,count=0
info|2025-12-12 01:18:18.707455|ioService-0x00007542a81ff640|[P2PService][Service][METRIC]heartBeat,connected count=3
info|2025-12-12 01:18:28.504978|timerFactory-0x00007542959ff640|[RPC][WS][SERVICE]connected nodes,count=0
info|2025-12-12 01:18:28.707471|ioService-0x00007542a81ff640|[P2PService][Service][METRIC]heartBeat,connected count=3
info|2025-12-12 01:18:38.505035|timerFactory-0x00007542959ff640|[RPC][WS][SERVICE]connected nodes,count=0
info|2025-12-12 01:18:38.707537|ioService-0x00007542a81ff640|[P2PService][Service][METRIC]heartBeat,connected count=3
info|2025-12-12 01:18:48.505172|timerFactory-0x00007542959ff640|[RPC][WS][SERVICE]connected nodes,count=0
info|2025-12-12 01:18:48.707703|ioService-0x00007542a81ff640|[P2PService][Service][METRIC]heartBeat,connected count=3
info|2025-12-12 01:18:58.076226|objMonitor-0x00007542835ff640|[startMonitor][AliveObjectMonitor],AliveObjectAllocStat=[ type: bcos::gateway::Socket ,created: 9 ,destroyed: 5 ,alive: 4 ] [ type: bcos::gateway::ResponseCallback ,created: 1769624 ,destroyed: 1769620 ,alive: 4 ] 
info|2025-12-12 01:18:58.505230|timerFactory-0x00007542959ff640|[RPC][WS][SERVICE]connected nodes,count=0
info|2025-12-12 01:18:58.707820|ioService-0x00007542a81ff640|[P2PService][Service][METRIC]heartBeat,connected count=3
info|2025-12-12 01:19:08.505247|timerFactory-0x00007542959ff640|[RPC][WS][SERVICE]connected nodes,count=0
info|2025-12-12 01:19:08.707882|ioService-0x00007542a81ff640|[P2PService][Service][METRIC]heartBeat,connected count=3
info|2025-12-12 01:19:18.505264|timerFactory-0x00007542959ff640|[RPC][WS][SERVICE]connected nodes,count=0
info|2025-12-12 01:19:18.708043|ioService-0x00007542a81ff640|[P2PService][Service][METRIC]heartBeat,connected count=3
info|2025-12-12 01:19:28.505286|timerFactory-0x00007542959ff640|[RPC][WS][SERVICE]connected nodes,count=0
info|2025-12-12 01:19:28.708126|ioService-0x00007542a81ff640|[P2PService][Service][METRIC]heartBeat,connected count=3
info|2025-12-12 01:19:38.505304|timerFactory-0x00007542959ff640|[RPC][WS][SERVICE]connected nodes,count=0
info|2025-12-12 01:19:38.708253|ioService-0x00007542a81ff640|[P2PService][Service][METRIC]heartBeat,connected count=3
info|2025-12-12 01:19:48.505322|timerFactory-0x00007542959ff640|[RPC][WS][SERVICE]connected nodes,count=0
info|2025-12-12 01:19:48.708337|ioService-0x00007542a81ff640|[P2PService][Service][METRIC]heartBeat,connected count=3
info|2025-12-12 01:19:58.076262|objMonitor-0x00007542835ff640|[startMonitor][AliveObjectMonitor],AliveObjectAllocStat=[ type: bcos::gateway::Socket ,created: 9 ,destroyed: 5 ,alive: 4 ] 
info|2025-12-12 01:19:58.505339|timerFactory-0x00007542959ff640|[RPC][WS][SERVICE]connected nodes,count=0
info|2025-12-12 01:19:58.708417|ioService-0x00007542a81ff640|[P2PService][Service][METRIC]heartBeat,connected count=3
info|2025-12-12 01:20:08.505362|timerFactory-0x00007542959ff640|[RPC][WS][SERVICE]connected nodes,count=0
info|2025-12-12 01:20:08.708477|ioService-0x00007542a81ff640|[P2PService][Service][METRIC]heartBeat,connected count=3
info|2025-12-12 01:20:18.505393|timerFactory-0x00007542959ff640|[RPC][WS][SERVICE]connected nodes,count=0
info|2025-12-12 01:20:18.708564|ioService-0x00007542a81ff640|[P2PService][Service][METRIC]heartBeat,connected count=3
info|2025-12-12 01:20:28.505419|timerFactory-0x00007542959ff640|[RPC][WS][SERVICE]connected nodes,count=0
info|2025-12-12 01:20:28.708743|ioService-0x00007542a81ff640|[P2PService][Service][METRIC]heartBeat,connected count=3
info|2025-12-12 01:20:38.505439|timerFactory-0x00007542959ff640|[RPC][WS][SERVICE]connected nodes,count=0
info|2025-12-12 01:20:38.708762|ioService-0x00007542a81ff640|[P2PService][Service][METRIC]heartBeat,connected count=3
info|2025-12-12 01:20:48.505457|timerFactory-0x00007542959ff640|[RPC][WS][SERVICE]connected nodes,count=0
info|2025-12-12 01:20:48.708786|ioService-0x00007542a81ff640|[P2PService][Service][METRIC]heartBeat,connected count=3
info|2025-12-12 01:20:58.076297|objMonitor-0x00007542835ff640|[startMonitor][AliveObjectMonitor],AliveObjectAllocStat=[ type: bcos::gateway::Socket ,created: 9 ,destroyed: 5 ,alive: 4 ] 
info|2025-12-12 01:20:58.505477|timerFactory-0x00007542959ff640|[RPC][WS][SERVICE]connected nodes,count=0
info|2025-12-12 01:20:58.708821|ioService-0x00007542a81ff640|[P2PService][Service][METRIC]heartBeat,connected count=3
info|2025-12-12 01:21:08.505500|timerFactory-0x00007542959ff640|[RPC][WS][SERVICE]connected nodes,count=0
info|2025-12-12 01:21:08.708922|ioService-0x00007542a81ff640|[P2PService][Service][METRIC]heartBeat,connected count=3
info|2025-12-12 01:21:18.505523|timerFactory-0x00007542959ff640|[RPC][WS][SERVICE]connected nodes,count=0
info|2025-12-12 01:21:18.709004|ioService-0x00007542a81ff640|[P2PService][Service][METRIC]heartBeat,connected count=3
info|2025-12-12 01:21:28.505544|timerFactory-0x00007542959ff640|[RPC][WS][SERVICE]connected nodes,count=0
info|2025-12-12 01:21:28.709055|ioService-0x00007542a81ff640|[P2PService][Service][METRIC]heartBeat,connected count=3
info|2025-12-12 01:21:38.505596|timerFactory-0x00007542959ff640|[RPC][WS][SERVICE]connected nodes,count=0
info|2025-12-12 01:21:38.709219|ioService-0x00007542a81ff640|[P2PService][Service][METRIC]heartBeat,connected count=3
info|2025-12-12 01:21:48.505647|timerFactory-0x00007542959ff640|[RPC][WS][SERVICE]connected nodes,count=0
info|2025-12-12 01:21:48.709286|ioService-0x00007542a81ff640|[P2PService][Service][METRIC]heartBeat,connected count=3
info|2025-12-12 01:21:58.076397|objMonitor-0x00007542835ff640|[startMonitor][AliveObjectMonitor],AliveObjectAllocStat=[ type: bcos::gateway::Socket ,created: 9 ,destroyed: 5 ,alive: 4 ] 
info|2025-12-12 01:21:58.505671|timerFactory-0x00007542959ff640|[RPC][WS][SERVICE]connected nodes,count=0
info|2025-12-12 01:21:58.709305|ioService-0x00007542a81ff640|[P2PService][Service][METRIC]heartBeat,connected count=3
info|2025-12-12 01:22:08.505692|timerFactory-0x00007542959ff640|[RPC][WS][SERVICE]connected nodes,count=0
info|2025-12-12 01:22:08.709321|ioService-0x00007542a81ff640|[P2PService][Service][METRIC]heartBeat,connected count=3
info|2025-12-12 01:22:18.505738|timerFactory-0x00007542959ff640|[RPC][WS][SERVICE]connected nodes,count=0
info|2025-12-12 01:22:18.709374|ioService-0x00007542a81ff640|[P2PService][Service][METRIC]heartBeat,connected count=3
info|2025-12-12 01:22:28.505816|timerFactory-0x00007542959ff640|[RPC][WS][SERVICE]connected nodes,count=0
info|2025-12-12 01:22:28.709397|ioService-0x00007542a81ff640|[P2PService][Service][METRIC]heartBeat,connected count=3
info|2025-12-12 01:22:38.505895|timerFactory-0x00007542959ff640|[RPC][WS][SERVICE]connected nodes,count=0
info|2025-12-12 01:22:38.709429|ioService-0x00007542a81ff640|[P2PService][Service][METRIC]heartBeat,connected count=3
info|2025-12-12 01:22:48.505929|timerFactory-0x00007542959ff640|[RPC][WS][SERVICE]connected nodes,count=0
info|2025-12-12 01:22:48.709455|ioService-0x00007542a81ff640|[P2PService][Service][METRIC]heartBeat,connected count=3
info|2025-12-12 01:22:58.076438|objMonitor-0x00007542835ff640|[startMonitor][AliveObjectMonitor],AliveObjectAllocStat=[ type: bcos::gateway::Socket ,created: 9 ,destroyed: 5 ,alive: 4 ] 
info|2025-12-12 01:22:58.505946|timerFactory-0x00007542959ff640|[RPC][WS][SERVICE]connected nodes,count=0
info|2025-12-12 01:22:58.709507|ioService-0x00007542a81ff640|[P2PService][Service][METRIC]heartBeat,connected count=3
info|2025-12-12 01:23:08.505963|timerFactory-0x00007542959ff640|[RPC][WS][SERVICE]connected nodes,count=0
info|2025-12-12 01:23:08.709591|ioService-0x00007542a81ff640|[P2PService][Service][METRIC]heartBeat,connected count=3
info|2025-12-12 01:23:18.505980|timerFactory-0x00007542959ff640|[RPC][WS][SERVICE]connected nodes,count=0
info|2025-12-12 01:23:18.709615|ioService-0x00007542a81ff640|[P2PService][Service][METRIC]heartBeat,connected count=3
info|2025-12-12 01:23:28.506002|timerFactory-0x00007542959ff640|[RPC][WS][SERVICE]connected nodes,count=0
info|2025-12-12 01:23:28.709704|ioService-0x00007542a81ff640|[P2PService][Service][METRIC]heartBeat,connected count=3
info|2025-12-12 01:23:38.506055|timerFactory-0x00007542959ff640|[RPC][WS][SERVICE]connected nodes,count=0
info|2025-12-12 01:23:38.709839|ioService-0x00007542a81ff640|[P2PService][Service][METRIC]heartBeat,connected count=3
info|2025-12-12 01:23:48.506076|timerFactory-0x00007542959ff640|[RPC][WS][SERVICE]connected nodes,count=0
info|2025-12-12 01:23:48.709932|ioService-0x00007542a81ff640|[P2PService][Service][METRIC]heartBeat,connected count=3
info|2025-12-12 01:23:58.076602|objMonitor-0x00007542835ff640|[startMonitor][AliveObjectMonitor],AliveObjectAllocStat=[ type: bcos::gateway::Socket ,created: 9 ,destroyed: 5 ,alive: 4 ] 
info|2025-12-12 01:23:58.506097|timerFactory-0x00007542959ff640|[RPC][WS][SERVICE]connected nodes,count=0
info|2025-12-12 01:23:58.709965|ioService-0x00007542a81ff640|[P2PService][Service][METRIC]heartBeat,connected count=3
info|2025-12-12 01:24:08.506144|timerFactory-0x00007542959ff640|[RPC][WS][SERVICE]connected nodes,count=0
info|2025-12-12 01:24:08.710051|ioService-0x00007542a81ff640|[P2PService][Service][METRIC]heartBeat,connected count=3
info|2025-12-12 01:24:18.506228|timerFactory-0x00007542959ff640|[RPC][WS][SERVICE]connected nodes,count=0
info|2025-12-12 01:24:18.710113|ioService-0x00007542a81ff640|[P2PService][Service][METRIC]heartBeat,connected count=3
info|2025-12-12 01:24:28.506248|timerFactory-0x00007542959ff640|[RPC][WS][SERVICE]connected nodes,count=0
info|2025-12-12 01:24:28.710251|ioService-0x00007542a81ff640|[P2PService][Service][METRIC]heartBeat,connected count=3
info|2025-12-12 01:24:38.506270|timerFactory-0x00007542959ff640|[RPC][WS][SERVICE]connected nodes,count=0
info|2025-12-12 01:24:38.710308|ioService-0x00007542a81ff640|[P2PService][Service][METRIC]heartBeat,connected count=3
info|2025-12-12 01:24:48.506291|timerFactory-0x00007542959ff640|[RPC][WS][SERVICE]connected nodes,count=0
info|2025-12-12 01:24:48.710385|ioService-0x00007542a81ff640|[P2PService][Service][METRIC]heartBeat,connected count=3
info|2025-12-12 01:24:58.076760|objMonitor-0x00007542835ff640|[startMonitor][AliveObjectMonitor],AliveObjectAllocStat=[ type: bcos::gateway::Socket ,created: 9 ,destroyed: 5 ,alive: 4 ] 
info|2025-12-12 01:24:58.506311|timerFactory-0x00007542959ff640|[RPC][WS][SERVICE]connected nodes,count=0
info|2025-12-12 01:24:58.710445|ioService-0x00007542a81ff640|[P2PService][Service][METRIC]heartBeat,connected count=3
info|2025-12-12 01:25:08.506335|timerFactory-0x00007542959ff640|[RPC][WS][SERVICE]connected nodes,count=0
info|2025-12-12 01:25:08.710563|ioService-0x00007542a81ff640|[P2PService][Service][METRIC]heartBeat,connected count=3
info|2025-12-12 01:25:18.506359|timerFactory-0x00007542959ff640|[RPC][WS][SERVICE]connected nodes,count=0
info|2025-12-12 01:25:18.710612|ioService-0x00007542a81ff640|[P2PService][Service][METRIC]heartBeat,connected count=3
info|2025-12-12 01:25:28.506426|timerFactory-0x00007542959ff640|[RPC][WS][SERVICE]connected nodes,count=0
info|2025-12-12 01:25:28.710644|ioService-0x00007542a81ff640|[P2PService][Service][METRIC]heartBeat,connected count=3
info|2025-12-12 01:25:38.506488|timerFactory-0x00007542959ff640|[RPC][WS][SERVICE]connected nodes,count=0
info|2025-12-12 01:25:38.710674|ioService-0x00007542a81ff640|[P2PService][Service][METRIC]heartBeat,connected count=3
info|2025-12-12 01:25:48.506509|timerFactory-0x00007542959ff640|[RPC][WS][SERVICE]connected nodes,count=0
info|2025-12-12 01:25:48.710808|ioService-0x00007542a81ff640|[P2PService][Service][METRIC]heartBeat,connected count=3
info|2025-12-12 01:25:58.076821|objMonitor-0x00007542835ff640|[startMonitor][AliveObjectMonitor],AliveObjectAllocStat=[ type: bcos::gateway::Socket ,created: 9 ,destroyed: 5 ,alive: 4 ] 
info|2025-12-12 01:25:58.506527|timerFactory-0x00007542959ff640|[RPC][WS][SERVICE]connected nodes,count=0
info|2025-12-12 01:25:58.710890|ioService-0x00007542a81ff640|[P2PService][Service][METRIC]heartBeat,connected count=3
info|2025-12-12 01:26:08.506586|timerFactory-0x00007542959ff640|[RPC][WS][SERVICE]connected nodes,count=0
info|2025-12-12 01:26:08.710984|ioService-0x00007542a81ff640|[P2PService][Service][METRIC]heartBeat,connected count=3
info|2025-12-12 01:26:18.506640|timerFactory-0x00007542959ff640|[RPC][WS][SERVICE]connected nodes,count=0
info|2025-12-12 01:26:18.711008|ioService-0x00007542a81ff640|[P2PService][Service][METRIC]heartBeat,connected count=3
info|2025-12-12 01:26:28.506662|timerFactory-0x00007542959ff640|[RPC][WS][SERVICE]connected nodes,count=0
info|2025-12-12 01:26:28.711139|ioService-0x00007542a81ff640|[P2PService][Service][METRIC]heartBeat,connected count=3
info|2025-12-12 01:26:38.506685|timerFactory-0x00007542959ff640|[RPC][WS][SERVICE]connected nodes,count=0
info|2025-12-12 01:26:38.711241|ioService-0x00007542a81ff640|[P2PService][Service][METRIC]heartBeat,connected count=3
info|2025-12-12 01:26:48.506734|timerFactory-0x00007542959ff640|[RPC][WS][SERVICE]connected nodes,count=0
info|2025-12-12 01:26:48.711342|ioService-0x00007542a81ff640|[P2PService][Service][METRIC]heartBeat,connected count=3
info|2025-12-12 01:26:58.076900|objMonitor-0x00007542835ff640|[startMonitor][AliveObjectMonitor],AliveObjectAllocStat=[ type: bcos::gateway::Socket ,created: 9 ,destroyed: 5 ,alive: 4 ] [ type: bcos::gateway::ResponseCallback ,created: 1776818 ,destroyed: 1776814 ,alive: 4 ] 
info|2025-12-12 01:26:58.506793|timerFactory-0x00007542959ff640|[RPC][WS][SERVICE]connected nodes,count=0
info|2025-12-12 01:26:58.711407|ioService-0x00007542a81ff640|[P2PService][Service][METRIC]heartBeat,connected count=3
info|2025-12-12 01:27:08.506815|timerFactory-0x00007542959ff640|[RPC][WS][SERVICE]connected nodes,count=0
info|2025-12-12 01:27:08.711466|ioService-0x00007542a81ff640|[P2PService][Service][METRIC]heartBeat,connected count=3
info|2025-12-12 01:27:18.506866|timerFactory-0x00007542959ff640|[RPC][WS][SERVICE]connected nodes,count=0
info|2025-12-12 01:27:18.711486|ioService-0x00007542a81ff640|[P2PService][Service][METRIC]heartBeat,connected count=3
info|2025-12-12 01:27:28.506919|timerFactory-0x00007542959ff640|[RPC][WS][SERVICE]connected nodes,count=0
info|2025-12-12 01:27:28.711506|ioService-0x00007542a81ff640|[P2PService][Service][METRIC]heartBeat,connected count=3
info|2025-12-12 01:27:38.506966|timerFactory-0x00007542959ff640|[RPC][WS][SERVICE]connected nodes,count=0
info|2025-12-12 01:27:38.711560|ioService-0x00007542a81ff640|[P2PService][Service][METRIC]heartBeat,connected count=3
info|2025-12-12 01:27:48.507063|timerFactory-0x00007542959ff640|[RPC][WS][SERVICE]connected nodes,count=0
info|2025-12-12 01:27:48.711661|ioService-0x00007542a81ff640|[P2PService][Service][METRIC]heartBeat,connected count=3
info|2025-12-12 01:27:58.077047|objMonitor-0x00007542835ff640|[startMonitor][AliveObjectMonitor],AliveObjectAllocStat=[ type: bcos::gateway::Socket ,created: 9 ,destroyed: 5 ,alive: 4 ] 
info|2025-12-12 01:27:58.507084|timerFactory-0x00007542959ff640|[RPC][WS][SERVICE]connected nodes,count=0
info|2025-12-12 01:27:58.711791|ioService-0x00007542a81ff640|[P2PService][Service][METRIC]heartBeat,connected count=3
info|2025-12-12 01:28:08.507103|timerFactory-0x00007542959ff640|[RPC][WS][SERVICE]connected nodes,count=0
info|2025-12-12 01:28:08.711893|ioService-0x00007542a81ff640|[P2PService][Service][METRIC]heartBeat,connected count=3
info|2025-12-12 01:28:18.507165|timerFactory-0x00007542959ff640|[RPC][WS][SERVICE]connected nodes,count=0
info|2025-12-12 01:28:18.711961|ioService-0x00007542a81ff640|[P2PService][Service][METRIC]heartBeat,connected count=3
info|2025-12-12 01:28:28.507230|timerFactory-0x00007542959ff640|[RPC][WS][SERVICE]connected nodes,count=0
info|2025-12-12 01:28:28.711984|ioService-0x00007542a81ff640|[P2PService][Service][METRIC]heartBeat,connected count=3
info|2025-12-12 01:28:38.507258|timerFactory-0x00007542959ff640|[RPC][WS][SERVICE]connected nodes,count=0
info|2025-12-12 01:28:38.712245|ioService-0x00007542a81ff640|[P2PService][Service][METRIC]heartBeat,connected count=3
info|2025-12-12 01:28:48.507284|timerFactory-0x00007542959ff640|[RPC][WS][SERVICE]connected nodes,count=0
info|2025-12-12 01:28:48.712331|ioService-0x00007542a81ff640|[P2PService][Service][METRIC]heartBeat,connected count=3
info|2025-12-12 01:28:58.077108|objMonitor-0x00007542835ff640|[startMonitor][AliveObjectMonitor],AliveObjectAllocStat=[ type: bcos::gateway::Socket ,created: 9 ,destroyed: 5 ,alive: 4 ] 
info|2025-12-12 01:28:58.507306|timerFactory-0x00007542959ff640|[RPC][WS][SERVICE]connected nodes,count=0
info|2025-12-12 01:28:58.712402|ioService-0x00007542a81ff640|[P2PService][Service][METRIC]heartBeat,connected count=3
info|2025-12-12 01:29:08.507324|timerFactory-0x00007542959ff640|[RPC][WS][SERVICE]connected nodes,count=0
info|2025-12-12 01:29:08.712515|ioService-0x00007542a81ff640|[P2PService][Service][METRIC]heartBeat,connected count=3
info|2025-12-12 01:29:18.507341|timerFactory-0x00007542959ff640|[RPC][WS][SERVICE]connected nodes,count=0
info|2025-12-12 01:29:18.712642|ioService-0x00007542a81ff640|[P2PService][Service][METRIC]heartBeat,connected count=3
info|2025-12-12 01:29:28.507362|timerFactory-0x00007542959ff640|[RPC][WS][SERVICE]connected nodes,count=0
info|2025-12-12 01:29:28.712807|ioService-0x00007542a81ff640|[P2PService][Service][METRIC]heartBeat,connected count=3
info|2025-12-12 01:29:38.507379|timerFactory-0x00007542959ff640|[RPC][WS][SERVICE]connected nodes,count=0
info|2025-12-12 01:29:38.712913|ioService-0x00007542a81ff640|[P2PService][Service][METRIC]heartBeat,connected count=3
info|2025-12-12 01:29:48.507401|timerFactory-0x00007542959ff640|[RPC][WS][SERVICE]connected nodes,count=0
info|2025-12-12 01:29:48.712995|ioService-0x00007542a81ff640|[P2PService][Service][METRIC]heartBeat,connected count=3
info|2025-12-12 01:29:58.077267|objMonitor-0x00007542835ff640|[startMonitor][AliveObjectMonitor],AliveObjectAllocStat=[ type: bcos::gateway::Socket ,created: 9 ,destroyed: 5 ,alive: 4 ] 
info|2025-12-12 01:29:58.507419|timerFactory-0x00007542959ff640|[RPC][WS][SERVICE]connected nodes,count=0
info|2025-12-12 01:29:58.713058|ioService-0x00007542a81ff640|[P2PService][Service][METRIC]heartBeat,connected count=3
info|2025-12-12 01:30:08.507460|timerFactory-0x00007542959ff640|[RPC][WS][SERVICE]connected nodes,count=0
info|2025-12-12 01:30:08.713180|ioService-0x00007542a81ff640|[P2PService][Service][METRIC]heartBeat,connected count=3
info|2025-12-12 01:30:18.507509|timerFactory-0x00007542959ff640|[RPC][WS][SERVICE]connected nodes,count=0
info|2025-12-12 01:30:18.713346|ioService-0x00007542a81ff640|[P2PService][Service][METRIC]heartBeat,connected count=3
info|2025-12-12 01:30:28.507526|timerFactory-0x00007542959ff640|[RPC][WS][SERVICE]connected nodes,count=0
info|2025-12-12 01:30:28.713413|ioService-0x00007542a81ff640|[P2PService][Service][METRIC]heartBeat,connected count=3
info|2025-12-12 01:30:38.507595|timerFactory-0x00007542959ff640|[RPC][WS][SERVICE]connected nodes,count=0
info|2025-12-12 01:30:38.713439|ioService-0x00007542a81ff640|[P2PService][Service][METRIC]heartBeat,connected count=3
info|2025-12-12 01:30:48.507696|timerFactory-0x00007542959ff640|[RPC][WS][SERVICE]connected nodes,count=0
info|2025-12-12 01:30:48.713463|ioService-0x00007542a81ff640|[P2PService][Service][METRIC]heartBeat,connected count=3
info|2025-12-12 01:30:58.077346|objMonitor-0x00007542835ff640|[startMonitor][AliveObjectMonitor],AliveObjectAllocStat=[ type: bcos::gateway::Socket ,created: 9 ,destroyed: 5 ,alive: 4 ] [ type: bcos::gateway::P2PMessage ,created: 12420824 ,destroyed: 12420820 ,alive: 4 ] [ type: bcos::gateway::P2PMessageV2 ,created: 12420824 ,destroyed: 12420820 ,alive: 4 ] [ type: bcos::gateway::ResponseCallback ,created: 1780415 ,destroyed: 1780410 ,alive: 5 ] 
info|2025-12-12 01:30:58.507750|timerFactory-0x00007542959ff640|[RPC][WS][SERVICE]connected nodes,count=0
info|2025-12-12 01:30:58.713521|ioService-0x00007542a81ff640|[P2PService][Service][METRIC]heartBeat,connected count=3
info|2025-12-12 01:31:08.507814|timerFactory-0x00007542959ff640|[RPC][WS][SERVICE]connected nodes,count=0
info|2025-12-12 01:31:08.713541|ioService-0x00007542a81ff640|[P2PService][Service][METRIC]heartBeat,connected count=3
info|2025-12-12 01:31:18.507862|timerFactory-0x00007542959ff640|[RPC][WS][SERVICE]connected nodes,count=0
info|2025-12-12 01:31:18.713601|ioService-0x00007542a81ff640|[P2PService][Service][METRIC]heartBeat,connected count=3
info|2025-12-12 01:31:28.508047|timerFactory-0x00007542959ff640|[RPC][WS][SERVICE]connected nodes,count=0
info|2025-12-12 01:31:28.713667|ioService-0x00007542a81ff640|[P2PService][Service][METRIC]heartBeat,connected count=3
info|2025-12-12 01:31:38.508067|timerFactory-0x00007542959ff640|[RPC][WS][SERVICE]connected nodes,count=0
info|2025-12-12 01:31:38.713692|ioService-0x00007542a81ff640|[P2PService][Service][METRIC]heartBeat,connected count=3
info|2025-12-12 01:31:48.508086|timerFactory-0x00007542959ff640|[RPC][WS][SERVICE]connected nodes,count=0
info|2025-12-12 01:31:48.713749|ioService-0x00007542a81ff640|[P2PService][Service][METRIC]heartBeat,connected count=3
info|2025-12-12 01:31:58.077384|objMonitor-0x00007542835ff640|[startMonitor][AliveObjectMonitor],AliveObjectAllocStat=[ type: bcos::gateway::Socket ,created: 9 ,destroyed: 5 ,alive: 4 ] 
info|2025-12-12 01:31:58.508107|timerFactory-0x00007542959ff640|[RPC][WS][SERVICE]connected nodes,count=0
info|2025-12-12 01:31:58.713805|ioService-0x00007542a81ff640|[P2PService][Service][METRIC]heartBeat,connected count=3
info|2025-12-12 01:32:08.508122|timerFactory-0x00007542959ff640|[RPC][WS][SERVICE]connected nodes,count=0
info|2025-12-12 01:32:08.713842|ioService-0x00007542a81ff640|[P2PService][Service][METRIC]heartBeat,connected count=3
info|2025-12-12 01:32:18.508139|timerFactory-0x00007542959ff640|[RPC][WS][SERVICE]connected nodes,count=0
info|2025-12-12 01:32:18.713898|ioService-0x00007542a81ff640|[P2PService][Service][METRIC]heartBeat,connected count=3
info|2025-12-12 01:32:28.508194|timerFactory-0x00007542959ff640|[RPC][WS][SERVICE]connected nodes,count=0
info|2025-12-12 01:32:28.713958|ioService-0x00007542a81ff640|[P2PService][Service][METRIC]heartBeat,connected count=3
info|2025-12-12 01:32:38.508266|timerFactory-0x00007542959ff640|[RPC][WS][SERVICE]connected nodes,count=0
info|2025-12-12 01:32:38.714009|ioService-0x00007542a81ff640|[P2PService][Service][METRIC]heartBeat,connected count=3
info|2025-12-12 01:32:48.508310|timerFactory-0x00007542959ff640|[RPC][WS][SERVICE]connected nodes,count=0
info|2025-12-12 01:32:48.714130|ioService-0x00007542a81ff640|[P2PService][Service][METRIC]heartBeat,connected count=3
info|2025-12-12 01:32:58.077430|objMonitor-0x00007542835ff640|[startMonitor][AliveObjectMonitor],AliveObjectAllocStat=[ type: bcos::gateway::Socket ,created: 9 ,destroyed: 5 ,alive: 4 ] 
info|2025-12-12 01:32:58.508327|timerFactory-0x00007542959ff640|[RPC][WS][SERVICE]connected nodes,count=0
info|2025-12-12 01:32:58.714231|ioService-0x00007542a81ff640|[P2PService][Service][METRIC]heartBeat,connected count=3
info|2025-12-12 01:33:08.508344|timerFactory-0x00007542959ff640|[RPC][WS][SERVICE]connected nodes,count=0
info|2025-12-12 01:33:08.714323|ioService-0x00007542a81ff640|[P2PService][Service][METRIC]heartBeat,connected count=3
info|2025-12-12 01:33:18.508360|timerFactory-0x00007542959ff640|[RPC][WS][SERVICE]connected nodes,count=0
info|2025-12-12 01:33:18.714378|ioService-0x00007542a81ff640|[P2PService][Service][METRIC]heartBeat,connected count=3
info|2025-12-12 01:33:28.508377|timerFactory-0x00007542959ff640|[RPC][WS][SERVICE]connected nodes,count=0
info|2025-12-12 01:33:28.714396|ioService-0x00007542a81ff640|[P2PService][Service][METRIC]heartBeat,connected count=3
info|2025-12-12 01:33:38.508398|timerFactory-0x00007542959ff640|[RPC][WS][SERVICE]connected nodes,count=0
info|2025-12-12 01:33:38.714414|ioService-0x00007542a81ff640|[P2PService][Service][METRIC]heartBeat,connected count=3
info|2025-12-12 01:33:48.508415|timerFactory-0x00007542959ff640|[RPC][WS][SERVICE]connected nodes,count=0
info|2025-12-12 01:33:48.714435|ioService-0x00007542a81ff640|[P2PService][Service][METRIC]heartBeat,connected count=3
info|2025-12-12 01:33:58.077466|objMonitor-0x00007542835ff640|[startMonitor][AliveObjectMonitor],AliveObjectAllocStat=[ type: bcos::gateway::Socket ,created: 9 ,destroyed: 5 ,alive: 4 ] 
info|2025-12-12 01:33:58.508457|timerFactory-0x00007542959ff640|[RPC][WS][SERVICE]connected nodes,count=0
info|2025-12-12 01:33:58.714459|ioService-0x00007542a81ff640|[P2PService][Service][METRIC]heartBeat,connected count=3
info|2025-12-12 01:34:08.508531|timerFactory-0x00007542959ff640|[RPC][WS][SERVICE]connected nodes,count=0
info|2025-12-12 01:34:08.714518|ioService-0x00007542a81ff640|[P2PService][Service][METRIC]heartBeat,connected count=3
info|2025-12-12 01:34:18.508572|timerFactory-0x00007542959ff640|[RPC][WS][SERVICE]connected nodes,count=0
info|2025-12-12 01:34:18.714647|ioService-0x00007542a81ff640|[P2PService][Service][METRIC]heartBeat,connected count=3
info|2025-12-12 01:34:28.508587|timerFactory-0x00007542959ff640|[RPC][WS][SERVICE]connected nodes,count=0
info|2025-12-12 01:34:28.714774|ioService-0x00007542a81ff640|[P2PService][Service][METRIC]heartBeat,connected count=3
info|2025-12-12 01:34:38.508605|timerFactory-0x00007542959ff640|[RPC][WS][SERVICE]connected nodes,count=0
info|2025-12-12 01:34:38.714839|ioService-0x00007542a81ff640|[P2PService][Service][METRIC]heartBeat,connected count=3
info|2025-12-12 01:34:48.508623|timerFactory-0x00007542959ff640|[RPC][WS][SERVICE]connected nodes,count=0
info|2025-12-12 01:34:48.714929|ioService-0x00007542a81ff640|[P2PService][Service][METRIC]heartBeat,connected count=3
info|2025-12-12 01:34:58.077502|objMonitor-0x00007542835ff640|[startMonitor][AliveObjectMonitor],AliveObjectAllocStat=[ type: bcos::gateway::Socket ,created: 9 ,destroyed: 5 ,alive: 4 ] 
info|2025-12-12 01:34:58.508639|timerFactory-0x00007542959ff640|[RPC][WS][SERVICE]connected nodes,count=0
info|2025-12-12 01:34:58.714964|ioService-0x00007542a81ff640|[P2PService][Service][METRIC]heartBeat,connected count=3
info|2025-12-12 01:35:08.508682|timerFactory-0x00007542959ff640|[RPC][WS][SERVICE]connected nodes,count=0
info|2025-12-12 01:35:08.715071|ioService-0x00007542a81ff640|[P2PService][Service][METRIC]heartBeat,connected count=3
info|2025-12-12 01:35:18.508766|timerFactory-0x00007542959ff640|[RPC][WS][SERVICE]connected nodes,count=0
info|2025-12-12 01:35:18.715121|ioService-0x00007542a81ff640|[P2PService][Service][METRIC]heartBeat,connected count=3
info|2025-12-12 01:35:28.508809|timerFactory-0x00007542959ff640|[RPC][WS][SERVICE]connected nodes,count=0
info|2025-12-12 01:35:28.715258|ioService-0x00007542a81ff640|[P2PService][Service][METRIC]heartBeat,connected count=3
info|2025-12-12 01:35:38.508826|timerFactory-0x00007542959ff640|[RPC][WS][SERVICE]connected nodes,count=0
info|2025-12-12 01:35:38.715343|ioService-0x00007542a81ff640|[P2PService][Service][METRIC]heartBeat,connected count=3
info|2025-12-12 01:35:48.508844|timerFactory-0x00007542959ff640|[RPC][WS][SERVICE]connected nodes,count=0
info|2025-12-12 01:35:48.715369|ioService-0x00007542a81ff640|[P2PService][Service][METRIC]heartBeat,connected count=3
info|2025-12-12 01:35:58.077540|objMonitor-0x00007542835ff640|[startMonitor][AliveObjectMonitor],AliveObjectAllocStat=[ type: bcos::gateway::Socket ,created: 9 ,destroyed: 5 ,alive: 4 ] 
info|2025-12-12 01:35:58.508859|timerFactory-0x00007542959ff640|[RPC][WS][SERVICE]connected nodes,count=0
info|2025-12-12 01:35:58.715429|ioService-0x00007542a81ff640|[P2PService][Service][METRIC]heartBeat,connected count=3
info|2025-12-12 01:36:08.508875|timerFactory-0x00007542959ff640|[RPC][WS][SERVICE]connected nodes,count=0
info|2025-12-12 01:36:08.715447|ioService-0x00007542a81ff640|[P2PService][Service][METRIC]heartBeat,connected count=3
info|2025-12-12 01:36:18.508891|timerFactory-0x00007542959ff640|[RPC][WS][SERVICE]connected nodes,count=0
info|2025-12-12 01:36:18.715464|ioService-0x00007542a81ff640|[P2PService][Service][METRIC]heartBeat,connected count=3
info|2025-12-12 01:36:28.508953|timerFactory-0x00007542959ff640|[RPC][WS][SERVICE]connected nodes,count=0
info|2025-12-12 01:36:28.715523|ioService-0x00007542a81ff640|[P2PService][Service][METRIC]heartBeat,connected count=3
info|2025-12-12 01:36:38.508999|timerFactory-0x00007542959ff640|[RPC][WS][SERVICE]connected nodes,count=0
info|2025-12-12 01:36:38.715548|ioService-0x00007542a81ff640|[P2PService][Service][METRIC]heartBeat,connected count=3
info|2025-12-12 01:36:48.509071|timerFactory-0x00007542959ff640|[RPC][WS][SERVICE]connected nodes,count=0
info|2025-12-12 01:36:48.715617|ioService-0x00007542a81ff640|[P2PService][Service][METRIC]heartBeat,connected count=3
info|2025-12-12 01:36:58.077666|objMonitor-0x00007542835ff640|[startMonitor][AliveObjectMonitor],AliveObjectAllocStat=[ type: bcos::gateway::Socket ,created: 9 ,destroyed: 5 ,alive: 4 ] 
info|2025-12-12 01:36:58.509118|timerFactory-0x00007542959ff640|[RPC][WS][SERVICE]connected nodes,count=0
info|2025-12-12 01:36:58.715732|ioService-0x00007542a81ff640|[P2PService][Service][METRIC]heartBeat,connected count=3
info|2025-12-12 01:37:08.509134|timerFactory-0x00007542959ff640|[RPC][WS][SERVICE]connected nodes,count=0
info|2025-12-12 01:37:08.715795|ioService-0x00007542a81ff640|[P2PService][Service][METRIC]heartBeat,connected count=3
info|2025-12-12 01:37:18.509194|timerFactory-0x00007542959ff640|[RPC][WS][SERVICE]connected nodes,count=0
info|2025-12-12 01:37:18.715893|ioService-0x00007542a81ff640|[P2PService][Service][METRIC]heartBeat,connected count=3
info|2025-12-12 01:37:28.509261|timerFactory-0x00007542959ff640|[RPC][WS][SERVICE]connected nodes,count=0
info|2025-12-12 01:37:28.715912|ioService-0x00007542a81ff640|[P2PService][Service][METRIC]heartBeat,connected count=3
info|2025-12-12 01:37:38.509313|timerFactory-0x00007542959ff640|[RPC][WS][SERVICE]connected nodes,count=0
info|2025-12-12 01:37:38.715963|ioService-0x00007542a81ff640|[P2PService][Service][METRIC]heartBeat,connected count=3
info|2025-12-12 01:37:48.509334|timerFactory-0x00007542959ff640|[RPC][WS][SERVICE]connected nodes,count=0
info|2025-12-12 01:37:48.716052|ioService-0x00007542a81ff640|[P2PService][Service][METRIC]heartBeat,connected count=3
info|2025-12-12 01:37:58.077781|objMonitor-0x00007542835ff640|[startMonitor][AliveObjectMonitor],AliveObjectAllocStat=[ type: bcos::gateway::Socket ,created: 9 ,destroyed: 5 ,alive: 4 ] 
info|2025-12-12 01:37:58.509352|timerFactory-0x00007542959ff640|[RPC][WS][SERVICE]connected nodes,count=0
info|2025-12-12 01:37:58.716117|ioService-0x00007542a81ff640|[P2PService][Service][METRIC]heartBeat,connected count=3
info|2025-12-12 01:38:08.509369|timerFactory-0x00007542959ff640|[RPC][WS][SERVICE]connected nodes,count=0
info|2025-12-12 01:38:08.716132|ioService-0x00007542a81ff640|[P2PService][Service][METRIC]heartBeat,connected count=3
info|2025-12-12 01:38:18.509386|timerFactory-0x00007542959ff640|[RPC][WS][SERVICE]connected nodes,count=0
info|2025-12-12 01:38:18.716200|ioService-0x00007542a81ff640|[P2PService][Service][METRIC]heartBeat,connected count=3
info|2025-12-12 01:38:28.509429|timerFactory-0x00007542959ff640|[RPC][WS][SERVICE]connected nodes,count=0
info|2025-12-12 01:38:28.716222|ioService-0x00007542a81ff640|[P2PService][Service][METRIC]heartBeat,connected count=3
info|2025-12-12 01:38:38.509474|timerFactory-0x00007542959ff640|[RPC][WS][SERVICE]connected nodes,count=0
info|2025-12-12 01:38:38.716242|ioService-0x00007542a81ff640|[P2PService][Service][METRIC]heartBeat,connected count=3
info|2025-12-12 01:38:48.509489|timerFactory-0x00007542959ff640|[RPC][WS][SERVICE]connected nodes,count=0
info|2025-12-12 01:38:48.716268|ioService-0x00007542a81ff640|[P2PService][Service][METRIC]heartBeat,connected count=3
info|2025-12-12 01:38:58.077816|objMonitor-0x00007542835ff640|[startMonitor][AliveObjectMonitor],AliveObjectAllocStat=[ type: bcos::gateway::Socket ,created: 9 ,destroyed: 5 ,alive: 4 ] 
info|2025-12-12 01:38:58.509505|timerFactory-0x00007542959ff640|[RPC][WS][SERVICE]connected nodes,count=0
info|2025-12-12 01:38:58.716350|ioService-0x00007542a81ff640|[P2PService][Service][METRIC]heartBeat,connected count=3
info|2025-12-12 01:39:08.509535|timerFactory-0x00007542959ff640|[RPC][WS][SERVICE]connected nodes,count=0
info|2025-12-12 01:39:08.716410|ioService-0x00007542a81ff640|[P2PService][Service][METRIC]heartBeat,connected count=3
info|2025-12-12 01:39:18.509551|timerFactory-0x00007542959ff640|[RPC][WS][SERVICE]connected nodes,count=0
info|2025-12-12 01:39:18.716497|ioService-0x00007542a81ff640|[P2PService][Service][METRIC]heartBeat,connected count=3
info|2025-12-12 01:39:28.509569|timerFactory-0x00007542959ff640|[RPC][WS][SERVICE]connected nodes,count=0
info|2025-12-12 01:39:28.716607|ioService-0x00007542a81ff640|[P2PService][Service][METRIC]heartBeat,connected count=3
info|2025-12-12 01:39:38.509585|timerFactory-0x00007542959ff640|[RPC][WS][SERVICE]connected nodes,count=0
info|2025-12-12 01:39:38.716716|ioService-0x00007542a81ff640|[P2PService][Service][METRIC]heartBeat,connected count=3
info|2025-12-12 01:39:48.509601|timerFactory-0x00007542959ff640|[RPC][WS][SERVICE]connected nodes,count=0
info|2025-12-12 01:39:48.716901|ioService-0x00007542a81ff640|[P2PService][Service][METRIC]heartBeat,connected count=3
info|2025-12-12 01:39:58.077899|objMonitor-0x00007542835ff640|[startMonitor][AliveObjectMonitor],AliveObjectAllocStat=[ type: bcos::gateway::Socket ,created: 9 ,destroyed: 5 ,alive: 4 ] 
info|2025-12-12 01:39:58.509617|timerFactory-0x00007542959ff640|[RPC][WS][SERVICE]connected nodes,count=0
info|2025-12-12 01:39:58.717185|ioService-0x00007542a81ff640|[P2PService][Service][METRIC]heartBeat,connected count=3
info|2025-12-12 01:40:08.509634|timerFactory-0x00007542959ff640|[RPC][WS][SERVICE]connected nodes,count=0
info|2025-12-12 01:40:08.717222|ioService-0x00007542a81ff640|[P2PService][Service][METRIC]heartBeat,connected count=3
info|2025-12-12 01:40:18.509654|timerFactory-0x00007542959ff640|[RPC][WS][SERVICE]connected nodes,count=0
info|2025-12-12 01:40:18.717276|ioService-0x00007542a81ff640|[P2PService][Service][METRIC]heartBeat,connected count=3
info|2025-12-12 01:40:28.509674|timerFactory-0x00007542959ff640|[RPC][WS][SERVICE]connected nodes,count=0
info|2025-12-12 01:40:28.717295|ioService-0x00007542a81ff640|[P2PService][Service][METRIC]heartBeat,connected count=3
info|2025-12-12 01:40:38.509692|timerFactory-0x00007542959ff640|[RPC][WS][SERVICE]connected nodes,count=0
info|2025-12-12 01:40:38.717352|ioService-0x00007542a81ff640|[P2PService][Service][METRIC]heartBeat,connected count=3
info|2025-12-12 01:40:48.509711|timerFactory-0x00007542959ff640|[RPC][WS][SERVICE]connected nodes,count=0
info|2025-12-12 01:40:48.717436|ioService-0x00007542a81ff640|[P2PService][Service][METRIC]heartBeat,connected count=3
info|2025-12-12 01:40:58.077941|objMonitor-0x00007542835ff640|[startMonitor][AliveObjectMonitor],AliveObjectAllocStat=[ type: bcos::gateway::Socket ,created: 9 ,destroyed: 5 ,alive: 4 ] 
info|2025-12-12 01:40:58.509775|timerFactory-0x00007542959ff640|[RPC][WS][SERVICE]connected nodes,count=0
info|2025-12-12 01:40:58.717523|ioService-0x00007542a81ff640|[P2PService][Service][METRIC]heartBeat,connected count=3
info|2025-12-12 01:41:08.509795|timerFactory-0x00007542959ff640|[RPC][WS][SERVICE]connected nodes,count=0
info|2025-12-12 01:41:08.717554|ioService-0x00007542a81ff640|[P2PService][Service][METRIC]heartBeat,connected count=3
info|2025-12-12 01:41:18.509812|timerFactory-0x00007542959ff640|[RPC][WS][SERVICE]connected nodes,count=0
info|2025-12-12 01:41:18.717575|ioService-0x00007542a81ff640|[P2PService][Service][METRIC]heartBeat,connected count=3
info|2025-12-12 01:41:28.509829|timerFactory-0x00007542959ff640|[RPC][WS][SERVICE]connected nodes,count=0
info|2025-12-12 01:41:28.717600|ioService-0x00007542a81ff640|[P2PService][Service][METRIC]heartBeat,connected count=3
info|2025-12-12 01:41:38.509847|timerFactory-0x00007542959ff640|[RPC][WS][SERVICE]connected nodes,count=0
info|2025-12-12 01:41:38.717692|ioService-0x00007542a81ff640|[P2PService][Service][METRIC]heartBeat,connected count=3
info|2025-12-12 01:41:48.509866|timerFactory-0x00007542959ff640|[RPC][WS][SERVICE]connected nodes,count=0
info|2025-12-12 01:41:48.717779|ioService-0x00007542a81ff640|[P2PService][Service][METRIC]heartBeat,connected count=3
info|2025-12-12 01:41:58.078008|objMonitor-0x00007542835ff640|[startMonitor][AliveObjectMonitor],AliveObjectAllocStat=[ type: bcos::gateway::Socket ,created: 9 ,destroyed: 5 ,alive: 4 ] 
info|2025-12-12 01:41:58.509888|timerFactory-0x00007542959ff640|[RPC][WS][SERVICE]connected nodes,count=0
info|2025-12-12 01:41:58.717867|ioService-0x00007542a81ff640|[P2PService][Service][METRIC]heartBeat,connected count=3
info|2025-12-12 01:42:08.509907|timerFactory-0x00007542959ff640|[RPC][WS][SERVICE]connected nodes,count=0
info|2025-12-12 01:42:08.717900|ioService-0x00007542a81ff640|[P2PService][Service][METRIC]heartBeat,connected count=3
info|2025-12-12 01:42:18.509928|timerFactory-0x00007542959ff640|[RPC][WS][SERVICE]connected nodes,count=0
info|2025-12-12 01:42:18.718063|ioService-0x00007542a81ff640|[P2PService][Service][METRIC]heartBeat,connected count=3
info|2025-12-12 01:42:28.509988|timerFactory-0x00007542959ff640|[RPC][WS][SERVICE]connected nodes,count=0
info|2025-12-12 01:42:28.718125|ioService-0x00007542a81ff640|[P2PService][Service][METRIC]heartBeat,connected count=3
info|2025-12-12 01:42:38.510057|timerFactory-0x00007542959ff640|[RPC][WS][SERVICE]connected nodes,count=0
info|2025-12-12 01:42:38.718219|ioService-0x00007542a81ff640|[P2PService][Service][METRIC]heartBeat,connected count=3
info|2025-12-12 01:42:48.510085|timerFactory-0x00007542959ff640|[RPC][WS][SERVICE]connected nodes,count=0
info|2025-12-12 01:42:48.718269|ioService-0x00007542a81ff640|[P2PService][Service][METRIC]heartBeat,connected count=3
info|2025-12-12 01:42:58.078100|objMonitor-0x00007542835ff640|[startMonitor][AliveObjectMonitor],AliveObjectAllocStat=[ type: bcos::gateway::Socket ,created: 9 ,destroyed: 5 ,alive: 4 ] 
info|2025-12-12 01:42:58.510168|timerFactory-0x00007542959ff640|[RPC][WS][SERVICE]connected nodes,count=0
info|2025-12-12 01:42:58.718318|ioService-0x00007542a81ff640|[P2PService][Service][METRIC]heartBeat,connected count=3
info|2025-12-12 01:43:08.510264|timerFactory-0x00007542959ff640|[RPC][WS][SERVICE]connected nodes,count=0
info|2025-12-12 01:43:08.718367|ioService-0x00007542a81ff640|[P2PService][Service][METRIC]heartBeat,connected count=3
info|2025-12-12 01:43:18.510328|timerFactory-0x00007542959ff640|[RPC][WS][SERVICE]connected nodes,count=0
info|2025-12-12 01:43:18.718388|ioService-0x00007542a81ff640|[P2PService][Service][METRIC]heartBeat,connected count=3
info|2025-12-12 01:43:28.510388|timerFactory-0x00007542959ff640|[RPC][WS][SERVICE]connected nodes,count=0
info|2025-12-12 01:43:28.718406|ioService-0x00007542a81ff640|[P2PService][Service][METRIC]heartBeat,connected count=3
info|2025-12-12 01:43:38.510456|timerFactory-0x00007542959ff640|[RPC][WS][SERVICE]connected nodes,count=0
info|2025-12-12 01:43:38.718458|ioService-0x00007542a81ff640|[P2PService][Service][METRIC]heartBeat,connected count=3
info|2025-12-12 01:43:48.510478|timerFactory-0x00007542959ff640|[RPC][WS][SERVICE]connected nodes,count=0
info|2025-12-12 01:43:48.718478|ioService-0x00007542a81ff640|[P2PService][Service][METRIC]heartBeat,connected count=3
info|2025-12-12 01:43:58.078135|objMonitor-0x00007542835ff640|[startMonitor][AliveObjectMonitor],AliveObjectAllocStat=[ type: bcos::gateway::Socket ,created: 9 ,destroyed: 5 ,alive: 4 ] [ type: bcos::gateway::ResponseCallback ,created: 1792106 ,destroyed: 1792100 ,alive: 6 ] 
info|2025-12-12 01:43:58.510507|timerFactory-0x00007542959ff640|[RPC][WS][SERVICE]connected nodes,count=0
info|2025-12-12 01:43:58.718650|ioService-0x00007542a81ff640|[P2PService][Service][METRIC]heartBeat,connected count=3
info|2025-12-12 01:44:08.510573|timerFactory-0x00007542959ff640|[RPC][WS][SERVICE]connected nodes,count=0
info|2025-12-12 01:44:08.718833|ioService-0x00007542a81ff640|[P2PService][Service][METRIC]heartBeat,connected count=3
info|2025-12-12 01:44:18.510639|timerFactory-0x00007542959ff640|[RPC][WS][SERVICE]connected nodes,count=0
info|2025-12-12 01:44:18.718968|ioService-0x00007542a81ff640|[P2PService][Service][METRIC]heartBeat,connected count=3
info|2025-12-12 01:44:28.510662|timerFactory-0x00007542959ff640|[RPC][WS][SERVICE]connected nodes,count=0
info|2025-12-12 01:44:28.718998|ioService-0x00007542a81ff640|[P2PService][Service][METRIC]heartBeat,connected count=3
info|2025-12-12 01:44:38.510720|timerFactory-0x00007542959ff640|[RPC][WS][SERVICE]connected nodes,count=0
info|2025-12-12 01:44:38.719015|ioService-0x00007542a81ff640|[P2PService][Service][METRIC]heartBeat,connected count=3
info|2025-12-12 01:44:48.510786|timerFactory-0x00007542959ff640|[RPC][WS][SERVICE]connected nodes,count=0
info|2025-12-12 01:44:48.719077|ioService-0x00007542a81ff640|[P2PService][Service][METRIC]heartBeat,connected count=3
info|2025-12-12 01:44:58.078276|objMonitor-0x00007542835ff640|[startMonitor][AliveObjectMonitor],AliveObjectAllocStat=[ type: bcos::gateway::Socket ,created: 9 ,destroyed: 5 ,alive: 4 ] 
info|2025-12-12 01:44:58.510816|timerFactory-0x00007542959ff640|[RPC][WS][SERVICE]connected nodes,count=0
info|2025-12-12 01:44:58.719136|ioService-0x00007542a81ff640|[P2PService][Service][METRIC]heartBeat,connected count=3
info|2025-12-12 01:45:08.510843|timerFactory-0x00007542959ff640|[RPC][WS][SERVICE]connected nodes,count=0
info|2025-12-12 01:45:08.719215|ioService-0x00007542a81ff640|[P2PService][Service][METRIC]heartBeat,connected count=3
info|2025-12-12 01:45:18.510877|timerFactory-0x00007542959ff640|[RPC][WS][SERVICE]connected nodes,count=0
info|2025-12-12 01:45:18.719329|ioService-0x00007542a81ff640|[P2PService][Service][METRIC]heartBeat,connected count=3
info|2025-12-12 01:45:28.510904|timerFactory-0x00007542959ff640|[RPC][WS][SERVICE]connected nodes,count=0
info|2025-12-12 01:45:28.719347|ioService-0x00007542a81ff640|[P2PService][Service][METRIC]heartBeat,connected count=3
info|2025-12-12 01:45:38.510933|timerFactory-0x00007542959ff640|[RPC][WS][SERVICE]connected nodes,count=0
info|2025-12-12 01:45:38.719376|ioService-0x00007542a81ff640|[P2PService][Service][METRIC]heartBeat,connected count=3
info|2025-12-12 01:45:48.511001|timerFactory-0x00007542959ff640|[RPC][WS][SERVICE]connected nodes,count=0
info|2025-12-12 01:45:48.719398|ioService-0x00007542a81ff640|[P2PService][Service][METRIC]heartBeat,connected count=3
info|2025-12-12 01:45:58.078355|objMonitor-0x00007542835ff640|[startMonitor][AliveObjectMonitor],AliveObjectAllocStat=[ type: bcos::gateway::Socket ,created: 9 ,destroyed: 5 ,alive: 4 ] 
info|2025-12-12 01:45:58.511068|timerFactory-0x00007542959ff640|[RPC][WS][SERVICE]connected nodes,count=0
info|2025-12-12 01:45:58.719501|ioService-0x00007542a81ff640|[P2PService][Service][METRIC]heartBeat,connected count=3
info|2025-12-12 01:46:08.511133|timerFactory-0x00007542959ff640|[RPC][WS][SERVICE]connected nodes,count=0
info|2025-12-12 01:46:08.719582|ioService-0x00007542a81ff640|[P2PService][Service][METRIC]heartBeat,connected count=3
info|2025-12-12 01:46:18.511216|timerFactory-0x00007542959ff640|[RPC][WS][SERVICE]connected nodes,count=0
info|2025-12-12 01:46:18.719658|ioService-0x00007542a81ff640|[P2PService][Service][METRIC]heartBeat,connected count=3
info|2025-12-12 01:46:28.511272|timerFactory-0x00007542959ff640|[RPC][WS][SERVICE]connected nodes,count=0
info|2025-12-12 01:46:28.719725|ioService-0x00007542a81ff640|[P2PService][Service][METRIC]heartBeat,connected count=3
info|2025-12-12 01:46:38.511331|timerFactory-0x00007542959ff640|[RPC][WS][SERVICE]connected nodes,count=0
info|2025-12-12 01:46:38.719808|ioService-0x00007542a81ff640|[P2PService][Service][METRIC]heartBeat,connected count=3
info|2025-12-12 01:46:48.511352|timerFactory-0x00007542959ff640|[RPC][WS][SERVICE]connected nodes,count=0
info|2025-12-12 01:46:48.719953|ioService-0x00007542a81ff640|[P2PService][Service][METRIC]heartBeat,connected count=3
info|2025-12-12 01:46:58.078391|objMonitor-0x00007542835ff640|[startMonitor][AliveObjectMonitor],AliveObjectAllocStat=[ type: bcos::gateway::Socket ,created: 9 ,destroyed: 5 ,alive: 4 ] 
info|2025-12-12 01:46:58.511429|timerFactory-0x00007542959ff640|[RPC][WS][SERVICE]connected nodes,count=0
info|2025-12-12 01:46:58.720095|ioService-0x00007542a81ff640|[P2PService][Service][METRIC]heartBeat,connected count=3
info|2025-12-12 01:47:08.511447|timerFactory-0x00007542959ff640|[RPC][WS][SERVICE]connected nodes,count=0
info|2025-12-12 01:47:08.720272|ioService-0x00007542a81ff640|[P2PService][Service][METRIC]heartBeat,connected count=3
info|2025-12-12 01:47:18.511466|timerFactory-0x00007542959ff640|[RPC][WS][SERVICE]connected nodes,count=0
info|2025-12-12 01:47:18.720371|ioService-0x00007542a81ff640|[P2PService][Service][METRIC]heartBeat,connected count=3
info|2025-12-12 01:47:28.511484|timerFactory-0x00007542959ff640|[RPC][WS][SERVICE]connected nodes,count=0
info|2025-12-12 01:47:28.720393|ioService-0x00007542a81ff640|[P2PService][Service][METRIC]heartBeat,connected count=3
info|2025-12-12 01:47:38.511505|timerFactory-0x00007542959ff640|[RPC][WS][SERVICE]connected nodes,count=0
info|2025-12-12 01:47:38.720449|ioService-0x00007542a81ff640|[P2PService][Service][METRIC]heartBeat,connected count=3
info|2025-12-12 01:47:48.511525|timerFactory-0x00007542959ff640|[RPC][WS][SERVICE]connected nodes,count=0
info|2025-12-12 01:47:48.720483|ioService-0x00007542a81ff640|[P2PService][Service][METRIC]heartBeat,connected count=3
info|2025-12-12 01:47:58.078427|objMonitor-0x00007542835ff640|[startMonitor][AliveObjectMonitor],AliveObjectAllocStat=[ type: bcos::gateway::Socket ,created: 9 ,destroyed: 5 ,alive: 4 ] [ type: bcos::gateway::ResponseCallback ,created: 1795703 ,destroyed: 1795699 ,alive: 4 ] 
info|2025-12-12 01:47:58.511545|timerFactory-0x00007542959ff640|[RPC][WS][SERVICE]connected nodes,count=0
info|2025-12-12 01:47:58.720507|ioService-0x00007542a81ff640|[P2PService][Service][METRIC]heartBeat,connected count=3
info|2025-12-12 01:48:08.511591|timerFactory-0x00007542959ff640|[RPC][WS][SERVICE]connected nodes,count=0
info|2025-12-12 01:48:08.720579|ioService-0x00007542a81ff640|[P2PService][Service][METRIC]heartBeat,connected count=3
info|2025-12-12 01:48:18.511653|timerFactory-0x00007542959ff640|[RPC][WS][SERVICE]connected nodes,count=0
info|2025-12-12 01:48:18.720656|ioService-0x00007542a81ff640|[P2PService][Service][METRIC]heartBeat,connected count=3
info|2025-12-12 01:48:28.511674|timerFactory-0x00007542959ff640|[RPC][WS][SERVICE]connected nodes,count=0
info|2025-12-12 01:48:28.720673|ioService-0x00007542a81ff640|[P2PService][Service][METRIC]heartBeat,connected count=3
info|2025-12-12 01:48:38.511765|timerFactory-0x00007542959ff640|[RPC][WS][SERVICE]connected nodes,count=0
info|2025-12-12 01:48:38.720835|ioService-0x00007542a81ff640|[P2PService][Service][METRIC]heartBeat,connected count=3
info|2025-12-12 01:48:48.511816|timerFactory-0x00007542959ff640|[RPC][WS][SERVICE]connected nodes,count=0
info|2025-12-12 01:48:48.720952|ioService-0x00007542a81ff640|[P2PService][Service][METRIC]heartBeat,connected count=3
info|2025-12-12 01:48:58.078506|objMonitor-0x00007542835ff640|[startMonitor][AliveObjectMonitor],AliveObjectAllocStat=[ type: bcos::gateway::Socket ,created: 9 ,destroyed: 5 ,alive: 4 ] 
info|2025-12-12 01:48:58.511839|timerFactory-0x00007542959ff640|[RPC][WS][SERVICE]connected nodes,count=0
info|2025-12-12 01:48:58.721009|ioService-0x00007542a81ff640|[P2PService][Service][METRIC]heartBeat,connected count=3
info|2025-12-12 01:49:08.511865|timerFactory-0x00007542959ff640|[RPC][WS][SERVICE]connected nodes,count=0
info|2025-12-12 01:49:08.721099|ioService-0x00007542a81ff640|[P2PService][Service][METRIC]heartBeat,connected count=3
info|2025-12-12 01:49:18.511893|timerFactory-0x00007542959ff640|[RPC][WS][SERVICE]connected nodes,count=0
info|2025-12-12 01:49:18.721131|ioService-0x00007542a81ff640|[P2PService][Service][METRIC]heartBeat,connected count=3
info|2025-12-12 01:49:28.511919|timerFactory-0x00007542959ff640|[RPC][WS][SERVICE]connected nodes,count=0
info|2025-12-12 01:49:28.721264|ioService-0x00007542a81ff640|[P2PService][Service][METRIC]heartBeat,connected count=3
info|2025-12-12 01:49:38.511952|timerFactory-0x00007542959ff640|[RPC][WS][SERVICE]connected nodes,count=0
info|2025-12-12 01:49:38.721288|ioService-0x00007542a81ff640|[P2PService][Service][METRIC]heartBeat,connected count=3
info|2025-12-12 01:49:48.512019|timerFactory-0x00007542959ff640|[RPC][WS][SERVICE]connected nodes,count=0
info|2025-12-12 01:49:48.721351|ioService-0x00007542a81ff640|[P2PService][Service][METRIC]heartBeat,connected count=3
info|2025-12-12 01:49:58.078545|objMonitor-0x00007542835ff640|[startMonitor][AliveObjectMonitor],AliveObjectAllocStat=[ type: bcos::gateway::Socket ,created: 9 ,destroyed: 5 ,alive: 4 ] 
info|2025-12-12 01:49:58.512183|timerFactory-0x00007542959ff640|[RPC][WS][SERVICE]connected nodes,count=0
info|2025-12-12 01:49:58.721439|ioService-0x00007542a81ff640|[P2PService][Service][METRIC]heartBeat,connected count=3
info|2025-12-12 01:50:08.512205|timerFactory-0x00007542959ff640|[RPC][WS][SERVICE]connected nodes,count=0
info|2025-12-12 01:50:08.721460|ioService-0x00007542a81ff640|[P2PService][Service][METRIC]heartBeat,connected count=3
info|2025-12-12 01:50:18.512234|timerFactory-0x00007542959ff640|[RPC][WS][SERVICE]connected nodes,count=0
info|2025-12-12 01:50:18.721520|ioService-0x00007542a81ff640|[P2PService][Service][METRIC]heartBeat,connected count=3
info|2025-12-12 01:50:28.512255|timerFactory-0x00007542959ff640|[RPC][WS][SERVICE]connected nodes,count=0
info|2025-12-12 01:50:28.721635|ioService-0x00007542a81ff640|[P2PService][Service][METRIC]heartBeat,connected count=3
info|2025-12-12 01:50:38.512314|timerFactory-0x00007542959ff640|[RPC][WS][SERVICE]connected nodes,count=0
info|2025-12-12 01:50:38.721751|ioService-0x00007542a81ff640|[P2PService][Service][METRIC]heartBeat,connected count=3
info|2025-12-12 01:50:48.512335|timerFactory-0x00007542959ff640|[RPC][WS][SERVICE]connected nodes,count=0
info|2025-12-12 01:50:48.721806|ioService-0x00007542a81ff640|[P2PService][Service][METRIC]heartBeat,connected count=3
info|2025-12-12 01:50:58.078582|objMonitor-0x00007542835ff640|[startMonitor][AliveObjectMonitor],AliveObjectAllocStat=[ type: bcos::gateway::Socket ,created: 9 ,destroyed: 5 ,alive: 4 ] 
info|2025-12-12 01:50:58.512355|timerFactory-0x00007542959ff640|[RPC][WS][SERVICE]connected nodes,count=0
info|2025-12-12 01:50:58.721908|ioService-0x00007542a81ff640|[P2PService][Service][METRIC]heartBeat,connected count=3
info|2025-12-12 01:51:08.512379|timerFactory-0x00007542959ff640|[RPC][WS][SERVICE]connected nodes,count=0
info|2025-12-12 01:51:08.721970|ioService-0x00007542a81ff640|[P2PService][Service][METRIC]heartBeat,connected count=3
info|2025-12-12 01:51:18.512406|timerFactory-0x00007542959ff640|[RPC][WS][SERVICE]connected nodes,count=0
info|2025-12-12 01:51:18.722063|ioService-0x00007542a81ff640|[P2PService][Service][METRIC]heartBeat,connected count=3
info|2025-12-12 01:51:28.512430|timerFactory-0x00007542959ff640|[RPC][WS][SERVICE]connected nodes,count=0
info|2025-12-12 01:51:28.722218|ioService-0x00007542a81ff640|[P2PService][Service][METRIC]heartBeat,connected count=3
info|2025-12-12 01:51:38.512504|timerFactory-0x00007542959ff640|[RPC][WS][SERVICE]connected nodes,count=0
info|2025-12-12 01:51:38.722250|ioService-0x00007542a81ff640|[P2PService][Service][METRIC]heartBeat,connected count=3
info|2025-12-12 01:51:48.512525|timerFactory-0x00007542959ff640|[RPC][WS][SERVICE]connected nodes,count=0
info|2025-12-12 01:51:48.722272|ioService-0x00007542a81ff640|[P2PService][Service][METRIC]heartBeat,connected count=3
info|2025-12-12 01:51:58.078755|objMonitor-0x00007542835ff640|[startMonitor][AliveObjectMonitor],AliveObjectAllocStat=[ type: bcos::gateway::Socket ,created: 9 ,destroyed: 5 ,alive: 4 ] 
info|2025-12-12 01:51:58.512570|timerFactory-0x00007542959ff640|[RPC][WS][SERVICE]connected nodes,count=0
info|2025-12-12 01:51:58.722308|ioService-0x00007542a81ff640|[P2PService][Service][METRIC]heartBeat,connected count=3
info|2025-12-12 01:52:08.512595|timerFactory-0x00007542959ff640|[RPC][WS][SERVICE]connected nodes,count=0
info|2025-12-12 01:52:08.722361|ioService-0x00007542a81ff640|[P2PService][Service][METRIC]heartBeat,connected count=3
info|2025-12-12 01:52:18.512673|timerFactory-0x00007542959ff640|[RPC][WS][SERVICE]connected nodes,count=0
info|2025-12-12 01:52:18.722429|ioService-0x00007542a81ff640|[P2PService][Service][METRIC]heartBeat,connected count=3
info|2025-12-12 01:52:28.512730|timerFactory-0x00007542959ff640|[RPC][WS][SERVICE]connected nodes,count=0
info|2025-12-12 01:52:28.722530|ioService-0x00007542a81ff640|[P2PService][Service][METRIC]heartBeat,connected count=3
info|2025-12-12 01:52:38.512761|timerFactory-0x00007542959ff640|[RPC][WS][SERVICE]connected nodes,count=0
info|2025-12-12 01:52:38.722606|ioService-0x00007542a81ff640|[P2PService][Service][METRIC]heartBeat,connected count=3
info|2025-12-12 01:52:48.512785|timerFactory-0x00007542959ff640|[RPC][WS][SERVICE]connected nodes,count=0
info|2025-12-12 01:52:48.722663|ioService-0x00007542a81ff640|[P2PService][Service][METRIC]heartBeat,connected count=3
info|2025-12-12 01:52:58.078913|objMonitor-0x00007542835ff640|[startMonitor][AliveObjectMonitor],AliveObjectAllocStat=[ type: bcos::gateway::Socket ,created: 9 ,destroyed: 5 ,alive: 4 ] 
info|2025-12-12 01:52:58.512811|timerFactory-0x00007542959ff640|[RPC][WS][SERVICE]connected nodes,count=0
info|2025-12-12 01:52:58.722688|ioService-0x00007542a81ff640|[P2PService][Service][METRIC]heartBeat,connected count=3
info|2025-12-12 01:53:08.512862|timerFactory-0x00007542959ff640|[RPC][WS][SERVICE]connected nodes,count=0
info|2025-12-12 01:53:08.722739|ioService-0x00007542a81ff640|[P2PService][Service][METRIC]heartBeat,connected count=3
info|2025-12-12 01:53:18.512926|timerFactory-0x00007542959ff640|[RPC][WS][SERVICE]connected nodes,count=0
info|2025-12-12 01:53:18.722836|ioService-0x00007542a81ff640|[P2PService][Service][METRIC]heartBeat,connected count=3
info|2025-12-12 01:53:28.513037|timerFactory-0x00007542959ff640|[RPC][WS][SERVICE]connected nodes,count=0
info|2025-12-12 01:53:28.722942|ioService-0x00007542a81ff640|[P2PService][Service][METRIC]heartBeat,connected count=3
info|2025-12-12 01:53:38.513106|timerFactory-0x00007542959ff640|[RPC][WS][SERVICE]connected nodes,count=0
info|2025-12-12 01:53:38.723182|ioService-0x00007542a81ff640|[P2PService][Service][METRIC]heartBeat,connected count=3
info|2025-12-12 01:53:48.513128|timerFactory-0x00007542959ff640|[RPC][WS][SERVICE]connected nodes,count=0
info|2025-12-12 01:53:48.723254|ioService-0x00007542a81ff640|[P2PService][Service][METRIC]heartBeat,connected count=3
info|2025-12-12 01:53:58.078959|objMonitor-0x00007542835ff640|[startMonitor][AliveObjectMonitor],AliveObjectAllocStat=[ type: bcos::gateway::Socket ,created: 9 ,destroyed: 5 ,alive: 4 ] 
info|2025-12-12 01:53:58.513193|timerFactory-0x00007542959ff640|[RPC][WS][SERVICE]connected nodes,count=0
info|2025-12-12 01:53:58.723376|ioService-0x00007542a81ff640|[P2PService][Service][METRIC]heartBeat,connected count=3
info|2025-12-12 01:54:08.513240|timerFactory-0x00007542959ff640|[RPC][WS][SERVICE]connected nodes,count=0
info|2025-12-12 01:54:08.723397|ioService-0x00007542a81ff640|[P2PService][Service][METRIC]heartBeat,connected count=3
info|2025-12-12 01:54:18.513272|timerFactory-0x00007542959ff640|[RPC][WS][SERVICE]connected nodes,count=0
info|2025-12-12 01:54:18.723471|ioService-0x00007542a81ff640|[P2PService][Service][METRIC]heartBeat,connected count=3
info|2025-12-12 01:54:28.513298|timerFactory-0x00007542959ff640|[RPC][WS][SERVICE]connected nodes,count=0
info|2025-12-12 01:54:28.723528|ioService-0x00007542a81ff640|[P2PService][Service][METRIC]heartBeat,connected count=3
info|2025-12-12 01:54:38.513446|timerFactory-0x00007542959ff640|[RPC][WS][SERVICE]connected nodes,count=0
info|2025-12-12 01:54:38.723674|ioService-0x00007542a81ff640|[P2PService][Service][METRIC]heartBeat,connected count=3
info|2025-12-12 01:54:48.513501|timerFactory-0x00007542959ff640|[RPC][WS][SERVICE]connected nodes,count=0
info|2025-12-12 01:54:48.723802|ioService-0x00007542a81ff640|[P2PService][Service][METRIC]heartBeat,connected count=3
info|2025-12-12 01:54:58.078994|objMonitor-0x00007542835ff640|[startMonitor][AliveObjectMonitor],AliveObjectAllocStat=[ type: bcos::gateway::Socket ,created: 9 ,destroyed: 5 ,alive: 4 ] 
info|2025-12-12 01:54:58.513522|timerFactory-0x00007542959ff640|[RPC][WS][SERVICE]connected nodes,count=0
info|2025-12-12 01:54:58.723870|ioService-0x00007542a81ff640|[P2PService][Service][METRIC]heartBeat,connected count=3
info|2025-12-12 01:55:08.513542|timerFactory-0x00007542959ff640|[RPC][WS][SERVICE]connected nodes,count=0
info|2025-12-12 01:55:08.723996|ioService-0x00007542a81ff640|[P2PService][Service][METRIC]heartBeat,connected count=3
info|2025-12-12 01:55:18.513571|timerFactory-0x00007542959ff640|[RPC][WS][SERVICE]connected nodes,count=0
info|2025-12-12 01:55:18.724138|ioService-0x00007542a81ff640|[P2PService][Service][METRIC]heartBeat,connected count=3
info|2025-12-12 01:55:28.513591|timerFactory-0x00007542959ff640|[RPC][WS][SERVICE]connected nodes,count=0
info|2025-12-12 01:55:28.724162|ioService-0x00007542a81ff640|[P2PService][Service][METRIC]heartBeat,connected count=3
info|2025-12-12 01:55:38.513611|timerFactory-0x00007542959ff640|[RPC][WS][SERVICE]connected nodes,count=0
info|2025-12-12 01:55:38.724293|ioService-0x00007542a81ff640|[P2PService][Service][METRIC]heartBeat,connected count=3
info|2025-12-12 01:55:48.513631|timerFactory-0x00007542959ff640|[RPC][WS][SERVICE]connected nodes,count=0
info|2025-12-12 01:55:48.724375|ioService-0x00007542a81ff640|[P2PService][Service][METRIC]heartBeat,connected count=3
info|2025-12-12 01:55:58.079030|objMonitor-0x00007542835ff640|[startMonitor][AliveObjectMonitor],AliveObjectAllocStat=[ type: bcos::gateway::Socket ,created: 9 ,destroyed: 5 ,alive: 4 ] [ type: bcos::gateway::ResponseCallback ,created: 1802897 ,destroyed: 1802891 ,alive: 6 ] 
info|2025-12-12 01:55:58.513652|timerFactory-0x00007542959ff640|[RPC][WS][SERVICE]connected nodes,count=0
info|2025-12-12 01:55:58.724470|ioService-0x00007542a81ff640|[P2PService][Service][METRIC]heartBeat,connected count=3
info|2025-12-12 01:56:08.513675|timerFactory-0x00007542959ff640|[RPC][WS][SERVICE]connected nodes,count=0
info|2025-12-12 01:56:08.724522|ioService-0x00007542a81ff640|[P2PService][Service][METRIC]heartBeat,connected count=3
info|2025-12-12 01:56:18.513698|timerFactory-0x00007542959ff640|[RPC][WS][SERVICE]connected nodes,count=0
info|2025-12-12 01:56:18.724551|ioService-0x00007542a81ff640|[P2PService][Service][METRIC]heartBeat,connected count=3
info|2025-12-12 01:56:28.513756|timerFactory-0x00007542959ff640|[RPC][WS][SERVICE]connected nodes,count=0
info|2025-12-12 01:56:28.724616|ioService-0x00007542a81ff640|[P2PService][Service][METRIC]heartBeat,connected count=3
info|2025-12-12 01:56:38.513819|timerFactory-0x00007542959ff640|[RPC][WS][SERVICE]connected nodes,count=0
info|2025-12-12 01:56:38.724799|ioService-0x00007542a81ff640|[P2PService][Service][METRIC]heartBeat,connected count=3
info|2025-12-12 01:56:48.513840|timerFactory-0x00007542959ff640|[RPC][WS][SERVICE]connected nodes,count=0
info|2025-12-12 01:56:48.724857|ioService-0x00007542a81ff640|[P2PService][Service][METRIC]heartBeat,connected count=3
info|2025-12-12 01:56:58.079070|objMonitor-0x00007542835ff640|[startMonitor][AliveObjectMonitor],AliveObjectAllocStat=[ type: bcos::gateway::Socket ,created: 9 ,destroyed: 5 ,alive: 4 ] 
info|2025-12-12 01:56:58.513898|timerFactory-0x00007542959ff640|[RPC][WS][SERVICE]connected nodes,count=0
info|2025-12-12 01:56:58.724906|ioService-0x00007542a81ff640|[P2PService][Service][METRIC]heartBeat,connected count=3
info|2025-12-12 01:57:08.513920|timerFactory-0x00007542959ff640|[RPC][WS][SERVICE]connected nodes,count=0
info|2025-12-12 01:57:08.724966|ioService-0x00007542a81ff640|[P2PService][Service][METRIC]heartBeat,connected count=3
info|2025-12-12 01:57:18.513994|timerFactory-0x00007542959ff640|[RPC][WS][SERVICE]connected nodes,count=0
info|2025-12-12 01:57:18.725075|ioService-0x00007542a81ff640|[P2PService][Service][METRIC]heartBeat,connected count=3
info|2025-12-12 01:57:28.514044|timerFactory-0x00007542959ff640|[RPC][WS][SERVICE]connected nodes,count=0
info|2025-12-12 01:57:28.725173|ioService-0x00007542a81ff640|[P2PService][Service][METRIC]heartBeat,connected count=3
info|2025-12-12 01:57:38.514206|timerFactory-0x00007542959ff640|[RPC][WS][SERVICE]connected nodes,count=0
info|2025-12-12 01:57:38.725232|ioService-0x00007542a81ff640|[P2PService][Service][METRIC]heartBeat,connected count=3
info|2025-12-12 01:57:48.514245|timerFactory-0x00007542959ff640|[RPC][WS][SERVICE]connected nodes,count=0
info|2025-12-12 01:57:48.725294|ioService-0x00007542a81ff640|[P2PService][Service][METRIC]heartBeat,connected count=3
info|2025-12-12 01:57:58.079106|objMonitor-0x00007542835ff640|[startMonitor][AliveObjectMonitor],AliveObjectAllocStat=[ type: bcos::gateway::Socket ,created: 9 ,destroyed: 5 ,alive: 4 ] 
info|2025-12-12 01:57:58.514310|timerFactory-0x00007542959ff640|[RPC][WS][SERVICE]connected nodes,count=0
info|2025-12-12 01:57:58.725343|ioService-0x00007542a81ff640|[P2PService][Service][METRIC]heartBeat,connected count=3
info|2025-12-12 01:58:08.514336|timerFactory-0x00007542959ff640|[RPC][WS][SERVICE]connected nodes,count=0
info|2025-12-12 01:58:08.725360|ioService-0x00007542a81ff640|[P2PService][Service][METRIC]heartBeat,connected count=3
info|2025-12-12 01:58:18.514363|timerFactory-0x00007542959ff640|[RPC][WS][SERVICE]connected nodes,count=0
info|2025-12-12 01:58:18.725382|ioService-0x00007542a81ff640|[P2PService][Service][METRIC]heartBeat,connected count=3
info|2025-12-12 01:58:28.514433|timerFactory-0x00007542959ff640|[RPC][WS][SERVICE]connected nodes,count=0
info|2025-12-12 01:58:28.725440|ioService-0x00007542a81ff640|[P2PService][Service][METRIC]heartBeat,connected count=3
info|2025-12-12 01:58:38.514459|timerFactory-0x00007542959ff640|[RPC][WS][SERVICE]connected nodes,count=0
info|2025-12-12 01:58:38.725508|ioService-0x00007542a81ff640|[P2PService][Service][METRIC]heartBeat,connected count=3
info|2025-12-12 01:58:48.514480|timerFactory-0x00007542959ff640|[RPC][WS][SERVICE]connected nodes,count=0
info|2025-12-12 01:58:48.725572|ioService-0x00007542a81ff640|[P2PService][Service][METRIC]heartBeat,connected count=3
info|2025-12-12 01:58:58.079277|objMonitor-0x00007542835ff640|[startMonitor][AliveObjectMonitor],AliveObjectAllocStat=[ type: bcos::gateway::Socket ,created: 9 ,destroyed: 5 ,alive: 4 ] 
info|2025-12-12 01:58:58.514501|timerFactory-0x00007542959ff640|[RPC][WS][SERVICE]connected nodes,count=0
info|2025-12-12 01:58:58.725593|ioService-0x00007542a81ff640|[P2PService][Service][METRIC]heartBeat,connected count=3
info|2025-12-12 01:59:08.514520|timerFactory-0x00007542959ff640|[RPC][WS][SERVICE]connected nodes,count=0
info|2025-12-12 01:59:08.725667|ioService-0x00007542a81ff640|[P2PService][Service][METRIC]heartBeat,connected count=3
info|2025-12-12 01:59:18.514592|timerFactory-0x00007542959ff640|[RPC][WS][SERVICE]connected nodes,count=0
info|2025-12-12 01:59:18.725690|ioService-0x00007542a81ff640|[P2PService][Service][METRIC]heartBeat,connected count=3
info|2025-12-12 01:59:28.514613|timerFactory-0x00007542959ff640|[RPC][WS][SERVICE]connected nodes,count=0
info|2025-12-12 01:59:28.725709|ioService-0x00007542a81ff640|[P2PService][Service][METRIC]heartBeat,connected count=3
info|2025-12-12 01:59:38.514669|timerFactory-0x00007542959ff640|[RPC][WS][SERVICE]connected nodes,count=0
info|2025-12-12 01:59:38.725827|ioService-0x00007542a81ff640|[P2PService][Service][METRIC]heartBeat,connected count=3
info|2025-12-12 01:59:48.514729|timerFactory-0x00007542959ff640|[RPC][WS][SERVICE]connected nodes,count=0
info|2025-12-12 01:59:48.725885|ioService-0x00007542a81ff640|[P2PService][Service][METRIC]heartBeat,connected count=3
info|2025-12-12 01:59:58.079310|objMonitor-0x00007542835ff640|[startMonitor][AliveObjectMonitor],AliveObjectAllocStat=[ type: bcos::gateway::Socket ,created: 9 ,destroyed: 5 ,alive: 4 ] [ type: bcos::gateway::ResponseCallback ,created: 1806494 ,destroyed: 1806489 ,alive: 5 ] 
info|2025-12-12 01:59:58.514751|timerFactory-0x00007542959ff640|[RPC][WS][SERVICE]connected nodes,count=0
info|2025-12-12 01:59:58.726032|ioService-0x00007542a81ff640|[P2PService][Service][METRIC]heartBeat,connected count=3
