info|2025-12-11 12:00:08.282963|timerFactory-0x00007542959ff640|[RPC][WS][SERVICE]connected nodes,count=0
info|2025-12-11 12:00:08.395583|ioService-0x00007542a81ff640|[P2PService][Service][METRIC]heartBeat,connected count=3
info|2025-12-11 12:00:18.282986|timerFactory-0x00007542959ff640|[RPC][WS][SERVICE]connected nodes,count=0
info|2025-12-11 12:00:18.395608|ioService-0x00007542a81ff640|[P2PService][Service][METRIC]heartBeat,connected count=3
info|2025-12-11 12:00:28.283042|timerFactory-0x00007542959ff640|[RPC][WS][SERVICE]connected nodes,count=0
info|2025-12-11 12:00:28.395683|ioService-0x00007542a81ff640|[P2PService][Service][METRIC]heartBeat,connected count=3
info|2025-12-11 12:00:38.283107|timerFactory-0x00007542959ff640|[RPC][WS][SERVICE]connected nodes,count=0
info|2025-12-11 12:00:38.395733|ioService-0x00007542a81ff640|[P2PService][Service][METRIC]heartBeat,connected count=3
info|2025-12-11 12:00:48.283176|timerFactory-0x00007542959ff640|[RPC][WS][SERVICE]connected nodes,count=0
info|2025-12-11 12:00:48.395898|ioService-0x00007542a81ff640|[P2PService][Service][METRIC]heartBeat,connected count=3
info|2025-12-11 12:00:58.021364|objMonitor-0x00007542835ff640|[startMonitor][AliveObjectMonitor],AliveObjectAllocStat=[ type: bcos::gateway::Socket ,created: 9 ,destroyed: 5 ,alive: 4 ] 
info|2025-12-11 12:00:58.283197|timerFactory-0x00007542959ff640|[RPC][WS][SERVICE]connected nodes,count=0
info|2025-12-11 12:00:58.395957|ioService-0x00007542a81ff640|[P2PService][Service][METRIC]heartBeat,connected count=3
info|2025-12-11 12:01:08.283217|timerFactory-0x00007542959ff640|[RPC][WS][SERVICE]connected nodes,count=0
info|2025-12-11 12:01:08.396075|ioService-0x00007542a81ff640|[P2PService][Service][METRIC]heartBeat,connected count=3
info|2025-12-11 12:01:18.283239|timerFactory-0x00007542959ff640|[RPC][WS][SERVICE]connected nodes,count=0
info|2025-12-11 12:01:18.396099|ioService-0x00007542a81ff640|[P2PService][Service][METRIC]heartBeat,connected count=3
info|2025-12-11 12:01:28.283366|timerFactory-0x00007542959ff640|[RPC][WS][SERVICE]connected nodes,count=0
info|2025-12-11 12:01:28.396196|ioService-0x00007542a81ff640|[P2PService][Service][METRIC]heartBeat,connected count=3
info|2025-12-11 12:01:38.283403|timerFactory-0x00007542959ff640|[RPC][WS][SERVICE]connected nodes,count=0
info|2025-12-11 12:01:38.396258|ioService-0x00007542a81ff640|[P2PService][Service][METRIC]heartBeat,connected count=3
info|2025-12-11 12:01:48.283422|timerFactory-0x00007542959ff640|[RPC][WS][SERVICE]connected nodes,count=0
info|2025-12-11 12:01:48.396278|ioService-0x00007542a81ff640|[P2PService][Service][METRIC]heartBeat,connected count=3
info|2025-12-11 12:01:58.021449|objMonitor-0x00007542835ff640|[startMonitor][AliveObjectMonitor],AliveObjectAllocStat=[ type: bcos::gateway::Socket ,created: 9 ,destroyed: 5 ,alive: 4 ] 
info|2025-12-11 12:01:58.283442|timerFactory-0x00007542959ff640|[RPC][WS][SERVICE]connected nodes,count=0
info|2025-12-11 12:01:58.396302|ioService-0x00007542a81ff640|[P2PService][Service][METRIC]heartBeat,connected count=3
info|2025-12-11 12:02:08.283462|timerFactory-0x00007542959ff640|[RPC][WS][SERVICE]connected nodes,count=0
info|2025-12-11 12:02:08.396395|ioService-0x00007542a81ff640|[P2PService][Service][METRIC]heartBeat,connected count=3
info|2025-12-11 12:02:18.283486|timerFactory-0x00007542959ff640|[RPC][WS][SERVICE]connected nodes,count=0
info|2025-12-11 12:02:18.396417|ioService-0x00007542a81ff640|[P2PService][Service][METRIC]heartBeat,connected count=3
info|2025-12-11 12:02:28.283509|timerFactory-0x00007542959ff640|[RPC][WS][SERVICE]connected nodes,count=0
info|2025-12-11 12:02:28.396435|ioService-0x00007542a81ff640|[P2PService][Service][METRIC]heartBeat,connected count=3
info|2025-12-11 12:02:38.283542|timerFactory-0x00007542959ff640|[RPC][WS][SERVICE]connected nodes,count=0
info|2025-12-11 12:02:38.396501|ioService-0x00007542a81ff640|[P2PService][Service][METRIC]heartBeat,connected count=3
info|2025-12-11 12:02:48.283566|timerFactory-0x00007542959ff640|[RPC][WS][SERVICE]connected nodes,count=0
info|2025-12-11 12:02:48.396523|ioService-0x00007542a81ff640|[P2PService][Service][METRIC]heartBeat,connected count=3
info|2025-12-11 12:02:58.021485|objMonitor-0x00007542835ff640|[startMonitor][AliveObjectMonitor],AliveObjectAllocStat=[ type: bcos::gateway::Socket ,created: 9 ,destroyed: 5 ,alive: 4 ] 
info|2025-12-11 12:02:58.283626|timerFactory-0x00007542959ff640|[RPC][WS][SERVICE]connected nodes,count=0
info|2025-12-11 12:02:58.396541|ioService-0x00007542a81ff640|[P2PService][Service][METRIC]heartBeat,connected count=3
info|2025-12-11 12:03:08.283696|timerFactory-0x00007542959ff640|[RPC][WS][SERVICE]connected nodes,count=0
info|2025-12-11 12:03:08.396631|ioService-0x00007542a81ff640|[P2PService][Service][METRIC]heartBeat,connected count=3
info|2025-12-11 12:03:18.283754|timerFactory-0x00007542959ff640|[RPC][WS][SERVICE]connected nodes,count=0
info|2025-12-11 12:03:18.396729|ioService-0x00007542a81ff640|[P2PService][Service][METRIC]heartBeat,connected count=3
info|2025-12-11 12:03:28.283852|timerFactory-0x00007542959ff640|[RPC][WS][SERVICE]connected nodes,count=0
info|2025-12-11 12:03:28.396854|ioService-0x00007542a81ff640|[P2PService][Service][METRIC]heartBeat,connected count=3
info|2025-12-11 12:03:38.283918|timerFactory-0x00007542959ff640|[RPC][WS][SERVICE]connected nodes,count=0
info|2025-12-11 12:03:38.396975|ioService-0x00007542a81ff640|[P2PService][Service][METRIC]heartBeat,connected count=3
info|2025-12-11 12:03:48.283976|timerFactory-0x00007542959ff640|[RPC][WS][SERVICE]connected nodes,count=0
info|2025-12-11 12:03:48.397046|ioService-0x00007542a81ff640|[P2PService][Service][METRIC]heartBeat,connected count=3
info|2025-12-11 12:03:58.021615|objMonitor-0x00007542835ff640|[startMonitor][AliveObjectMonitor],AliveObjectAllocStat=[ type: bcos::gateway::Socket ,created: 9 ,destroyed: 5 ,alive: 4 ] [ type: bcos::gateway::ResponseCallback ,created: 1054733 ,destroyed: 1054728 ,alive: 5 ] 
info|2025-12-11 12:03:58.284040|timerFactory-0x00007542959ff640|[RPC][WS][SERVICE]connected nodes,count=0
info|2025-12-11 12:03:58.397088|ioService-0x00007542a81ff640|[P2PService][Service][METRIC]heartBeat,connected count=3
info|2025-12-11 12:04:08.284073|timerFactory-0x00007542959ff640|[RPC][WS][SERVICE]connected nodes,count=0
info|2025-12-11 12:04:08.397173|ioService-0x00007542a81ff640|[P2PService][Service][METRIC]heartBeat,connected count=3
info|2025-12-11 12:04:18.284129|timerFactory-0x00007542959ff640|[RPC][WS][SERVICE]connected nodes,count=0
info|2025-12-11 12:04:18.397377|ioService-0x00007542a81ff640|[P2PService][Service][METRIC]heartBeat,connected count=3
info|2025-12-11 12:04:28.284200|timerFactory-0x00007542959ff640|[RPC][WS][SERVICE]connected nodes,count=0
info|2025-12-11 12:04:28.397397|ioService-0x00007542a81ff640|[P2PService][Service][METRIC]heartBeat,connected count=3
info|2025-12-11 12:04:38.284258|timerFactory-0x00007542959ff640|[RPC][WS][SERVICE]connected nodes,count=0
info|2025-12-11 12:04:38.397455|ioService-0x00007542a81ff640|[P2PService][Service][METRIC]heartBeat,connected count=3
info|2025-12-11 12:04:48.284324|timerFactory-0x00007542959ff640|[RPC][WS][SERVICE]connected nodes,count=0
info|2025-12-11 12:04:48.397475|ioService-0x00007542a81ff640|[P2PService][Service][METRIC]heartBeat,connected count=3
info|2025-12-11 12:04:58.021650|objMonitor-0x00007542835ff640|[startMonitor][AliveObjectMonitor],AliveObjectAllocStat=[ type: bcos::gateway::Socket ,created: 9 ,destroyed: 5 ,alive: 4 ] 
info|2025-12-11 12:04:58.284350|timerFactory-0x00007542959ff640|[RPC][WS][SERVICE]connected nodes,count=0
info|2025-12-11 12:04:58.397647|ioService-0x00007542a81ff640|[P2PService][Service][METRIC]heartBeat,connected count=3
info|2025-12-11 12:05:08.284393|timerFactory-0x00007542959ff640|[RPC][WS][SERVICE]connected nodes,count=0
info|2025-12-11 12:05:08.397710|ioService-0x00007542a81ff640|[P2PService][Service][METRIC]heartBeat,connected count=3
info|2025-12-11 12:05:18.284422|timerFactory-0x00007542959ff640|[RPC][WS][SERVICE]connected nodes,count=0
info|2025-12-11 12:05:18.397742|ioService-0x00007542a81ff640|[P2PService][Service][METRIC]heartBeat,connected count=3
info|2025-12-11 12:05:28.284451|timerFactory-0x00007542959ff640|[RPC][WS][SERVICE]connected nodes,count=0
info|2025-12-11 12:05:28.397809|ioService-0x00007542a81ff640|[P2PService][Service][METRIC]heartBeat,connected count=3
info|2025-12-11 12:05:38.284557|timerFactory-0x00007542959ff640|[RPC][WS][SERVICE]connected nodes,count=0
info|2025-12-11 12:05:38.397859|ioService-0x00007542a81ff640|[P2PService][Service][METRIC]heartBeat,connected count=3
info|2025-12-11 12:05:48.284577|timerFactory-0x00007542959ff640|[RPC][WS][SERVICE]connected nodes,count=0
info|2025-12-11 12:05:48.397877|ioService-0x00007542a81ff640|[P2PService][Service][METRIC]heartBeat,connected count=3
info|2025-12-11 12:05:58.021826|objMonitor-0x00007542835ff640|[startMonitor][AliveObjectMonitor],AliveObjectAllocStat=[ type: bcos::gateway::Socket ,created: 9 ,destroyed: 5 ,alive: 4 ] 
info|2025-12-11 12:05:58.284599|timerFactory-0x00007542959ff640|[RPC][WS][SERVICE]connected nodes,count=0
info|2025-12-11 12:05:58.397896|ioService-0x00007542a81ff640|[P2PService][Service][METRIC]heartBeat,connected count=3
info|2025-12-11 12:06:08.284624|timerFactory-0x00007542959ff640|[RPC][WS][SERVICE]connected nodes,count=0
info|2025-12-11 12:06:08.397948|ioService-0x00007542a81ff640|[P2PService][Service][METRIC]heartBeat,connected count=3
info|2025-12-11 12:06:18.284653|timerFactory-0x00007542959ff640|[RPC][WS][SERVICE]connected nodes,count=0
info|2025-12-11 12:06:18.397971|ioService-0x00007542a81ff640|[P2PService][Service][METRIC]heartBeat,connected count=3
info|2025-12-11 12:06:28.284720|timerFactory-0x00007542959ff640|[RPC][WS][SERVICE]connected nodes,count=0
info|2025-12-11 12:06:28.398024|ioService-0x00007542a81ff640|[P2PService][Service][METRIC]heartBeat,connected count=3
info|2025-12-11 12:06:38.284778|timerFactory-0x00007542959ff640|[RPC][WS][SERVICE]connected nodes,count=0
info|2025-12-11 12:06:38.398105|ioService-0x00007542a81ff640|[P2PService][Service][METRIC]heartBeat,connected count=3
info|2025-12-11 12:06:48.284870|timerFactory-0x00007542959ff640|[RPC][WS][SERVICE]connected nodes,count=0
info|2025-12-11 12:06:48.398174|ioService-0x00007542a81ff640|[P2PService][Service][METRIC]heartBeat,connected count=3
info|2025-12-11 12:06:58.021866|objMonitor-0x00007542835ff640|[startMonitor][AliveObjectMonitor],AliveObjectAllocStat=[ type: bcos::gateway::Socket ,created: 9 ,destroyed: 5 ,alive: 4 ] 
info|2025-12-11 12:06:58.284896|timerFactory-0x00007542959ff640|[RPC][WS][SERVICE]connected nodes,count=0
info|2025-12-11 12:06:58.398307|ioService-0x00007542a81ff640|[P2PService][Service][METRIC]heartBeat,connected count=3
info|2025-12-11 12:07:08.284917|timerFactory-0x00007542959ff640|[RPC][WS][SERVICE]connected nodes,count=0
info|2025-12-11 12:07:08.398330|ioService-0x00007542a81ff640|[P2PService][Service][METRIC]heartBeat,connected count=3
info|2025-12-11 12:07:18.284937|timerFactory-0x00007542959ff640|[RPC][WS][SERVICE]connected nodes,count=0
info|2025-12-11 12:07:18.398348|ioService-0x00007542a81ff640|[P2PService][Service][METRIC]heartBeat,connected count=3
info|2025-12-11 12:07:28.284962|timerFactory-0x00007542959ff640|[RPC][WS][SERVICE]connected nodes,count=0
info|2025-12-11 12:07:28.398366|ioService-0x00007542a81ff640|[P2PService][Service][METRIC]heartBeat,connected count=3
info|2025-12-11 12:07:38.285032|timerFactory-0x00007542959ff640|[RPC][WS][SERVICE]connected nodes,count=0
info|2025-12-11 12:07:38.398383|ioService-0x00007542a81ff640|[P2PService][Service][METRIC]heartBeat,connected count=3
info|2025-12-11 12:07:48.285165|timerFactory-0x00007542959ff640|[RPC][WS][SERVICE]connected nodes,count=0
info|2025-12-11 12:07:48.398399|ioService-0x00007542a81ff640|[P2PService][Service][METRIC]heartBeat,connected count=3
info|2025-12-11 12:07:58.022061|objMonitor-0x00007542835ff640|[startMonitor][AliveObjectMonitor],AliveObjectAllocStat=[ type: bcos::gateway::Socket ,created: 9 ,destroyed: 5 ,alive: 4 ] 
info|2025-12-11 12:07:58.285194|timerFactory-0x00007542959ff640|[RPC][WS][SERVICE]connected nodes,count=0
info|2025-12-11 12:07:58.398471|ioService-0x00007542a81ff640|[P2PService][Service][METRIC]heartBeat,connected count=3
info|2025-12-11 12:08:08.285233|timerFactory-0x00007542959ff640|[RPC][WS][SERVICE]connected nodes,count=0
info|2025-12-11 12:08:08.398493|ioService-0x00007542a81ff640|[P2PService][Service][METRIC]heartBeat,connected count=3
info|2025-12-11 12:08:18.285264|timerFactory-0x00007542959ff640|[RPC][WS][SERVICE]connected nodes,count=0
info|2025-12-11 12:08:18.398628|ioService-0x00007542a81ff640|[P2PService][Service][METRIC]heartBeat,connected count=3
info|2025-12-11 12:08:28.285291|timerFactory-0x00007542959ff640|[RPC][WS][SERVICE]connected nodes,count=0
info|2025-12-11 12:08:28.398750|ioService-0x00007542a81ff640|[P2PService][Service][METRIC]heartBeat,connected count=3
info|2025-12-11 12:08:38.285318|timerFactory-0x00007542959ff640|[RPC][WS][SERVICE]connected nodes,count=0
info|2025-12-11 12:08:38.398806|ioService-0x00007542a81ff640|[P2PService][Service][METRIC]heartBeat,connected count=3
info|2025-12-11 12:08:48.285384|timerFactory-0x00007542959ff640|[RPC][WS][SERVICE]connected nodes,count=0
info|2025-12-11 12:08:48.398859|ioService-0x00007542a81ff640|[P2PService][Service][METRIC]heartBeat,connected count=3
info|2025-12-11 12:08:58.022175|objMonitor-0x00007542835ff640|[startMonitor][AliveObjectMonitor],AliveObjectAllocStat=[ type: bcos::gateway::Socket ,created: 9 ,destroyed: 5 ,alive: 4 ] 
info|2025-12-11 12:08:58.285414|timerFactory-0x00007542959ff640|[RPC][WS][SERVICE]connected nodes,count=0
info|2025-12-11 12:08:58.398995|ioService-0x00007542a81ff640|[P2PService][Service][METRIC]heartBeat,connected count=3
info|2025-12-11 12:09:08.285444|timerFactory-0x00007542959ff640|[RPC][WS][SERVICE]connected nodes,count=0
info|2025-12-11 12:09:08.399051|ioService-0x00007542a81ff640|[P2PService][Service][METRIC]heartBeat,connected count=3
info|2025-12-11 12:09:18.285471|timerFactory-0x00007542959ff640|[RPC][WS][SERVICE]connected nodes,count=0
info|2025-12-11 12:09:18.399089|ioService-0x00007542a81ff640|[P2PService][Service][METRIC]heartBeat,connected count=3
info|2025-12-11 12:09:28.285500|timerFactory-0x00007542959ff640|[RPC][WS][SERVICE]connected nodes,count=0
info|2025-12-11 12:09:28.399144|ioService-0x00007542a81ff640|[P2PService][Service][METRIC]heartBeat,connected count=3
info|2025-12-11 12:09:38.285528|timerFactory-0x00007542959ff640|[RPC][WS][SERVICE]connected nodes,count=0
info|2025-12-11 12:09:38.399209|ioService-0x00007542a81ff640|[P2PService][Service][METRIC]heartBeat,connected count=3
info|2025-12-11 12:09:48.285557|timerFactory-0x00007542959ff640|[RPC][WS][SERVICE]connected nodes,count=0
info|2025-12-11 12:09:48.399234|ioService-0x00007542a81ff640|[P2PService][Service][METRIC]heartBeat,connected count=3
info|2025-12-11 12:09:58.022211|objMonitor-0x00007542835ff640|[startMonitor][AliveObjectMonitor],AliveObjectAllocStat=[ type: bcos::gateway::Socket ,created: 9 ,destroyed: 5 ,alive: 4 ] 
info|2025-12-11 12:09:58.285585|timerFactory-0x00007542959ff640|[RPC][WS][SERVICE]connected nodes,count=0
info|2025-12-11 12:09:58.399312|ioService-0x00007542a81ff640|[P2PService][Service][METRIC]heartBeat,connected count=3
info|2025-12-11 12:10:08.285615|timerFactory-0x00007542959ff640|[RPC][WS][SERVICE]connected nodes,count=0
info|2025-12-11 12:10:08.399423|ioService-0x00007542a81ff640|[P2PService][Service][METRIC]heartBeat,connected count=3
info|2025-12-11 12:10:18.285647|timerFactory-0x00007542959ff640|[RPC][WS][SERVICE]connected nodes,count=0
info|2025-12-11 12:10:18.399453|ioService-0x00007542a81ff640|[P2PService][Service][METRIC]heartBeat,connected count=3
info|2025-12-11 12:10:28.285726|timerFactory-0x00007542959ff640|[RPC][WS][SERVICE]connected nodes,count=0
info|2025-12-11 12:10:28.399507|ioService-0x00007542a81ff640|[P2PService][Service][METRIC]heartBeat,connected count=3
info|2025-12-11 12:10:38.285804|timerFactory-0x00007542959ff640|[RPC][WS][SERVICE]connected nodes,count=0
info|2025-12-11 12:10:38.399532|ioService-0x00007542a81ff640|[P2PService][Service][METRIC]heartBeat,connected count=3
info|2025-12-11 12:10:48.285835|timerFactory-0x00007542959ff640|[RPC][WS][SERVICE]connected nodes,count=0
info|2025-12-11 12:10:48.399552|ioService-0x00007542a81ff640|[P2PService][Service][METRIC]heartBeat,connected count=3
info|2025-12-11 12:10:58.022291|objMonitor-0x00007542835ff640|[startMonitor][AliveObjectMonitor],AliveObjectAllocStat=[ type: bcos::gateway::Socket ,created: 9 ,destroyed: 5 ,alive: 4 ] 
info|2025-12-11 12:10:58.285861|timerFactory-0x00007542959ff640|[RPC][WS][SERVICE]connected nodes,count=0
info|2025-12-11 12:10:58.399833|ioService-0x00007542a81ff640|[P2PService][Service][METRIC]heartBeat,connected count=3
info|2025-12-11 12:11:08.285888|timerFactory-0x00007542959ff640|[RPC][WS][SERVICE]connected nodes,count=0
info|2025-12-11 12:11:08.399877|ioService-0x00007542a81ff640|[P2PService][Service][METRIC]heartBeat,connected count=3
info|2025-12-11 12:11:18.285922|timerFactory-0x00007542959ff640|[RPC][WS][SERVICE]connected nodes,count=0
info|2025-12-11 12:11:18.399898|ioService-0x00007542a81ff640|[P2PService][Service][METRIC]heartBeat,connected count=3
info|2025-12-11 12:11:28.286022|timerFactory-0x00007542959ff640|[RPC][WS][SERVICE]connected nodes,count=0
info|2025-12-11 12:11:28.399927|ioService-0x00007542a81ff640|[P2PService][Service][METRIC]heartBeat,connected count=3
info|2025-12-11 12:11:38.286101|timerFactory-0x00007542959ff640|[RPC][WS][SERVICE]connected nodes,count=0
info|2025-12-11 12:11:38.400003|ioService-0x00007542a81ff640|[P2PService][Service][METRIC]heartBeat,connected count=3
info|2025-12-11 12:11:48.286132|timerFactory-0x00007542959ff640|[RPC][WS][SERVICE]connected nodes,count=0
info|2025-12-11 12:11:48.400096|ioService-0x00007542a81ff640|[P2PService][Service][METRIC]heartBeat,connected count=3
info|2025-12-11 12:11:58.022440|objMonitor-0x00007542835ff640|[startMonitor][AliveObjectMonitor],AliveObjectAllocStat=[ type: bcos::gateway::Socket ,created: 9 ,destroyed: 5 ,alive: 4 ] 
info|2025-12-11 12:11:58.286294|timerFactory-0x00007542959ff640|[RPC][WS][SERVICE]connected nodes,count=0
info|2025-12-11 12:11:58.400192|ioService-0x00007542a81ff640|[P2PService][Service][METRIC]heartBeat,connected count=3
info|2025-12-11 12:12:08.286313|timerFactory-0x00007542959ff640|[RPC][WS][SERVICE]connected nodes,count=0
info|2025-12-11 12:12:08.400267|ioService-0x00007542a81ff640|[P2PService][Service][METRIC]heartBeat,connected count=3
info|2025-12-11 12:12:18.286332|timerFactory-0x00007542959ff640|[RPC][WS][SERVICE]connected nodes,count=0
info|2025-12-11 12:12:18.400333|ioService-0x00007542a81ff640|[P2PService][Service][METRIC]heartBeat,connected count=3
info|2025-12-11 12:12:28.286352|timerFactory-0x00007542959ff640|[RPC][WS][SERVICE]connected nodes,count=0
info|2025-12-11 12:12:28.400371|ioService-0x00007542a81ff640|[P2PService][Service][METRIC]heartBeat,connected count=3
info|2025-12-11 12:12:38.286403|timerFactory-0x00007542959ff640|[RPC][WS][SERVICE]connected nodes,count=0
info|2025-12-11 12:12:38.400435|ioService-0x00007542a81ff640|[P2PService][Service][METRIC]heartBeat,connected count=3
info|2025-12-11 12:12:48.286460|timerFactory-0x00007542959ff640|[RPC][WS][SERVICE]connected nodes,count=0
info|2025-12-11 12:12:48.400462|ioService-0x00007542a81ff640|[P2PService][Service][METRIC]heartBeat,connected count=3
info|2025-12-11 12:12:58.022529|objMonitor-0x00007542835ff640|[startMonitor][AliveObjectMonitor],AliveObjectAllocStat=[ type: bcos::gateway::Socket ,created: 9 ,destroyed: 5 ,alive: 4 ] 
info|2025-12-11 12:12:58.286488|timerFactory-0x00007542959ff640|[RPC][WS][SERVICE]connected nodes,count=0
info|2025-12-11 12:12:58.400518|ioService-0x00007542a81ff640|[P2PService][Service][METRIC]heartBeat,connected count=3
info|2025-12-11 12:13:08.286521|timerFactory-0x00007542959ff640|[RPC][WS][SERVICE]connected nodes,count=0
info|2025-12-11 12:13:08.400589|ioService-0x00007542a81ff640|[P2PService][Service][METRIC]heartBeat,connected count=3
info|2025-12-11 12:13:18.286550|timerFactory-0x00007542959ff640|[RPC][WS][SERVICE]connected nodes,count=0
info|2025-12-11 12:13:18.400674|ioService-0x00007542a81ff640|[P2PService][Service][METRIC]heartBeat,connected count=3
info|2025-12-11 12:13:28.286578|timerFactory-0x00007542959ff640|[RPC][WS][SERVICE]connected nodes,count=0
info|2025-12-11 12:13:28.400773|ioService-0x00007542a81ff640|[P2PService][Service][METRIC]heartBeat,connected count=3
info|2025-12-11 12:13:38.286605|timerFactory-0x00007542959ff640|[RPC][WS][SERVICE]connected nodes,count=0
info|2025-12-11 12:13:38.400801|ioService-0x00007542a81ff640|[P2PService][Service][METRIC]heartBeat,connected count=3
info|2025-12-11 12:13:48.286633|timerFactory-0x00007542959ff640|[RPC][WS][SERVICE]connected nodes,count=0
info|2025-12-11 12:13:48.400943|ioService-0x00007542a81ff640|[P2PService][Service][METRIC]heartBeat,connected count=3
info|2025-12-11 12:13:58.022569|objMonitor-0x00007542835ff640|[startMonitor][AliveObjectMonitor],AliveObjectAllocStat=[ type: bcos::gateway::Socket ,created: 9 ,destroyed: 5 ,alive: 4 ] 
info|2025-12-11 12:13:58.286801|timerFactory-0x00007542959ff640|[RPC][WS][SERVICE]connected nodes,count=0
info|2025-12-11 12:13:58.401069|ioService-0x00007542a81ff640|[P2PService][Service][METRIC]heartBeat,connected count=3
info|2025-12-11 12:14:08.286883|timerFactory-0x00007542959ff640|[RPC][WS][SERVICE]connected nodes,count=0
info|2025-12-11 12:14:08.401132|ioService-0x00007542a81ff640|[P2PService][Service][METRIC]heartBeat,connected count=3
info|2025-12-11 12:14:18.286951|timerFactory-0x00007542959ff640|[RPC][WS][SERVICE]connected nodes,count=0
info|2025-12-11 12:14:18.401242|ioService-0x00007542a81ff640|[P2PService][Service][METRIC]heartBeat,connected count=3
info|2025-12-11 12:14:28.287015|timerFactory-0x00007542959ff640|[RPC][WS][SERVICE]connected nodes,count=0
info|2025-12-11 12:14:28.401310|ioService-0x00007542a81ff640|[P2PService][Service][METRIC]heartBeat,connected count=3
info|2025-12-11 12:14:38.287080|timerFactory-0x00007542959ff640|[RPC][WS][SERVICE]connected nodes,count=0
info|2025-12-11 12:14:38.401336|ioService-0x00007542a81ff640|[P2PService][Service][METRIC]heartBeat,connected count=3
info|2025-12-11 12:14:48.287120|timerFactory-0x00007542959ff640|[RPC][WS][SERVICE]connected nodes,count=0
info|2025-12-11 12:14:48.401365|ioService-0x00007542a81ff640|[P2PService][Service][METRIC]heartBeat,connected count=3
info|2025-12-11 12:14:58.022611|objMonitor-0x00007542835ff640|[startMonitor][AliveObjectMonitor],AliveObjectAllocStat=[ type: bcos::gateway::Socket ,created: 9 ,destroyed: 5 ,alive: 4 ] 
info|2025-12-11 12:14:58.287157|timerFactory-0x00007542959ff640|[RPC][WS][SERVICE]connected nodes,count=0
info|2025-12-11 12:14:58.401389|ioService-0x00007542a81ff640|[P2PService][Service][METRIC]heartBeat,connected count=3
info|2025-12-11 12:15:08.287194|timerFactory-0x00007542959ff640|[RPC][WS][SERVICE]connected nodes,count=0
info|2025-12-11 12:15:08.401410|ioService-0x00007542a81ff640|[P2PService][Service][METRIC]heartBeat,connected count=3
info|2025-12-11 12:15:18.287227|timerFactory-0x00007542959ff640|[RPC][WS][SERVICE]connected nodes,count=0
info|2025-12-11 12:15:18.401430|ioService-0x00007542a81ff640|[P2PService][Service][METRIC]heartBeat,connected count=3
info|2025-12-11 12:15:28.287259|timerFactory-0x00007542959ff640|[RPC][WS][SERVICE]connected nodes,count=0
info|2025-12-11 12:15:28.401504|ioService-0x00007542a81ff640|[P2PService][Service][METRIC]heartBeat,connected count=3
info|2025-12-11 12:15:38.287335|timerFactory-0x00007542959ff640|[RPC][WS][SERVICE]connected nodes,count=0
info|2025-12-11 12:15:38.401533|ioService-0x00007542a81ff640|[P2PService][Service][METRIC]heartBeat,connected count=3
info|2025-12-11 12:15:48.287364|timerFactory-0x00007542959ff640|[RPC][WS][SERVICE]connected nodes,count=0
info|2025-12-11 12:15:48.401590|ioService-0x00007542a81ff640|[P2PService][Service][METRIC]heartBeat,connected count=3
info|2025-12-11 12:15:58.022701|objMonitor-0x00007542835ff640|[startMonitor][AliveObjectMonitor],AliveObjectAllocStat=[ type: bcos::gateway::Socket ,created: 9 ,destroyed: 5 ,alive: 4 ] [ type: bcos::gateway::ResponseCallback ,created: 1065524 ,destroyed: 1065519 ,alive: 5 ] 
info|2025-12-11 12:15:58.287395|timerFactory-0x00007542959ff640|[RPC][WS][SERVICE]connected nodes,count=0
info|2025-12-11 12:15:58.401637|ioService-0x00007542a81ff640|[P2PService][Service][METRIC]heartBeat,connected count=3
info|2025-12-11 12:16:08.287472|timerFactory-0x00007542959ff640|[RPC][WS][SERVICE]connected nodes,count=0
info|2025-12-11 12:16:08.401709|ioService-0x00007542a81ff640|[P2PService][Service][METRIC]heartBeat,connected count=3
info|2025-12-11 12:16:18.287505|timerFactory-0x00007542959ff640|[RPC][WS][SERVICE]connected nodes,count=0
info|2025-12-11 12:16:18.401728|ioService-0x00007542a81ff640|[P2PService][Service][METRIC]heartBeat,connected count=3
info|2025-12-11 12:16:28.287537|timerFactory-0x00007542959ff640|[RPC][WS][SERVICE]connected nodes,count=0
info|2025-12-11 12:16:28.401899|ioService-0x00007542a81ff640|[P2PService][Service][METRIC]heartBeat,connected count=3
info|2025-12-11 12:16:38.287563|timerFactory-0x00007542959ff640|[RPC][WS][SERVICE]connected nodes,count=0
info|2025-12-11 12:16:38.402056|ioService-0x00007542a81ff640|[P2PService][Service][METRIC]heartBeat,connected count=3
info|2025-12-11 12:16:48.287594|timerFactory-0x00007542959ff640|[RPC][WS][SERVICE]connected nodes,count=0
info|2025-12-11 12:16:48.402109|ioService-0x00007542a81ff640|[P2PService][Service][METRIC]heartBeat,connected count=3
info|2025-12-11 12:16:58.022739|objMonitor-0x00007542835ff640|[startMonitor][AliveObjectMonitor],AliveObjectAllocStat=[ type: bcos::gateway::Socket ,created: 9 ,destroyed: 5 ,alive: 4 ] 
info|2025-12-11 12:16:58.287654|timerFactory-0x00007542959ff640|[RPC][WS][SERVICE]connected nodes,count=0
info|2025-12-11 12:16:58.402189|ioService-0x00007542a81ff640|[P2PService][Service][METRIC]heartBeat,connected count=3
info|2025-12-11 12:17:08.287681|timerFactory-0x00007542959ff640|[RPC][WS][SERVICE]connected nodes,count=0
info|2025-12-11 12:17:08.402250|ioService-0x00007542a81ff640|[P2PService][Service][METRIC]heartBeat,connected count=3
info|2025-12-11 12:17:18.287743|timerFactory-0x00007542959ff640|[RPC][WS][SERVICE]connected nodes,count=0
info|2025-12-11 12:17:18.402305|ioService-0x00007542a81ff640|[P2PService][Service][METRIC]heartBeat,connected count=3
info|2025-12-11 12:17:28.287772|timerFactory-0x00007542959ff640|[RPC][WS][SERVICE]connected nodes,count=0
info|2025-12-11 12:17:28.402331|ioService-0x00007542a81ff640|[P2PService][Service][METRIC]heartBeat,connected count=3
info|2025-12-11 12:17:38.287801|timerFactory-0x00007542959ff640|[RPC][WS][SERVICE]connected nodes,count=0
info|2025-12-11 12:17:38.402358|ioService-0x00007542a81ff640|[P2PService][Service][METRIC]heartBeat,connected count=3
info|2025-12-11 12:17:48.287829|timerFactory-0x00007542959ff640|[RPC][WS][SERVICE]connected nodes,count=0
info|2025-12-11 12:17:48.402443|ioService-0x00007542a81ff640|[P2PService][Service][METRIC]heartBeat,connected count=3
info|2025-12-11 12:17:58.022831|objMonitor-0x00007542835ff640|[startMonitor][AliveObjectMonitor],AliveObjectAllocStat=[ type: bcos::gateway::Socket ,created: 9 ,destroyed: 5 ,alive: 4 ] 
info|2025-12-11 12:17:58.287934|timerFactory-0x00007542959ff640|[RPC][WS][SERVICE]connected nodes,count=0
info|2025-12-11 12:17:58.402500|ioService-0x00007542a81ff640|[P2PService][Service][METRIC]heartBeat,connected count=3
info|2025-12-11 12:18:08.287972|timerFactory-0x00007542959ff640|[RPC][WS][SERVICE]connected nodes,count=0
info|2025-12-11 12:18:08.402520|ioService-0x00007542a81ff640|[P2PService][Service][METRIC]heartBeat,connected count=3
info|2025-12-11 12:18:18.288004|timerFactory-0x00007542959ff640|[RPC][WS][SERVICE]connected nodes,count=0
info|2025-12-11 12:18:18.402538|ioService-0x00007542a81ff640|[P2PService][Service][METRIC]heartBeat,connected count=3
info|2025-12-11 12:18:28.288036|timerFactory-0x00007542959ff640|[RPC][WS][SERVICE]connected nodes,count=0
info|2025-12-11 12:18:28.402568|ioService-0x00007542a81ff640|[P2PService][Service][METRIC]heartBeat,connected count=3
info|2025-12-11 12:18:38.288071|timerFactory-0x00007542959ff640|[RPC][WS][SERVICE]connected nodes,count=0
info|2025-12-11 12:18:38.402685|ioService-0x00007542a81ff640|[P2PService][Service][METRIC]heartBeat,connected count=3
info|2025-12-11 12:18:48.288104|timerFactory-0x00007542959ff640|[RPC][WS][SERVICE]connected nodes,count=0
info|2025-12-11 12:18:48.402726|ioService-0x00007542a81ff640|[P2PService][Service][METRIC]heartBeat,connected count=3
info|2025-12-11 12:18:58.022981|objMonitor-0x00007542835ff640|[startMonitor][AliveObjectMonitor],AliveObjectAllocStat=[ type: bcos::gateway::Socket ,created: 9 ,destroyed: 5 ,alive: 4 ] 
info|2025-12-11 12:18:58.288196|timerFactory-0x00007542959ff640|[RPC][WS][SERVICE]connected nodes,count=0
info|2025-12-11 12:18:58.402774|ioService-0x00007542a81ff640|[P2PService][Service][METRIC]heartBeat,connected count=3
info|2025-12-11 12:19:08.288229|timerFactory-0x00007542959ff640|[RPC][WS][SERVICE]connected nodes,count=0
info|2025-12-11 12:19:08.402870|ioService-0x00007542a81ff640|[P2PService][Service][METRIC]heartBeat,connected count=3
info|2025-12-11 12:19:18.288260|timerFactory-0x00007542959ff640|[RPC][WS][SERVICE]connected nodes,count=0
info|2025-12-11 12:19:18.402945|ioService-0x00007542a81ff640|[P2PService][Service][METRIC]heartBeat,connected count=3
info|2025-12-11 12:19:28.288322|timerFactory-0x00007542959ff640|[RPC][WS][SERVICE]connected nodes,count=0
info|2025-12-11 12:19:28.403053|ioService-0x00007542a81ff640|[P2PService][Service][METRIC]heartBeat,connected count=3
info|2025-12-11 12:19:38.288421|timerFactory-0x00007542959ff640|[RPC][WS][SERVICE]connected nodes,count=0
info|2025-12-11 12:19:38.403165|ioService-0x00007542a81ff640|[P2PService][Service][METRIC]heartBeat,connected count=3
info|2025-12-11 12:19:48.288443|timerFactory-0x00007542959ff640|[RPC][WS][SERVICE]connected nodes,count=0
info|2025-12-11 12:19:48.403186|ioService-0x00007542a81ff640|[P2PService][Service][METRIC]heartBeat,connected count=3
info|2025-12-11 12:19:58.023030|objMonitor-0x00007542835ff640|[startMonitor][AliveObjectMonitor],AliveObjectAllocStat=[ type: bcos::gateway::Socket ,created: 9 ,destroyed: 5 ,alive: 4 ] 
info|2025-12-11 12:19:58.288511|timerFactory-0x00007542959ff640|[RPC][WS][SERVICE]connected nodes,count=0
info|2025-12-11 12:19:58.403206|ioService-0x00007542a81ff640|[P2PService][Service][METRIC]heartBeat,connected count=3
info|2025-12-11 12:20:08.288532|timerFactory-0x00007542959ff640|[RPC][WS][SERVICE]connected nodes,count=0
info|2025-12-11 12:20:08.403262|ioService-0x00007542a81ff640|[P2PService][Service][METRIC]heartBeat,connected count=3
info|2025-12-11 12:20:18.288551|timerFactory-0x00007542959ff640|[RPC][WS][SERVICE]connected nodes,count=0
info|2025-12-11 12:20:18.403351|ioService-0x00007542a81ff640|[P2PService][Service][METRIC]heartBeat,connected count=3
info|2025-12-11 12:20:28.288574|timerFactory-0x00007542959ff640|[RPC][WS][SERVICE]connected nodes,count=0
info|2025-12-11 12:20:28.403431|ioService-0x00007542a81ff640|[P2PService][Service][METRIC]heartBeat,connected count=3
info|2025-12-11 12:20:38.288597|timerFactory-0x00007542959ff640|[RPC][WS][SERVICE]connected nodes,count=0
info|2025-12-11 12:20:38.403529|ioService-0x00007542a81ff640|[P2PService][Service][METRIC]heartBeat,connected count=3
info|2025-12-11 12:20:48.288619|timerFactory-0x00007542959ff640|[RPC][WS][SERVICE]connected nodes,count=0
info|2025-12-11 12:20:48.403547|ioService-0x00007542a81ff640|[P2PService][Service][METRIC]heartBeat,connected count=3
info|2025-12-11 12:20:58.023066|objMonitor-0x00007542835ff640|[startMonitor][AliveObjectMonitor],AliveObjectAllocStat=[ type: bcos::gateway::Socket ,created: 9 ,destroyed: 5 ,alive: 4 ] 
info|2025-12-11 12:20:58.288643|timerFactory-0x00007542959ff640|[RPC][WS][SERVICE]connected nodes,count=0
info|2025-12-11 12:20:58.403611|ioService-0x00007542a81ff640|[P2PService][Service][METRIC]heartBeat,connected count=3
info|2025-12-11 12:21:08.288663|timerFactory-0x00007542959ff640|[RPC][WS][SERVICE]connected nodes,count=0
info|2025-12-11 12:21:08.403723|ioService-0x00007542a81ff640|[P2PService][Service][METRIC]heartBeat,connected count=3
info|2025-12-11 12:21:18.288688|timerFactory-0x00007542959ff640|[RPC][WS][SERVICE]connected nodes,count=0
info|2025-12-11 12:21:18.403894|ioService-0x00007542a81ff640|[P2PService][Service][METRIC]heartBeat,connected count=3
info|2025-12-11 12:21:28.288708|timerFactory-0x00007542959ff640|[RPC][WS][SERVICE]connected nodes,count=0
info|2025-12-11 12:21:28.403916|ioService-0x00007542a81ff640|[P2PService][Service][METRIC]heartBeat,connected count=3
info|2025-12-11 12:21:38.288734|timerFactory-0x00007542959ff640|[RPC][WS][SERVICE]connected nodes,count=0
info|2025-12-11 12:21:38.403967|ioService-0x00007542a81ff640|[P2PService][Service][METRIC]heartBeat,connected count=3
info|2025-12-11 12:21:48.288759|timerFactory-0x00007542959ff640|[RPC][WS][SERVICE]connected nodes,count=0
info|2025-12-11 12:21:48.403990|ioService-0x00007542a81ff640|[P2PService][Service][METRIC]heartBeat,connected count=3
info|2025-12-11 12:21:58.023101|objMonitor-0x00007542835ff640|[startMonitor][AliveObjectMonitor],AliveObjectAllocStat=[ type: bcos::gateway::Socket ,created: 9 ,destroyed: 5 ,alive: 4 ] 
info|2025-12-11 12:21:58.288826|timerFactory-0x00007542959ff640|[RPC][WS][SERVICE]connected nodes,count=0
info|2025-12-11 12:21:58.404015|ioService-0x00007542a81ff640|[P2PService][Service][METRIC]heartBeat,connected count=3
info|2025-12-11 12:22:08.288846|timerFactory-0x00007542959ff640|[RPC][WS][SERVICE]connected nodes,count=0
info|2025-12-11 12:22:08.404095|ioService-0x00007542a81ff640|[P2PService][Service][METRIC]heartBeat,connected count=3
info|2025-12-11 12:22:18.288868|timerFactory-0x00007542959ff640|[RPC][WS][SERVICE]connected nodes,count=0
info|2025-12-11 12:22:18.404246|ioService-0x00007542a81ff640|[P2PService][Service][METRIC]heartBeat,connected count=3
info|2025-12-11 12:22:28.288893|timerFactory-0x00007542959ff640|[RPC][WS][SERVICE]connected nodes,count=0
info|2025-12-11 12:22:28.404281|ioService-0x00007542a81ff640|[P2PService][Service][METRIC]heartBeat,connected count=3
info|2025-12-11 12:22:38.288916|timerFactory-0x00007542959ff640|[RPC][WS][SERVICE]connected nodes,count=0
info|2025-12-11 12:22:38.404305|ioService-0x00007542a81ff640|[P2PService][Service][METRIC]heartBeat,connected count=3
info|2025-12-11 12:22:48.288938|timerFactory-0x00007542959ff640|[RPC][WS][SERVICE]connected nodes,count=0
info|2025-12-11 12:22:48.404334|ioService-0x00007542a81ff640|[P2PService][Service][METRIC]heartBeat,connected count=3
info|2025-12-11 12:22:58.023254|objMonitor-0x00007542835ff640|[startMonitor][AliveObjectMonitor],AliveObjectAllocStat=[ type: bcos::gateway::Socket ,created: 9 ,destroyed: 5 ,alive: 4 ] 
info|2025-12-11 12:22:58.289037|timerFactory-0x00007542959ff640|[RPC][WS][SERVICE]connected nodes,count=0
info|2025-12-11 12:22:58.404358|ioService-0x00007542a81ff640|[P2PService][Service][METRIC]heartBeat,connected count=3
info|2025-12-11 12:23:08.289116|timerFactory-0x00007542959ff640|[RPC][WS][SERVICE]connected nodes,count=0
info|2025-12-11 12:23:08.404377|ioService-0x00007542a81ff640|[P2PService][Service][METRIC]heartBeat,connected count=3
info|2025-12-11 12:23:18.289204|timerFactory-0x00007542959ff640|[RPC][WS][SERVICE]connected nodes,count=0
info|2025-12-11 12:23:18.404396|ioService-0x00007542a81ff640|[P2PService][Service][METRIC]heartBeat,connected count=3
info|2025-12-11 12:23:28.289225|timerFactory-0x00007542959ff640|[RPC][WS][SERVICE]connected nodes,count=0
info|2025-12-11 12:23:28.404416|ioService-0x00007542a81ff640|[P2PService][Service][METRIC]heartBeat,connected count=3
info|2025-12-11 12:23:38.289246|timerFactory-0x00007542959ff640|[RPC][WS][SERVICE]connected nodes,count=0
info|2025-12-11 12:23:38.404442|ioService-0x00007542a81ff640|[P2PService][Service][METRIC]heartBeat,connected count=3
info|2025-12-11 12:23:48.289268|timerFactory-0x00007542959ff640|[RPC][WS][SERVICE]connected nodes,count=0
info|2025-12-11 12:23:48.404467|ioService-0x00007542a81ff640|[P2PService][Service][METRIC]heartBeat,connected count=3
info|2025-12-11 12:23:58.023413|objMonitor-0x00007542835ff640|[startMonitor][AliveObjectMonitor],AliveObjectAllocStat=[ type: bcos::gateway::Socket ,created: 9 ,destroyed: 5 ,alive: 4 ] [ type: bcos::gateway::ResponseCallback ,created: 1072718 ,destroyed: 1072714 ,alive: 4 ] 
info|2025-12-11 12:23:58.289287|timerFactory-0x00007542959ff640|[RPC][WS][SERVICE]connected nodes,count=0
info|2025-12-11 12:23:58.404493|ioService-0x00007542a81ff640|[P2PService][Service][METRIC]heartBeat,connected count=3
info|2025-12-11 12:24:08.289358|timerFactory-0x00007542959ff640|[RPC][WS][SERVICE]connected nodes,count=0
info|2025-12-11 12:24:08.404527|ioService-0x00007542a81ff640|[P2PService][Service][METRIC]heartBeat,connected count=3
info|2025-12-11 12:24:18.289378|timerFactory-0x00007542959ff640|[RPC][WS][SERVICE]connected nodes,count=0
info|2025-12-11 12:24:18.404592|ioService-0x00007542a81ff640|[P2PService][Service][METRIC]heartBeat,connected count=3
info|2025-12-11 12:24:28.289402|timerFactory-0x00007542959ff640|[RPC][WS][SERVICE]connected nodes,count=0
info|2025-12-11 12:24:28.404620|ioService-0x00007542a81ff640|[P2PService][Service][METRIC]heartBeat,connected count=3
info|2025-12-11 12:24:38.289423|timerFactory-0x00007542959ff640|[RPC][WS][SERVICE]connected nodes,count=0
info|2025-12-11 12:24:38.404706|ioService-0x00007542a81ff640|[P2PService][Service][METRIC]heartBeat,connected count=3
info|2025-12-11 12:24:48.289447|timerFactory-0x00007542959ff640|[RPC][WS][SERVICE]connected nodes,count=0
info|2025-12-11 12:24:48.404872|ioService-0x00007542a81ff640|[P2PService][Service][METRIC]heartBeat,connected count=3
info|2025-12-11 12:24:58.023454|objMonitor-0x00007542835ff640|[startMonitor][AliveObjectMonitor],AliveObjectAllocStat=[ type: bcos::gateway::Socket ,created: 9 ,destroyed: 5 ,alive: 4 ] 
info|2025-12-11 12:24:58.289473|timerFactory-0x00007542959ff640|[RPC][WS][SERVICE]connected nodes,count=0
info|2025-12-11 12:24:58.404911|ioService-0x00007542a81ff640|[P2PService][Service][METRIC]heartBeat,connected count=3
info|2025-12-11 12:25:08.289498|timerFactory-0x00007542959ff640|[RPC][WS][SERVICE]connected nodes,count=0
info|2025-12-11 12:25:08.404940|ioService-0x00007542a81ff640|[P2PService][Service][METRIC]heartBeat,connected count=3
info|2025-12-11 12:25:18.289519|timerFactory-0x00007542959ff640|[RPC][WS][SERVICE]connected nodes,count=0
info|2025-12-11 12:25:18.405002|ioService-0x00007542a81ff640|[P2PService][Service][METRIC]heartBeat,connected count=3
info|2025-12-11 12:25:28.289585|timerFactory-0x00007542959ff640|[RPC][WS][SERVICE]connected nodes,count=0
info|2025-12-11 12:25:28.405026|ioService-0x00007542a81ff640|[P2PService][Service][METRIC]heartBeat,connected count=3
info|2025-12-11 12:25:38.289607|timerFactory-0x00007542959ff640|[RPC][WS][SERVICE]connected nodes,count=0
info|2025-12-11 12:25:38.405144|ioService-0x00007542a81ff640|[P2PService][Service][METRIC]heartBeat,connected count=3
info|2025-12-11 12:25:48.289631|timerFactory-0x00007542959ff640|[RPC][WS][SERVICE]connected nodes,count=0
info|2025-12-11 12:25:48.405217|ioService-0x00007542a81ff640|[P2PService][Service][METRIC]heartBeat,connected count=3
info|2025-12-11 12:25:58.023488|objMonitor-0x00007542835ff640|[startMonitor][AliveObjectMonitor],AliveObjectAllocStat=[ type: bcos::gateway::Socket ,created: 9 ,destroyed: 5 ,alive: 4 ] 
info|2025-12-11 12:25:58.289659|timerFactory-0x00007542959ff640|[RPC][WS][SERVICE]connected nodes,count=0
info|2025-12-11 12:25:58.405278|ioService-0x00007542a81ff640|[P2PService][Service][METRIC]heartBeat,connected count=3
info|2025-12-11 12:26:08.289682|timerFactory-0x00007542959ff640|[RPC][WS][SERVICE]connected nodes,count=0
info|2025-12-11 12:26:08.405361|ioService-0x00007542a81ff640|[P2PService][Service][METRIC]heartBeat,connected count=3
info|2025-12-11 12:26:18.289704|timerFactory-0x00007542959ff640|[RPC][WS][SERVICE]connected nodes,count=0
info|2025-12-11 12:26:18.405414|ioService-0x00007542a81ff640|[P2PService][Service][METRIC]heartBeat,connected count=3
info|2025-12-11 12:26:28.289745|timerFactory-0x00007542959ff640|[RPC][WS][SERVICE]connected nodes,count=0
info|2025-12-11 12:26:28.405430|ioService-0x00007542a81ff640|[P2PService][Service][METRIC]heartBeat,connected count=3
info|2025-12-11 12:26:38.289829|timerFactory-0x00007542959ff640|[RPC][WS][SERVICE]connected nodes,count=0
info|2025-12-11 12:26:38.405488|ioService-0x00007542a81ff640|[P2PService][Service][METRIC]heartBeat,connected count=3
info|2025-12-11 12:26:48.289864|timerFactory-0x00007542959ff640|[RPC][WS][SERVICE]connected nodes,count=0
info|2025-12-11 12:26:48.405555|ioService-0x00007542a81ff640|[P2PService][Service][METRIC]heartBeat,connected count=3
info|2025-12-11 12:26:58.023523|objMonitor-0x00007542835ff640|[startMonitor][AliveObjectMonitor],AliveObjectAllocStat=[ type: bcos::gateway::Socket ,created: 9 ,destroyed: 5 ,alive: 4 ] 
info|2025-12-11 12:26:58.289887|timerFactory-0x00007542959ff640|[RPC][WS][SERVICE]connected nodes,count=0
info|2025-12-11 12:26:58.405578|ioService-0x00007542a81ff640|[P2PService][Service][METRIC]heartBeat,connected count=3
info|2025-12-11 12:27:08.289978|timerFactory-0x00007542959ff640|[RPC][WS][SERVICE]connected nodes,count=0
info|2025-12-11 12:27:08.405651|ioService-0x00007542a81ff640|[P2PService][Service][METRIC]heartBeat,connected count=3
info|2025-12-11 12:27:18.289997|timerFactory-0x00007542959ff640|[RPC][WS][SERVICE]connected nodes,count=0
info|2025-12-11 12:27:18.405680|ioService-0x00007542a81ff640|[P2PService][Service][METRIC]heartBeat,connected count=3
info|2025-12-11 12:27:28.290015|timerFactory-0x00007542959ff640|[RPC][WS][SERVICE]connected nodes,count=0
info|2025-12-11 12:27:28.405904|ioService-0x00007542a81ff640|[P2PService][Service][METRIC]heartBeat,connected count=3
info|2025-12-11 12:27:38.290064|timerFactory-0x00007542959ff640|[RPC][WS][SERVICE]connected nodes,count=0
info|2025-12-11 12:27:38.406006|ioService-0x00007542a81ff640|[P2PService][Service][METRIC]heartBeat,connected count=3
info|2025-12-11 12:27:48.290231|timerFactory-0x00007542959ff640|[RPC][WS][SERVICE]connected nodes,count=0
info|2025-12-11 12:27:48.406060|ioService-0x00007542a81ff640|[P2PService][Service][METRIC]heartBeat,connected count=3
info|2025-12-11 12:27:58.023563|objMonitor-0x00007542835ff640|[startMonitor][AliveObjectMonitor],AliveObjectAllocStat=[ type: bcos::gateway::Socket ,created: 9 ,destroyed: 5 ,alive: 4 ] [ type: bcos::gateway::ResponseCallback ,created: 1076315 ,destroyed: 1076310 ,alive: 5 ] 
info|2025-12-11 12:27:58.290254|timerFactory-0x00007542959ff640|[RPC][WS][SERVICE]connected nodes,count=0
info|2025-12-11 12:27:58.406139|ioService-0x00007542a81ff640|[P2PService][Service][METRIC]heartBeat,connected count=3
info|2025-12-11 12:28:08.290277|timerFactory-0x00007542959ff640|[RPC][WS][SERVICE]connected nodes,count=0
info|2025-12-11 12:28:08.406200|ioService-0x00007542a81ff640|[P2PService][Service][METRIC]heartBeat,connected count=3
info|2025-12-11 12:28:18.290299|timerFactory-0x00007542959ff640|[RPC][WS][SERVICE]connected nodes,count=0
info|2025-12-11 12:28:18.406253|ioService-0x00007542a81ff640|[P2PService][Service][METRIC]heartBeat,connected count=3
info|2025-12-11 12:28:28.290323|timerFactory-0x00007542959ff640|[RPC][WS][SERVICE]connected nodes,count=0
info|2025-12-11 12:28:28.406343|ioService-0x00007542a81ff640|[P2PService][Service][METRIC]heartBeat,connected count=3
info|2025-12-11 12:28:38.290347|timerFactory-0x00007542959ff640|[RPC][WS][SERVICE]connected nodes,count=0
info|2025-12-11 12:28:38.406369|ioService-0x00007542a81ff640|[P2PService][Service][METRIC]heartBeat,connected count=3
info|2025-12-11 12:28:48.290409|timerFactory-0x00007542959ff640|[RPC][WS][SERVICE]connected nodes,count=0
info|2025-12-11 12:28:48.406389|ioService-0x00007542a81ff640|[P2PService][Service][METRIC]heartBeat,connected count=3
info|2025-12-11 12:28:58.023598|objMonitor-0x00007542835ff640|[startMonitor][AliveObjectMonitor],AliveObjectAllocStat=[ type: bcos::gateway::Socket ,created: 9 ,destroyed: 5 ,alive: 4 ] 
info|2025-12-11 12:28:58.290430|timerFactory-0x00007542959ff640|[RPC][WS][SERVICE]connected nodes,count=0
info|2025-12-11 12:28:58.406404|ioService-0x00007542a81ff640|[P2PService][Service][METRIC]heartBeat,connected count=3
info|2025-12-11 12:29:08.290451|timerFactory-0x00007542959ff640|[RPC][WS][SERVICE]connected nodes,count=0
info|2025-12-11 12:29:08.406416|ioService-0x00007542a81ff640|[P2PService][Service][METRIC]heartBeat,connected count=3
info|2025-12-11 12:29:18.290474|timerFactory-0x00007542959ff640|[RPC][WS][SERVICE]connected nodes,count=0
info|2025-12-11 12:29:18.406444|ioService-0x00007542a81ff640|[P2PService][Service][METRIC]heartBeat,connected count=3
info|2025-12-11 12:29:28.290494|timerFactory-0x00007542959ff640|[RPC][WS][SERVICE]connected nodes,count=0
info|2025-12-11 12:29:28.406507|ioService-0x00007542a81ff640|[P2PService][Service][METRIC]heartBeat,connected count=3
info|2025-12-11 12:29:38.290535|timerFactory-0x00007542959ff640|[RPC][WS][SERVICE]connected nodes,count=0
info|2025-12-11 12:29:38.406596|ioService-0x00007542a81ff640|[P2PService][Service][METRIC]heartBeat,connected count=3
info|2025-12-11 12:29:48.290562|timerFactory-0x00007542959ff640|[RPC][WS][SERVICE]connected nodes,count=0
info|2025-12-11 12:29:48.406752|ioService-0x00007542a81ff640|[P2PService][Service][METRIC]heartBeat,connected count=3
info|2025-12-11 12:29:58.023639|objMonitor-0x00007542835ff640|[startMonitor][AliveObjectMonitor],AliveObjectAllocStat=[ type: bcos::gateway::Socket ,created: 9 ,destroyed: 5 ,alive: 4 ] 
info|2025-12-11 12:29:58.290585|timerFactory-0x00007542959ff640|[RPC][WS][SERVICE]connected nodes,count=0
info|2025-12-11 12:29:58.406815|ioService-0x00007542a81ff640|[P2PService][Service][METRIC]heartBeat,connected count=3
info|2025-12-11 12:30:08.290607|timerFactory-0x00007542959ff640|[RPC][WS][SERVICE]connected nodes,count=0
info|2025-12-11 12:30:08.406898|ioService-0x00007542a81ff640|[P2PService][Service][METRIC]heartBeat,connected count=3
info|2025-12-11 12:30:18.290651|timerFactory-0x00007542959ff640|[RPC][WS][SERVICE]connected nodes,count=0
info|2025-12-11 12:30:18.406998|ioService-0x00007542a81ff640|[P2PService][Service][METRIC]heartBeat,connected count=3
info|2025-12-11 12:30:28.290711|timerFactory-0x00007542959ff640|[RPC][WS][SERVICE]connected nodes,count=0
info|2025-12-11 12:30:28.407183|ioService-0x00007542a81ff640|[P2PService][Service][METRIC]heartBeat,connected count=3
info|2025-12-11 12:30:38.290824|timerFactory-0x00007542959ff640|[RPC][WS][SERVICE]connected nodes,count=0
info|2025-12-11 12:30:38.407209|ioService-0x00007542a81ff640|[P2PService][Service][METRIC]heartBeat,connected count=3
info|2025-12-11 12:30:48.290873|timerFactory-0x00007542959ff640|[RPC][WS][SERVICE]connected nodes,count=0
info|2025-12-11 12:30:48.407229|ioService-0x00007542a81ff640|[P2PService][Service][METRIC]heartBeat,connected count=3
info|2025-12-11 12:30:58.023674|objMonitor-0x00007542835ff640|[startMonitor][AliveObjectMonitor],AliveObjectAllocStat=[ type: bcos::gateway::Socket ,created: 9 ,destroyed: 5 ,alive: 4 ] 
info|2025-12-11 12:30:58.290949|timerFactory-0x00007542959ff640|[RPC][WS][SERVICE]connected nodes,count=0
info|2025-12-11 12:30:58.407243|ioService-0x00007542a81ff640|[P2PService][Service][METRIC]heartBeat,connected count=3
info|2025-12-11 12:31:08.290971|timerFactory-0x00007542959ff640|[RPC][WS][SERVICE]connected nodes,count=0
info|2025-12-11 12:31:08.407347|ioService-0x00007542a81ff640|[P2PService][Service][METRIC]heartBeat,connected count=3
info|2025-12-11 12:31:18.291045|timerFactory-0x00007542959ff640|[RPC][WS][SERVICE]connected nodes,count=0
info|2025-12-11 12:31:18.407380|ioService-0x00007542a81ff640|[P2PService][Service][METRIC]heartBeat,connected count=3
info|2025-12-11 12:31:28.291067|timerFactory-0x00007542959ff640|[RPC][WS][SERVICE]connected nodes,count=0
info|2025-12-11 12:31:28.407439|ioService-0x00007542a81ff640|[P2PService][Service][METRIC]heartBeat,connected count=3
info|2025-12-11 12:31:38.291091|timerFactory-0x00007542959ff640|[RPC][WS][SERVICE]connected nodes,count=0
info|2025-12-11 12:31:38.407459|ioService-0x00007542a81ff640|[P2PService][Service][METRIC]heartBeat,connected count=3
info|2025-12-11 12:31:48.291191|timerFactory-0x00007542959ff640|[RPC][WS][SERVICE]connected nodes,count=0
info|2025-12-11 12:31:48.407512|ioService-0x00007542a81ff640|[P2PService][Service][METRIC]heartBeat,connected count=3
info|2025-12-11 12:31:58.023711|objMonitor-0x00007542835ff640|[startMonitor][AliveObjectMonitor],AliveObjectAllocStat=[ type: bcos::gateway::Socket ,created: 9 ,destroyed: 5 ,alive: 4 ] 
info|2025-12-11 12:31:58.291217|timerFactory-0x00007542959ff640|[RPC][WS][SERVICE]connected nodes,count=0
info|2025-12-11 12:31:58.407646|ioService-0x00007542a81ff640|[P2PService][Service][METRIC]heartBeat,connected count=3
info|2025-12-11 12:32:08.291238|timerFactory-0x00007542959ff640|[RPC][WS][SERVICE]connected nodes,count=0
info|2025-12-11 12:32:08.407697|ioService-0x00007542a81ff640|[P2PService][Service][METRIC]heartBeat,connected count=3
info|2025-12-11 12:32:18.291257|timerFactory-0x00007542959ff640|[RPC][WS][SERVICE]connected nodes,count=0
info|2025-12-11 12:32:18.407716|ioService-0x00007542a81ff640|[P2PService][Service][METRIC]heartBeat,connected count=3
info|2025-12-11 12:32:28.291282|timerFactory-0x00007542959ff640|[RPC][WS][SERVICE]connected nodes,count=0
info|2025-12-11 12:32:28.407841|ioService-0x00007542a81ff640|[P2PService][Service][METRIC]heartBeat,connected count=3
info|2025-12-11 12:32:38.291302|timerFactory-0x00007542959ff640|[RPC][WS][SERVICE]connected nodes,count=0
info|2025-12-11 12:32:38.407897|ioService-0x00007542a81ff640|[P2PService][Service][METRIC]heartBeat,connected count=3
info|2025-12-11 12:32:48.291321|timerFactory-0x00007542959ff640|[RPC][WS][SERVICE]connected nodes,count=0
info|2025-12-11 12:32:48.407917|ioService-0x00007542a81ff640|[P2PService][Service][METRIC]heartBeat,connected count=3
info|2025-12-11 12:32:58.023864|objMonitor-0x00007542835ff640|[startMonitor][AliveObjectMonitor],AliveObjectAllocStat=[ type: bcos::gateway::Socket ,created: 9 ,destroyed: 5 ,alive: 4 ] 
info|2025-12-11 12:32:58.291343|timerFactory-0x00007542959ff640|[RPC][WS][SERVICE]connected nodes,count=0
info|2025-12-11 12:32:58.408046|ioService-0x00007542a81ff640|[P2PService][Service][METRIC]heartBeat,connected count=3
info|2025-12-11 12:33:08.291365|timerFactory-0x00007542959ff640|[RPC][WS][SERVICE]connected nodes,count=0
info|2025-12-11 12:33:08.408160|ioService-0x00007542a81ff640|[P2PService][Service][METRIC]heartBeat,connected count=3
info|2025-12-11 12:33:18.291396|timerFactory-0x00007542959ff640|[RPC][WS][SERVICE]connected nodes,count=0
info|2025-12-11 12:33:18.408234|ioService-0x00007542a81ff640|[P2PService][Service][METRIC]heartBeat,connected count=3
info|2025-12-11 12:33:28.291465|timerFactory-0x00007542959ff640|[RPC][WS][SERVICE]connected nodes,count=0
info|2025-12-11 12:33:28.408262|ioService-0x00007542a81ff640|[P2PService][Service][METRIC]heartBeat,connected count=3
info|2025-12-11 12:33:38.291487|timerFactory-0x00007542959ff640|[RPC][WS][SERVICE]connected nodes,count=0
info|2025-12-11 12:33:38.408346|ioService-0x00007542a81ff640|[P2PService][Service][METRIC]heartBeat,connected count=3
info|2025-12-11 12:33:48.291558|timerFactory-0x00007542959ff640|[RPC][WS][SERVICE]connected nodes,count=0
info|2025-12-11 12:33:48.408387|ioService-0x00007542a81ff640|[P2PService][Service][METRIC]heartBeat,connected count=3
info|2025-12-11 12:33:58.023975|objMonitor-0x00007542835ff640|[startMonitor][AliveObjectMonitor],AliveObjectAllocStat=[ type: bcos::gateway::Socket ,created: 9 ,destroyed: 5 ,alive: 4 ] 
info|2025-12-11 12:33:58.291579|timerFactory-0x00007542959ff640|[RPC][WS][SERVICE]connected nodes,count=0
info|2025-12-11 12:33:58.408421|ioService-0x00007542a81ff640|[P2PService][Service][METRIC]heartBeat,connected count=3
info|2025-12-11 12:34:08.291604|timerFactory-0x00007542959ff640|[RPC][WS][SERVICE]connected nodes,count=0
info|2025-12-11 12:34:08.408449|ioService-0x00007542a81ff640|[P2PService][Service][METRIC]heartBeat,connected count=3
info|2025-12-11 12:34:18.291688|timerFactory-0x00007542959ff640|[RPC][WS][SERVICE]connected nodes,count=0
info|2025-12-11 12:34:18.408508|ioService-0x00007542a81ff640|[P2PService][Service][METRIC]heartBeat,connected count=3
info|2025-12-11 12:34:28.291709|timerFactory-0x00007542959ff640|[RPC][WS][SERVICE]connected nodes,count=0
info|2025-12-11 12:34:28.408560|ioService-0x00007542a81ff640|[P2PService][Service][METRIC]heartBeat,connected count=3
info|2025-12-11 12:34:38.291730|timerFactory-0x00007542959ff640|[RPC][WS][SERVICE]connected nodes,count=0
info|2025-12-11 12:34:38.408581|ioService-0x00007542a81ff640|[P2PService][Service][METRIC]heartBeat,connected count=3
info|2025-12-11 12:34:48.291750|timerFactory-0x00007542959ff640|[RPC][WS][SERVICE]connected nodes,count=0
info|2025-12-11 12:34:48.408604|ioService-0x00007542a81ff640|[P2PService][Service][METRIC]heartBeat,connected count=3
info|2025-12-11 12:34:58.024127|objMonitor-0x00007542835ff640|[startMonitor][AliveObjectMonitor],AliveObjectAllocStat=[ type: bcos::gateway::Socket ,created: 9 ,destroyed: 5 ,alive: 4 ] 
info|2025-12-11 12:34:58.291772|timerFactory-0x00007542959ff640|[RPC][WS][SERVICE]connected nodes,count=0
info|2025-12-11 12:34:58.408679|ioService-0x00007542a81ff640|[P2PService][Service][METRIC]heartBeat,connected count=3
info|2025-12-11 12:35:08.291823|timerFactory-0x00007542959ff640|[RPC][WS][SERVICE]connected nodes,count=0
info|2025-12-11 12:35:08.408706|ioService-0x00007542a81ff640|[P2PService][Service][METRIC]heartBeat,connected count=3
info|2025-12-11 12:35:18.291914|timerFactory-0x00007542959ff640|[RPC][WS][SERVICE]connected nodes,count=0
info|2025-12-11 12:35:18.408763|ioService-0x00007542a81ff640|[P2PService][Service][METRIC]heartBeat,connected count=3
info|2025-12-11 12:35:28.292012|timerFactory-0x00007542959ff640|[RPC][WS][SERVICE]connected nodes,count=0
info|2025-12-11 12:35:28.408842|ioService-0x00007542a81ff640|[P2PService][Service][METRIC]heartBeat,connected count=3
info|2025-12-11 12:35:38.292174|timerFactory-0x00007542959ff640|[RPC][WS][SERVICE]connected nodes,count=0
info|2025-12-11 12:35:38.408901|ioService-0x00007542a81ff640|[P2PService][Service][METRIC]heartBeat,connected count=3
info|2025-12-11 12:35:48.292196|timerFactory-0x00007542959ff640|[RPC][WS][SERVICE]connected nodes,count=0
info|2025-12-11 12:35:48.409094|ioService-0x00007542a81ff640|[P2PService][Service][METRIC]heartBeat,connected count=3
info|2025-12-11 12:35:58.024181|objMonitor-0x00007542835ff640|[startMonitor][AliveObjectMonitor],AliveObjectAllocStat=[ type: bcos::gateway::Socket ,created: 9 ,destroyed: 5 ,alive: 4 ] [ type: bcos::gateway::ResponseCallback ,created: 1083509 ,destroyed: 1083503 ,alive: 6 ] 
info|2025-12-11 12:35:58.292214|timerFactory-0x00007542959ff640|[RPC][WS][SERVICE]connected nodes,count=0
info|2025-12-11 12:35:58.409140|ioService-0x00007542a81ff640|[P2PService][Service][METRIC]heartBeat,connected count=3
info|2025-12-11 12:36:08.292235|timerFactory-0x00007542959ff640|[RPC][WS][SERVICE]connected nodes,count=0
info|2025-12-11 12:36:08.409233|ioService-0x00007542a81ff640|[P2PService][Service][METRIC]heartBeat,connected count=3
info|2025-12-11 12:36:18.292255|timerFactory-0x00007542959ff640|[RPC][WS][SERVICE]connected nodes,count=0
info|2025-12-11 12:36:18.409259|ioService-0x00007542a81ff640|[P2PService][Service][METRIC]heartBeat,connected count=3
info|2025-12-11 12:36:28.292279|timerFactory-0x00007542959ff640|[RPC][WS][SERVICE]connected nodes,count=0
info|2025-12-11 12:36:28.409377|ioService-0x00007542a81ff640|[P2PService][Service][METRIC]heartBeat,connected count=3
info|2025-12-11 12:36:38.292308|timerFactory-0x00007542959ff640|[RPC][WS][SERVICE]connected nodes,count=0
info|2025-12-11 12:36:38.409459|ioService-0x00007542a81ff640|[P2PService][Service][METRIC]heartBeat,connected count=3
info|2025-12-11 12:36:48.292352|timerFactory-0x00007542959ff640|[RPC][WS][SERVICE]connected nodes,count=0
info|2025-12-11 12:36:48.409574|ioService-0x00007542a81ff640|[P2PService][Service][METRIC]heartBeat,connected count=3
info|2025-12-11 12:36:58.024214|objMonitor-0x00007542835ff640|[startMonitor][AliveObjectMonitor],AliveObjectAllocStat=[ type: bcos::gateway::Socket ,created: 9 ,destroyed: 5 ,alive: 4 ] 
info|2025-12-11 12:36:58.292438|timerFactory-0x00007542959ff640|[RPC][WS][SERVICE]connected nodes,count=0
info|2025-12-11 12:36:58.409637|ioService-0x00007542a81ff640|[P2PService][Service][METRIC]heartBeat,connected count=3
info|2025-12-11 12:37:08.292460|timerFactory-0x00007542959ff640|[RPC][WS][SERVICE]connected nodes,count=0
info|2025-12-11 12:37:08.409732|ioService-0x00007542a81ff640|[P2PService][Service][METRIC]heartBeat,connected count=3
info|2025-12-11 12:37:18.292482|timerFactory-0x00007542959ff640|[RPC][WS][SERVICE]connected nodes,count=0
info|2025-12-11 12:37:18.409788|ioService-0x00007542a81ff640|[P2PService][Service][METRIC]heartBeat,connected count=3
info|2025-12-11 12:37:28.292503|timerFactory-0x00007542959ff640|[RPC][WS][SERVICE]connected nodes,count=0
info|2025-12-11 12:37:28.409805|ioService-0x00007542a81ff640|[P2PService][Service][METRIC]heartBeat,connected count=3
info|2025-12-11 12:37:38.292528|timerFactory-0x00007542959ff640|[RPC][WS][SERVICE]connected nodes,count=0
info|2025-12-11 12:37:38.409862|ioService-0x00007542a81ff640|[P2PService][Service][METRIC]heartBeat,connected count=3
info|2025-12-11 12:37:48.292551|timerFactory-0x00007542959ff640|[RPC][WS][SERVICE]connected nodes,count=0
info|2025-12-11 12:37:48.410162|ioService-0x00007542a81ff640|[P2PService][Service][METRIC]heartBeat,connected count=3
info|2025-12-11 12:37:58.024319|objMonitor-0x00007542835ff640|[startMonitor][AliveObjectMonitor],AliveObjectAllocStat=[ type: bcos::gateway::Socket ,created: 9 ,destroyed: 5 ,alive: 4 ] 
info|2025-12-11 12:37:58.292581|timerFactory-0x00007542959ff640|[RPC][WS][SERVICE]connected nodes,count=0
info|2025-12-11 12:37:58.410279|ioService-0x00007542a81ff640|[P2PService][Service][METRIC]heartBeat,connected count=3
info|2025-12-11 12:38:08.292607|timerFactory-0x00007542959ff640|[RPC][WS][SERVICE]connected nodes,count=0
info|2025-12-11 12:38:08.410302|ioService-0x00007542a81ff640|[P2PService][Service][METRIC]heartBeat,connected count=3
info|2025-12-11 12:38:18.292682|timerFactory-0x00007542959ff640|[RPC][WS][SERVICE]connected nodes,count=0
info|2025-12-11 12:38:18.410382|ioService-0x00007542a81ff640|[P2PService][Service][METRIC]heartBeat,connected count=3
info|2025-12-11 12:38:28.292720|timerFactory-0x00007542959ff640|[RPC][WS][SERVICE]connected nodes,count=0
info|2025-12-11 12:38:28.410410|ioService-0x00007542a81ff640|[P2PService][Service][METRIC]heartBeat,connected count=3
info|2025-12-11 12:38:38.292743|timerFactory-0x00007542959ff640|[RPC][WS][SERVICE]connected nodes,count=0
info|2025-12-11 12:38:38.410479|ioService-0x00007542a81ff640|[P2PService][Service][METRIC]heartBeat,connected count=3
info|2025-12-11 12:38:48.292768|timerFactory-0x00007542959ff640|[RPC][WS][SERVICE]connected nodes,count=0
info|2025-12-11 12:38:48.410502|ioService-0x00007542a81ff640|[P2PService][Service][METRIC]heartBeat,connected count=3
info|2025-12-11 12:38:58.024354|objMonitor-0x00007542835ff640|[startMonitor][AliveObjectMonitor],AliveObjectAllocStat=[ type: bcos::gateway::Socket ,created: 9 ,destroyed: 5 ,alive: 4 ] 
info|2025-12-11 12:38:58.292840|timerFactory-0x00007542959ff640|[RPC][WS][SERVICE]connected nodes,count=0
info|2025-12-11 12:38:58.410589|ioService-0x00007542a81ff640|[P2PService][Service][METRIC]heartBeat,connected count=3
info|2025-12-11 12:39:08.292863|timerFactory-0x00007542959ff640|[RPC][WS][SERVICE]connected nodes,count=0
info|2025-12-11 12:39:08.410651|ioService-0x00007542a81ff640|[P2PService][Service][METRIC]heartBeat,connected count=3
info|2025-12-11 12:39:18.292910|timerFactory-0x00007542959ff640|[RPC][WS][SERVICE]connected nodes,count=0
info|2025-12-11 12:39:18.410729|ioService-0x00007542a81ff640|[P2PService][Service][METRIC]heartBeat,connected count=3
info|2025-12-11 12:39:28.292952|timerFactory-0x00007542959ff640|[RPC][WS][SERVICE]connected nodes,count=0
info|2025-12-11 12:39:28.410784|ioService-0x00007542a81ff640|[P2PService][Service][METRIC]heartBeat,connected count=3
info|2025-12-11 12:39:38.293004|timerFactory-0x00007542959ff640|[RPC][WS][SERVICE]connected nodes,count=0
info|2025-12-11 12:39:38.410808|ioService-0x00007542a81ff640|[P2PService][Service][METRIC]heartBeat,connected count=3
info|2025-12-11 12:39:48.293094|timerFactory-0x00007542959ff640|[RPC][WS][SERVICE]connected nodes,count=0
info|2025-12-11 12:39:48.410832|ioService-0x00007542a81ff640|[P2PService][Service][METRIC]heartBeat,connected count=3
info|2025-12-11 12:39:58.024387|objMonitor-0x00007542835ff640|[startMonitor][AliveObjectMonitor],AliveObjectAllocStat=[ type: bcos::gateway::Socket ,created: 9 ,destroyed: 5 ,alive: 4 ] 
info|2025-12-11 12:39:58.293212|timerFactory-0x00007542959ff640|[RPC][WS][SERVICE]connected nodes,count=0
info|2025-12-11 12:39:58.410853|ioService-0x00007542a81ff640|[P2PService][Service][METRIC]heartBeat,connected count=3
info|2025-12-11 12:40:08.293265|timerFactory-0x00007542959ff640|[RPC][WS][SERVICE]connected nodes,count=0
info|2025-12-11 12:40:08.410876|ioService-0x00007542a81ff640|[P2PService][Service][METRIC]heartBeat,connected count=3
info|2025-12-11 12:40:18.293352|timerFactory-0x00007542959ff640|[RPC][WS][SERVICE]connected nodes,count=0
info|2025-12-11 12:40:18.410931|ioService-0x00007542a81ff640|[P2PService][Service][METRIC]heartBeat,connected count=3
info|2025-12-11 12:40:28.293385|timerFactory-0x00007542959ff640|[RPC][WS][SERVICE]connected nodes,count=0
info|2025-12-11 12:40:28.410995|ioService-0x00007542a81ff640|[P2PService][Service][METRIC]heartBeat,connected count=3
info|2025-12-11 12:40:38.293410|timerFactory-0x00007542959ff640|[RPC][WS][SERVICE]connected nodes,count=0
info|2025-12-11 12:40:38.411057|ioService-0x00007542a81ff640|[P2PService][Service][METRIC]heartBeat,connected count=3
info|2025-12-11 12:40:48.293431|timerFactory-0x00007542959ff640|[RPC][WS][SERVICE]connected nodes,count=0
info|2025-12-11 12:40:48.411098|ioService-0x00007542a81ff640|[P2PService][Service][METRIC]heartBeat,connected count=3
info|2025-12-11 12:40:58.024421|objMonitor-0x00007542835ff640|[startMonitor][AliveObjectMonitor],AliveObjectAllocStat=[ type: bcos::gateway::Socket ,created: 9 ,destroyed: 5 ,alive: 4 ] 
info|2025-12-11 12:40:58.293453|timerFactory-0x00007542959ff640|[RPC][WS][SERVICE]connected nodes,count=0
info|2025-12-11 12:40:58.411119|ioService-0x00007542a81ff640|[P2PService][Service][METRIC]heartBeat,connected count=3
info|2025-12-11 12:41:08.293471|timerFactory-0x00007542959ff640|[RPC][WS][SERVICE]connected nodes,count=0
info|2025-12-11 12:41:08.411201|ioService-0x00007542a81ff640|[P2PService][Service][METRIC]heartBeat,connected count=3
info|2025-12-11 12:41:18.293536|timerFactory-0x00007542959ff640|[RPC][WS][SERVICE]connected nodes,count=0
info|2025-12-11 12:41:18.411312|ioService-0x00007542a81ff640|[P2PService][Service][METRIC]heartBeat,connected count=3
info|2025-12-11 12:41:28.293556|timerFactory-0x00007542959ff640|[RPC][WS][SERVICE]connected nodes,count=0
info|2025-12-11 12:41:28.411332|ioService-0x00007542a81ff640|[P2PService][Service][METRIC]heartBeat,connected count=3
info|2025-12-11 12:41:38.293577|timerFactory-0x00007542959ff640|[RPC][WS][SERVICE]connected nodes,count=0
info|2025-12-11 12:41:38.411495|ioService-0x00007542a81ff640|[P2PService][Service][METRIC]heartBeat,connected count=3
info|2025-12-11 12:41:48.293594|timerFactory-0x00007542959ff640|[RPC][WS][SERVICE]connected nodes,count=0
info|2025-12-11 12:41:48.411535|ioService-0x00007542a81ff640|[P2PService][Service][METRIC]heartBeat,connected count=3
info|2025-12-11 12:41:58.024461|objMonitor-0x00007542835ff640|[startMonitor][AliveObjectMonitor],AliveObjectAllocStat=[ type: bcos::gateway::Socket ,created: 9 ,destroyed: 5 ,alive: 4 ] 
info|2025-12-11 12:41:58.293644|timerFactory-0x00007542959ff640|[RPC][WS][SERVICE]connected nodes,count=0
info|2025-12-11 12:41:58.411616|ioService-0x00007542a81ff640|[P2PService][Service][METRIC]heartBeat,connected count=3
info|2025-12-11 12:42:08.293716|timerFactory-0x00007542959ff640|[RPC][WS][SERVICE]connected nodes,count=0
info|2025-12-11 12:42:08.411683|ioService-0x00007542a81ff640|[P2PService][Service][METRIC]heartBeat,connected count=3
info|2025-12-11 12:42:18.293741|timerFactory-0x00007542959ff640|[RPC][WS][SERVICE]connected nodes,count=0
info|2025-12-11 12:42:18.411896|ioService-0x00007542a81ff640|[P2PService][Service][METRIC]heartBeat,connected count=3
info|2025-12-11 12:42:28.293768|timerFactory-0x00007542959ff640|[RPC][WS][SERVICE]connected nodes,count=0
info|2025-12-11 12:42:28.411959|ioService-0x00007542a81ff640|[P2PService][Service][METRIC]heartBeat,connected count=3
info|2025-12-11 12:42:38.293800|timerFactory-0x00007542959ff640|[RPC][WS][SERVICE]connected nodes,count=0
info|2025-12-11 12:42:38.412012|ioService-0x00007542a81ff640|[P2PService][Service][METRIC]heartBeat,connected count=3
info|2025-12-11 12:42:48.293836|timerFactory-0x00007542959ff640|[RPC][WS][SERVICE]connected nodes,count=0
info|2025-12-11 12:42:48.412032|ioService-0x00007542a81ff640|[P2PService][Service][METRIC]heartBeat,connected count=3
info|2025-12-11 12:42:58.024497|objMonitor-0x00007542835ff640|[startMonitor][AliveObjectMonitor],AliveObjectAllocStat=[ type: bcos::gateway::Socket ,created: 9 ,destroyed: 5 ,alive: 4 ] 
info|2025-12-11 12:42:58.293864|timerFactory-0x00007542959ff640|[RPC][WS][SERVICE]connected nodes,count=0
info|2025-12-11 12:42:58.412081|ioService-0x00007542a81ff640|[P2PService][Service][METRIC]heartBeat,connected count=3
info|2025-12-11 12:43:08.293890|timerFactory-0x00007542959ff640|[RPC][WS][SERVICE]connected nodes,count=0
info|2025-12-11 12:43:08.412133|ioService-0x00007542a81ff640|[P2PService][Service][METRIC]heartBeat,connected count=3
info|2025-12-11 12:43:18.293965|timerFactory-0x00007542959ff640|[RPC][WS][SERVICE]connected nodes,count=0
info|2025-12-11 12:43:18.412157|ioService-0x00007542a81ff640|[P2PService][Service][METRIC]heartBeat,connected count=3
info|2025-12-11 12:43:28.293983|timerFactory-0x00007542959ff640|[RPC][WS][SERVICE]connected nodes,count=0
info|2025-12-11 12:43:28.412203|ioService-0x00007542a81ff640|[P2PService][Service][METRIC]heartBeat,connected count=3
info|2025-12-11 12:43:38.294041|timerFactory-0x00007542959ff640|[RPC][WS][SERVICE]connected nodes,count=0
info|2025-12-11 12:43:38.412269|ioService-0x00007542a81ff640|[P2PService][Service][METRIC]heartBeat,connected count=3
info|2025-12-11 12:43:48.294167|timerFactory-0x00007542959ff640|[RPC][WS][SERVICE]connected nodes,count=0
info|2025-12-11 12:43:48.412296|ioService-0x00007542a81ff640|[P2PService][Service][METRIC]heartBeat,connected count=3
info|2025-12-11 12:43:58.024551|objMonitor-0x00007542835ff640|[startMonitor][AliveObjectMonitor],AliveObjectAllocStat=[ type: bcos::gateway::Socket ,created: 9 ,destroyed: 5 ,alive: 4 ] 
info|2025-12-11 12:43:58.294216|timerFactory-0x00007542959ff640|[RPC][WS][SERVICE]connected nodes,count=0
info|2025-12-11 12:43:58.412332|ioService-0x00007542a81ff640|[P2PService][Service][METRIC]heartBeat,connected count=3
info|2025-12-11 12:44:08.294238|timerFactory-0x00007542959ff640|[RPC][WS][SERVICE]connected nodes,count=0
info|2025-12-11 12:44:08.412366|ioService-0x00007542a81ff640|[P2PService][Service][METRIC]heartBeat,connected count=3
info|2025-12-11 12:44:18.294301|timerFactory-0x00007542959ff640|[RPC][WS][SERVICE]connected nodes,count=0
info|2025-12-11 12:44:18.412401|ioService-0x00007542a81ff640|[P2PService][Service][METRIC]heartBeat,connected count=3
info|2025-12-11 12:44:28.294323|timerFactory-0x00007542959ff640|[RPC][WS][SERVICE]connected nodes,count=0
info|2025-12-11 12:44:28.412431|ioService-0x00007542a81ff640|[P2PService][Service][METRIC]heartBeat,connected count=3
info|2025-12-11 12:44:38.294347|timerFactory-0x00007542959ff640|[RPC][WS][SERVICE]connected nodes,count=0
info|2025-12-11 12:44:38.412455|ioService-0x00007542a81ff640|[P2PService][Service][METRIC]heartBeat,connected count=3
info|2025-12-11 12:44:48.294376|timerFactory-0x00007542959ff640|[RPC][WS][SERVICE]connected nodes,count=0
info|2025-12-11 12:44:48.412525|ioService-0x00007542a81ff640|[P2PService][Service][METRIC]heartBeat,connected count=3
info|2025-12-11 12:44:58.024623|objMonitor-0x00007542835ff640|[startMonitor][AliveObjectMonitor],AliveObjectAllocStat=[ type: bcos::gateway::Socket ,created: 9 ,destroyed: 5 ,alive: 4 ] 
info|2025-12-11 12:44:58.294400|timerFactory-0x00007542959ff640|[RPC][WS][SERVICE]connected nodes,count=0
info|2025-12-11 12:44:58.412576|ioService-0x00007542a81ff640|[P2PService][Service][METRIC]heartBeat,connected count=3
info|2025-12-11 12:45:08.294450|timerFactory-0x00007542959ff640|[RPC][WS][SERVICE]connected nodes,count=0
info|2025-12-11 12:45:08.412599|ioService-0x00007542a81ff640|[P2PService][Service][METRIC]heartBeat,connected count=3
info|2025-12-11 12:45:18.294512|timerFactory-0x00007542959ff640|[RPC][WS][SERVICE]connected nodes,count=0
info|2025-12-11 12:45:18.412662|ioService-0x00007542a81ff640|[P2PService][Service][METRIC]heartBeat,connected count=3
info|2025-12-11 12:45:28.294669|timerFactory-0x00007542959ff640|[RPC][WS][SERVICE]connected nodes,count=0
info|2025-12-11 12:45:28.412759|ioService-0x00007542a81ff640|[P2PService][Service][METRIC]heartBeat,connected count=3
info|2025-12-11 12:45:38.294691|timerFactory-0x00007542959ff640|[RPC][WS][SERVICE]connected nodes,count=0
info|2025-12-11 12:45:38.412783|ioService-0x00007542a81ff640|[P2PService][Service][METRIC]heartBeat,connected count=3
info|2025-12-11 12:45:48.294780|timerFactory-0x00007542959ff640|[RPC][WS][SERVICE]connected nodes,count=0
info|2025-12-11 12:45:48.412810|ioService-0x00007542a81ff640|[P2PService][Service][METRIC]heartBeat,connected count=3
info|2025-12-11 12:45:58.024660|objMonitor-0x00007542835ff640|[startMonitor][AliveObjectMonitor],AliveObjectAllocStat=[ type: bcos::gateway::Socket ,created: 9 ,destroyed: 5 ,alive: 4 ] 
info|2025-12-11 12:45:58.294807|timerFactory-0x00007542959ff640|[RPC][WS][SERVICE]connected nodes,count=0
info|2025-12-11 12:45:58.412949|ioService-0x00007542a81ff640|[P2PService][Service][METRIC]heartBeat,connected count=3
info|2025-12-11 12:46:08.294828|timerFactory-0x00007542959ff640|[RPC][WS][SERVICE]connected nodes,count=0
info|2025-12-11 12:46:08.413170|ioService-0x00007542a81ff640|[P2PService][Service][METRIC]heartBeat,connected count=3
info|2025-12-11 12:46:18.294853|timerFactory-0x00007542959ff640|[RPC][WS][SERVICE]connected nodes,count=0
info|2025-12-11 12:46:18.413243|ioService-0x00007542a81ff640|[P2PService][Service][METRIC]heartBeat,connected count=3
info|2025-12-11 12:46:28.294884|timerFactory-0x00007542959ff640|[RPC][WS][SERVICE]connected nodes,count=0
info|2025-12-11 12:46:28.413282|ioService-0x00007542a81ff640|[P2PService][Service][METRIC]heartBeat,connected count=3
info|2025-12-11 12:46:38.294913|timerFactory-0x00007542959ff640|[RPC][WS][SERVICE]connected nodes,count=0
info|2025-12-11 12:46:38.413298|ioService-0x00007542a81ff640|[P2PService][Service][METRIC]heartBeat,connected count=3
info|2025-12-11 12:46:48.294983|timerFactory-0x00007542959ff640|[RPC][WS][SERVICE]connected nodes,count=0
info|2025-12-11 12:46:48.413318|ioService-0x00007542a81ff640|[P2PService][Service][METRIC]heartBeat,connected count=3
info|2025-12-11 12:46:58.024695|objMonitor-0x00007542835ff640|[startMonitor][AliveObjectMonitor],AliveObjectAllocStat=[ type: bcos::gateway::Socket ,created: 9 ,destroyed: 5 ,alive: 4 ] 
info|2025-12-11 12:46:58.295067|timerFactory-0x00007542959ff640|[RPC][WS][SERVICE]connected nodes,count=0
info|2025-12-11 12:46:58.413340|ioService-0x00007542a81ff640|[P2PService][Service][METRIC]heartBeat,connected count=3
info|2025-12-11 12:47:08.295248|timerFactory-0x00007542959ff640|[RPC][WS][SERVICE]connected nodes,count=0
info|2025-12-11 12:47:08.413401|ioService-0x00007542a81ff640|[P2PService][Service][METRIC]heartBeat,connected count=3
info|2025-12-11 12:47:18.295272|timerFactory-0x00007542959ff640|[RPC][WS][SERVICE]connected nodes,count=0
info|2025-12-11 12:47:18.413455|ioService-0x00007542a81ff640|[P2PService][Service][METRIC]heartBeat,connected count=3
info|2025-12-11 12:47:28.295297|timerFactory-0x00007542959ff640|[RPC][WS][SERVICE]connected nodes,count=0
info|2025-12-11 12:47:28.413477|ioService-0x00007542a81ff640|[P2PService][Service][METRIC]heartBeat,connected count=3
info|2025-12-11 12:47:38.295347|timerFactory-0x00007542959ff640|[RPC][WS][SERVICE]connected nodes,count=0
info|2025-12-11 12:47:38.413578|ioService-0x00007542a81ff640|[P2PService][Service][METRIC]heartBeat,connected count=3
info|2025-12-11 12:47:48.295365|timerFactory-0x00007542959ff640|[RPC][WS][SERVICE]connected nodes,count=0
info|2025-12-11 12:47:48.413630|ioService-0x00007542a81ff640|[P2PService][Service][METRIC]heartBeat,connected count=3
info|2025-12-11 12:47:58.024911|objMonitor-0x00007542835ff640|[startMonitor][AliveObjectMonitor],AliveObjectAllocStat=[ type: bcos::gateway::Socket ,created: 9 ,destroyed: 5 ,alive: 4 ] 
info|2025-12-11 12:47:58.295389|timerFactory-0x00007542959ff640|[RPC][WS][SERVICE]connected nodes,count=0
info|2025-12-11 12:47:58.413690|ioService-0x00007542a81ff640|[P2PService][Service][METRIC]heartBeat,connected count=3
info|2025-12-11 12:48:08.295410|timerFactory-0x00007542959ff640|[RPC][WS][SERVICE]connected nodes,count=0
info|2025-12-11 12:48:08.413709|ioService-0x00007542a81ff640|[P2PService][Service][METRIC]heartBeat,connected count=3
info|2025-12-11 12:48:18.295435|timerFactory-0x00007542959ff640|[RPC][WS][SERVICE]connected nodes,count=0
info|2025-12-11 12:48:18.413728|ioService-0x00007542a81ff640|[P2PService][Service][METRIC]heartBeat,connected count=3
info|2025-12-11 12:48:28.295455|timerFactory-0x00007542959ff640|[RPC][WS][SERVICE]connected nodes,count=0
info|2025-12-11 12:48:28.413793|ioService-0x00007542a81ff640|[P2PService][Service][METRIC]heartBeat,connected count=3
info|2025-12-11 12:48:38.295475|timerFactory-0x00007542959ff640|[RPC][WS][SERVICE]connected nodes,count=0
info|2025-12-11 12:48:38.413903|ioService-0x00007542a81ff640|[P2PService][Service][METRIC]heartBeat,connected count=3
info|2025-12-11 12:48:48.295557|timerFactory-0x00007542959ff640|[RPC][WS][SERVICE]connected nodes,count=0
info|2025-12-11 12:48:48.413923|ioService-0x00007542a81ff640|[P2PService][Service][METRIC]heartBeat,connected count=3
info|2025-12-11 12:48:58.024949|objMonitor-0x00007542835ff640|[startMonitor][AliveObjectMonitor],AliveObjectAllocStat=[ type: bcos::gateway::Socket ,created: 9 ,destroyed: 5 ,alive: 4 ] 
info|2025-12-11 12:48:58.295585|timerFactory-0x00007542959ff640|[RPC][WS][SERVICE]connected nodes,count=0
info|2025-12-11 12:48:58.413974|ioService-0x00007542a81ff640|[P2PService][Service][METRIC]heartBeat,connected count=3
info|2025-12-11 12:49:08.295611|timerFactory-0x00007542959ff640|[RPC][WS][SERVICE]connected nodes,count=0
info|2025-12-11 12:49:08.414016|ioService-0x00007542a81ff640|[P2PService][Service][METRIC]heartBeat,connected count=3
info|2025-12-11 12:49:18.295687|timerFactory-0x00007542959ff640|[RPC][WS][SERVICE]connected nodes,count=0
info|2025-12-11 12:49:18.414041|ioService-0x00007542a81ff640|[P2PService][Service][METRIC]heartBeat,connected count=3
info|2025-12-11 12:49:28.295763|timerFactory-0x00007542959ff640|[RPC][WS][SERVICE]connected nodes,count=0
info|2025-12-11 12:49:28.414067|ioService-0x00007542a81ff640|[P2PService][Service][METRIC]heartBeat,connected count=3
info|2025-12-11 12:49:38.295926|timerFactory-0x00007542959ff640|[RPC][WS][SERVICE]connected nodes,count=0
info|2025-12-11 12:49:38.414093|ioService-0x00007542a81ff640|[P2PService][Service][METRIC]heartBeat,connected count=3
info|2025-12-11 12:49:48.295952|timerFactory-0x00007542959ff640|[RPC][WS][SERVICE]connected nodes,count=0
info|2025-12-11 12:49:48.414116|ioService-0x00007542a81ff640|[P2PService][Service][METRIC]heartBeat,connected count=3
info|2025-12-11 12:49:58.025072|objMonitor-0x00007542835ff640|[startMonitor][AliveObjectMonitor],AliveObjectAllocStat=[ type: bcos::gateway::Socket ,created: 9 ,destroyed: 5 ,alive: 4 ] 
info|2025-12-11 12:49:58.296029|timerFactory-0x00007542959ff640|[RPC][WS][SERVICE]connected nodes,count=0
info|2025-12-11 12:49:58.414136|ioService-0x00007542a81ff640|[P2PService][Service][METRIC]heartBeat,connected count=3
info|2025-12-11 12:50:08.296075|timerFactory-0x00007542959ff640|[RPC][WS][SERVICE]connected nodes,count=0
info|2025-12-11 12:50:08.414160|ioService-0x00007542a81ff640|[P2PService][Service][METRIC]heartBeat,connected count=3
info|2025-12-11 12:50:18.296154|timerFactory-0x00007542959ff640|[RPC][WS][SERVICE]connected nodes,count=0
info|2025-12-11 12:50:18.414182|ioService-0x00007542a81ff640|[P2PService][Service][METRIC]heartBeat,connected count=3
info|2025-12-11 12:50:28.296212|timerFactory-0x00007542959ff640|[RPC][WS][SERVICE]connected nodes,count=0
info|2025-12-11 12:50:28.414205|ioService-0x00007542a81ff640|[P2PService][Service][METRIC]heartBeat,connected count=3
info|2025-12-11 12:50:38.296277|timerFactory-0x00007542959ff640|[RPC][WS][SERVICE]connected nodes,count=0
info|2025-12-11 12:50:38.414284|ioService-0x00007542a81ff640|[P2PService][Service][METRIC]heartBeat,connected count=3
info|2025-12-11 12:50:48.296332|timerFactory-0x00007542959ff640|[RPC][WS][SERVICE]connected nodes,count=0
info|2025-12-11 12:50:48.414371|ioService-0x00007542a81ff640|[P2PService][Service][METRIC]heartBeat,connected count=3
info|2025-12-11 12:50:58.025157|objMonitor-0x00007542835ff640|[startMonitor][AliveObjectMonitor],AliveObjectAllocStat=[ type: bcos::gateway::Socket ,created: 9 ,destroyed: 5 ,alive: 4 ] 
info|2025-12-11 12:50:58.296357|timerFactory-0x00007542959ff640|[RPC][WS][SERVICE]connected nodes,count=0
info|2025-12-11 12:50:58.414459|ioService-0x00007542a81ff640|[P2PService][Service][METRIC]heartBeat,connected count=3
info|2025-12-11 12:51:08.296387|timerFactory-0x00007542959ff640|[RPC][WS][SERVICE]connected nodes,count=0
info|2025-12-11 12:51:08.414480|ioService-0x00007542a81ff640|[P2PService][Service][METRIC]heartBeat,connected count=3
info|2025-12-11 12:51:18.296454|timerFactory-0x00007542959ff640|[RPC][WS][SERVICE]connected nodes,count=0
info|2025-12-11 12:51:18.414612|ioService-0x00007542a81ff640|[P2PService][Service][METRIC]heartBeat,connected count=3
info|2025-12-11 12:51:28.296474|timerFactory-0x00007542959ff640|[RPC][WS][SERVICE]connected nodes,count=0
info|2025-12-11 12:51:28.414630|ioService-0x00007542a81ff640|[P2PService][Service][METRIC]heartBeat,connected count=3
info|2025-12-11 12:51:38.296498|timerFactory-0x00007542959ff640|[RPC][WS][SERVICE]connected nodes,count=0
info|2025-12-11 12:51:38.414692|ioService-0x00007542a81ff640|[P2PService][Service][METRIC]heartBeat,connected count=3
info|2025-12-11 12:51:48.296581|timerFactory-0x00007542959ff640|[RPC][WS][SERVICE]connected nodes,count=0
info|2025-12-11 12:51:48.414801|ioService-0x00007542a81ff640|[P2PService][Service][METRIC]heartBeat,connected count=3
info|2025-12-11 12:51:58.025313|objMonitor-0x00007542835ff640|[startMonitor][AliveObjectMonitor],AliveObjectAllocStat=[ type: bcos::gateway::Socket ,created: 9 ,destroyed: 5 ,alive: 4 ] 
info|2025-12-11 12:51:58.296663|timerFactory-0x00007542959ff640|[RPC][WS][SERVICE]connected nodes,count=0
info|2025-12-11 12:51:58.414860|ioService-0x00007542a81ff640|[P2PService][Service][METRIC]heartBeat,connected count=3
info|2025-12-11 12:52:08.296689|timerFactory-0x00007542959ff640|[RPC][WS][SERVICE]connected nodes,count=0
info|2025-12-11 12:52:08.414920|ioService-0x00007542a81ff640|[P2PService][Service][METRIC]heartBeat,connected count=3
info|2025-12-11 12:52:18.296760|timerFactory-0x00007542959ff640|[RPC][WS][SERVICE]connected nodes,count=0
info|2025-12-11 12:52:18.415047|ioService-0x00007542a81ff640|[P2PService][Service][METRIC]heartBeat,connected count=3
info|2025-12-11 12:52:28.296787|timerFactory-0x00007542959ff640|[RPC][WS][SERVICE]connected nodes,count=0
info|2025-12-11 12:52:28.415111|ioService-0x00007542a81ff640|[P2PService][Service][METRIC]heartBeat,connected count=3
info|2025-12-11 12:52:38.296851|timerFactory-0x00007542959ff640|[RPC][WS][SERVICE]connected nodes,count=0
info|2025-12-11 12:52:38.415181|ioService-0x00007542a81ff640|[P2PService][Service][METRIC]heartBeat,connected count=3
info|2025-12-11 12:52:48.296898|timerFactory-0x00007542959ff640|[RPC][WS][SERVICE]connected nodes,count=0
info|2025-12-11 12:52:48.415201|ioService-0x00007542a81ff640|[P2PService][Service][METRIC]heartBeat,connected count=3
info|2025-12-11 12:52:58.025348|objMonitor-0x00007542835ff640|[startMonitor][AliveObjectMonitor],AliveObjectAllocStat=[ type: bcos::gateway::Socket ,created: 9 ,destroyed: 5 ,alive: 4 ] 
info|2025-12-11 12:52:58.296999|timerFactory-0x00007542959ff640|[RPC][WS][SERVICE]connected nodes,count=0
info|2025-12-11 12:52:58.415291|ioService-0x00007542a81ff640|[P2PService][Service][METRIC]heartBeat,connected count=3
info|2025-12-11 12:53:08.297076|timerFactory-0x00007542959ff640|[RPC][WS][SERVICE]connected nodes,count=0
info|2025-12-11 12:53:08.415308|ioService-0x00007542a81ff640|[P2PService][Service][METRIC]heartBeat,connected count=3
info|2025-12-11 12:53:18.297164|timerFactory-0x00007542959ff640|[RPC][WS][SERVICE]connected nodes,count=0
info|2025-12-11 12:53:18.415325|ioService-0x00007542a81ff640|[P2PService][Service][METRIC]heartBeat,connected count=3
info|2025-12-11 12:53:28.297184|timerFactory-0x00007542959ff640|[RPC][WS][SERVICE]connected nodes,count=0
info|2025-12-11 12:53:28.415348|ioService-0x00007542a81ff640|[P2PService][Service][METRIC]heartBeat,connected count=3
info|2025-12-11 12:53:38.297243|timerFactory-0x00007542959ff640|[RPC][WS][SERVICE]connected nodes,count=0
info|2025-12-11 12:53:38.415374|ioService-0x00007542a81ff640|[P2PService][Service][METRIC]heartBeat,connected count=3
info|2025-12-11 12:53:48.297264|timerFactory-0x00007542959ff640|[RPC][WS][SERVICE]connected nodes,count=0
info|2025-12-11 12:53:48.415437|ioService-0x00007542a81ff640|[P2PService][Service][METRIC]heartBeat,connected count=3
info|2025-12-11 12:53:58.025382|objMonitor-0x00007542835ff640|[startMonitor][AliveObjectMonitor],AliveObjectAllocStat=[ type: bcos::gateway::Socket ,created: 9 ,destroyed: 5 ,alive: 4 ] 
info|2025-12-11 12:53:58.297297|timerFactory-0x00007542959ff640|[RPC][WS][SERVICE]connected nodes,count=0
info|2025-12-11 12:53:58.415552|ioService-0x00007542a81ff640|[P2PService][Service][METRIC]heartBeat,connected count=3
info|2025-12-11 12:54:08.297369|timerFactory-0x00007542959ff640|[RPC][WS][SERVICE]connected nodes,count=0
info|2025-12-11 12:54:08.415573|ioService-0x00007542a81ff640|[P2PService][Service][METRIC]heartBeat,connected count=3
info|2025-12-11 12:54:18.297421|timerFactory-0x00007542959ff640|[RPC][WS][SERVICE]connected nodes,count=0
info|2025-12-11 12:54:18.415596|ioService-0x00007542a81ff640|[P2PService][Service][METRIC]heartBeat,connected count=3
info|2025-12-11 12:54:28.297464|timerFactory-0x00007542959ff640|[RPC][WS][SERVICE]connected nodes,count=0
info|2025-12-11 12:54:28.415677|ioService-0x00007542a81ff640|[P2PService][Service][METRIC]heartBeat,connected count=3
info|2025-12-11 12:54:38.297486|timerFactory-0x00007542959ff640|[RPC][WS][SERVICE]connected nodes,count=0
info|2025-12-11 12:54:38.415809|ioService-0x00007542a81ff640|[P2PService][Service][METRIC]heartBeat,connected count=3
info|2025-12-11 12:54:48.297506|timerFactory-0x00007542959ff640|[RPC][WS][SERVICE]connected nodes,count=0
info|2025-12-11 12:54:48.415858|ioService-0x00007542a81ff640|[P2PService][Service][METRIC]heartBeat,connected count=3
info|2025-12-11 12:54:58.025417|objMonitor-0x00007542835ff640|[startMonitor][AliveObjectMonitor],AliveObjectAllocStat=[ type: bcos::gateway::Socket ,created: 9 ,destroyed: 5 ,alive: 4 ] 
info|2025-12-11 12:54:58.297527|timerFactory-0x00007542959ff640|[RPC][WS][SERVICE]connected nodes,count=0
info|2025-12-11 12:54:58.416072|ioService-0x00007542a81ff640|[P2PService][Service][METRIC]heartBeat,connected count=3
info|2025-12-11 12:55:08.297550|timerFactory-0x00007542959ff640|[RPC][WS][SERVICE]connected nodes,count=0
info|2025-12-11 12:55:08.416138|ioService-0x00007542a81ff640|[P2PService][Service][METRIC]heartBeat,connected count=3
info|2025-12-11 12:55:18.297573|timerFactory-0x00007542959ff640|[RPC][WS][SERVICE]connected nodes,count=0
info|2025-12-11 12:55:18.416212|ioService-0x00007542a81ff640|[P2PService][Service][METRIC]heartBeat,connected count=3
info|2025-12-11 12:55:28.297630|timerFactory-0x00007542959ff640|[RPC][WS][SERVICE]connected nodes,count=0
info|2025-12-11 12:55:28.416231|ioService-0x00007542a81ff640|[P2PService][Service][METRIC]heartBeat,connected count=3
info|2025-12-11 12:55:38.297675|timerFactory-0x00007542959ff640|[RPC][WS][SERVICE]connected nodes,count=0
info|2025-12-11 12:55:38.416254|ioService-0x00007542a81ff640|[P2PService][Service][METRIC]heartBeat,connected count=3
info|2025-12-11 12:55:48.297757|timerFactory-0x00007542959ff640|[RPC][WS][SERVICE]connected nodes,count=0
info|2025-12-11 12:55:48.416276|ioService-0x00007542a81ff640|[P2PService][Service][METRIC]heartBeat,connected count=3
info|2025-12-11 12:55:58.025454|objMonitor-0x00007542835ff640|[startMonitor][AliveObjectMonitor],AliveObjectAllocStat=[ type: bcos::gateway::Socket ,created: 9 ,destroyed: 5 ,alive: 4 ] 
info|2025-12-11 12:55:58.297778|timerFactory-0x00007542959ff640|[RPC][WS][SERVICE]connected nodes,count=0
info|2025-12-11 12:55:58.416296|ioService-0x00007542a81ff640|[P2PService][Service][METRIC]heartBeat,connected count=3
info|2025-12-11 12:56:08.297797|timerFactory-0x00007542959ff640|[RPC][WS][SERVICE]connected nodes,count=0
info|2025-12-11 12:56:08.416402|ioService-0x00007542a81ff640|[P2PService][Service][METRIC]heartBeat,connected count=3
info|2025-12-11 12:56:18.297849|timerFactory-0x00007542959ff640|[RPC][WS][SERVICE]connected nodes,count=0
info|2025-12-11 12:56:18.416476|ioService-0x00007542a81ff640|[P2PService][Service][METRIC]heartBeat,connected count=3
info|2025-12-11 12:56:28.297891|timerFactory-0x00007542959ff640|[RPC][WS][SERVICE]connected nodes,count=0
info|2025-12-11 12:56:28.416521|ioService-0x00007542a81ff640|[P2PService][Service][METRIC]heartBeat,connected count=3
info|2025-12-11 12:56:38.297918|timerFactory-0x00007542959ff640|[RPC][WS][SERVICE]connected nodes,count=0
info|2025-12-11 12:56:38.416717|ioService-0x00007542a81ff640|[P2PService][Service][METRIC]heartBeat,connected count=3
info|2025-12-11 12:56:48.297976|timerFactory-0x00007542959ff640|[RPC][WS][SERVICE]connected nodes,count=0
info|2025-12-11 12:56:48.416776|ioService-0x00007542a81ff640|[P2PService][Service][METRIC]heartBeat,connected count=3
info|2025-12-11 12:56:58.025493|objMonitor-0x00007542835ff640|[startMonitor][AliveObjectMonitor],AliveObjectAllocStat=[ type: bcos::gateway::Socket ,created: 9 ,destroyed: 5 ,alive: 4 ] 
info|2025-12-11 12:56:58.298027|timerFactory-0x00007542959ff640|[RPC][WS][SERVICE]connected nodes,count=0
info|2025-12-11 12:56:58.416873|ioService-0x00007542a81ff640|[P2PService][Service][METRIC]heartBeat,connected count=3
info|2025-12-11 12:57:08.298098|timerFactory-0x00007542959ff640|[RPC][WS][SERVICE]connected nodes,count=0
info|2025-12-11 12:57:08.417042|ioService-0x00007542a81ff640|[P2PService][Service][METRIC]heartBeat,connected count=3
info|2025-12-11 12:57:18.298118|timerFactory-0x00007542959ff640|[RPC][WS][SERVICE]connected nodes,count=0
info|2025-12-11 12:57:18.417125|ioService-0x00007542a81ff640|[P2PService][Service][METRIC]heartBeat,connected count=3
info|2025-12-11 12:57:28.298139|timerFactory-0x00007542959ff640|[RPC][WS][SERVICE]connected nodes,count=0
info|2025-12-11 12:57:28.417179|ioService-0x00007542a81ff640|[P2PService][Service][METRIC]heartBeat,connected count=3
info|2025-12-11 12:57:38.298322|timerFactory-0x00007542959ff640|[RPC][WS][SERVICE]connected nodes,count=0
info|2025-12-11 12:57:38.417211|ioService-0x00007542a81ff640|[P2PService][Service][METRIC]heartBeat,connected count=3
info|2025-12-11 12:57:48.298345|timerFactory-0x00007542959ff640|[RPC][WS][SERVICE]connected nodes,count=0
info|2025-12-11 12:57:48.417230|ioService-0x00007542a81ff640|[P2PService][Service][METRIC]heartBeat,connected count=3
info|2025-12-11 12:57:58.025531|objMonitor-0x00007542835ff640|[startMonitor][AliveObjectMonitor],AliveObjectAllocStat=[ type: bcos::gateway::Socket ,created: 9 ,destroyed: 5 ,alive: 4 ] 
info|2025-12-11 12:57:58.298366|timerFactory-0x00007542959ff640|[RPC][WS][SERVICE]connected nodes,count=0
info|2025-12-11 12:57:58.417256|ioService-0x00007542a81ff640|[P2PService][Service][METRIC]heartBeat,connected count=3
info|2025-12-11 12:58:08.298386|timerFactory-0x00007542959ff640|[RPC][WS][SERVICE]connected nodes,count=0
info|2025-12-11 12:58:08.417349|ioService-0x00007542a81ff640|[P2PService][Service][METRIC]heartBeat,connected count=3
info|2025-12-11 12:58:18.298410|timerFactory-0x00007542959ff640|[RPC][WS][SERVICE]connected nodes,count=0
info|2025-12-11 12:58:18.417371|ioService-0x00007542a81ff640|[P2PService][Service][METRIC]heartBeat,connected count=3
info|2025-12-11 12:58:28.298432|timerFactory-0x00007542959ff640|[RPC][WS][SERVICE]connected nodes,count=0
info|2025-12-11 12:58:28.417389|ioService-0x00007542a81ff640|[P2PService][Service][METRIC]heartBeat,connected count=3
info|2025-12-11 12:58:38.298453|timerFactory-0x00007542959ff640|[RPC][WS][SERVICE]connected nodes,count=0
info|2025-12-11 12:58:38.417413|ioService-0x00007542a81ff640|[P2PService][Service][METRIC]heartBeat,connected count=3
info|2025-12-11 12:58:48.298473|timerFactory-0x00007542959ff640|[RPC][WS][SERVICE]connected nodes,count=0
info|2025-12-11 12:58:48.417507|ioService-0x00007542a81ff640|[P2PService][Service][METRIC]heartBeat,connected count=3
info|2025-12-11 12:58:58.025569|objMonitor-0x00007542835ff640|[startMonitor][AliveObjectMonitor],AliveObjectAllocStat=[ type: bcos::gateway::Socket ,created: 9 ,destroyed: 5 ,alive: 4 ] 
info|2025-12-11 12:58:58.298497|timerFactory-0x00007542959ff640|[RPC][WS][SERVICE]connected nodes,count=0
info|2025-12-11 12:58:58.417627|ioService-0x00007542a81ff640|[P2PService][Service][METRIC]heartBeat,connected count=3
info|2025-12-11 12:59:08.298519|timerFactory-0x00007542959ff640|[RPC][WS][SERVICE]connected nodes,count=0
info|2025-12-11 12:59:08.417664|ioService-0x00007542a81ff640|[P2PService][Service][METRIC]heartBeat,connected count=3
info|2025-12-11 12:59:18.298599|timerFactory-0x00007542959ff640|[RPC][WS][SERVICE]connected nodes,count=0
info|2025-12-11 12:59:18.417682|ioService-0x00007542a81ff640|[P2PService][Service][METRIC]heartBeat,connected count=3
info|2025-12-11 12:59:28.298624|timerFactory-0x00007542959ff640|[RPC][WS][SERVICE]connected nodes,count=0
info|2025-12-11 12:59:28.417709|ioService-0x00007542a81ff640|[P2PService][Service][METRIC]heartBeat,connected count=3
info|2025-12-11 12:59:38.298655|timerFactory-0x00007542959ff640|[RPC][WS][SERVICE]connected nodes,count=0
info|2025-12-11 12:59:38.417739|ioService-0x00007542a81ff640|[P2PService][Service][METRIC]heartBeat,connected count=3
info|2025-12-11 12:59:48.298677|timerFactory-0x00007542959ff640|[RPC][WS][SERVICE]connected nodes,count=0
info|2025-12-11 12:59:48.417810|ioService-0x00007542a81ff640|[P2PService][Service][METRIC]heartBeat,connected count=3
info|2025-12-11 12:59:58.025603|objMonitor-0x00007542835ff640|[startMonitor][AliveObjectMonitor],AliveObjectAllocStat=[ type: bcos::gateway::Socket ,created: 9 ,destroyed: 5 ,alive: 4 ] 
info|2025-12-11 12:59:58.298701|timerFactory-0x00007542959ff640|[RPC][WS][SERVICE]connected nodes,count=0
info|2025-12-11 12:59:58.417831|ioService-0x00007542a81ff640|[P2PService][Service][METRIC]heartBeat,connected count=3
