info|2025-12-11 03:00:08.130616|timerFactory-0x00007542959ff640|[RPC][WS][SERVICE]connected nodes,count=0
info|2025-12-11 03:00:08.192361|ioService-0x00007542a81ff640|[P2PService][Service][METRIC]heartBeat,connected count=3
info|2025-12-11 03:00:18.130652|timerFactory-0x00007542959ff640|[RPC][WS][SERVICE]connected nodes,count=0
info|2025-12-11 03:00:18.192441|ioService-0x00007542a81ff640|[P2PService][Service][METRIC]heartBeat,connected count=3
info|2025-12-11 03:00:28.130689|timerFactory-0x00007542959ff640|[RPC][WS][SERVICE]connected nodes,count=0
info|2025-12-11 03:00:28.192460|ioService-0x00007542a81ff640|[P2PService][Service][METRIC]heartBeat,connected count=3
info|2025-12-11 03:00:38.130774|timerFactory-0x00007542959ff640|[RPC][WS][SERVICE]connected nodes,count=0
info|2025-12-11 03:00:38.192482|ioService-0x00007542a81ff640|[P2PService][Service][METRIC]heartBeat,connected count=3
info|2025-12-11 03:00:48.130832|timerFactory-0x00007542959ff640|[RPC][WS][SERVICE]connected nodes,count=0
info|2025-12-11 03:00:48.192504|ioService-0x00007542a81ff640|[P2PService][Service][METRIC]heartBeat,connected count=3
info|2025-12-11 03:00:57.982522|objMonitor-0x00007542835ff640|[startMonitor][AliveObjectMonitor],AliveObjectAllocStat=[ type: bcos::gateway::Socket ,created: 9 ,destroyed: 5 ,alive: 4 ] 
info|2025-12-11 03:00:58.130862|timerFactory-0x00007542959ff640|[RPC][WS][SERVICE]connected nodes,count=0
info|2025-12-11 03:00:58.192603|ioService-0x00007542a81ff640|[P2PService][Service][METRIC]heartBeat,connected count=3
info|2025-12-11 03:01:08.130914|timerFactory-0x00007542959ff640|[RPC][WS][SERVICE]connected nodes,count=0
info|2025-12-11 03:01:08.192660|ioService-0x00007542a81ff640|[P2PService][Service][METRIC]heartBeat,connected count=3
info|2025-12-11 03:01:18.130946|timerFactory-0x00007542959ff640|[RPC][WS][SERVICE]connected nodes,count=0
info|2025-12-11 03:01:18.192705|ioService-0x00007542a81ff640|[P2PService][Service][METRIC]heartBeat,connected count=3
info|2025-12-11 03:01:28.130979|timerFactory-0x00007542959ff640|[RPC][WS][SERVICE]connected nodes,count=0
info|2025-12-11 03:01:28.192724|ioService-0x00007542a81ff640|[P2PService][Service][METRIC]heartBeat,connected count=3
info|2025-12-11 03:01:38.131059|timerFactory-0x00007542959ff640|[RPC][WS][SERVICE]connected nodes,count=0
info|2025-12-11 03:01:38.192741|ioService-0x00007542a81ff640|[P2PService][Service][METRIC]heartBeat,connected count=3
info|2025-12-11 03:01:48.131180|timerFactory-0x00007542959ff640|[RPC][WS][SERVICE]connected nodes,count=0
info|2025-12-11 03:01:48.192767|ioService-0x00007542a81ff640|[P2PService][Service][METRIC]heartBeat,connected count=3
info|2025-12-11 03:01:57.982560|objMonitor-0x00007542835ff640|[startMonitor][AliveObjectMonitor],AliveObjectAllocStat=[ type: bcos::gateway::Socket ,created: 9 ,destroyed: 5 ,alive: 4 ] [ type: bcos::gateway::ResponseCallback ,created: 567350 ,destroyed: 567344 ,alive: 6 ] 
info|2025-12-11 03:01:58.131279|timerFactory-0x00007542959ff640|[RPC][WS][SERVICE]connected nodes,count=0
info|2025-12-11 03:01:58.192837|ioService-0x00007542a81ff640|[P2PService][Service][METRIC]heartBeat,connected count=3
info|2025-12-11 03:02:08.131400|timerFactory-0x00007542959ff640|[RPC][WS][SERVICE]connected nodes,count=0
info|2025-12-11 03:02:08.192960|ioService-0x00007542a81ff640|[P2PService][Service][METRIC]heartBeat,connected count=3
info|2025-12-11 03:02:18.131470|timerFactory-0x00007542959ff640|[RPC][WS][SERVICE]connected nodes,count=0
info|2025-12-11 03:02:18.193070|ioService-0x00007542a81ff640|[P2PService][Service][METRIC]heartBeat,connected count=3
info|2025-12-11 03:02:28.131498|timerFactory-0x00007542959ff640|[RPC][WS][SERVICE]connected nodes,count=0
info|2025-12-11 03:02:28.193130|ioService-0x00007542a81ff640|[P2PService][Service][METRIC]heartBeat,connected count=3
info|2025-12-11 03:02:38.131527|timerFactory-0x00007542959ff640|[RPC][WS][SERVICE]connected nodes,count=0
info|2025-12-11 03:02:38.193218|ioService-0x00007542a81ff640|[P2PService][Service][METRIC]heartBeat,connected count=3
info|2025-12-11 03:02:48.131593|timerFactory-0x00007542959ff640|[RPC][WS][SERVICE]connected nodes,count=0
info|2025-12-11 03:02:48.193300|ioService-0x00007542a81ff640|[P2PService][Service][METRIC]heartBeat,connected count=3
info|2025-12-11 03:02:57.982709|objMonitor-0x00007542835ff640|[startMonitor][AliveObjectMonitor],AliveObjectAllocStat=[ type: bcos::gateway::Socket ,created: 9 ,destroyed: 5 ,alive: 4 ] 
info|2025-12-11 03:02:58.131620|timerFactory-0x00007542959ff640|[RPC][WS][SERVICE]connected nodes,count=0
info|2025-12-11 03:02:58.193319|ioService-0x00007542a81ff640|[P2PService][Service][METRIC]heartBeat,connected count=3
info|2025-12-11 03:03:08.131647|timerFactory-0x00007542959ff640|[RPC][WS][SERVICE]connected nodes,count=0
info|2025-12-11 03:03:08.193430|ioService-0x00007542a81ff640|[P2PService][Service][METRIC]heartBeat,connected count=3
info|2025-12-11 03:03:18.131711|timerFactory-0x00007542959ff640|[RPC][WS][SERVICE]connected nodes,count=0
info|2025-12-11 03:03:18.193515|ioService-0x00007542a81ff640|[P2PService][Service][METRIC]heartBeat,connected count=3
info|2025-12-11 03:03:28.131737|timerFactory-0x00007542959ff640|[RPC][WS][SERVICE]connected nodes,count=0
info|2025-12-11 03:03:28.193600|ioService-0x00007542a81ff640|[P2PService][Service][METRIC]heartBeat,connected count=3
info|2025-12-11 03:03:38.131773|timerFactory-0x00007542959ff640|[RPC][WS][SERVICE]connected nodes,count=0
info|2025-12-11 03:03:38.193619|ioService-0x00007542a81ff640|[P2PService][Service][METRIC]heartBeat,connected count=3
info|2025-12-11 03:03:48.131795|timerFactory-0x00007542959ff640|[RPC][WS][SERVICE]connected nodes,count=0
info|2025-12-11 03:03:48.193684|ioService-0x00007542a81ff640|[P2PService][Service][METRIC]heartBeat,connected count=3
info|2025-12-11 03:03:57.982836|objMonitor-0x00007542835ff640|[startMonitor][AliveObjectMonitor],AliveObjectAllocStat=[ type: bcos::gateway::Socket ,created: 9 ,destroyed: 5 ,alive: 4 ] 
info|2025-12-11 03:03:58.131841|timerFactory-0x00007542959ff640|[RPC][WS][SERVICE]connected nodes,count=0
info|2025-12-11 03:03:58.193734|ioService-0x00007542a81ff640|[P2PService][Service][METRIC]heartBeat,connected count=3
info|2025-12-11 03:04:08.131859|timerFactory-0x00007542959ff640|[RPC][WS][SERVICE]connected nodes,count=0
info|2025-12-11 03:04:08.193803|ioService-0x00007542a81ff640|[P2PService][Service][METRIC]heartBeat,connected count=3
info|2025-12-11 03:04:18.131878|timerFactory-0x00007542959ff640|[RPC][WS][SERVICE]connected nodes,count=0
info|2025-12-11 03:04:18.193907|ioService-0x00007542a81ff640|[P2PService][Service][METRIC]heartBeat,connected count=3
info|2025-12-11 03:04:28.131902|timerFactory-0x00007542959ff640|[RPC][WS][SERVICE]connected nodes,count=0
info|2025-12-11 03:04:28.194002|ioService-0x00007542a81ff640|[P2PService][Service][METRIC]heartBeat,connected count=3
info|2025-12-11 03:04:38.131968|timerFactory-0x00007542959ff640|[RPC][WS][SERVICE]connected nodes,count=0
info|2025-12-11 03:04:38.194052|ioService-0x00007542a81ff640|[P2PService][Service][METRIC]heartBeat,connected count=3
info|2025-12-11 03:04:48.131991|timerFactory-0x00007542959ff640|[RPC][WS][SERVICE]connected nodes,count=0
info|2025-12-11 03:04:48.194154|ioService-0x00007542a81ff640|[P2PService][Service][METRIC]heartBeat,connected count=3
info|2025-12-11 03:04:57.982870|objMonitor-0x00007542835ff640|[startMonitor][AliveObjectMonitor],AliveObjectAllocStat=[ type: bcos::gateway::Socket ,created: 9 ,destroyed: 5 ,alive: 4 ] 
info|2025-12-11 03:04:58.132008|timerFactory-0x00007542959ff640|[RPC][WS][SERVICE]connected nodes,count=0
info|2025-12-11 03:04:58.194180|ioService-0x00007542a81ff640|[P2PService][Service][METRIC]heartBeat,connected count=3
info|2025-12-11 03:05:08.132028|timerFactory-0x00007542959ff640|[RPC][WS][SERVICE]connected nodes,count=0
info|2025-12-11 03:05:08.194264|ioService-0x00007542a81ff640|[P2PService][Service][METRIC]heartBeat,connected count=3
info|2025-12-11 03:05:18.132047|timerFactory-0x00007542959ff640|[RPC][WS][SERVICE]connected nodes,count=0
info|2025-12-11 03:05:18.194367|ioService-0x00007542a81ff640|[P2PService][Service][METRIC]heartBeat,connected count=3
info|2025-12-11 03:05:28.132099|timerFactory-0x00007542959ff640|[RPC][WS][SERVICE]connected nodes,count=0
info|2025-12-11 03:05:28.194425|ioService-0x00007542a81ff640|[P2PService][Service][METRIC]heartBeat,connected count=3
info|2025-12-11 03:05:38.132144|timerFactory-0x00007542959ff640|[RPC][WS][SERVICE]connected nodes,count=0
info|2025-12-11 03:05:38.194518|ioService-0x00007542a81ff640|[P2PService][Service][METRIC]heartBeat,connected count=3
info|2025-12-11 03:05:48.132209|timerFactory-0x00007542959ff640|[RPC][WS][SERVICE]connected nodes,count=0
info|2025-12-11 03:05:48.194647|ioService-0x00007542a81ff640|[P2PService][Service][METRIC]heartBeat,connected count=3
info|2025-12-11 03:05:57.982988|objMonitor-0x00007542835ff640|[startMonitor][AliveObjectMonitor],AliveObjectAllocStat=[ type: bcos::gateway::Socket ,created: 9 ,destroyed: 5 ,alive: 4 ] 
info|2025-12-11 03:05:58.132317|timerFactory-0x00007542959ff640|[RPC][WS][SERVICE]connected nodes,count=0
info|2025-12-11 03:05:58.194704|ioService-0x00007542a81ff640|[P2PService][Service][METRIC]heartBeat,connected count=3
info|2025-12-11 03:06:08.132387|timerFactory-0x00007542959ff640|[RPC][WS][SERVICE]connected nodes,count=0
info|2025-12-11 03:06:08.194758|ioService-0x00007542a81ff640|[P2PService][Service][METRIC]heartBeat,connected count=3
info|2025-12-11 03:06:18.132410|timerFactory-0x00007542959ff640|[RPC][WS][SERVICE]connected nodes,count=0
info|2025-12-11 03:06:18.194854|ioService-0x00007542a81ff640|[P2PService][Service][METRIC]heartBeat,connected count=3
info|2025-12-11 03:06:28.132433|timerFactory-0x00007542959ff640|[RPC][WS][SERVICE]connected nodes,count=0
info|2025-12-11 03:06:28.194917|ioService-0x00007542a81ff640|[P2PService][Service][METRIC]heartBeat,connected count=3
info|2025-12-11 03:06:38.132453|timerFactory-0x00007542959ff640|[RPC][WS][SERVICE]connected nodes,count=0
info|2025-12-11 03:06:38.195003|ioService-0x00007542a81ff640|[P2PService][Service][METRIC]heartBeat,connected count=3
info|2025-12-11 03:06:48.132476|timerFactory-0x00007542959ff640|[RPC][WS][SERVICE]connected nodes,count=0
info|2025-12-11 03:06:48.195114|ioService-0x00007542a81ff640|[P2PService][Service][METRIC]heartBeat,connected count=3
info|2025-12-11 03:06:57.983022|objMonitor-0x00007542835ff640|[startMonitor][AliveObjectMonitor],AliveObjectAllocStat=[ type: bcos::gateway::Socket ,created: 9 ,destroyed: 5 ,alive: 4 ] 
info|2025-12-11 03:06:58.132562|timerFactory-0x00007542959ff640|[RPC][WS][SERVICE]connected nodes,count=0
info|2025-12-11 03:06:58.195175|ioService-0x00007542a81ff640|[P2PService][Service][METRIC]heartBeat,connected count=3
info|2025-12-11 03:07:08.132581|timerFactory-0x00007542959ff640|[RPC][WS][SERVICE]connected nodes,count=0
info|2025-12-11 03:07:08.195227|ioService-0x00007542a81ff640|[P2PService][Service][METRIC]heartBeat,connected count=3
info|2025-12-11 03:07:18.132603|timerFactory-0x00007542959ff640|[RPC][WS][SERVICE]connected nodes,count=0
info|2025-12-11 03:07:18.195352|ioService-0x00007542a81ff640|[P2PService][Service][METRIC]heartBeat,connected count=3
info|2025-12-11 03:07:28.132623|timerFactory-0x00007542959ff640|[RPC][WS][SERVICE]connected nodes,count=0
info|2025-12-11 03:07:28.195431|ioService-0x00007542a81ff640|[P2PService][Service][METRIC]heartBeat,connected count=3
info|2025-12-11 03:07:38.132641|timerFactory-0x00007542959ff640|[RPC][WS][SERVICE]connected nodes,count=0
info|2025-12-11 03:07:38.195472|ioService-0x00007542a81ff640|[P2PService][Service][METRIC]heartBeat,connected count=3
info|2025-12-11 03:07:48.132664|timerFactory-0x00007542959ff640|[RPC][WS][SERVICE]connected nodes,count=0
info|2025-12-11 03:07:48.195523|ioService-0x00007542a81ff640|[P2PService][Service][METRIC]heartBeat,connected count=3
info|2025-12-11 03:07:57.983125|objMonitor-0x00007542835ff640|[startMonitor][AliveObjectMonitor],AliveObjectAllocStat=[ type: bcos::gateway::Socket ,created: 9 ,destroyed: 5 ,alive: 4 ] 
info|2025-12-11 03:07:58.132684|timerFactory-0x00007542959ff640|[RPC][WS][SERVICE]connected nodes,count=0
info|2025-12-11 03:07:58.195608|ioService-0x00007542a81ff640|[P2PService][Service][METRIC]heartBeat,connected count=3
info|2025-12-11 03:08:08.132730|timerFactory-0x00007542959ff640|[RPC][WS][SERVICE]connected nodes,count=0
info|2025-12-11 03:08:08.195671|ioService-0x00007542a81ff640|[P2PService][Service][METRIC]heartBeat,connected count=3
info|2025-12-11 03:08:18.132782|timerFactory-0x00007542959ff640|[RPC][WS][SERVICE]connected nodes,count=0
info|2025-12-11 03:08:18.195737|ioService-0x00007542a81ff640|[P2PService][Service][METRIC]heartBeat,connected count=3
info|2025-12-11 03:08:28.132802|timerFactory-0x00007542959ff640|[RPC][WS][SERVICE]connected nodes,count=0
info|2025-12-11 03:08:28.195800|ioService-0x00007542a81ff640|[P2PService][Service][METRIC]heartBeat,connected count=3
info|2025-12-11 03:08:38.132870|timerFactory-0x00007542959ff640|[RPC][WS][SERVICE]connected nodes,count=0
info|2025-12-11 03:08:38.195885|ioService-0x00007542a81ff640|[P2PService][Service][METRIC]heartBeat,connected count=3
info|2025-12-11 03:08:48.132922|timerFactory-0x00007542959ff640|[RPC][WS][SERVICE]connected nodes,count=0
info|2025-12-11 03:08:48.195936|ioService-0x00007542a81ff640|[P2PService][Service][METRIC]heartBeat,connected count=3
info|2025-12-11 03:08:57.983166|objMonitor-0x00007542835ff640|[startMonitor][AliveObjectMonitor],AliveObjectAllocStat=[ type: bcos::gateway::Socket ,created: 9 ,destroyed: 5 ,alive: 4 ] 
info|2025-12-11 03:08:58.132941|timerFactory-0x00007542959ff640|[RPC][WS][SERVICE]connected nodes,count=0
info|2025-12-11 03:08:58.195962|ioService-0x00007542a81ff640|[P2PService][Service][METRIC]heartBeat,connected count=3
info|2025-12-11 03:09:08.133033|timerFactory-0x00007542959ff640|[RPC][WS][SERVICE]connected nodes,count=0
info|2025-12-11 03:09:08.195980|ioService-0x00007542a81ff640|[P2PService][Service][METRIC]heartBeat,connected count=3
info|2025-12-11 03:09:18.133053|timerFactory-0x00007542959ff640|[RPC][WS][SERVICE]connected nodes,count=0
info|2025-12-11 03:09:18.196046|ioService-0x00007542a81ff640|[P2PService][Service][METRIC]heartBeat,connected count=3
info|2025-12-11 03:09:28.133159|timerFactory-0x00007542959ff640|[RPC][WS][SERVICE]connected nodes,count=0
info|2025-12-11 03:09:28.196153|ioService-0x00007542a81ff640|[P2PService][Service][METRIC]heartBeat,connected count=3
info|2025-12-11 03:09:38.133215|timerFactory-0x00007542959ff640|[RPC][WS][SERVICE]connected nodes,count=0
info|2025-12-11 03:09:38.196179|ioService-0x00007542a81ff640|[P2PService][Service][METRIC]heartBeat,connected count=3
info|2025-12-11 03:09:48.133298|timerFactory-0x00007542959ff640|[RPC][WS][SERVICE]connected nodes,count=0
info|2025-12-11 03:09:48.196234|ioService-0x00007542a81ff640|[P2PService][Service][METRIC]heartBeat,connected count=3
info|2025-12-11 03:09:57.983201|objMonitor-0x00007542835ff640|[startMonitor][AliveObjectMonitor],AliveObjectAllocStat=[ type: bcos::gateway::Socket ,created: 9 ,destroyed: 5 ,alive: 4 ] 
info|2025-12-11 03:09:58.133324|timerFactory-0x00007542959ff640|[RPC][WS][SERVICE]connected nodes,count=0
info|2025-12-11 03:09:58.196262|ioService-0x00007542a81ff640|[P2PService][Service][METRIC]heartBeat,connected count=3
info|2025-12-11 03:10:08.133388|timerFactory-0x00007542959ff640|[RPC][WS][SERVICE]connected nodes,count=0
info|2025-12-11 03:10:08.196322|ioService-0x00007542a81ff640|[P2PService][Service][METRIC]heartBeat,connected count=3
info|2025-12-11 03:10:18.133416|timerFactory-0x00007542959ff640|[RPC][WS][SERVICE]connected nodes,count=0
info|2025-12-11 03:10:18.196344|ioService-0x00007542a81ff640|[P2PService][Service][METRIC]heartBeat,connected count=3
info|2025-12-11 03:10:28.133440|timerFactory-0x00007542959ff640|[RPC][WS][SERVICE]connected nodes,count=0
info|2025-12-11 03:10:28.196362|ioService-0x00007542a81ff640|[P2PService][Service][METRIC]heartBeat,connected count=3
info|2025-12-11 03:10:38.133465|timerFactory-0x00007542959ff640|[RPC][WS][SERVICE]connected nodes,count=0
info|2025-12-11 03:10:38.196381|ioService-0x00007542a81ff640|[P2PService][Service][METRIC]heartBeat,connected count=3
info|2025-12-11 03:10:48.133487|timerFactory-0x00007542959ff640|[RPC][WS][SERVICE]connected nodes,count=0
info|2025-12-11 03:10:48.196452|ioService-0x00007542a81ff640|[P2PService][Service][METRIC]heartBeat,connected count=3
info|2025-12-11 03:10:57.983316|objMonitor-0x00007542835ff640|[startMonitor][AliveObjectMonitor],AliveObjectAllocStat=[ type: bcos::gateway::Socket ,created: 9 ,destroyed: 5 ,alive: 4 ] 
info|2025-12-11 03:10:58.133506|timerFactory-0x00007542959ff640|[RPC][WS][SERVICE]connected nodes,count=0
info|2025-12-11 03:10:58.196598|ioService-0x00007542a81ff640|[P2PService][Service][METRIC]heartBeat,connected count=3
info|2025-12-11 03:11:08.133531|timerFactory-0x00007542959ff640|[RPC][WS][SERVICE]connected nodes,count=0
info|2025-12-11 03:11:08.196649|ioService-0x00007542a81ff640|[P2PService][Service][METRIC]heartBeat,connected count=3
info|2025-12-11 03:11:18.133595|timerFactory-0x00007542959ff640|[RPC][WS][SERVICE]connected nodes,count=0
info|2025-12-11 03:11:18.196719|ioService-0x00007542a81ff640|[P2PService][Service][METRIC]heartBeat,connected count=3
info|2025-12-11 03:11:28.133615|timerFactory-0x00007542959ff640|[RPC][WS][SERVICE]connected nodes,count=0
info|2025-12-11 03:11:28.196814|ioService-0x00007542a81ff640|[P2PService][Service][METRIC]heartBeat,connected count=3
info|2025-12-11 03:11:38.133683|timerFactory-0x00007542959ff640|[RPC][WS][SERVICE]connected nodes,count=0
info|2025-12-11 03:11:38.196943|ioService-0x00007542a81ff640|[P2PService][Service][METRIC]heartBeat,connected count=3
info|2025-12-11 03:11:48.133707|timerFactory-0x00007542959ff640|[RPC][WS][SERVICE]connected nodes,count=0
info|2025-12-11 03:11:48.196973|ioService-0x00007542a81ff640|[P2PService][Service][METRIC]heartBeat,connected count=3
info|2025-12-11 03:11:57.983351|objMonitor-0x00007542835ff640|[startMonitor][AliveObjectMonitor],AliveObjectAllocStat=[ type: bcos::gateway::Socket ,created: 9 ,destroyed: 5 ,alive: 4 ] 
info|2025-12-11 03:11:58.133726|timerFactory-0x00007542959ff640|[RPC][WS][SERVICE]connected nodes,count=0
info|2025-12-11 03:11:58.196991|ioService-0x00007542a81ff640|[P2PService][Service][METRIC]heartBeat,connected count=3
info|2025-12-11 03:12:08.133743|timerFactory-0x00007542959ff640|[RPC][WS][SERVICE]connected nodes,count=0
info|2025-12-11 03:12:08.197051|ioService-0x00007542a81ff640|[P2PService][Service][METRIC]heartBeat,connected count=3
info|2025-12-11 03:12:18.133761|timerFactory-0x00007542959ff640|[RPC][WS][SERVICE]connected nodes,count=0
info|2025-12-11 03:12:18.197079|ioService-0x00007542a81ff640|[P2PService][Service][METRIC]heartBeat,connected count=3
info|2025-12-11 03:12:28.133779|timerFactory-0x00007542959ff640|[RPC][WS][SERVICE]connected nodes,count=0
info|2025-12-11 03:12:28.197153|ioService-0x00007542a81ff640|[P2PService][Service][METRIC]heartBeat,connected count=3
info|2025-12-11 03:12:38.133899|timerFactory-0x00007542959ff640|[RPC][WS][SERVICE]connected nodes,count=0
info|2025-12-11 03:12:38.197175|ioService-0x00007542a81ff640|[P2PService][Service][METRIC]heartBeat,connected count=3
info|2025-12-11 03:12:48.133945|timerFactory-0x00007542959ff640|[RPC][WS][SERVICE]connected nodes,count=0
info|2025-12-11 03:12:48.197194|ioService-0x00007542a81ff640|[P2PService][Service][METRIC]heartBeat,connected count=3
info|2025-12-11 03:12:57.983386|objMonitor-0x00007542835ff640|[startMonitor][AliveObjectMonitor],AliveObjectAllocStat=[ type: bcos::gateway::Socket ,created: 9 ,destroyed: 5 ,alive: 4 ] 
info|2025-12-11 03:12:58.133990|timerFactory-0x00007542959ff640|[RPC][WS][SERVICE]connected nodes,count=0
info|2025-12-11 03:12:58.197240|ioService-0x00007542a81ff640|[P2PService][Service][METRIC]heartBeat,connected count=3
info|2025-12-11 03:13:08.134072|timerFactory-0x00007542959ff640|[RPC][WS][SERVICE]connected nodes,count=0
info|2025-12-11 03:13:08.197264|ioService-0x00007542a81ff640|[P2PService][Service][METRIC]heartBeat,connected count=3
info|2025-12-11 03:13:18.134128|timerFactory-0x00007542959ff640|[RPC][WS][SERVICE]connected nodes,count=0
info|2025-12-11 03:13:18.197335|ioService-0x00007542a81ff640|[P2PService][Service][METRIC]heartBeat,connected count=3
info|2025-12-11 03:13:28.134207|timerFactory-0x00007542959ff640|[RPC][WS][SERVICE]connected nodes,count=0
info|2025-12-11 03:13:28.197418|ioService-0x00007542a81ff640|[P2PService][Service][METRIC]heartBeat,connected count=3
info|2025-12-11 03:13:38.134232|timerFactory-0x00007542959ff640|[RPC][WS][SERVICE]connected nodes,count=0
info|2025-12-11 03:13:38.197477|ioService-0x00007542a81ff640|[P2PService][Service][METRIC]heartBeat,connected count=3
info|2025-12-11 03:13:48.134255|timerFactory-0x00007542959ff640|[RPC][WS][SERVICE]connected nodes,count=0
info|2025-12-11 03:13:48.197499|ioService-0x00007542a81ff640|[P2PService][Service][METRIC]heartBeat,connected count=3
info|2025-12-11 03:13:57.983421|objMonitor-0x00007542835ff640|[startMonitor][AliveObjectMonitor],AliveObjectAllocStat=[ type: bcos::gateway::Socket ,created: 9 ,destroyed: 5 ,alive: 4 ] 
info|2025-12-11 03:13:58.134276|timerFactory-0x00007542959ff640|[RPC][WS][SERVICE]connected nodes,count=0
info|2025-12-11 03:13:58.197555|ioService-0x00007542a81ff640|[P2PService][Service][METRIC]heartBeat,connected count=3
info|2025-12-11 03:14:08.134297|timerFactory-0x00007542959ff640|[RPC][WS][SERVICE]connected nodes,count=0
info|2025-12-11 03:14:08.197579|ioService-0x00007542a81ff640|[P2PService][Service][METRIC]heartBeat,connected count=3
info|2025-12-11 03:14:18.134318|timerFactory-0x00007542959ff640|[RPC][WS][SERVICE]connected nodes,count=0
info|2025-12-11 03:14:18.197602|ioService-0x00007542a81ff640|[P2PService][Service][METRIC]heartBeat,connected count=3
info|2025-12-11 03:14:28.134344|timerFactory-0x00007542959ff640|[RPC][WS][SERVICE]connected nodes,count=0
info|2025-12-11 03:14:28.197669|ioService-0x00007542a81ff640|[P2PService][Service][METRIC]heartBeat,connected count=3
info|2025-12-11 03:14:38.134367|timerFactory-0x00007542959ff640|[RPC][WS][SERVICE]connected nodes,count=0
info|2025-12-11 03:14:38.197822|ioService-0x00007542a81ff640|[P2PService][Service][METRIC]heartBeat,connected count=3
info|2025-12-11 03:14:48.134392|timerFactory-0x00007542959ff640|[RPC][WS][SERVICE]connected nodes,count=0
info|2025-12-11 03:14:48.197851|ioService-0x00007542a81ff640|[P2PService][Service][METRIC]heartBeat,connected count=3
info|2025-12-11 03:14:57.983455|objMonitor-0x00007542835ff640|[startMonitor][AliveObjectMonitor],AliveObjectAllocStat=[ type: bcos::gateway::Socket ,created: 9 ,destroyed: 5 ,alive: 4 ] 
info|2025-12-11 03:14:58.134417|timerFactory-0x00007542959ff640|[RPC][WS][SERVICE]connected nodes,count=0
info|2025-12-11 03:14:58.197869|ioService-0x00007542a81ff640|[P2PService][Service][METRIC]heartBeat,connected count=3
info|2025-12-11 03:15:08.134437|timerFactory-0x00007542959ff640|[RPC][WS][SERVICE]connected nodes,count=0
info|2025-12-11 03:15:08.197941|ioService-0x00007542a81ff640|[P2PService][Service][METRIC]heartBeat,connected count=3
info|2025-12-11 03:15:18.134461|timerFactory-0x00007542959ff640|[RPC][WS][SERVICE]connected nodes,count=0
info|2025-12-11 03:15:18.197963|ioService-0x00007542a81ff640|[P2PService][Service][METRIC]heartBeat,connected count=3
info|2025-12-11 03:15:28.134485|timerFactory-0x00007542959ff640|[RPC][WS][SERVICE]connected nodes,count=0
info|2025-12-11 03:15:28.197981|ioService-0x00007542a81ff640|[P2PService][Service][METRIC]heartBeat,connected count=3
info|2025-12-11 03:15:38.134512|timerFactory-0x00007542959ff640|[RPC][WS][SERVICE]connected nodes,count=0
info|2025-12-11 03:15:38.197997|ioService-0x00007542a81ff640|[P2PService][Service][METRIC]heartBeat,connected count=3
info|2025-12-11 03:15:48.134537|timerFactory-0x00007542959ff640|[RPC][WS][SERVICE]connected nodes,count=0
info|2025-12-11 03:15:48.198017|ioService-0x00007542a81ff640|[P2PService][Service][METRIC]heartBeat,connected count=3
info|2025-12-11 03:15:57.983549|objMonitor-0x00007542835ff640|[startMonitor][AliveObjectMonitor],AliveObjectAllocStat=[ type: bcos::gateway::Socket ,created: 9 ,destroyed: 5 ,alive: 4 ] 
info|2025-12-11 03:15:58.134558|timerFactory-0x00007542959ff640|[RPC][WS][SERVICE]connected nodes,count=0
info|2025-12-11 03:15:58.198070|ioService-0x00007542a81ff640|[P2PService][Service][METRIC]heartBeat,connected count=3
info|2025-12-11 03:16:08.134581|timerFactory-0x00007542959ff640|[RPC][WS][SERVICE]connected nodes,count=0
info|2025-12-11 03:16:08.198119|ioService-0x00007542a81ff640|[P2PService][Service][METRIC]heartBeat,connected count=3
info|2025-12-11 03:16:18.134656|timerFactory-0x00007542959ff640|[RPC][WS][SERVICE]connected nodes,count=0
info|2025-12-11 03:16:18.198231|ioService-0x00007542a81ff640|[P2PService][Service][METRIC]heartBeat,connected count=3
info|2025-12-11 03:16:28.134677|timerFactory-0x00007542959ff640|[RPC][WS][SERVICE]connected nodes,count=0
info|2025-12-11 03:16:28.198316|ioService-0x00007542a81ff640|[P2PService][Service][METRIC]heartBeat,connected count=3
info|2025-12-11 03:16:38.134699|timerFactory-0x00007542959ff640|[RPC][WS][SERVICE]connected nodes,count=0
info|2025-12-11 03:16:38.198374|ioService-0x00007542a81ff640|[P2PService][Service][METRIC]heartBeat,connected count=3
info|2025-12-11 03:16:48.134752|timerFactory-0x00007542959ff640|[RPC][WS][SERVICE]connected nodes,count=0
info|2025-12-11 03:16:48.198442|ioService-0x00007542a81ff640|[P2PService][Service][METRIC]heartBeat,connected count=3
info|2025-12-11 03:16:57.983590|objMonitor-0x00007542835ff640|[startMonitor][AliveObjectMonitor],AliveObjectAllocStat=[ type: bcos::gateway::Socket ,created: 9 ,destroyed: 5 ,alive: 4 ] 
info|2025-12-11 03:16:58.134913|timerFactory-0x00007542959ff640|[RPC][WS][SERVICE]connected nodes,count=0
info|2025-12-11 03:16:58.198469|ioService-0x00007542a81ff640|[P2PService][Service][METRIC]heartBeat,connected count=3
info|2025-12-11 03:17:08.134934|timerFactory-0x00007542959ff640|[RPC][WS][SERVICE]connected nodes,count=0
info|2025-12-11 03:17:08.198594|ioService-0x00007542a81ff640|[P2PService][Service][METRIC]heartBeat,connected count=3
info|2025-12-11 03:17:18.134956|timerFactory-0x00007542959ff640|[RPC][WS][SERVICE]connected nodes,count=0
info|2025-12-11 03:17:18.198667|ioService-0x00007542a81ff640|[P2PService][Service][METRIC]heartBeat,connected count=3
info|2025-12-11 03:17:28.135023|timerFactory-0x00007542959ff640|[RPC][WS][SERVICE]connected nodes,count=0
info|2025-12-11 03:17:28.198765|ioService-0x00007542a81ff640|[P2PService][Service][METRIC]heartBeat,connected count=3
info|2025-12-11 03:17:38.135045|timerFactory-0x00007542959ff640|[RPC][WS][SERVICE]connected nodes,count=0
info|2025-12-11 03:17:38.198851|ioService-0x00007542a81ff640|[P2PService][Service][METRIC]heartBeat,connected count=3
info|2025-12-11 03:17:48.135127|timerFactory-0x00007542959ff640|[RPC][WS][SERVICE]connected nodes,count=0
info|2025-12-11 03:17:48.198868|ioService-0x00007542a81ff640|[P2PService][Service][METRIC]heartBeat,connected count=3
info|2025-12-11 03:17:57.983731|objMonitor-0x00007542835ff640|[startMonitor][AliveObjectMonitor],AliveObjectAllocStat=[ type: bcos::gateway::Socket ,created: 9 ,destroyed: 5 ,alive: 4 ] 
info|2025-12-11 03:17:58.135185|timerFactory-0x00007542959ff640|[RPC][WS][SERVICE]connected nodes,count=0
info|2025-12-11 03:17:58.198886|ioService-0x00007542a81ff640|[P2PService][Service][METRIC]heartBeat,connected count=3
info|2025-12-11 03:18:08.135223|timerFactory-0x00007542959ff640|[RPC][WS][SERVICE]connected nodes,count=0
info|2025-12-11 03:18:08.199011|ioService-0x00007542a81ff640|[P2PService][Service][METRIC]heartBeat,connected count=3
info|2025-12-11 03:18:18.135244|timerFactory-0x00007542959ff640|[RPC][WS][SERVICE]connected nodes,count=0
info|2025-12-11 03:18:18.199067|ioService-0x00007542a81ff640|[P2PService][Service][METRIC]heartBeat,connected count=3
info|2025-12-11 03:18:28.135309|timerFactory-0x00007542959ff640|[RPC][WS][SERVICE]connected nodes,count=0
info|2025-12-11 03:18:28.199246|ioService-0x00007542a81ff640|[P2PService][Service][METRIC]heartBeat,connected count=3
info|2025-12-11 03:18:38.135375|timerFactory-0x00007542959ff640|[RPC][WS][SERVICE]connected nodes,count=0
info|2025-12-11 03:18:38.199314|ioService-0x00007542a81ff640|[P2PService][Service][METRIC]heartBeat,connected count=3
info|2025-12-11 03:18:48.135441|timerFactory-0x00007542959ff640|[RPC][WS][SERVICE]connected nodes,count=0
info|2025-12-11 03:18:48.199399|ioService-0x00007542a81ff640|[P2PService][Service][METRIC]heartBeat,connected count=3
info|2025-12-11 03:18:57.983905|objMonitor-0x00007542835ff640|[startMonitor][AliveObjectMonitor],AliveObjectAllocStat=[ type: bcos::gateway::Socket ,created: 9 ,destroyed: 5 ,alive: 4 ] 
info|2025-12-11 03:18:58.135462|timerFactory-0x00007542959ff640|[RPC][WS][SERVICE]connected nodes,count=0
info|2025-12-11 03:18:58.199417|ioService-0x00007542a81ff640|[P2PService][Service][METRIC]heartBeat,connected count=3
info|2025-12-11 03:19:08.135482|timerFactory-0x00007542959ff640|[RPC][WS][SERVICE]connected nodes,count=0
info|2025-12-11 03:19:08.199436|ioService-0x00007542a81ff640|[P2PService][Service][METRIC]heartBeat,connected count=3
info|2025-12-11 03:19:18.135545|timerFactory-0x00007542959ff640|[RPC][WS][SERVICE]connected nodes,count=0
info|2025-12-11 03:19:18.199493|ioService-0x00007542a81ff640|[P2PService][Service][METRIC]heartBeat,connected count=3
info|2025-12-11 03:19:28.135567|timerFactory-0x00007542959ff640|[RPC][WS][SERVICE]connected nodes,count=0
info|2025-12-11 03:19:28.199524|ioService-0x00007542a81ff640|[P2PService][Service][METRIC]heartBeat,connected count=3
info|2025-12-11 03:19:38.135588|timerFactory-0x00007542959ff640|[RPC][WS][SERVICE]connected nodes,count=0
info|2025-12-11 03:19:38.199543|ioService-0x00007542a81ff640|[P2PService][Service][METRIC]heartBeat,connected count=3
info|2025-12-11 03:19:48.135653|timerFactory-0x00007542959ff640|[RPC][WS][SERVICE]connected nodes,count=0
info|2025-12-11 03:19:48.199561|ioService-0x00007542a81ff640|[P2PService][Service][METRIC]heartBeat,connected count=3
info|2025-12-11 03:19:57.983964|objMonitor-0x00007542835ff640|[startMonitor][AliveObjectMonitor],AliveObjectAllocStat=[ type: bcos::gateway::Socket ,created: 9 ,destroyed: 5 ,alive: 4 ] 
info|2025-12-11 03:19:58.135673|timerFactory-0x00007542959ff640|[RPC][WS][SERVICE]connected nodes,count=0
info|2025-12-11 03:19:58.199620|ioService-0x00007542a81ff640|[P2PService][Service][METRIC]heartBeat,connected count=3
info|2025-12-11 03:20:08.135738|timerFactory-0x00007542959ff640|[RPC][WS][SERVICE]connected nodes,count=0
info|2025-12-11 03:20:08.199642|ioService-0x00007542a81ff640|[P2PService][Service][METRIC]heartBeat,connected count=3
info|2025-12-11 03:20:18.135805|timerFactory-0x00007542959ff640|[RPC][WS][SERVICE]connected nodes,count=0
info|2025-12-11 03:20:18.199660|ioService-0x00007542a81ff640|[P2PService][Service][METRIC]heartBeat,connected count=3
info|2025-12-11 03:20:28.135824|timerFactory-0x00007542959ff640|[RPC][WS][SERVICE]connected nodes,count=0
info|2025-12-11 03:20:28.199719|ioService-0x00007542a81ff640|[P2PService][Service][METRIC]heartBeat,connected count=3
info|2025-12-11 03:20:38.135842|timerFactory-0x00007542959ff640|[RPC][WS][SERVICE]connected nodes,count=0
info|2025-12-11 03:20:38.199926|ioService-0x00007542a81ff640|[P2PService][Service][METRIC]heartBeat,connected count=3
info|2025-12-11 03:20:48.135900|timerFactory-0x00007542959ff640|[RPC][WS][SERVICE]connected nodes,count=0
info|2025-12-11 03:20:48.199975|ioService-0x00007542a81ff640|[P2PService][Service][METRIC]heartBeat,connected count=3
info|2025-12-11 03:20:57.984109|objMonitor-0x00007542835ff640|[startMonitor][AliveObjectMonitor],AliveObjectAllocStat=[ type: bcos::gateway::Socket ,created: 9 ,destroyed: 5 ,alive: 4 ] 
info|2025-12-11 03:20:58.135920|timerFactory-0x00007542959ff640|[RPC][WS][SERVICE]connected nodes,count=0
info|2025-12-11 03:20:58.200044|ioService-0x00007542a81ff640|[P2PService][Service][METRIC]heartBeat,connected count=3
info|2025-12-11 03:21:08.135944|timerFactory-0x00007542959ff640|[RPC][WS][SERVICE]connected nodes,count=0
info|2025-12-11 03:21:08.200101|ioService-0x00007542a81ff640|[P2PService][Service][METRIC]heartBeat,connected count=3
info|2025-12-11 03:21:18.135963|timerFactory-0x00007542959ff640|[RPC][WS][SERVICE]connected nodes,count=0
info|2025-12-11 03:21:18.200158|ioService-0x00007542a81ff640|[P2PService][Service][METRIC]heartBeat,connected count=3
info|2025-12-11 03:21:28.135982|timerFactory-0x00007542959ff640|[RPC][WS][SERVICE]connected nodes,count=0
info|2025-12-11 03:21:28.200179|ioService-0x00007542a81ff640|[P2PService][Service][METRIC]heartBeat,connected count=3
info|2025-12-11 03:21:38.136002|timerFactory-0x00007542959ff640|[RPC][WS][SERVICE]connected nodes,count=0
info|2025-12-11 03:21:38.200200|ioService-0x00007542a81ff640|[P2PService][Service][METRIC]heartBeat,connected count=3
info|2025-12-11 03:21:48.136021|timerFactory-0x00007542959ff640|[RPC][WS][SERVICE]connected nodes,count=0
info|2025-12-11 03:21:48.200226|ioService-0x00007542a81ff640|[P2PService][Service][METRIC]heartBeat,connected count=3
info|2025-12-11 03:21:57.984286|objMonitor-0x00007542835ff640|[startMonitor][AliveObjectMonitor],AliveObjectAllocStat=[ type: bcos::gateway::Socket ,created: 9 ,destroyed: 5 ,alive: 4 ] 
info|2025-12-11 03:21:58.136042|timerFactory-0x00007542959ff640|[RPC][WS][SERVICE]connected nodes,count=0
info|2025-12-11 03:21:58.200318|ioService-0x00007542a81ff640|[P2PService][Service][METRIC]heartBeat,connected count=3
info|2025-12-11 03:22:08.136096|timerFactory-0x00007542959ff640|[RPC][WS][SERVICE]connected nodes,count=0
info|2025-12-11 03:22:08.200408|ioService-0x00007542a81ff640|[P2PService][Service][METRIC]heartBeat,connected count=3
info|2025-12-11 03:22:18.136157|timerFactory-0x00007542959ff640|[RPC][WS][SERVICE]connected nodes,count=0
info|2025-12-11 03:22:18.200435|ioService-0x00007542a81ff640|[P2PService][Service][METRIC]heartBeat,connected count=3
info|2025-12-11 03:22:28.136181|timerFactory-0x00007542959ff640|[RPC][WS][SERVICE]connected nodes,count=0
info|2025-12-11 03:22:28.200462|ioService-0x00007542a81ff640|[P2PService][Service][METRIC]heartBeat,connected count=3
info|2025-12-11 03:22:38.136237|timerFactory-0x00007542959ff640|[RPC][WS][SERVICE]connected nodes,count=0
info|2025-12-11 03:22:38.200488|ioService-0x00007542a81ff640|[P2PService][Service][METRIC]heartBeat,connected count=3
info|2025-12-11 03:22:48.136326|timerFactory-0x00007542959ff640|[RPC][WS][SERVICE]connected nodes,count=0
info|2025-12-11 03:22:48.200517|ioService-0x00007542a81ff640|[P2PService][Service][METRIC]heartBeat,connected count=3
info|2025-12-11 03:22:57.984336|objMonitor-0x00007542835ff640|[startMonitor][AliveObjectMonitor],AliveObjectAllocStat=[ type: bcos::gateway::Socket ,created: 9 ,destroyed: 5 ,alive: 4 ] 
info|2025-12-11 03:22:58.136351|timerFactory-0x00007542959ff640|[RPC][WS][SERVICE]connected nodes,count=0
info|2025-12-11 03:22:58.200578|ioService-0x00007542a81ff640|[P2PService][Service][METRIC]heartBeat,connected count=3
info|2025-12-11 03:23:08.136372|timerFactory-0x00007542959ff640|[RPC][WS][SERVICE]connected nodes,count=0
info|2025-12-11 03:23:08.200619|ioService-0x00007542a81ff640|[P2PService][Service][METRIC]heartBeat,connected count=3
info|2025-12-11 03:23:18.136397|timerFactory-0x00007542959ff640|[RPC][WS][SERVICE]connected nodes,count=0
info|2025-12-11 03:23:18.200689|ioService-0x00007542a81ff640|[P2PService][Service][METRIC]heartBeat,connected count=3
info|2025-12-11 03:23:28.136424|timerFactory-0x00007542959ff640|[RPC][WS][SERVICE]connected nodes,count=0
info|2025-12-11 03:23:28.200716|ioService-0x00007542a81ff640|[P2PService][Service][METRIC]heartBeat,connected count=3
info|2025-12-11 03:23:38.136450|timerFactory-0x00007542959ff640|[RPC][WS][SERVICE]connected nodes,count=0
info|2025-12-11 03:23:38.200850|ioService-0x00007542a81ff640|[P2PService][Service][METRIC]heartBeat,connected count=3
info|2025-12-11 03:23:48.136477|timerFactory-0x00007542959ff640|[RPC][WS][SERVICE]connected nodes,count=0
info|2025-12-11 03:23:48.200940|ioService-0x00007542a81ff640|[P2PService][Service][METRIC]heartBeat,connected count=3
info|2025-12-11 03:23:57.984369|objMonitor-0x00007542835ff640|[startMonitor][AliveObjectMonitor],AliveObjectAllocStat=[ type: bcos::gateway::Socket ,created: 9 ,destroyed: 5 ,alive: 4 ] 
info|2025-12-11 03:23:58.136545|timerFactory-0x00007542959ff640|[RPC][WS][SERVICE]connected nodes,count=0
info|2025-12-11 03:23:58.200992|ioService-0x00007542a81ff640|[P2PService][Service][METRIC]heartBeat,connected count=3
info|2025-12-11 03:24:08.136570|timerFactory-0x00007542959ff640|[RPC][WS][SERVICE]connected nodes,count=0
info|2025-12-11 03:24:08.201211|ioService-0x00007542a81ff640|[P2PService][Service][METRIC]heartBeat,connected count=3
info|2025-12-11 03:24:18.136592|timerFactory-0x00007542959ff640|[RPC][WS][SERVICE]connected nodes,count=0
info|2025-12-11 03:24:18.201233|ioService-0x00007542a81ff640|[P2PService][Service][METRIC]heartBeat,connected count=3
info|2025-12-11 03:24:28.136659|timerFactory-0x00007542959ff640|[RPC][WS][SERVICE]connected nodes,count=0
info|2025-12-11 03:24:28.201287|ioService-0x00007542a81ff640|[P2PService][Service][METRIC]heartBeat,connected count=3
info|2025-12-11 03:24:38.136712|timerFactory-0x00007542959ff640|[RPC][WS][SERVICE]connected nodes,count=0
info|2025-12-11 03:24:38.201315|ioService-0x00007542a81ff640|[P2PService][Service][METRIC]heartBeat,connected count=3
info|2025-12-11 03:24:48.136802|timerFactory-0x00007542959ff640|[RPC][WS][SERVICE]connected nodes,count=0
info|2025-12-11 03:24:48.201331|ioService-0x00007542a81ff640|[P2PService][Service][METRIC]heartBeat,connected count=3
info|2025-12-11 03:24:57.984404|objMonitor-0x00007542835ff640|[startMonitor][AliveObjectMonitor],AliveObjectAllocStat=[ type: bcos::gateway::Socket ,created: 9 ,destroyed: 5 ,alive: 4 ] [ type: bcos::gateway::ResponseCallback ,created: 588032 ,destroyed: 588027 ,alive: 5 ] 
info|2025-12-11 03:24:58.136855|timerFactory-0x00007542959ff640|[RPC][WS][SERVICE]connected nodes,count=0
info|2025-12-11 03:24:58.201372|ioService-0x00007542a81ff640|[P2PService][Service][METRIC]heartBeat,connected count=3
info|2025-12-11 03:25:08.136887|timerFactory-0x00007542959ff640|[RPC][WS][SERVICE]connected nodes,count=0
info|2025-12-11 03:25:08.201433|ioService-0x00007542a81ff640|[P2PService][Service][METRIC]heartBeat,connected count=3
info|2025-12-11 03:25:18.136952|timerFactory-0x00007542959ff640|[RPC][WS][SERVICE]connected nodes,count=0
info|2025-12-11 03:25:18.201452|ioService-0x00007542a81ff640|[P2PService][Service][METRIC]heartBeat,connected count=3
info|2025-12-11 03:25:28.136973|timerFactory-0x00007542959ff640|[RPC][WS][SERVICE]connected nodes,count=0
info|2025-12-11 03:25:28.201570|ioService-0x00007542a81ff640|[P2PService][Service][METRIC]heartBeat,connected count=3
info|2025-12-11 03:25:38.137042|timerFactory-0x00007542959ff640|[RPC][WS][SERVICE]connected nodes,count=0
info|2025-12-11 03:25:38.201633|ioService-0x00007542a81ff640|[P2PService][Service][METRIC]heartBeat,connected count=3
info|2025-12-11 03:25:48.137062|timerFactory-0x00007542959ff640|[RPC][WS][SERVICE]connected nodes,count=0
info|2025-12-11 03:25:48.201722|ioService-0x00007542a81ff640|[P2PService][Service][METRIC]heartBeat,connected count=3
info|2025-12-11 03:25:57.984439|objMonitor-0x00007542835ff640|[startMonitor][AliveObjectMonitor],AliveObjectAllocStat=[ type: bcos::gateway::Socket ,created: 9 ,destroyed: 5 ,alive: 4 ] 
info|2025-12-11 03:25:58.137120|timerFactory-0x00007542959ff640|[RPC][WS][SERVICE]connected nodes,count=0
info|2025-12-11 03:25:58.201772|ioService-0x00007542a81ff640|[P2PService][Service][METRIC]heartBeat,connected count=3
info|2025-12-11 03:26:08.137196|timerFactory-0x00007542959ff640|[RPC][WS][SERVICE]connected nodes,count=0
info|2025-12-11 03:26:08.201841|ioService-0x00007542a81ff640|[P2PService][Service][METRIC]heartBeat,connected count=3
info|2025-12-11 03:26:18.137248|timerFactory-0x00007542959ff640|[RPC][WS][SERVICE]connected nodes,count=0
info|2025-12-11 03:26:18.201858|ioService-0x00007542a81ff640|[P2PService][Service][METRIC]heartBeat,connected count=3
info|2025-12-11 03:26:28.137317|timerFactory-0x00007542959ff640|[RPC][WS][SERVICE]connected nodes,count=0
info|2025-12-11 03:26:28.201937|ioService-0x00007542a81ff640|[P2PService][Service][METRIC]heartBeat,connected count=3
info|2025-12-11 03:26:38.137383|timerFactory-0x00007542959ff640|[RPC][WS][SERVICE]connected nodes,count=0
info|2025-12-11 03:26:38.202052|ioService-0x00007542a81ff640|[P2PService][Service][METRIC]heartBeat,connected count=3
info|2025-12-11 03:26:48.137405|timerFactory-0x00007542959ff640|[RPC][WS][SERVICE]connected nodes,count=0
info|2025-12-11 03:26:48.202139|ioService-0x00007542a81ff640|[P2PService][Service][METRIC]heartBeat,connected count=3
info|2025-12-11 03:26:57.984480|objMonitor-0x00007542835ff640|[startMonitor][AliveObjectMonitor],AliveObjectAllocStat=[ type: bcos::gateway::Socket ,created: 9 ,destroyed: 5 ,alive: 4 ] 
info|2025-12-11 03:26:58.137424|timerFactory-0x00007542959ff640|[RPC][WS][SERVICE]connected nodes,count=0
info|2025-12-11 03:26:58.202262|ioService-0x00007542a81ff640|[P2PService][Service][METRIC]heartBeat,connected count=3
info|2025-12-11 03:27:08.137441|timerFactory-0x00007542959ff640|[RPC][WS][SERVICE]connected nodes,count=0
info|2025-12-11 03:27:08.202297|ioService-0x00007542a81ff640|[P2PService][Service][METRIC]heartBeat,connected count=3
info|2025-12-11 03:27:18.137460|timerFactory-0x00007542959ff640|[RPC][WS][SERVICE]connected nodes,count=0
info|2025-12-11 03:27:18.202326|ioService-0x00007542a81ff640|[P2PService][Service][METRIC]heartBeat,connected count=3
info|2025-12-11 03:27:28.137522|timerFactory-0x00007542959ff640|[RPC][WS][SERVICE]connected nodes,count=0
info|2025-12-11 03:27:28.202351|ioService-0x00007542a81ff640|[P2PService][Service][METRIC]heartBeat,connected count=3
info|2025-12-11 03:27:38.137541|timerFactory-0x00007542959ff640|[RPC][WS][SERVICE]connected nodes,count=0
info|2025-12-11 03:27:38.202367|ioService-0x00007542a81ff640|[P2PService][Service][METRIC]heartBeat,connected count=3
info|2025-12-11 03:27:48.137561|timerFactory-0x00007542959ff640|[RPC][WS][SERVICE]connected nodes,count=0
info|2025-12-11 03:27:48.202385|ioService-0x00007542a81ff640|[P2PService][Service][METRIC]heartBeat,connected count=3
info|2025-12-11 03:27:57.984516|objMonitor-0x00007542835ff640|[startMonitor][AliveObjectMonitor],AliveObjectAllocStat=[ type: bcos::gateway::Socket ,created: 9 ,destroyed: 5 ,alive: 4 ] 
info|2025-12-11 03:27:58.137579|timerFactory-0x00007542959ff640|[RPC][WS][SERVICE]connected nodes,count=0
info|2025-12-11 03:27:58.202470|ioService-0x00007542a81ff640|[P2PService][Service][METRIC]heartBeat,connected count=3
info|2025-12-11 03:28:08.137596|timerFactory-0x00007542959ff640|[RPC][WS][SERVICE]connected nodes,count=0
info|2025-12-11 03:28:08.202498|ioService-0x00007542a81ff640|[P2PService][Service][METRIC]heartBeat,connected count=3
info|2025-12-11 03:28:18.137614|timerFactory-0x00007542959ff640|[RPC][WS][SERVICE]connected nodes,count=0
info|2025-12-11 03:28:18.202569|ioService-0x00007542a81ff640|[P2PService][Service][METRIC]heartBeat,connected count=3
info|2025-12-11 03:28:28.137639|timerFactory-0x00007542959ff640|[RPC][WS][SERVICE]connected nodes,count=0
info|2025-12-11 03:28:28.202656|ioService-0x00007542a81ff640|[P2PService][Service][METRIC]heartBeat,connected count=3
info|2025-12-11 03:28:38.137659|timerFactory-0x00007542959ff640|[RPC][WS][SERVICE]connected nodes,count=0
info|2025-12-11 03:28:38.202738|ioService-0x00007542a81ff640|[P2PService][Service][METRIC]heartBeat,connected count=3
info|2025-12-11 03:28:48.137684|timerFactory-0x00007542959ff640|[RPC][WS][SERVICE]connected nodes,count=0
info|2025-12-11 03:28:48.202942|ioService-0x00007542a81ff640|[P2PService][Service][METRIC]heartBeat,connected count=3
info|2025-12-11 03:28:57.984688|objMonitor-0x00007542835ff640|[startMonitor][AliveObjectMonitor],AliveObjectAllocStat=[ type: bcos::gateway::Socket ,created: 9 ,destroyed: 5 ,alive: 4 ] [ type: bcos::gateway::ResponseCallback ,created: 591629 ,destroyed: 591624 ,alive: 5 ] 
info|2025-12-11 03:28:58.137737|timerFactory-0x00007542959ff640|[RPC][WS][SERVICE]connected nodes,count=0
info|2025-12-11 03:28:58.203128|ioService-0x00007542a81ff640|[P2PService][Service][METRIC]heartBeat,connected count=3
info|2025-12-11 03:29:08.137820|timerFactory-0x00007542959ff640|[RPC][WS][SERVICE]connected nodes,count=0
info|2025-12-11 03:29:08.203143|ioService-0x00007542a81ff640|[P2PService][Service][METRIC]heartBeat,connected count=3
info|2025-12-11 03:29:18.137907|timerFactory-0x00007542959ff640|[RPC][WS][SERVICE]connected nodes,count=0
info|2025-12-11 03:29:18.203278|ioService-0x00007542a81ff640|[P2PService][Service][METRIC]heartBeat,connected count=3
info|2025-12-11 03:29:28.138019|timerFactory-0x00007542959ff640|[RPC][WS][SERVICE]connected nodes,count=0
info|2025-12-11 03:29:28.203300|ioService-0x00007542a81ff640|[P2PService][Service][METRIC]heartBeat,connected count=3
info|2025-12-11 03:29:38.138086|timerFactory-0x00007542959ff640|[RPC][WS][SERVICE]connected nodes,count=0
info|2025-12-11 03:29:38.203357|ioService-0x00007542a81ff640|[P2PService][Service][METRIC]heartBeat,connected count=3
info|2025-12-11 03:29:48.138140|timerFactory-0x00007542959ff640|[RPC][WS][SERVICE]connected nodes,count=0
info|2025-12-11 03:29:48.203375|ioService-0x00007542a81ff640|[P2PService][Service][METRIC]heartBeat,connected count=3
info|2025-12-11 03:29:57.984773|objMonitor-0x00007542835ff640|[startMonitor][AliveObjectMonitor],AliveObjectAllocStat=[ type: bcos::gateway::Socket ,created: 9 ,destroyed: 5 ,alive: 4 ] 
info|2025-12-11 03:29:58.138200|timerFactory-0x00007542959ff640|[RPC][WS][SERVICE]connected nodes,count=0
info|2025-12-11 03:29:58.203394|ioService-0x00007542a81ff640|[P2PService][Service][METRIC]heartBeat,connected count=3
info|2025-12-11 03:30:08.138216|timerFactory-0x00007542959ff640|[RPC][WS][SERVICE]connected nodes,count=0
info|2025-12-11 03:30:08.203418|ioService-0x00007542a81ff640|[P2PService][Service][METRIC]heartBeat,connected count=3
info|2025-12-11 03:30:18.138238|timerFactory-0x00007542959ff640|[RPC][WS][SERVICE]connected nodes,count=0
info|2025-12-11 03:30:18.203450|ioService-0x00007542a81ff640|[P2PService][Service][METRIC]heartBeat,connected count=3
info|2025-12-11 03:30:28.138315|timerFactory-0x00007542959ff640|[RPC][WS][SERVICE]connected nodes,count=0
info|2025-12-11 03:30:28.203527|ioService-0x00007542a81ff640|[P2PService][Service][METRIC]heartBeat,connected count=3
info|2025-12-11 03:30:38.138339|timerFactory-0x00007542959ff640|[RPC][WS][SERVICE]connected nodes,count=0
info|2025-12-11 03:30:38.203591|ioService-0x00007542a81ff640|[P2PService][Service][METRIC]heartBeat,connected count=3
info|2025-12-11 03:30:48.138360|timerFactory-0x00007542959ff640|[RPC][WS][SERVICE]connected nodes,count=0
info|2025-12-11 03:30:48.203615|ioService-0x00007542a81ff640|[P2PService][Service][METRIC]heartBeat,connected count=3
info|2025-12-11 03:30:57.984819|objMonitor-0x00007542835ff640|[startMonitor][AliveObjectMonitor],AliveObjectAllocStat=[ type: bcos::gateway::Socket ,created: 9 ,destroyed: 5 ,alive: 4 ] 
info|2025-12-11 03:30:58.138378|timerFactory-0x00007542959ff640|[RPC][WS][SERVICE]connected nodes,count=0
info|2025-12-11 03:30:58.203634|ioService-0x00007542a81ff640|[P2PService][Service][METRIC]heartBeat,connected count=3
info|2025-12-11 03:31:08.138402|timerFactory-0x00007542959ff640|[RPC][WS][SERVICE]connected nodes,count=0
info|2025-12-11 03:31:08.203698|ioService-0x00007542a81ff640|[P2PService][Service][METRIC]heartBeat,connected count=3
info|2025-12-11 03:31:18.138421|timerFactory-0x00007542959ff640|[RPC][WS][SERVICE]connected nodes,count=0
info|2025-12-11 03:31:18.203790|ioService-0x00007542a81ff640|[P2PService][Service][METRIC]heartBeat,connected count=3
info|2025-12-11 03:31:28.138440|timerFactory-0x00007542959ff640|[RPC][WS][SERVICE]connected nodes,count=0
info|2025-12-11 03:31:28.203814|ioService-0x00007542a81ff640|[P2PService][Service][METRIC]heartBeat,connected count=3
info|2025-12-11 03:31:38.138458|timerFactory-0x00007542959ff640|[RPC][WS][SERVICE]connected nodes,count=0
info|2025-12-11 03:31:38.203835|ioService-0x00007542a81ff640|[P2PService][Service][METRIC]heartBeat,connected count=3
info|2025-12-11 03:31:48.138481|timerFactory-0x00007542959ff640|[RPC][WS][SERVICE]connected nodes,count=0
info|2025-12-11 03:31:48.203895|ioService-0x00007542a81ff640|[P2PService][Service][METRIC]heartBeat,connected count=3
info|2025-12-11 03:31:57.984857|objMonitor-0x00007542835ff640|[startMonitor][AliveObjectMonitor],AliveObjectAllocStat=[ type: bcos::gateway::Socket ,created: 9 ,destroyed: 5 ,alive: 4 ] 
info|2025-12-11 03:31:58.138513|timerFactory-0x00007542959ff640|[RPC][WS][SERVICE]connected nodes,count=0
info|2025-12-11 03:31:58.204016|ioService-0x00007542a81ff640|[P2PService][Service][METRIC]heartBeat,connected count=3
info|2025-12-11 03:32:08.138532|timerFactory-0x00007542959ff640|[RPC][WS][SERVICE]connected nodes,count=0
info|2025-12-11 03:32:08.204077|ioService-0x00007542a81ff640|[P2PService][Service][METRIC]heartBeat,connected count=3
info|2025-12-11 03:32:18.138552|timerFactory-0x00007542959ff640|[RPC][WS][SERVICE]connected nodes,count=0
info|2025-12-11 03:32:18.204104|ioService-0x00007542a81ff640|[P2PService][Service][METRIC]heartBeat,connected count=3
info|2025-12-11 03:32:28.138571|timerFactory-0x00007542959ff640|[RPC][WS][SERVICE]connected nodes,count=0
info|2025-12-11 03:32:28.204179|ioService-0x00007542a81ff640|[P2PService][Service][METRIC]heartBeat,connected count=3
info|2025-12-11 03:32:38.138589|timerFactory-0x00007542959ff640|[RPC][WS][SERVICE]connected nodes,count=0
info|2025-12-11 03:32:38.204254|ioService-0x00007542a81ff640|[P2PService][Service][METRIC]heartBeat,connected count=3
info|2025-12-11 03:32:48.138615|timerFactory-0x00007542959ff640|[RPC][WS][SERVICE]connected nodes,count=0
info|2025-12-11 03:32:48.204317|ioService-0x00007542a81ff640|[P2PService][Service][METRIC]heartBeat,connected count=3
info|2025-12-11 03:32:57.985002|objMonitor-0x00007542835ff640|[startMonitor][AliveObjectMonitor],AliveObjectAllocStat=[ type: bcos::gateway::Socket ,created: 9 ,destroyed: 5 ,alive: 4 ] 
info|2025-12-11 03:32:58.138634|timerFactory-0x00007542959ff640|[RPC][WS][SERVICE]connected nodes,count=0
info|2025-12-11 03:32:58.204354|ioService-0x00007542a81ff640|[P2PService][Service][METRIC]heartBeat,connected count=3
info|2025-12-11 03:33:08.138655|timerFactory-0x00007542959ff640|[RPC][WS][SERVICE]connected nodes,count=0
info|2025-12-11 03:33:08.204369|ioService-0x00007542a81ff640|[P2PService][Service][METRIC]heartBeat,connected count=3
info|2025-12-11 03:33:18.138680|timerFactory-0x00007542959ff640|[RPC][WS][SERVICE]connected nodes,count=0
info|2025-12-11 03:33:18.204432|ioService-0x00007542a81ff640|[P2PService][Service][METRIC]heartBeat,connected count=3
info|2025-12-11 03:33:28.138703|timerFactory-0x00007542959ff640|[RPC][WS][SERVICE]connected nodes,count=0
info|2025-12-11 03:33:28.204460|ioService-0x00007542a81ff640|[P2PService][Service][METRIC]heartBeat,connected count=3
info|2025-12-11 03:33:38.138723|timerFactory-0x00007542959ff640|[RPC][WS][SERVICE]connected nodes,count=0
info|2025-12-11 03:33:38.204522|ioService-0x00007542a81ff640|[P2PService][Service][METRIC]heartBeat,connected count=3
info|2025-12-11 03:33:48.138744|timerFactory-0x00007542959ff640|[RPC][WS][SERVICE]connected nodes,count=0
info|2025-12-11 03:33:48.204574|ioService-0x00007542a81ff640|[P2PService][Service][METRIC]heartBeat,connected count=3
info|2025-12-11 03:33:57.985270|objMonitor-0x00007542835ff640|[startMonitor][AliveObjectMonitor],AliveObjectAllocStat=[ type: bcos::gateway::Socket ,created: 9 ,destroyed: 5 ,alive: 4 ] 
info|2025-12-11 03:33:58.138766|timerFactory-0x00007542959ff640|[RPC][WS][SERVICE]connected nodes,count=0
info|2025-12-11 03:33:58.204595|ioService-0x00007542a81ff640|[P2PService][Service][METRIC]heartBeat,connected count=3
info|2025-12-11 03:34:08.138823|timerFactory-0x00007542959ff640|[RPC][WS][SERVICE]connected nodes,count=0
info|2025-12-11 03:34:08.204699|ioService-0x00007542a81ff640|[P2PService][Service][METRIC]heartBeat,connected count=3
info|2025-12-11 03:34:18.138893|timerFactory-0x00007542959ff640|[RPC][WS][SERVICE]connected nodes,count=0
info|2025-12-11 03:34:18.204727|ioService-0x00007542a81ff640|[P2PService][Service][METRIC]heartBeat,connected count=3
info|2025-12-11 03:34:28.138959|timerFactory-0x00007542959ff640|[RPC][WS][SERVICE]connected nodes,count=0
info|2025-12-11 03:34:28.204748|ioService-0x00007542a81ff640|[P2PService][Service][METRIC]heartBeat,connected count=3
info|2025-12-11 03:34:38.138985|timerFactory-0x00007542959ff640|[RPC][WS][SERVICE]connected nodes,count=0
info|2025-12-11 03:34:38.204791|ioService-0x00007542a81ff640|[P2PService][Service][METRIC]heartBeat,connected count=3
info|2025-12-11 03:34:48.139043|timerFactory-0x00007542959ff640|[RPC][WS][SERVICE]connected nodes,count=0
info|2025-12-11 03:34:48.204816|ioService-0x00007542a81ff640|[P2PService][Service][METRIC]heartBeat,connected count=3
info|2025-12-11 03:34:57.985312|objMonitor-0x00007542835ff640|[startMonitor][AliveObjectMonitor],AliveObjectAllocStat=[ type: bcos::gateway::Socket ,created: 9 ,destroyed: 5 ,alive: 4 ] 
info|2025-12-11 03:34:58.139103|timerFactory-0x00007542959ff640|[RPC][WS][SERVICE]connected nodes,count=0
info|2025-12-11 03:34:58.204840|ioService-0x00007542a81ff640|[P2PService][Service][METRIC]heartBeat,connected count=3
info|2025-12-11 03:35:08.139226|timerFactory-0x00007542959ff640|[RPC][WS][SERVICE]connected nodes,count=0
info|2025-12-11 03:35:08.204869|ioService-0x00007542a81ff640|[P2PService][Service][METRIC]heartBeat,connected count=3
info|2025-12-11 03:35:18.139284|timerFactory-0x00007542959ff640|[RPC][WS][SERVICE]connected nodes,count=0
info|2025-12-11 03:35:18.204948|ioService-0x00007542a81ff640|[P2PService][Service][METRIC]heartBeat,connected count=3
info|2025-12-11 03:35:28.139326|timerFactory-0x00007542959ff640|[RPC][WS][SERVICE]connected nodes,count=0
info|2025-12-11 03:35:28.205038|ioService-0x00007542a81ff640|[P2PService][Service][METRIC]heartBeat,connected count=3
info|2025-12-11 03:35:38.139351|timerFactory-0x00007542959ff640|[RPC][WS][SERVICE]connected nodes,count=0
info|2025-12-11 03:35:38.205110|ioService-0x00007542a81ff640|[P2PService][Service][METRIC]heartBeat,connected count=3
info|2025-12-11 03:35:48.139422|timerFactory-0x00007542959ff640|[RPC][WS][SERVICE]connected nodes,count=0
info|2025-12-11 03:35:48.205172|ioService-0x00007542a81ff640|[P2PService][Service][METRIC]heartBeat,connected count=3
info|2025-12-11 03:35:57.985351|objMonitor-0x00007542835ff640|[startMonitor][AliveObjectMonitor],AliveObjectAllocStat=[ type: bcos::gateway::Socket ,created: 9 ,destroyed: 5 ,alive: 4 ] 
info|2025-12-11 03:35:58.139450|timerFactory-0x00007542959ff640|[RPC][WS][SERVICE]connected nodes,count=0
info|2025-12-11 03:35:58.205221|ioService-0x00007542a81ff640|[P2PService][Service][METRIC]heartBeat,connected count=3
info|2025-12-11 03:36:08.139476|timerFactory-0x00007542959ff640|[RPC][WS][SERVICE]connected nodes,count=0
info|2025-12-11 03:36:08.205267|ioService-0x00007542a81ff640|[P2PService][Service][METRIC]heartBeat,connected count=3
info|2025-12-11 03:36:18.139501|timerFactory-0x00007542959ff640|[RPC][WS][SERVICE]connected nodes,count=0
info|2025-12-11 03:36:18.205283|ioService-0x00007542a81ff640|[P2PService][Service][METRIC]heartBeat,connected count=3
info|2025-12-11 03:36:28.139528|timerFactory-0x00007542959ff640|[RPC][WS][SERVICE]connected nodes,count=0
info|2025-12-11 03:36:28.205320|ioService-0x00007542a81ff640|[P2PService][Service][METRIC]heartBeat,connected count=3
info|2025-12-11 03:36:38.139554|timerFactory-0x00007542959ff640|[RPC][WS][SERVICE]connected nodes,count=0
info|2025-12-11 03:36:38.205432|ioService-0x00007542a81ff640|[P2PService][Service][METRIC]heartBeat,connected count=3
info|2025-12-11 03:36:48.139617|timerFactory-0x00007542959ff640|[RPC][WS][SERVICE]connected nodes,count=0
info|2025-12-11 03:36:48.205497|ioService-0x00007542a81ff640|[P2PService][Service][METRIC]heartBeat,connected count=3
info|2025-12-11 03:36:57.985385|objMonitor-0x00007542835ff640|[startMonitor][AliveObjectMonitor],AliveObjectAllocStat=[ type: bcos::gateway::Socket ,created: 9 ,destroyed: 5 ,alive: 4 ] 
info|2025-12-11 03:36:58.139712|timerFactory-0x00007542959ff640|[RPC][WS][SERVICE]connected nodes,count=0
info|2025-12-11 03:36:58.205539|ioService-0x00007542a81ff640|[P2PService][Service][METRIC]heartBeat,connected count=3
info|2025-12-11 03:37:08.139800|timerFactory-0x00007542959ff640|[RPC][WS][SERVICE]connected nodes,count=0
info|2025-12-11 03:37:08.205594|ioService-0x00007542a81ff640|[P2PService][Service][METRIC]heartBeat,connected count=3
info|2025-12-11 03:37:18.139852|timerFactory-0x00007542959ff640|[RPC][WS][SERVICE]connected nodes,count=0
info|2025-12-11 03:37:18.205682|ioService-0x00007542a81ff640|[P2PService][Service][METRIC]heartBeat,connected count=3
info|2025-12-11 03:37:28.139879|timerFactory-0x00007542959ff640|[RPC][WS][SERVICE]connected nodes,count=0
info|2025-12-11 03:37:28.205699|ioService-0x00007542a81ff640|[P2PService][Service][METRIC]heartBeat,connected count=3
info|2025-12-11 03:37:38.139902|timerFactory-0x00007542959ff640|[RPC][WS][SERVICE]connected nodes,count=0
info|2025-12-11 03:37:38.205714|ioService-0x00007542a81ff640|[P2PService][Service][METRIC]heartBeat,connected count=3
info|2025-12-11 03:37:48.139928|timerFactory-0x00007542959ff640|[RPC][WS][SERVICE]connected nodes,count=0
info|2025-12-11 03:37:48.205733|ioService-0x00007542a81ff640|[P2PService][Service][METRIC]heartBeat,connected count=3
info|2025-12-11 03:37:57.985423|objMonitor-0x00007542835ff640|[startMonitor][AliveObjectMonitor],AliveObjectAllocStat=[ type: bcos::gateway::Socket ,created: 9 ,destroyed: 5 ,alive: 4 ] 
info|2025-12-11 03:37:58.139982|timerFactory-0x00007542959ff640|[RPC][WS][SERVICE]connected nodes,count=0
info|2025-12-11 03:37:58.205790|ioService-0x00007542a81ff640|[P2PService][Service][METRIC]heartBeat,connected count=3
info|2025-12-11 03:38:08.140022|timerFactory-0x00007542959ff640|[RPC][WS][SERVICE]connected nodes,count=0
info|2025-12-11 03:38:08.205840|ioService-0x00007542a81ff640|[P2PService][Service][METRIC]heartBeat,connected count=3
info|2025-12-11 03:38:18.140094|timerFactory-0x00007542959ff640|[RPC][WS][SERVICE]connected nodes,count=0
info|2025-12-11 03:38:18.205967|ioService-0x00007542a81ff640|[P2PService][Service][METRIC]heartBeat,connected count=3
info|2025-12-11 03:38:28.140227|timerFactory-0x00007542959ff640|[RPC][WS][SERVICE]connected nodes,count=0
info|2025-12-11 03:38:28.206046|ioService-0x00007542a81ff640|[P2PService][Service][METRIC]heartBeat,connected count=3
info|2025-12-11 03:38:38.140248|timerFactory-0x00007542959ff640|[RPC][WS][SERVICE]connected nodes,count=0
info|2025-12-11 03:38:38.206068|ioService-0x00007542a81ff640|[P2PService][Service][METRIC]heartBeat,connected count=3
info|2025-12-11 03:38:48.140268|timerFactory-0x00007542959ff640|[RPC][WS][SERVICE]connected nodes,count=0
info|2025-12-11 03:38:48.206119|ioService-0x00007542a81ff640|[P2PService][Service][METRIC]heartBeat,connected count=3
info|2025-12-11 03:38:57.985457|objMonitor-0x00007542835ff640|[startMonitor][AliveObjectMonitor],AliveObjectAllocStat=[ type: bcos::gateway::Socket ,created: 9 ,destroyed: 5 ,alive: 4 ] 
info|2025-12-11 03:38:58.140290|timerFactory-0x00007542959ff640|[RPC][WS][SERVICE]connected nodes,count=0
info|2025-12-11 03:38:58.206181|ioService-0x00007542a81ff640|[P2PService][Service][METRIC]heartBeat,connected count=3
info|2025-12-11 03:39:08.140347|timerFactory-0x00007542959ff640|[RPC][WS][SERVICE]connected nodes,count=0
info|2025-12-11 03:39:08.206254|ioService-0x00007542a81ff640|[P2PService][Service][METRIC]heartBeat,connected count=3
info|2025-12-11 03:39:18.140370|timerFactory-0x00007542959ff640|[RPC][WS][SERVICE]connected nodes,count=0
info|2025-12-11 03:39:18.206308|ioService-0x00007542a81ff640|[P2PService][Service][METRIC]heartBeat,connected count=3
info|2025-12-11 03:39:28.140398|timerFactory-0x00007542959ff640|[RPC][WS][SERVICE]connected nodes,count=0
info|2025-12-11 03:39:28.206327|ioService-0x00007542a81ff640|[P2PService][Service][METRIC]heartBeat,connected count=3
info|2025-12-11 03:39:38.140419|timerFactory-0x00007542959ff640|[RPC][WS][SERVICE]connected nodes,count=0
info|2025-12-11 03:39:38.206379|ioService-0x00007542a81ff640|[P2PService][Service][METRIC]heartBeat,connected count=3
info|2025-12-11 03:39:48.140486|timerFactory-0x00007542959ff640|[RPC][WS][SERVICE]connected nodes,count=0
info|2025-12-11 03:39:48.206421|ioService-0x00007542a81ff640|[P2PService][Service][METRIC]heartBeat,connected count=3
info|2025-12-11 03:39:57.985493|objMonitor-0x00007542835ff640|[startMonitor][AliveObjectMonitor],AliveObjectAllocStat=[ type: bcos::gateway::Socket ,created: 9 ,destroyed: 5 ,alive: 4 ] 
info|2025-12-11 03:39:58.140506|timerFactory-0x00007542959ff640|[RPC][WS][SERVICE]connected nodes,count=0
info|2025-12-11 03:39:58.206439|ioService-0x00007542a81ff640|[P2PService][Service][METRIC]heartBeat,connected count=3
info|2025-12-11 03:40:08.140525|timerFactory-0x00007542959ff640|[RPC][WS][SERVICE]connected nodes,count=0
info|2025-12-11 03:40:08.206489|ioService-0x00007542a81ff640|[P2PService][Service][METRIC]heartBeat,connected count=3
info|2025-12-11 03:40:18.140582|timerFactory-0x00007542959ff640|[RPC][WS][SERVICE]connected nodes,count=0
info|2025-12-11 03:40:18.206563|ioService-0x00007542a81ff640|[P2PService][Service][METRIC]heartBeat,connected count=3
info|2025-12-11 03:40:28.140658|timerFactory-0x00007542959ff640|[RPC][WS][SERVICE]connected nodes,count=0
info|2025-12-11 03:40:28.206626|ioService-0x00007542a81ff640|[P2PService][Service][METRIC]heartBeat,connected count=3
info|2025-12-11 03:40:38.140757|timerFactory-0x00007542959ff640|[RPC][WS][SERVICE]connected nodes,count=0
info|2025-12-11 03:40:38.206754|ioService-0x00007542a81ff640|[P2PService][Service][METRIC]heartBeat,connected count=3
info|2025-12-11 03:40:48.140817|timerFactory-0x00007542959ff640|[RPC][WS][SERVICE]connected nodes,count=0
info|2025-12-11 03:40:48.206850|ioService-0x00007542a81ff640|[P2PService][Service][METRIC]heartBeat,connected count=3
info|2025-12-11 03:40:57.985528|objMonitor-0x00007542835ff640|[startMonitor][AliveObjectMonitor],AliveObjectAllocStat=[ type: bcos::gateway::Socket ,created: 9 ,destroyed: 5 ,alive: 4 ] [ type: bcos::gateway::ResponseCallback ,created: 602420 ,destroyed: 602416 ,alive: 4 ] 
info|2025-12-11 03:40:58.140842|timerFactory-0x00007542959ff640|[RPC][WS][SERVICE]connected nodes,count=0
info|2025-12-11 03:40:58.206901|ioService-0x00007542a81ff640|[P2PService][Service][METRIC]heartBeat,connected count=3
info|2025-12-11 03:41:08.140915|timerFactory-0x00007542959ff640|[RPC][WS][SERVICE]connected nodes,count=0
info|2025-12-11 03:41:08.207001|ioService-0x00007542a81ff640|[P2PService][Service][METRIC]heartBeat,connected count=3
info|2025-12-11 03:41:18.141011|timerFactory-0x00007542959ff640|[RPC][WS][SERVICE]connected nodes,count=0
info|2025-12-11 03:41:18.207158|ioService-0x00007542a81ff640|[P2PService][Service][METRIC]heartBeat,connected count=3
info|2025-12-11 03:41:28.141070|timerFactory-0x00007542959ff640|[RPC][WS][SERVICE]connected nodes,count=0
info|2025-12-11 03:41:28.207227|ioService-0x00007542a81ff640|[P2PService][Service][METRIC]heartBeat,connected count=3
info|2025-12-11 03:41:38.141138|timerFactory-0x00007542959ff640|[RPC][WS][SERVICE]connected nodes,count=0
info|2025-12-11 03:41:38.207296|ioService-0x00007542a81ff640|[P2PService][Service][METRIC]heartBeat,connected count=3
info|2025-12-11 03:41:48.141205|timerFactory-0x00007542959ff640|[RPC][WS][SERVICE]connected nodes,count=0
info|2025-12-11 03:41:48.207383|ioService-0x00007542a81ff640|[P2PService][Service][METRIC]heartBeat,connected count=3
info|2025-12-11 03:41:57.985565|objMonitor-0x00007542835ff640|[startMonitor][AliveObjectMonitor],AliveObjectAllocStat=[ type: bcos::gateway::Socket ,created: 9 ,destroyed: 5 ,alive: 4 ] 
info|2025-12-11 03:41:58.141274|timerFactory-0x00007542959ff640|[RPC][WS][SERVICE]connected nodes,count=0
info|2025-12-11 03:41:58.207451|ioService-0x00007542a81ff640|[P2PService][Service][METRIC]heartBeat,connected count=3
info|2025-12-11 03:42:08.141297|timerFactory-0x00007542959ff640|[RPC][WS][SERVICE]connected nodes,count=0
info|2025-12-11 03:42:08.207475|ioService-0x00007542a81ff640|[P2PService][Service][METRIC]heartBeat,connected count=3
info|2025-12-11 03:42:18.141323|timerFactory-0x00007542959ff640|[RPC][WS][SERVICE]connected nodes,count=0
info|2025-12-11 03:42:18.207530|ioService-0x00007542a81ff640|[P2PService][Service][METRIC]heartBeat,connected count=3
info|2025-12-11 03:42:28.141351|timerFactory-0x00007542959ff640|[RPC][WS][SERVICE]connected nodes,count=0
info|2025-12-11 03:42:28.207592|ioService-0x00007542a81ff640|[P2PService][Service][METRIC]heartBeat,connected count=3
info|2025-12-11 03:42:38.141384|timerFactory-0x00007542959ff640|[RPC][WS][SERVICE]connected nodes,count=0
info|2025-12-11 03:42:38.207654|ioService-0x00007542a81ff640|[P2PService][Service][METRIC]heartBeat,connected count=3
info|2025-12-11 03:42:48.141412|timerFactory-0x00007542959ff640|[RPC][WS][SERVICE]connected nodes,count=0
info|2025-12-11 03:42:48.207748|ioService-0x00007542a81ff640|[P2PService][Service][METRIC]heartBeat,connected count=3
info|2025-12-11 03:42:57.985694|objMonitor-0x00007542835ff640|[startMonitor][AliveObjectMonitor],AliveObjectAllocStat=[ type: bcos::gateway::Socket ,created: 9 ,destroyed: 5 ,alive: 4 ] 
info|2025-12-11 03:42:58.141432|timerFactory-0x00007542959ff640|[RPC][WS][SERVICE]connected nodes,count=0
info|2025-12-11 03:42:58.207766|ioService-0x00007542a81ff640|[P2PService][Service][METRIC]heartBeat,connected count=3
info|2025-12-11 03:43:08.141468|timerFactory-0x00007542959ff640|[RPC][WS][SERVICE]connected nodes,count=0
info|2025-12-11 03:43:08.207846|ioService-0x00007542a81ff640|[P2PService][Service][METRIC]heartBeat,connected count=3
info|2025-12-11 03:43:18.141564|timerFactory-0x00007542959ff640|[RPC][WS][SERVICE]connected nodes,count=0
info|2025-12-11 03:43:18.207899|ioService-0x00007542a81ff640|[P2PService][Service][METRIC]heartBeat,connected count=3
info|2025-12-11 03:43:28.141630|timerFactory-0x00007542959ff640|[RPC][WS][SERVICE]connected nodes,count=0
info|2025-12-11 03:43:28.207921|ioService-0x00007542a81ff640|[P2PService][Service][METRIC]heartBeat,connected count=3
info|2025-12-11 03:43:38.141654|timerFactory-0x00007542959ff640|[RPC][WS][SERVICE]connected nodes,count=0
info|2025-12-11 03:43:38.207944|ioService-0x00007542a81ff640|[P2PService][Service][METRIC]heartBeat,connected count=3
info|2025-12-11 03:43:48.141720|timerFactory-0x00007542959ff640|[RPC][WS][SERVICE]connected nodes,count=0
info|2025-12-11 03:43:48.208001|ioService-0x00007542a81ff640|[P2PService][Service][METRIC]heartBeat,connected count=3
info|2025-12-11 03:43:57.985809|objMonitor-0x00007542835ff640|[startMonitor][AliveObjectMonitor],AliveObjectAllocStat=[ type: bcos::gateway::Socket ,created: 9 ,destroyed: 5 ,alive: 4 ] 
info|2025-12-11 03:43:58.141745|timerFactory-0x00007542959ff640|[RPC][WS][SERVICE]connected nodes,count=0
info|2025-12-11 03:43:58.208069|ioService-0x00007542a81ff640|[P2PService][Service][METRIC]heartBeat,connected count=3
info|2025-12-11 03:44:08.141766|timerFactory-0x00007542959ff640|[RPC][WS][SERVICE]connected nodes,count=0
info|2025-12-11 03:44:08.208191|ioService-0x00007542a81ff640|[P2PService][Service][METRIC]heartBeat,connected count=3
info|2025-12-11 03:44:18.141784|timerFactory-0x00007542959ff640|[RPC][WS][SERVICE]connected nodes,count=0
info|2025-12-11 03:44:18.208208|ioService-0x00007542a81ff640|[P2PService][Service][METRIC]heartBeat,connected count=3
info|2025-12-11 03:44:28.141844|timerFactory-0x00007542959ff640|[RPC][WS][SERVICE]connected nodes,count=0
info|2025-12-11 03:44:28.208318|ioService-0x00007542a81ff640|[P2PService][Service][METRIC]heartBeat,connected count=3
info|2025-12-11 03:44:38.141910|timerFactory-0x00007542959ff640|[RPC][WS][SERVICE]connected nodes,count=0
info|2025-12-11 03:44:38.208416|ioService-0x00007542a81ff640|[P2PService][Service][METRIC]heartBeat,connected count=3
info|2025-12-11 03:44:48.141980|timerFactory-0x00007542959ff640|[RPC][WS][SERVICE]connected nodes,count=0
info|2025-12-11 03:44:48.208436|ioService-0x00007542a81ff640|[P2PService][Service][METRIC]heartBeat,connected count=3
info|2025-12-11 03:44:57.985956|objMonitor-0x00007542835ff640|[startMonitor][AliveObjectMonitor],AliveObjectAllocStat=[ type: bcos::gateway::Socket ,created: 9 ,destroyed: 5 ,alive: 4 ] 
info|2025-12-11 03:44:58.142004|timerFactory-0x00007542959ff640|[RPC][WS][SERVICE]connected nodes,count=0
info|2025-12-11 03:44:58.208456|ioService-0x00007542a81ff640|[P2PService][Service][METRIC]heartBeat,connected count=3
info|2025-12-11 03:45:08.142028|timerFactory-0x00007542959ff640|[RPC][WS][SERVICE]connected nodes,count=0
info|2025-12-11 03:45:08.208571|ioService-0x00007542a81ff640|[P2PService][Service][METRIC]heartBeat,connected count=3
info|2025-12-11 03:45:18.142094|timerFactory-0x00007542959ff640|[RPC][WS][SERVICE]connected nodes,count=0
info|2025-12-11 03:45:18.208624|ioService-0x00007542a81ff640|[P2PService][Service][METRIC]heartBeat,connected count=3
info|2025-12-11 03:45:28.142194|timerFactory-0x00007542959ff640|[RPC][WS][SERVICE]connected nodes,count=0
info|2025-12-11 03:45:28.208646|ioService-0x00007542a81ff640|[P2PService][Service][METRIC]heartBeat,connected count=3
info|2025-12-11 03:45:38.142250|timerFactory-0x00007542959ff640|[RPC][WS][SERVICE]connected nodes,count=0
info|2025-12-11 03:45:38.208760|ioService-0x00007542a81ff640|[P2PService][Service][METRIC]heartBeat,connected count=3
info|2025-12-11 03:45:48.142316|timerFactory-0x00007542959ff640|[RPC][WS][SERVICE]connected nodes,count=0
info|2025-12-11 03:45:48.208816|ioService-0x00007542a81ff640|[P2PService][Service][METRIC]heartBeat,connected count=3
info|2025-12-11 03:45:57.986130|objMonitor-0x00007542835ff640|[startMonitor][AliveObjectMonitor],AliveObjectAllocStat=[ type: bcos::gateway::Socket ,created: 9 ,destroyed: 5 ,alive: 4 ] 
info|2025-12-11 03:45:58.142344|timerFactory-0x00007542959ff640|[RPC][WS][SERVICE]connected nodes,count=0
info|2025-12-11 03:45:58.208835|ioService-0x00007542a81ff640|[P2PService][Service][METRIC]heartBeat,connected count=3
info|2025-12-11 03:46:08.142368|timerFactory-0x00007542959ff640|[RPC][WS][SERVICE]connected nodes,count=0
info|2025-12-11 03:46:08.208930|ioService-0x00007542a81ff640|[P2PService][Service][METRIC]heartBeat,connected count=3
info|2025-12-11 03:46:18.142396|timerFactory-0x00007542959ff640|[RPC][WS][SERVICE]connected nodes,count=0
info|2025-12-11 03:46:18.208948|ioService-0x00007542a81ff640|[P2PService][Service][METRIC]heartBeat,connected count=3
info|2025-12-11 03:46:28.142422|timerFactory-0x00007542959ff640|[RPC][WS][SERVICE]connected nodes,count=0
info|2025-12-11 03:46:28.208964|ioService-0x00007542a81ff640|[P2PService][Service][METRIC]heartBeat,connected count=3
info|2025-12-11 03:46:38.142494|timerFactory-0x00007542959ff640|[RPC][WS][SERVICE]connected nodes,count=0
info|2025-12-11 03:46:38.208982|ioService-0x00007542a81ff640|[P2PService][Service][METRIC]heartBeat,connected count=3
info|2025-12-11 03:46:48.142545|timerFactory-0x00007542959ff640|[RPC][WS][SERVICE]connected nodes,count=0
info|2025-12-11 03:46:48.209170|ioService-0x00007542a81ff640|[P2PService][Service][METRIC]heartBeat,connected count=3
info|2025-12-11 03:46:57.986347|objMonitor-0x00007542835ff640|[startMonitor][AliveObjectMonitor],AliveObjectAllocStat=[ type: bcos::gateway::Socket ,created: 9 ,destroyed: 5 ,alive: 4 ] 
info|2025-12-11 03:46:58.142568|timerFactory-0x00007542959ff640|[RPC][WS][SERVICE]connected nodes,count=0
info|2025-12-11 03:46:58.209191|ioService-0x00007542a81ff640|[P2PService][Service][METRIC]heartBeat,connected count=3
info|2025-12-11 03:47:08.142591|timerFactory-0x00007542959ff640|[RPC][WS][SERVICE]connected nodes,count=0
info|2025-12-11 03:47:08.209254|ioService-0x00007542a81ff640|[P2PService][Service][METRIC]heartBeat,connected count=3
info|2025-12-11 03:47:18.142616|timerFactory-0x00007542959ff640|[RPC][WS][SERVICE]connected nodes,count=0
info|2025-12-11 03:47:18.209279|ioService-0x00007542a81ff640|[P2PService][Service][METRIC]heartBeat,connected count=3
info|2025-12-11 03:47:28.142643|timerFactory-0x00007542959ff640|[RPC][WS][SERVICE]connected nodes,count=0
info|2025-12-11 03:47:28.209353|ioService-0x00007542a81ff640|[P2PService][Service][METRIC]heartBeat,connected count=3
info|2025-12-11 03:47:38.142710|timerFactory-0x00007542959ff640|[RPC][WS][SERVICE]connected nodes,count=0
info|2025-12-11 03:47:38.209369|ioService-0x00007542a81ff640|[P2PService][Service][METRIC]heartBeat,connected count=3
info|2025-12-11 03:47:48.142790|timerFactory-0x00007542959ff640|[RPC][WS][SERVICE]connected nodes,count=0
info|2025-12-11 03:47:48.209387|ioService-0x00007542a81ff640|[P2PService][Service][METRIC]heartBeat,connected count=3
info|2025-12-11 03:47:57.986385|objMonitor-0x00007542835ff640|[startMonitor][AliveObjectMonitor],AliveObjectAllocStat=[ type: bcos::gateway::Socket ,created: 9 ,destroyed: 5 ,alive: 4 ] 
info|2025-12-11 03:47:58.142850|timerFactory-0x00007542959ff640|[RPC][WS][SERVICE]connected nodes,count=0
info|2025-12-11 03:47:58.209466|ioService-0x00007542a81ff640|[P2PService][Service][METRIC]heartBeat,connected count=3
info|2025-12-11 03:48:08.142898|timerFactory-0x00007542959ff640|[RPC][WS][SERVICE]connected nodes,count=0
info|2025-12-11 03:48:08.209547|ioService-0x00007542a81ff640|[P2PService][Service][METRIC]heartBeat,connected count=3
info|2025-12-11 03:48:18.142917|timerFactory-0x00007542959ff640|[RPC][WS][SERVICE]connected nodes,count=0
info|2025-12-11 03:48:18.209588|ioService-0x00007542a81ff640|[P2PService][Service][METRIC]heartBeat,connected count=3
info|2025-12-11 03:48:28.142942|timerFactory-0x00007542959ff640|[RPC][WS][SERVICE]connected nodes,count=0
info|2025-12-11 03:48:28.209665|ioService-0x00007542a81ff640|[P2PService][Service][METRIC]heartBeat,connected count=3
info|2025-12-11 03:48:38.142970|timerFactory-0x00007542959ff640|[RPC][WS][SERVICE]connected nodes,count=0
info|2025-12-11 03:48:38.209686|ioService-0x00007542a81ff640|[P2PService][Service][METRIC]heartBeat,connected count=3
info|2025-12-11 03:48:48.142997|timerFactory-0x00007542959ff640|[RPC][WS][SERVICE]connected nodes,count=0
info|2025-12-11 03:48:48.209746|ioService-0x00007542a81ff640|[P2PService][Service][METRIC]heartBeat,connected count=3
info|2025-12-11 03:48:57.986425|objMonitor-0x00007542835ff640|[startMonitor][AliveObjectMonitor],AliveObjectAllocStat=[ type: bcos::gateway::Socket ,created: 9 ,destroyed: 5 ,alive: 4 ] 
info|2025-12-11 03:48:58.143091|timerFactory-0x00007542959ff640|[RPC][WS][SERVICE]connected nodes,count=0
info|2025-12-11 03:48:58.209835|ioService-0x00007542a81ff640|[P2PService][Service][METRIC]heartBeat,connected count=3
info|2025-12-11 03:49:08.143158|timerFactory-0x00007542959ff640|[RPC][WS][SERVICE]connected nodes,count=0
info|2025-12-11 03:49:08.209893|ioService-0x00007542a81ff640|[P2PService][Service][METRIC]heartBeat,connected count=3
info|2025-12-11 03:49:18.143249|timerFactory-0x00007542959ff640|[RPC][WS][SERVICE]connected nodes,count=0
info|2025-12-11 03:49:18.209957|ioService-0x00007542a81ff640|[P2PService][Service][METRIC]heartBeat,connected count=3
info|2025-12-11 03:49:28.143323|timerFactory-0x00007542959ff640|[RPC][WS][SERVICE]connected nodes,count=0
info|2025-12-11 03:49:28.210019|ioService-0x00007542a81ff640|[P2PService][Service][METRIC]heartBeat,connected count=3
info|2025-12-11 03:49:38.143354|timerFactory-0x00007542959ff640|[RPC][WS][SERVICE]connected nodes,count=0
info|2025-12-11 03:49:38.210078|ioService-0x00007542a81ff640|[P2PService][Service][METRIC]heartBeat,connected count=3
info|2025-12-11 03:49:48.143379|timerFactory-0x00007542959ff640|[RPC][WS][SERVICE]connected nodes,count=0
info|2025-12-11 03:49:48.210254|ioService-0x00007542a81ff640|[P2PService][Service][METRIC]heartBeat,connected count=3
info|2025-12-11 03:49:57.986459|objMonitor-0x00007542835ff640|[startMonitor][AliveObjectMonitor],AliveObjectAllocStat=[ type: bcos::gateway::Socket ,created: 9 ,destroyed: 5 ,alive: 4 ] 
info|2025-12-11 03:49:58.143406|timerFactory-0x00007542959ff640|[RPC][WS][SERVICE]connected nodes,count=0
info|2025-12-11 03:49:58.210275|ioService-0x00007542a81ff640|[P2PService][Service][METRIC]heartBeat,connected count=3
info|2025-12-11 03:50:08.143446|timerFactory-0x00007542959ff640|[RPC][WS][SERVICE]connected nodes,count=0
info|2025-12-11 03:50:08.210368|ioService-0x00007542a81ff640|[P2PService][Service][METRIC]heartBeat,connected count=3
info|2025-12-11 03:50:18.143472|timerFactory-0x00007542959ff640|[RPC][WS][SERVICE]connected nodes,count=0
info|2025-12-11 03:50:18.210385|ioService-0x00007542a81ff640|[P2PService][Service][METRIC]heartBeat,connected count=3
info|2025-12-11 03:50:28.143501|timerFactory-0x00007542959ff640|[RPC][WS][SERVICE]connected nodes,count=0
info|2025-12-11 03:50:28.210403|ioService-0x00007542a81ff640|[P2PService][Service][METRIC]heartBeat,connected count=3
info|2025-12-11 03:50:38.143527|timerFactory-0x00007542959ff640|[RPC][WS][SERVICE]connected nodes,count=0
info|2025-12-11 03:50:38.210424|ioService-0x00007542a81ff640|[P2PService][Service][METRIC]heartBeat,connected count=3
info|2025-12-11 03:50:48.143558|timerFactory-0x00007542959ff640|[RPC][WS][SERVICE]connected nodes,count=0
info|2025-12-11 03:50:48.210443|ioService-0x00007542a81ff640|[P2PService][Service][METRIC]heartBeat,connected count=3
info|2025-12-11 03:50:57.986493|objMonitor-0x00007542835ff640|[startMonitor][AliveObjectMonitor],AliveObjectAllocStat=[ type: bcos::gateway::Socket ,created: 9 ,destroyed: 5 ,alive: 4 ] 
info|2025-12-11 03:50:58.143614|timerFactory-0x00007542959ff640|[RPC][WS][SERVICE]connected nodes,count=0
info|2025-12-11 03:50:58.210503|ioService-0x00007542a81ff640|[P2PService][Service][METRIC]heartBeat,connected count=3
info|2025-12-11 03:51:08.143671|timerFactory-0x00007542959ff640|[RPC][WS][SERVICE]connected nodes,count=0
info|2025-12-11 03:51:08.210572|ioService-0x00007542a81ff640|[P2PService][Service][METRIC]heartBeat,connected count=3
info|2025-12-11 03:51:18.143700|timerFactory-0x00007542959ff640|[RPC][WS][SERVICE]connected nodes,count=0
info|2025-12-11 03:51:18.210602|ioService-0x00007542a81ff640|[P2PService][Service][METRIC]heartBeat,connected count=3
info|2025-12-11 03:51:28.143725|timerFactory-0x00007542959ff640|[RPC][WS][SERVICE]connected nodes,count=0
info|2025-12-11 03:51:28.210626|ioService-0x00007542a81ff640|[P2PService][Service][METRIC]heartBeat,connected count=3
info|2025-12-11 03:51:38.143753|timerFactory-0x00007542959ff640|[RPC][WS][SERVICE]connected nodes,count=0
info|2025-12-11 03:51:38.210681|ioService-0x00007542a81ff640|[P2PService][Service][METRIC]heartBeat,connected count=3
info|2025-12-11 03:51:48.143780|timerFactory-0x00007542959ff640|[RPC][WS][SERVICE]connected nodes,count=0
info|2025-12-11 03:51:48.210763|ioService-0x00007542a81ff640|[P2PService][Service][METRIC]heartBeat,connected count=3
info|2025-12-11 03:51:57.986573|objMonitor-0x00007542835ff640|[startMonitor][AliveObjectMonitor],AliveObjectAllocStat=[ type: bcos::gateway::Socket ,created: 9 ,destroyed: 5 ,alive: 4 ] 
info|2025-12-11 03:51:58.143854|timerFactory-0x00007542959ff640|[RPC][WS][SERVICE]connected nodes,count=0
info|2025-12-11 03:51:58.210805|ioService-0x00007542a81ff640|[P2PService][Service][METRIC]heartBeat,connected count=3
info|2025-12-11 03:52:08.143966|timerFactory-0x00007542959ff640|[RPC][WS][SERVICE]connected nodes,count=0
info|2025-12-11 03:52:08.210830|ioService-0x00007542a81ff640|[P2PService][Service][METRIC]heartBeat,connected count=3
info|2025-12-11 03:52:18.144039|timerFactory-0x00007542959ff640|[RPC][WS][SERVICE]connected nodes,count=0
info|2025-12-11 03:52:18.210852|ioService-0x00007542a81ff640|[P2PService][Service][METRIC]heartBeat,connected count=3
info|2025-12-11 03:52:28.144070|timerFactory-0x00007542959ff640|[RPC][WS][SERVICE]connected nodes,count=0
info|2025-12-11 03:52:28.210913|ioService-0x00007542a81ff640|[P2PService][Service][METRIC]heartBeat,connected count=3
info|2025-12-11 03:52:38.144138|timerFactory-0x00007542959ff640|[RPC][WS][SERVICE]connected nodes,count=0
info|2025-12-11 03:52:38.210936|ioService-0x00007542a81ff640|[P2PService][Service][METRIC]heartBeat,connected count=3
info|2025-12-11 03:52:48.144221|timerFactory-0x00007542959ff640|[RPC][WS][SERVICE]connected nodes,count=0
info|2025-12-11 03:52:48.210954|ioService-0x00007542a81ff640|[P2PService][Service][METRIC]heartBeat,connected count=3
info|2025-12-11 03:52:57.986663|objMonitor-0x00007542835ff640|[startMonitor][AliveObjectMonitor],AliveObjectAllocStat=[ type: bcos::gateway::Socket ,created: 9 ,destroyed: 5 ,alive: 4 ] 
info|2025-12-11 03:52:58.144254|timerFactory-0x00007542959ff640|[RPC][WS][SERVICE]connected nodes,count=0
info|2025-12-11 03:52:58.210969|ioService-0x00007542a81ff640|[P2PService][Service][METRIC]heartBeat,connected count=3
info|2025-12-11 03:53:08.144316|timerFactory-0x00007542959ff640|[RPC][WS][SERVICE]connected nodes,count=0
info|2025-12-11 03:53:08.210985|ioService-0x00007542a81ff640|[P2PService][Service][METRIC]heartBeat,connected count=3
info|2025-12-11 03:53:18.144384|timerFactory-0x00007542959ff640|[RPC][WS][SERVICE]connected nodes,count=0
info|2025-12-11 03:53:18.211003|ioService-0x00007542a81ff640|[P2PService][Service][METRIC]heartBeat,connected count=3
info|2025-12-11 03:53:28.144412|timerFactory-0x00007542959ff640|[RPC][WS][SERVICE]connected nodes,count=0
info|2025-12-11 03:53:28.211063|ioService-0x00007542a81ff640|[P2PService][Service][METRIC]heartBeat,connected count=3
info|2025-12-11 03:53:38.144439|timerFactory-0x00007542959ff640|[RPC][WS][SERVICE]connected nodes,count=0
info|2025-12-11 03:53:38.211085|ioService-0x00007542a81ff640|[P2PService][Service][METRIC]heartBeat,connected count=3
info|2025-12-11 03:53:48.144504|timerFactory-0x00007542959ff640|[RPC][WS][SERVICE]connected nodes,count=0
info|2025-12-11 03:53:48.211116|ioService-0x00007542a81ff640|[P2PService][Service][METRIC]heartBeat,connected count=3
info|2025-12-11 03:53:57.986716|objMonitor-0x00007542835ff640|[startMonitor][AliveObjectMonitor],AliveObjectAllocStat=[ type: bcos::gateway::Socket ,created: 9 ,destroyed: 5 ,alive: 4 ] 
info|2025-12-11 03:53:58.144560|timerFactory-0x00007542959ff640|[RPC][WS][SERVICE]connected nodes,count=0
info|2025-12-11 03:53:58.211140|ioService-0x00007542a81ff640|[P2PService][Service][METRIC]heartBeat,connected count=3
info|2025-12-11 03:54:08.144584|timerFactory-0x00007542959ff640|[RPC][WS][SERVICE]connected nodes,count=0
info|2025-12-11 03:54:08.211160|ioService-0x00007542a81ff640|[P2PService][Service][METRIC]heartBeat,connected count=3
info|2025-12-11 03:54:18.144610|timerFactory-0x00007542959ff640|[RPC][WS][SERVICE]connected nodes,count=0
info|2025-12-11 03:54:18.211250|ioService-0x00007542a81ff640|[P2PService][Service][METRIC]heartBeat,connected count=3
info|2025-12-11 03:54:28.144636|timerFactory-0x00007542959ff640|[RPC][WS][SERVICE]connected nodes,count=0
info|2025-12-11 03:54:28.211356|ioService-0x00007542a81ff640|[P2PService][Service][METRIC]heartBeat,connected count=3
info|2025-12-11 03:54:38.144706|timerFactory-0x00007542959ff640|[RPC][WS][SERVICE]connected nodes,count=0
info|2025-12-11 03:54:38.211395|ioService-0x00007542a81ff640|[P2PService][Service][METRIC]heartBeat,connected count=3
info|2025-12-11 03:54:48.144752|timerFactory-0x00007542959ff640|[RPC][WS][SERVICE]connected nodes,count=0
info|2025-12-11 03:54:48.211474|ioService-0x00007542a81ff640|[P2PService][Service][METRIC]heartBeat,connected count=3
info|2025-12-11 03:54:57.986802|objMonitor-0x00007542835ff640|[startMonitor][AliveObjectMonitor],AliveObjectAllocStat=[ type: bcos::gateway::Socket ,created: 9 ,destroyed: 5 ,alive: 4 ] 
info|2025-12-11 03:54:58.144778|timerFactory-0x00007542959ff640|[RPC][WS][SERVICE]connected nodes,count=0
info|2025-12-11 03:54:58.211581|ioService-0x00007542a81ff640|[P2PService][Service][METRIC]heartBeat,connected count=3
info|2025-12-11 03:55:08.144838|timerFactory-0x00007542959ff640|[RPC][WS][SERVICE]connected nodes,count=0
info|2025-12-11 03:55:08.211686|ioService-0x00007542a81ff640|[P2PService][Service][METRIC]heartBeat,connected count=3
info|2025-12-11 03:55:18.144937|timerFactory-0x00007542959ff640|[RPC][WS][SERVICE]connected nodes,count=0
info|2025-12-11 03:55:18.211711|ioService-0x00007542a81ff640|[P2PService][Service][METRIC]heartBeat,connected count=3
info|2025-12-11 03:55:28.144994|timerFactory-0x00007542959ff640|[RPC][WS][SERVICE]connected nodes,count=0
info|2025-12-11 03:55:28.211835|ioService-0x00007542a81ff640|[P2PService][Service][METRIC]heartBeat,connected count=3
info|2025-12-11 03:55:38.145060|timerFactory-0x00007542959ff640|[RPC][WS][SERVICE]connected nodes,count=0
info|2025-12-11 03:55:38.211853|ioService-0x00007542a81ff640|[P2PService][Service][METRIC]heartBeat,connected count=3
info|2025-12-11 03:55:48.145125|timerFactory-0x00007542959ff640|[RPC][WS][SERVICE]connected nodes,count=0
info|2025-12-11 03:55:48.211976|ioService-0x00007542a81ff640|[P2PService][Service][METRIC]heartBeat,connected count=3
info|2025-12-11 03:55:57.986915|objMonitor-0x00007542835ff640|[startMonitor][AliveObjectMonitor],AliveObjectAllocStat=[ type: bcos::gateway::Socket ,created: 9 ,destroyed: 5 ,alive: 4 ] [ type: bcos::gateway::ResponseCallback ,created: 615908 ,destroyed: 615902 ,alive: 6 ] 
info|2025-12-11 03:55:58.145202|timerFactory-0x00007542959ff640|[RPC][WS][SERVICE]connected nodes,count=0
info|2025-12-11 03:55:58.212035|ioService-0x00007542a81ff640|[P2PService][Service][METRIC]heartBeat,connected count=3
info|2025-12-11 03:56:08.145260|timerFactory-0x00007542959ff640|[RPC][WS][SERVICE]connected nodes,count=0
info|2025-12-11 03:56:08.212055|ioService-0x00007542a81ff640|[P2PService][Service][METRIC]heartBeat,connected count=3
info|2025-12-11 03:56:18.145325|timerFactory-0x00007542959ff640|[RPC][WS][SERVICE]connected nodes,count=0
info|2025-12-11 03:56:18.212121|ioService-0x00007542a81ff640|[P2PService][Service][METRIC]heartBeat,connected count=3
info|2025-12-11 03:56:28.145347|timerFactory-0x00007542959ff640|[RPC][WS][SERVICE]connected nodes,count=0
info|2025-12-11 03:56:28.212184|ioService-0x00007542a81ff640|[P2PService][Service][METRIC]heartBeat,connected count=3
info|2025-12-11 03:56:38.145373|timerFactory-0x00007542959ff640|[RPC][WS][SERVICE]connected nodes,count=0
info|2025-12-11 03:56:38.212204|ioService-0x00007542a81ff640|[P2PService][Service][METRIC]heartBeat,connected count=3
info|2025-12-11 03:56:48.145443|timerFactory-0x00007542959ff640|[RPC][WS][SERVICE]connected nodes,count=0
info|2025-12-11 03:56:48.212225|ioService-0x00007542a81ff640|[P2PService][Service][METRIC]heartBeat,connected count=3
info|2025-12-11 03:56:57.987035|objMonitor-0x00007542835ff640|[startMonitor][AliveObjectMonitor],AliveObjectAllocStat=[ type: bcos::gateway::Socket ,created: 9 ,destroyed: 5 ,alive: 4 ] 
info|2025-12-11 03:56:58.145470|timerFactory-0x00007542959ff640|[RPC][WS][SERVICE]connected nodes,count=0
info|2025-12-11 03:56:58.212242|ioService-0x00007542a81ff640|[P2PService][Service][METRIC]heartBeat,connected count=3
info|2025-12-11 03:57:08.145497|timerFactory-0x00007542959ff640|[RPC][WS][SERVICE]connected nodes,count=0
info|2025-12-11 03:57:08.212258|ioService-0x00007542a81ff640|[P2PService][Service][METRIC]heartBeat,connected count=3
info|2025-12-11 03:57:18.145525|timerFactory-0x00007542959ff640|[RPC][WS][SERVICE]connected nodes,count=0
info|2025-12-11 03:57:18.212275|ioService-0x00007542a81ff640|[P2PService][Service][METRIC]heartBeat,connected count=3
info|2025-12-11 03:57:28.145554|timerFactory-0x00007542959ff640|[RPC][WS][SERVICE]connected nodes,count=0
info|2025-12-11 03:57:28.212344|ioService-0x00007542a81ff640|[P2PService][Service][METRIC]heartBeat,connected count=3
info|2025-12-11 03:57:38.145586|timerFactory-0x00007542959ff640|[RPC][WS][SERVICE]connected nodes,count=0
info|2025-12-11 03:57:38.212370|ioService-0x00007542a81ff640|[P2PService][Service][METRIC]heartBeat,connected count=3
info|2025-12-11 03:57:48.145621|timerFactory-0x00007542959ff640|[RPC][WS][SERVICE]connected nodes,count=0
info|2025-12-11 03:57:48.212391|ioService-0x00007542a81ff640|[P2PService][Service][METRIC]heartBeat,connected count=3
info|2025-12-11 03:57:57.987185|objMonitor-0x00007542835ff640|[startMonitor][AliveObjectMonitor],AliveObjectAllocStat=[ type: bcos::gateway::Socket ,created: 9 ,destroyed: 5 ,alive: 4 ] 
info|2025-12-11 03:57:58.145653|timerFactory-0x00007542959ff640|[RPC][WS][SERVICE]connected nodes,count=0
info|2025-12-11 03:57:58.212420|ioService-0x00007542a81ff640|[P2PService][Service][METRIC]heartBeat,connected count=3
info|2025-12-11 03:58:08.145704|timerFactory-0x00007542959ff640|[RPC][WS][SERVICE]connected nodes,count=0
info|2025-12-11 03:58:08.212476|ioService-0x00007542a81ff640|[P2PService][Service][METRIC]heartBeat,connected count=3
info|2025-12-11 03:58:18.145765|timerFactory-0x00007542959ff640|[RPC][WS][SERVICE]connected nodes,count=0
info|2025-12-11 03:58:18.212502|ioService-0x00007542a81ff640|[P2PService][Service][METRIC]heartBeat,connected count=3
info|2025-12-11 03:58:28.145823|timerFactory-0x00007542959ff640|[RPC][WS][SERVICE]connected nodes,count=0
info|2025-12-11 03:58:28.212562|ioService-0x00007542a81ff640|[P2PService][Service][METRIC]heartBeat,connected count=3
info|2025-12-11 03:58:38.145898|timerFactory-0x00007542959ff640|[RPC][WS][SERVICE]connected nodes,count=0
info|2025-12-11 03:58:38.212592|ioService-0x00007542a81ff640|[P2PService][Service][METRIC]heartBeat,connected count=3
info|2025-12-11 03:58:48.145923|timerFactory-0x00007542959ff640|[RPC][WS][SERVICE]connected nodes,count=0
info|2025-12-11 03:58:48.212622|ioService-0x00007542a81ff640|[P2PService][Service][METRIC]heartBeat,connected count=3
info|2025-12-11 03:58:57.987222|objMonitor-0x00007542835ff640|[startMonitor][AliveObjectMonitor],AliveObjectAllocStat=[ type: bcos::gateway::Socket ,created: 9 ,destroyed: 5 ,alive: 4 ] 
info|2025-12-11 03:58:58.145980|timerFactory-0x00007542959ff640|[RPC][WS][SERVICE]connected nodes,count=0
info|2025-12-11 03:58:58.212691|ioService-0x00007542a81ff640|[P2PService][Service][METRIC]heartBeat,connected count=3
info|2025-12-11 03:59:08.146002|timerFactory-0x00007542959ff640|[RPC][WS][SERVICE]connected nodes,count=0
info|2025-12-11 03:59:08.212780|ioService-0x00007542a81ff640|[P2PService][Service][METRIC]heartBeat,connected count=3
info|2025-12-11 03:59:18.146027|timerFactory-0x00007542959ff640|[RPC][WS][SERVICE]connected nodes,count=0
info|2025-12-11 03:59:18.212804|ioService-0x00007542a81ff640|[P2PService][Service][METRIC]heartBeat,connected count=3
info|2025-12-11 03:59:28.146053|timerFactory-0x00007542959ff640|[RPC][WS][SERVICE]connected nodes,count=0
info|2025-12-11 03:59:28.212866|ioService-0x00007542a81ff640|[P2PService][Service][METRIC]heartBeat,connected count=3
info|2025-12-11 03:59:38.146081|timerFactory-0x00007542959ff640|[RPC][WS][SERVICE]connected nodes,count=0
info|2025-12-11 03:59:38.212912|ioService-0x00007542a81ff640|[P2PService][Service][METRIC]heartBeat,connected count=3
info|2025-12-11 03:59:48.146109|timerFactory-0x00007542959ff640|[RPC][WS][SERVICE]connected nodes,count=0
info|2025-12-11 03:59:48.212972|ioService-0x00007542a81ff640|[P2PService][Service][METRIC]heartBeat,connected count=3
info|2025-12-11 03:59:57.987326|objMonitor-0x00007542835ff640|[startMonitor][AliveObjectMonitor],AliveObjectAllocStat=[ type: bcos::gateway::Socket ,created: 9 ,destroyed: 5 ,alive: 4 ] 
info|2025-12-11 03:59:58.146138|timerFactory-0x00007542959ff640|[RPC][WS][SERVICE]connected nodes,count=0
info|2025-12-11 03:59:58.213005|ioService-0x00007542a81ff640|[P2PService][Service][METRIC]heartBeat,connected count=3
