info|2025-12-12 19:00:08.807645|timerFactory-0x00007542959ff640|[RPC][WS][SERVICE]connected nodes,count=0
info|2025-12-12 19:00:09.192811|ioService-0x00007542a81ff640|[P2PService][Service][METRIC]heartBeat,connected count=3
info|2025-12-12 19:00:18.807708|timerFactory-0x00007542959ff640|[RPC][WS][SERVICE]connected nodes,count=0
info|2025-12-12 19:00:19.192842|ioService-0x00007542a81ff640|[P2PService][Service][METRIC]heartBeat,connected count=3
info|2025-12-12 19:00:28.807819|timerFactory-0x00007542959ff640|[RPC][WS][SERVICE]connected nodes,count=0
info|2025-12-12 19:00:29.192960|ioService-0x00007542a81ff640|[P2PService][Service][METRIC]heartBeat,connected count=3
info|2025-12-12 19:00:38.807838|timerFactory-0x00007542959ff640|[RPC][WS][SERVICE]connected nodes,count=0
info|2025-12-12 19:00:39.192978|ioService-0x00007542a81ff640|[P2PService][Service][METRIC]heartBeat,connected count=3
info|2025-12-12 19:00:48.807864|timerFactory-0x00007542959ff640|[RPC][WS][SERVICE]connected nodes,count=0
info|2025-12-12 19:00:49.193030|ioService-0x00007542a81ff640|[P2PService][Service][METRIC]heartBeat,connected count=3
info|2025-12-12 19:00:58.153133|objMonitor-0x00007542835ff640|[startMonitor][AliveObjectMonitor],AliveObjectAllocStat=[ type: bcos::gateway::Socket ,created: 9 ,destroyed: 5 ,alive: 4 ] 
info|2025-12-12 19:00:58.807915|timerFactory-0x00007542959ff640|[RPC][WS][SERVICE]connected nodes,count=0
info|2025-12-12 19:00:59.193053|ioService-0x00007542a81ff640|[P2PService][Service][METRIC]heartBeat,connected count=3
info|2025-12-12 19:01:08.807975|timerFactory-0x00007542959ff640|[RPC][WS][SERVICE]connected nodes,count=0
info|2025-12-12 19:01:09.193072|ioService-0x00007542a81ff640|[P2PService][Service][METRIC]heartBeat,connected count=3
info|2025-12-12 19:01:18.807995|timerFactory-0x00007542959ff640|[RPC][WS][SERVICE]connected nodes,count=0
info|2025-12-12 19:01:19.193177|ioService-0x00007542a81ff640|[P2PService][Service][METRIC]heartBeat,connected count=3
info|2025-12-12 19:01:28.808029|timerFactory-0x00007542959ff640|[RPC][WS][SERVICE]connected nodes,count=0
info|2025-12-12 19:01:29.193238|ioService-0x00007542a81ff640|[P2PService][Service][METRIC]heartBeat,connected count=3
info|2025-12-12 19:01:38.808086|timerFactory-0x00007542959ff640|[RPC][WS][SERVICE]connected nodes,count=0
info|2025-12-12 19:01:39.193344|ioService-0x00007542a81ff640|[P2PService][Service][METRIC]heartBeat,connected count=3
info|2025-12-12 19:01:48.808144|timerFactory-0x00007542959ff640|[RPC][WS][SERVICE]connected nodes,count=0
info|2025-12-12 19:01:49.193419|ioService-0x00007542a81ff640|[P2PService][Service][METRIC]heartBeat,connected count=3
info|2025-12-12 19:01:58.153222|objMonitor-0x00007542835ff640|[startMonitor][AliveObjectMonitor],AliveObjectAllocStat=[ type: bcos::gateway::Socket ,created: 9 ,destroyed: 5 ,alive: 4 ] 
info|2025-12-12 19:01:58.808174|timerFactory-0x00007542959ff640|[RPC][WS][SERVICE]connected nodes,count=0
info|2025-12-12 19:01:59.193495|ioService-0x00007542a81ff640|[P2PService][Service][METRIC]heartBeat,connected count=3
info|2025-12-12 19:02:08.808196|timerFactory-0x00007542959ff640|[RPC][WS][SERVICE]connected nodes,count=0
info|2025-12-12 19:02:09.193573|ioService-0x00007542a81ff640|[P2PService][Service][METRIC]heartBeat,connected count=3
info|2025-12-12 19:02:18.808250|timerFactory-0x00007542959ff640|[RPC][WS][SERVICE]connected nodes,count=0
info|2025-12-12 19:02:19.193651|ioService-0x00007542a81ff640|[P2PService][Service][METRIC]heartBeat,connected count=3
info|2025-12-12 19:02:28.808313|timerFactory-0x00007542959ff640|[RPC][WS][SERVICE]connected nodes,count=0
info|2025-12-12 19:02:29.193677|ioService-0x00007542a81ff640|[P2PService][Service][METRIC]heartBeat,connected count=3
info|2025-12-12 19:02:38.808335|timerFactory-0x00007542959ff640|[RPC][WS][SERVICE]connected nodes,count=0
info|2025-12-12 19:02:39.193705|ioService-0x00007542a81ff640|[P2PService][Service][METRIC]heartBeat,connected count=3
info|2025-12-12 19:02:48.808358|timerFactory-0x00007542959ff640|[RPC][WS][SERVICE]connected nodes,count=0
info|2025-12-12 19:02:49.193727|ioService-0x00007542a81ff640|[P2PService][Service][METRIC]heartBeat,connected count=3
info|2025-12-12 19:02:58.153265|objMonitor-0x00007542835ff640|[startMonitor][AliveObjectMonitor],AliveObjectAllocStat=[ type: bcos::gateway::Socket ,created: 9 ,destroyed: 5 ,alive: 4 ] 
info|2025-12-12 19:02:58.808383|timerFactory-0x00007542959ff640|[RPC][WS][SERVICE]connected nodes,count=0
info|2025-12-12 19:02:59.193857|ioService-0x00007542a81ff640|[P2PService][Service][METRIC]heartBeat,connected count=3
info|2025-12-12 19:03:08.808413|timerFactory-0x00007542959ff640|[RPC][WS][SERVICE]connected nodes,count=0
info|2025-12-12 19:03:09.193885|ioService-0x00007542a81ff640|[P2PService][Service][METRIC]heartBeat,connected count=3
info|2025-12-12 19:03:18.808440|timerFactory-0x00007542959ff640|[RPC][WS][SERVICE]connected nodes,count=0
info|2025-12-12 19:03:19.193914|ioService-0x00007542a81ff640|[P2PService][Service][METRIC]heartBeat,connected count=3
info|2025-12-12 19:03:28.808509|timerFactory-0x00007542959ff640|[RPC][WS][SERVICE]connected nodes,count=0
info|2025-12-12 19:03:29.193974|ioService-0x00007542a81ff640|[P2PService][Service][METRIC]heartBeat,connected count=3
info|2025-12-12 19:03:38.808598|timerFactory-0x00007542959ff640|[RPC][WS][SERVICE]connected nodes,count=0
info|2025-12-12 19:03:39.194035|ioService-0x00007542a81ff640|[P2PService][Service][METRIC]heartBeat,connected count=3
info|2025-12-12 19:03:48.808620|timerFactory-0x00007542959ff640|[RPC][WS][SERVICE]connected nodes,count=0
info|2025-12-12 19:03:49.194056|ioService-0x00007542a81ff640|[P2PService][Service][METRIC]heartBeat,connected count=3
info|2025-12-12 19:03:58.153363|objMonitor-0x00007542835ff640|[startMonitor][AliveObjectMonitor],AliveObjectAllocStat=[ type: bcos::gateway::Socket ,created: 9 ,destroyed: 5 ,alive: 4 ] 
info|2025-12-12 19:03:58.808681|timerFactory-0x00007542959ff640|[RPC][WS][SERVICE]connected nodes,count=0
info|2025-12-12 19:03:59.194207|ioService-0x00007542a81ff640|[P2PService][Service][METRIC]heartBeat,connected count=3
info|2025-12-12 19:04:08.808704|timerFactory-0x00007542959ff640|[RPC][WS][SERVICE]connected nodes,count=0
info|2025-12-12 19:04:09.194257|ioService-0x00007542a81ff640|[P2PService][Service][METRIC]heartBeat,connected count=3
info|2025-12-12 19:04:18.808730|timerFactory-0x00007542959ff640|[RPC][WS][SERVICE]connected nodes,count=0
info|2025-12-12 19:04:19.194394|ioService-0x00007542a81ff640|[P2PService][Service][METRIC]heartBeat,connected count=3
info|2025-12-12 19:04:28.808789|timerFactory-0x00007542959ff640|[RPC][WS][SERVICE]connected nodes,count=0
info|2025-12-12 19:04:29.194414|ioService-0x00007542a81ff640|[P2PService][Service][METRIC]heartBeat,connected count=3
info|2025-12-12 19:04:38.808887|timerFactory-0x00007542959ff640|[RPC][WS][SERVICE]connected nodes,count=0
info|2025-12-12 19:04:39.194430|ioService-0x00007542a81ff640|[P2PService][Service][METRIC]heartBeat,connected count=3
info|2025-12-12 19:04:48.808931|timerFactory-0x00007542959ff640|[RPC][WS][SERVICE]connected nodes,count=0
info|2025-12-12 19:04:49.194504|ioService-0x00007542a81ff640|[P2PService][Service][METRIC]heartBeat,connected count=3
info|2025-12-12 19:04:58.153441|objMonitor-0x00007542835ff640|[startMonitor][AliveObjectMonitor],AliveObjectAllocStat=[ type: bcos::gateway::Socket ,created: 9 ,destroyed: 5 ,alive: 4 ] 
info|2025-12-12 19:04:58.809007|timerFactory-0x00007542959ff640|[RPC][WS][SERVICE]connected nodes,count=0
info|2025-12-12 19:04:59.194549|ioService-0x00007542a81ff640|[P2PService][Service][METRIC]heartBeat,connected count=3
info|2025-12-12 19:05:08.809027|timerFactory-0x00007542959ff640|[RPC][WS][SERVICE]connected nodes,count=0
info|2025-12-12 19:05:09.194570|ioService-0x00007542a81ff640|[P2PService][Service][METRIC]heartBeat,connected count=3
info|2025-12-12 19:05:18.809091|timerFactory-0x00007542959ff640|[RPC][WS][SERVICE]connected nodes,count=0
info|2025-12-12 19:05:19.194590|ioService-0x00007542a81ff640|[P2PService][Service][METRIC]heartBeat,connected count=3
info|2025-12-12 19:05:28.809198|timerFactory-0x00007542959ff640|[RPC][WS][SERVICE]connected nodes,count=0
info|2025-12-12 19:05:29.194607|ioService-0x00007542a81ff640|[P2PService][Service][METRIC]heartBeat,connected count=3
info|2025-12-12 19:05:38.809251|timerFactory-0x00007542959ff640|[RPC][WS][SERVICE]connected nodes,count=0
info|2025-12-12 19:05:39.194668|ioService-0x00007542a81ff640|[P2PService][Service][METRIC]heartBeat,connected count=3
info|2025-12-12 19:05:48.809274|timerFactory-0x00007542959ff640|[RPC][WS][SERVICE]connected nodes,count=0
info|2025-12-12 19:05:49.194771|ioService-0x00007542a81ff640|[P2PService][Service][METRIC]heartBeat,connected count=3
info|2025-12-12 19:05:58.153480|objMonitor-0x00007542835ff640|[startMonitor][AliveObjectMonitor],AliveObjectAllocStat=[ type: bcos::gateway::Socket ,created: 9 ,destroyed: 5 ,alive: 4 ] 
info|2025-12-12 19:05:58.809296|timerFactory-0x00007542959ff640|[RPC][WS][SERVICE]connected nodes,count=0
info|2025-12-12 19:05:59.194861|ioService-0x00007542a81ff640|[P2PService][Service][METRIC]heartBeat,connected count=3
info|2025-12-12 19:06:08.809320|timerFactory-0x00007542959ff640|[RPC][WS][SERVICE]connected nodes,count=0
info|2025-12-12 19:06:09.194989|ioService-0x00007542a81ff640|[P2PService][Service][METRIC]heartBeat,connected count=3
info|2025-12-12 19:06:18.809344|timerFactory-0x00007542959ff640|[RPC][WS][SERVICE]connected nodes,count=0
info|2025-12-12 19:06:19.195090|ioService-0x00007542a81ff640|[P2PService][Service][METRIC]heartBeat,connected count=3
info|2025-12-12 19:06:28.809373|timerFactory-0x00007542959ff640|[RPC][WS][SERVICE]connected nodes,count=0
info|2025-12-12 19:06:29.195221|ioService-0x00007542a81ff640|[P2PService][Service][METRIC]heartBeat,connected count=3
info|2025-12-12 19:06:38.809394|timerFactory-0x00007542959ff640|[RPC][WS][SERVICE]connected nodes,count=0
info|2025-12-12 19:06:39.195309|ioService-0x00007542a81ff640|[P2PService][Service][METRIC]heartBeat,connected count=3
info|2025-12-12 19:06:48.809418|timerFactory-0x00007542959ff640|[RPC][WS][SERVICE]connected nodes,count=0
info|2025-12-12 19:06:49.195330|ioService-0x00007542a81ff640|[P2PService][Service][METRIC]heartBeat,connected count=3
info|2025-12-12 19:06:58.153555|objMonitor-0x00007542835ff640|[startMonitor][AliveObjectMonitor],AliveObjectAllocStat=[ type: bcos::gateway::Socket ,created: 9 ,destroyed: 5 ,alive: 4 ] 
info|2025-12-12 19:06:58.809446|timerFactory-0x00007542959ff640|[RPC][WS][SERVICE]connected nodes,count=0
info|2025-12-12 19:06:59.195346|ioService-0x00007542a81ff640|[P2PService][Service][METRIC]heartBeat,connected count=3
info|2025-12-12 19:07:08.809475|timerFactory-0x00007542959ff640|[RPC][WS][SERVICE]connected nodes,count=0
info|2025-12-12 19:07:09.195363|ioService-0x00007542a81ff640|[P2PService][Service][METRIC]heartBeat,connected count=3
info|2025-12-12 19:07:18.809505|timerFactory-0x00007542959ff640|[RPC][WS][SERVICE]connected nodes,count=0
info|2025-12-12 19:07:19.195464|ioService-0x00007542a81ff640|[P2PService][Service][METRIC]heartBeat,connected count=3
info|2025-12-12 19:07:28.809567|timerFactory-0x00007542959ff640|[RPC][WS][SERVICE]connected nodes,count=0
info|2025-12-12 19:07:29.195532|ioService-0x00007542a81ff640|[P2PService][Service][METRIC]heartBeat,connected count=3
info|2025-12-12 19:07:38.809594|timerFactory-0x00007542959ff640|[RPC][WS][SERVICE]connected nodes,count=0
info|2025-12-12 19:07:39.195556|ioService-0x00007542a81ff640|[P2PService][Service][METRIC]heartBeat,connected count=3
info|2025-12-12 19:07:48.809620|timerFactory-0x00007542959ff640|[RPC][WS][SERVICE]connected nodes,count=0
info|2025-12-12 19:07:49.195687|ioService-0x00007542a81ff640|[P2PService][Service][METRIC]heartBeat,connected count=3
info|2025-12-12 19:07:58.153617|objMonitor-0x00007542835ff640|[startMonitor][AliveObjectMonitor],AliveObjectAllocStat=[ type: bcos::gateway::Socket ,created: 9 ,destroyed: 5 ,alive: 4 ] 
info|2025-12-12 19:07:58.809641|timerFactory-0x00007542959ff640|[RPC][WS][SERVICE]connected nodes,count=0
info|2025-12-12 19:07:59.195821|ioService-0x00007542a81ff640|[P2PService][Service][METRIC]heartBeat,connected count=3
info|2025-12-12 19:08:08.809694|timerFactory-0x00007542959ff640|[RPC][WS][SERVICE]connected nodes,count=0
info|2025-12-12 19:08:09.195848|ioService-0x00007542a81ff640|[P2PService][Service][METRIC]heartBeat,connected count=3
info|2025-12-12 19:08:18.809781|timerFactory-0x00007542959ff640|[RPC][WS][SERVICE]connected nodes,count=0
info|2025-12-12 19:08:19.195989|ioService-0x00007542a81ff640|[P2PService][Service][METRIC]heartBeat,connected count=3
info|2025-12-12 19:08:28.809899|timerFactory-0x00007542959ff640|[RPC][WS][SERVICE]connected nodes,count=0
info|2025-12-12 19:08:29.196124|ioService-0x00007542a81ff640|[P2PService][Service][METRIC]heartBeat,connected count=3
info|2025-12-12 19:08:38.809924|timerFactory-0x00007542959ff640|[RPC][WS][SERVICE]connected nodes,count=0
info|2025-12-12 19:08:39.196234|ioService-0x00007542a81ff640|[P2PService][Service][METRIC]heartBeat,connected count=3
info|2025-12-12 19:08:48.809965|timerFactory-0x00007542959ff640|[RPC][WS][SERVICE]connected nodes,count=0
info|2025-12-12 19:08:49.196376|ioService-0x00007542a81ff640|[P2PService][Service][METRIC]heartBeat,connected count=3
info|2025-12-12 19:08:58.153737|objMonitor-0x00007542835ff640|[startMonitor][AliveObjectMonitor],AliveObjectAllocStat=[ type: bcos::gateway::Socket ,created: 9 ,destroyed: 5 ,alive: 4 ] 
info|2025-12-12 19:08:58.810151|timerFactory-0x00007542959ff640|[RPC][WS][SERVICE]connected nodes,count=0
info|2025-12-12 19:08:59.196568|ioService-0x00007542a81ff640|[P2PService][Service][METRIC]heartBeat,connected count=3
info|2025-12-12 19:09:08.810171|timerFactory-0x00007542959ff640|[RPC][WS][SERVICE]connected nodes,count=0
info|2025-12-12 19:09:09.196631|ioService-0x00007542a81ff640|[P2PService][Service][METRIC]heartBeat,connected count=3
info|2025-12-12 19:09:18.810322|timerFactory-0x00007542959ff640|[RPC][WS][SERVICE]connected nodes,count=0
info|2025-12-12 19:09:19.196800|ioService-0x00007542a81ff640|[P2PService][Service][METRIC]heartBeat,connected count=3
info|2025-12-12 19:09:28.810341|timerFactory-0x00007542959ff640|[RPC][WS][SERVICE]connected nodes,count=0
info|2025-12-12 19:09:29.196824|ioService-0x00007542a81ff640|[P2PService][Service][METRIC]heartBeat,connected count=3
info|2025-12-12 19:09:38.810362|timerFactory-0x00007542959ff640|[RPC][WS][SERVICE]connected nodes,count=0
info|2025-12-12 19:09:39.197000|ioService-0x00007542a81ff640|[P2PService][Service][METRIC]heartBeat,connected count=3
info|2025-12-12 19:09:48.810384|timerFactory-0x00007542959ff640|[RPC][WS][SERVICE]connected nodes,count=0
info|2025-12-12 19:09:49.197068|ioService-0x00007542a81ff640|[P2PService][Service][METRIC]heartBeat,connected count=3
info|2025-12-12 19:09:58.153853|objMonitor-0x00007542835ff640|[startMonitor][AliveObjectMonitor],AliveObjectAllocStat=[ type: bcos::gateway::Socket ,created: 9 ,destroyed: 5 ,alive: 4 ] [ type: bcos::gateway::ResponseCallback ,created: 2732732 ,destroyed: 2732726 ,alive: 6 ] 
info|2025-12-12 19:09:58.810402|timerFactory-0x00007542959ff640|[RPC][WS][SERVICE]connected nodes,count=0
info|2025-12-12 19:09:59.197093|ioService-0x00007542a81ff640|[P2PService][Service][METRIC]heartBeat,connected count=3
info|2025-12-12 19:10:08.810420|timerFactory-0x00007542959ff640|[RPC][WS][SERVICE]connected nodes,count=0
info|2025-12-12 19:10:09.197162|ioService-0x00007542a81ff640|[P2PService][Service][METRIC]heartBeat,connected count=3
info|2025-12-12 19:10:18.810440|timerFactory-0x00007542959ff640|[RPC][WS][SERVICE]connected nodes,count=0
info|2025-12-12 19:10:19.197188|ioService-0x00007542a81ff640|[P2PService][Service][METRIC]heartBeat,connected count=3
info|2025-12-12 19:10:28.810459|timerFactory-0x00007542959ff640|[RPC][WS][SERVICE]connected nodes,count=0
info|2025-12-12 19:10:29.197339|ioService-0x00007542a81ff640|[P2PService][Service][METRIC]heartBeat,connected count=3
info|2025-12-12 19:10:38.810491|timerFactory-0x00007542959ff640|[RPC][WS][SERVICE]connected nodes,count=0
info|2025-12-12 19:10:39.197359|ioService-0x00007542a81ff640|[P2PService][Service][METRIC]heartBeat,connected count=3
info|2025-12-12 19:10:48.810510|timerFactory-0x00007542959ff640|[RPC][WS][SERVICE]connected nodes,count=0
info|2025-12-12 19:10:49.197394|ioService-0x00007542a81ff640|[P2PService][Service][METRIC]heartBeat,connected count=3
info|2025-12-12 19:10:58.153916|objMonitor-0x00007542835ff640|[startMonitor][AliveObjectMonitor],AliveObjectAllocStat=[ type: bcos::gateway::Socket ,created: 9 ,destroyed: 5 ,alive: 4 ] 
info|2025-12-12 19:10:58.810535|timerFactory-0x00007542959ff640|[RPC][WS][SERVICE]connected nodes,count=0
info|2025-12-12 19:10:59.197486|ioService-0x00007542a81ff640|[P2PService][Service][METRIC]heartBeat,connected count=3
info|2025-12-12 19:11:08.810590|timerFactory-0x00007542959ff640|[RPC][WS][SERVICE]connected nodes,count=0
info|2025-12-12 19:11:09.197568|ioService-0x00007542a81ff640|[P2PService][Service][METRIC]heartBeat,connected count=3
info|2025-12-12 19:11:18.810612|timerFactory-0x00007542959ff640|[RPC][WS][SERVICE]connected nodes,count=0
info|2025-12-12 19:11:19.197662|ioService-0x00007542a81ff640|[P2PService][Service][METRIC]heartBeat,connected count=3
info|2025-12-12 19:11:28.810631|timerFactory-0x00007542959ff640|[RPC][WS][SERVICE]connected nodes,count=0
info|2025-12-12 19:11:29.197753|ioService-0x00007542a81ff640|[P2PService][Service][METRIC]heartBeat,connected count=3
info|2025-12-12 19:11:38.810683|timerFactory-0x00007542959ff640|[RPC][WS][SERVICE]connected nodes,count=0
info|2025-12-12 19:11:39.197930|ioService-0x00007542a81ff640|[P2PService][Service][METRIC]heartBeat,connected count=3
info|2025-12-12 19:11:48.810769|timerFactory-0x00007542959ff640|[RPC][WS][SERVICE]connected nodes,count=0
info|2025-12-12 19:11:49.198010|ioService-0x00007542a81ff640|[P2PService][Service][METRIC]heartBeat,connected count=3
info|2025-12-12 19:11:58.154043|objMonitor-0x00007542835ff640|[startMonitor][AliveObjectMonitor],AliveObjectAllocStat=[ type: bcos::gateway::Socket ,created: 9 ,destroyed: 5 ,alive: 4 ] 
info|2025-12-12 19:11:58.810795|timerFactory-0x00007542959ff640|[RPC][WS][SERVICE]connected nodes,count=0
info|2025-12-12 19:11:59.198028|ioService-0x00007542a81ff640|[P2PService][Service][METRIC]heartBeat,connected count=3
info|2025-12-12 19:12:08.810823|timerFactory-0x00007542959ff640|[RPC][WS][SERVICE]connected nodes,count=0
info|2025-12-12 19:12:09.198106|ioService-0x00007542a81ff640|[P2PService][Service][METRIC]heartBeat,connected count=3
info|2025-12-12 19:12:18.810851|timerFactory-0x00007542959ff640|[RPC][WS][SERVICE]connected nodes,count=0
info|2025-12-12 19:12:19.198167|ioService-0x00007542a81ff640|[P2PService][Service][METRIC]heartBeat,connected count=3
info|2025-12-12 19:12:28.810879|timerFactory-0x00007542959ff640|[RPC][WS][SERVICE]connected nodes,count=0
info|2025-12-12 19:12:29.198191|ioService-0x00007542a81ff640|[P2PService][Service][METRIC]heartBeat,connected count=3
info|2025-12-12 19:12:38.810945|timerFactory-0x00007542959ff640|[RPC][WS][SERVICE]connected nodes,count=0
info|2025-12-12 19:12:39.198244|ioService-0x00007542a81ff640|[P2PService][Service][METRIC]heartBeat,connected count=3
info|2025-12-12 19:12:48.811086|timerFactory-0x00007542959ff640|[RPC][WS][SERVICE]connected nodes,count=0
info|2025-12-12 19:12:49.198306|ioService-0x00007542a81ff640|[P2PService][Service][METRIC]heartBeat,connected count=3
info|2025-12-12 19:12:58.154092|objMonitor-0x00007542835ff640|[startMonitor][AliveObjectMonitor],AliveObjectAllocStat=[ type: bcos::gateway::Socket ,created: 9 ,destroyed: 5 ,alive: 4 ] 
info|2025-12-12 19:12:58.811188|timerFactory-0x00007542959ff640|[RPC][WS][SERVICE]connected nodes,count=0
info|2025-12-12 19:12:59.198332|ioService-0x00007542a81ff640|[P2PService][Service][METRIC]heartBeat,connected count=3
info|2025-12-12 19:13:08.811275|timerFactory-0x00007542959ff640|[RPC][WS][SERVICE]connected nodes,count=0
info|2025-12-12 19:13:09.198355|ioService-0x00007542a81ff640|[P2PService][Service][METRIC]heartBeat,connected count=3
info|2025-12-12 19:13:18.811378|timerFactory-0x00007542959ff640|[RPC][WS][SERVICE]connected nodes,count=0
info|2025-12-12 19:13:19.198474|ioService-0x00007542a81ff640|[P2PService][Service][METRIC]heartBeat,connected count=3
info|2025-12-12 19:13:28.811398|timerFactory-0x00007542959ff640|[RPC][WS][SERVICE]connected nodes,count=0
info|2025-12-12 19:13:29.198552|ioService-0x00007542a81ff640|[P2PService][Service][METRIC]heartBeat,connected count=3
info|2025-12-12 19:13:38.811422|timerFactory-0x00007542959ff640|[RPC][WS][SERVICE]connected nodes,count=0
info|2025-12-12 19:13:39.198648|ioService-0x00007542a81ff640|[P2PService][Service][METRIC]heartBeat,connected count=3
info|2025-12-12 19:13:48.811444|timerFactory-0x00007542959ff640|[RPC][WS][SERVICE]connected nodes,count=0
info|2025-12-12 19:13:49.198674|ioService-0x00007542a81ff640|[P2PService][Service][METRIC]heartBeat,connected count=3
info|2025-12-12 19:13:58.154266|objMonitor-0x00007542835ff640|[startMonitor][AliveObjectMonitor],AliveObjectAllocStat=[ type: bcos::gateway::Socket ,created: 9 ,destroyed: 5 ,alive: 4 ] [ type: bcos::gateway::ResponseCallback ,created: 2736329 ,destroyed: 2736324 ,alive: 5 ] 
info|2025-12-12 19:13:58.811463|timerFactory-0x00007542959ff640|[RPC][WS][SERVICE]connected nodes,count=0
info|2025-12-12 19:13:59.198816|ioService-0x00007542a81ff640|[P2PService][Service][METRIC]heartBeat,connected count=3
info|2025-12-12 19:14:08.811480|timerFactory-0x00007542959ff640|[RPC][WS][SERVICE]connected nodes,count=0
info|2025-12-12 19:14:09.198918|ioService-0x00007542a81ff640|[P2PService][Service][METRIC]heartBeat,connected count=3
info|2025-12-12 19:14:18.811532|timerFactory-0x00007542959ff640|[RPC][WS][SERVICE]connected nodes,count=0
info|2025-12-12 19:14:19.198967|ioService-0x00007542a81ff640|[P2PService][Service][METRIC]heartBeat,connected count=3
info|2025-12-12 19:14:28.811579|timerFactory-0x00007542959ff640|[RPC][WS][SERVICE]connected nodes,count=0
info|2025-12-12 19:14:29.199020|ioService-0x00007542a81ff640|[P2PService][Service][METRIC]heartBeat,connected count=3
info|2025-12-12 19:14:38.811630|timerFactory-0x00007542959ff640|[RPC][WS][SERVICE]connected nodes,count=0
info|2025-12-12 19:14:39.199073|ioService-0x00007542a81ff640|[P2PService][Service][METRIC]heartBeat,connected count=3
info|2025-12-12 19:14:48.811687|timerFactory-0x00007542959ff640|[RPC][WS][SERVICE]connected nodes,count=0
info|2025-12-12 19:14:49.199093|ioService-0x00007542a81ff640|[P2PService][Service][METRIC]heartBeat,connected count=3
info|2025-12-12 19:14:58.154310|objMonitor-0x00007542835ff640|[startMonitor][AliveObjectMonitor],AliveObjectAllocStat=[ type: bcos::gateway::Socket ,created: 9 ,destroyed: 5 ,alive: 4 ] 
info|2025-12-12 19:14:58.811740|timerFactory-0x00007542959ff640|[RPC][WS][SERVICE]connected nodes,count=0
info|2025-12-12 19:14:59.199230|ioService-0x00007542a81ff640|[P2PService][Service][METRIC]heartBeat,connected count=3
info|2025-12-12 19:15:08.811829|timerFactory-0x00007542959ff640|[RPC][WS][SERVICE]connected nodes,count=0
info|2025-12-12 19:15:09.199288|ioService-0x00007542a81ff640|[P2PService][Service][METRIC]heartBeat,connected count=3
info|2025-12-12 19:15:18.811907|timerFactory-0x00007542959ff640|[RPC][WS][SERVICE]connected nodes,count=0
info|2025-12-12 19:15:19.199312|ioService-0x00007542a81ff640|[P2PService][Service][METRIC]heartBeat,connected count=3
info|2025-12-12 19:15:28.811931|timerFactory-0x00007542959ff640|[RPC][WS][SERVICE]connected nodes,count=0
info|2025-12-12 19:15:29.199403|ioService-0x00007542a81ff640|[P2PService][Service][METRIC]heartBeat,connected count=3
info|2025-12-12 19:15:38.811984|timerFactory-0x00007542959ff640|[RPC][WS][SERVICE]connected nodes,count=0
info|2025-12-12 19:15:39.199478|ioService-0x00007542a81ff640|[P2PService][Service][METRIC]heartBeat,connected count=3
info|2025-12-12 19:15:48.812205|timerFactory-0x00007542959ff640|[RPC][WS][SERVICE]connected nodes,count=0
info|2025-12-12 19:15:49.199503|ioService-0x00007542a81ff640|[P2PService][Service][METRIC]heartBeat,connected count=3
info|2025-12-12 19:15:58.154351|objMonitor-0x00007542835ff640|[startMonitor][AliveObjectMonitor],AliveObjectAllocStat=[ type: bcos::gateway::Socket ,created: 9 ,destroyed: 5 ,alive: 4 ] 
info|2025-12-12 19:15:58.812230|timerFactory-0x00007542959ff640|[RPC][WS][SERVICE]connected nodes,count=0
info|2025-12-12 19:15:59.199628|ioService-0x00007542a81ff640|[P2PService][Service][METRIC]heartBeat,connected count=3
info|2025-12-12 19:16:08.812251|timerFactory-0x00007542959ff640|[RPC][WS][SERVICE]connected nodes,count=0
info|2025-12-12 19:16:09.199728|ioService-0x00007542a81ff640|[P2PService][Service][METRIC]heartBeat,connected count=3
info|2025-12-12 19:16:18.812289|timerFactory-0x00007542959ff640|[RPC][WS][SERVICE]connected nodes,count=0
info|2025-12-12 19:16:19.199908|ioService-0x00007542a81ff640|[P2PService][Service][METRIC]heartBeat,connected count=3
info|2025-12-12 19:16:28.812393|timerFactory-0x00007542959ff640|[RPC][WS][SERVICE]connected nodes,count=0
info|2025-12-12 19:16:29.199986|ioService-0x00007542a81ff640|[P2PService][Service][METRIC]heartBeat,connected count=3
info|2025-12-12 19:16:38.812414|timerFactory-0x00007542959ff640|[RPC][WS][SERVICE]connected nodes,count=0
info|2025-12-12 19:16:39.200061|ioService-0x00007542a81ff640|[P2PService][Service][METRIC]heartBeat,connected count=3
info|2025-12-12 19:16:48.812480|timerFactory-0x00007542959ff640|[RPC][WS][SERVICE]connected nodes,count=0
info|2025-12-12 19:16:49.200080|ioService-0x00007542a81ff640|[P2PService][Service][METRIC]heartBeat,connected count=3
info|2025-12-12 19:16:58.154395|objMonitor-0x00007542835ff640|[startMonitor][AliveObjectMonitor],AliveObjectAllocStat=[ type: bcos::gateway::Socket ,created: 9 ,destroyed: 5 ,alive: 4 ] 
info|2025-12-12 19:16:58.812502|timerFactory-0x00007542959ff640|[RPC][WS][SERVICE]connected nodes,count=0
info|2025-12-12 19:16:59.200234|ioService-0x00007542a81ff640|[P2PService][Service][METRIC]heartBeat,connected count=3
info|2025-12-12 19:17:08.812521|timerFactory-0x00007542959ff640|[RPC][WS][SERVICE]connected nodes,count=0
info|2025-12-12 19:17:09.200311|ioService-0x00007542a81ff640|[P2PService][Service][METRIC]heartBeat,connected count=3
info|2025-12-12 19:17:18.812587|timerFactory-0x00007542959ff640|[RPC][WS][SERVICE]connected nodes,count=0
info|2025-12-12 19:17:19.200335|ioService-0x00007542a81ff640|[P2PService][Service][METRIC]heartBeat,connected count=3
info|2025-12-12 19:17:28.812635|timerFactory-0x00007542959ff640|[RPC][WS][SERVICE]connected nodes,count=0
info|2025-12-12 19:17:29.200399|ioService-0x00007542a81ff640|[P2PService][Service][METRIC]heartBeat,connected count=3
info|2025-12-12 19:17:38.812723|timerFactory-0x00007542959ff640|[RPC][WS][SERVICE]connected nodes,count=0
info|2025-12-12 19:17:39.200470|ioService-0x00007542a81ff640|[P2PService][Service][METRIC]heartBeat,connected count=3
info|2025-12-12 19:17:48.812802|timerFactory-0x00007542959ff640|[RPC][WS][SERVICE]connected nodes,count=0
info|2025-12-12 19:17:49.200492|ioService-0x00007542a81ff640|[P2PService][Service][METRIC]heartBeat,connected count=3
info|2025-12-12 19:17:58.154441|objMonitor-0x00007542835ff640|[startMonitor][AliveObjectMonitor],AliveObjectAllocStat=[ type: bcos::gateway::Socket ,created: 9 ,destroyed: 5 ,alive: 4 ] 
info|2025-12-12 19:17:58.812821|timerFactory-0x00007542959ff640|[RPC][WS][SERVICE]connected nodes,count=0
info|2025-12-12 19:17:59.200549|ioService-0x00007542a81ff640|[P2PService][Service][METRIC]heartBeat,connected count=3
info|2025-12-12 19:18:08.812868|timerFactory-0x00007542959ff640|[RPC][WS][SERVICE]connected nodes,count=0
info|2025-12-12 19:18:09.200690|ioService-0x00007542a81ff640|[P2PService][Service][METRIC]heartBeat,connected count=3
info|2025-12-12 19:18:18.812924|timerFactory-0x00007542959ff640|[RPC][WS][SERVICE]connected nodes,count=0
info|2025-12-12 19:18:19.200780|ioService-0x00007542a81ff640|[P2PService][Service][METRIC]heartBeat,connected count=3
info|2025-12-12 19:18:28.813012|timerFactory-0x00007542959ff640|[RPC][WS][SERVICE]connected nodes,count=0
info|2025-12-12 19:18:29.201060|ioService-0x00007542a81ff640|[P2PService][Service][METRIC]heartBeat,connected count=3
info|2025-12-12 19:18:38.813034|timerFactory-0x00007542959ff640|[RPC][WS][SERVICE]connected nodes,count=0
info|2025-12-12 19:18:39.201115|ioService-0x00007542a81ff640|[P2PService][Service][METRIC]heartBeat,connected count=3
info|2025-12-12 19:18:48.813209|timerFactory-0x00007542959ff640|[RPC][WS][SERVICE]connected nodes,count=0
info|2025-12-12 19:18:49.201178|ioService-0x00007542a81ff640|[P2PService][Service][METRIC]heartBeat,connected count=3
info|2025-12-12 19:18:58.154485|objMonitor-0x00007542835ff640|[startMonitor][AliveObjectMonitor],AliveObjectAllocStat=[ type: bcos::gateway::Socket ,created: 9 ,destroyed: 5 ,alive: 4 ] 
info|2025-12-12 19:18:58.813236|timerFactory-0x00007542959ff640|[RPC][WS][SERVICE]connected nodes,count=0
info|2025-12-12 19:18:59.201228|ioService-0x00007542a81ff640|[P2PService][Service][METRIC]heartBeat,connected count=3
info|2025-12-12 19:19:08.813253|timerFactory-0x00007542959ff640|[RPC][WS][SERVICE]connected nodes,count=0
info|2025-12-12 19:19:09.201332|ioService-0x00007542a81ff640|[P2PService][Service][METRIC]heartBeat,connected count=3
info|2025-12-12 19:19:18.813273|timerFactory-0x00007542959ff640|[RPC][WS][SERVICE]connected nodes,count=0
info|2025-12-12 19:19:19.201390|ioService-0x00007542a81ff640|[P2PService][Service][METRIC]heartBeat,connected count=3
info|2025-12-12 19:19:28.813317|timerFactory-0x00007542959ff640|[RPC][WS][SERVICE]connected nodes,count=0
info|2025-12-12 19:19:29.201416|ioService-0x00007542a81ff640|[P2PService][Service][METRIC]heartBeat,connected count=3
info|2025-12-12 19:19:38.813340|timerFactory-0x00007542959ff640|[RPC][WS][SERVICE]connected nodes,count=0
info|2025-12-12 19:19:39.201478|ioService-0x00007542a81ff640|[P2PService][Service][METRIC]heartBeat,connected count=3
info|2025-12-12 19:19:48.813408|timerFactory-0x00007542959ff640|[RPC][WS][SERVICE]connected nodes,count=0
info|2025-12-12 19:19:49.201667|ioService-0x00007542a81ff640|[P2PService][Service][METRIC]heartBeat,connected count=3
info|2025-12-12 19:19:58.154578|objMonitor-0x00007542835ff640|[startMonitor][AliveObjectMonitor],AliveObjectAllocStat=[ type: bcos::gateway::Socket ,created: 9 ,destroyed: 5 ,alive: 4 ] 
info|2025-12-12 19:19:58.813487|timerFactory-0x00007542959ff640|[RPC][WS][SERVICE]connected nodes,count=0
info|2025-12-12 19:19:59.201806|ioService-0x00007542a81ff640|[P2PService][Service][METRIC]heartBeat,connected count=3
info|2025-12-12 19:20:08.813567|timerFactory-0x00007542959ff640|[RPC][WS][SERVICE]connected nodes,count=0
info|2025-12-12 19:20:09.201856|ioService-0x00007542a81ff640|[P2PService][Service][METRIC]heartBeat,connected count=3
info|2025-12-12 19:20:18.813659|timerFactory-0x00007542959ff640|[RPC][WS][SERVICE]connected nodes,count=0
info|2025-12-12 19:20:19.201979|ioService-0x00007542a81ff640|[P2PService][Service][METRIC]heartBeat,connected count=3
info|2025-12-12 19:20:28.813680|timerFactory-0x00007542959ff640|[RPC][WS][SERVICE]connected nodes,count=0
info|2025-12-12 19:20:29.202037|ioService-0x00007542a81ff640|[P2PService][Service][METRIC]heartBeat,connected count=3
info|2025-12-12 19:20:38.813701|timerFactory-0x00007542959ff640|[RPC][WS][SERVICE]connected nodes,count=0
info|2025-12-12 19:20:39.202124|ioService-0x00007542a81ff640|[P2PService][Service][METRIC]heartBeat,connected count=3
info|2025-12-12 19:20:48.813720|timerFactory-0x00007542959ff640|[RPC][WS][SERVICE]connected nodes,count=0
info|2025-12-12 19:20:49.202230|ioService-0x00007542a81ff640|[P2PService][Service][METRIC]heartBeat,connected count=3
info|2025-12-12 19:20:58.154623|objMonitor-0x00007542835ff640|[startMonitor][AliveObjectMonitor],AliveObjectAllocStat=[ type: bcos::gateway::Socket ,created: 9 ,destroyed: 5 ,alive: 4 ] 
info|2025-12-12 19:20:58.813743|timerFactory-0x00007542959ff640|[RPC][WS][SERVICE]connected nodes,count=0
info|2025-12-12 19:20:59.202291|ioService-0x00007542a81ff640|[P2PService][Service][METRIC]heartBeat,connected count=3
info|2025-12-12 19:21:08.813763|timerFactory-0x00007542959ff640|[RPC][WS][SERVICE]connected nodes,count=0
info|2025-12-12 19:21:09.202363|ioService-0x00007542a81ff640|[P2PService][Service][METRIC]heartBeat,connected count=3
info|2025-12-12 19:21:18.813783|timerFactory-0x00007542959ff640|[RPC][WS][SERVICE]connected nodes,count=0
info|2025-12-12 19:21:19.202480|ioService-0x00007542a81ff640|[P2PService][Service][METRIC]heartBeat,connected count=3
info|2025-12-12 19:21:28.813818|timerFactory-0x00007542959ff640|[RPC][WS][SERVICE]connected nodes,count=0
info|2025-12-12 19:21:29.202576|ioService-0x00007542a81ff640|[P2PService][Service][METRIC]heartBeat,connected count=3
info|2025-12-12 19:21:38.813840|timerFactory-0x00007542959ff640|[RPC][WS][SERVICE]connected nodes,count=0
info|2025-12-12 19:21:39.202702|ioService-0x00007542a81ff640|[P2PService][Service][METRIC]heartBeat,connected count=3
info|2025-12-12 19:21:48.813894|timerFactory-0x00007542959ff640|[RPC][WS][SERVICE]connected nodes,count=0
info|2025-12-12 19:21:49.202735|ioService-0x00007542a81ff640|[P2PService][Service][METRIC]heartBeat,connected count=3
info|2025-12-12 19:21:58.154667|objMonitor-0x00007542835ff640|[startMonitor][AliveObjectMonitor],AliveObjectAllocStat=[ type: bcos::gateway::Socket ,created: 9 ,destroyed: 5 ,alive: 4 ] 
info|2025-12-12 19:21:58.813970|timerFactory-0x00007542959ff640|[RPC][WS][SERVICE]connected nodes,count=0
info|2025-12-12 19:21:59.202806|ioService-0x00007542a81ff640|[P2PService][Service][METRIC]heartBeat,connected count=3
info|2025-12-12 19:22:08.814056|timerFactory-0x00007542959ff640|[RPC][WS][SERVICE]connected nodes,count=0
info|2025-12-12 19:22:09.202866|ioService-0x00007542a81ff640|[P2PService][Service][METRIC]heartBeat,connected count=3
info|2025-12-12 19:22:18.814077|timerFactory-0x00007542959ff640|[RPC][WS][SERVICE]connected nodes,count=0
info|2025-12-12 19:22:19.202919|ioService-0x00007542a81ff640|[P2PService][Service][METRIC]heartBeat,connected count=3
info|2025-12-12 19:22:28.814176|timerFactory-0x00007542959ff640|[RPC][WS][SERVICE]connected nodes,count=0
info|2025-12-12 19:22:29.203009|ioService-0x00007542a81ff640|[P2PService][Service][METRIC]heartBeat,connected count=3
info|2025-12-12 19:22:38.814199|timerFactory-0x00007542959ff640|[RPC][WS][SERVICE]connected nodes,count=0
info|2025-12-12 19:22:39.203036|ioService-0x00007542a81ff640|[P2PService][Service][METRIC]heartBeat,connected count=3
info|2025-12-12 19:22:48.814341|timerFactory-0x00007542959ff640|[RPC][WS][SERVICE]connected nodes,count=0
info|2025-12-12 19:22:49.203056|ioService-0x00007542a81ff640|[P2PService][Service][METRIC]heartBeat,connected count=3
info|2025-12-12 19:22:58.154715|objMonitor-0x00007542835ff640|[startMonitor][AliveObjectMonitor],AliveObjectAllocStat=[ type: bcos::gateway::Socket ,created: 9 ,destroyed: 5 ,alive: 4 ] 
info|2025-12-12 19:22:58.814366|timerFactory-0x00007542959ff640|[RPC][WS][SERVICE]connected nodes,count=0
info|2025-12-12 19:22:59.203144|ioService-0x00007542a81ff640|[P2PService][Service][METRIC]heartBeat,connected count=3
info|2025-12-12 19:23:08.814386|timerFactory-0x00007542959ff640|[RPC][WS][SERVICE]connected nodes,count=0
info|2025-12-12 19:23:09.203205|ioService-0x00007542a81ff640|[P2PService][Service][METRIC]heartBeat,connected count=3
info|2025-12-12 19:23:18.814406|timerFactory-0x00007542959ff640|[RPC][WS][SERVICE]connected nodes,count=0
info|2025-12-12 19:23:19.203230|ioService-0x00007542a81ff640|[P2PService][Service][METRIC]heartBeat,connected count=3
info|2025-12-12 19:23:28.814427|timerFactory-0x00007542959ff640|[RPC][WS][SERVICE]connected nodes,count=0
info|2025-12-12 19:23:29.203252|ioService-0x00007542a81ff640|[P2PService][Service][METRIC]heartBeat,connected count=3
info|2025-12-12 19:23:38.814454|timerFactory-0x00007542959ff640|[RPC][WS][SERVICE]connected nodes,count=0
info|2025-12-12 19:23:39.203302|ioService-0x00007542a81ff640|[P2PService][Service][METRIC]heartBeat,connected count=3
info|2025-12-12 19:23:48.814476|timerFactory-0x00007542959ff640|[RPC][WS][SERVICE]connected nodes,count=0
info|2025-12-12 19:23:49.203384|ioService-0x00007542a81ff640|[P2PService][Service][METRIC]heartBeat,connected count=3
info|2025-12-12 19:23:58.154787|objMonitor-0x00007542835ff640|[startMonitor][AliveObjectMonitor],AliveObjectAllocStat=[ type: bcos::gateway::Socket ,created: 9 ,destroyed: 5 ,alive: 4 ] 
info|2025-12-12 19:23:58.814503|timerFactory-0x00007542959ff640|[RPC][WS][SERVICE]connected nodes,count=0
info|2025-12-12 19:23:59.203408|ioService-0x00007542a81ff640|[P2PService][Service][METRIC]heartBeat,connected count=3
info|2025-12-12 19:24:08.814529|timerFactory-0x00007542959ff640|[RPC][WS][SERVICE]connected nodes,count=0
info|2025-12-12 19:24:09.203432|ioService-0x00007542a81ff640|[P2PService][Service][METRIC]heartBeat,connected count=3
info|2025-12-12 19:24:18.814606|timerFactory-0x00007542959ff640|[RPC][WS][SERVICE]connected nodes,count=0
info|2025-12-12 19:24:19.203529|ioService-0x00007542a81ff640|[P2PService][Service][METRIC]heartBeat,connected count=3
info|2025-12-12 19:24:28.814676|timerFactory-0x00007542959ff640|[RPC][WS][SERVICE]connected nodes,count=0
info|2025-12-12 19:24:29.203550|ioService-0x00007542a81ff640|[P2PService][Service][METRIC]heartBeat,connected count=3
info|2025-12-12 19:24:38.814702|timerFactory-0x00007542959ff640|[RPC][WS][SERVICE]connected nodes,count=0
info|2025-12-12 19:24:39.203680|ioService-0x00007542a81ff640|[P2PService][Service][METRIC]heartBeat,connected count=3
info|2025-12-12 19:24:48.814760|timerFactory-0x00007542959ff640|[RPC][WS][SERVICE]connected nodes,count=0
info|2025-12-12 19:24:49.203768|ioService-0x00007542a81ff640|[P2PService][Service][METRIC]heartBeat,connected count=3
info|2025-12-12 19:24:58.154888|objMonitor-0x00007542835ff640|[startMonitor][AliveObjectMonitor],AliveObjectAllocStat=[ type: bcos::gateway::Socket ,created: 9 ,destroyed: 5 ,alive: 4 ] 
info|2025-12-12 19:24:58.814823|timerFactory-0x00007542959ff640|[RPC][WS][SERVICE]connected nodes,count=0
info|2025-12-12 19:24:59.203820|ioService-0x00007542a81ff640|[P2PService][Service][METRIC]heartBeat,connected count=3
info|2025-12-12 19:25:08.814887|timerFactory-0x00007542959ff640|[RPC][WS][SERVICE]connected nodes,count=0
info|2025-12-12 19:25:09.203871|ioService-0x00007542a81ff640|[P2PService][Service][METRIC]heartBeat,connected count=3
info|2025-12-12 19:25:18.814989|timerFactory-0x00007542959ff640|[RPC][WS][SERVICE]connected nodes,count=0
info|2025-12-12 19:25:19.203930|ioService-0x00007542a81ff640|[P2PService][Service][METRIC]heartBeat,connected count=3
info|2025-12-12 19:25:28.815062|timerFactory-0x00007542959ff640|[RPC][WS][SERVICE]connected nodes,count=0
info|2025-12-12 19:25:29.203950|ioService-0x00007542a81ff640|[P2PService][Service][METRIC]heartBeat,connected count=3
info|2025-12-12 19:25:38.815160|timerFactory-0x00007542959ff640|[RPC][WS][SERVICE]connected nodes,count=0
info|2025-12-12 19:25:39.204011|ioService-0x00007542a81ff640|[P2PService][Service][METRIC]heartBeat,connected count=3
info|2025-12-12 19:25:48.815248|timerFactory-0x00007542959ff640|[RPC][WS][SERVICE]connected nodes,count=0
info|2025-12-12 19:25:49.204037|ioService-0x00007542a81ff640|[P2PService][Service][METRIC]heartBeat,connected count=3
info|2025-12-12 19:25:58.155026|objMonitor-0x00007542835ff640|[startMonitor][AliveObjectMonitor],AliveObjectAllocStat=[ type: bcos::gateway::Socket ,created: 9 ,destroyed: 5 ,alive: 4 ] [ type: bcos::gateway::ResponseCallback ,created: 2747120 ,destroyed: 2747115 ,alive: 5 ] 
info|2025-12-12 19:25:58.815304|timerFactory-0x00007542959ff640|[RPC][WS][SERVICE]connected nodes,count=0
info|2025-12-12 19:25:59.204171|ioService-0x00007542a81ff640|[P2PService][Service][METRIC]heartBeat,connected count=3
info|2025-12-12 19:26:08.815332|timerFactory-0x00007542959ff640|[RPC][WS][SERVICE]connected nodes,count=0
info|2025-12-12 19:26:09.204239|ioService-0x00007542a81ff640|[P2PService][Service][METRIC]heartBeat,connected count=3
info|2025-12-12 19:26:18.815357|timerFactory-0x00007542959ff640|[RPC][WS][SERVICE]connected nodes,count=0
info|2025-12-12 19:26:19.204278|ioService-0x00007542a81ff640|[P2PService][Service][METRIC]heartBeat,connected count=3
info|2025-12-12 19:26:28.815381|timerFactory-0x00007542959ff640|[RPC][WS][SERVICE]connected nodes,count=0
info|2025-12-12 19:26:29.204302|ioService-0x00007542a81ff640|[P2PService][Service][METRIC]heartBeat,connected count=3
info|2025-12-12 19:26:38.815452|timerFactory-0x00007542959ff640|[RPC][WS][SERVICE]connected nodes,count=0
info|2025-12-12 19:26:39.204373|ioService-0x00007542a81ff640|[P2PService][Service][METRIC]heartBeat,connected count=3
info|2025-12-12 19:26:48.815475|timerFactory-0x00007542959ff640|[RPC][WS][SERVICE]connected nodes,count=0
info|2025-12-12 19:26:49.204393|ioService-0x00007542a81ff640|[P2PService][Service][METRIC]heartBeat,connected count=3
info|2025-12-12 19:26:58.155069|objMonitor-0x00007542835ff640|[startMonitor][AliveObjectMonitor],AliveObjectAllocStat=[ type: bcos::gateway::Socket ,created: 9 ,destroyed: 5 ,alive: 4 ] 
info|2025-12-12 19:26:58.815498|timerFactory-0x00007542959ff640|[RPC][WS][SERVICE]connected nodes,count=0
info|2025-12-12 19:26:59.204414|ioService-0x00007542a81ff640|[P2PService][Service][METRIC]heartBeat,connected count=3
info|2025-12-12 19:27:08.815518|timerFactory-0x00007542959ff640|[RPC][WS][SERVICE]connected nodes,count=0
info|2025-12-12 19:27:09.204437|ioService-0x00007542a81ff640|[P2PService][Service][METRIC]heartBeat,connected count=3
info|2025-12-12 19:27:18.815560|timerFactory-0x00007542959ff640|[RPC][WS][SERVICE]connected nodes,count=0
info|2025-12-12 19:27:19.204495|ioService-0x00007542a81ff640|[P2PService][Service][METRIC]heartBeat,connected count=3
info|2025-12-12 19:27:28.815606|timerFactory-0x00007542959ff640|[RPC][WS][SERVICE]connected nodes,count=0
info|2025-12-12 19:27:29.204554|ioService-0x00007542a81ff640|[P2PService][Service][METRIC]heartBeat,connected count=3
info|2025-12-12 19:27:38.815663|timerFactory-0x00007542959ff640|[RPC][WS][SERVICE]connected nodes,count=0
info|2025-12-12 19:27:39.204582|ioService-0x00007542a81ff640|[P2PService][Service][METRIC]heartBeat,connected count=3
info|2025-12-12 19:27:48.815686|timerFactory-0x00007542959ff640|[RPC][WS][SERVICE]connected nodes,count=0
info|2025-12-12 19:27:49.204603|ioService-0x00007542a81ff640|[P2PService][Service][METRIC]heartBeat,connected count=3
info|2025-12-12 19:27:58.155254|objMonitor-0x00007542835ff640|[startMonitor][AliveObjectMonitor],AliveObjectAllocStat=[ type: bcos::gateway::Socket ,created: 9 ,destroyed: 5 ,alive: 4 ] 
info|2025-12-12 19:27:58.815711|timerFactory-0x00007542959ff640|[RPC][WS][SERVICE]connected nodes,count=0
info|2025-12-12 19:27:59.204723|ioService-0x00007542a81ff640|[P2PService][Service][METRIC]heartBeat,connected count=3
info|2025-12-12 19:28:08.815740|timerFactory-0x00007542959ff640|[RPC][WS][SERVICE]connected nodes,count=0
info|2025-12-12 19:28:09.204785|ioService-0x00007542a81ff640|[P2PService][Service][METRIC]heartBeat,connected count=3
info|2025-12-12 19:28:18.815770|timerFactory-0x00007542959ff640|[RPC][WS][SERVICE]connected nodes,count=0
info|2025-12-12 19:28:19.204842|ioService-0x00007542a81ff640|[P2PService][Service][METRIC]heartBeat,connected count=3
info|2025-12-12 19:28:28.815838|timerFactory-0x00007542959ff640|[RPC][WS][SERVICE]connected nodes,count=0
info|2025-12-12 19:28:29.204972|ioService-0x00007542a81ff640|[P2PService][Service][METRIC]heartBeat,connected count=3
info|2025-12-12 19:28:38.816053|timerFactory-0x00007542959ff640|[RPC][WS][SERVICE]connected nodes,count=0
info|2025-12-12 19:28:39.205035|ioService-0x00007542a81ff640|[P2PService][Service][METRIC]heartBeat,connected count=3
info|2025-12-12 19:28:48.816077|timerFactory-0x00007542959ff640|[RPC][WS][SERVICE]connected nodes,count=0
info|2025-12-12 19:28:49.205231|ioService-0x00007542a81ff640|[P2PService][Service][METRIC]heartBeat,connected count=3
info|2025-12-12 19:28:58.155291|objMonitor-0x00007542835ff640|[startMonitor][AliveObjectMonitor],AliveObjectAllocStat=[ type: bcos::gateway::Socket ,created: 9 ,destroyed: 5 ,alive: 4 ] 
info|2025-12-12 19:28:58.816116|timerFactory-0x00007542959ff640|[RPC][WS][SERVICE]connected nodes,count=0
info|2025-12-12 19:28:59.205304|ioService-0x00007542a81ff640|[P2PService][Service][METRIC]heartBeat,connected count=3
info|2025-12-12 19:29:08.816139|timerFactory-0x00007542959ff640|[RPC][WS][SERVICE]connected nodes,count=0
info|2025-12-12 19:29:09.205368|ioService-0x00007542a81ff640|[P2PService][Service][METRIC]heartBeat,connected count=3
info|2025-12-12 19:29:18.816198|timerFactory-0x00007542959ff640|[RPC][WS][SERVICE]connected nodes,count=0
info|2025-12-12 19:29:19.205507|ioService-0x00007542a81ff640|[P2PService][Service][METRIC]heartBeat,connected count=3
info|2025-12-12 19:29:28.816288|timerFactory-0x00007542959ff640|[RPC][WS][SERVICE]connected nodes,count=0
info|2025-12-12 19:29:29.205588|ioService-0x00007542a81ff640|[P2PService][Service][METRIC]heartBeat,connected count=3
info|2025-12-12 19:29:38.816347|timerFactory-0x00007542959ff640|[RPC][WS][SERVICE]connected nodes,count=0
info|2025-12-12 19:29:39.205734|ioService-0x00007542a81ff640|[P2PService][Service][METRIC]heartBeat,connected count=3
info|2025-12-12 19:29:48.816371|timerFactory-0x00007542959ff640|[RPC][WS][SERVICE]connected nodes,count=0
info|2025-12-12 19:29:49.205811|ioService-0x00007542a81ff640|[P2PService][Service][METRIC]heartBeat,connected count=3
info|2025-12-12 19:29:58.155379|objMonitor-0x00007542835ff640|[startMonitor][AliveObjectMonitor],AliveObjectAllocStat=[ type: bcos::gateway::Socket ,created: 9 ,destroyed: 5 ,alive: 4 ] [ type: bcos::gateway::ResponseCallback ,created: 2750717 ,destroyed: 2750712 ,alive: 5 ] 
info|2025-12-12 19:29:58.816394|timerFactory-0x00007542959ff640|[RPC][WS][SERVICE]connected nodes,count=0
info|2025-12-12 19:29:59.205869|ioService-0x00007542a81ff640|[P2PService][Service][METRIC]heartBeat,connected count=3
info|2025-12-12 19:30:08.816421|timerFactory-0x00007542959ff640|[RPC][WS][SERVICE]connected nodes,count=0
info|2025-12-12 19:30:09.205952|ioService-0x00007542a81ff640|[P2PService][Service][METRIC]heartBeat,connected count=3
info|2025-12-12 19:30:18.816447|timerFactory-0x00007542959ff640|[RPC][WS][SERVICE]connected nodes,count=0
info|2025-12-12 19:30:19.205974|ioService-0x00007542a81ff640|[P2PService][Service][METRIC]heartBeat,connected count=3
info|2025-12-12 19:30:28.816501|timerFactory-0x00007542959ff640|[RPC][WS][SERVICE]connected nodes,count=0
info|2025-12-12 19:30:29.206026|ioService-0x00007542a81ff640|[P2PService][Service][METRIC]heartBeat,connected count=3
info|2025-12-12 19:30:38.816559|timerFactory-0x00007542959ff640|[RPC][WS][SERVICE]connected nodes,count=0
info|2025-12-12 19:30:39.206076|ioService-0x00007542a81ff640|[P2PService][Service][METRIC]heartBeat,connected count=3
info|2025-12-12 19:30:48.816620|timerFactory-0x00007542959ff640|[RPC][WS][SERVICE]connected nodes,count=0
info|2025-12-12 19:30:49.206138|ioService-0x00007542a81ff640|[P2PService][Service][METRIC]heartBeat,connected count=3
info|2025-12-12 19:30:58.155422|objMonitor-0x00007542835ff640|[startMonitor][AliveObjectMonitor],AliveObjectAllocStat=[ type: bcos::gateway::Socket ,created: 9 ,destroyed: 5 ,alive: 4 ] 
info|2025-12-12 19:30:58.816686|timerFactory-0x00007542959ff640|[RPC][WS][SERVICE]connected nodes,count=0
info|2025-12-12 19:30:59.206156|ioService-0x00007542a81ff640|[P2PService][Service][METRIC]heartBeat,connected count=3
info|2025-12-12 19:31:08.816711|timerFactory-0x00007542959ff640|[RPC][WS][SERVICE]connected nodes,count=0
info|2025-12-12 19:31:09.206174|ioService-0x00007542a81ff640|[P2PService][Service][METRIC]heartBeat,connected count=3
info|2025-12-12 19:31:18.816734|timerFactory-0x00007542959ff640|[RPC][WS][SERVICE]connected nodes,count=0
info|2025-12-12 19:31:19.206234|ioService-0x00007542a81ff640|[P2PService][Service][METRIC]heartBeat,connected count=3
info|2025-12-12 19:31:28.816758|timerFactory-0x00007542959ff640|[RPC][WS][SERVICE]connected nodes,count=0
info|2025-12-12 19:31:29.206290|ioService-0x00007542a81ff640|[P2PService][Service][METRIC]heartBeat,connected count=3
info|2025-12-12 19:31:38.816828|timerFactory-0x00007542959ff640|[RPC][WS][SERVICE]connected nodes,count=0
info|2025-12-12 19:31:39.206360|ioService-0x00007542a81ff640|[P2PService][Service][METRIC]heartBeat,connected count=3
info|2025-12-12 19:31:48.816900|timerFactory-0x00007542959ff640|[RPC][WS][SERVICE]connected nodes,count=0
info|2025-12-12 19:31:49.206434|ioService-0x00007542a81ff640|[P2PService][Service][METRIC]heartBeat,connected count=3
info|2025-12-12 19:31:58.155502|objMonitor-0x00007542835ff640|[startMonitor][AliveObjectMonitor],AliveObjectAllocStat=[ type: bcos::gateway::Socket ,created: 9 ,destroyed: 5 ,alive: 4 ] 
info|2025-12-12 19:31:58.816970|timerFactory-0x00007542959ff640|[RPC][WS][SERVICE]connected nodes,count=0
info|2025-12-12 19:31:59.206464|ioService-0x00007542a81ff640|[P2PService][Service][METRIC]heartBeat,connected count=3
info|2025-12-12 19:32:08.816993|timerFactory-0x00007542959ff640|[RPC][WS][SERVICE]connected nodes,count=0
info|2025-12-12 19:32:09.206489|ioService-0x00007542a81ff640|[P2PService][Service][METRIC]heartBeat,connected count=3
info|2025-12-12 19:32:18.817022|timerFactory-0x00007542959ff640|[RPC][WS][SERVICE]connected nodes,count=0
info|2025-12-12 19:32:19.206554|ioService-0x00007542a81ff640|[P2PService][Service][METRIC]heartBeat,connected count=3
info|2025-12-12 19:32:28.817096|timerFactory-0x00007542959ff640|[RPC][WS][SERVICE]connected nodes,count=0
info|2025-12-12 19:32:29.206643|ioService-0x00007542a81ff640|[P2PService][Service][METRIC]heartBeat,connected count=3
info|2025-12-12 19:32:38.817210|timerFactory-0x00007542959ff640|[RPC][WS][SERVICE]connected nodes,count=0
info|2025-12-12 19:32:39.206754|ioService-0x00007542a81ff640|[P2PService][Service][METRIC]heartBeat,connected count=3
info|2025-12-12 19:32:48.817233|timerFactory-0x00007542959ff640|[RPC][WS][SERVICE]connected nodes,count=0
info|2025-12-12 19:32:49.206892|ioService-0x00007542a81ff640|[P2PService][Service][METRIC]heartBeat,connected count=3
info|2025-12-12 19:32:58.155683|objMonitor-0x00007542835ff640|[startMonitor][AliveObjectMonitor],AliveObjectAllocStat=[ type: bcos::gateway::Socket ,created: 9 ,destroyed: 5 ,alive: 4 ] 
info|2025-12-12 19:32:58.817310|timerFactory-0x00007542959ff640|[RPC][WS][SERVICE]connected nodes,count=0
info|2025-12-12 19:32:59.206956|ioService-0x00007542a81ff640|[P2PService][Service][METRIC]heartBeat,connected count=3
info|2025-12-12 19:33:08.817335|timerFactory-0x00007542959ff640|[RPC][WS][SERVICE]connected nodes,count=0
info|2025-12-12 19:33:09.207057|ioService-0x00007542a81ff640|[P2PService][Service][METRIC]heartBeat,connected count=3
info|2025-12-12 19:33:18.817397|timerFactory-0x00007542959ff640|[RPC][WS][SERVICE]connected nodes,count=0
info|2025-12-12 19:33:19.207139|ioService-0x00007542a81ff640|[P2PService][Service][METRIC]heartBeat,connected count=3
info|2025-12-12 19:33:28.817459|timerFactory-0x00007542959ff640|[RPC][WS][SERVICE]connected nodes,count=0
info|2025-12-12 19:33:29.207171|ioService-0x00007542a81ff640|[P2PService][Service][METRIC]heartBeat,connected count=3
info|2025-12-12 19:33:38.817485|timerFactory-0x00007542959ff640|[RPC][WS][SERVICE]connected nodes,count=0
info|2025-12-12 19:33:39.207244|ioService-0x00007542a81ff640|[P2PService][Service][METRIC]heartBeat,connected count=3
info|2025-12-12 19:33:48.817594|timerFactory-0x00007542959ff640|[RPC][WS][SERVICE]connected nodes,count=0
info|2025-12-12 19:33:49.207262|ioService-0x00007542a81ff640|[P2PService][Service][METRIC]heartBeat,connected count=3
info|2025-12-12 19:33:58.155725|objMonitor-0x00007542835ff640|[startMonitor][AliveObjectMonitor],AliveObjectAllocStat=[ type: bcos::gateway::Socket ,created: 9 ,destroyed: 5 ,alive: 4 ] 
info|2025-12-12 19:33:58.817617|timerFactory-0x00007542959ff640|[RPC][WS][SERVICE]connected nodes,count=0
info|2025-12-12 19:33:59.207278|ioService-0x00007542a81ff640|[P2PService][Service][METRIC]heartBeat,connected count=3
info|2025-12-12 19:34:08.817638|timerFactory-0x00007542959ff640|[RPC][WS][SERVICE]connected nodes,count=0
info|2025-12-12 19:34:09.207302|ioService-0x00007542a81ff640|[P2PService][Service][METRIC]heartBeat,connected count=3
info|2025-12-12 19:34:18.817687|timerFactory-0x00007542959ff640|[RPC][WS][SERVICE]connected nodes,count=0
info|2025-12-12 19:34:19.207325|ioService-0x00007542a81ff640|[P2PService][Service][METRIC]heartBeat,connected count=3
info|2025-12-12 19:34:28.817741|timerFactory-0x00007542959ff640|[RPC][WS][SERVICE]connected nodes,count=0
info|2025-12-12 19:34:29.207349|ioService-0x00007542a81ff640|[P2PService][Service][METRIC]heartBeat,connected count=3
info|2025-12-12 19:34:38.817807|timerFactory-0x00007542959ff640|[RPC][WS][SERVICE]connected nodes,count=0
info|2025-12-12 19:34:39.207410|ioService-0x00007542a81ff640|[P2PService][Service][METRIC]heartBeat,connected count=3
info|2025-12-12 19:34:48.817899|timerFactory-0x00007542959ff640|[RPC][WS][SERVICE]connected nodes,count=0
info|2025-12-12 19:34:49.207490|ioService-0x00007542a81ff640|[P2PService][Service][METRIC]heartBeat,connected count=3
info|2025-12-12 19:34:58.155877|objMonitor-0x00007542835ff640|[startMonitor][AliveObjectMonitor],AliveObjectAllocStat=[ type: bcos::gateway::Socket ,created: 9 ,destroyed: 5 ,alive: 4 ] 
info|2025-12-12 19:34:58.817997|timerFactory-0x00007542959ff640|[RPC][WS][SERVICE]connected nodes,count=0
info|2025-12-12 19:34:59.207512|ioService-0x00007542a81ff640|[P2PService][Service][METRIC]heartBeat,connected count=3
info|2025-12-12 19:35:08.818073|timerFactory-0x00007542959ff640|[RPC][WS][SERVICE]connected nodes,count=0
info|2025-12-12 19:35:09.207575|ioService-0x00007542a81ff640|[P2PService][Service][METRIC]heartBeat,connected count=3
info|2025-12-12 19:35:18.818096|timerFactory-0x00007542959ff640|[RPC][WS][SERVICE]connected nodes,count=0
info|2025-12-12 19:35:19.207604|ioService-0x00007542a81ff640|[P2PService][Service][METRIC]heartBeat,connected count=3
info|2025-12-12 19:35:28.818168|timerFactory-0x00007542959ff640|[RPC][WS][SERVICE]connected nodes,count=0
info|2025-12-12 19:35:29.207659|ioService-0x00007542a81ff640|[P2PService][Service][METRIC]heartBeat,connected count=3
info|2025-12-12 19:35:38.818230|timerFactory-0x00007542959ff640|[RPC][WS][SERVICE]connected nodes,count=0
info|2025-12-12 19:35:39.207794|ioService-0x00007542a81ff640|[P2PService][Service][METRIC]heartBeat,connected count=3
info|2025-12-12 19:35:48.818254|timerFactory-0x00007542959ff640|[RPC][WS][SERVICE]connected nodes,count=0
info|2025-12-12 19:35:49.207869|ioService-0x00007542a81ff640|[P2PService][Service][METRIC]heartBeat,connected count=3
info|2025-12-12 19:35:58.156020|objMonitor-0x00007542835ff640|[startMonitor][AliveObjectMonitor],AliveObjectAllocStat=[ type: bcos::gateway::Socket ,created: 9 ,destroyed: 5 ,alive: 4 ] 
info|2025-12-12 19:35:58.818306|timerFactory-0x00007542959ff640|[RPC][WS][SERVICE]connected nodes,count=0
info|2025-12-12 19:35:59.208013|ioService-0x00007542a81ff640|[P2PService][Service][METRIC]heartBeat,connected count=3
info|2025-12-12 19:36:08.818343|timerFactory-0x00007542959ff640|[RPC][WS][SERVICE]connected nodes,count=0
info|2025-12-12 19:36:09.208083|ioService-0x00007542a81ff640|[P2PService][Service][METRIC]heartBeat,connected count=3
info|2025-12-12 19:36:18.818371|timerFactory-0x00007542959ff640|[RPC][WS][SERVICE]connected nodes,count=0
info|2025-12-12 19:36:19.208150|ioService-0x00007542a81ff640|[P2PService][Service][METRIC]heartBeat,connected count=3
info|2025-12-12 19:36:28.818400|timerFactory-0x00007542959ff640|[RPC][WS][SERVICE]connected nodes,count=0
info|2025-12-12 19:36:29.208214|ioService-0x00007542a81ff640|[P2PService][Service][METRIC]heartBeat,connected count=3
info|2025-12-12 19:36:38.818466|timerFactory-0x00007542959ff640|[RPC][WS][SERVICE]connected nodes,count=0
info|2025-12-12 19:36:39.208330|ioService-0x00007542a81ff640|[P2PService][Service][METRIC]heartBeat,connected count=3
info|2025-12-12 19:36:48.818574|timerFactory-0x00007542959ff640|[RPC][WS][SERVICE]connected nodes,count=0
info|2025-12-12 19:36:49.208398|ioService-0x00007542a81ff640|[P2PService][Service][METRIC]heartBeat,connected count=3
info|2025-12-12 19:36:58.156204|objMonitor-0x00007542835ff640|[startMonitor][AliveObjectMonitor],AliveObjectAllocStat=[ type: bcos::gateway::Socket ,created: 9 ,destroyed: 5 ,alive: 4 ] 
info|2025-12-12 19:36:58.818650|timerFactory-0x00007542959ff640|[RPC][WS][SERVICE]connected nodes,count=0
info|2025-12-12 19:36:59.208419|ioService-0x00007542a81ff640|[P2PService][Service][METRIC]heartBeat,connected count=3
info|2025-12-12 19:37:08.818673|timerFactory-0x00007542959ff640|[RPC][WS][SERVICE]connected nodes,count=0
info|2025-12-12 19:37:09.208481|ioService-0x00007542a81ff640|[P2PService][Service][METRIC]heartBeat,connected count=3
info|2025-12-12 19:37:18.818693|timerFactory-0x00007542959ff640|[RPC][WS][SERVICE]connected nodes,count=0
info|2025-12-12 19:37:19.208655|ioService-0x00007542a81ff640|[P2PService][Service][METRIC]heartBeat,connected count=3
info|2025-12-12 19:37:28.818750|timerFactory-0x00007542959ff640|[RPC][WS][SERVICE]connected nodes,count=0
info|2025-12-12 19:37:29.208709|ioService-0x00007542a81ff640|[P2PService][Service][METRIC]heartBeat,connected count=3
info|2025-12-12 19:37:38.818843|timerFactory-0x00007542959ff640|[RPC][WS][SERVICE]connected nodes,count=0
info|2025-12-12 19:37:39.208731|ioService-0x00007542a81ff640|[P2PService][Service][METRIC]heartBeat,connected count=3
info|2025-12-12 19:37:48.818902|timerFactory-0x00007542959ff640|[RPC][WS][SERVICE]connected nodes,count=0
info|2025-12-12 19:37:49.208759|ioService-0x00007542a81ff640|[P2PService][Service][METRIC]heartBeat,connected count=3
info|2025-12-12 19:37:58.156330|objMonitor-0x00007542835ff640|[startMonitor][AliveObjectMonitor],AliveObjectAllocStat=[ type: bcos::gateway::Socket ,created: 9 ,destroyed: 5 ,alive: 4 ] [ type: bcos::gateway::ResponseCallback ,created: 2757911 ,destroyed: 2757906 ,alive: 5 ] 
info|2025-12-12 19:37:58.818960|timerFactory-0x00007542959ff640|[RPC][WS][SERVICE]connected nodes,count=0
info|2025-12-12 19:37:59.208778|ioService-0x00007542a81ff640|[P2PService][Service][METRIC]heartBeat,connected count=3
info|2025-12-12 19:38:08.818983|timerFactory-0x00007542959ff640|[RPC][WS][SERVICE]connected nodes,count=0
info|2025-12-12 19:38:09.208903|ioService-0x00007542a81ff640|[P2PService][Service][METRIC]heartBeat,connected count=3
info|2025-12-12 19:38:18.819016|timerFactory-0x00007542959ff640|[RPC][WS][SERVICE]connected nodes,count=0
info|2025-12-12 19:38:19.208987|ioService-0x00007542a81ff640|[P2PService][Service][METRIC]heartBeat,connected count=3
info|2025-12-12 19:38:28.819043|timerFactory-0x00007542959ff640|[RPC][WS][SERVICE]connected nodes,count=0
info|2025-12-12 19:38:29.209101|ioService-0x00007542a81ff640|[P2PService][Service][METRIC]heartBeat,connected count=3
info|2025-12-12 19:38:38.819070|timerFactory-0x00007542959ff640|[RPC][WS][SERVICE]connected nodes,count=0
info|2025-12-12 19:38:39.209176|ioService-0x00007542a81ff640|[P2PService][Service][METRIC]heartBeat,connected count=3
info|2025-12-12 19:38:48.819202|timerFactory-0x00007542959ff640|[RPC][WS][SERVICE]connected nodes,count=0
info|2025-12-12 19:38:49.209225|ioService-0x00007542a81ff640|[P2PService][Service][METRIC]heartBeat,connected count=3
info|2025-12-12 19:38:58.156373|objMonitor-0x00007542835ff640|[startMonitor][AliveObjectMonitor],AliveObjectAllocStat=[ type: bcos::gateway::Socket ,created: 9 ,destroyed: 5 ,alive: 4 ] 
info|2025-12-12 19:38:58.819274|timerFactory-0x00007542959ff640|[RPC][WS][SERVICE]connected nodes,count=0
info|2025-12-12 19:38:59.209248|ioService-0x00007542a81ff640|[P2PService][Service][METRIC]heartBeat,connected count=3
info|2025-12-12 19:39:08.819299|timerFactory-0x00007542959ff640|[RPC][WS][SERVICE]connected nodes,count=0
info|2025-12-12 19:39:09.209311|ioService-0x00007542a81ff640|[P2PService][Service][METRIC]heartBeat,connected count=3
info|2025-12-12 19:39:18.819326|timerFactory-0x00007542959ff640|[RPC][WS][SERVICE]connected nodes,count=0
info|2025-12-12 19:39:19.209367|ioService-0x00007542a81ff640|[P2PService][Service][METRIC]heartBeat,connected count=3
info|2025-12-12 19:39:28.819348|timerFactory-0x00007542959ff640|[RPC][WS][SERVICE]connected nodes,count=0
info|2025-12-12 19:39:29.209451|ioService-0x00007542a81ff640|[P2PService][Service][METRIC]heartBeat,connected count=3
info|2025-12-12 19:39:38.819370|timerFactory-0x00007542959ff640|[RPC][WS][SERVICE]connected nodes,count=0
info|2025-12-12 19:39:39.209515|ioService-0x00007542a81ff640|[P2PService][Service][METRIC]heartBeat,connected count=3
info|2025-12-12 19:39:48.819396|timerFactory-0x00007542959ff640|[RPC][WS][SERVICE]connected nodes,count=0
info|2025-12-12 19:39:49.209543|ioService-0x00007542a81ff640|[P2PService][Service][METRIC]heartBeat,connected count=3
info|2025-12-12 19:39:58.156420|objMonitor-0x00007542835ff640|[startMonitor][AliveObjectMonitor],AliveObjectAllocStat=[ type: bcos::gateway::Socket ,created: 9 ,destroyed: 5 ,alive: 4 ] 
info|2025-12-12 19:39:58.819420|timerFactory-0x00007542959ff640|[RPC][WS][SERVICE]connected nodes,count=0
info|2025-12-12 19:39:59.209566|ioService-0x00007542a81ff640|[P2PService][Service][METRIC]heartBeat,connected count=3
info|2025-12-12 19:40:08.819444|timerFactory-0x00007542959ff640|[RPC][WS][SERVICE]connected nodes,count=0
info|2025-12-12 19:40:09.209632|ioService-0x00007542a81ff640|[P2PService][Service][METRIC]heartBeat,connected count=3
info|2025-12-12 19:40:18.819474|timerFactory-0x00007542959ff640|[RPC][WS][SERVICE]connected nodes,count=0
info|2025-12-12 19:40:19.209742|ioService-0x00007542a81ff640|[P2PService][Service][METRIC]heartBeat,connected count=3
info|2025-12-12 19:40:28.819541|timerFactory-0x00007542959ff640|[RPC][WS][SERVICE]connected nodes,count=0
info|2025-12-12 19:40:29.209791|ioService-0x00007542a81ff640|[P2PService][Service][METRIC]heartBeat,connected count=3
info|2025-12-12 19:40:38.819570|timerFactory-0x00007542959ff640|[RPC][WS][SERVICE]connected nodes,count=0
info|2025-12-12 19:40:39.209810|ioService-0x00007542a81ff640|[P2PService][Service][METRIC]heartBeat,connected count=3
info|2025-12-12 19:40:48.819594|timerFactory-0x00007542959ff640|[RPC][WS][SERVICE]connected nodes,count=0
info|2025-12-12 19:40:49.209933|ioService-0x00007542a81ff640|[P2PService][Service][METRIC]heartBeat,connected count=3
info|2025-12-12 19:40:58.156464|objMonitor-0x00007542835ff640|[startMonitor][AliveObjectMonitor],AliveObjectAllocStat=[ type: bcos::gateway::Socket ,created: 9 ,destroyed: 5 ,alive: 4 ] 
info|2025-12-12 19:40:58.819617|timerFactory-0x00007542959ff640|[RPC][WS][SERVICE]connected nodes,count=0
info|2025-12-12 19:40:59.209967|ioService-0x00007542a81ff640|[P2PService][Service][METRIC]heartBeat,connected count=3
info|2025-12-12 19:41:08.819641|timerFactory-0x00007542959ff640|[RPC][WS][SERVICE]connected nodes,count=0
info|2025-12-12 19:41:09.210079|ioService-0x00007542a81ff640|[P2PService][Service][METRIC]heartBeat,connected count=3
info|2025-12-12 19:41:18.819666|timerFactory-0x00007542959ff640|[RPC][WS][SERVICE]connected nodes,count=0
info|2025-12-12 19:41:19.210132|ioService-0x00007542a81ff640|[P2PService][Service][METRIC]heartBeat,connected count=3
info|2025-12-12 19:41:28.819691|timerFactory-0x00007542959ff640|[RPC][WS][SERVICE]connected nodes,count=0
info|2025-12-12 19:41:29.210154|ioService-0x00007542a81ff640|[P2PService][Service][METRIC]heartBeat,connected count=3
info|2025-12-12 19:41:38.819748|timerFactory-0x00007542959ff640|[RPC][WS][SERVICE]connected nodes,count=0
info|2025-12-12 19:41:39.210196|ioService-0x00007542a81ff640|[P2PService][Service][METRIC]heartBeat,connected count=3
info|2025-12-12 19:41:48.819807|timerFactory-0x00007542959ff640|[RPC][WS][SERVICE]connected nodes,count=0
info|2025-12-12 19:41:49.210252|ioService-0x00007542a81ff640|[P2PService][Service][METRIC]heartBeat,connected count=3
info|2025-12-12 19:41:58.156508|objMonitor-0x00007542835ff640|[startMonitor][AliveObjectMonitor],AliveObjectAllocStat=[ type: bcos::gateway::Socket ,created: 9 ,destroyed: 5 ,alive: 4 ] [ type: bcos::gateway::ResponseCallback ,created: 2761508 ,destroyed: 2761504 ,alive: 4 ] 
info|2025-12-12 19:41:58.819833|timerFactory-0x00007542959ff640|[RPC][WS][SERVICE]connected nodes,count=0
info|2025-12-12 19:41:59.210272|ioService-0x00007542a81ff640|[P2PService][Service][METRIC]heartBeat,connected count=3
info|2025-12-12 19:42:08.819857|timerFactory-0x00007542959ff640|[RPC][WS][SERVICE]connected nodes,count=0
info|2025-12-12 19:42:09.210319|ioService-0x00007542a81ff640|[P2PService][Service][METRIC]heartBeat,connected count=3
info|2025-12-12 19:42:18.819878|timerFactory-0x00007542959ff640|[RPC][WS][SERVICE]connected nodes,count=0
info|2025-12-12 19:42:19.210442|ioService-0x00007542a81ff640|[P2PService][Service][METRIC]heartBeat,connected count=3
info|2025-12-12 19:42:28.819931|timerFactory-0x00007542959ff640|[RPC][WS][SERVICE]connected nodes,count=0
info|2025-12-12 19:42:29.210531|ioService-0x00007542a81ff640|[P2PService][Service][METRIC]heartBeat,connected count=3
info|2025-12-12 19:42:38.820026|timerFactory-0x00007542959ff640|[RPC][WS][SERVICE]connected nodes,count=0
info|2025-12-12 19:42:39.210554|ioService-0x00007542a81ff640|[P2PService][Service][METRIC]heartBeat,connected count=3
info|2025-12-12 19:42:48.820129|timerFactory-0x00007542959ff640|[RPC][WS][SERVICE]connected nodes,count=0
info|2025-12-12 19:42:49.210610|ioService-0x00007542a81ff640|[P2PService][Service][METRIC]heartBeat,connected count=3
info|2025-12-12 19:42:58.156556|objMonitor-0x00007542835ff640|[startMonitor][AliveObjectMonitor],AliveObjectAllocStat=[ type: bcos::gateway::Socket ,created: 9 ,destroyed: 5 ,alive: 4 ] 
info|2025-12-12 19:42:58.820208|timerFactory-0x00007542959ff640|[RPC][WS][SERVICE]connected nodes,count=0
info|2025-12-12 19:42:59.210696|ioService-0x00007542a81ff640|[P2PService][Service][METRIC]heartBeat,connected count=3
info|2025-12-12 19:43:08.820277|timerFactory-0x00007542959ff640|[RPC][WS][SERVICE]connected nodes,count=0
info|2025-12-12 19:43:09.210822|ioService-0x00007542a81ff640|[P2PService][Service][METRIC]heartBeat,connected count=3
info|2025-12-12 19:43:18.820300|timerFactory-0x00007542959ff640|[RPC][WS][SERVICE]connected nodes,count=0
info|2025-12-12 19:43:19.210883|ioService-0x00007542a81ff640|[P2PService][Service][METRIC]heartBeat,connected count=3
info|2025-12-12 19:43:28.820326|timerFactory-0x00007542959ff640|[RPC][WS][SERVICE]connected nodes,count=0
info|2025-12-12 19:43:29.210901|ioService-0x00007542a81ff640|[P2PService][Service][METRIC]heartBeat,connected count=3
info|2025-12-12 19:43:38.820352|timerFactory-0x00007542959ff640|[RPC][WS][SERVICE]connected nodes,count=0
info|2025-12-12 19:43:39.210961|ioService-0x00007542a81ff640|[P2PService][Service][METRIC]heartBeat,connected count=3
info|2025-12-12 19:43:48.820374|timerFactory-0x00007542959ff640|[RPC][WS][SERVICE]connected nodes,count=0
info|2025-12-12 19:43:49.211040|ioService-0x00007542a81ff640|[P2PService][Service][METRIC]heartBeat,connected count=3
info|2025-12-12 19:43:58.156650|objMonitor-0x00007542835ff640|[startMonitor][AliveObjectMonitor],AliveObjectAllocStat=[ type: bcos::gateway::Socket ,created: 9 ,destroyed: 5 ,alive: 4 ] 
info|2025-12-12 19:43:58.820398|timerFactory-0x00007542959ff640|[RPC][WS][SERVICE]connected nodes,count=0
info|2025-12-12 19:43:59.211142|ioService-0x00007542a81ff640|[P2PService][Service][METRIC]heartBeat,connected count=3
info|2025-12-12 19:44:08.820425|timerFactory-0x00007542959ff640|[RPC][WS][SERVICE]connected nodes,count=0
info|2025-12-12 19:44:09.211206|ioService-0x00007542a81ff640|[P2PService][Service][METRIC]heartBeat,connected count=3
info|2025-12-12 19:44:18.820455|timerFactory-0x00007542959ff640|[RPC][WS][SERVICE]connected nodes,count=0
info|2025-12-12 19:44:19.211230|ioService-0x00007542a81ff640|[P2PService][Service][METRIC]heartBeat,connected count=3
info|2025-12-12 19:44:28.820480|timerFactory-0x00007542959ff640|[RPC][WS][SERVICE]connected nodes,count=0
info|2025-12-12 19:44:29.211249|ioService-0x00007542a81ff640|[P2PService][Service][METRIC]heartBeat,connected count=3
info|2025-12-12 19:44:38.820503|timerFactory-0x00007542959ff640|[RPC][WS][SERVICE]connected nodes,count=0
info|2025-12-12 19:44:39.211272|ioService-0x00007542a81ff640|[P2PService][Service][METRIC]heartBeat,connected count=3
info|2025-12-12 19:44:48.820534|timerFactory-0x00007542959ff640|[RPC][WS][SERVICE]connected nodes,count=0
info|2025-12-12 19:44:49.211345|ioService-0x00007542a81ff640|[P2PService][Service][METRIC]heartBeat,connected count=3
info|2025-12-12 19:44:58.156759|objMonitor-0x00007542835ff640|[startMonitor][AliveObjectMonitor],AliveObjectAllocStat=[ type: bcos::gateway::Socket ,created: 9 ,destroyed: 5 ,alive: 4 ] 
info|2025-12-12 19:44:58.820592|timerFactory-0x00007542959ff640|[RPC][WS][SERVICE]connected nodes,count=0
info|2025-12-12 19:44:59.211366|ioService-0x00007542a81ff640|[P2PService][Service][METRIC]heartBeat,connected count=3
info|2025-12-12 19:45:08.820617|timerFactory-0x00007542959ff640|[RPC][WS][SERVICE]connected nodes,count=0
info|2025-12-12 19:45:09.211389|ioService-0x00007542a81ff640|[P2PService][Service][METRIC]heartBeat,connected count=3
info|2025-12-12 19:45:18.820644|timerFactory-0x00007542959ff640|[RPC][WS][SERVICE]connected nodes,count=0
info|2025-12-12 19:45:19.211412|ioService-0x00007542a81ff640|[P2PService][Service][METRIC]heartBeat,connected count=3
info|2025-12-12 19:45:28.820702|timerFactory-0x00007542959ff640|[RPC][WS][SERVICE]connected nodes,count=0
info|2025-12-12 19:45:29.211432|ioService-0x00007542a81ff640|[P2PService][Service][METRIC]heartBeat,connected count=3
info|2025-12-12 19:45:38.820793|timerFactory-0x00007542959ff640|[RPC][WS][SERVICE]connected nodes,count=0
info|2025-12-12 19:45:39.211564|ioService-0x00007542a81ff640|[P2PService][Service][METRIC]heartBeat,connected count=3
info|2025-12-12 19:45:48.820862|timerFactory-0x00007542959ff640|[RPC][WS][SERVICE]connected nodes,count=0
info|2025-12-12 19:45:49.211701|ioService-0x00007542a81ff640|[P2PService][Service][METRIC]heartBeat,connected count=3
info|2025-12-12 19:45:58.156806|objMonitor-0x00007542835ff640|[startMonitor][AliveObjectMonitor],AliveObjectAllocStat=[ type: bcos::gateway::Socket ,created: 9 ,destroyed: 5 ,alive: 4 ] [ type: bcos::gateway::ResponseCallback ,created: 2765105 ,destroyed: 2765101 ,alive: 4 ] 
info|2025-12-12 19:45:58.820882|timerFactory-0x00007542959ff640|[RPC][WS][SERVICE]connected nodes,count=0
info|2025-12-12 19:45:59.211739|ioService-0x00007542a81ff640|[P2PService][Service][METRIC]heartBeat,connected count=3
info|2025-12-12 19:46:08.820938|timerFactory-0x00007542959ff640|[RPC][WS][SERVICE]connected nodes,count=0
info|2025-12-12 19:46:09.211909|ioService-0x00007542a81ff640|[P2PService][Service][METRIC]heartBeat,connected count=3
info|2025-12-12 19:46:18.820988|timerFactory-0x00007542959ff640|[RPC][WS][SERVICE]connected nodes,count=0
info|2025-12-12 19:46:19.212013|ioService-0x00007542a81ff640|[P2PService][Service][METRIC]heartBeat,connected count=3
info|2025-12-12 19:46:28.821052|timerFactory-0x00007542959ff640|[RPC][WS][SERVICE]connected nodes,count=0
info|2025-12-12 19:46:29.212085|ioService-0x00007542a81ff640|[P2PService][Service][METRIC]heartBeat,connected count=3
info|2025-12-12 19:46:38.821079|timerFactory-0x00007542959ff640|[RPC][WS][SERVICE]connected nodes,count=0
info|2025-12-12 19:46:39.212256|ioService-0x00007542a81ff640|[P2PService][Service][METRIC]heartBeat,connected count=3
info|2025-12-12 19:46:48.821130|timerFactory-0x00007542959ff640|[RPC][WS][SERVICE]connected nodes,count=0
info|2025-12-12 19:46:49.212377|ioService-0x00007542a81ff640|[P2PService][Service][METRIC]heartBeat,connected count=3
info|2025-12-12 19:46:58.156853|objMonitor-0x00007542835ff640|[startMonitor][AliveObjectMonitor],AliveObjectAllocStat=[ type: bcos::gateway::Socket ,created: 9 ,destroyed: 5 ,alive: 4 ] 
info|2025-12-12 19:46:58.821193|timerFactory-0x00007542959ff640|[RPC][WS][SERVICE]connected nodes,count=0
info|2025-12-12 19:46:59.212441|ioService-0x00007542a81ff640|[P2PService][Service][METRIC]heartBeat,connected count=3
info|2025-12-12 19:47:08.821247|timerFactory-0x00007542959ff640|[RPC][WS][SERVICE]connected nodes,count=0
info|2025-12-12 19:47:09.212504|ioService-0x00007542a81ff640|[P2PService][Service][METRIC]heartBeat,connected count=3
info|2025-12-12 19:47:18.821308|timerFactory-0x00007542959ff640|[RPC][WS][SERVICE]connected nodes,count=0
info|2025-12-12 19:47:19.212584|ioService-0x00007542a81ff640|[P2PService][Service][METRIC]heartBeat,connected count=3
info|2025-12-12 19:47:28.821333|timerFactory-0x00007542959ff640|[RPC][WS][SERVICE]connected nodes,count=0
info|2025-12-12 19:47:29.212649|ioService-0x00007542a81ff640|[P2PService][Service][METRIC]heartBeat,connected count=3
info|2025-12-12 19:47:38.821355|timerFactory-0x00007542959ff640|[RPC][WS][SERVICE]connected nodes,count=0
info|2025-12-12 19:47:39.212807|ioService-0x00007542a81ff640|[P2PService][Service][METRIC]heartBeat,connected count=3
info|2025-12-12 19:47:48.821380|timerFactory-0x00007542959ff640|[RPC][WS][SERVICE]connected nodes,count=0
info|2025-12-12 19:47:49.212989|ioService-0x00007542a81ff640|[P2PService][Service][METRIC]heartBeat,connected count=3
info|2025-12-12 19:47:58.156898|objMonitor-0x00007542835ff640|[startMonitor][AliveObjectMonitor],AliveObjectAllocStat=[ type: bcos::gateway::Socket ,created: 9 ,destroyed: 5 ,alive: 4 ] 
info|2025-12-12 19:47:58.821406|timerFactory-0x00007542959ff640|[RPC][WS][SERVICE]connected nodes,count=0
info|2025-12-12 19:47:59.213167|ioService-0x00007542a81ff640|[P2PService][Service][METRIC]heartBeat,connected count=3
info|2025-12-12 19:48:08.821432|timerFactory-0x00007542959ff640|[RPC][WS][SERVICE]connected nodes,count=0
info|2025-12-12 19:48:09.213290|ioService-0x00007542a81ff640|[P2PService][Service][METRIC]heartBeat,connected count=3
info|2025-12-12 19:48:18.821455|timerFactory-0x00007542959ff640|[RPC][WS][SERVICE]connected nodes,count=0
info|2025-12-12 19:48:19.213394|ioService-0x00007542a81ff640|[P2PService][Service][METRIC]heartBeat,connected count=3
info|2025-12-12 19:48:28.821478|timerFactory-0x00007542959ff640|[RPC][WS][SERVICE]connected nodes,count=0
info|2025-12-12 19:48:29.213466|ioService-0x00007542a81ff640|[P2PService][Service][METRIC]heartBeat,connected count=3
info|2025-12-12 19:48:38.821509|timerFactory-0x00007542959ff640|[RPC][WS][SERVICE]connected nodes,count=0
info|2025-12-12 19:48:39.213644|ioService-0x00007542a81ff640|[P2PService][Service][METRIC]heartBeat,connected count=3
info|2025-12-12 19:48:48.821536|timerFactory-0x00007542959ff640|[RPC][WS][SERVICE]connected nodes,count=0
info|2025-12-12 19:48:49.213701|ioService-0x00007542a81ff640|[P2PService][Service][METRIC]heartBeat,connected count=3
info|2025-12-12 19:48:58.156942|objMonitor-0x00007542835ff640|[startMonitor][AliveObjectMonitor],AliveObjectAllocStat=[ type: bcos::gateway::Socket ,created: 9 ,destroyed: 5 ,alive: 4 ] 
info|2025-12-12 19:48:58.821613|timerFactory-0x00007542959ff640|[RPC][WS][SERVICE]connected nodes,count=0
info|2025-12-12 19:48:59.213834|ioService-0x00007542a81ff640|[P2PService][Service][METRIC]heartBeat,connected count=3
info|2025-12-12 19:49:08.821681|timerFactory-0x00007542959ff640|[RPC][WS][SERVICE]connected nodes,count=0
info|2025-12-12 19:49:09.213918|ioService-0x00007542a81ff640|[P2PService][Service][METRIC]heartBeat,connected count=3
info|2025-12-12 19:49:18.821774|timerFactory-0x00007542959ff640|[RPC][WS][SERVICE]connected nodes,count=0
info|2025-12-12 19:49:19.214009|ioService-0x00007542a81ff640|[P2PService][Service][METRIC]heartBeat,connected count=3
info|2025-12-12 19:49:28.821811|timerFactory-0x00007542959ff640|[RPC][WS][SERVICE]connected nodes,count=0
info|2025-12-12 19:49:29.214032|ioService-0x00007542a81ff640|[P2PService][Service][METRIC]heartBeat,connected count=3
info|2025-12-12 19:49:38.821884|timerFactory-0x00007542959ff640|[RPC][WS][SERVICE]connected nodes,count=0
info|2025-12-12 19:49:39.214179|ioService-0x00007542a81ff640|[P2PService][Service][METRIC]heartBeat,connected count=3
info|2025-12-12 19:49:48.821973|timerFactory-0x00007542959ff640|[RPC][WS][SERVICE]connected nodes,count=0
info|2025-12-12 19:49:49.214279|ioService-0x00007542a81ff640|[P2PService][Service][METRIC]heartBeat,connected count=3
info|2025-12-12 19:49:58.156987|objMonitor-0x00007542835ff640|[startMonitor][AliveObjectMonitor],AliveObjectAllocStat=[ type: bcos::gateway::Socket ,created: 9 ,destroyed: 5 ,alive: 4 ] 
info|2025-12-12 19:49:58.822039|timerFactory-0x00007542959ff640|[RPC][WS][SERVICE]connected nodes,count=0
info|2025-12-12 19:49:59.214322|ioService-0x00007542a81ff640|[P2PService][Service][METRIC]heartBeat,connected count=3
info|2025-12-12 19:50:08.822064|timerFactory-0x00007542959ff640|[RPC][WS][SERVICE]connected nodes,count=0
info|2025-12-12 19:50:09.214342|ioService-0x00007542a81ff640|[P2PService][Service][METRIC]heartBeat,connected count=3
info|2025-12-12 19:50:18.822092|timerFactory-0x00007542959ff640|[RPC][WS][SERVICE]connected nodes,count=0
info|2025-12-12 19:50:19.214365|ioService-0x00007542a81ff640|[P2PService][Service][METRIC]heartBeat,connected count=3
info|2025-12-12 19:50:28.822165|timerFactory-0x00007542959ff640|[RPC][WS][SERVICE]connected nodes,count=0
info|2025-12-12 19:50:29.214424|ioService-0x00007542a81ff640|[P2PService][Service][METRIC]heartBeat,connected count=3
info|2025-12-12 19:50:38.822255|timerFactory-0x00007542959ff640|[RPC][WS][SERVICE]connected nodes,count=0
info|2025-12-12 19:50:39.214447|ioService-0x00007542a81ff640|[P2PService][Service][METRIC]heartBeat,connected count=3
info|2025-12-12 19:50:48.822313|timerFactory-0x00007542959ff640|[RPC][WS][SERVICE]connected nodes,count=0
info|2025-12-12 19:50:49.214471|ioService-0x00007542a81ff640|[P2PService][Service][METRIC]heartBeat,connected count=3
info|2025-12-12 19:50:58.157070|objMonitor-0x00007542835ff640|[startMonitor][AliveObjectMonitor],AliveObjectAllocStat=[ type: bcos::gateway::Socket ,created: 9 ,destroyed: 5 ,alive: 4 ] 
info|2025-12-12 19:50:58.822346|timerFactory-0x00007542959ff640|[RPC][WS][SERVICE]connected nodes,count=0
info|2025-12-12 19:50:59.214542|ioService-0x00007542a81ff640|[P2PService][Service][METRIC]heartBeat,connected count=3
info|2025-12-12 19:51:08.822426|timerFactory-0x00007542959ff640|[RPC][WS][SERVICE]connected nodes,count=0
info|2025-12-12 19:51:09.214567|ioService-0x00007542a81ff640|[P2PService][Service][METRIC]heartBeat,connected count=3
info|2025-12-12 19:51:18.822529|timerFactory-0x00007542959ff640|[RPC][WS][SERVICE]connected nodes,count=0
info|2025-12-12 19:51:19.214683|ioService-0x00007542a81ff640|[P2PService][Service][METRIC]heartBeat,connected count=3
info|2025-12-12 19:51:28.822594|timerFactory-0x00007542959ff640|[RPC][WS][SERVICE]connected nodes,count=0
info|2025-12-12 19:51:29.214731|ioService-0x00007542a81ff640|[P2PService][Service][METRIC]heartBeat,connected count=3
info|2025-12-12 19:51:38.822647|timerFactory-0x00007542959ff640|[RPC][WS][SERVICE]connected nodes,count=0
info|2025-12-12 19:51:39.214748|ioService-0x00007542a81ff640|[P2PService][Service][METRIC]heartBeat,connected count=3
info|2025-12-12 19:51:48.822737|timerFactory-0x00007542959ff640|[RPC][WS][SERVICE]connected nodes,count=0
info|2025-12-12 19:51:49.214766|ioService-0x00007542a81ff640|[P2PService][Service][METRIC]heartBeat,connected count=3
info|2025-12-12 19:51:58.157113|objMonitor-0x00007542835ff640|[startMonitor][AliveObjectMonitor],AliveObjectAllocStat=[ type: bcos::gateway::Socket ,created: 9 ,destroyed: 5 ,alive: 4 ] 
info|2025-12-12 19:51:58.822771|timerFactory-0x00007542959ff640|[RPC][WS][SERVICE]connected nodes,count=0
info|2025-12-12 19:51:59.214824|ioService-0x00007542a81ff640|[P2PService][Service][METRIC]heartBeat,connected count=3
info|2025-12-12 19:52:08.822834|timerFactory-0x00007542959ff640|[RPC][WS][SERVICE]connected nodes,count=0
info|2025-12-12 19:52:09.214845|ioService-0x00007542a81ff640|[P2PService][Service][METRIC]heartBeat,connected count=3
info|2025-12-12 19:52:18.822900|timerFactory-0x00007542959ff640|[RPC][WS][SERVICE]connected nodes,count=0
info|2025-12-12 19:52:19.214939|ioService-0x00007542a81ff640|[P2PService][Service][METRIC]heartBeat,connected count=3
info|2025-12-12 19:52:28.822927|timerFactory-0x00007542959ff640|[RPC][WS][SERVICE]connected nodes,count=0
info|2025-12-12 19:52:29.214971|ioService-0x00007542a81ff640|[P2PService][Service][METRIC]heartBeat,connected count=3
info|2025-12-12 19:52:38.822953|timerFactory-0x00007542959ff640|[RPC][WS][SERVICE]connected nodes,count=0
info|2025-12-12 19:52:39.215034|ioService-0x00007542a81ff640|[P2PService][Service][METRIC]heartBeat,connected count=3
info|2025-12-12 19:52:48.823022|timerFactory-0x00007542959ff640|[RPC][WS][SERVICE]connected nodes,count=0
info|2025-12-12 19:52:49.215055|ioService-0x00007542a81ff640|[P2PService][Service][METRIC]heartBeat,connected count=3
info|2025-12-12 19:52:58.157269|objMonitor-0x00007542835ff640|[startMonitor][AliveObjectMonitor],AliveObjectAllocStat=[ type: bcos::gateway::Socket ,created: 9 ,destroyed: 5 ,alive: 4 ] 
info|2025-12-12 19:52:58.823097|timerFactory-0x00007542959ff640|[RPC][WS][SERVICE]connected nodes,count=0
info|2025-12-12 19:52:59.215127|ioService-0x00007542a81ff640|[P2PService][Service][METRIC]heartBeat,connected count=3
info|2025-12-12 19:53:08.823122|timerFactory-0x00007542959ff640|[RPC][WS][SERVICE]connected nodes,count=0
info|2025-12-12 19:53:09.215257|ioService-0x00007542a81ff640|[P2PService][Service][METRIC]heartBeat,connected count=3
info|2025-12-12 19:53:18.823197|timerFactory-0x00007542959ff640|[RPC][WS][SERVICE]connected nodes,count=0
info|2025-12-12 19:53:19.215316|ioService-0x00007542a81ff640|[P2PService][Service][METRIC]heartBeat,connected count=3
info|2025-12-12 19:53:28.823249|timerFactory-0x00007542959ff640|[RPC][WS][SERVICE]connected nodes,count=0
info|2025-12-12 19:53:29.215384|ioService-0x00007542a81ff640|[P2PService][Service][METRIC]heartBeat,connected count=3
info|2025-12-12 19:53:38.823275|timerFactory-0x00007542959ff640|[RPC][WS][SERVICE]connected nodes,count=0
info|2025-12-12 19:53:39.215403|ioService-0x00007542a81ff640|[P2PService][Service][METRIC]heartBeat,connected count=3
info|2025-12-12 19:53:48.823295|timerFactory-0x00007542959ff640|[RPC][WS][SERVICE]connected nodes,count=0
info|2025-12-12 19:53:49.215558|ioService-0x00007542a81ff640|[P2PService][Service][METRIC]heartBeat,connected count=3
info|2025-12-12 19:53:58.157345|objMonitor-0x00007542835ff640|[startMonitor][AliveObjectMonitor],AliveObjectAllocStat=[ type: bcos::gateway::Socket ,created: 9 ,destroyed: 5 ,alive: 4 ] 
info|2025-12-12 19:53:58.823315|timerFactory-0x00007542959ff640|[RPC][WS][SERVICE]connected nodes,count=0
info|2025-12-12 19:53:59.215648|ioService-0x00007542a81ff640|[P2PService][Service][METRIC]heartBeat,connected count=3
info|2025-12-12 19:54:08.823338|timerFactory-0x00007542959ff640|[RPC][WS][SERVICE]connected nodes,count=0
info|2025-12-12 19:54:09.215736|ioService-0x00007542a81ff640|[P2PService][Service][METRIC]heartBeat,connected count=3
info|2025-12-12 19:54:18.823364|timerFactory-0x00007542959ff640|[RPC][WS][SERVICE]connected nodes,count=0
info|2025-12-12 19:54:19.215801|ioService-0x00007542a81ff640|[P2PService][Service][METRIC]heartBeat,connected count=3
info|2025-12-12 19:54:28.823390|timerFactory-0x00007542959ff640|[RPC][WS][SERVICE]connected nodes,count=0
info|2025-12-12 19:54:29.215958|ioService-0x00007542a81ff640|[P2PService][Service][METRIC]heartBeat,connected count=3
info|2025-12-12 19:54:38.823413|timerFactory-0x00007542959ff640|[RPC][WS][SERVICE]connected nodes,count=0
info|2025-12-12 19:54:39.215990|ioService-0x00007542a81ff640|[P2PService][Service][METRIC]heartBeat,connected count=3
info|2025-12-12 19:54:48.823436|timerFactory-0x00007542959ff640|[RPC][WS][SERVICE]connected nodes,count=0
info|2025-12-12 19:54:49.216053|ioService-0x00007542a81ff640|[P2PService][Service][METRIC]heartBeat,connected count=3
info|2025-12-12 19:54:58.157386|objMonitor-0x00007542835ff640|[startMonitor][AliveObjectMonitor],AliveObjectAllocStat=[ type: bcos::gateway::Socket ,created: 9 ,destroyed: 5 ,alive: 4 ] 
info|2025-12-12 19:54:58.823458|timerFactory-0x00007542959ff640|[RPC][WS][SERVICE]connected nodes,count=0
info|2025-12-12 19:54:59.216142|ioService-0x00007542a81ff640|[P2PService][Service][METRIC]heartBeat,connected count=3
info|2025-12-12 19:55:08.823490|timerFactory-0x00007542959ff640|[RPC][WS][SERVICE]connected nodes,count=0
info|2025-12-12 19:55:09.216293|ioService-0x00007542a81ff640|[P2PService][Service][METRIC]heartBeat,connected count=3
info|2025-12-12 19:55:18.823519|timerFactory-0x00007542959ff640|[RPC][WS][SERVICE]connected nodes,count=0
info|2025-12-12 19:55:19.216384|ioService-0x00007542a81ff640|[P2PService][Service][METRIC]heartBeat,connected count=3
info|2025-12-12 19:55:28.823539|timerFactory-0x00007542959ff640|[RPC][WS][SERVICE]connected nodes,count=0
info|2025-12-12 19:55:29.216447|ioService-0x00007542a81ff640|[P2PService][Service][METRIC]heartBeat,connected count=3
info|2025-12-12 19:55:38.823592|timerFactory-0x00007542959ff640|[RPC][WS][SERVICE]connected nodes,count=0
info|2025-12-12 19:55:39.216572|ioService-0x00007542a81ff640|[P2PService][Service][METRIC]heartBeat,connected count=3
info|2025-12-12 19:55:48.823660|timerFactory-0x00007542959ff640|[RPC][WS][SERVICE]connected nodes,count=0
info|2025-12-12 19:55:49.216598|ioService-0x00007542a81ff640|[P2PService][Service][METRIC]heartBeat,connected count=3
info|2025-12-12 19:55:58.157430|objMonitor-0x00007542835ff640|[startMonitor][AliveObjectMonitor],AliveObjectAllocStat=[ type: bcos::gateway::Socket ,created: 9 ,destroyed: 5 ,alive: 4 ] 
info|2025-12-12 19:55:58.823687|timerFactory-0x00007542959ff640|[RPC][WS][SERVICE]connected nodes,count=0
info|2025-12-12 19:55:59.216779|ioService-0x00007542a81ff640|[P2PService][Service][METRIC]heartBeat,connected count=3
info|2025-12-12 19:56:08.823740|timerFactory-0x00007542959ff640|[RPC][WS][SERVICE]connected nodes,count=0
info|2025-12-12 19:56:09.216800|ioService-0x00007542a81ff640|[P2PService][Service][METRIC]heartBeat,connected count=3
info|2025-12-12 19:56:18.823769|timerFactory-0x00007542959ff640|[RPC][WS][SERVICE]connected nodes,count=0
info|2025-12-12 19:56:19.216819|ioService-0x00007542a81ff640|[P2PService][Service][METRIC]heartBeat,connected count=3
info|2025-12-12 19:56:28.823800|timerFactory-0x00007542959ff640|[RPC][WS][SERVICE]connected nodes,count=0
info|2025-12-12 19:56:29.216879|ioService-0x00007542a81ff640|[P2PService][Service][METRIC]heartBeat,connected count=3
info|2025-12-12 19:56:38.823824|timerFactory-0x00007542959ff640|[RPC][WS][SERVICE]connected nodes,count=0
info|2025-12-12 19:56:39.216968|ioService-0x00007542a81ff640|[P2PService][Service][METRIC]heartBeat,connected count=3
info|2025-12-12 19:56:48.823879|timerFactory-0x00007542959ff640|[RPC][WS][SERVICE]connected nodes,count=0
info|2025-12-12 19:56:49.217114|ioService-0x00007542a81ff640|[P2PService][Service][METRIC]heartBeat,connected count=3
info|2025-12-12 19:56:58.157471|objMonitor-0x00007542835ff640|[startMonitor][AliveObjectMonitor],AliveObjectAllocStat=[ type: bcos::gateway::Socket ,created: 9 ,destroyed: 5 ,alive: 4 ] 
info|2025-12-12 19:56:58.823986|timerFactory-0x00007542959ff640|[RPC][WS][SERVICE]connected nodes,count=0
info|2025-12-12 19:56:59.217174|ioService-0x00007542a81ff640|[P2PService][Service][METRIC]heartBeat,connected count=3
info|2025-12-12 19:57:08.824048|timerFactory-0x00007542959ff640|[RPC][WS][SERVICE]connected nodes,count=0
info|2025-12-12 19:57:09.217227|ioService-0x00007542a81ff640|[P2PService][Service][METRIC]heartBeat,connected count=3
info|2025-12-12 19:57:18.824077|timerFactory-0x00007542959ff640|[RPC][WS][SERVICE]connected nodes,count=0
info|2025-12-12 19:57:19.217338|ioService-0x00007542a81ff640|[P2PService][Service][METRIC]heartBeat,connected count=3
info|2025-12-12 19:57:28.824132|timerFactory-0x00007542959ff640|[RPC][WS][SERVICE]connected nodes,count=0
info|2025-12-12 19:57:29.217365|ioService-0x00007542a81ff640|[P2PService][Service][METRIC]heartBeat,connected count=3
info|2025-12-12 19:57:38.824318|timerFactory-0x00007542959ff640|[RPC][WS][SERVICE]connected nodes,count=0
info|2025-12-12 19:57:39.217415|ioService-0x00007542a81ff640|[P2PService][Service][METRIC]heartBeat,connected count=3
info|2025-12-12 19:57:48.824350|timerFactory-0x00007542959ff640|[RPC][WS][SERVICE]connected nodes,count=0
info|2025-12-12 19:57:49.217484|ioService-0x00007542a81ff640|[P2PService][Service][METRIC]heartBeat,connected count=3
info|2025-12-12 19:57:58.157557|objMonitor-0x00007542835ff640|[startMonitor][AliveObjectMonitor],AliveObjectAllocStat=[ type: bcos::gateway::Socket ,created: 9 ,destroyed: 5 ,alive: 4 ] 
info|2025-12-12 19:57:58.824446|timerFactory-0x00007542959ff640|[RPC][WS][SERVICE]connected nodes,count=0
info|2025-12-12 19:57:59.217506|ioService-0x00007542a81ff640|[P2PService][Service][METRIC]heartBeat,connected count=3
info|2025-12-12 19:58:08.824509|timerFactory-0x00007542959ff640|[RPC][WS][SERVICE]connected nodes,count=0
info|2025-12-12 19:58:09.217537|ioService-0x00007542a81ff640|[P2PService][Service][METRIC]heartBeat,connected count=3
info|2025-12-12 19:58:18.824568|timerFactory-0x00007542959ff640|[RPC][WS][SERVICE]connected nodes,count=0
info|2025-12-12 19:58:19.217569|ioService-0x00007542a81ff640|[P2PService][Service][METRIC]heartBeat,connected count=3
info|2025-12-12 19:58:28.824595|timerFactory-0x00007542959ff640|[RPC][WS][SERVICE]connected nodes,count=0
info|2025-12-12 19:58:29.217638|ioService-0x00007542a81ff640|[P2PService][Service][METRIC]heartBeat,connected count=3
info|2025-12-12 19:58:38.824627|timerFactory-0x00007542959ff640|[RPC][WS][SERVICE]connected nodes,count=0
info|2025-12-12 19:58:39.217733|ioService-0x00007542a81ff640|[P2PService][Service][METRIC]heartBeat,connected count=3
info|2025-12-12 19:58:48.824653|timerFactory-0x00007542959ff640|[RPC][WS][SERVICE]connected nodes,count=0
info|2025-12-12 19:58:49.217753|ioService-0x00007542a81ff640|[P2PService][Service][METRIC]heartBeat,connected count=3
info|2025-12-12 19:58:58.157593|objMonitor-0x00007542835ff640|[startMonitor][AliveObjectMonitor],AliveObjectAllocStat=[ type: bcos::gateway::Socket ,created: 9 ,destroyed: 5 ,alive: 4 ] 
info|2025-12-12 19:58:58.824681|timerFactory-0x00007542959ff640|[RPC][WS][SERVICE]connected nodes,count=0
info|2025-12-12 19:58:59.217813|ioService-0x00007542a81ff640|[P2PService][Service][METRIC]heartBeat,connected count=3
info|2025-12-12 19:59:08.824709|timerFactory-0x00007542959ff640|[RPC][WS][SERVICE]connected nodes,count=0
info|2025-12-12 19:59:09.217898|ioService-0x00007542a81ff640|[P2PService][Service][METRIC]heartBeat,connected count=3
info|2025-12-12 19:59:18.824736|timerFactory-0x00007542959ff640|[RPC][WS][SERVICE]connected nodes,count=0
info|2025-12-12 19:59:19.218036|ioService-0x00007542a81ff640|[P2PService][Service][METRIC]heartBeat,connected count=3
info|2025-12-12 19:59:28.824765|timerFactory-0x00007542959ff640|[RPC][WS][SERVICE]connected nodes,count=0
info|2025-12-12 19:59:29.218086|ioService-0x00007542a81ff640|[P2PService][Service][METRIC]heartBeat,connected count=3
info|2025-12-12 19:59:38.824792|timerFactory-0x00007542959ff640|[RPC][WS][SERVICE]connected nodes,count=0
info|2025-12-12 19:59:39.218153|ioService-0x00007542a81ff640|[P2PService][Service][METRIC]heartBeat,connected count=3
info|2025-12-12 19:59:48.824821|timerFactory-0x00007542959ff640|[RPC][WS][SERVICE]connected nodes,count=0
info|2025-12-12 19:59:49.218184|ioService-0x00007542a81ff640|[P2PService][Service][METRIC]heartBeat,connected count=3
info|2025-12-12 19:59:58.157664|objMonitor-0x00007542835ff640|[startMonitor][AliveObjectMonitor],AliveObjectAllocStat=[ type: bcos::gateway::Socket ,created: 9 ,destroyed: 5 ,alive: 4 ] 
info|2025-12-12 19:59:58.824853|timerFactory-0x00007542959ff640|[RPC][WS][SERVICE]connected nodes,count=0
info|2025-12-12 19:59:59.218252|ioService-0x00007542a81ff640|[P2PService][Service][METRIC]heartBeat,connected count=3
