info|2025-12-18 05:00:00.831191|timerFactory-0x00007ccbd95ff640|[RPC][WS][SERVICE]connected nodes,count=0
info|2025-12-18 05:00:02.148253|ioService-0x00007ccbed3ff640|[P2PService][Service][METRIC]heartBeat,connected count=3
info|2025-12-18 05:00:10.831211|timerFactory-0x00007ccbd95ff640|[RPC][WS][SERVICE]connected nodes,count=0
info|2025-12-18 05:00:12.148281|ioService-0x00007ccbed3ff640|[P2PService][Service][METRIC]heartBeat,connected count=3
info|2025-12-18 05:00:20.831231|timerFactory-0x00007ccbd95ff640|[RPC][WS][SERVICE]connected nodes,count=0
info|2025-12-18 05:00:22.148306|ioService-0x00007ccbed3ff640|[P2PService][Service][METRIC]heartBeat,connected count=3
info|2025-12-18 05:00:30.831253|timerFactory-0x00007ccbd95ff640|[RPC][WS][SERVICE]connected nodes,count=0
info|2025-12-18 05:00:32.148379|ioService-0x00007ccbed3ff640|[P2PService][Service][METRIC]heartBeat,connected count=3
info|2025-12-18 05:00:40.831274|timerFactory-0x00007ccbd95ff640|[RPC][WS][SERVICE]connected nodes,count=0
info|2025-12-18 05:00:42.148409|ioService-0x00007ccbed3ff640|[P2PService][Service][METRIC]heartBeat,connected count=3
info|2025-12-18 05:00:50.831294|timerFactory-0x00007ccbd95ff640|[RPC][WS][SERVICE]connected nodes,count=0
info|2025-12-18 05:00:52.148435|ioService-0x00007ccbed3ff640|[P2PService][Service][METRIC]heartBeat,connected count=3
info|2025-12-18 05:00:58.687893|objMonitor-0x00007ccbc67ff640|[startMonitor][AliveObjectMonitor],AliveObjectAllocStat=[ type: bcos::gateway::Socket ,created: 17 ,destroyed: 13 ,alive: 4 ] 
info|2025-12-18 05:01:00.831316|timerFactory-0x00007ccbd95ff640|[RPC][WS][SERVICE]connected nodes,count=0
info|2025-12-18 05:01:02.148457|ioService-0x00007ccbed3ff640|[P2PService][Service][METRIC]heartBeat,connected count=3
info|2025-12-18 05:01:10.831335|timerFactory-0x00007ccbd95ff640|[RPC][WS][SERVICE]connected nodes,count=0
info|2025-12-18 05:01:12.148482|ioService-0x00007ccbed3ff640|[P2PService][Service][METRIC]heartBeat,connected count=3
info|2025-12-18 05:01:20.831359|timerFactory-0x00007ccbd95ff640|[RPC][WS][SERVICE]connected nodes,count=0
info|2025-12-18 05:01:22.148552|ioService-0x00007ccbed3ff640|[P2PService][Service][METRIC]heartBeat,connected count=3
info|2025-12-18 05:01:30.831380|timerFactory-0x00007ccbd95ff640|[RPC][WS][SERVICE]connected nodes,count=0
info|2025-12-18 05:01:32.148765|ioService-0x00007ccbed3ff640|[P2PService][Service][METRIC]heartBeat,connected count=3
info|2025-12-18 05:01:40.831405|timerFactory-0x00007ccbd95ff640|[RPC][WS][SERVICE]connected nodes,count=0
info|2025-12-18 05:01:42.148846|ioService-0x00007ccbed3ff640|[P2PService][Service][METRIC]heartBeat,connected count=3
info|2025-12-18 05:01:50.831428|timerFactory-0x00007ccbd95ff640|[RPC][WS][SERVICE]connected nodes,count=0
info|2025-12-18 05:01:52.149013|ioService-0x00007ccbed3ff640|[P2PService][Service][METRIC]heartBeat,connected count=3
info|2025-12-18 05:01:58.687932|objMonitor-0x00007ccbc67ff640|[startMonitor][AliveObjectMonitor],AliveObjectAllocStat=[ type: bcos::gateway::Socket ,created: 17 ,destroyed: 13 ,alive: 4 ] 
info|2025-12-18 05:02:00.831452|timerFactory-0x00007ccbd95ff640|[RPC][WS][SERVICE]connected nodes,count=0
info|2025-12-18 05:02:02.149107|ioService-0x00007ccbed3ff640|[P2PService][Service][METRIC]heartBeat,connected count=3
info|2025-12-18 05:02:10.831523|timerFactory-0x00007ccbd95ff640|[RPC][WS][SERVICE]connected nodes,count=0
info|2025-12-18 05:02:12.149184|ioService-0x00007ccbed3ff640|[P2PService][Service][METRIC]heartBeat,connected count=3
info|2025-12-18 05:02:20.831592|timerFactory-0x00007ccbd95ff640|[RPC][WS][SERVICE]connected nodes,count=0
info|2025-12-18 05:02:22.149208|ioService-0x00007ccbed3ff640|[P2PService][Service][METRIC]heartBeat,connected count=3
info|2025-12-18 05:02:30.831617|timerFactory-0x00007ccbd95ff640|[RPC][WS][SERVICE]connected nodes,count=0
info|2025-12-18 05:02:32.149232|ioService-0x00007ccbed3ff640|[P2PService][Service][METRIC]heartBeat,connected count=3
info|2025-12-18 05:02:40.831637|timerFactory-0x00007ccbd95ff640|[RPC][WS][SERVICE]connected nodes,count=0
info|2025-12-18 05:02:42.149257|ioService-0x00007ccbed3ff640|[P2PService][Service][METRIC]heartBeat,connected count=3
info|2025-12-18 05:02:50.831666|timerFactory-0x00007ccbd95ff640|[RPC][WS][SERVICE]connected nodes,count=0
info|2025-12-18 05:02:52.149322|ioService-0x00007ccbed3ff640|[P2PService][Service][METRIC]heartBeat,connected count=3
info|2025-12-18 05:02:58.688065|objMonitor-0x00007ccbc67ff640|[startMonitor][AliveObjectMonitor],AliveObjectAllocStat=[ type: bcos::gateway::Socket ,created: 17 ,destroyed: 13 ,alive: 4 ] 
info|2025-12-18 05:03:00.831691|timerFactory-0x00007ccbd95ff640|[RPC][WS][SERVICE]connected nodes,count=0
info|2025-12-18 05:03:02.149381|ioService-0x00007ccbed3ff640|[P2PService][Service][METRIC]heartBeat,connected count=3
info|2025-12-18 05:03:10.831713|timerFactory-0x00007ccbd95ff640|[RPC][WS][SERVICE]connected nodes,count=0
info|2025-12-18 05:03:12.149408|ioService-0x00007ccbed3ff640|[P2PService][Service][METRIC]heartBeat,connected count=3
info|2025-12-18 05:03:20.831736|timerFactory-0x00007ccbd95ff640|[RPC][WS][SERVICE]connected nodes,count=0
info|2025-12-18 05:03:22.149431|ioService-0x00007ccbed3ff640|[P2PService][Service][METRIC]heartBeat,connected count=3
info|2025-12-18 05:03:30.831760|timerFactory-0x00007ccbd95ff640|[RPC][WS][SERVICE]connected nodes,count=0
info|2025-12-18 05:03:32.149573|ioService-0x00007ccbed3ff640|[P2PService][Service][METRIC]heartBeat,connected count=3
info|2025-12-18 05:03:40.831786|timerFactory-0x00007ccbd95ff640|[RPC][WS][SERVICE]connected nodes,count=0
info|2025-12-18 05:03:42.149604|ioService-0x00007ccbed3ff640|[P2PService][Service][METRIC]heartBeat,connected count=3
info|2025-12-18 05:03:50.831808|timerFactory-0x00007ccbd95ff640|[RPC][WS][SERVICE]connected nodes,count=0
info|2025-12-18 05:03:52.149627|ioService-0x00007ccbed3ff640|[P2PService][Service][METRIC]heartBeat,connected count=3
info|2025-12-18 05:03:58.688159|objMonitor-0x00007ccbc67ff640|[startMonitor][AliveObjectMonitor],AliveObjectAllocStat=[ type: bcos::gateway::Socket ,created: 17 ,destroyed: 13 ,alive: 4 ] 
info|2025-12-18 05:04:00.831903|timerFactory-0x00007ccbd95ff640|[RPC][WS][SERVICE]connected nodes,count=0
info|2025-12-18 05:04:02.149798|ioService-0x00007ccbed3ff640|[P2PService][Service][METRIC]heartBeat,connected count=3
info|2025-12-18 05:04:10.831982|timerFactory-0x00007ccbd95ff640|[RPC][WS][SERVICE]connected nodes,count=0
info|2025-12-18 05:04:12.149914|ioService-0x00007ccbed3ff640|[P2PService][Service][METRIC]heartBeat,connected count=3
info|2025-12-18 05:04:20.832008|timerFactory-0x00007ccbd95ff640|[RPC][WS][SERVICE]connected nodes,count=0
info|2025-12-18 05:04:22.149994|ioService-0x00007ccbed3ff640|[P2PService][Service][METRIC]heartBeat,connected count=3
info|2025-12-18 05:04:30.832064|timerFactory-0x00007ccbd95ff640|[RPC][WS][SERVICE]connected nodes,count=0
info|2025-12-18 05:04:32.150233|ioService-0x00007ccbed3ff640|[P2PService][Service][METRIC]heartBeat,connected count=3
info|2025-12-18 05:04:40.832129|timerFactory-0x00007ccbd95ff640|[RPC][WS][SERVICE]connected nodes,count=0
info|2025-12-18 05:04:42.150360|ioService-0x00007ccbed3ff640|[P2PService][Service][METRIC]heartBeat,connected count=3
info|2025-12-18 05:04:50.832158|timerFactory-0x00007ccbd95ff640|[RPC][WS][SERVICE]connected nodes,count=0
info|2025-12-18 05:04:52.150446|ioService-0x00007ccbed3ff640|[P2PService][Service][METRIC]heartBeat,connected count=3
info|2025-12-18 05:04:58.688246|objMonitor-0x00007ccbc67ff640|[startMonitor][AliveObjectMonitor],AliveObjectAllocStat=[ type: bcos::gateway::Socket ,created: 17 ,destroyed: 13 ,alive: 4 ] 
info|2025-12-18 05:05:00.832222|timerFactory-0x00007ccbd95ff640|[RPC][WS][SERVICE]connected nodes,count=0
info|2025-12-18 05:05:02.150510|ioService-0x00007ccbed3ff640|[P2PService][Service][METRIC]heartBeat,connected count=3
info|2025-12-18 05:05:10.832281|timerFactory-0x00007ccbd95ff640|[RPC][WS][SERVICE]connected nodes,count=0
info|2025-12-18 05:05:12.150631|ioService-0x00007ccbed3ff640|[P2PService][Service][METRIC]heartBeat,connected count=3
info|2025-12-18 05:05:20.832349|timerFactory-0x00007ccbd95ff640|[RPC][WS][SERVICE]connected nodes,count=0
info|2025-12-18 05:05:22.150671|ioService-0x00007ccbed3ff640|[P2PService][Service][METRIC]heartBeat,connected count=3
info|2025-12-18 05:05:30.832369|timerFactory-0x00007ccbd95ff640|[RPC][WS][SERVICE]connected nodes,count=0
info|2025-12-18 05:05:32.150707|ioService-0x00007ccbed3ff640|[P2PService][Service][METRIC]heartBeat,connected count=3
info|2025-12-18 05:05:40.832390|timerFactory-0x00007ccbd95ff640|[RPC][WS][SERVICE]connected nodes,count=0
info|2025-12-18 05:05:42.150777|ioService-0x00007ccbed3ff640|[P2PService][Service][METRIC]heartBeat,connected count=3
info|2025-12-18 05:05:50.832409|timerFactory-0x00007ccbd95ff640|[RPC][WS][SERVICE]connected nodes,count=0
info|2025-12-18 05:05:52.150844|ioService-0x00007ccbed3ff640|[P2PService][Service][METRIC]heartBeat,connected count=3
info|2025-12-18 05:05:58.688284|objMonitor-0x00007ccbc67ff640|[startMonitor][AliveObjectMonitor],AliveObjectAllocStat=[ type: bcos::gateway::Socket ,created: 17 ,destroyed: 13 ,alive: 4 ] 
info|2025-12-18 05:06:00.832479|timerFactory-0x00007ccbd95ff640|[RPC][WS][SERVICE]connected nodes,count=0
info|2025-12-18 05:06:02.151175|ioService-0x00007ccbed3ff640|[P2PService][Service][METRIC]heartBeat,connected count=3
info|2025-12-18 05:06:10.832544|timerFactory-0x00007ccbd95ff640|[RPC][WS][SERVICE]connected nodes,count=0
info|2025-12-18 05:06:12.151241|ioService-0x00007ccbed3ff640|[P2PService][Service][METRIC]heartBeat,connected count=3
info|2025-12-18 05:06:20.832613|timerFactory-0x00007ccbd95ff640|[RPC][WS][SERVICE]connected nodes,count=0
info|2025-12-18 05:06:22.151301|ioService-0x00007ccbed3ff640|[P2PService][Service][METRIC]heartBeat,connected count=3
info|2025-12-18 05:06:30.832683|timerFactory-0x00007ccbd95ff640|[RPC][WS][SERVICE]connected nodes,count=0
info|2025-12-18 05:06:32.151382|ioService-0x00007ccbed3ff640|[P2PService][Service][METRIC]heartBeat,connected count=3
info|2025-12-18 05:06:40.832752|timerFactory-0x00007ccbd95ff640|[RPC][WS][SERVICE]connected nodes,count=0
info|2025-12-18 05:06:42.151407|ioService-0x00007ccbed3ff640|[P2PService][Service][METRIC]heartBeat,connected count=3
info|2025-12-18 05:06:50.832816|timerFactory-0x00007ccbd95ff640|[RPC][WS][SERVICE]connected nodes,count=0
info|2025-12-18 05:06:52.151428|ioService-0x00007ccbed3ff640|[P2PService][Service][METRIC]heartBeat,connected count=3
info|2025-12-18 05:06:58.688342|objMonitor-0x00007ccbc67ff640|[startMonitor][AliveObjectMonitor],AliveObjectAllocStat=[ type: bcos::gateway::Socket ,created: 17 ,destroyed: 13 ,alive: 4 ] 
info|2025-12-18 05:07:00.832841|timerFactory-0x00007ccbd95ff640|[RPC][WS][SERVICE]connected nodes,count=0
info|2025-12-18 05:07:02.151495|ioService-0x00007ccbed3ff640|[P2PService][Service][METRIC]heartBeat,connected count=3
info|2025-12-18 05:07:10.832864|timerFactory-0x00007ccbd95ff640|[RPC][WS][SERVICE]connected nodes,count=0
info|2025-12-18 05:07:12.151562|ioService-0x00007ccbed3ff640|[P2PService][Service][METRIC]heartBeat,connected count=3
info|2025-12-18 05:07:20.832886|timerFactory-0x00007ccbd95ff640|[RPC][WS][SERVICE]connected nodes,count=0
info|2025-12-18 05:07:22.151589|ioService-0x00007ccbed3ff640|[P2PService][Service][METRIC]heartBeat,connected count=3
info|2025-12-18 05:07:30.832955|timerFactory-0x00007ccbd95ff640|[RPC][WS][SERVICE]connected nodes,count=0
info|2025-12-18 05:07:32.151707|ioService-0x00007ccbed3ff640|[P2PService][Service][METRIC]heartBeat,connected count=3
info|2025-12-18 05:07:40.832977|timerFactory-0x00007ccbd95ff640|[RPC][WS][SERVICE]connected nodes,count=0
info|2025-12-18 05:07:42.151732|ioService-0x00007ccbed3ff640|[P2PService][Service][METRIC]heartBeat,connected count=3
info|2025-12-18 05:07:50.833039|timerFactory-0x00007ccbd95ff640|[RPC][WS][SERVICE]connected nodes,count=0
info|2025-12-18 05:07:52.151781|ioService-0x00007ccbed3ff640|[P2PService][Service][METRIC]heartBeat,connected count=3
info|2025-12-18 05:07:58.688388|objMonitor-0x00007ccbc67ff640|[startMonitor][AliveObjectMonitor],AliveObjectAllocStat=[ type: bcos::gateway::Socket ,created: 17 ,destroyed: 13 ,alive: 4 ] 
info|2025-12-18 05:08:00.833112|timerFactory-0x00007ccbd95ff640|[RPC][WS][SERVICE]connected nodes,count=0
info|2025-12-18 05:08:02.151826|ioService-0x00007ccbed3ff640|[P2PService][Service][METRIC]heartBeat,connected count=3
info|2025-12-18 05:08:10.833136|timerFactory-0x00007ccbd95ff640|[RPC][WS][SERVICE]connected nodes,count=0
info|2025-12-18 05:08:12.151877|ioService-0x00007ccbed3ff640|[P2PService][Service][METRIC]heartBeat,connected count=3
info|2025-12-18 05:08:20.833159|timerFactory-0x00007ccbd95ff640|[RPC][WS][SERVICE]connected nodes,count=0
info|2025-12-18 05:08:22.151987|ioService-0x00007ccbed3ff640|[P2PService][Service][METRIC]heartBeat,connected count=3
info|2025-12-18 05:08:30.833183|timerFactory-0x00007ccbd95ff640|[RPC][WS][SERVICE]connected nodes,count=0
info|2025-12-18 05:08:32.152103|ioService-0x00007ccbed3ff640|[P2PService][Service][METRIC]heartBeat,connected count=3
info|2025-12-18 05:08:40.833203|timerFactory-0x00007ccbd95ff640|[RPC][WS][SERVICE]connected nodes,count=0
info|2025-12-18 05:08:42.152187|ioService-0x00007ccbed3ff640|[P2PService][Service][METRIC]heartBeat,connected count=3
info|2025-12-18 05:08:50.833297|timerFactory-0x00007ccbd95ff640|[RPC][WS][SERVICE]connected nodes,count=0
info|2025-12-18 05:08:52.152216|ioService-0x00007ccbed3ff640|[P2PService][Service][METRIC]heartBeat,connected count=3
info|2025-12-18 05:08:58.688429|objMonitor-0x00007ccbc67ff640|[startMonitor][AliveObjectMonitor],AliveObjectAllocStat=[ type: bcos::gateway::Socket ,created: 17 ,destroyed: 13 ,alive: 4 ] 
info|2025-12-18 05:09:00.833316|timerFactory-0x00007ccbd95ff640|[RPC][WS][SERVICE]connected nodes,count=0
info|2025-12-18 05:09:02.152238|ioService-0x00007ccbed3ff640|[P2PService][Service][METRIC]heartBeat,connected count=3
info|2025-12-18 05:09:10.833335|timerFactory-0x00007ccbd95ff640|[RPC][WS][SERVICE]connected nodes,count=0
info|2025-12-18 05:09:12.152299|ioService-0x00007ccbed3ff640|[P2PService][Service][METRIC]heartBeat,connected count=3
info|2025-12-18 05:09:20.833402|timerFactory-0x00007ccbd95ff640|[RPC][WS][SERVICE]connected nodes,count=0
info|2025-12-18 05:09:22.152358|ioService-0x00007ccbed3ff640|[P2PService][Service][METRIC]heartBeat,connected count=3
info|2025-12-18 05:09:30.833477|timerFactory-0x00007ccbd95ff640|[RPC][WS][SERVICE]connected nodes,count=0
info|2025-12-18 05:09:32.152379|ioService-0x00007ccbed3ff640|[P2PService][Service][METRIC]heartBeat,connected count=3
info|2025-12-18 05:09:40.833498|timerFactory-0x00007ccbd95ff640|[RPC][WS][SERVICE]connected nodes,count=0
info|2025-12-18 05:09:42.152414|ioService-0x00007ccbed3ff640|[P2PService][Service][METRIC]heartBeat,connected count=3
info|2025-12-18 05:09:50.833567|timerFactory-0x00007ccbd95ff640|[RPC][WS][SERVICE]connected nodes,count=0
info|2025-12-18 05:09:52.152437|ioService-0x00007ccbed3ff640|[P2PService][Service][METRIC]heartBeat,connected count=3
info|2025-12-18 05:09:58.688586|objMonitor-0x00007ccbc67ff640|[startMonitor][AliveObjectMonitor],AliveObjectAllocStat=[ type: bcos::gateway::Socket ,created: 17 ,destroyed: 13 ,alive: 4 ] 
info|2025-12-18 05:10:00.833587|timerFactory-0x00007ccbd95ff640|[RPC][WS][SERVICE]connected nodes,count=0
info|2025-12-18 05:10:02.152495|ioService-0x00007ccbed3ff640|[P2PService][Service][METRIC]heartBeat,connected count=3
info|2025-12-18 05:10:10.833609|timerFactory-0x00007ccbd95ff640|[RPC][WS][SERVICE]connected nodes,count=0
info|2025-12-18 05:10:12.152553|ioService-0x00007ccbed3ff640|[P2PService][Service][METRIC]heartBeat,connected count=3
info|2025-12-18 05:10:20.833631|timerFactory-0x00007ccbd95ff640|[RPC][WS][SERVICE]connected nodes,count=0
info|2025-12-18 05:10:22.152634|ioService-0x00007ccbed3ff640|[P2PService][Service][METRIC]heartBeat,connected count=3
info|2025-12-18 05:10:30.833655|timerFactory-0x00007ccbd95ff640|[RPC][WS][SERVICE]connected nodes,count=0
info|2025-12-18 05:10:32.152694|ioService-0x00007ccbed3ff640|[P2PService][Service][METRIC]heartBeat,connected count=3
info|2025-12-18 05:10:40.833728|timerFactory-0x00007ccbd95ff640|[RPC][WS][SERVICE]connected nodes,count=0
info|2025-12-18 05:10:42.152721|ioService-0x00007ccbed3ff640|[P2PService][Service][METRIC]heartBeat,connected count=3
info|2025-12-18 05:10:50.833750|timerFactory-0x00007ccbd95ff640|[RPC][WS][SERVICE]connected nodes,count=0
info|2025-12-18 05:10:52.152744|ioService-0x00007ccbed3ff640|[P2PService][Service][METRIC]heartBeat,connected count=3
info|2025-12-18 05:10:58.688645|objMonitor-0x00007ccbc67ff640|[startMonitor][AliveObjectMonitor],AliveObjectAllocStat=[ type: bcos::gateway::Socket ,created: 17 ,destroyed: 13 ,alive: 4 ] 
info|2025-12-18 05:11:00.833777|timerFactory-0x00007ccbd95ff640|[RPC][WS][SERVICE]connected nodes,count=0
info|2025-12-18 05:11:02.152839|ioService-0x00007ccbed3ff640|[P2PService][Service][METRIC]heartBeat,connected count=3
info|2025-12-18 05:11:10.833817|timerFactory-0x00007ccbd95ff640|[RPC][WS][SERVICE]connected nodes,count=0
info|2025-12-18 05:11:12.152865|ioService-0x00007ccbed3ff640|[P2PService][Service][METRIC]heartBeat,connected count=3
info|2025-12-18 05:11:20.833879|timerFactory-0x00007ccbd95ff640|[RPC][WS][SERVICE]connected nodes,count=0
info|2025-12-18 05:11:22.152938|ioService-0x00007ccbed3ff640|[P2PService][Service][METRIC]heartBeat,connected count=3
info|2025-12-18 05:11:30.833939|timerFactory-0x00007ccbd95ff640|[RPC][WS][SERVICE]connected nodes,count=0
info|2025-12-18 05:11:32.152959|ioService-0x00007ccbed3ff640|[P2PService][Service][METRIC]heartBeat,connected count=3
info|2025-12-18 05:11:40.834039|timerFactory-0x00007ccbd95ff640|[RPC][WS][SERVICE]connected nodes,count=0
info|2025-12-18 05:11:42.152989|ioService-0x00007ccbed3ff640|[P2PService][Service][METRIC]heartBeat,connected count=3
info|2025-12-18 05:11:50.834061|timerFactory-0x00007ccbd95ff640|[RPC][WS][SERVICE]connected nodes,count=0
info|2025-12-18 05:11:52.153124|ioService-0x00007ccbed3ff640|[P2PService][Service][METRIC]heartBeat,connected count=3
info|2025-12-18 05:11:58.688760|objMonitor-0x00007ccbc67ff640|[startMonitor][AliveObjectMonitor],AliveObjectAllocStat=[ type: bcos::gateway::Socket ,created: 17 ,destroyed: 13 ,alive: 4 ] 
info|2025-12-18 05:12:00.834126|timerFactory-0x00007ccbd95ff640|[RPC][WS][SERVICE]connected nodes,count=0
info|2025-12-18 05:12:02.153366|ioService-0x00007ccbed3ff640|[P2PService][Service][METRIC]heartBeat,connected count=3
info|2025-12-18 05:12:10.834155|timerFactory-0x00007ccbd95ff640|[RPC][WS][SERVICE]connected nodes,count=0
info|2025-12-18 05:12:12.153395|ioService-0x00007ccbed3ff640|[P2PService][Service][METRIC]heartBeat,connected count=3
info|2025-12-18 05:12:20.834178|timerFactory-0x00007ccbd95ff640|[RPC][WS][SERVICE]connected nodes,count=0
info|2025-12-18 05:12:22.153457|ioService-0x00007ccbed3ff640|[P2PService][Service][METRIC]heartBeat,connected count=3
info|2025-12-18 05:12:30.834199|timerFactory-0x00007ccbd95ff640|[RPC][WS][SERVICE]connected nodes,count=0
info|2025-12-18 05:12:32.153528|ioService-0x00007ccbed3ff640|[P2PService][Service][METRIC]heartBeat,connected count=3
info|2025-12-18 05:12:40.834218|timerFactory-0x00007ccbd95ff640|[RPC][WS][SERVICE]connected nodes,count=0
info|2025-12-18 05:12:42.153590|ioService-0x00007ccbed3ff640|[P2PService][Service][METRIC]heartBeat,connected count=3
info|2025-12-18 05:12:50.834239|timerFactory-0x00007ccbd95ff640|[RPC][WS][SERVICE]connected nodes,count=0
info|2025-12-18 05:12:52.153664|ioService-0x00007ccbed3ff640|[P2PService][Service][METRIC]heartBeat,connected count=3
info|2025-12-18 05:12:58.688928|objMonitor-0x00007ccbc67ff640|[startMonitor][AliveObjectMonitor],AliveObjectAllocStat=[ type: bcos::gateway::Socket ,created: 17 ,destroyed: 13 ,alive: 4 ] 
info|2025-12-18 05:13:00.834266|timerFactory-0x00007ccbd95ff640|[RPC][WS][SERVICE]connected nodes,count=0
info|2025-12-18 05:13:02.153852|ioService-0x00007ccbed3ff640|[P2PService][Service][METRIC]heartBeat,connected count=3
info|2025-12-18 05:13:10.834287|timerFactory-0x00007ccbd95ff640|[RPC][WS][SERVICE]connected nodes,count=0
info|2025-12-18 05:13:12.153878|ioService-0x00007ccbed3ff640|[P2PService][Service][METRIC]heartBeat,connected count=3
info|2025-12-18 05:13:20.834308|timerFactory-0x00007ccbd95ff640|[RPC][WS][SERVICE]connected nodes,count=0
info|2025-12-18 05:13:22.153982|ioService-0x00007ccbed3ff640|[P2PService][Service][METRIC]heartBeat,connected count=3
info|2025-12-18 05:13:30.834379|timerFactory-0x00007ccbd95ff640|[RPC][WS][SERVICE]connected nodes,count=0
info|2025-12-18 05:13:32.154056|ioService-0x00007ccbed3ff640|[P2PService][Service][METRIC]heartBeat,connected count=3
info|2025-12-18 05:13:40.834451|timerFactory-0x00007ccbd95ff640|[RPC][WS][SERVICE]connected nodes,count=0
info|2025-12-18 05:13:42.154118|ioService-0x00007ccbed3ff640|[P2PService][Service][METRIC]heartBeat,connected count=3
info|2025-12-18 05:13:50.834475|timerFactory-0x00007ccbd95ff640|[RPC][WS][SERVICE]connected nodes,count=0
info|2025-12-18 05:13:52.154143|ioService-0x00007ccbed3ff640|[P2PService][Service][METRIC]heartBeat,connected count=3
info|2025-12-18 05:13:58.688976|objMonitor-0x00007ccbc67ff640|[startMonitor][AliveObjectMonitor],AliveObjectAllocStat=[ type: bcos::gateway::Socket ,created: 17 ,destroyed: 13 ,alive: 4 ] 
info|2025-12-18 05:14:00.834495|timerFactory-0x00007ccbd95ff640|[RPC][WS][SERVICE]connected nodes,count=0
info|2025-12-18 05:14:02.154168|ioService-0x00007ccbed3ff640|[P2PService][Service][METRIC]heartBeat,connected count=3
info|2025-12-18 05:14:10.834514|timerFactory-0x00007ccbd95ff640|[RPC][WS][SERVICE]connected nodes,count=0
info|2025-12-18 05:14:12.154188|ioService-0x00007ccbed3ff640|[P2PService][Service][METRIC]heartBeat,connected count=3
info|2025-12-18 05:14:20.834537|timerFactory-0x00007ccbd95ff640|[RPC][WS][SERVICE]connected nodes,count=0
info|2025-12-18 05:14:22.154210|ioService-0x00007ccbed3ff640|[P2PService][Service][METRIC]heartBeat,connected count=3
info|2025-12-18 05:14:30.834560|timerFactory-0x00007ccbd95ff640|[RPC][WS][SERVICE]connected nodes,count=0
info|2025-12-18 05:14:32.154236|ioService-0x00007ccbed3ff640|[P2PService][Service][METRIC]heartBeat,connected count=3
info|2025-12-18 05:14:40.834633|timerFactory-0x00007ccbd95ff640|[RPC][WS][SERVICE]connected nodes,count=0
info|2025-12-18 05:14:42.154270|ioService-0x00007ccbed3ff640|[P2PService][Service][METRIC]heartBeat,connected count=3
info|2025-12-18 05:14:50.834656|timerFactory-0x00007ccbd95ff640|[RPC][WS][SERVICE]connected nodes,count=0
info|2025-12-18 05:14:52.154344|ioService-0x00007ccbed3ff640|[P2PService][Service][METRIC]heartBeat,connected count=3
info|2025-12-18 05:14:58.689018|objMonitor-0x00007ccbc67ff640|[startMonitor][AliveObjectMonitor],AliveObjectAllocStat=[ type: bcos::gateway::Socket ,created: 17 ,destroyed: 13 ,alive: 4 ] 
info|2025-12-18 05:15:00.834678|timerFactory-0x00007ccbd95ff640|[RPC][WS][SERVICE]connected nodes,count=0
info|2025-12-18 05:15:02.154370|ioService-0x00007ccbed3ff640|[P2PService][Service][METRIC]heartBeat,connected count=3
info|2025-12-18 05:15:10.834742|timerFactory-0x00007ccbd95ff640|[RPC][WS][SERVICE]connected nodes,count=0
info|2025-12-18 05:15:12.154394|ioService-0x00007ccbed3ff640|[P2PService][Service][METRIC]heartBeat,connected count=3
info|2025-12-18 05:15:20.834763|timerFactory-0x00007ccbd95ff640|[RPC][WS][SERVICE]connected nodes,count=0
info|2025-12-18 05:15:22.154475|ioService-0x00007ccbed3ff640|[P2PService][Service][METRIC]heartBeat,connected count=3
info|2025-12-18 05:15:30.834781|timerFactory-0x00007ccbd95ff640|[RPC][WS][SERVICE]connected nodes,count=0
info|2025-12-18 05:15:32.154499|ioService-0x00007ccbed3ff640|[P2PService][Service][METRIC]heartBeat,connected count=3
info|2025-12-18 05:15:40.834803|timerFactory-0x00007ccbd95ff640|[RPC][WS][SERVICE]connected nodes,count=0
info|2025-12-18 05:15:42.154588|ioService-0x00007ccbed3ff640|[P2PService][Service][METRIC]heartBeat,connected count=3
info|2025-12-18 05:15:50.834823|timerFactory-0x00007ccbd95ff640|[RPC][WS][SERVICE]connected nodes,count=0
info|2025-12-18 05:15:52.154657|ioService-0x00007ccbed3ff640|[P2PService][Service][METRIC]heartBeat,connected count=3
info|2025-12-18 05:15:58.689061|objMonitor-0x00007ccbc67ff640|[startMonitor][AliveObjectMonitor],AliveObjectAllocStat=[ type: bcos::gateway::Socket ,created: 17 ,destroyed: 13 ,alive: 4 ] 
info|2025-12-18 05:16:00.834842|timerFactory-0x00007ccbd95ff640|[RPC][WS][SERVICE]connected nodes,count=0
info|2025-12-18 05:16:02.154717|ioService-0x00007ccbed3ff640|[P2PService][Service][METRIC]heartBeat,connected count=3
info|2025-12-18 05:16:10.834909|timerFactory-0x00007ccbd95ff640|[RPC][WS][SERVICE]connected nodes,count=0
info|2025-12-18 05:16:12.154774|ioService-0x00007ccbed3ff640|[P2PService][Service][METRIC]heartBeat,connected count=3
info|2025-12-18 05:16:20.834934|timerFactory-0x00007ccbd95ff640|[RPC][WS][SERVICE]connected nodes,count=0
info|2025-12-18 05:16:22.154846|ioService-0x00007ccbed3ff640|[P2PService][Service][METRIC]heartBeat,connected count=3
info|2025-12-18 05:16:30.834996|timerFactory-0x00007ccbd95ff640|[RPC][WS][SERVICE]connected nodes,count=0
info|2025-12-18 05:16:32.154911|ioService-0x00007ccbed3ff640|[P2PService][Service][METRIC]heartBeat,connected count=3
info|2025-12-18 05:16:40.835087|timerFactory-0x00007ccbd95ff640|[RPC][WS][SERVICE]connected nodes,count=0
info|2025-12-18 05:16:42.154980|ioService-0x00007ccbed3ff640|[P2PService][Service][METRIC]heartBeat,connected count=3
info|2025-12-18 05:16:50.835107|timerFactory-0x00007ccbd95ff640|[RPC][WS][SERVICE]connected nodes,count=0
info|2025-12-18 05:16:52.155083|ioService-0x00007ccbed3ff640|[P2PService][Service][METRIC]heartBeat,connected count=3
info|2025-12-18 05:16:58.689110|objMonitor-0x00007ccbc67ff640|[startMonitor][AliveObjectMonitor],AliveObjectAllocStat=[ type: bcos::gateway::Socket ,created: 17 ,destroyed: 13 ,alive: 4 ] 
info|2025-12-18 05:17:00.835128|timerFactory-0x00007ccbd95ff640|[RPC][WS][SERVICE]connected nodes,count=0
info|2025-12-18 05:17:02.155228|ioService-0x00007ccbed3ff640|[P2PService][Service][METRIC]heartBeat,connected count=3
info|2025-12-18 05:17:10.835150|timerFactory-0x00007ccbd95ff640|[RPC][WS][SERVICE]connected nodes,count=0
info|2025-12-18 05:17:12.155292|ioService-0x00007ccbed3ff640|[P2PService][Service][METRIC]heartBeat,connected count=3
info|2025-12-18 05:17:20.835172|timerFactory-0x00007ccbd95ff640|[RPC][WS][SERVICE]connected nodes,count=0
info|2025-12-18 05:17:22.155316|ioService-0x00007ccbed3ff640|[P2PService][Service][METRIC]heartBeat,connected count=3
info|2025-12-18 05:17:30.835193|timerFactory-0x00007ccbd95ff640|[RPC][WS][SERVICE]connected nodes,count=0
info|2025-12-18 05:17:32.155422|ioService-0x00007ccbed3ff640|[P2PService][Service][METRIC]heartBeat,connected count=3
info|2025-12-18 05:17:40.835216|timerFactory-0x00007ccbd95ff640|[RPC][WS][SERVICE]connected nodes,count=0
info|2025-12-18 05:17:42.155445|ioService-0x00007ccbed3ff640|[P2PService][Service][METRIC]heartBeat,connected count=3
info|2025-12-18 05:17:50.835242|timerFactory-0x00007ccbd95ff640|[RPC][WS][SERVICE]connected nodes,count=0
info|2025-12-18 05:17:52.155463|ioService-0x00007ccbed3ff640|[P2PService][Service][METRIC]heartBeat,connected count=3
info|2025-12-18 05:17:58.689254|objMonitor-0x00007ccbc67ff640|[startMonitor][AliveObjectMonitor],AliveObjectAllocStat=[ type: bcos::gateway::Socket ,created: 17 ,destroyed: 13 ,alive: 4 ] 
info|2025-12-18 05:18:00.835263|timerFactory-0x00007ccbd95ff640|[RPC][WS][SERVICE]connected nodes,count=0
info|2025-12-18 05:18:02.155549|ioService-0x00007ccbed3ff640|[P2PService][Service][METRIC]heartBeat,connected count=3
info|2025-12-18 05:18:10.835311|timerFactory-0x00007ccbd95ff640|[RPC][WS][SERVICE]connected nodes,count=0
info|2025-12-18 05:18:12.155609|ioService-0x00007ccbed3ff640|[P2PService][Service][METRIC]heartBeat,connected count=3
info|2025-12-18 05:18:20.835383|timerFactory-0x00007ccbd95ff640|[RPC][WS][SERVICE]connected nodes,count=0
info|2025-12-18 05:18:22.155667|ioService-0x00007ccbed3ff640|[P2PService][Service][METRIC]heartBeat,connected count=3
info|2025-12-18 05:18:30.835406|timerFactory-0x00007ccbd95ff640|[RPC][WS][SERVICE]connected nodes,count=0
info|2025-12-18 05:18:32.155691|ioService-0x00007ccbed3ff640|[P2PService][Service][METRIC]heartBeat,connected count=3
info|2025-12-18 05:18:40.835429|timerFactory-0x00007ccbd95ff640|[RPC][WS][SERVICE]connected nodes,count=0
info|2025-12-18 05:18:42.155709|ioService-0x00007ccbed3ff640|[P2PService][Service][METRIC]heartBeat,connected count=3
info|2025-12-18 05:18:50.835450|timerFactory-0x00007ccbd95ff640|[RPC][WS][SERVICE]connected nodes,count=0
info|2025-12-18 05:18:52.155763|ioService-0x00007ccbed3ff640|[P2PService][Service][METRIC]heartBeat,connected count=3
info|2025-12-18 05:18:58.689340|objMonitor-0x00007ccbc67ff640|[startMonitor][AliveObjectMonitor],AliveObjectAllocStat=[ type: bcos::gateway::Socket ,created: 17 ,destroyed: 13 ,alive: 4 ] 
info|2025-12-18 05:19:00.835471|timerFactory-0x00007ccbd95ff640|[RPC][WS][SERVICE]connected nodes,count=0
info|2025-12-18 05:19:02.155830|ioService-0x00007ccbed3ff640|[P2PService][Service][METRIC]heartBeat,connected count=3
info|2025-12-18 05:19:10.835536|timerFactory-0x00007ccbd95ff640|[RPC][WS][SERVICE]connected nodes,count=0
info|2025-12-18 05:19:12.155890|ioService-0x00007ccbed3ff640|[P2PService][Service][METRIC]heartBeat,connected count=3
info|2025-12-18 05:19:20.835599|timerFactory-0x00007ccbd95ff640|[RPC][WS][SERVICE]connected nodes,count=0
info|2025-12-18 05:19:22.155986|ioService-0x00007ccbed3ff640|[P2PService][Service][METRIC]heartBeat,connected count=3
info|2025-12-18 05:19:30.835620|timerFactory-0x00007ccbd95ff640|[RPC][WS][SERVICE]connected nodes,count=0
info|2025-12-18 05:19:32.156042|ioService-0x00007ccbed3ff640|[P2PService][Service][METRIC]heartBeat,connected count=3
info|2025-12-18 05:19:40.835642|timerFactory-0x00007ccbd95ff640|[RPC][WS][SERVICE]connected nodes,count=0
info|2025-12-18 05:19:42.156074|ioService-0x00007ccbed3ff640|[P2PService][Service][METRIC]heartBeat,connected count=3
info|2025-12-18 05:19:50.835661|timerFactory-0x00007ccbd95ff640|[RPC][WS][SERVICE]connected nodes,count=0
info|2025-12-18 05:19:52.156101|ioService-0x00007ccbed3ff640|[P2PService][Service][METRIC]heartBeat,connected count=3
info|2025-12-18 05:19:58.689391|objMonitor-0x00007ccbc67ff640|[startMonitor][AliveObjectMonitor],AliveObjectAllocStat=[ type: bcos::gateway::Socket ,created: 17 ,destroyed: 13 ,alive: 4 ] 
info|2025-12-18 05:20:00.835716|timerFactory-0x00007ccbd95ff640|[RPC][WS][SERVICE]connected nodes,count=0
info|2025-12-18 05:20:02.156168|ioService-0x00007ccbed3ff640|[P2PService][Service][METRIC]heartBeat,connected count=3
info|2025-12-18 05:20:10.835737|timerFactory-0x00007ccbd95ff640|[RPC][WS][SERVICE]connected nodes,count=0
info|2025-12-18 05:20:12.156215|ioService-0x00007ccbed3ff640|[P2PService][Service][METRIC]heartBeat,connected count=3
info|2025-12-18 05:20:20.835759|timerFactory-0x00007ccbd95ff640|[RPC][WS][SERVICE]connected nodes,count=0
info|2025-12-18 05:20:22.156325|ioService-0x00007ccbed3ff640|[P2PService][Service][METRIC]heartBeat,connected count=3
info|2025-12-18 05:20:30.835840|timerFactory-0x00007ccbd95ff640|[RPC][WS][SERVICE]connected nodes,count=0
info|2025-12-18 05:20:32.156355|ioService-0x00007ccbed3ff640|[P2PService][Service][METRIC]heartBeat,connected count=3
info|2025-12-18 05:20:40.835904|timerFactory-0x00007ccbd95ff640|[RPC][WS][SERVICE]connected nodes,count=0
info|2025-12-18 05:20:42.156420|ioService-0x00007ccbed3ff640|[P2PService][Service][METRIC]heartBeat,connected count=3
info|2025-12-18 05:20:50.835923|timerFactory-0x00007ccbd95ff640|[RPC][WS][SERVICE]connected nodes,count=0
info|2025-12-18 05:20:52.156511|ioService-0x00007ccbed3ff640|[P2PService][Service][METRIC]heartBeat,connected count=3
info|2025-12-18 05:20:58.689478|objMonitor-0x00007ccbc67ff640|[startMonitor][AliveObjectMonitor],AliveObjectAllocStat=[ type: bcos::gateway::Socket ,created: 17 ,destroyed: 13 ,alive: 4 ] 
info|2025-12-18 05:21:00.835943|timerFactory-0x00007ccbd95ff640|[RPC][WS][SERVICE]connected nodes,count=0
info|2025-12-18 05:21:02.156593|ioService-0x00007ccbed3ff640|[P2PService][Service][METRIC]heartBeat,connected count=3
info|2025-12-18 05:21:10.835964|timerFactory-0x00007ccbd95ff640|[RPC][WS][SERVICE]connected nodes,count=0
info|2025-12-18 05:21:12.156652|ioService-0x00007ccbed3ff640|[P2PService][Service][METRIC]heartBeat,connected count=3
info|2025-12-18 05:21:20.835988|timerFactory-0x00007ccbd95ff640|[RPC][WS][SERVICE]connected nodes,count=0
info|2025-12-18 05:21:22.156725|ioService-0x00007ccbed3ff640|[P2PService][Service][METRIC]heartBeat,connected count=3
info|2025-12-18 05:21:30.836008|timerFactory-0x00007ccbd95ff640|[RPC][WS][SERVICE]connected nodes,count=0
info|2025-12-18 05:21:32.156892|ioService-0x00007ccbed3ff640|[P2PService][Service][METRIC]heartBeat,connected count=3
info|2025-12-18 05:21:40.836037|timerFactory-0x00007ccbd95ff640|[RPC][WS][SERVICE]connected nodes,count=0
info|2025-12-18 05:21:42.156964|ioService-0x00007ccbed3ff640|[P2PService][Service][METRIC]heartBeat,connected count=3
info|2025-12-18 05:21:50.836089|timerFactory-0x00007ccbd95ff640|[RPC][WS][SERVICE]connected nodes,count=0
info|2025-12-18 05:21:52.157086|ioService-0x00007ccbed3ff640|[P2PService][Service][METRIC]heartBeat,connected count=3
info|2025-12-18 05:21:58.689528|objMonitor-0x00007ccbc67ff640|[startMonitor][AliveObjectMonitor],AliveObjectAllocStat=[ type: bcos::gateway::Socket ,created: 17 ,destroyed: 13 ,alive: 4 ] 
info|2025-12-18 05:22:00.836193|timerFactory-0x00007ccbd95ff640|[RPC][WS][SERVICE]connected nodes,count=0
info|2025-12-18 05:22:02.157111|ioService-0x00007ccbed3ff640|[P2PService][Service][METRIC]heartBeat,connected count=3
info|2025-12-18 05:22:10.836286|timerFactory-0x00007ccbd95ff640|[RPC][WS][SERVICE]connected nodes,count=0
info|2025-12-18 05:22:12.157135|ioService-0x00007ccbed3ff640|[P2PService][Service][METRIC]heartBeat,connected count=3
info|2025-12-18 05:22:20.836332|timerFactory-0x00007ccbd95ff640|[RPC][WS][SERVICE]connected nodes,count=0
info|2025-12-18 05:22:22.157199|ioService-0x00007ccbed3ff640|[P2PService][Service][METRIC]heartBeat,connected count=3
info|2025-12-18 05:22:30.836400|timerFactory-0x00007ccbd95ff640|[RPC][WS][SERVICE]connected nodes,count=0
info|2025-12-18 05:22:32.157262|ioService-0x00007ccbed3ff640|[P2PService][Service][METRIC]heartBeat,connected count=3
info|2025-12-18 05:22:40.836420|timerFactory-0x00007ccbd95ff640|[RPC][WS][SERVICE]connected nodes,count=0
info|2025-12-18 05:22:42.157321|ioService-0x00007ccbed3ff640|[P2PService][Service][METRIC]heartBeat,connected count=3
info|2025-12-18 05:22:50.836438|timerFactory-0x00007ccbd95ff640|[RPC][WS][SERVICE]connected nodes,count=0
info|2025-12-18 05:22:52.157351|ioService-0x00007ccbed3ff640|[P2PService][Service][METRIC]heartBeat,connected count=3
info|2025-12-18 05:22:58.689578|objMonitor-0x00007ccbc67ff640|[startMonitor][AliveObjectMonitor],AliveObjectAllocStat=[ type: bcos::gateway::Socket ,created: 17 ,destroyed: 13 ,alive: 4 ] [ type: bcos::gateway::ResponseCallback ,created: 9758536 ,destroyed: 9758531 ,alive: 5 ] 
info|2025-12-18 05:23:00.836504|timerFactory-0x00007ccbd95ff640|[RPC][WS][SERVICE]connected nodes,count=0
info|2025-12-18 05:23:02.157380|ioService-0x00007ccbed3ff640|[P2PService][Service][METRIC]heartBeat,connected count=3
info|2025-12-18 05:23:10.836523|timerFactory-0x00007ccbd95ff640|[RPC][WS][SERVICE]connected nodes,count=0
info|2025-12-18 05:23:12.157405|ioService-0x00007ccbed3ff640|[P2PService][Service][METRIC]heartBeat,connected count=3
info|2025-12-18 05:23:20.836545|timerFactory-0x00007ccbd95ff640|[RPC][WS][SERVICE]connected nodes,count=0
info|2025-12-18 05:23:22.157439|ioService-0x00007ccbed3ff640|[P2PService][Service][METRIC]heartBeat,connected count=3
info|2025-12-18 05:23:30.836564|timerFactory-0x00007ccbd95ff640|[RPC][WS][SERVICE]connected nodes,count=0
info|2025-12-18 05:23:32.157501|ioService-0x00007ccbed3ff640|[P2PService][Service][METRIC]heartBeat,connected count=3
info|2025-12-18 05:23:40.836586|timerFactory-0x00007ccbd95ff640|[RPC][WS][SERVICE]connected nodes,count=0
info|2025-12-18 05:23:42.157536|ioService-0x00007ccbed3ff640|[P2PService][Service][METRIC]heartBeat,connected count=3
info|2025-12-18 05:23:50.836654|timerFactory-0x00007ccbd95ff640|[RPC][WS][SERVICE]connected nodes,count=0
info|2025-12-18 05:23:52.157565|ioService-0x00007ccbed3ff640|[P2PService][Service][METRIC]heartBeat,connected count=3
info|2025-12-18 05:23:58.689631|objMonitor-0x00007ccbc67ff640|[startMonitor][AliveObjectMonitor],AliveObjectAllocStat=[ type: bcos::gateway::Socket ,created: 17 ,destroyed: 13 ,alive: 4 ] 
info|2025-12-18 05:24:00.836678|timerFactory-0x00007ccbd95ff640|[RPC][WS][SERVICE]connected nodes,count=0
info|2025-12-18 05:24:02.157622|ioService-0x00007ccbed3ff640|[P2PService][Service][METRIC]heartBeat,connected count=3
info|2025-12-18 05:24:10.836743|timerFactory-0x00007ccbd95ff640|[RPC][WS][SERVICE]connected nodes,count=0
info|2025-12-18 05:24:12.157720|ioService-0x00007ccbed3ff640|[P2PService][Service][METRIC]heartBeat,connected count=3
info|2025-12-18 05:24:20.836764|timerFactory-0x00007ccbd95ff640|[RPC][WS][SERVICE]connected nodes,count=0
info|2025-12-18 05:24:22.157791|ioService-0x00007ccbed3ff640|[P2PService][Service][METRIC]heartBeat,connected count=3
info|2025-12-18 05:24:30.836790|timerFactory-0x00007ccbd95ff640|[RPC][WS][SERVICE]connected nodes,count=0
info|2025-12-18 05:24:32.157865|ioService-0x00007ccbed3ff640|[P2PService][Service][METRIC]heartBeat,connected count=3
info|2025-12-18 05:24:40.836862|timerFactory-0x00007ccbd95ff640|[RPC][WS][SERVICE]connected nodes,count=0
info|2025-12-18 05:24:42.157933|ioService-0x00007ccbed3ff640|[P2PService][Service][METRIC]heartBeat,connected count=3
info|2025-12-18 05:24:50.836940|timerFactory-0x00007ccbd95ff640|[RPC][WS][SERVICE]connected nodes,count=0
info|2025-12-18 05:24:52.158042|ioService-0x00007ccbed3ff640|[P2PService][Service][METRIC]heartBeat,connected count=3
info|2025-12-18 05:24:58.689682|objMonitor-0x00007ccbc67ff640|[startMonitor][AliveObjectMonitor],AliveObjectAllocStat=[ type: bcos::gateway::Socket ,created: 17 ,destroyed: 13 ,alive: 4 ] 
info|2025-12-18 05:25:00.837006|timerFactory-0x00007ccbd95ff640|[RPC][WS][SERVICE]connected nodes,count=0
info|2025-12-18 05:25:02.158074|ioService-0x00007ccbed3ff640|[P2PService][Service][METRIC]heartBeat,connected count=3
info|2025-12-18 05:25:10.837027|timerFactory-0x00007ccbd95ff640|[RPC][WS][SERVICE]connected nodes,count=0
info|2025-12-18 05:25:12.158101|ioService-0x00007ccbed3ff640|[P2PService][Service][METRIC]heartBeat,connected count=3
info|2025-12-18 05:25:20.837081|timerFactory-0x00007ccbd95ff640|[RPC][WS][SERVICE]connected nodes,count=0
info|2025-12-18 05:25:22.158165|ioService-0x00007ccbed3ff640|[P2PService][Service][METRIC]heartBeat,connected count=3
info|2025-12-18 05:25:30.837144|timerFactory-0x00007ccbd95ff640|[RPC][WS][SERVICE]connected nodes,count=0
info|2025-12-18 05:25:32.158303|ioService-0x00007ccbed3ff640|[P2PService][Service][METRIC]heartBeat,connected count=3
info|2025-12-18 05:25:40.837169|timerFactory-0x00007ccbd95ff640|[RPC][WS][SERVICE]connected nodes,count=0
info|2025-12-18 05:25:42.158323|ioService-0x00007ccbed3ff640|[P2PService][Service][METRIC]heartBeat,connected count=3
info|2025-12-18 05:25:50.837189|timerFactory-0x00007ccbd95ff640|[RPC][WS][SERVICE]connected nodes,count=0
info|2025-12-18 05:25:52.158393|ioService-0x00007ccbed3ff640|[P2PService][Service][METRIC]heartBeat,connected count=3
info|2025-12-18 05:25:58.689785|objMonitor-0x00007ccbc67ff640|[startMonitor][AliveObjectMonitor],AliveObjectAllocStat=[ type: bcos::gateway::Socket ,created: 17 ,destroyed: 13 ,alive: 4 ] 
info|2025-12-18 05:26:00.837231|timerFactory-0x00007ccbd95ff640|[RPC][WS][SERVICE]connected nodes,count=0
info|2025-12-18 05:26:02.158459|ioService-0x00007ccbed3ff640|[P2PService][Service][METRIC]heartBeat,connected count=3
info|2025-12-18 05:26:10.837295|timerFactory-0x00007ccbd95ff640|[RPC][WS][SERVICE]connected nodes,count=0
info|2025-12-18 05:26:12.158542|ioService-0x00007ccbed3ff640|[P2PService][Service][METRIC]heartBeat,connected count=3
info|2025-12-18 05:26:20.837334|timerFactory-0x00007ccbd95ff640|[RPC][WS][SERVICE]connected nodes,count=0
info|2025-12-18 05:26:22.158594|ioService-0x00007ccbed3ff640|[P2PService][Service][METRIC]heartBeat,connected count=3
info|2025-12-18 05:26:30.837404|timerFactory-0x00007ccbd95ff640|[RPC][WS][SERVICE]connected nodes,count=0
info|2025-12-18 05:26:32.158658|ioService-0x00007ccbed3ff640|[P2PService][Service][METRIC]heartBeat,connected count=3
info|2025-12-18 05:26:40.837427|timerFactory-0x00007ccbd95ff640|[RPC][WS][SERVICE]connected nodes,count=0
info|2025-12-18 05:26:42.158750|ioService-0x00007ccbed3ff640|[P2PService][Service][METRIC]heartBeat,connected count=3
info|2025-12-18 05:26:50.837453|timerFactory-0x00007ccbd95ff640|[RPC][WS][SERVICE]connected nodes,count=0
info|2025-12-18 05:26:52.158819|ioService-0x00007ccbed3ff640|[P2PService][Service][METRIC]heartBeat,connected count=3
info|2025-12-18 05:26:58.689841|objMonitor-0x00007ccbc67ff640|[startMonitor][AliveObjectMonitor],AliveObjectAllocStat=[ type: bcos::gateway::Socket ,created: 17 ,destroyed: 13 ,alive: 4 ] 
info|2025-12-18 05:27:00.837579|timerFactory-0x00007ccbd95ff640|[RPC][WS][SERVICE]connected nodes,count=0
info|2025-12-18 05:27:02.158848|ioService-0x00007ccbed3ff640|[P2PService][Service][METRIC]heartBeat,connected count=3
info|2025-12-18 05:27:10.837634|timerFactory-0x00007ccbd95ff640|[RPC][WS][SERVICE]connected nodes,count=0
info|2025-12-18 05:27:12.158901|ioService-0x00007ccbed3ff640|[P2PService][Service][METRIC]heartBeat,connected count=3
info|2025-12-18 05:27:20.837729|timerFactory-0x00007ccbd95ff640|[RPC][WS][SERVICE]connected nodes,count=0
info|2025-12-18 05:27:22.158970|ioService-0x00007ccbed3ff640|[P2PService][Service][METRIC]heartBeat,connected count=3
info|2025-12-18 05:27:30.837795|timerFactory-0x00007ccbd95ff640|[RPC][WS][SERVICE]connected nodes,count=0
info|2025-12-18 05:27:32.159027|ioService-0x00007ccbed3ff640|[P2PService][Service][METRIC]heartBeat,connected count=3
info|2025-12-18 05:27:40.837936|timerFactory-0x00007ccbd95ff640|[RPC][WS][SERVICE]connected nodes,count=0
info|2025-12-18 05:27:42.159219|ioService-0x00007ccbed3ff640|[P2PService][Service][METRIC]heartBeat,connected count=3
info|2025-12-18 05:27:50.837999|timerFactory-0x00007ccbd95ff640|[RPC][WS][SERVICE]connected nodes,count=0
info|2025-12-18 05:27:52.159371|ioService-0x00007ccbed3ff640|[P2PService][Service][METRIC]heartBeat,connected count=3
info|2025-12-18 05:27:58.689890|objMonitor-0x00007ccbc67ff640|[startMonitor][AliveObjectMonitor],AliveObjectAllocStat=[ type: bcos::gateway::Socket ,created: 17 ,destroyed: 13 ,alive: 4 ] 
info|2025-12-18 05:28:00.838055|timerFactory-0x00007ccbd95ff640|[RPC][WS][SERVICE]connected nodes,count=0
info|2025-12-18 05:28:02.159402|ioService-0x00007ccbed3ff640|[P2PService][Service][METRIC]heartBeat,connected count=3
info|2025-12-18 05:28:10.838079|timerFactory-0x00007ccbd95ff640|[RPC][WS][SERVICE]connected nodes,count=0
info|2025-12-18 05:28:12.159424|ioService-0x00007ccbed3ff640|[P2PService][Service][METRIC]heartBeat,connected count=3
info|2025-12-18 05:28:20.838127|timerFactory-0x00007ccbd95ff640|[RPC][WS][SERVICE]connected nodes,count=0
info|2025-12-18 05:28:22.159479|ioService-0x00007ccbed3ff640|[P2PService][Service][METRIC]heartBeat,connected count=3
info|2025-12-18 05:28:30.838200|timerFactory-0x00007ccbd95ff640|[RPC][WS][SERVICE]connected nodes,count=0
info|2025-12-18 05:28:32.159542|ioService-0x00007ccbed3ff640|[P2PService][Service][METRIC]heartBeat,connected count=3
info|2025-12-18 05:28:40.838223|timerFactory-0x00007ccbd95ff640|[RPC][WS][SERVICE]connected nodes,count=0
info|2025-12-18 05:28:42.159604|ioService-0x00007ccbed3ff640|[P2PService][Service][METRIC]heartBeat,connected count=3
info|2025-12-18 05:28:50.838246|timerFactory-0x00007ccbd95ff640|[RPC][WS][SERVICE]connected nodes,count=0
info|2025-12-18 05:28:52.159636|ioService-0x00007ccbed3ff640|[P2PService][Service][METRIC]heartBeat,connected count=3
info|2025-12-18 05:28:58.689935|objMonitor-0x00007ccbc67ff640|[startMonitor][AliveObjectMonitor],AliveObjectAllocStat=[ type: bcos::gateway::Socket ,created: 17 ,destroyed: 13 ,alive: 4 ] 
info|2025-12-18 05:29:00.838266|timerFactory-0x00007ccbd95ff640|[RPC][WS][SERVICE]connected nodes,count=0
info|2025-12-18 05:29:02.159802|ioService-0x00007ccbed3ff640|[P2PService][Service][METRIC]heartBeat,connected count=3
info|2025-12-18 05:29:10.838287|timerFactory-0x00007ccbd95ff640|[RPC][WS][SERVICE]connected nodes,count=0
info|2025-12-18 05:29:12.159862|ioService-0x00007ccbed3ff640|[P2PService][Service][METRIC]heartBeat,connected count=3
info|2025-12-18 05:29:20.838311|timerFactory-0x00007ccbd95ff640|[RPC][WS][SERVICE]connected nodes,count=0
info|2025-12-18 05:29:22.159981|ioService-0x00007ccbed3ff640|[P2PService][Service][METRIC]heartBeat,connected count=3
info|2025-12-18 05:29:30.838340|timerFactory-0x00007ccbd95ff640|[RPC][WS][SERVICE]connected nodes,count=0
info|2025-12-18 05:29:32.160045|ioService-0x00007ccbed3ff640|[P2PService][Service][METRIC]heartBeat,connected count=3
info|2025-12-18 05:29:40.838407|timerFactory-0x00007ccbd95ff640|[RPC][WS][SERVICE]connected nodes,count=0
info|2025-12-18 05:29:42.160272|ioService-0x00007ccbed3ff640|[P2PService][Service][METRIC]heartBeat,connected count=3
info|2025-12-18 05:29:50.838427|timerFactory-0x00007ccbd95ff640|[RPC][WS][SERVICE]connected nodes,count=0
info|2025-12-18 05:29:52.160324|ioService-0x00007ccbed3ff640|[P2PService][Service][METRIC]heartBeat,connected count=3
info|2025-12-18 05:29:58.689978|objMonitor-0x00007ccbc67ff640|[startMonitor][AliveObjectMonitor],AliveObjectAllocStat=[ type: bcos::gateway::Socket ,created: 17 ,destroyed: 13 ,alive: 4 ] 
info|2025-12-18 05:30:00.838448|timerFactory-0x00007ccbd95ff640|[RPC][WS][SERVICE]connected nodes,count=0
info|2025-12-18 05:30:02.160403|ioService-0x00007ccbed3ff640|[P2PService][Service][METRIC]heartBeat,connected count=3
info|2025-12-18 05:30:10.838467|timerFactory-0x00007ccbd95ff640|[RPC][WS][SERVICE]connected nodes,count=0
info|2025-12-18 05:30:12.160502|ioService-0x00007ccbed3ff640|[P2PService][Service][METRIC]heartBeat,connected count=3
info|2025-12-18 05:30:20.838523|timerFactory-0x00007ccbd95ff640|[RPC][WS][SERVICE]connected nodes,count=0
info|2025-12-18 05:30:22.160566|ioService-0x00007ccbed3ff640|[P2PService][Service][METRIC]heartBeat,connected count=3
info|2025-12-18 05:30:30.838584|timerFactory-0x00007ccbd95ff640|[RPC][WS][SERVICE]connected nodes,count=0
info|2025-12-18 05:30:32.160671|ioService-0x00007ccbed3ff640|[P2PService][Service][METRIC]heartBeat,connected count=3
info|2025-12-18 05:30:40.838604|timerFactory-0x00007ccbd95ff640|[RPC][WS][SERVICE]connected nodes,count=0
info|2025-12-18 05:30:42.160807|ioService-0x00007ccbed3ff640|[P2PService][Service][METRIC]heartBeat,connected count=3
info|2025-12-18 05:30:50.838658|timerFactory-0x00007ccbd95ff640|[RPC][WS][SERVICE]connected nodes,count=0
info|2025-12-18 05:30:52.160848|ioService-0x00007ccbed3ff640|[P2PService][Service][METRIC]heartBeat,connected count=3
info|2025-12-18 05:30:58.690020|objMonitor-0x00007ccbc67ff640|[startMonitor][AliveObjectMonitor],AliveObjectAllocStat=[ type: bcos::gateway::Socket ,created: 17 ,destroyed: 13 ,alive: 4 ] [ type: bcos::gateway::ResponseCallback ,created: 9765730 ,destroyed: 9765725 ,alive: 5 ] 
info|2025-12-18 05:31:00.838724|timerFactory-0x00007ccbd95ff640|[RPC][WS][SERVICE]connected nodes,count=0
info|2025-12-18 05:31:02.160909|ioService-0x00007ccbed3ff640|[P2PService][Service][METRIC]heartBeat,connected count=3
info|2025-12-18 05:31:10.838748|timerFactory-0x00007ccbd95ff640|[RPC][WS][SERVICE]connected nodes,count=0
info|2025-12-18 05:31:12.161082|ioService-0x00007ccbed3ff640|[P2PService][Service][METRIC]heartBeat,connected count=3
info|2025-12-18 05:31:20.838781|timerFactory-0x00007ccbd95ff640|[RPC][WS][SERVICE]connected nodes,count=0
info|2025-12-18 05:31:22.161139|ioService-0x00007ccbed3ff640|[P2PService][Service][METRIC]heartBeat,connected count=3
info|2025-12-18 05:31:30.838843|timerFactory-0x00007ccbd95ff640|[RPC][WS][SERVICE]connected nodes,count=0
info|2025-12-18 05:31:32.161207|ioService-0x00007ccbed3ff640|[P2PService][Service][METRIC]heartBeat,connected count=3
info|2025-12-18 05:31:40.838942|timerFactory-0x00007ccbd95ff640|[RPC][WS][SERVICE]connected nodes,count=0
info|2025-12-18 05:31:42.161233|ioService-0x00007ccbed3ff640|[P2PService][Service][METRIC]heartBeat,connected count=3
info|2025-12-18 05:31:50.839084|timerFactory-0x00007ccbd95ff640|[RPC][WS][SERVICE]connected nodes,count=0
info|2025-12-18 05:31:52.161301|ioService-0x00007ccbed3ff640|[P2PService][Service][METRIC]heartBeat,connected count=3
info|2025-12-18 05:31:58.690065|objMonitor-0x00007ccbc67ff640|[startMonitor][AliveObjectMonitor],AliveObjectAllocStat=[ type: bcos::gateway::Socket ,created: 17 ,destroyed: 13 ,alive: 4 ] 
info|2025-12-18 05:32:00.839109|timerFactory-0x00007ccbd95ff640|[RPC][WS][SERVICE]connected nodes,count=0
info|2025-12-18 05:32:02.161372|ioService-0x00007ccbed3ff640|[P2PService][Service][METRIC]heartBeat,connected count=3
info|2025-12-18 05:32:10.839194|timerFactory-0x00007ccbd95ff640|[RPC][WS][SERVICE]connected nodes,count=0
info|2025-12-18 05:32:12.161457|ioService-0x00007ccbed3ff640|[P2PService][Service][METRIC]heartBeat,connected count=3
info|2025-12-18 05:32:20.839267|timerFactory-0x00007ccbd95ff640|[RPC][WS][SERVICE]connected nodes,count=0
info|2025-12-18 05:32:22.161481|ioService-0x00007ccbed3ff640|[P2PService][Service][METRIC]heartBeat,connected count=3
info|2025-12-18 05:32:30.839332|timerFactory-0x00007ccbd95ff640|[RPC][WS][SERVICE]connected nodes,count=0
info|2025-12-18 05:32:32.161501|ioService-0x00007ccbed3ff640|[P2PService][Service][METRIC]heartBeat,connected count=3
info|2025-12-18 05:32:40.839352|timerFactory-0x00007ccbd95ff640|[RPC][WS][SERVICE]connected nodes,count=0
info|2025-12-18 05:32:42.161529|ioService-0x00007ccbed3ff640|[P2PService][Service][METRIC]heartBeat,connected count=3
info|2025-12-18 05:32:50.839373|timerFactory-0x00007ccbd95ff640|[RPC][WS][SERVICE]connected nodes,count=0
info|2025-12-18 05:32:52.161561|ioService-0x00007ccbed3ff640|[P2PService][Service][METRIC]heartBeat,connected count=3
info|2025-12-18 05:32:58.690163|objMonitor-0x00007ccbc67ff640|[startMonitor][AliveObjectMonitor],AliveObjectAllocStat=[ type: bcos::gateway::Socket ,created: 17 ,destroyed: 13 ,alive: 4 ] 
info|2025-12-18 05:33:00.839396|timerFactory-0x00007ccbd95ff640|[RPC][WS][SERVICE]connected nodes,count=0
info|2025-12-18 05:33:02.161645|ioService-0x00007ccbed3ff640|[P2PService][Service][METRIC]heartBeat,connected count=3
info|2025-12-18 05:33:10.839416|timerFactory-0x00007ccbd95ff640|[RPC][WS][SERVICE]connected nodes,count=0
info|2025-12-18 05:33:12.161677|ioService-0x00007ccbed3ff640|[P2PService][Service][METRIC]heartBeat,connected count=3
info|2025-12-18 05:33:20.839438|timerFactory-0x00007ccbd95ff640|[RPC][WS][SERVICE]connected nodes,count=0
info|2025-12-18 05:33:22.161705|ioService-0x00007ccbed3ff640|[P2PService][Service][METRIC]heartBeat,connected count=3
info|2025-12-18 05:33:30.839460|timerFactory-0x00007ccbd95ff640|[RPC][WS][SERVICE]connected nodes,count=0
info|2025-12-18 05:33:32.161811|ioService-0x00007ccbed3ff640|[P2PService][Service][METRIC]heartBeat,connected count=3
info|2025-12-18 05:33:40.839482|timerFactory-0x00007ccbd95ff640|[RPC][WS][SERVICE]connected nodes,count=0
info|2025-12-18 05:33:42.161901|ioService-0x00007ccbed3ff640|[P2PService][Service][METRIC]heartBeat,connected count=3
info|2025-12-18 05:33:50.839506|timerFactory-0x00007ccbd95ff640|[RPC][WS][SERVICE]connected nodes,count=0
info|2025-12-18 05:33:52.161921|ioService-0x00007ccbed3ff640|[P2PService][Service][METRIC]heartBeat,connected count=3
info|2025-12-18 05:33:58.690256|objMonitor-0x00007ccbc67ff640|[startMonitor][AliveObjectMonitor],AliveObjectAllocStat=[ type: bcos::gateway::Socket ,created: 17 ,destroyed: 13 ,alive: 4 ] 
info|2025-12-18 05:34:00.839532|timerFactory-0x00007ccbd95ff640|[RPC][WS][SERVICE]connected nodes,count=0
info|2025-12-18 05:34:02.161993|ioService-0x00007ccbed3ff640|[P2PService][Service][METRIC]heartBeat,connected count=3
info|2025-12-18 05:34:10.839557|timerFactory-0x00007ccbd95ff640|[RPC][WS][SERVICE]connected nodes,count=0
info|2025-12-18 05:34:12.162112|ioService-0x00007ccbed3ff640|[P2PService][Service][METRIC]heartBeat,connected count=3
info|2025-12-18 05:34:20.839605|timerFactory-0x00007ccbd95ff640|[RPC][WS][SERVICE]connected nodes,count=0
info|2025-12-18 05:34:22.162252|ioService-0x00007ccbed3ff640|[P2PService][Service][METRIC]heartBeat,connected count=3
info|2025-12-18 05:34:30.839665|timerFactory-0x00007ccbd95ff640|[RPC][WS][SERVICE]connected nodes,count=0
info|2025-12-18 05:34:32.162316|ioService-0x00007ccbed3ff640|[P2PService][Service][METRIC]heartBeat,connected count=3
info|2025-12-18 05:34:40.839692|timerFactory-0x00007ccbd95ff640|[RPC][WS][SERVICE]connected nodes,count=0
info|2025-12-18 05:34:42.162347|ioService-0x00007ccbed3ff640|[P2PService][Service][METRIC]heartBeat,connected count=3
info|2025-12-18 05:34:50.839716|timerFactory-0x00007ccbd95ff640|[RPC][WS][SERVICE]connected nodes,count=0
info|2025-12-18 05:34:52.162372|ioService-0x00007ccbed3ff640|[P2PService][Service][METRIC]heartBeat,connected count=3
info|2025-12-18 05:34:58.690309|objMonitor-0x00007ccbc67ff640|[startMonitor][AliveObjectMonitor],AliveObjectAllocStat=[ type: bcos::gateway::Socket ,created: 17 ,destroyed: 13 ,alive: 4 ] [ type: bcos::gateway::ResponseCallback ,created: 9769327 ,destroyed: 9769321 ,alive: 6 ] 
info|2025-12-18 05:35:00.839774|timerFactory-0x00007ccbd95ff640|[RPC][WS][SERVICE]connected nodes,count=0
info|2025-12-18 05:35:02.162400|ioService-0x00007ccbed3ff640|[P2PService][Service][METRIC]heartBeat,connected count=3
info|2025-12-18 05:35:10.839875|timerFactory-0x00007ccbd95ff640|[RPC][WS][SERVICE]connected nodes,count=0
info|2025-12-18 05:35:12.162572|ioService-0x00007ccbed3ff640|[P2PService][Service][METRIC]heartBeat,connected count=3
info|2025-12-18 05:35:20.839960|timerFactory-0x00007ccbd95ff640|[RPC][WS][SERVICE]connected nodes,count=0
info|2025-12-18 05:35:22.162634|ioService-0x00007ccbed3ff640|[P2PService][Service][METRIC]heartBeat,connected count=3
info|2025-12-18 05:35:30.839987|timerFactory-0x00007ccbd95ff640|[RPC][WS][SERVICE]connected nodes,count=0
info|2025-12-18 05:35:32.162733|ioService-0x00007ccbed3ff640|[P2PService][Service][METRIC]heartBeat,connected count=3
info|2025-12-18 05:35:40.840046|timerFactory-0x00007ccbd95ff640|[RPC][WS][SERVICE]connected nodes,count=0
info|2025-12-18 05:35:42.162788|ioService-0x00007ccbed3ff640|[P2PService][Service][METRIC]heartBeat,connected count=3
info|2025-12-18 05:35:50.840137|timerFactory-0x00007ccbd95ff640|[RPC][WS][SERVICE]connected nodes,count=0
info|2025-12-18 05:35:52.162844|ioService-0x00007ccbed3ff640|[P2PService][Service][METRIC]heartBeat,connected count=3
info|2025-12-18 05:35:58.690359|objMonitor-0x00007ccbc67ff640|[startMonitor][AliveObjectMonitor],AliveObjectAllocStat=[ type: bcos::gateway::Socket ,created: 17 ,destroyed: 13 ,alive: 4 ] 
info|2025-12-18 05:36:00.840207|timerFactory-0x00007ccbd95ff640|[RPC][WS][SERVICE]connected nodes,count=0
info|2025-12-18 05:36:02.162906|ioService-0x00007ccbed3ff640|[P2PService][Service][METRIC]heartBeat,connected count=3
info|2025-12-18 05:36:10.840261|timerFactory-0x00007ccbd95ff640|[RPC][WS][SERVICE]connected nodes,count=0
info|2025-12-18 05:36:12.162999|ioService-0x00007ccbed3ff640|[P2PService][Service][METRIC]heartBeat,connected count=3
info|2025-12-18 05:36:20.840330|timerFactory-0x00007ccbd95ff640|[RPC][WS][SERVICE]connected nodes,count=0
info|2025-12-18 05:36:22.163095|ioService-0x00007ccbed3ff640|[P2PService][Service][METRIC]heartBeat,connected count=3
info|2025-12-18 05:36:30.840355|timerFactory-0x00007ccbd95ff640|[RPC][WS][SERVICE]connected nodes,count=0
info|2025-12-18 05:36:32.163188|ioService-0x00007ccbed3ff640|[P2PService][Service][METRIC]heartBeat,connected count=3
info|2025-12-18 05:36:40.840380|timerFactory-0x00007ccbd95ff640|[RPC][WS][SERVICE]connected nodes,count=0
info|2025-12-18 05:36:42.163281|ioService-0x00007ccbed3ff640|[P2PService][Service][METRIC]heartBeat,connected count=3
info|2025-12-18 05:36:50.840403|timerFactory-0x00007ccbd95ff640|[RPC][WS][SERVICE]connected nodes,count=0
info|2025-12-18 05:36:52.163388|ioService-0x00007ccbed3ff640|[P2PService][Service][METRIC]heartBeat,connected count=3
info|2025-12-18 05:36:58.690415|objMonitor-0x00007ccbc67ff640|[startMonitor][AliveObjectMonitor],AliveObjectAllocStat=[ type: bcos::gateway::Socket ,created: 17 ,destroyed: 13 ,alive: 4 ] 
info|2025-12-18 05:37:00.840425|timerFactory-0x00007ccbd95ff640|[RPC][WS][SERVICE]connected nodes,count=0
info|2025-12-18 05:37:02.163419|ioService-0x00007ccbed3ff640|[P2PService][Service][METRIC]heartBeat,connected count=3
info|2025-12-18 05:37:10.840450|timerFactory-0x00007ccbd95ff640|[RPC][WS][SERVICE]connected nodes,count=0
info|2025-12-18 05:37:12.163448|ioService-0x00007ccbed3ff640|[P2PService][Service][METRIC]heartBeat,connected count=3
info|2025-12-18 05:37:20.840474|timerFactory-0x00007ccbd95ff640|[RPC][WS][SERVICE]connected nodes,count=0
info|2025-12-18 05:37:22.163510|ioService-0x00007ccbed3ff640|[P2PService][Service][METRIC]heartBeat,connected count=3
info|2025-12-18 05:37:30.840497|timerFactory-0x00007ccbd95ff640|[RPC][WS][SERVICE]connected nodes,count=0
info|2025-12-18 05:37:32.163592|ioService-0x00007ccbed3ff640|[P2PService][Service][METRIC]heartBeat,connected count=3
info|2025-12-18 05:37:40.840520|timerFactory-0x00007ccbd95ff640|[RPC][WS][SERVICE]connected nodes,count=0
info|2025-12-18 05:37:42.163659|ioService-0x00007ccbed3ff640|[P2PService][Service][METRIC]heartBeat,connected count=3
info|2025-12-18 05:37:50.840543|timerFactory-0x00007ccbd95ff640|[RPC][WS][SERVICE]connected nodes,count=0
info|2025-12-18 05:37:52.163710|ioService-0x00007ccbed3ff640|[P2PService][Service][METRIC]heartBeat,connected count=3
info|2025-12-18 05:37:58.690499|objMonitor-0x00007ccbc67ff640|[startMonitor][AliveObjectMonitor],AliveObjectAllocStat=[ type: bcos::gateway::Socket ,created: 17 ,destroyed: 13 ,alive: 4 ] 
info|2025-12-18 05:38:00.840572|timerFactory-0x00007ccbd95ff640|[RPC][WS][SERVICE]connected nodes,count=0
info|2025-12-18 05:38:02.163738|ioService-0x00007ccbed3ff640|[P2PService][Service][METRIC]heartBeat,connected count=3
info|2025-12-18 05:38:10.840597|timerFactory-0x00007ccbd95ff640|[RPC][WS][SERVICE]connected nodes,count=0
info|2025-12-18 05:38:12.163929|ioService-0x00007ccbed3ff640|[P2PService][Service][METRIC]heartBeat,connected count=3
info|2025-12-18 05:38:20.840620|timerFactory-0x00007ccbd95ff640|[RPC][WS][SERVICE]connected nodes,count=0
info|2025-12-18 05:38:22.164079|ioService-0x00007ccbed3ff640|[P2PService][Service][METRIC]heartBeat,connected count=3
info|2025-12-18 05:38:30.840644|timerFactory-0x00007ccbd95ff640|[RPC][WS][SERVICE]connected nodes,count=0
info|2025-12-18 05:38:32.164135|ioService-0x00007ccbed3ff640|[P2PService][Service][METRIC]heartBeat,connected count=3
info|2025-12-18 05:38:40.840688|timerFactory-0x00007ccbd95ff640|[RPC][WS][SERVICE]connected nodes,count=0
info|2025-12-18 05:38:42.164218|ioService-0x00007ccbed3ff640|[P2PService][Service][METRIC]heartBeat,connected count=3
info|2025-12-18 05:38:50.840783|timerFactory-0x00007ccbd95ff640|[RPC][WS][SERVICE]connected nodes,count=0
info|2025-12-18 05:38:52.164246|ioService-0x00007ccbed3ff640|[P2PService][Service][METRIC]heartBeat,connected count=3
info|2025-12-18 05:38:58.690546|objMonitor-0x00007ccbc67ff640|[startMonitor][AliveObjectMonitor],AliveObjectAllocStat=[ type: bcos::gateway::Socket ,created: 17 ,destroyed: 13 ,alive: 4 ] 
info|2025-12-18 05:39:00.840844|timerFactory-0x00007ccbd95ff640|[RPC][WS][SERVICE]connected nodes,count=0
info|2025-12-18 05:39:02.164270|ioService-0x00007ccbed3ff640|[P2PService][Service][METRIC]heartBeat,connected count=3
info|2025-12-18 05:39:10.840911|timerFactory-0x00007ccbd95ff640|[RPC][WS][SERVICE]connected nodes,count=0
info|2025-12-18 05:39:12.164293|ioService-0x00007ccbed3ff640|[P2PService][Service][METRIC]heartBeat,connected count=3
info|2025-12-18 05:39:20.840997|timerFactory-0x00007ccbd95ff640|[RPC][WS][SERVICE]connected nodes,count=0
info|2025-12-18 05:39:22.164370|ioService-0x00007ccbed3ff640|[P2PService][Service][METRIC]heartBeat,connected count=3
info|2025-12-18 05:39:30.841023|timerFactory-0x00007ccbd95ff640|[RPC][WS][SERVICE]connected nodes,count=0
info|2025-12-18 05:39:32.164392|ioService-0x00007ccbed3ff640|[P2PService][Service][METRIC]heartBeat,connected count=3
info|2025-12-18 05:39:40.841052|timerFactory-0x00007ccbd95ff640|[RPC][WS][SERVICE]connected nodes,count=0
info|2025-12-18 05:39:42.164426|ioService-0x00007ccbed3ff640|[P2PService][Service][METRIC]heartBeat,connected count=3
info|2025-12-18 05:39:50.841076|timerFactory-0x00007ccbd95ff640|[RPC][WS][SERVICE]connected nodes,count=0
info|2025-12-18 05:39:52.164453|ioService-0x00007ccbed3ff640|[P2PService][Service][METRIC]heartBeat,connected count=3
info|2025-12-18 05:39:58.690595|objMonitor-0x00007ccbc67ff640|[startMonitor][AliveObjectMonitor],AliveObjectAllocStat=[ type: bcos::gateway::Socket ,created: 17 ,destroyed: 13 ,alive: 4 ] 
info|2025-12-18 05:40:00.841132|timerFactory-0x00007ccbd95ff640|[RPC][WS][SERVICE]connected nodes,count=0
info|2025-12-18 05:40:02.164481|ioService-0x00007ccbed3ff640|[P2PService][Service][METRIC]heartBeat,connected count=3
info|2025-12-18 05:40:10.841173|timerFactory-0x00007ccbd95ff640|[RPC][WS][SERVICE]connected nodes,count=0
info|2025-12-18 05:40:12.164506|ioService-0x00007ccbed3ff640|[P2PService][Service][METRIC]heartBeat,connected count=3
info|2025-12-18 05:40:20.841197|timerFactory-0x00007ccbd95ff640|[RPC][WS][SERVICE]connected nodes,count=0
info|2025-12-18 05:40:22.164558|ioService-0x00007ccbed3ff640|[P2PService][Service][METRIC]heartBeat,connected count=3
info|2025-12-18 05:40:30.841253|timerFactory-0x00007ccbd95ff640|[RPC][WS][SERVICE]connected nodes,count=0
info|2025-12-18 05:40:32.164635|ioService-0x00007ccbed3ff640|[P2PService][Service][METRIC]heartBeat,connected count=3
info|2025-12-18 05:40:40.841314|timerFactory-0x00007ccbd95ff640|[RPC][WS][SERVICE]connected nodes,count=0
info|2025-12-18 05:40:42.164663|ioService-0x00007ccbed3ff640|[P2PService][Service][METRIC]heartBeat,connected count=3
info|2025-12-18 05:40:50.841338|timerFactory-0x00007ccbd95ff640|[RPC][WS][SERVICE]connected nodes,count=0
info|2025-12-18 05:40:52.164720|ioService-0x00007ccbed3ff640|[P2PService][Service][METRIC]heartBeat,connected count=3
info|2025-12-18 05:40:58.690696|objMonitor-0x00007ccbc67ff640|[startMonitor][AliveObjectMonitor],AliveObjectAllocStat=[ type: bcos::gateway::Socket ,created: 17 ,destroyed: 13 ,alive: 4 ] 
info|2025-12-18 05:41:00.841361|timerFactory-0x00007ccbd95ff640|[RPC][WS][SERVICE]connected nodes,count=0
info|2025-12-18 05:41:02.164812|ioService-0x00007ccbed3ff640|[P2PService][Service][METRIC]heartBeat,connected count=3
info|2025-12-18 05:41:10.841383|timerFactory-0x00007ccbd95ff640|[RPC][WS][SERVICE]connected nodes,count=0
info|2025-12-18 05:41:12.165132|ioService-0x00007ccbed3ff640|[P2PService][Service][METRIC]heartBeat,connected count=3
info|2025-12-18 05:41:20.841409|timerFactory-0x00007ccbd95ff640|[RPC][WS][SERVICE]connected nodes,count=0
info|2025-12-18 05:41:22.165234|ioService-0x00007ccbed3ff640|[P2PService][Service][METRIC]heartBeat,connected count=3
info|2025-12-18 05:41:30.841433|timerFactory-0x00007ccbd95ff640|[RPC][WS][SERVICE]connected nodes,count=0
info|2025-12-18 05:41:32.165256|ioService-0x00007ccbed3ff640|[P2PService][Service][METRIC]heartBeat,connected count=3
info|2025-12-18 05:41:40.841459|timerFactory-0x00007ccbd95ff640|[RPC][WS][SERVICE]connected nodes,count=0
info|2025-12-18 05:41:42.165317|ioService-0x00007ccbed3ff640|[P2PService][Service][METRIC]heartBeat,connected count=3
info|2025-12-18 05:41:50.841541|timerFactory-0x00007ccbd95ff640|[RPC][WS][SERVICE]connected nodes,count=0
info|2025-12-18 05:41:52.165350|ioService-0x00007ccbed3ff640|[P2PService][Service][METRIC]heartBeat,connected count=3
info|2025-12-18 05:41:58.690781|objMonitor-0x00007ccbc67ff640|[startMonitor][AliveObjectMonitor],AliveObjectAllocStat=[ type: bcos::gateway::Socket ,created: 17 ,destroyed: 13 ,alive: 4 ] 
info|2025-12-18 05:42:00.841602|timerFactory-0x00007ccbd95ff640|[RPC][WS][SERVICE]connected nodes,count=0
info|2025-12-18 05:42:02.165400|ioService-0x00007ccbed3ff640|[P2PService][Service][METRIC]heartBeat,connected count=3
info|2025-12-18 05:42:10.841623|timerFactory-0x00007ccbd95ff640|[RPC][WS][SERVICE]connected nodes,count=0
info|2025-12-18 05:42:12.165461|ioService-0x00007ccbed3ff640|[P2PService][Service][METRIC]heartBeat,connected count=3
info|2025-12-18 05:42:20.841674|timerFactory-0x00007ccbd95ff640|[RPC][WS][SERVICE]connected nodes,count=0
info|2025-12-18 05:42:22.165483|ioService-0x00007ccbed3ff640|[P2PService][Service][METRIC]heartBeat,connected count=3
info|2025-12-18 05:42:30.841696|timerFactory-0x00007ccbd95ff640|[RPC][WS][SERVICE]connected nodes,count=0
info|2025-12-18 05:42:32.165512|ioService-0x00007ccbed3ff640|[P2PService][Service][METRIC]heartBeat,connected count=3
info|2025-12-18 05:42:40.841719|timerFactory-0x00007ccbd95ff640|[RPC][WS][SERVICE]connected nodes,count=0
info|2025-12-18 05:42:42.165641|ioService-0x00007ccbed3ff640|[P2PService][Service][METRIC]heartBeat,connected count=3
info|2025-12-18 05:42:50.841776|timerFactory-0x00007ccbd95ff640|[RPC][WS][SERVICE]connected nodes,count=0
info|2025-12-18 05:42:52.165706|ioService-0x00007ccbed3ff640|[P2PService][Service][METRIC]heartBeat,connected count=3
info|2025-12-18 05:42:58.690833|objMonitor-0x00007ccbc67ff640|[startMonitor][AliveObjectMonitor],AliveObjectAllocStat=[ type: bcos::gateway::Socket ,created: 17 ,destroyed: 13 ,alive: 4 ] 
info|2025-12-18 05:43:00.841872|timerFactory-0x00007ccbd95ff640|[RPC][WS][SERVICE]connected nodes,count=0
info|2025-12-18 05:43:02.165797|ioService-0x00007ccbed3ff640|[P2PService][Service][METRIC]heartBeat,connected count=3
info|2025-12-18 05:43:10.841929|timerFactory-0x00007ccbd95ff640|[RPC][WS][SERVICE]connected nodes,count=0
info|2025-12-18 05:43:12.165820|ioService-0x00007ccbed3ff640|[P2PService][Service][METRIC]heartBeat,connected count=3
info|2025-12-18 05:43:20.841953|timerFactory-0x00007ccbd95ff640|[RPC][WS][SERVICE]connected nodes,count=0
info|2025-12-18 05:43:22.165845|ioService-0x00007ccbed3ff640|[P2PService][Service][METRIC]heartBeat,connected count=3
info|2025-12-18 05:43:30.841978|timerFactory-0x00007ccbd95ff640|[RPC][WS][SERVICE]connected nodes,count=0
info|2025-12-18 05:43:32.165879|ioService-0x00007ccbed3ff640|[P2PService][Service][METRIC]heartBeat,connected count=3
info|2025-12-18 05:43:40.842008|timerFactory-0x00007ccbd95ff640|[RPC][WS][SERVICE]connected nodes,count=0
info|2025-12-18 05:43:42.165906|ioService-0x00007ccbed3ff640|[P2PService][Service][METRIC]heartBeat,connected count=3
info|2025-12-18 05:43:50.842076|timerFactory-0x00007ccbd95ff640|[RPC][WS][SERVICE]connected nodes,count=0
info|2025-12-18 05:43:52.166106|ioService-0x00007ccbed3ff640|[P2PService][Service][METRIC]heartBeat,connected count=3
info|2025-12-18 05:43:58.690883|objMonitor-0x00007ccbc67ff640|[startMonitor][AliveObjectMonitor],AliveObjectAllocStat=[ type: bcos::gateway::Socket ,created: 17 ,destroyed: 13 ,alive: 4 ] 
info|2025-12-18 05:44:00.842096|timerFactory-0x00007ccbd95ff640|[RPC][WS][SERVICE]connected nodes,count=0
info|2025-12-18 05:44:02.166212|ioService-0x00007ccbed3ff640|[P2PService][Service][METRIC]heartBeat,connected count=3
info|2025-12-18 05:44:10.842116|timerFactory-0x00007ccbd95ff640|[RPC][WS][SERVICE]connected nodes,count=0
info|2025-12-18 05:44:12.166299|ioService-0x00007ccbed3ff640|[P2PService][Service][METRIC]heartBeat,connected count=3
info|2025-12-18 05:44:20.842190|timerFactory-0x00007ccbd95ff640|[RPC][WS][SERVICE]connected nodes,count=0
info|2025-12-18 05:44:22.166325|ioService-0x00007ccbed3ff640|[P2PService][Service][METRIC]heartBeat,connected count=3
info|2025-12-18 05:44:30.842217|timerFactory-0x00007ccbd95ff640|[RPC][WS][SERVICE]connected nodes,count=0
info|2025-12-18 05:44:32.166347|ioService-0x00007ccbed3ff640|[P2PService][Service][METRIC]heartBeat,connected count=3
info|2025-12-18 05:44:40.842245|timerFactory-0x00007ccbd95ff640|[RPC][WS][SERVICE]connected nodes,count=0
info|2025-12-18 05:44:42.166423|ioService-0x00007ccbed3ff640|[P2PService][Service][METRIC]heartBeat,connected count=3
info|2025-12-18 05:44:50.842299|timerFactory-0x00007ccbd95ff640|[RPC][WS][SERVICE]connected nodes,count=0
info|2025-12-18 05:44:52.166536|ioService-0x00007ccbed3ff640|[P2PService][Service][METRIC]heartBeat,connected count=3
info|2025-12-18 05:44:58.690934|objMonitor-0x00007ccbc67ff640|[startMonitor][AliveObjectMonitor],AliveObjectAllocStat=[ type: bcos::gateway::Socket ,created: 17 ,destroyed: 13 ,alive: 4 ] 
info|2025-12-18 05:45:00.842330|timerFactory-0x00007ccbd95ff640|[RPC][WS][SERVICE]connected nodes,count=0
info|2025-12-18 05:45:02.166571|ioService-0x00007ccbed3ff640|[P2PService][Service][METRIC]heartBeat,connected count=3
info|2025-12-18 05:45:10.842352|timerFactory-0x00007ccbd95ff640|[RPC][WS][SERVICE]connected nodes,count=0
info|2025-12-18 05:45:12.166654|ioService-0x00007ccbed3ff640|[P2PService][Service][METRIC]heartBeat,connected count=3
info|2025-12-18 05:45:20.842378|timerFactory-0x00007ccbd95ff640|[RPC][WS][SERVICE]connected nodes,count=0
info|2025-12-18 05:45:22.166772|ioService-0x00007ccbed3ff640|[P2PService][Service][METRIC]heartBeat,connected count=3
info|2025-12-18 05:45:30.842439|timerFactory-0x00007ccbd95ff640|[RPC][WS][SERVICE]connected nodes,count=0
info|2025-12-18 05:45:32.166819|ioService-0x00007ccbed3ff640|[P2PService][Service][METRIC]heartBeat,connected count=3
info|2025-12-18 05:45:40.842503|timerFactory-0x00007ccbd95ff640|[RPC][WS][SERVICE]connected nodes,count=0
info|2025-12-18 05:45:42.166850|ioService-0x00007ccbed3ff640|[P2PService][Service][METRIC]heartBeat,connected count=3
info|2025-12-18 05:45:50.842550|timerFactory-0x00007ccbd95ff640|[RPC][WS][SERVICE]connected nodes,count=0
info|2025-12-18 05:45:52.166997|ioService-0x00007ccbed3ff640|[P2PService][Service][METRIC]heartBeat,connected count=3
info|2025-12-18 05:45:58.690985|objMonitor-0x00007ccbc67ff640|[startMonitor][AliveObjectMonitor],AliveObjectAllocStat=[ type: bcos::gateway::Socket ,created: 17 ,destroyed: 13 ,alive: 4 ] 
info|2025-12-18 05:46:00.842631|timerFactory-0x00007ccbd95ff640|[RPC][WS][SERVICE]connected nodes,count=0
info|2025-12-18 05:46:02.167063|ioService-0x00007ccbed3ff640|[P2PService][Service][METRIC]heartBeat,connected count=3
info|2025-12-18 05:46:10.842652|timerFactory-0x00007ccbd95ff640|[RPC][WS][SERVICE]connected nodes,count=0
info|2025-12-18 05:46:12.167092|ioService-0x00007ccbed3ff640|[P2PService][Service][METRIC]heartBeat,connected count=3
info|2025-12-18 05:46:20.842719|timerFactory-0x00007ccbd95ff640|[RPC][WS][SERVICE]connected nodes,count=0
info|2025-12-18 05:46:22.167182|ioService-0x00007ccbed3ff640|[P2PService][Service][METRIC]heartBeat,connected count=3
info|2025-12-18 05:46:30.842755|timerFactory-0x00007ccbd95ff640|[RPC][WS][SERVICE]connected nodes,count=0
info|2025-12-18 05:46:32.167206|ioService-0x00007ccbed3ff640|[P2PService][Service][METRIC]heartBeat,connected count=3
info|2025-12-18 05:46:40.842777|timerFactory-0x00007ccbd95ff640|[RPC][WS][SERVICE]connected nodes,count=0
info|2025-12-18 05:46:42.167232|ioService-0x00007ccbed3ff640|[P2PService][Service][METRIC]heartBeat,connected count=3
info|2025-12-18 05:46:50.842859|timerFactory-0x00007ccbd95ff640|[RPC][WS][SERVICE]connected nodes,count=0
info|2025-12-18 05:46:52.167261|ioService-0x00007ccbed3ff640|[P2PService][Service][METRIC]heartBeat,connected count=3
info|2025-12-18 05:46:58.691094|objMonitor-0x00007ccbc67ff640|[startMonitor][AliveObjectMonitor],AliveObjectAllocStat=[ type: bcos::gateway::Socket ,created: 17 ,destroyed: 13 ,alive: 4 ] [ type: bcos::gateway::ResponseCallback ,created: 9780118 ,destroyed: 9780114 ,alive: 4 ] 
info|2025-12-18 05:47:00.842884|timerFactory-0x00007ccbd95ff640|[RPC][WS][SERVICE]connected nodes,count=0
info|2025-12-18 05:47:02.167290|ioService-0x00007ccbed3ff640|[P2PService][Service][METRIC]heartBeat,connected count=3
info|2025-12-18 05:47:10.842959|timerFactory-0x00007ccbd95ff640|[RPC][WS][SERVICE]connected nodes,count=0
info|2025-12-18 05:47:12.167331|ioService-0x00007ccbed3ff640|[P2PService][Service][METRIC]heartBeat,connected count=3
info|2025-12-18 05:47:20.842982|timerFactory-0x00007ccbd95ff640|[RPC][WS][SERVICE]connected nodes,count=0
info|2025-12-18 05:47:22.167418|ioService-0x00007ccbed3ff640|[P2PService][Service][METRIC]heartBeat,connected count=3
info|2025-12-18 05:47:30.843040|timerFactory-0x00007ccbd95ff640|[RPC][WS][SERVICE]connected nodes,count=0
info|2025-12-18 05:47:32.167585|ioService-0x00007ccbed3ff640|[P2PService][Service][METRIC]heartBeat,connected count=3
info|2025-12-18 05:47:40.843179|timerFactory-0x00007ccbd95ff640|[RPC][WS][SERVICE]connected nodes,count=0
info|2025-12-18 05:47:42.167652|ioService-0x00007ccbed3ff640|[P2PService][Service][METRIC]heartBeat,connected count=3
info|2025-12-18 05:47:50.843199|timerFactory-0x00007ccbd95ff640|[RPC][WS][SERVICE]connected nodes,count=0
info|2025-12-18 05:47:52.167716|ioService-0x00007ccbed3ff640|[P2PService][Service][METRIC]heartBeat,connected count=3
info|2025-12-18 05:47:58.691187|objMonitor-0x00007ccbc67ff640|[startMonitor][AliveObjectMonitor],AliveObjectAllocStat=[ type: bcos::gateway::Socket ,created: 17 ,destroyed: 13 ,alive: 4 ] 
info|2025-12-18 05:48:00.843296|timerFactory-0x00007ccbd95ff640|[RPC][WS][SERVICE]connected nodes,count=0
info|2025-12-18 05:48:02.167775|ioService-0x00007ccbed3ff640|[P2PService][Service][METRIC]heartBeat,connected count=3
info|2025-12-18 05:48:10.843321|timerFactory-0x00007ccbd95ff640|[RPC][WS][SERVICE]connected nodes,count=0
info|2025-12-18 05:48:12.167832|ioService-0x00007ccbed3ff640|[P2PService][Service][METRIC]heartBeat,connected count=3
info|2025-12-18 05:48:20.843344|timerFactory-0x00007ccbd95ff640|[RPC][WS][SERVICE]connected nodes,count=0
info|2025-12-18 05:48:22.167895|ioService-0x00007ccbed3ff640|[P2PService][Service][METRIC]heartBeat,connected count=3
info|2025-12-18 05:48:30.843368|timerFactory-0x00007ccbd95ff640|[RPC][WS][SERVICE]connected nodes,count=0
info|2025-12-18 05:48:32.167917|ioService-0x00007ccbed3ff640|[P2PService][Service][METRIC]heartBeat,connected count=3
info|2025-12-18 05:48:40.843395|timerFactory-0x00007ccbd95ff640|[RPC][WS][SERVICE]connected nodes,count=0
info|2025-12-18 05:48:42.168085|ioService-0x00007ccbed3ff640|[P2PService][Service][METRIC]heartBeat,connected count=3
info|2025-12-18 05:48:50.843468|timerFactory-0x00007ccbd95ff640|[RPC][WS][SERVICE]connected nodes,count=0
info|2025-12-18 05:48:52.168120|ioService-0x00007ccbed3ff640|[P2PService][Service][METRIC]heartBeat,connected count=3
info|2025-12-18 05:48:58.691238|objMonitor-0x00007ccbc67ff640|[startMonitor][AliveObjectMonitor],AliveObjectAllocStat=[ type: bcos::gateway::Socket ,created: 17 ,destroyed: 13 ,alive: 4 ] 
info|2025-12-18 05:49:00.843492|timerFactory-0x00007ccbd95ff640|[RPC][WS][SERVICE]connected nodes,count=0
info|2025-12-18 05:49:02.168139|ioService-0x00007ccbed3ff640|[P2PService][Service][METRIC]heartBeat,connected count=3
info|2025-12-18 05:49:10.843512|timerFactory-0x00007ccbd95ff640|[RPC][WS][SERVICE]connected nodes,count=0
info|2025-12-18 05:49:12.168222|ioService-0x00007ccbed3ff640|[P2PService][Service][METRIC]heartBeat,connected count=3
info|2025-12-18 05:49:20.843533|timerFactory-0x00007ccbd95ff640|[RPC][WS][SERVICE]connected nodes,count=0
info|2025-12-18 05:49:22.168245|ioService-0x00007ccbed3ff640|[P2PService][Service][METRIC]heartBeat,connected count=3
info|2025-12-18 05:49:30.843587|timerFactory-0x00007ccbd95ff640|[RPC][WS][SERVICE]connected nodes,count=0
info|2025-12-18 05:49:32.168269|ioService-0x00007ccbed3ff640|[P2PService][Service][METRIC]heartBeat,connected count=3
info|2025-12-18 05:49:40.843690|timerFactory-0x00007ccbd95ff640|[RPC][WS][SERVICE]connected nodes,count=0
info|2025-12-18 05:49:42.168328|ioService-0x00007ccbed3ff640|[P2PService][Service][METRIC]heartBeat,connected count=3
info|2025-12-18 05:49:50.843747|timerFactory-0x00007ccbd95ff640|[RPC][WS][SERVICE]connected nodes,count=0
info|2025-12-18 05:49:52.168386|ioService-0x00007ccbed3ff640|[P2PService][Service][METRIC]heartBeat,connected count=3
info|2025-12-18 05:49:58.691318|objMonitor-0x00007ccbc67ff640|[startMonitor][AliveObjectMonitor],AliveObjectAllocStat=[ type: bcos::gateway::Socket ,created: 17 ,destroyed: 13 ,alive: 4 ] 
info|2025-12-18 05:50:00.843770|timerFactory-0x00007ccbd95ff640|[RPC][WS][SERVICE]connected nodes,count=0
info|2025-12-18 05:50:02.168409|ioService-0x00007ccbed3ff640|[P2PService][Service][METRIC]heartBeat,connected count=3
info|2025-12-18 05:50:10.843797|timerFactory-0x00007ccbd95ff640|[RPC][WS][SERVICE]connected nodes,count=0
info|2025-12-18 05:50:12.168446|ioService-0x00007ccbed3ff640|[P2PService][Service][METRIC]heartBeat,connected count=3
info|2025-12-18 05:50:20.843823|timerFactory-0x00007ccbd95ff640|[RPC][WS][SERVICE]connected nodes,count=0
info|2025-12-18 05:50:22.168476|ioService-0x00007ccbed3ff640|[P2PService][Service][METRIC]heartBeat,connected count=3
info|2025-12-18 05:50:30.843878|timerFactory-0x00007ccbd95ff640|[RPC][WS][SERVICE]connected nodes,count=0
info|2025-12-18 05:50:32.168584|ioService-0x00007ccbed3ff640|[P2PService][Service][METRIC]heartBeat,connected count=3
info|2025-12-18 05:50:40.844045|timerFactory-0x00007ccbd95ff640|[RPC][WS][SERVICE]connected nodes,count=0
info|2025-12-18 05:50:42.168615|ioService-0x00007ccbed3ff640|[P2PService][Service][METRIC]heartBeat,connected count=3
info|2025-12-18 05:50:50.844116|timerFactory-0x00007ccbd95ff640|[RPC][WS][SERVICE]connected nodes,count=0
info|2025-12-18 05:50:52.168684|ioService-0x00007ccbed3ff640|[P2PService][Service][METRIC]heartBeat,connected count=3
info|2025-12-18 05:50:58.691356|objMonitor-0x00007ccbc67ff640|[startMonitor][AliveObjectMonitor],AliveObjectAllocStat=[ type: bcos::gateway::Socket ,created: 17 ,destroyed: 13 ,alive: 4 ] [ type: bcos::gateway::ResponseCallback ,created: 9783715 ,destroyed: 9783711 ,alive: 4 ] 
info|2025-12-18 05:51:00.844198|timerFactory-0x00007ccbd95ff640|[RPC][WS][SERVICE]connected nodes,count=0
info|2025-12-18 05:51:02.168793|ioService-0x00007ccbed3ff640|[P2PService][Service][METRIC]heartBeat,connected count=3
info|2025-12-18 05:51:10.844219|timerFactory-0x00007ccbd95ff640|[RPC][WS][SERVICE]connected nodes,count=0
info|2025-12-18 05:51:12.168828|ioService-0x00007ccbed3ff640|[P2PService][Service][METRIC]heartBeat,connected count=3
info|2025-12-18 05:51:20.844241|timerFactory-0x00007ccbd95ff640|[RPC][WS][SERVICE]connected nodes,count=0
info|2025-12-18 05:51:22.168903|ioService-0x00007ccbed3ff640|[P2PService][Service][METRIC]heartBeat,connected count=3
info|2025-12-18 05:51:30.844263|timerFactory-0x00007ccbd95ff640|[RPC][WS][SERVICE]connected nodes,count=0
info|2025-12-18 05:51:32.168960|ioService-0x00007ccbed3ff640|[P2PService][Service][METRIC]heartBeat,connected count=3
info|2025-12-18 05:51:40.844326|timerFactory-0x00007ccbd95ff640|[RPC][WS][SERVICE]connected nodes,count=0
info|2025-12-18 05:51:42.169094|ioService-0x00007ccbed3ff640|[P2PService][Service][METRIC]heartBeat,connected count=3
info|2025-12-18 05:51:50.844349|timerFactory-0x00007ccbd95ff640|[RPC][WS][SERVICE]connected nodes,count=0
info|2025-12-18 05:51:52.169221|ioService-0x00007ccbed3ff640|[P2PService][Service][METRIC]heartBeat,connected count=3
info|2025-12-18 05:51:58.691395|objMonitor-0x00007ccbc67ff640|[startMonitor][AliveObjectMonitor],AliveObjectAllocStat=[ type: bcos::gateway::Socket ,created: 17 ,destroyed: 13 ,alive: 4 ] 
info|2025-12-18 05:52:00.844417|timerFactory-0x00007ccbd95ff640|[RPC][WS][SERVICE]connected nodes,count=0
info|2025-12-18 05:52:02.169251|ioService-0x00007ccbed3ff640|[P2PService][Service][METRIC]heartBeat,connected count=3
info|2025-12-18 05:52:10.844441|timerFactory-0x00007ccbd95ff640|[RPC][WS][SERVICE]connected nodes,count=0
info|2025-12-18 05:52:12.169308|ioService-0x00007ccbed3ff640|[P2PService][Service][METRIC]heartBeat,connected count=3
info|2025-12-18 05:52:20.844463|timerFactory-0x00007ccbd95ff640|[RPC][WS][SERVICE]connected nodes,count=0
info|2025-12-18 05:52:22.169394|ioService-0x00007ccbed3ff640|[P2PService][Service][METRIC]heartBeat,connected count=3
info|2025-12-18 05:52:30.844528|timerFactory-0x00007ccbd95ff640|[RPC][WS][SERVICE]connected nodes,count=0
info|2025-12-18 05:52:32.169419|ioService-0x00007ccbed3ff640|[P2PService][Service][METRIC]heartBeat,connected count=3
info|2025-12-18 05:52:40.844595|timerFactory-0x00007ccbd95ff640|[RPC][WS][SERVICE]connected nodes,count=0
info|2025-12-18 05:52:42.169498|ioService-0x00007ccbed3ff640|[P2PService][Service][METRIC]heartBeat,connected count=3
info|2025-12-18 05:52:50.844730|timerFactory-0x00007ccbd95ff640|[RPC][WS][SERVICE]connected nodes,count=0
info|2025-12-18 05:52:52.169519|ioService-0x00007ccbed3ff640|[P2PService][Service][METRIC]heartBeat,connected count=3
info|2025-12-18 05:52:58.691441|objMonitor-0x00007ccbc67ff640|[startMonitor][AliveObjectMonitor],AliveObjectAllocStat=[ type: bcos::gateway::Socket ,created: 17 ,destroyed: 13 ,alive: 4 ] 
info|2025-12-18 05:53:00.844790|timerFactory-0x00007ccbd95ff640|[RPC][WS][SERVICE]connected nodes,count=0
info|2025-12-18 05:53:02.169555|ioService-0x00007ccbed3ff640|[P2PService][Service][METRIC]heartBeat,connected count=3
info|2025-12-18 05:53:10.844878|timerFactory-0x00007ccbd95ff640|[RPC][WS][SERVICE]connected nodes,count=0
info|2025-12-18 05:53:12.169618|ioService-0x00007ccbed3ff640|[P2PService][Service][METRIC]heartBeat,connected count=3
info|2025-12-18 05:53:20.844900|timerFactory-0x00007ccbd95ff640|[RPC][WS][SERVICE]connected nodes,count=0
info|2025-12-18 05:53:22.169680|ioService-0x00007ccbed3ff640|[P2PService][Service][METRIC]heartBeat,connected count=3
info|2025-12-18 05:53:30.844919|timerFactory-0x00007ccbd95ff640|[RPC][WS][SERVICE]connected nodes,count=0
info|2025-12-18 05:53:32.169715|ioService-0x00007ccbed3ff640|[P2PService][Service][METRIC]heartBeat,connected count=3
info|2025-12-18 05:53:40.844938|timerFactory-0x00007ccbd95ff640|[RPC][WS][SERVICE]connected nodes,count=0
info|2025-12-18 05:53:42.169778|ioService-0x00007ccbed3ff640|[P2PService][Service][METRIC]heartBeat,connected count=3
info|2025-12-18 05:53:50.844958|timerFactory-0x00007ccbd95ff640|[RPC][WS][SERVICE]connected nodes,count=0
info|2025-12-18 05:53:52.169811|ioService-0x00007ccbed3ff640|[P2PService][Service][METRIC]heartBeat,connected count=3
info|2025-12-18 05:53:58.691568|objMonitor-0x00007ccbc67ff640|[startMonitor][AliveObjectMonitor],AliveObjectAllocStat=[ type: bcos::gateway::Socket ,created: 17 ,destroyed: 13 ,alive: 4 ] 
info|2025-12-18 05:54:00.844978|timerFactory-0x00007ccbd95ff640|[RPC][WS][SERVICE]connected nodes,count=0
info|2025-12-18 05:54:02.169837|ioService-0x00007ccbed3ff640|[P2PService][Service][METRIC]heartBeat,connected count=3
info|2025-12-18 05:54:10.845172|timerFactory-0x00007ccbd95ff640|[RPC][WS][SERVICE]connected nodes,count=0
info|2025-12-18 05:54:12.169921|ioService-0x00007ccbed3ff640|[P2PService][Service][METRIC]heartBeat,connected count=3
info|2025-12-18 05:54:20.845240|timerFactory-0x00007ccbd95ff640|[RPC][WS][SERVICE]connected nodes,count=0
info|2025-12-18 05:54:22.170107|ioService-0x00007ccbed3ff640|[P2PService][Service][METRIC]heartBeat,connected count=3
info|2025-12-18 05:54:30.845259|timerFactory-0x00007ccbd95ff640|[RPC][WS][SERVICE]connected nodes,count=0
info|2025-12-18 05:54:32.170193|ioService-0x00007ccbed3ff640|[P2PService][Service][METRIC]heartBeat,connected count=3
info|2025-12-18 05:54:40.845283|timerFactory-0x00007ccbd95ff640|[RPC][WS][SERVICE]connected nodes,count=0
info|2025-12-18 05:54:42.170233|ioService-0x00007ccbed3ff640|[P2PService][Service][METRIC]heartBeat,connected count=3
info|2025-12-18 05:54:50.845350|timerFactory-0x00007ccbd95ff640|[RPC][WS][SERVICE]connected nodes,count=0
info|2025-12-18 05:54:52.170316|ioService-0x00007ccbed3ff640|[P2PService][Service][METRIC]heartBeat,connected count=3
info|2025-12-18 05:54:58.691633|objMonitor-0x00007ccbc67ff640|[startMonitor][AliveObjectMonitor],AliveObjectAllocStat=[ type: bcos::gateway::Socket ,created: 17 ,destroyed: 13 ,alive: 4 ] 
info|2025-12-18 05:55:00.845372|timerFactory-0x00007ccbd95ff640|[RPC][WS][SERVICE]connected nodes,count=0
info|2025-12-18 05:55:02.170340|ioService-0x00007ccbed3ff640|[P2PService][Service][METRIC]heartBeat,connected count=3
info|2025-12-18 05:55:10.845392|timerFactory-0x00007ccbd95ff640|[RPC][WS][SERVICE]connected nodes,count=0
info|2025-12-18 05:55:12.170364|ioService-0x00007ccbed3ff640|[P2PService][Service][METRIC]heartBeat,connected count=3
info|2025-12-18 05:55:20.845415|timerFactory-0x00007ccbd95ff640|[RPC][WS][SERVICE]connected nodes,count=0
info|2025-12-18 05:55:22.170387|ioService-0x00007ccbed3ff640|[P2PService][Service][METRIC]heartBeat,connected count=3
info|2025-12-18 05:55:30.845434|timerFactory-0x00007ccbd95ff640|[RPC][WS][SERVICE]connected nodes,count=0
info|2025-12-18 05:55:32.170410|ioService-0x00007ccbed3ff640|[P2PService][Service][METRIC]heartBeat,connected count=3
info|2025-12-18 05:55:40.845453|timerFactory-0x00007ccbd95ff640|[RPC][WS][SERVICE]connected nodes,count=0
info|2025-12-18 05:55:42.170479|ioService-0x00007ccbed3ff640|[P2PService][Service][METRIC]heartBeat,connected count=3
info|2025-12-18 05:55:50.845475|timerFactory-0x00007ccbd95ff640|[RPC][WS][SERVICE]connected nodes,count=0
info|2025-12-18 05:55:52.170559|ioService-0x00007ccbed3ff640|[P2PService][Service][METRIC]heartBeat,connected count=3
info|2025-12-18 05:55:58.691673|objMonitor-0x00007ccbc67ff640|[startMonitor][AliveObjectMonitor],AliveObjectAllocStat=[ type: bcos::gateway::Socket ,created: 17 ,destroyed: 13 ,alive: 4 ] 
info|2025-12-18 05:56:00.845500|timerFactory-0x00007ccbd95ff640|[RPC][WS][SERVICE]connected nodes,count=0
info|2025-12-18 05:56:02.170623|ioService-0x00007ccbed3ff640|[P2PService][Service][METRIC]heartBeat,connected count=3
info|2025-12-18 05:56:10.845524|timerFactory-0x00007ccbd95ff640|[RPC][WS][SERVICE]connected nodes,count=0
info|2025-12-18 05:56:12.170645|ioService-0x00007ccbed3ff640|[P2PService][Service][METRIC]heartBeat,connected count=3
info|2025-12-18 05:56:20.845550|timerFactory-0x00007ccbd95ff640|[RPC][WS][SERVICE]connected nodes,count=0
info|2025-12-18 05:56:22.170710|ioService-0x00007ccbed3ff640|[P2PService][Service][METRIC]heartBeat,connected count=3
info|2025-12-18 05:56:30.845723|timerFactory-0x00007ccbd95ff640|[RPC][WS][SERVICE]connected nodes,count=0
info|2025-12-18 05:56:32.170740|ioService-0x00007ccbed3ff640|[P2PService][Service][METRIC]heartBeat,connected count=3
info|2025-12-18 05:56:40.845746|timerFactory-0x00007ccbd95ff640|[RPC][WS][SERVICE]connected nodes,count=0
info|2025-12-18 05:56:42.170766|ioService-0x00007ccbed3ff640|[P2PService][Service][METRIC]heartBeat,connected count=3
info|2025-12-18 05:56:50.845765|timerFactory-0x00007ccbd95ff640|[RPC][WS][SERVICE]connected nodes,count=0
info|2025-12-18 05:56:52.170788|ioService-0x00007ccbed3ff640|[P2PService][Service][METRIC]heartBeat,connected count=3
info|2025-12-18 05:56:58.691754|objMonitor-0x00007ccbc67ff640|[startMonitor][AliveObjectMonitor],AliveObjectAllocStat=[ type: bcos::gateway::Socket ,created: 17 ,destroyed: 13 ,alive: 4 ] 
info|2025-12-18 05:57:00.845784|timerFactory-0x00007ccbd95ff640|[RPC][WS][SERVICE]connected nodes,count=0
info|2025-12-18 05:57:02.170845|ioService-0x00007ccbed3ff640|[P2PService][Service][METRIC]heartBeat,connected count=3
info|2025-12-18 05:57:10.845805|timerFactory-0x00007ccbd95ff640|[RPC][WS][SERVICE]connected nodes,count=0
info|2025-12-18 05:57:12.170872|ioService-0x00007ccbed3ff640|[P2PService][Service][METRIC]heartBeat,connected count=3
info|2025-12-18 05:57:20.845875|timerFactory-0x00007ccbd95ff640|[RPC][WS][SERVICE]connected nodes,count=0
info|2025-12-18 05:57:22.171113|ioService-0x00007ccbed3ff640|[P2PService][Service][METRIC]heartBeat,connected count=3
info|2025-12-18 05:57:30.845909|timerFactory-0x00007ccbd95ff640|[RPC][WS][SERVICE]connected nodes,count=0
info|2025-12-18 05:57:32.171170|ioService-0x00007ccbed3ff640|[P2PService][Service][METRIC]heartBeat,connected count=3
info|2025-12-18 05:57:40.845962|timerFactory-0x00007ccbd95ff640|[RPC][WS][SERVICE]connected nodes,count=0
info|2025-12-18 05:57:42.171235|ioService-0x00007ccbed3ff640|[P2PService][Service][METRIC]heartBeat,connected count=3
info|2025-12-18 05:57:50.846027|timerFactory-0x00007ccbd95ff640|[RPC][WS][SERVICE]connected nodes,count=0
info|2025-12-18 05:57:52.171310|ioService-0x00007ccbed3ff640|[P2PService][Service][METRIC]heartBeat,connected count=3
info|2025-12-18 05:57:58.691912|objMonitor-0x00007ccbc67ff640|[startMonitor][AliveObjectMonitor],AliveObjectAllocStat=[ type: bcos::gateway::Socket ,created: 17 ,destroyed: 13 ,alive: 4 ] 
info|2025-12-18 05:58:00.846054|timerFactory-0x00007ccbd95ff640|[RPC][WS][SERVICE]connected nodes,count=0
info|2025-12-18 05:58:02.171341|ioService-0x00007ccbed3ff640|[P2PService][Service][METRIC]heartBeat,connected count=3
info|2025-12-18 05:58:10.846076|timerFactory-0x00007ccbd95ff640|[RPC][WS][SERVICE]connected nodes,count=0
info|2025-12-18 05:58:12.171405|ioService-0x00007ccbed3ff640|[P2PService][Service][METRIC]heartBeat,connected count=3
info|2025-12-18 05:58:20.846131|timerFactory-0x00007ccbd95ff640|[RPC][WS][SERVICE]connected nodes,count=0
info|2025-12-18 05:58:22.171436|ioService-0x00007ccbed3ff640|[P2PService][Service][METRIC]heartBeat,connected count=3
info|2025-12-18 05:58:30.846243|timerFactory-0x00007ccbd95ff640|[RPC][WS][SERVICE]connected nodes,count=0
info|2025-12-18 05:58:32.171514|ioService-0x00007ccbed3ff640|[P2PService][Service][METRIC]heartBeat,connected count=3
info|2025-12-18 05:58:40.846298|timerFactory-0x00007ccbd95ff640|[RPC][WS][SERVICE]connected nodes,count=0
info|2025-12-18 05:58:42.171617|ioService-0x00007ccbed3ff640|[P2PService][Service][METRIC]heartBeat,connected count=3
info|2025-12-18 05:58:50.846340|timerFactory-0x00007ccbd95ff640|[RPC][WS][SERVICE]connected nodes,count=0
info|2025-12-18 05:58:52.171705|ioService-0x00007ccbed3ff640|[P2PService][Service][METRIC]heartBeat,connected count=3
info|2025-12-18 05:58:58.691971|objMonitor-0x00007ccbc67ff640|[startMonitor][AliveObjectMonitor],AliveObjectAllocStat=[ type: bcos::gateway::Socket ,created: 17 ,destroyed: 13 ,alive: 4 ] [ type: bcos::gateway::ResponseCallback ,created: 9790909 ,destroyed: 9790905 ,alive: 4 ] 
info|2025-12-18 05:59:00.846365|timerFactory-0x00007ccbd95ff640|[RPC][WS][SERVICE]connected nodes,count=0
info|2025-12-18 05:59:02.171875|ioService-0x00007ccbed3ff640|[P2PService][Service][METRIC]heartBeat,connected count=3
info|2025-12-18 05:59:10.846436|timerFactory-0x00007ccbd95ff640|[RPC][WS][SERVICE]connected nodes,count=0
info|2025-12-18 05:59:12.171979|ioService-0x00007ccbed3ff640|[P2PService][Service][METRIC]heartBeat,connected count=3
info|2025-12-18 05:59:20.846460|timerFactory-0x00007ccbd95ff640|[RPC][WS][SERVICE]connected nodes,count=0
info|2025-12-18 05:59:22.172039|ioService-0x00007ccbed3ff640|[P2PService][Service][METRIC]heartBeat,connected count=3
info|2025-12-18 05:59:30.846511|timerFactory-0x00007ccbd95ff640|[RPC][WS][SERVICE]connected nodes,count=0
info|2025-12-18 05:59:32.172128|ioService-0x00007ccbed3ff640|[P2PService][Service][METRIC]heartBeat,connected count=3
info|2025-12-18 05:59:40.846596|timerFactory-0x00007ccbd95ff640|[RPC][WS][SERVICE]connected nodes,count=0
info|2025-12-18 05:59:42.172221|ioService-0x00007ccbed3ff640|[P2PService][Service][METRIC]heartBeat,connected count=3
info|2025-12-18 05:59:50.846769|timerFactory-0x00007ccbd95ff640|[RPC][WS][SERVICE]connected nodes,count=0
info|2025-12-18 05:59:52.172248|ioService-0x00007ccbed3ff640|[P2PService][Service][METRIC]heartBeat,connected count=3
info|2025-12-18 05:59:58.692142|objMonitor-0x00007ccbc67ff640|[startMonitor][AliveObjectMonitor],AliveObjectAllocStat=[ type: bcos::gateway::Socket ,created: 17 ,destroyed: 13 ,alive: 4 ] 
