info|2025-12-13 02:00:08.924923|timerFactory-0x00007ccbd95ff640|[RPC][WS][SERVICE]connected nodes,count=0
info|2025-12-13 02:00:09.330247|ioService-0x00007ccbed3ff640|[P2PService][Service][METRIC]heartBeat,connected count=3
info|2025-12-13 02:00:18.924955|timerFactory-0x00007ccbd95ff640|[RPC][WS][SERVICE]connected nodes,count=0
info|2025-12-13 02:00:19.330350|ioService-0x00007ccbed3ff640|[P2PService][Service][METRIC]heartBeat,connected count=3
info|2025-12-13 02:00:28.925126|timerFactory-0x00007ccbd95ff640|[RPC][WS][SERVICE]connected nodes,count=0
info|2025-12-13 02:00:29.330377|ioService-0x00007ccbed3ff640|[P2PService][Service][METRIC]heartBeat,connected count=3
info|2025-12-13 02:00:38.925223|timerFactory-0x00007ccbd95ff640|[RPC][WS][SERVICE]connected nodes,count=0
info|2025-12-13 02:00:39.330454|ioService-0x00007ccbed3ff640|[P2PService][Service][METRIC]heartBeat,connected count=3
info|2025-12-13 02:00:48.925255|timerFactory-0x00007ccbd95ff640|[RPC][WS][SERVICE]connected nodes,count=0
info|2025-12-13 02:00:49.330477|ioService-0x00007ccbed3ff640|[P2PService][Service][METRIC]heartBeat,connected count=3
info|2025-12-13 02:00:58.192454|objMonitor-0x00007ccbc67ff640|[startMonitor][AliveObjectMonitor],AliveObjectAllocStat=[ type: bcos::gateway::Socket ,created: 9 ,destroyed: 5 ,alive: 4 ] [ type: bcos::gateway::ResponseCallback ,created: 3102349 ,destroyed: 3102343 ,alive: 6 ] 
info|2025-12-13 02:00:58.925282|timerFactory-0x00007ccbd95ff640|[RPC][WS][SERVICE]connected nodes,count=0
info|2025-12-13 02:00:59.330524|ioService-0x00007ccbed3ff640|[P2PService][Service][METRIC]heartBeat,connected count=3
info|2025-12-13 02:01:08.925346|timerFactory-0x00007ccbd95ff640|[RPC][WS][SERVICE]connected nodes,count=0
info|2025-12-13 02:01:09.330638|ioService-0x00007ccbed3ff640|[P2PService][Service][METRIC]heartBeat,connected count=3
info|2025-12-13 02:01:18.925377|timerFactory-0x00007ccbd95ff640|[RPC][WS][SERVICE]connected nodes,count=0
info|2025-12-13 02:01:19.330726|ioService-0x00007ccbed3ff640|[P2PService][Service][METRIC]heartBeat,connected count=3
info|2025-12-13 02:01:28.925405|timerFactory-0x00007ccbd95ff640|[RPC][WS][SERVICE]connected nodes,count=0
info|2025-12-13 02:01:29.330787|ioService-0x00007ccbed3ff640|[P2PService][Service][METRIC]heartBeat,connected count=3
info|2025-12-13 02:01:38.925435|timerFactory-0x00007ccbd95ff640|[RPC][WS][SERVICE]connected nodes,count=0
info|2025-12-13 02:01:39.330950|ioService-0x00007ccbed3ff640|[P2PService][Service][METRIC]heartBeat,connected count=3
info|2025-12-13 02:01:48.925466|timerFactory-0x00007ccbd95ff640|[RPC][WS][SERVICE]connected nodes,count=0
info|2025-12-13 02:01:49.331049|ioService-0x00007ccbed3ff640|[P2PService][Service][METRIC]heartBeat,connected count=3
info|2025-12-13 02:01:58.192554|objMonitor-0x00007ccbc67ff640|[startMonitor][AliveObjectMonitor],AliveObjectAllocStat=[ type: bcos::gateway::Socket ,created: 9 ,destroyed: 5 ,alive: 4 ] 
info|2025-12-13 02:01:58.925501|timerFactory-0x00007ccbd95ff640|[RPC][WS][SERVICE]connected nodes,count=0
info|2025-12-13 02:01:59.331078|ioService-0x00007ccbed3ff640|[P2PService][Service][METRIC]heartBeat,connected count=3
info|2025-12-13 02:02:08.925633|timerFactory-0x00007ccbd95ff640|[RPC][WS][SERVICE]connected nodes,count=0
info|2025-12-13 02:02:09.331105|ioService-0x00007ccbed3ff640|[P2PService][Service][METRIC]heartBeat,connected count=3
info|2025-12-13 02:02:18.925700|timerFactory-0x00007ccbd95ff640|[RPC][WS][SERVICE]connected nodes,count=0
info|2025-12-13 02:02:19.331210|ioService-0x00007ccbed3ff640|[P2PService][Service][METRIC]heartBeat,connected count=3
info|2025-12-13 02:02:28.925784|timerFactory-0x00007ccbd95ff640|[RPC][WS][SERVICE]connected nodes,count=0
info|2025-12-13 02:02:29.331295|ioService-0x00007ccbed3ff640|[P2PService][Service][METRIC]heartBeat,connected count=3
info|2025-12-13 02:02:38.925852|timerFactory-0x00007ccbd95ff640|[RPC][WS][SERVICE]connected nodes,count=0
info|2025-12-13 02:02:39.331319|ioService-0x00007ccbed3ff640|[P2PService][Service][METRIC]heartBeat,connected count=3
info|2025-12-13 02:02:48.926109|timerFactory-0x00007ccbd95ff640|[RPC][WS][SERVICE]connected nodes,count=0
info|2025-12-13 02:02:49.331340|ioService-0x00007ccbed3ff640|[P2PService][Service][METRIC]heartBeat,connected count=3
info|2025-12-13 02:02:58.192584|objMonitor-0x00007ccbc67ff640|[startMonitor][AliveObjectMonitor],AliveObjectAllocStat=[ type: bcos::gateway::Socket ,created: 9 ,destroyed: 5 ,alive: 4 ] 
info|2025-12-13 02:02:58.926140|timerFactory-0x00007ccbd95ff640|[RPC][WS][SERVICE]connected nodes,count=0
info|2025-12-13 02:02:59.331358|ioService-0x00007ccbed3ff640|[P2PService][Service][METRIC]heartBeat,connected count=3
info|2025-12-13 02:03:08.926202|timerFactory-0x00007ccbd95ff640|[RPC][WS][SERVICE]connected nodes,count=0
info|2025-12-13 02:03:09.331377|ioService-0x00007ccbed3ff640|[P2PService][Service][METRIC]heartBeat,connected count=3
info|2025-12-13 02:03:18.926287|timerFactory-0x00007ccbd95ff640|[RPC][WS][SERVICE]connected nodes,count=0
info|2025-12-13 02:03:19.331430|ioService-0x00007ccbed3ff640|[P2PService][Service][METRIC]heartBeat,connected count=3
info|2025-12-13 02:03:28.926309|timerFactory-0x00007ccbd95ff640|[RPC][WS][SERVICE]connected nodes,count=0
info|2025-12-13 02:03:29.331463|ioService-0x00007ccbed3ff640|[P2PService][Service][METRIC]heartBeat,connected count=3
info|2025-12-13 02:03:38.926325|timerFactory-0x00007ccbd95ff640|[RPC][WS][SERVICE]connected nodes,count=0
info|2025-12-13 02:03:39.331484|ioService-0x00007ccbed3ff640|[P2PService][Service][METRIC]heartBeat,connected count=3
info|2025-12-13 02:03:48.926341|timerFactory-0x00007ccbd95ff640|[RPC][WS][SERVICE]connected nodes,count=0
info|2025-12-13 02:03:49.331504|ioService-0x00007ccbed3ff640|[P2PService][Service][METRIC]heartBeat,connected count=3
info|2025-12-13 02:03:58.192649|objMonitor-0x00007ccbc67ff640|[startMonitor][AliveObjectMonitor],AliveObjectAllocStat=[ type: bcos::gateway::Socket ,created: 9 ,destroyed: 5 ,alive: 4 ] 
info|2025-12-13 02:03:58.926358|timerFactory-0x00007ccbd95ff640|[RPC][WS][SERVICE]connected nodes,count=0
info|2025-12-13 02:03:59.331564|ioService-0x00007ccbed3ff640|[P2PService][Service][METRIC]heartBeat,connected count=3
info|2025-12-13 02:04:08.926402|timerFactory-0x00007ccbd95ff640|[RPC][WS][SERVICE]connected nodes,count=0
info|2025-12-13 02:04:09.331590|ioService-0x00007ccbed3ff640|[P2PService][Service][METRIC]heartBeat,connected count=3
info|2025-12-13 02:04:18.926447|timerFactory-0x00007ccbd95ff640|[RPC][WS][SERVICE]connected nodes,count=0
info|2025-12-13 02:04:19.331608|ioService-0x00007ccbed3ff640|[P2PService][Service][METRIC]heartBeat,connected count=3
info|2025-12-13 02:04:28.926463|timerFactory-0x00007ccbd95ff640|[RPC][WS][SERVICE]connected nodes,count=0
info|2025-12-13 02:04:29.331693|ioService-0x00007ccbed3ff640|[P2PService][Service][METRIC]heartBeat,connected count=3
info|2025-12-13 02:04:38.926489|timerFactory-0x00007ccbd95ff640|[RPC][WS][SERVICE]connected nodes,count=0
info|2025-12-13 02:04:39.331845|ioService-0x00007ccbed3ff640|[P2PService][Service][METRIC]heartBeat,connected count=3
info|2025-12-13 02:04:48.926522|timerFactory-0x00007ccbd95ff640|[RPC][WS][SERVICE]connected nodes,count=0
info|2025-12-13 02:04:49.331877|ioService-0x00007ccbed3ff640|[P2PService][Service][METRIC]heartBeat,connected count=3
info|2025-12-13 02:04:58.192686|objMonitor-0x00007ccbc67ff640|[startMonitor][AliveObjectMonitor],AliveObjectAllocStat=[ type: bcos::gateway::Socket ,created: 9 ,destroyed: 5 ,alive: 4 ] 
info|2025-12-13 02:04:58.926578|timerFactory-0x00007ccbd95ff640|[RPC][WS][SERVICE]connected nodes,count=0
info|2025-12-13 02:04:59.331962|ioService-0x00007ccbed3ff640|[P2PService][Service][METRIC]heartBeat,connected count=3
info|2025-12-13 02:05:08.926597|timerFactory-0x00007ccbd95ff640|[RPC][WS][SERVICE]connected nodes,count=0
info|2025-12-13 02:05:09.332044|ioService-0x00007ccbed3ff640|[P2PService][Service][METRIC]heartBeat,connected count=3
info|2025-12-13 02:05:18.926725|timerFactory-0x00007ccbd95ff640|[RPC][WS][SERVICE]connected nodes,count=0
info|2025-12-13 02:05:19.332113|ioService-0x00007ccbed3ff640|[P2PService][Service][METRIC]heartBeat,connected count=3
info|2025-12-13 02:05:28.926779|timerFactory-0x00007ccbd95ff640|[RPC][WS][SERVICE]connected nodes,count=0
info|2025-12-13 02:05:29.332184|ioService-0x00007ccbed3ff640|[P2PService][Service][METRIC]heartBeat,connected count=3
info|2025-12-13 02:05:38.926821|timerFactory-0x00007ccbd95ff640|[RPC][WS][SERVICE]connected nodes,count=0
info|2025-12-13 02:05:39.332324|ioService-0x00007ccbed3ff640|[P2PService][Service][METRIC]heartBeat,connected count=3
info|2025-12-13 02:05:48.926885|timerFactory-0x00007ccbd95ff640|[RPC][WS][SERVICE]connected nodes,count=0
info|2025-12-13 02:05:49.332347|ioService-0x00007ccbed3ff640|[P2PService][Service][METRIC]heartBeat,connected count=3
info|2025-12-13 02:05:58.192755|objMonitor-0x00007ccbc67ff640|[startMonitor][AliveObjectMonitor],AliveObjectAllocStat=[ type: bcos::gateway::Socket ,created: 9 ,destroyed: 5 ,alive: 4 ] 
info|2025-12-13 02:05:58.926952|timerFactory-0x00007ccbd95ff640|[RPC][WS][SERVICE]connected nodes,count=0
info|2025-12-13 02:05:59.332428|ioService-0x00007ccbed3ff640|[P2PService][Service][METRIC]heartBeat,connected count=3
info|2025-12-13 02:06:08.927040|timerFactory-0x00007ccbd95ff640|[RPC][WS][SERVICE]connected nodes,count=0
info|2025-12-13 02:06:09.332505|ioService-0x00007ccbed3ff640|[P2PService][Service][METRIC]heartBeat,connected count=3
info|2025-12-13 02:06:18.927058|timerFactory-0x00007ccbd95ff640|[RPC][WS][SERVICE]connected nodes,count=0
info|2025-12-13 02:06:19.332534|ioService-0x00007ccbed3ff640|[P2PService][Service][METRIC]heartBeat,connected count=3
info|2025-12-13 02:06:28.927098|timerFactory-0x00007ccbd95ff640|[RPC][WS][SERVICE]connected nodes,count=0
info|2025-12-13 02:06:29.332638|ioService-0x00007ccbed3ff640|[P2PService][Service][METRIC]heartBeat,connected count=3
info|2025-12-13 02:06:38.927145|timerFactory-0x00007ccbd95ff640|[RPC][WS][SERVICE]connected nodes,count=0
info|2025-12-13 02:06:39.332659|ioService-0x00007ccbed3ff640|[P2PService][Service][METRIC]heartBeat,connected count=3
info|2025-12-13 02:06:48.927202|timerFactory-0x00007ccbd95ff640|[RPC][WS][SERVICE]connected nodes,count=0
info|2025-12-13 02:06:49.332720|ioService-0x00007ccbed3ff640|[P2PService][Service][METRIC]heartBeat,connected count=3
info|2025-12-13 02:06:58.192883|objMonitor-0x00007ccbc67ff640|[startMonitor][AliveObjectMonitor],AliveObjectAllocStat=[ type: bcos::gateway::Socket ,created: 9 ,destroyed: 5 ,alive: 4 ] 
info|2025-12-13 02:06:58.927243|timerFactory-0x00007ccbd95ff640|[RPC][WS][SERVICE]connected nodes,count=0
info|2025-12-13 02:06:59.332775|ioService-0x00007ccbed3ff640|[P2PService][Service][METRIC]heartBeat,connected count=3
info|2025-12-13 02:07:08.927258|timerFactory-0x00007ccbd95ff640|[RPC][WS][SERVICE]connected nodes,count=0
info|2025-12-13 02:07:09.332822|ioService-0x00007ccbed3ff640|[P2PService][Service][METRIC]heartBeat,connected count=3
info|2025-12-13 02:07:18.927301|timerFactory-0x00007ccbd95ff640|[RPC][WS][SERVICE]connected nodes,count=0
info|2025-12-13 02:07:19.332849|ioService-0x00007ccbed3ff640|[P2PService][Service][METRIC]heartBeat,connected count=3
info|2025-12-13 02:07:28.927342|timerFactory-0x00007ccbd95ff640|[RPC][WS][SERVICE]connected nodes,count=0
info|2025-12-13 02:07:29.332870|ioService-0x00007ccbed3ff640|[P2PService][Service][METRIC]heartBeat,connected count=3
info|2025-12-13 02:07:38.927359|timerFactory-0x00007ccbd95ff640|[RPC][WS][SERVICE]connected nodes,count=0
info|2025-12-13 02:07:39.332939|ioService-0x00007ccbed3ff640|[P2PService][Service][METRIC]heartBeat,connected count=3
info|2025-12-13 02:07:48.927377|timerFactory-0x00007ccbd95ff640|[RPC][WS][SERVICE]connected nodes,count=0
info|2025-12-13 02:07:49.333033|ioService-0x00007ccbed3ff640|[P2PService][Service][METRIC]heartBeat,connected count=3
info|2025-12-13 02:07:58.192941|objMonitor-0x00007ccbc67ff640|[startMonitor][AliveObjectMonitor],AliveObjectAllocStat=[ type: bcos::gateway::Socket ,created: 9 ,destroyed: 5 ,alive: 4 ] 
info|2025-12-13 02:07:58.927395|timerFactory-0x00007ccbd95ff640|[RPC][WS][SERVICE]connected nodes,count=0
info|2025-12-13 02:07:59.333244|ioService-0x00007ccbed3ff640|[P2PService][Service][METRIC]heartBeat,connected count=3
info|2025-12-13 02:08:08.927417|timerFactory-0x00007ccbd95ff640|[RPC][WS][SERVICE]connected nodes,count=0
info|2025-12-13 02:08:09.333317|ioService-0x00007ccbed3ff640|[P2PService][Service][METRIC]heartBeat,connected count=3
info|2025-12-13 02:08:18.927436|timerFactory-0x00007ccbd95ff640|[RPC][WS][SERVICE]connected nodes,count=0
info|2025-12-13 02:08:19.333399|ioService-0x00007ccbed3ff640|[P2PService][Service][METRIC]heartBeat,connected count=3
info|2025-12-13 02:08:28.927456|timerFactory-0x00007ccbd95ff640|[RPC][WS][SERVICE]connected nodes,count=0
info|2025-12-13 02:08:29.333434|ioService-0x00007ccbed3ff640|[P2PService][Service][METRIC]heartBeat,connected count=3
info|2025-12-13 02:08:38.927484|timerFactory-0x00007ccbd95ff640|[RPC][WS][SERVICE]connected nodes,count=0
info|2025-12-13 02:08:39.333517|ioService-0x00007ccbed3ff640|[P2PService][Service][METRIC]heartBeat,connected count=3
info|2025-12-13 02:08:48.927505|timerFactory-0x00007ccbd95ff640|[RPC][WS][SERVICE]connected nodes,count=0
info|2025-12-13 02:08:49.333580|ioService-0x00007ccbed3ff640|[P2PService][Service][METRIC]heartBeat,connected count=3
info|2025-12-13 02:08:58.192972|objMonitor-0x00007ccbc67ff640|[startMonitor][AliveObjectMonitor],AliveObjectAllocStat=[ type: bcos::gateway::Socket ,created: 9 ,destroyed: 5 ,alive: 4 ] 
info|2025-12-13 02:08:58.927553|timerFactory-0x00007ccbd95ff640|[RPC][WS][SERVICE]connected nodes,count=0
info|2025-12-13 02:08:59.333791|ioService-0x00007ccbed3ff640|[P2PService][Service][METRIC]heartBeat,connected count=3
info|2025-12-13 02:09:08.927655|timerFactory-0x00007ccbd95ff640|[RPC][WS][SERVICE]connected nodes,count=0
info|2025-12-13 02:09:09.333841|ioService-0x00007ccbed3ff640|[P2PService][Service][METRIC]heartBeat,connected count=3
info|2025-12-13 02:09:18.927715|timerFactory-0x00007ccbd95ff640|[RPC][WS][SERVICE]connected nodes,count=0
info|2025-12-13 02:09:19.333903|ioService-0x00007ccbed3ff640|[P2PService][Service][METRIC]heartBeat,connected count=3
info|2025-12-13 02:09:28.927735|timerFactory-0x00007ccbd95ff640|[RPC][WS][SERVICE]connected nodes,count=0
info|2025-12-13 02:09:29.333960|ioService-0x00007ccbed3ff640|[P2PService][Service][METRIC]heartBeat,connected count=3
info|2025-12-13 02:09:38.927751|timerFactory-0x00007ccbd95ff640|[RPC][WS][SERVICE]connected nodes,count=0
info|2025-12-13 02:09:39.334067|ioService-0x00007ccbed3ff640|[P2PService][Service][METRIC]heartBeat,connected count=3
info|2025-12-13 02:09:48.927768|timerFactory-0x00007ccbd95ff640|[RPC][WS][SERVICE]connected nodes,count=0
info|2025-12-13 02:09:49.334084|ioService-0x00007ccbed3ff640|[P2PService][Service][METRIC]heartBeat,connected count=3
info|2025-12-13 02:09:58.193062|objMonitor-0x00007ccbc67ff640|[startMonitor][AliveObjectMonitor],AliveObjectAllocStat=[ type: bcos::gateway::Socket ,created: 9 ,destroyed: 5 ,alive: 4 ] 
info|2025-12-13 02:09:58.927814|timerFactory-0x00007ccbd95ff640|[RPC][WS][SERVICE]connected nodes,count=0
info|2025-12-13 02:09:59.334216|ioService-0x00007ccbed3ff640|[P2PService][Service][METRIC]heartBeat,connected count=3
info|2025-12-13 02:10:08.927879|timerFactory-0x00007ccbd95ff640|[RPC][WS][SERVICE]connected nodes,count=0
info|2025-12-13 02:10:09.334330|ioService-0x00007ccbed3ff640|[P2PService][Service][METRIC]heartBeat,connected count=3
info|2025-12-13 02:10:18.927920|timerFactory-0x00007ccbd95ff640|[RPC][WS][SERVICE]connected nodes,count=0
info|2025-12-13 02:10:19.334351|ioService-0x00007ccbed3ff640|[P2PService][Service][METRIC]heartBeat,connected count=3
info|2025-12-13 02:10:28.927969|timerFactory-0x00007ccbd95ff640|[RPC][WS][SERVICE]connected nodes,count=0
info|2025-12-13 02:10:29.334385|ioService-0x00007ccbed3ff640|[P2PService][Service][METRIC]heartBeat,connected count=3
info|2025-12-13 02:10:38.928057|timerFactory-0x00007ccbd95ff640|[RPC][WS][SERVICE]connected nodes,count=0
info|2025-12-13 02:10:39.334414|ioService-0x00007ccbed3ff640|[P2PService][Service][METRIC]heartBeat,connected count=3
info|2025-12-13 02:10:48.928076|timerFactory-0x00007ccbd95ff640|[RPC][WS][SERVICE]connected nodes,count=0
info|2025-12-13 02:10:49.334477|ioService-0x00007ccbed3ff640|[P2PService][Service][METRIC]heartBeat,connected count=3
info|2025-12-13 02:10:58.193098|objMonitor-0x00007ccbc67ff640|[startMonitor][AliveObjectMonitor],AliveObjectAllocStat=[ type: bcos::gateway::Socket ,created: 9 ,destroyed: 5 ,alive: 4 ] 
info|2025-12-13 02:10:58.928093|timerFactory-0x00007ccbd95ff640|[RPC][WS][SERVICE]connected nodes,count=0
info|2025-12-13 02:10:59.334553|ioService-0x00007ccbed3ff640|[P2PService][Service][METRIC]heartBeat,connected count=3
info|2025-12-13 02:11:08.928109|timerFactory-0x00007ccbd95ff640|[RPC][WS][SERVICE]connected nodes,count=0
info|2025-12-13 02:11:09.334573|ioService-0x00007ccbed3ff640|[P2PService][Service][METRIC]heartBeat,connected count=3
info|2025-12-13 02:11:18.928124|timerFactory-0x00007ccbd95ff640|[RPC][WS][SERVICE]connected nodes,count=0
info|2025-12-13 02:11:19.334597|ioService-0x00007ccbed3ff640|[P2PService][Service][METRIC]heartBeat,connected count=3
info|2025-12-13 02:11:28.928139|timerFactory-0x00007ccbd95ff640|[RPC][WS][SERVICE]connected nodes,count=0
info|2025-12-13 02:11:29.334669|ioService-0x00007ccbed3ff640|[P2PService][Service][METRIC]heartBeat,connected count=3
info|2025-12-13 02:11:38.928183|timerFactory-0x00007ccbd95ff640|[RPC][WS][SERVICE]connected nodes,count=0
info|2025-12-13 02:11:39.334731|ioService-0x00007ccbed3ff640|[P2PService][Service][METRIC]heartBeat,connected count=3
info|2025-12-13 02:11:48.928232|timerFactory-0x00007ccbd95ff640|[RPC][WS][SERVICE]connected nodes,count=0
info|2025-12-13 02:11:49.334881|ioService-0x00007ccbed3ff640|[P2PService][Service][METRIC]heartBeat,connected count=3
info|2025-12-13 02:11:58.193130|objMonitor-0x00007ccbc67ff640|[startMonitor][AliveObjectMonitor],AliveObjectAllocStat=[ type: bcos::gateway::Socket ,created: 9 ,destroyed: 5 ,alive: 4 ] 
info|2025-12-13 02:11:58.928249|timerFactory-0x00007ccbd95ff640|[RPC][WS][SERVICE]connected nodes,count=0
info|2025-12-13 02:11:59.334937|ioService-0x00007ccbed3ff640|[P2PService][Service][METRIC]heartBeat,connected count=3
info|2025-12-13 02:12:08.928376|timerFactory-0x00007ccbd95ff640|[RPC][WS][SERVICE]connected nodes,count=0
info|2025-12-13 02:12:09.335055|ioService-0x00007ccbed3ff640|[P2PService][Service][METRIC]heartBeat,connected count=3
info|2025-12-13 02:12:18.928423|timerFactory-0x00007ccbd95ff640|[RPC][WS][SERVICE]connected nodes,count=0
info|2025-12-13 02:12:19.335126|ioService-0x00007ccbed3ff640|[P2PService][Service][METRIC]heartBeat,connected count=3
info|2025-12-13 02:12:28.928445|timerFactory-0x00007ccbd95ff640|[RPC][WS][SERVICE]connected nodes,count=0
info|2025-12-13 02:12:29.335159|ioService-0x00007ccbed3ff640|[P2PService][Service][METRIC]heartBeat,connected count=3
info|2025-12-13 02:12:38.928464|timerFactory-0x00007ccbd95ff640|[RPC][WS][SERVICE]connected nodes,count=0
info|2025-12-13 02:12:39.335343|ioService-0x00007ccbed3ff640|[P2PService][Service][METRIC]heartBeat,connected count=3
info|2025-12-13 02:12:48.928481|timerFactory-0x00007ccbd95ff640|[RPC][WS][SERVICE]connected nodes,count=0
info|2025-12-13 02:12:49.335400|ioService-0x00007ccbed3ff640|[P2PService][Service][METRIC]heartBeat,connected count=3
info|2025-12-13 02:12:58.193168|objMonitor-0x00007ccbc67ff640|[startMonitor][AliveObjectMonitor],AliveObjectAllocStat=[ type: bcos::gateway::Socket ,created: 9 ,destroyed: 5 ,alive: 4 ] 
info|2025-12-13 02:12:58.928524|timerFactory-0x00007ccbd95ff640|[RPC][WS][SERVICE]connected nodes,count=0
info|2025-12-13 02:12:59.335426|ioService-0x00007ccbed3ff640|[P2PService][Service][METRIC]heartBeat,connected count=3
info|2025-12-13 02:13:08.928594|timerFactory-0x00007ccbd95ff640|[RPC][WS][SERVICE]connected nodes,count=0
info|2025-12-13 02:13:09.335446|ioService-0x00007ccbed3ff640|[P2PService][Service][METRIC]heartBeat,connected count=3
info|2025-12-13 02:13:18.928664|timerFactory-0x00007ccbd95ff640|[RPC][WS][SERVICE]connected nodes,count=0
info|2025-12-13 02:13:19.335488|ioService-0x00007ccbed3ff640|[P2PService][Service][METRIC]heartBeat,connected count=3
info|2025-12-13 02:13:28.928712|timerFactory-0x00007ccbd95ff640|[RPC][WS][SERVICE]connected nodes,count=0
info|2025-12-13 02:13:29.335556|ioService-0x00007ccbed3ff640|[P2PService][Service][METRIC]heartBeat,connected count=3
info|2025-12-13 02:13:38.928743|timerFactory-0x00007ccbd95ff640|[RPC][WS][SERVICE]connected nodes,count=0
info|2025-12-13 02:13:39.335619|ioService-0x00007ccbed3ff640|[P2PService][Service][METRIC]heartBeat,connected count=3
info|2025-12-13 02:13:48.928777|timerFactory-0x00007ccbd95ff640|[RPC][WS][SERVICE]connected nodes,count=0
info|2025-12-13 02:13:49.335675|ioService-0x00007ccbed3ff640|[P2PService][Service][METRIC]heartBeat,connected count=3
info|2025-12-13 02:13:58.193199|objMonitor-0x00007ccbc67ff640|[startMonitor][AliveObjectMonitor],AliveObjectAllocStat=[ type: bcos::gateway::Socket ,created: 9 ,destroyed: 5 ,alive: 4 ] 
info|2025-12-13 02:13:58.928792|timerFactory-0x00007ccbd95ff640|[RPC][WS][SERVICE]connected nodes,count=0
info|2025-12-13 02:13:59.335766|ioService-0x00007ccbed3ff640|[P2PService][Service][METRIC]heartBeat,connected count=3
info|2025-12-13 02:14:08.928843|timerFactory-0x00007ccbd95ff640|[RPC][WS][SERVICE]connected nodes,count=0
info|2025-12-13 02:14:09.335794|ioService-0x00007ccbed3ff640|[P2PService][Service][METRIC]heartBeat,connected count=3
info|2025-12-13 02:14:18.928916|timerFactory-0x00007ccbd95ff640|[RPC][WS][SERVICE]connected nodes,count=0
info|2025-12-13 02:14:19.335892|ioService-0x00007ccbed3ff640|[P2PService][Service][METRIC]heartBeat,connected count=3
info|2025-12-13 02:14:28.928982|timerFactory-0x00007ccbd95ff640|[RPC][WS][SERVICE]connected nodes,count=0
info|2025-12-13 02:14:29.335972|ioService-0x00007ccbed3ff640|[P2PService][Service][METRIC]heartBeat,connected count=3
info|2025-12-13 02:14:38.929023|timerFactory-0x00007ccbd95ff640|[RPC][WS][SERVICE]connected nodes,count=0
info|2025-12-13 02:14:39.336100|ioService-0x00007ccbed3ff640|[P2PService][Service][METRIC]heartBeat,connected count=3
info|2025-12-13 02:14:48.929040|timerFactory-0x00007ccbd95ff640|[RPC][WS][SERVICE]connected nodes,count=0
info|2025-12-13 02:14:49.336166|ioService-0x00007ccbed3ff640|[P2PService][Service][METRIC]heartBeat,connected count=3
info|2025-12-13 02:14:58.193313|objMonitor-0x00007ccbc67ff640|[startMonitor][AliveObjectMonitor],AliveObjectAllocStat=[ type: bcos::gateway::Socket ,created: 9 ,destroyed: 5 ,alive: 4 ] 
info|2025-12-13 02:14:58.929055|timerFactory-0x00007ccbd95ff640|[RPC][WS][SERVICE]connected nodes,count=0
info|2025-12-13 02:14:59.336193|ioService-0x00007ccbed3ff640|[P2PService][Service][METRIC]heartBeat,connected count=3
info|2025-12-13 02:15:08.929076|timerFactory-0x00007ccbd95ff640|[RPC][WS][SERVICE]connected nodes,count=0
info|2025-12-13 02:15:09.336279|ioService-0x00007ccbed3ff640|[P2PService][Service][METRIC]heartBeat,connected count=3
info|2025-12-13 02:15:18.929093|timerFactory-0x00007ccbd95ff640|[RPC][WS][SERVICE]connected nodes,count=0
info|2025-12-13 02:15:19.336301|ioService-0x00007ccbed3ff640|[P2PService][Service][METRIC]heartBeat,connected count=3
info|2025-12-13 02:15:28.929107|timerFactory-0x00007ccbd95ff640|[RPC][WS][SERVICE]connected nodes,count=0
info|2025-12-13 02:15:29.336323|ioService-0x00007ccbed3ff640|[P2PService][Service][METRIC]heartBeat,connected count=3
info|2025-12-13 02:15:38.929124|timerFactory-0x00007ccbd95ff640|[RPC][WS][SERVICE]connected nodes,count=0
info|2025-12-13 02:15:39.336408|ioService-0x00007ccbed3ff640|[P2PService][Service][METRIC]heartBeat,connected count=3
info|2025-12-13 02:15:48.929176|timerFactory-0x00007ccbd95ff640|[RPC][WS][SERVICE]connected nodes,count=0
info|2025-12-13 02:15:49.336477|ioService-0x00007ccbed3ff640|[P2PService][Service][METRIC]heartBeat,connected count=3
info|2025-12-13 02:15:58.193342|objMonitor-0x00007ccbc67ff640|[startMonitor][AliveObjectMonitor],AliveObjectAllocStat=[ type: bcos::gateway::Socket ,created: 9 ,destroyed: 5 ,alive: 4 ] 
info|2025-12-13 02:15:58.929228|timerFactory-0x00007ccbd95ff640|[RPC][WS][SERVICE]connected nodes,count=0
info|2025-12-13 02:15:59.336501|ioService-0x00007ccbed3ff640|[P2PService][Service][METRIC]heartBeat,connected count=3
info|2025-12-13 02:16:08.929244|timerFactory-0x00007ccbd95ff640|[RPC][WS][SERVICE]connected nodes,count=0
info|2025-12-13 02:16:09.336528|ioService-0x00007ccbed3ff640|[P2PService][Service][METRIC]heartBeat,connected count=3
info|2025-12-13 02:16:18.929318|timerFactory-0x00007ccbd95ff640|[RPC][WS][SERVICE]connected nodes,count=0
info|2025-12-13 02:16:19.336550|ioService-0x00007ccbed3ff640|[P2PService][Service][METRIC]heartBeat,connected count=3
info|2025-12-13 02:16:28.929335|timerFactory-0x00007ccbd95ff640|[RPC][WS][SERVICE]connected nodes,count=0
info|2025-12-13 02:16:29.336573|ioService-0x00007ccbed3ff640|[P2PService][Service][METRIC]heartBeat,connected count=3
info|2025-12-13 02:16:38.929350|timerFactory-0x00007ccbd95ff640|[RPC][WS][SERVICE]connected nodes,count=0
info|2025-12-13 02:16:39.336594|ioService-0x00007ccbed3ff640|[P2PService][Service][METRIC]heartBeat,connected count=3
info|2025-12-13 02:16:48.929368|timerFactory-0x00007ccbd95ff640|[RPC][WS][SERVICE]connected nodes,count=0
info|2025-12-13 02:16:49.336684|ioService-0x00007ccbed3ff640|[P2PService][Service][METRIC]heartBeat,connected count=3
info|2025-12-13 02:16:58.193471|objMonitor-0x00007ccbc67ff640|[startMonitor][AliveObjectMonitor],AliveObjectAllocStat=[ type: bcos::gateway::Socket ,created: 9 ,destroyed: 5 ,alive: 4 ] 
info|2025-12-13 02:16:58.929384|timerFactory-0x00007ccbd95ff640|[RPC][WS][SERVICE]connected nodes,count=0
info|2025-12-13 02:16:59.336775|ioService-0x00007ccbed3ff640|[P2PService][Service][METRIC]heartBeat,connected count=3
info|2025-12-13 02:17:08.929398|timerFactory-0x00007ccbd95ff640|[RPC][WS][SERVICE]connected nodes,count=0
info|2025-12-13 02:17:09.336843|ioService-0x00007ccbed3ff640|[P2PService][Service][METRIC]heartBeat,connected count=3
info|2025-12-13 02:17:18.929412|timerFactory-0x00007ccbd95ff640|[RPC][WS][SERVICE]connected nodes,count=0
info|2025-12-13 02:17:19.336956|ioService-0x00007ccbed3ff640|[P2PService][Service][METRIC]heartBeat,connected count=3
info|2025-12-13 02:17:28.929428|timerFactory-0x00007ccbd95ff640|[RPC][WS][SERVICE]connected nodes,count=0
info|2025-12-13 02:17:29.337057|ioService-0x00007ccbed3ff640|[P2PService][Service][METRIC]heartBeat,connected count=3
info|2025-12-13 02:17:38.929445|timerFactory-0x00007ccbd95ff640|[RPC][WS][SERVICE]connected nodes,count=0
info|2025-12-13 02:17:39.337176|ioService-0x00007ccbed3ff640|[P2PService][Service][METRIC]heartBeat,connected count=3
info|2025-12-13 02:17:48.929462|timerFactory-0x00007ccbd95ff640|[RPC][WS][SERVICE]connected nodes,count=0
info|2025-12-13 02:17:49.337245|ioService-0x00007ccbed3ff640|[P2PService][Service][METRIC]heartBeat,connected count=3
info|2025-12-13 02:17:58.193532|objMonitor-0x00007ccbc67ff640|[startMonitor][AliveObjectMonitor],AliveObjectAllocStat=[ type: bcos::gateway::Socket ,created: 9 ,destroyed: 5 ,alive: 4 ] 
info|2025-12-13 02:17:58.929480|timerFactory-0x00007ccbd95ff640|[RPC][WS][SERVICE]connected nodes,count=0
info|2025-12-13 02:17:59.337314|ioService-0x00007ccbed3ff640|[P2PService][Service][METRIC]heartBeat,connected count=3
info|2025-12-13 02:18:08.929498|timerFactory-0x00007ccbd95ff640|[RPC][WS][SERVICE]connected nodes,count=0
info|2025-12-13 02:18:09.337342|ioService-0x00007ccbed3ff640|[P2PService][Service][METRIC]heartBeat,connected count=3
info|2025-12-13 02:18:18.929514|timerFactory-0x00007ccbd95ff640|[RPC][WS][SERVICE]connected nodes,count=0
info|2025-12-13 02:18:19.337404|ioService-0x00007ccbed3ff640|[P2PService][Service][METRIC]heartBeat,connected count=3
info|2025-12-13 02:18:28.929536|timerFactory-0x00007ccbd95ff640|[RPC][WS][SERVICE]connected nodes,count=0
info|2025-12-13 02:18:29.337431|ioService-0x00007ccbed3ff640|[P2PService][Service][METRIC]heartBeat,connected count=3
info|2025-12-13 02:18:38.929559|timerFactory-0x00007ccbd95ff640|[RPC][WS][SERVICE]connected nodes,count=0
info|2025-12-13 02:18:39.337528|ioService-0x00007ccbed3ff640|[P2PService][Service][METRIC]heartBeat,connected count=3
info|2025-12-13 02:18:48.929575|timerFactory-0x00007ccbd95ff640|[RPC][WS][SERVICE]connected nodes,count=0
info|2025-12-13 02:18:49.337589|ioService-0x00007ccbed3ff640|[P2PService][Service][METRIC]heartBeat,connected count=3
info|2025-12-13 02:18:58.193664|objMonitor-0x00007ccbc67ff640|[startMonitor][AliveObjectMonitor],AliveObjectAllocStat=[ type: bcos::gateway::Socket ,created: 9 ,destroyed: 5 ,alive: 4 ] 
info|2025-12-13 02:18:58.929596|timerFactory-0x00007ccbd95ff640|[RPC][WS][SERVICE]connected nodes,count=0
info|2025-12-13 02:18:59.337721|ioService-0x00007ccbed3ff640|[P2PService][Service][METRIC]heartBeat,connected count=3
info|2025-12-13 02:19:08.929642|timerFactory-0x00007ccbd95ff640|[RPC][WS][SERVICE]connected nodes,count=0
info|2025-12-13 02:19:09.337804|ioService-0x00007ccbed3ff640|[P2PService][Service][METRIC]heartBeat,connected count=3
info|2025-12-13 02:19:18.929686|timerFactory-0x00007ccbd95ff640|[RPC][WS][SERVICE]connected nodes,count=0
info|2025-12-13 02:19:19.337862|ioService-0x00007ccbed3ff640|[P2PService][Service][METRIC]heartBeat,connected count=3
info|2025-12-13 02:19:28.929702|timerFactory-0x00007ccbd95ff640|[RPC][WS][SERVICE]connected nodes,count=0
info|2025-12-13 02:19:29.337891|ioService-0x00007ccbed3ff640|[P2PService][Service][METRIC]heartBeat,connected count=3
info|2025-12-13 02:19:38.929744|timerFactory-0x00007ccbd95ff640|[RPC][WS][SERVICE]connected nodes,count=0
info|2025-12-13 02:19:39.337950|ioService-0x00007ccbed3ff640|[P2PService][Service][METRIC]heartBeat,connected count=3
info|2025-12-13 02:19:48.929808|timerFactory-0x00007ccbd95ff640|[RPC][WS][SERVICE]connected nodes,count=0
info|2025-12-13 02:19:49.337971|ioService-0x00007ccbed3ff640|[P2PService][Service][METRIC]heartBeat,connected count=3
info|2025-12-13 02:19:58.193726|objMonitor-0x00007ccbc67ff640|[startMonitor][AliveObjectMonitor],AliveObjectAllocStat=[ type: bcos::gateway::Socket ,created: 9 ,destroyed: 5 ,alive: 4 ] 
info|2025-12-13 02:19:58.929836|timerFactory-0x00007ccbd95ff640|[RPC][WS][SERVICE]connected nodes,count=0
info|2025-12-13 02:19:59.338030|ioService-0x00007ccbed3ff640|[P2PService][Service][METRIC]heartBeat,connected count=3
info|2025-12-13 02:20:08.929855|timerFactory-0x00007ccbd95ff640|[RPC][WS][SERVICE]connected nodes,count=0
info|2025-12-13 02:20:09.338152|ioService-0x00007ccbed3ff640|[P2PService][Service][METRIC]heartBeat,connected count=3
info|2025-12-13 02:20:18.929873|timerFactory-0x00007ccbd95ff640|[RPC][WS][SERVICE]connected nodes,count=0
info|2025-12-13 02:20:19.338180|ioService-0x00007ccbed3ff640|[P2PService][Service][METRIC]heartBeat,connected count=3
info|2025-12-13 02:20:28.929895|timerFactory-0x00007ccbd95ff640|[RPC][WS][SERVICE]connected nodes,count=0
info|2025-12-13 02:20:29.338200|ioService-0x00007ccbed3ff640|[P2PService][Service][METRIC]heartBeat,connected count=3
info|2025-12-13 02:20:38.929915|timerFactory-0x00007ccbd95ff640|[RPC][WS][SERVICE]connected nodes,count=0
info|2025-12-13 02:20:39.338219|ioService-0x00007ccbed3ff640|[P2PService][Service][METRIC]heartBeat,connected count=3
info|2025-12-13 02:20:48.929934|timerFactory-0x00007ccbd95ff640|[RPC][WS][SERVICE]connected nodes,count=0
info|2025-12-13 02:20:49.338282|ioService-0x00007ccbed3ff640|[P2PService][Service][METRIC]heartBeat,connected count=3
info|2025-12-13 02:20:58.193760|objMonitor-0x00007ccbc67ff640|[startMonitor][AliveObjectMonitor],AliveObjectAllocStat=[ type: bcos::gateway::Socket ,created: 9 ,destroyed: 5 ,alive: 4 ] [ type: bcos::gateway::ResponseCallback ,created: 3120334 ,destroyed: 3120329 ,alive: 5 ] 
info|2025-12-13 02:20:58.929950|timerFactory-0x00007ccbd95ff640|[RPC][WS][SERVICE]connected nodes,count=0
info|2025-12-13 02:20:59.338315|ioService-0x00007ccbed3ff640|[P2PService][Service][METRIC]heartBeat,connected count=3
info|2025-12-13 02:21:08.929967|timerFactory-0x00007ccbd95ff640|[RPC][WS][SERVICE]connected nodes,count=0
info|2025-12-13 02:21:09.338387|ioService-0x00007ccbed3ff640|[P2PService][Service][METRIC]heartBeat,connected count=3
info|2025-12-13 02:21:18.929981|timerFactory-0x00007ccbd95ff640|[RPC][WS][SERVICE]connected nodes,count=0
info|2025-12-13 02:21:19.338421|ioService-0x00007ccbed3ff640|[P2PService][Service][METRIC]heartBeat,connected count=3
info|2025-12-13 02:21:28.929996|timerFactory-0x00007ccbd95ff640|[RPC][WS][SERVICE]connected nodes,count=0
info|2025-12-13 02:21:29.338452|ioService-0x00007ccbed3ff640|[P2PService][Service][METRIC]heartBeat,connected count=3
info|2025-12-13 02:21:38.930012|timerFactory-0x00007ccbd95ff640|[RPC][WS][SERVICE]connected nodes,count=0
info|2025-12-13 02:21:39.338518|ioService-0x00007ccbed3ff640|[P2PService][Service][METRIC]heartBeat,connected count=3
info|2025-12-13 02:21:48.930049|timerFactory-0x00007ccbd95ff640|[RPC][WS][SERVICE]connected nodes,count=0
info|2025-12-13 02:21:49.338583|ioService-0x00007ccbed3ff640|[P2PService][Service][METRIC]heartBeat,connected count=3
info|2025-12-13 02:21:58.193850|objMonitor-0x00007ccbc67ff640|[startMonitor][AliveObjectMonitor],AliveObjectAllocStat=[ type: bcos::gateway::Socket ,created: 9 ,destroyed: 5 ,alive: 4 ] 
info|2025-12-13 02:21:58.930070|timerFactory-0x00007ccbd95ff640|[RPC][WS][SERVICE]connected nodes,count=0
info|2025-12-13 02:21:59.338606|ioService-0x00007ccbed3ff640|[P2PService][Service][METRIC]heartBeat,connected count=3
info|2025-12-13 02:22:08.930088|timerFactory-0x00007ccbd95ff640|[RPC][WS][SERVICE]connected nodes,count=0
info|2025-12-13 02:22:09.338629|ioService-0x00007ccbed3ff640|[P2PService][Service][METRIC]heartBeat,connected count=3
info|2025-12-13 02:22:18.930105|timerFactory-0x00007ccbd95ff640|[RPC][WS][SERVICE]connected nodes,count=0
info|2025-12-13 02:22:19.338702|ioService-0x00007ccbed3ff640|[P2PService][Service][METRIC]heartBeat,connected count=3
info|2025-12-13 02:22:28.930127|timerFactory-0x00007ccbd95ff640|[RPC][WS][SERVICE]connected nodes,count=0
info|2025-12-13 02:22:29.338883|ioService-0x00007ccbed3ff640|[P2PService][Service][METRIC]heartBeat,connected count=3
info|2025-12-13 02:22:38.930144|timerFactory-0x00007ccbd95ff640|[RPC][WS][SERVICE]connected nodes,count=0
info|2025-12-13 02:22:39.338907|ioService-0x00007ccbed3ff640|[P2PService][Service][METRIC]heartBeat,connected count=3
info|2025-12-13 02:22:48.930160|timerFactory-0x00007ccbd95ff640|[RPC][WS][SERVICE]connected nodes,count=0
info|2025-12-13 02:22:49.338930|ioService-0x00007ccbed3ff640|[P2PService][Service][METRIC]heartBeat,connected count=3
info|2025-12-13 02:22:58.193882|objMonitor-0x00007ccbc67ff640|[startMonitor][AliveObjectMonitor],AliveObjectAllocStat=[ type: bcos::gateway::Socket ,created: 9 ,destroyed: 5 ,alive: 4 ] 
info|2025-12-13 02:22:58.930201|timerFactory-0x00007ccbd95ff640|[RPC][WS][SERVICE]connected nodes,count=0
info|2025-12-13 02:22:59.339015|ioService-0x00007ccbed3ff640|[P2PService][Service][METRIC]heartBeat,connected count=3
info|2025-12-13 02:23:08.930222|timerFactory-0x00007ccbd95ff640|[RPC][WS][SERVICE]connected nodes,count=0
info|2025-12-13 02:23:09.339080|ioService-0x00007ccbed3ff640|[P2PService][Service][METRIC]heartBeat,connected count=3
info|2025-12-13 02:23:18.930247|timerFactory-0x00007ccbd95ff640|[RPC][WS][SERVICE]connected nodes,count=0
info|2025-12-13 02:23:19.339173|ioService-0x00007ccbed3ff640|[P2PService][Service][METRIC]heartBeat,connected count=3
info|2025-12-13 02:23:28.930274|timerFactory-0x00007ccbd95ff640|[RPC][WS][SERVICE]connected nodes,count=0
info|2025-12-13 02:23:29.339254|ioService-0x00007ccbed3ff640|[P2PService][Service][METRIC]heartBeat,connected count=3
info|2025-12-13 02:23:38.930297|timerFactory-0x00007ccbd95ff640|[RPC][WS][SERVICE]connected nodes,count=0
info|2025-12-13 02:23:39.339333|ioService-0x00007ccbed3ff640|[P2PService][Service][METRIC]heartBeat,connected count=3
info|2025-12-13 02:23:48.930321|timerFactory-0x00007ccbd95ff640|[RPC][WS][SERVICE]connected nodes,count=0
info|2025-12-13 02:23:49.339450|ioService-0x00007ccbed3ff640|[P2PService][Service][METRIC]heartBeat,connected count=3
info|2025-12-13 02:23:58.193972|objMonitor-0x00007ccbc67ff640|[startMonitor][AliveObjectMonitor],AliveObjectAllocStat=[ type: bcos::gateway::Socket ,created: 9 ,destroyed: 5 ,alive: 4 ] 
info|2025-12-13 02:23:58.930391|timerFactory-0x00007ccbd95ff640|[RPC][WS][SERVICE]connected nodes,count=0
info|2025-12-13 02:23:59.339563|ioService-0x00007ccbed3ff640|[P2PService][Service][METRIC]heartBeat,connected count=3
info|2025-12-13 02:24:08.930417|timerFactory-0x00007ccbd95ff640|[RPC][WS][SERVICE]connected nodes,count=0
info|2025-12-13 02:24:09.339740|ioService-0x00007ccbed3ff640|[P2PService][Service][METRIC]heartBeat,connected count=3
info|2025-12-13 02:24:18.930441|timerFactory-0x00007ccbd95ff640|[RPC][WS][SERVICE]connected nodes,count=0
info|2025-12-13 02:24:19.339761|ioService-0x00007ccbed3ff640|[P2PService][Service][METRIC]heartBeat,connected count=3
info|2025-12-13 02:24:28.930462|timerFactory-0x00007ccbd95ff640|[RPC][WS][SERVICE]connected nodes,count=0
info|2025-12-13 02:24:29.339846|ioService-0x00007ccbed3ff640|[P2PService][Service][METRIC]heartBeat,connected count=3
info|2025-12-13 02:24:38.930489|timerFactory-0x00007ccbd95ff640|[RPC][WS][SERVICE]connected nodes,count=0
info|2025-12-13 02:24:39.339967|ioService-0x00007ccbed3ff640|[P2PService][Service][METRIC]heartBeat,connected count=3
info|2025-12-13 02:24:48.930519|timerFactory-0x00007ccbd95ff640|[RPC][WS][SERVICE]connected nodes,count=0
info|2025-12-13 02:24:49.339993|ioService-0x00007ccbed3ff640|[P2PService][Service][METRIC]heartBeat,connected count=3
info|2025-12-13 02:24:58.194003|objMonitor-0x00007ccbc67ff640|[startMonitor][AliveObjectMonitor],AliveObjectAllocStat=[ type: bcos::gateway::Socket ,created: 9 ,destroyed: 5 ,alive: 4 ] 
info|2025-12-13 02:24:58.930593|timerFactory-0x00007ccbd95ff640|[RPC][WS][SERVICE]connected nodes,count=0
info|2025-12-13 02:24:59.340024|ioService-0x00007ccbed3ff640|[P2PService][Service][METRIC]heartBeat,connected count=3
info|2025-12-13 02:25:08.930668|timerFactory-0x00007ccbd95ff640|[RPC][WS][SERVICE]connected nodes,count=0
info|2025-12-13 02:25:09.340127|ioService-0x00007ccbed3ff640|[P2PService][Service][METRIC]heartBeat,connected count=3
info|2025-12-13 02:25:18.930690|timerFactory-0x00007ccbd95ff640|[RPC][WS][SERVICE]connected nodes,count=0
info|2025-12-13 02:25:19.340196|ioService-0x00007ccbed3ff640|[P2PService][Service][METRIC]heartBeat,connected count=3
info|2025-12-13 02:25:28.930711|timerFactory-0x00007ccbd95ff640|[RPC][WS][SERVICE]connected nodes,count=0
info|2025-12-13 02:25:29.340289|ioService-0x00007ccbed3ff640|[P2PService][Service][METRIC]heartBeat,connected count=3
info|2025-12-13 02:25:38.930732|timerFactory-0x00007ccbd95ff640|[RPC][WS][SERVICE]connected nodes,count=0
info|2025-12-13 02:25:39.340371|ioService-0x00007ccbed3ff640|[P2PService][Service][METRIC]heartBeat,connected count=3
info|2025-12-13 02:25:48.930785|timerFactory-0x00007ccbd95ff640|[RPC][WS][SERVICE]connected nodes,count=0
info|2025-12-13 02:25:49.340453|ioService-0x00007ccbed3ff640|[P2PService][Service][METRIC]heartBeat,connected count=3
info|2025-12-13 02:25:58.194134|objMonitor-0x00007ccbc67ff640|[startMonitor][AliveObjectMonitor],AliveObjectAllocStat=[ type: bcos::gateway::Socket ,created: 9 ,destroyed: 5 ,alive: 4 ] 
info|2025-12-13 02:25:58.930875|timerFactory-0x00007ccbd95ff640|[RPC][WS][SERVICE]connected nodes,count=0
info|2025-12-13 02:25:59.340477|ioService-0x00007ccbed3ff640|[P2PService][Service][METRIC]heartBeat,connected count=3
info|2025-12-13 02:26:08.930971|timerFactory-0x00007ccbd95ff640|[RPC][WS][SERVICE]connected nodes,count=0
info|2025-12-13 02:26:09.340561|ioService-0x00007ccbed3ff640|[P2PService][Service][METRIC]heartBeat,connected count=3
info|2025-12-13 02:26:18.931031|timerFactory-0x00007ccbd95ff640|[RPC][WS][SERVICE]connected nodes,count=0
info|2025-12-13 02:26:19.340588|ioService-0x00007ccbed3ff640|[P2PService][Service][METRIC]heartBeat,connected count=3
info|2025-12-13 02:26:28.931089|timerFactory-0x00007ccbd95ff640|[RPC][WS][SERVICE]connected nodes,count=0
info|2025-12-13 02:26:29.340621|ioService-0x00007ccbed3ff640|[P2PService][Service][METRIC]heartBeat,connected count=3
info|2025-12-13 02:26:38.931180|timerFactory-0x00007ccbd95ff640|[RPC][WS][SERVICE]connected nodes,count=0
info|2025-12-13 02:26:39.340643|ioService-0x00007ccbed3ff640|[P2PService][Service][METRIC]heartBeat,connected count=3
info|2025-12-13 02:26:48.931205|timerFactory-0x00007ccbd95ff640|[RPC][WS][SERVICE]connected nodes,count=0
info|2025-12-13 02:26:49.340725|ioService-0x00007ccbed3ff640|[P2PService][Service][METRIC]heartBeat,connected count=3
info|2025-12-13 02:26:58.194202|objMonitor-0x00007ccbc67ff640|[startMonitor][AliveObjectMonitor],AliveObjectAllocStat=[ type: bcos::gateway::Socket ,created: 9 ,destroyed: 5 ,alive: 4 ] 
info|2025-12-13 02:26:58.931226|timerFactory-0x00007ccbd95ff640|[RPC][WS][SERVICE]connected nodes,count=0
info|2025-12-13 02:26:59.340822|ioService-0x00007ccbed3ff640|[P2PService][Service][METRIC]heartBeat,connected count=3
info|2025-12-13 02:27:08.931249|timerFactory-0x00007ccbd95ff640|[RPC][WS][SERVICE]connected nodes,count=0
info|2025-12-13 02:27:09.340922|ioService-0x00007ccbed3ff640|[P2PService][Service][METRIC]heartBeat,connected count=3
info|2025-12-13 02:27:18.931303|timerFactory-0x00007ccbd95ff640|[RPC][WS][SERVICE]connected nodes,count=0
info|2025-12-13 02:27:19.341053|ioService-0x00007ccbed3ff640|[P2PService][Service][METRIC]heartBeat,connected count=3
info|2025-12-13 02:27:28.931328|timerFactory-0x00007ccbd95ff640|[RPC][WS][SERVICE]connected nodes,count=0
info|2025-12-13 02:27:29.341078|ioService-0x00007ccbed3ff640|[P2PService][Service][METRIC]heartBeat,connected count=3
info|2025-12-13 02:27:38.931354|timerFactory-0x00007ccbd95ff640|[RPC][WS][SERVICE]connected nodes,count=0
info|2025-12-13 02:27:39.341204|ioService-0x00007ccbed3ff640|[P2PService][Service][METRIC]heartBeat,connected count=3
info|2025-12-13 02:27:48.931378|timerFactory-0x00007ccbd95ff640|[RPC][WS][SERVICE]connected nodes,count=0
info|2025-12-13 02:27:49.341276|ioService-0x00007ccbed3ff640|[P2PService][Service][METRIC]heartBeat,connected count=3
info|2025-12-13 02:27:58.194314|objMonitor-0x00007ccbc67ff640|[startMonitor][AliveObjectMonitor],AliveObjectAllocStat=[ type: bcos::gateway::Socket ,created: 9 ,destroyed: 5 ,alive: 4 ] 
info|2025-12-13 02:27:58.931402|timerFactory-0x00007ccbd95ff640|[RPC][WS][SERVICE]connected nodes,count=0
info|2025-12-13 02:27:59.341302|ioService-0x00007ccbed3ff640|[P2PService][Service][METRIC]heartBeat,connected count=3
info|2025-12-13 02:28:08.931457|timerFactory-0x00007ccbd95ff640|[RPC][WS][SERVICE]connected nodes,count=0
info|2025-12-13 02:28:09.341362|ioService-0x00007ccbed3ff640|[P2PService][Service][METRIC]heartBeat,connected count=3
info|2025-12-13 02:28:18.931531|timerFactory-0x00007ccbd95ff640|[RPC][WS][SERVICE]connected nodes,count=0
info|2025-12-13 02:28:19.341387|ioService-0x00007ccbed3ff640|[P2PService][Service][METRIC]heartBeat,connected count=3
info|2025-12-13 02:28:28.931594|timerFactory-0x00007ccbd95ff640|[RPC][WS][SERVICE]connected nodes,count=0
info|2025-12-13 02:28:29.341415|ioService-0x00007ccbed3ff640|[P2PService][Service][METRIC]heartBeat,connected count=3
info|2025-12-13 02:28:38.931659|timerFactory-0x00007ccbd95ff640|[RPC][WS][SERVICE]connected nodes,count=0
info|2025-12-13 02:28:39.341506|ioService-0x00007ccbed3ff640|[P2PService][Service][METRIC]heartBeat,connected count=3
info|2025-12-13 02:28:48.931796|timerFactory-0x00007ccbd95ff640|[RPC][WS][SERVICE]connected nodes,count=0
info|2025-12-13 02:28:49.341536|ioService-0x00007ccbed3ff640|[P2PService][Service][METRIC]heartBeat,connected count=3
info|2025-12-13 02:28:58.194344|objMonitor-0x00007ccbc67ff640|[startMonitor][AliveObjectMonitor],AliveObjectAllocStat=[ type: bcos::gateway::Socket ,created: 9 ,destroyed: 5 ,alive: 4 ] 
info|2025-12-13 02:28:58.931820|timerFactory-0x00007ccbd95ff640|[RPC][WS][SERVICE]connected nodes,count=0
info|2025-12-13 02:28:59.341669|ioService-0x00007ccbed3ff640|[P2PService][Service][METRIC]heartBeat,connected count=3
info|2025-12-13 02:29:08.931882|timerFactory-0x00007ccbd95ff640|[RPC][WS][SERVICE]connected nodes,count=0
info|2025-12-13 02:29:09.341730|ioService-0x00007ccbed3ff640|[P2PService][Service][METRIC]heartBeat,connected count=3
info|2025-12-13 02:29:18.931948|timerFactory-0x00007ccbd95ff640|[RPC][WS][SERVICE]connected nodes,count=0
info|2025-12-13 02:29:19.341901|ioService-0x00007ccbed3ff640|[P2PService][Service][METRIC]heartBeat,connected count=3
info|2025-12-13 02:29:28.931972|timerFactory-0x00007ccbd95ff640|[RPC][WS][SERVICE]connected nodes,count=0
info|2025-12-13 02:29:29.341974|ioService-0x00007ccbed3ff640|[P2PService][Service][METRIC]heartBeat,connected count=3
info|2025-12-13 02:29:38.931998|timerFactory-0x00007ccbd95ff640|[RPC][WS][SERVICE]connected nodes,count=0
info|2025-12-13 02:29:39.341997|ioService-0x00007ccbed3ff640|[P2PService][Service][METRIC]heartBeat,connected count=3
info|2025-12-13 02:29:48.932058|timerFactory-0x00007ccbd95ff640|[RPC][WS][SERVICE]connected nodes,count=0
info|2025-12-13 02:29:49.342080|ioService-0x00007ccbed3ff640|[P2PService][Service][METRIC]heartBeat,connected count=3
info|2025-12-13 02:29:58.194373|objMonitor-0x00007ccbc67ff640|[startMonitor][AliveObjectMonitor],AliveObjectAllocStat=[ type: bcos::gateway::Socket ,created: 9 ,destroyed: 5 ,alive: 4 ] 
info|2025-12-13 02:29:58.932124|timerFactory-0x00007ccbd95ff640|[RPC][WS][SERVICE]connected nodes,count=0
info|2025-12-13 02:29:59.342099|ioService-0x00007ccbed3ff640|[P2PService][Service][METRIC]heartBeat,connected count=3
info|2025-12-13 02:30:08.932215|timerFactory-0x00007ccbd95ff640|[RPC][WS][SERVICE]connected nodes,count=0
info|2025-12-13 02:30:09.342121|ioService-0x00007ccbed3ff640|[P2PService][Service][METRIC]heartBeat,connected count=3
info|2025-12-13 02:30:18.932293|timerFactory-0x00007ccbd95ff640|[RPC][WS][SERVICE]connected nodes,count=0
info|2025-12-13 02:30:19.342227|ioService-0x00007ccbed3ff640|[P2PService][Service][METRIC]heartBeat,connected count=3
info|2025-12-13 02:30:28.932323|timerFactory-0x00007ccbd95ff640|[RPC][WS][SERVICE]connected nodes,count=0
info|2025-12-13 02:30:29.342341|ioService-0x00007ccbed3ff640|[P2PService][Service][METRIC]heartBeat,connected count=3
info|2025-12-13 02:30:38.932350|timerFactory-0x00007ccbd95ff640|[RPC][WS][SERVICE]connected nodes,count=0
info|2025-12-13 02:30:39.342399|ioService-0x00007ccbed3ff640|[P2PService][Service][METRIC]heartBeat,connected count=3
info|2025-12-13 02:30:48.932376|timerFactory-0x00007ccbd95ff640|[RPC][WS][SERVICE]connected nodes,count=0
info|2025-12-13 02:30:49.342432|ioService-0x00007ccbed3ff640|[P2PService][Service][METRIC]heartBeat,connected count=3
info|2025-12-13 02:30:58.194404|objMonitor-0x00007ccbc67ff640|[startMonitor][AliveObjectMonitor],AliveObjectAllocStat=[ type: bcos::gateway::Socket ,created: 9 ,destroyed: 5 ,alive: 4 ] 
info|2025-12-13 02:30:58.932402|timerFactory-0x00007ccbd95ff640|[RPC][WS][SERVICE]connected nodes,count=0
info|2025-12-13 02:30:59.342458|ioService-0x00007ccbed3ff640|[P2PService][Service][METRIC]heartBeat,connected count=3
info|2025-12-13 02:31:08.932427|timerFactory-0x00007ccbd95ff640|[RPC][WS][SERVICE]connected nodes,count=0
info|2025-12-13 02:31:09.342523|ioService-0x00007ccbed3ff640|[P2PService][Service][METRIC]heartBeat,connected count=3
info|2025-12-13 02:31:18.932453|timerFactory-0x00007ccbd95ff640|[RPC][WS][SERVICE]connected nodes,count=0
info|2025-12-13 02:31:19.342687|ioService-0x00007ccbed3ff640|[P2PService][Service][METRIC]heartBeat,connected count=3
info|2025-12-13 02:31:28.932478|timerFactory-0x00007ccbd95ff640|[RPC][WS][SERVICE]connected nodes,count=0
info|2025-12-13 02:31:29.342724|ioService-0x00007ccbed3ff640|[P2PService][Service][METRIC]heartBeat,connected count=3
info|2025-12-13 02:31:38.932503|timerFactory-0x00007ccbd95ff640|[RPC][WS][SERVICE]connected nodes,count=0
info|2025-12-13 02:31:39.342791|ioService-0x00007ccbed3ff640|[P2PService][Service][METRIC]heartBeat,connected count=3
info|2025-12-13 02:31:48.932554|timerFactory-0x00007ccbd95ff640|[RPC][WS][SERVICE]connected nodes,count=0
info|2025-12-13 02:31:49.342920|ioService-0x00007ccbed3ff640|[P2PService][Service][METRIC]heartBeat,connected count=3
info|2025-12-13 02:31:58.194544|objMonitor-0x00007ccbc67ff640|[startMonitor][AliveObjectMonitor],AliveObjectAllocStat=[ type: bcos::gateway::Socket ,created: 9 ,destroyed: 5 ,alive: 4 ] 
info|2025-12-13 02:31:58.932579|timerFactory-0x00007ccbd95ff640|[RPC][WS][SERVICE]connected nodes,count=0
info|2025-12-13 02:31:59.343004|ioService-0x00007ccbed3ff640|[P2PService][Service][METRIC]heartBeat,connected count=3
info|2025-12-13 02:32:08.932604|timerFactory-0x00007ccbd95ff640|[RPC][WS][SERVICE]connected nodes,count=0
info|2025-12-13 02:32:09.343084|ioService-0x00007ccbed3ff640|[P2PService][Service][METRIC]heartBeat,connected count=3
info|2025-12-13 02:32:18.932630|timerFactory-0x00007ccbd95ff640|[RPC][WS][SERVICE]connected nodes,count=0
info|2025-12-13 02:32:19.343101|ioService-0x00007ccbed3ff640|[P2PService][Service][METRIC]heartBeat,connected count=3
info|2025-12-13 02:32:28.932657|timerFactory-0x00007ccbd95ff640|[RPC][WS][SERVICE]connected nodes,count=0
info|2025-12-13 02:32:29.343184|ioService-0x00007ccbed3ff640|[P2PService][Service][METRIC]heartBeat,connected count=3
info|2025-12-13 02:32:38.932685|timerFactory-0x00007ccbd95ff640|[RPC][WS][SERVICE]connected nodes,count=0
info|2025-12-13 02:32:39.343250|ioService-0x00007ccbed3ff640|[P2PService][Service][METRIC]heartBeat,connected count=3
info|2025-12-13 02:32:48.932715|timerFactory-0x00007ccbd95ff640|[RPC][WS][SERVICE]connected nodes,count=0
info|2025-12-13 02:32:49.343350|ioService-0x00007ccbed3ff640|[P2PService][Service][METRIC]heartBeat,connected count=3
info|2025-12-13 02:32:58.194574|objMonitor-0x00007ccbc67ff640|[startMonitor][AliveObjectMonitor],AliveObjectAllocStat=[ type: bcos::gateway::Socket ,created: 9 ,destroyed: 5 ,alive: 4 ] [ type: bcos::gateway::ResponseCallback ,created: 3131125 ,destroyed: 3131121 ,alive: 4 ] 
info|2025-12-13 02:32:58.932743|timerFactory-0x00007ccbd95ff640|[RPC][WS][SERVICE]connected nodes,count=0
info|2025-12-13 02:32:59.343441|ioService-0x00007ccbed3ff640|[P2PService][Service][METRIC]heartBeat,connected count=3
info|2025-12-13 02:33:08.932769|timerFactory-0x00007ccbd95ff640|[RPC][WS][SERVICE]connected nodes,count=0
info|2025-12-13 02:33:09.343474|ioService-0x00007ccbed3ff640|[P2PService][Service][METRIC]heartBeat,connected count=3
info|2025-12-13 02:33:18.932797|timerFactory-0x00007ccbd95ff640|[RPC][WS][SERVICE]connected nodes,count=0
info|2025-12-13 02:33:19.343503|ioService-0x00007ccbed3ff640|[P2PService][Service][METRIC]heartBeat,connected count=3
info|2025-12-13 02:33:28.932827|timerFactory-0x00007ccbd95ff640|[RPC][WS][SERVICE]connected nodes,count=0
info|2025-12-13 02:33:29.343578|ioService-0x00007ccbed3ff640|[P2PService][Service][METRIC]heartBeat,connected count=3
info|2025-12-13 02:33:38.932888|timerFactory-0x00007ccbd95ff640|[RPC][WS][SERVICE]connected nodes,count=0
info|2025-12-13 02:33:39.343603|ioService-0x00007ccbed3ff640|[P2PService][Service][METRIC]heartBeat,connected count=3
info|2025-12-13 02:33:48.933061|timerFactory-0x00007ccbd95ff640|[RPC][WS][SERVICE]connected nodes,count=0
info|2025-12-13 02:33:49.343622|ioService-0x00007ccbed3ff640|[P2PService][Service][METRIC]heartBeat,connected count=3
info|2025-12-13 02:33:58.194703|objMonitor-0x00007ccbc67ff640|[startMonitor][AliveObjectMonitor],AliveObjectAllocStat=[ type: bcos::gateway::Socket ,created: 9 ,destroyed: 5 ,alive: 4 ] 
info|2025-12-13 02:33:58.933086|timerFactory-0x00007ccbd95ff640|[RPC][WS][SERVICE]connected nodes,count=0
info|2025-12-13 02:33:59.343644|ioService-0x00007ccbed3ff640|[P2PService][Service][METRIC]heartBeat,connected count=3
info|2025-12-13 02:34:08.933174|timerFactory-0x00007ccbd95ff640|[RPC][WS][SERVICE]connected nodes,count=0
info|2025-12-13 02:34:09.343665|ioService-0x00007ccbed3ff640|[P2PService][Service][METRIC]heartBeat,connected count=3
info|2025-12-13 02:34:18.933274|timerFactory-0x00007ccbd95ff640|[RPC][WS][SERVICE]connected nodes,count=0
info|2025-12-13 02:34:19.343721|ioService-0x00007ccbed3ff640|[P2PService][Service][METRIC]heartBeat,connected count=3
info|2025-12-13 02:34:28.933294|timerFactory-0x00007ccbd95ff640|[RPC][WS][SERVICE]connected nodes,count=0
info|2025-12-13 02:34:29.343824|ioService-0x00007ccbed3ff640|[P2PService][Service][METRIC]heartBeat,connected count=3
info|2025-12-13 02:34:38.933325|timerFactory-0x00007ccbd95ff640|[RPC][WS][SERVICE]connected nodes,count=0
info|2025-12-13 02:34:39.344073|ioService-0x00007ccbed3ff640|[P2PService][Service][METRIC]heartBeat,connected count=3
info|2025-12-13 02:34:48.933347|timerFactory-0x00007ccbd95ff640|[RPC][WS][SERVICE]connected nodes,count=0
info|2025-12-13 02:34:49.344097|ioService-0x00007ccbed3ff640|[P2PService][Service][METRIC]heartBeat,connected count=3
info|2025-12-13 02:34:58.194862|objMonitor-0x00007ccbc67ff640|[startMonitor][AliveObjectMonitor],AliveObjectAllocStat=[ type: bcos::gateway::Socket ,created: 9 ,destroyed: 5 ,alive: 4 ] 
info|2025-12-13 02:34:58.933372|timerFactory-0x00007ccbd95ff640|[RPC][WS][SERVICE]connected nodes,count=0
info|2025-12-13 02:34:59.344164|ioService-0x00007ccbed3ff640|[P2PService][Service][METRIC]heartBeat,connected count=3
info|2025-12-13 02:35:08.933440|timerFactory-0x00007ccbd95ff640|[RPC][WS][SERVICE]connected nodes,count=0
info|2025-12-13 02:35:09.344189|ioService-0x00007ccbed3ff640|[P2PService][Service][METRIC]heartBeat,connected count=3
info|2025-12-13 02:35:18.933460|timerFactory-0x00007ccbd95ff640|[RPC][WS][SERVICE]connected nodes,count=0
info|2025-12-13 02:35:19.344282|ioService-0x00007ccbed3ff640|[P2PService][Service][METRIC]heartBeat,connected count=3
info|2025-12-13 02:35:28.933481|timerFactory-0x00007ccbd95ff640|[RPC][WS][SERVICE]connected nodes,count=0
info|2025-12-13 02:35:29.344352|ioService-0x00007ccbed3ff640|[P2PService][Service][METRIC]heartBeat,connected count=3
info|2025-12-13 02:35:38.933502|timerFactory-0x00007ccbd95ff640|[RPC][WS][SERVICE]connected nodes,count=0
info|2025-12-13 02:35:39.344379|ioService-0x00007ccbed3ff640|[P2PService][Service][METRIC]heartBeat,connected count=3
info|2025-12-13 02:35:48.933553|timerFactory-0x00007ccbd95ff640|[RPC][WS][SERVICE]connected nodes,count=0
info|2025-12-13 02:35:49.344406|ioService-0x00007ccbed3ff640|[P2PService][Service][METRIC]heartBeat,connected count=3
info|2025-12-13 02:35:58.194915|objMonitor-0x00007ccbc67ff640|[startMonitor][AliveObjectMonitor],AliveObjectAllocStat=[ type: bcos::gateway::Socket ,created: 9 ,destroyed: 5 ,alive: 4 ] 
info|2025-12-13 02:35:58.933613|timerFactory-0x00007ccbd95ff640|[RPC][WS][SERVICE]connected nodes,count=0
info|2025-12-13 02:35:59.344471|ioService-0x00007ccbed3ff640|[P2PService][Service][METRIC]heartBeat,connected count=3
info|2025-12-13 02:36:08.933633|timerFactory-0x00007ccbd95ff640|[RPC][WS][SERVICE]connected nodes,count=0
info|2025-12-13 02:36:09.344604|ioService-0x00007ccbed3ff640|[P2PService][Service][METRIC]heartBeat,connected count=3
info|2025-12-13 02:36:18.933658|timerFactory-0x00007ccbd95ff640|[RPC][WS][SERVICE]connected nodes,count=0
info|2025-12-13 02:36:19.344700|ioService-0x00007ccbed3ff640|[P2PService][Service][METRIC]heartBeat,connected count=3
info|2025-12-13 02:36:28.933692|timerFactory-0x00007ccbd95ff640|[RPC][WS][SERVICE]connected nodes,count=0
info|2025-12-13 02:36:29.344725|ioService-0x00007ccbed3ff640|[P2PService][Service][METRIC]heartBeat,connected count=3
info|2025-12-13 02:36:38.933717|timerFactory-0x00007ccbd95ff640|[RPC][WS][SERVICE]connected nodes,count=0
info|2025-12-13 02:36:39.344802|ioService-0x00007ccbed3ff640|[P2PService][Service][METRIC]heartBeat,connected count=3
info|2025-12-13 02:36:48.933810|timerFactory-0x00007ccbd95ff640|[RPC][WS][SERVICE]connected nodes,count=0
info|2025-12-13 02:36:49.345052|ioService-0x00007ccbed3ff640|[P2PService][Service][METRIC]heartBeat,connected count=3
info|2025-12-13 02:36:58.194945|objMonitor-0x00007ccbc67ff640|[startMonitor][AliveObjectMonitor],AliveObjectAllocStat=[ type: bcos::gateway::Socket ,created: 9 ,destroyed: 5 ,alive: 4 ] 
info|2025-12-13 02:36:58.933868|timerFactory-0x00007ccbd95ff640|[RPC][WS][SERVICE]connected nodes,count=0
info|2025-12-13 02:36:59.345196|ioService-0x00007ccbed3ff640|[P2PService][Service][METRIC]heartBeat,connected count=3
info|2025-12-13 02:37:08.933921|timerFactory-0x00007ccbd95ff640|[RPC][WS][SERVICE]connected nodes,count=0
info|2025-12-13 02:37:09.345260|ioService-0x00007ccbed3ff640|[P2PService][Service][METRIC]heartBeat,connected count=3
info|2025-12-13 02:37:18.934004|timerFactory-0x00007ccbd95ff640|[RPC][WS][SERVICE]connected nodes,count=0
info|2025-12-13 02:37:19.345319|ioService-0x00007ccbed3ff640|[P2PService][Service][METRIC]heartBeat,connected count=3
info|2025-12-13 02:37:28.934039|timerFactory-0x00007ccbd95ff640|[RPC][WS][SERVICE]connected nodes,count=0
info|2025-12-13 02:37:29.345451|ioService-0x00007ccbed3ff640|[P2PService][Service][METRIC]heartBeat,connected count=3
info|2025-12-13 02:37:38.934068|timerFactory-0x00007ccbd95ff640|[RPC][WS][SERVICE]connected nodes,count=0
info|2025-12-13 02:37:39.345609|ioService-0x00007ccbed3ff640|[P2PService][Service][METRIC]heartBeat,connected count=3
info|2025-12-13 02:37:48.934145|timerFactory-0x00007ccbd95ff640|[RPC][WS][SERVICE]connected nodes,count=0
info|2025-12-13 02:37:49.345746|ioService-0x00007ccbed3ff640|[P2PService][Service][METRIC]heartBeat,connected count=3
info|2025-12-13 02:37:58.194976|objMonitor-0x00007ccbc67ff640|[startMonitor][AliveObjectMonitor],AliveObjectAllocStat=[ type: bcos::gateway::Socket ,created: 9 ,destroyed: 5 ,alive: 4 ] 
info|2025-12-13 02:37:58.934169|timerFactory-0x00007ccbd95ff640|[RPC][WS][SERVICE]connected nodes,count=0
info|2025-12-13 02:37:59.345774|ioService-0x00007ccbed3ff640|[P2PService][Service][METRIC]heartBeat,connected count=3
info|2025-12-13 02:38:08.934306|timerFactory-0x00007ccbd95ff640|[RPC][WS][SERVICE]connected nodes,count=0
info|2025-12-13 02:38:09.345868|ioService-0x00007ccbed3ff640|[P2PService][Service][METRIC]heartBeat,connected count=3
info|2025-12-13 02:38:18.934327|timerFactory-0x00007ccbd95ff640|[RPC][WS][SERVICE]connected nodes,count=0
info|2025-12-13 02:38:19.345973|ioService-0x00007ccbed3ff640|[P2PService][Service][METRIC]heartBeat,connected count=3
info|2025-12-13 02:38:28.934354|timerFactory-0x00007ccbd95ff640|[RPC][WS][SERVICE]connected nodes,count=0
info|2025-12-13 02:38:29.346036|ioService-0x00007ccbed3ff640|[P2PService][Service][METRIC]heartBeat,connected count=3
info|2025-12-13 02:38:38.934376|timerFactory-0x00007ccbd95ff640|[RPC][WS][SERVICE]connected nodes,count=0
info|2025-12-13 02:38:39.346057|ioService-0x00007ccbed3ff640|[P2PService][Service][METRIC]heartBeat,connected count=3
info|2025-12-13 02:38:48.934397|timerFactory-0x00007ccbd95ff640|[RPC][WS][SERVICE]connected nodes,count=0
info|2025-12-13 02:38:49.346137|ioService-0x00007ccbed3ff640|[P2PService][Service][METRIC]heartBeat,connected count=3
info|2025-12-13 02:38:58.195050|objMonitor-0x00007ccbc67ff640|[startMonitor][AliveObjectMonitor],AliveObjectAllocStat=[ type: bcos::gateway::Socket ,created: 9 ,destroyed: 5 ,alive: 4 ] 
info|2025-12-13 02:38:58.934462|timerFactory-0x00007ccbd95ff640|[RPC][WS][SERVICE]connected nodes,count=0
info|2025-12-13 02:38:59.346202|ioService-0x00007ccbed3ff640|[P2PService][Service][METRIC]heartBeat,connected count=3
info|2025-12-13 02:39:08.934483|timerFactory-0x00007ccbd95ff640|[RPC][WS][SERVICE]connected nodes,count=0
info|2025-12-13 02:39:09.346257|ioService-0x00007ccbed3ff640|[P2PService][Service][METRIC]heartBeat,connected count=3
info|2025-12-13 02:39:18.934503|timerFactory-0x00007ccbd95ff640|[RPC][WS][SERVICE]connected nodes,count=0
info|2025-12-13 02:39:19.346284|ioService-0x00007ccbed3ff640|[P2PService][Service][METRIC]heartBeat,connected count=3
info|2025-12-13 02:39:28.934522|timerFactory-0x00007ccbd95ff640|[RPC][WS][SERVICE]connected nodes,count=0
info|2025-12-13 02:39:29.346350|ioService-0x00007ccbed3ff640|[P2PService][Service][METRIC]heartBeat,connected count=3
info|2025-12-13 02:39:38.934541|timerFactory-0x00007ccbd95ff640|[RPC][WS][SERVICE]connected nodes,count=0
info|2025-12-13 02:39:39.346374|ioService-0x00007ccbed3ff640|[P2PService][Service][METRIC]heartBeat,connected count=3
info|2025-12-13 02:39:48.934610|timerFactory-0x00007ccbd95ff640|[RPC][WS][SERVICE]connected nodes,count=0
info|2025-12-13 02:39:49.346480|ioService-0x00007ccbed3ff640|[P2PService][Service][METRIC]heartBeat,connected count=3
info|2025-12-13 02:39:58.195083|objMonitor-0x00007ccbc67ff640|[startMonitor][AliveObjectMonitor],AliveObjectAllocStat=[ type: bcos::gateway::Socket ,created: 9 ,destroyed: 5 ,alive: 4 ] 
info|2025-12-13 02:39:58.934631|timerFactory-0x00007ccbd95ff640|[RPC][WS][SERVICE]connected nodes,count=0
info|2025-12-13 02:39:59.346509|ioService-0x00007ccbed3ff640|[P2PService][Service][METRIC]heartBeat,connected count=3
info|2025-12-13 02:40:08.934779|timerFactory-0x00007ccbd95ff640|[RPC][WS][SERVICE]connected nodes,count=0
info|2025-12-13 02:40:09.346594|ioService-0x00007ccbed3ff640|[P2PService][Service][METRIC]heartBeat,connected count=3
info|2025-12-13 02:40:18.934853|timerFactory-0x00007ccbd95ff640|[RPC][WS][SERVICE]connected nodes,count=0
info|2025-12-13 02:40:19.346710|ioService-0x00007ccbed3ff640|[P2PService][Service][METRIC]heartBeat,connected count=3
info|2025-12-13 02:40:28.934918|timerFactory-0x00007ccbd95ff640|[RPC][WS][SERVICE]connected nodes,count=0
info|2025-12-13 02:40:29.346859|ioService-0x00007ccbed3ff640|[P2PService][Service][METRIC]heartBeat,connected count=3
info|2025-12-13 02:40:38.934939|timerFactory-0x00007ccbd95ff640|[RPC][WS][SERVICE]connected nodes,count=0
info|2025-12-13 02:40:39.346883|ioService-0x00007ccbed3ff640|[P2PService][Service][METRIC]heartBeat,connected count=3
info|2025-12-13 02:40:48.934961|timerFactory-0x00007ccbd95ff640|[RPC][WS][SERVICE]connected nodes,count=0
info|2025-12-13 02:40:49.346910|ioService-0x00007ccbed3ff640|[P2PService][Service][METRIC]heartBeat,connected count=3
info|2025-12-13 02:40:58.195169|objMonitor-0x00007ccbc67ff640|[startMonitor][AliveObjectMonitor],AliveObjectAllocStat=[ type: bcos::gateway::Socket ,created: 9 ,destroyed: 5 ,alive: 4 ] [ type: bcos::gateway::ResponseCallback ,created: 3138319 ,destroyed: 3138314 ,alive: 5 ] 
info|2025-12-13 02:40:58.935021|timerFactory-0x00007ccbd95ff640|[RPC][WS][SERVICE]connected nodes,count=0
info|2025-12-13 02:40:59.346987|ioService-0x00007ccbed3ff640|[P2PService][Service][METRIC]heartBeat,connected count=3
info|2025-12-13 02:41:08.935069|timerFactory-0x00007ccbd95ff640|[RPC][WS][SERVICE]connected nodes,count=0
info|2025-12-13 02:41:09.347095|ioService-0x00007ccbed3ff640|[P2PService][Service][METRIC]heartBeat,connected count=3
info|2025-12-13 02:41:18.935132|timerFactory-0x00007ccbd95ff640|[RPC][WS][SERVICE]connected nodes,count=0
info|2025-12-13 02:41:19.347206|ioService-0x00007ccbed3ff640|[P2PService][Service][METRIC]heartBeat,connected count=3
info|2025-12-13 02:41:28.935253|timerFactory-0x00007ccbd95ff640|[RPC][WS][SERVICE]connected nodes,count=0
info|2025-12-13 02:41:29.347283|ioService-0x00007ccbed3ff640|[P2PService][Service][METRIC]heartBeat,connected count=3
info|2025-12-13 02:41:38.935323|timerFactory-0x00007ccbd95ff640|[RPC][WS][SERVICE]connected nodes,count=0
info|2025-12-13 02:41:39.347308|ioService-0x00007ccbed3ff640|[P2PService][Service][METRIC]heartBeat,connected count=3
info|2025-12-13 02:41:48.935395|timerFactory-0x00007ccbd95ff640|[RPC][WS][SERVICE]connected nodes,count=0
info|2025-12-13 02:41:49.347339|ioService-0x00007ccbed3ff640|[P2PService][Service][METRIC]heartBeat,connected count=3
info|2025-12-13 02:41:58.195207|objMonitor-0x00007ccbc67ff640|[startMonitor][AliveObjectMonitor],AliveObjectAllocStat=[ type: bcos::gateway::Socket ,created: 9 ,destroyed: 5 ,alive: 4 ] 
info|2025-12-13 02:41:58.935415|timerFactory-0x00007ccbd95ff640|[RPC][WS][SERVICE]connected nodes,count=0
info|2025-12-13 02:41:59.347415|ioService-0x00007ccbed3ff640|[P2PService][Service][METRIC]heartBeat,connected count=3
info|2025-12-13 02:42:08.935436|timerFactory-0x00007ccbd95ff640|[RPC][WS][SERVICE]connected nodes,count=0
info|2025-12-13 02:42:09.347446|ioService-0x00007ccbed3ff640|[P2PService][Service][METRIC]heartBeat,connected count=3
info|2025-12-13 02:42:18.935456|timerFactory-0x00007ccbd95ff640|[RPC][WS][SERVICE]connected nodes,count=0
info|2025-12-13 02:42:19.347474|ioService-0x00007ccbed3ff640|[P2PService][Service][METRIC]heartBeat,connected count=3
info|2025-12-13 02:42:28.935533|timerFactory-0x00007ccbd95ff640|[RPC][WS][SERVICE]connected nodes,count=0
info|2025-12-13 02:42:29.347553|ioService-0x00007ccbed3ff640|[P2PService][Service][METRIC]heartBeat,connected count=3
info|2025-12-13 02:42:38.935553|timerFactory-0x00007ccbd95ff640|[RPC][WS][SERVICE]connected nodes,count=0
info|2025-12-13 02:42:39.347628|ioService-0x00007ccbed3ff640|[P2PService][Service][METRIC]heartBeat,connected count=3
info|2025-12-13 02:42:48.935572|timerFactory-0x00007ccbd95ff640|[RPC][WS][SERVICE]connected nodes,count=0
info|2025-12-13 02:42:49.347787|ioService-0x00007ccbed3ff640|[P2PService][Service][METRIC]heartBeat,connected count=3
info|2025-12-13 02:42:58.195237|objMonitor-0x00007ccbc67ff640|[startMonitor][AliveObjectMonitor],AliveObjectAllocStat=[ type: bcos::gateway::Socket ,created: 9 ,destroyed: 5 ,alive: 4 ] 
info|2025-12-13 02:42:58.935644|timerFactory-0x00007ccbd95ff640|[RPC][WS][SERVICE]connected nodes,count=0
info|2025-12-13 02:42:59.347878|ioService-0x00007ccbed3ff640|[P2PService][Service][METRIC]heartBeat,connected count=3
info|2025-12-13 02:43:08.935693|timerFactory-0x00007ccbd95ff640|[RPC][WS][SERVICE]connected nodes,count=0
info|2025-12-13 02:43:09.347968|ioService-0x00007ccbed3ff640|[P2PService][Service][METRIC]heartBeat,connected count=3
info|2025-12-13 02:43:18.935734|timerFactory-0x00007ccbd95ff640|[RPC][WS][SERVICE]connected nodes,count=0
info|2025-12-13 02:43:19.348122|ioService-0x00007ccbed3ff640|[P2PService][Service][METRIC]heartBeat,connected count=3
info|2025-12-13 02:43:28.935756|timerFactory-0x00007ccbd95ff640|[RPC][WS][SERVICE]connected nodes,count=0
info|2025-12-13 02:43:29.348204|ioService-0x00007ccbed3ff640|[P2PService][Service][METRIC]heartBeat,connected count=3
info|2025-12-13 02:43:38.935775|timerFactory-0x00007ccbd95ff640|[RPC][WS][SERVICE]connected nodes,count=0
info|2025-12-13 02:43:39.348253|ioService-0x00007ccbed3ff640|[P2PService][Service][METRIC]heartBeat,connected count=3
info|2025-12-13 02:43:48.935793|timerFactory-0x00007ccbd95ff640|[RPC][WS][SERVICE]connected nodes,count=0
info|2025-12-13 02:43:49.348311|ioService-0x00007ccbed3ff640|[P2PService][Service][METRIC]heartBeat,connected count=3
info|2025-12-13 02:43:58.195267|objMonitor-0x00007ccbc67ff640|[startMonitor][AliveObjectMonitor],AliveObjectAllocStat=[ type: bcos::gateway::Socket ,created: 9 ,destroyed: 5 ,alive: 4 ] 
info|2025-12-13 02:43:58.935847|timerFactory-0x00007ccbd95ff640|[RPC][WS][SERVICE]connected nodes,count=0
info|2025-12-13 02:43:59.348381|ioService-0x00007ccbed3ff640|[P2PService][Service][METRIC]heartBeat,connected count=3
info|2025-12-13 02:44:08.935868|timerFactory-0x00007ccbd95ff640|[RPC][WS][SERVICE]connected nodes,count=0
info|2025-12-13 02:44:09.348406|ioService-0x00007ccbed3ff640|[P2PService][Service][METRIC]heartBeat,connected count=3
info|2025-12-13 02:44:18.935914|timerFactory-0x00007ccbd95ff640|[RPC][WS][SERVICE]connected nodes,count=0
info|2025-12-13 02:44:19.348476|ioService-0x00007ccbed3ff640|[P2PService][Service][METRIC]heartBeat,connected count=3
info|2025-12-13 02:44:28.935998|timerFactory-0x00007ccbd95ff640|[RPC][WS][SERVICE]connected nodes,count=0
info|2025-12-13 02:44:29.348642|ioService-0x00007ccbed3ff640|[P2PService][Service][METRIC]heartBeat,connected count=3
info|2025-12-13 02:44:38.936086|timerFactory-0x00007ccbd95ff640|[RPC][WS][SERVICE]connected nodes,count=0
info|2025-12-13 02:44:39.348781|ioService-0x00007ccbed3ff640|[P2PService][Service][METRIC]heartBeat,connected count=3
info|2025-12-13 02:44:48.936110|timerFactory-0x00007ccbd95ff640|[RPC][WS][SERVICE]connected nodes,count=0
info|2025-12-13 02:44:49.348860|ioService-0x00007ccbed3ff640|[P2PService][Service][METRIC]heartBeat,connected count=3
info|2025-12-13 02:44:58.195493|objMonitor-0x00007ccbc67ff640|[startMonitor][AliveObjectMonitor],AliveObjectAllocStat=[ type: bcos::gateway::Socket ,created: 9 ,destroyed: 5 ,alive: 4 ] [ type: bcos::gateway::ResponseCallback ,created: 3141916 ,destroyed: 3141910 ,alive: 6 ] 
info|2025-12-13 02:44:58.936130|timerFactory-0x00007ccbd95ff640|[RPC][WS][SERVICE]connected nodes,count=0
info|2025-12-13 02:44:59.348923|ioService-0x00007ccbed3ff640|[P2PService][Service][METRIC]heartBeat,connected count=3
info|2025-12-13 02:45:08.936299|timerFactory-0x00007ccbd95ff640|[RPC][WS][SERVICE]connected nodes,count=0
info|2025-12-13 02:45:09.349010|ioService-0x00007ccbed3ff640|[P2PService][Service][METRIC]heartBeat,connected count=3
info|2025-12-13 02:45:18.936319|timerFactory-0x00007ccbd95ff640|[RPC][WS][SERVICE]connected nodes,count=0
info|2025-12-13 02:45:19.349070|ioService-0x00007ccbed3ff640|[P2PService][Service][METRIC]heartBeat,connected count=3
info|2025-12-13 02:45:28.936340|timerFactory-0x00007ccbd95ff640|[RPC][WS][SERVICE]connected nodes,count=0
info|2025-12-13 02:45:29.349093|ioService-0x00007ccbed3ff640|[P2PService][Service][METRIC]heartBeat,connected count=3
info|2025-12-13 02:45:38.936427|timerFactory-0x00007ccbd95ff640|[RPC][WS][SERVICE]connected nodes,count=0
info|2025-12-13 02:45:39.349146|ioService-0x00007ccbed3ff640|[P2PService][Service][METRIC]heartBeat,connected count=3
info|2025-12-13 02:45:48.936496|timerFactory-0x00007ccbd95ff640|[RPC][WS][SERVICE]connected nodes,count=0
info|2025-12-13 02:45:49.349236|ioService-0x00007ccbed3ff640|[P2PService][Service][METRIC]heartBeat,connected count=3
info|2025-12-13 02:45:58.195572|objMonitor-0x00007ccbc67ff640|[startMonitor][AliveObjectMonitor],AliveObjectAllocStat=[ type: bcos::gateway::Socket ,created: 9 ,destroyed: 5 ,alive: 4 ] 
info|2025-12-13 02:45:58.936516|timerFactory-0x00007ccbd95ff640|[RPC][WS][SERVICE]connected nodes,count=0
info|2025-12-13 02:45:59.349325|ioService-0x00007ccbed3ff640|[P2PService][Service][METRIC]heartBeat,connected count=3
info|2025-12-13 02:46:08.936536|timerFactory-0x00007ccbd95ff640|[RPC][WS][SERVICE]connected nodes,count=0
info|2025-12-13 02:46:09.349452|ioService-0x00007ccbed3ff640|[P2PService][Service][METRIC]heartBeat,connected count=3
info|2025-12-13 02:46:18.936563|timerFactory-0x00007ccbd95ff640|[RPC][WS][SERVICE]connected nodes,count=0
info|2025-12-13 02:46:19.349528|ioService-0x00007ccbed3ff640|[P2PService][Service][METRIC]heartBeat,connected count=3
info|2025-12-13 02:46:28.936583|timerFactory-0x00007ccbd95ff640|[RPC][WS][SERVICE]connected nodes,count=0
info|2025-12-13 02:46:29.349550|ioService-0x00007ccbed3ff640|[P2PService][Service][METRIC]heartBeat,connected count=3
info|2025-12-13 02:46:38.936601|timerFactory-0x00007ccbd95ff640|[RPC][WS][SERVICE]connected nodes,count=0
info|2025-12-13 02:46:39.349615|ioService-0x00007ccbed3ff640|[P2PService][Service][METRIC]heartBeat,connected count=3
info|2025-12-13 02:46:48.936648|timerFactory-0x00007ccbd95ff640|[RPC][WS][SERVICE]connected nodes,count=0
info|2025-12-13 02:46:49.349711|ioService-0x00007ccbed3ff640|[P2PService][Service][METRIC]heartBeat,connected count=3
info|2025-12-13 02:46:58.195697|objMonitor-0x00007ccbc67ff640|[startMonitor][AliveObjectMonitor],AliveObjectAllocStat=[ type: bcos::gateway::Socket ,created: 9 ,destroyed: 5 ,alive: 4 ] 
info|2025-12-13 02:46:58.936699|timerFactory-0x00007ccbd95ff640|[RPC][WS][SERVICE]connected nodes,count=0
info|2025-12-13 02:46:59.349787|ioService-0x00007ccbed3ff640|[P2PService][Service][METRIC]heartBeat,connected count=3
info|2025-12-13 02:47:08.936756|timerFactory-0x00007ccbd95ff640|[RPC][WS][SERVICE]connected nodes,count=0
info|2025-12-13 02:47:09.349862|ioService-0x00007ccbed3ff640|[P2PService][Service][METRIC]heartBeat,connected count=3
info|2025-12-13 02:47:18.936773|timerFactory-0x00007ccbd95ff640|[RPC][WS][SERVICE]connected nodes,count=0
info|2025-12-13 02:47:19.349948|ioService-0x00007ccbed3ff640|[P2PService][Service][METRIC]heartBeat,connected count=3
info|2025-12-13 02:47:28.936824|timerFactory-0x00007ccbd95ff640|[RPC][WS][SERVICE]connected nodes,count=0
info|2025-12-13 02:47:29.350083|ioService-0x00007ccbed3ff640|[P2PService][Service][METRIC]heartBeat,connected count=3
info|2025-12-13 02:47:38.936905|timerFactory-0x00007ccbd95ff640|[RPC][WS][SERVICE]connected nodes,count=0
info|2025-12-13 02:47:39.350144|ioService-0x00007ccbed3ff640|[P2PService][Service][METRIC]heartBeat,connected count=3
info|2025-12-13 02:47:48.936924|timerFactory-0x00007ccbd95ff640|[RPC][WS][SERVICE]connected nodes,count=0
info|2025-12-13 02:47:49.350166|ioService-0x00007ccbed3ff640|[P2PService][Service][METRIC]heartBeat,connected count=3
info|2025-12-13 02:47:58.195750|objMonitor-0x00007ccbc67ff640|[startMonitor][AliveObjectMonitor],AliveObjectAllocStat=[ type: bcos::gateway::Socket ,created: 9 ,destroyed: 5 ,alive: 4 ] 
info|2025-12-13 02:47:58.936945|timerFactory-0x00007ccbd95ff640|[RPC][WS][SERVICE]connected nodes,count=0
info|2025-12-13 02:47:59.350229|ioService-0x00007ccbed3ff640|[P2PService][Service][METRIC]heartBeat,connected count=3
info|2025-12-13 02:48:08.936965|timerFactory-0x00007ccbd95ff640|[RPC][WS][SERVICE]connected nodes,count=0
info|2025-12-13 02:48:09.350249|ioService-0x00007ccbed3ff640|[P2PService][Service][METRIC]heartBeat,connected count=3
info|2025-12-13 02:48:18.937210|timerFactory-0x00007ccbd95ff640|[RPC][WS][SERVICE]connected nodes,count=0
info|2025-12-13 02:48:19.350311|ioService-0x00007ccbed3ff640|[P2PService][Service][METRIC]heartBeat,connected count=3
info|2025-12-13 02:48:28.937261|timerFactory-0x00007ccbd95ff640|[RPC][WS][SERVICE]connected nodes,count=0
info|2025-12-13 02:48:29.350334|ioService-0x00007ccbed3ff640|[P2PService][Service][METRIC]heartBeat,connected count=3
info|2025-12-13 02:48:38.937279|timerFactory-0x00007ccbd95ff640|[RPC][WS][SERVICE]connected nodes,count=0
info|2025-12-13 02:48:39.350398|ioService-0x00007ccbed3ff640|[P2PService][Service][METRIC]heartBeat,connected count=3
info|2025-12-13 02:48:48.937301|timerFactory-0x00007ccbd95ff640|[RPC][WS][SERVICE]connected nodes,count=0
info|2025-12-13 02:48:49.350479|ioService-0x00007ccbed3ff640|[P2PService][Service][METRIC]heartBeat,connected count=3
info|2025-12-13 02:48:58.195784|objMonitor-0x00007ccbc67ff640|[startMonitor][AliveObjectMonitor],AliveObjectAllocStat=[ type: bcos::gateway::Socket ,created: 9 ,destroyed: 5 ,alive: 4 ] [ type: bcos::gateway::ResponseCallback ,created: 3145513 ,destroyed: 3145509 ,alive: 4 ] 
info|2025-12-13 02:48:58.937325|timerFactory-0x00007ccbd95ff640|[RPC][WS][SERVICE]connected nodes,count=0
info|2025-12-13 02:48:59.350557|ioService-0x00007ccbed3ff640|[P2PService][Service][METRIC]heartBeat,connected count=3
info|2025-12-13 02:49:08.937346|timerFactory-0x00007ccbd95ff640|[RPC][WS][SERVICE]connected nodes,count=0
info|2025-12-13 02:49:09.350617|ioService-0x00007ccbed3ff640|[P2PService][Service][METRIC]heartBeat,connected count=3
info|2025-12-13 02:49:18.937368|timerFactory-0x00007ccbd95ff640|[RPC][WS][SERVICE]connected nodes,count=0
info|2025-12-13 02:49:19.350694|ioService-0x00007ccbed3ff640|[P2PService][Service][METRIC]heartBeat,connected count=3
info|2025-12-13 02:49:28.937388|timerFactory-0x00007ccbd95ff640|[RPC][WS][SERVICE]connected nodes,count=0
info|2025-12-13 02:49:29.350739|ioService-0x00007ccbed3ff640|[P2PService][Service][METRIC]heartBeat,connected count=3
info|2025-12-13 02:49:38.937407|timerFactory-0x00007ccbd95ff640|[RPC][WS][SERVICE]connected nodes,count=0
info|2025-12-13 02:49:39.350808|ioService-0x00007ccbed3ff640|[P2PService][Service][METRIC]heartBeat,connected count=3
info|2025-12-13 02:49:48.937432|timerFactory-0x00007ccbd95ff640|[RPC][WS][SERVICE]connected nodes,count=0
info|2025-12-13 02:49:49.351030|ioService-0x00007ccbed3ff640|[P2PService][Service][METRIC]heartBeat,connected count=3
info|2025-12-13 02:49:58.195910|objMonitor-0x00007ccbc67ff640|[startMonitor][AliveObjectMonitor],AliveObjectAllocStat=[ type: bcos::gateway::Socket ,created: 9 ,destroyed: 5 ,alive: 4 ] 
info|2025-12-13 02:49:58.937452|timerFactory-0x00007ccbd95ff640|[RPC][WS][SERVICE]connected nodes,count=0
info|2025-12-13 02:49:59.351189|ioService-0x00007ccbed3ff640|[P2PService][Service][METRIC]heartBeat,connected count=3
info|2025-12-13 02:50:08.937498|timerFactory-0x00007ccbd95ff640|[RPC][WS][SERVICE]connected nodes,count=0
info|2025-12-13 02:50:09.351318|ioService-0x00007ccbed3ff640|[P2PService][Service][METRIC]heartBeat,connected count=3
info|2025-12-13 02:50:18.937601|timerFactory-0x00007ccbd95ff640|[RPC][WS][SERVICE]connected nodes,count=0
info|2025-12-13 02:50:19.351387|ioService-0x00007ccbed3ff640|[P2PService][Service][METRIC]heartBeat,connected count=3
info|2025-12-13 02:50:28.937620|timerFactory-0x00007ccbd95ff640|[RPC][WS][SERVICE]connected nodes,count=0
info|2025-12-13 02:50:29.351411|ioService-0x00007ccbed3ff640|[P2PService][Service][METRIC]heartBeat,connected count=3
info|2025-12-13 02:50:38.937671|timerFactory-0x00007ccbd95ff640|[RPC][WS][SERVICE]connected nodes,count=0
info|2025-12-13 02:50:39.351433|ioService-0x00007ccbed3ff640|[P2PService][Service][METRIC]heartBeat,connected count=3
info|2025-12-13 02:50:48.937731|timerFactory-0x00007ccbd95ff640|[RPC][WS][SERVICE]connected nodes,count=0
info|2025-12-13 02:50:49.351510|ioService-0x00007ccbed3ff640|[P2PService][Service][METRIC]heartBeat,connected count=3
info|2025-12-13 02:50:58.196038|objMonitor-0x00007ccbc67ff640|[startMonitor][AliveObjectMonitor],AliveObjectAllocStat=[ type: bcos::gateway::Socket ,created: 9 ,destroyed: 5 ,alive: 4 ] 
info|2025-12-13 02:50:58.937753|timerFactory-0x00007ccbd95ff640|[RPC][WS][SERVICE]connected nodes,count=0
info|2025-12-13 02:50:59.351531|ioService-0x00007ccbed3ff640|[P2PService][Service][METRIC]heartBeat,connected count=3
info|2025-12-13 02:51:08.937782|timerFactory-0x00007ccbd95ff640|[RPC][WS][SERVICE]connected nodes,count=0
info|2025-12-13 02:51:09.351585|ioService-0x00007ccbed3ff640|[P2PService][Service][METRIC]heartBeat,connected count=3
info|2025-12-13 02:51:18.937817|timerFactory-0x00007ccbd95ff640|[RPC][WS][SERVICE]connected nodes,count=0
info|2025-12-13 02:51:19.351653|ioService-0x00007ccbed3ff640|[P2PService][Service][METRIC]heartBeat,connected count=3
info|2025-12-13 02:51:28.937876|timerFactory-0x00007ccbd95ff640|[RPC][WS][SERVICE]connected nodes,count=0
info|2025-12-13 02:51:29.351675|ioService-0x00007ccbed3ff640|[P2PService][Service][METRIC]heartBeat,connected count=3
info|2025-12-13 02:51:38.937957|timerFactory-0x00007ccbd95ff640|[RPC][WS][SERVICE]connected nodes,count=0
info|2025-12-13 02:51:39.351700|ioService-0x00007ccbed3ff640|[P2PService][Service][METRIC]heartBeat,connected count=3
info|2025-12-13 02:51:48.938049|timerFactory-0x00007ccbd95ff640|[RPC][WS][SERVICE]connected nodes,count=0
info|2025-12-13 02:51:49.351780|ioService-0x00007ccbed3ff640|[P2PService][Service][METRIC]heartBeat,connected count=3
info|2025-12-13 02:51:58.196309|objMonitor-0x00007ccbc67ff640|[startMonitor][AliveObjectMonitor],AliveObjectAllocStat=[ type: bcos::gateway::Socket ,created: 9 ,destroyed: 5 ,alive: 4 ] 
info|2025-12-13 02:51:58.938070|timerFactory-0x00007ccbd95ff640|[RPC][WS][SERVICE]connected nodes,count=0
info|2025-12-13 02:51:59.351835|ioService-0x00007ccbed3ff640|[P2PService][Service][METRIC]heartBeat,connected count=3
info|2025-12-13 02:52:08.938095|timerFactory-0x00007ccbd95ff640|[RPC][WS][SERVICE]connected nodes,count=0
info|2025-12-13 02:52:09.351913|ioService-0x00007ccbed3ff640|[P2PService][Service][METRIC]heartBeat,connected count=3
info|2025-12-13 02:52:18.938137|timerFactory-0x00007ccbd95ff640|[RPC][WS][SERVICE]connected nodes,count=0
info|2025-12-13 02:52:19.351939|ioService-0x00007ccbed3ff640|[P2PService][Service][METRIC]heartBeat,connected count=3
info|2025-12-13 02:52:28.938162|timerFactory-0x00007ccbd95ff640|[RPC][WS][SERVICE]connected nodes,count=0
info|2025-12-13 02:52:29.352130|ioService-0x00007ccbed3ff640|[P2PService][Service][METRIC]heartBeat,connected count=3
info|2025-12-13 02:52:38.938190|timerFactory-0x00007ccbd95ff640|[RPC][WS][SERVICE]connected nodes,count=0
info|2025-12-13 02:52:39.352156|ioService-0x00007ccbed3ff640|[P2PService][Service][METRIC]heartBeat,connected count=3
info|2025-12-13 02:52:48.938348|timerFactory-0x00007ccbd95ff640|[RPC][WS][SERVICE]connected nodes,count=0
info|2025-12-13 02:52:49.352178|ioService-0x00007ccbed3ff640|[P2PService][Service][METRIC]heartBeat,connected count=3
info|2025-12-13 02:52:58.196340|objMonitor-0x00007ccbc67ff640|[startMonitor][AliveObjectMonitor],AliveObjectAllocStat=[ type: bcos::gateway::Socket ,created: 9 ,destroyed: 5 ,alive: 4 ] 
info|2025-12-13 02:52:58.938394|timerFactory-0x00007ccbd95ff640|[RPC][WS][SERVICE]connected nodes,count=0
info|2025-12-13 02:52:59.352268|ioService-0x00007ccbed3ff640|[P2PService][Service][METRIC]heartBeat,connected count=3
info|2025-12-13 02:53:08.938413|timerFactory-0x00007ccbd95ff640|[RPC][WS][SERVICE]connected nodes,count=0
info|2025-12-13 02:53:09.352423|ioService-0x00007ccbed3ff640|[P2PService][Service][METRIC]heartBeat,connected count=3
info|2025-12-13 02:53:18.938459|timerFactory-0x00007ccbd95ff640|[RPC][WS][SERVICE]connected nodes,count=0
info|2025-12-13 02:53:19.352454|ioService-0x00007ccbed3ff640|[P2PService][Service][METRIC]heartBeat,connected count=3
info|2025-12-13 02:53:28.938518|timerFactory-0x00007ccbd95ff640|[RPC][WS][SERVICE]connected nodes,count=0
info|2025-12-13 02:53:29.352481|ioService-0x00007ccbed3ff640|[P2PService][Service][METRIC]heartBeat,connected count=3
info|2025-12-13 02:53:38.938582|timerFactory-0x00007ccbd95ff640|[RPC][WS][SERVICE]connected nodes,count=0
info|2025-12-13 02:53:39.352555|ioService-0x00007ccbed3ff640|[P2PService][Service][METRIC]heartBeat,connected count=3
info|2025-12-13 02:53:48.938604|timerFactory-0x00007ccbd95ff640|[RPC][WS][SERVICE]connected nodes,count=0
info|2025-12-13 02:53:49.352585|ioService-0x00007ccbed3ff640|[P2PService][Service][METRIC]heartBeat,connected count=3
info|2025-12-13 02:53:58.196472|objMonitor-0x00007ccbc67ff640|[startMonitor][AliveObjectMonitor],AliveObjectAllocStat=[ type: bcos::gateway::Socket ,created: 9 ,destroyed: 5 ,alive: 4 ] 
info|2025-12-13 02:53:58.938624|timerFactory-0x00007ccbd95ff640|[RPC][WS][SERVICE]connected nodes,count=0
info|2025-12-13 02:53:59.352798|ioService-0x00007ccbed3ff640|[P2PService][Service][METRIC]heartBeat,connected count=3
info|2025-12-13 02:54:08.938648|timerFactory-0x00007ccbd95ff640|[RPC][WS][SERVICE]connected nodes,count=0
info|2025-12-13 02:54:09.352818|ioService-0x00007ccbed3ff640|[P2PService][Service][METRIC]heartBeat,connected count=3
info|2025-12-13 02:54:18.938698|timerFactory-0x00007ccbd95ff640|[RPC][WS][SERVICE]connected nodes,count=0
info|2025-12-13 02:54:19.352918|ioService-0x00007ccbed3ff640|[P2PService][Service][METRIC]heartBeat,connected count=3
info|2025-12-13 02:54:28.938751|timerFactory-0x00007ccbd95ff640|[RPC][WS][SERVICE]connected nodes,count=0
info|2025-12-13 02:54:29.352995|ioService-0x00007ccbed3ff640|[P2PService][Service][METRIC]heartBeat,connected count=3
info|2025-12-13 02:54:38.938769|timerFactory-0x00007ccbd95ff640|[RPC][WS][SERVICE]connected nodes,count=0
info|2025-12-13 02:54:39.353061|ioService-0x00007ccbed3ff640|[P2PService][Service][METRIC]heartBeat,connected count=3
info|2025-12-13 02:54:48.938903|timerFactory-0x00007ccbd95ff640|[RPC][WS][SERVICE]connected nodes,count=0
info|2025-12-13 02:54:49.353175|ioService-0x00007ccbed3ff640|[P2PService][Service][METRIC]heartBeat,connected count=3
info|2025-12-13 02:54:58.196505|objMonitor-0x00007ccbc67ff640|[startMonitor][AliveObjectMonitor],AliveObjectAllocStat=[ type: bcos::gateway::Socket ,created: 9 ,destroyed: 5 ,alive: 4 ] 
info|2025-12-13 02:54:58.938956|timerFactory-0x00007ccbd95ff640|[RPC][WS][SERVICE]connected nodes,count=0
info|2025-12-13 02:54:59.353433|ioService-0x00007ccbed3ff640|[P2PService][Service][METRIC]heartBeat,connected count=3
info|2025-12-13 02:55:08.939026|timerFactory-0x00007ccbd95ff640|[RPC][WS][SERVICE]connected nodes,count=0
info|2025-12-13 02:55:09.353492|ioService-0x00007ccbed3ff640|[P2PService][Service][METRIC]heartBeat,connected count=3
info|2025-12-13 02:55:18.939096|timerFactory-0x00007ccbd95ff640|[RPC][WS][SERVICE]connected nodes,count=0
info|2025-12-13 02:55:19.353549|ioService-0x00007ccbed3ff640|[P2PService][Service][METRIC]heartBeat,connected count=3
info|2025-12-13 02:55:28.939143|timerFactory-0x00007ccbd95ff640|[RPC][WS][SERVICE]connected nodes,count=0
info|2025-12-13 02:55:29.353710|ioService-0x00007ccbed3ff640|[P2PService][Service][METRIC]heartBeat,connected count=3
info|2025-12-13 02:55:38.939169|timerFactory-0x00007ccbd95ff640|[RPC][WS][SERVICE]connected nodes,count=0
info|2025-12-13 02:55:39.353763|ioService-0x00007ccbed3ff640|[P2PService][Service][METRIC]heartBeat,connected count=3
info|2025-12-13 02:55:48.939261|timerFactory-0x00007ccbd95ff640|[RPC][WS][SERVICE]connected nodes,count=0
info|2025-12-13 02:55:49.353782|ioService-0x00007ccbed3ff640|[P2PService][Service][METRIC]heartBeat,connected count=3
info|2025-12-13 02:55:58.196537|objMonitor-0x00007ccbc67ff640|[startMonitor][AliveObjectMonitor],AliveObjectAllocStat=[ type: bcos::gateway::Socket ,created: 9 ,destroyed: 5 ,alive: 4 ] 
info|2025-12-13 02:55:58.939336|timerFactory-0x00007ccbd95ff640|[RPC][WS][SERVICE]connected nodes,count=0
info|2025-12-13 02:55:59.353836|ioService-0x00007ccbed3ff640|[P2PService][Service][METRIC]heartBeat,connected count=3
info|2025-12-13 02:56:08.939356|timerFactory-0x00007ccbd95ff640|[RPC][WS][SERVICE]connected nodes,count=0
info|2025-12-13 02:56:09.353883|ioService-0x00007ccbed3ff640|[P2PService][Service][METRIC]heartBeat,connected count=3
info|2025-12-13 02:56:18.939374|timerFactory-0x00007ccbd95ff640|[RPC][WS][SERVICE]connected nodes,count=0
info|2025-12-13 02:56:19.353959|ioService-0x00007ccbed3ff640|[P2PService][Service][METRIC]heartBeat,connected count=3
info|2025-12-13 02:56:28.939392|timerFactory-0x00007ccbd95ff640|[RPC][WS][SERVICE]connected nodes,count=0
info|2025-12-13 02:56:29.354020|ioService-0x00007ccbed3ff640|[P2PService][Service][METRIC]heartBeat,connected count=3
info|2025-12-13 02:56:38.939413|timerFactory-0x00007ccbd95ff640|[RPC][WS][SERVICE]connected nodes,count=0
info|2025-12-13 02:56:39.354069|ioService-0x00007ccbed3ff640|[P2PService][Service][METRIC]heartBeat,connected count=3
info|2025-12-13 02:56:48.939439|timerFactory-0x00007ccbd95ff640|[RPC][WS][SERVICE]connected nodes,count=0
info|2025-12-13 02:56:49.354100|ioService-0x00007ccbed3ff640|[P2PService][Service][METRIC]heartBeat,connected count=3
info|2025-12-13 02:56:58.196564|objMonitor-0x00007ccbc67ff640|[startMonitor][AliveObjectMonitor],AliveObjectAllocStat=[ type: bcos::gateway::Socket ,created: 9 ,destroyed: 5 ,alive: 4 ] 
info|2025-12-13 02:56:58.939495|timerFactory-0x00007ccbd95ff640|[RPC][WS][SERVICE]connected nodes,count=0
info|2025-12-13 02:56:59.354171|ioService-0x00007ccbed3ff640|[P2PService][Service][METRIC]heartBeat,connected count=3
info|2025-12-13 02:57:08.939519|timerFactory-0x00007ccbd95ff640|[RPC][WS][SERVICE]connected nodes,count=0
info|2025-12-13 02:57:09.354298|ioService-0x00007ccbed3ff640|[P2PService][Service][METRIC]heartBeat,connected count=3
info|2025-12-13 02:57:18.939588|timerFactory-0x00007ccbd95ff640|[RPC][WS][SERVICE]connected nodes,count=0
info|2025-12-13 02:57:19.354328|ioService-0x00007ccbed3ff640|[P2PService][Service][METRIC]heartBeat,connected count=3
info|2025-12-13 02:57:28.939634|timerFactory-0x00007ccbd95ff640|[RPC][WS][SERVICE]connected nodes,count=0
info|2025-12-13 02:57:29.354351|ioService-0x00007ccbed3ff640|[P2PService][Service][METRIC]heartBeat,connected count=3
info|2025-12-13 02:57:38.939792|timerFactory-0x00007ccbd95ff640|[RPC][WS][SERVICE]connected nodes,count=0
info|2025-12-13 02:57:39.354374|ioService-0x00007ccbed3ff640|[P2PService][Service][METRIC]heartBeat,connected count=3
info|2025-12-13 02:57:48.939813|timerFactory-0x00007ccbd95ff640|[RPC][WS][SERVICE]connected nodes,count=0
info|2025-12-13 02:57:49.354434|ioService-0x00007ccbed3ff640|[P2PService][Service][METRIC]heartBeat,connected count=3
info|2025-12-13 02:57:58.196590|objMonitor-0x00007ccbc67ff640|[startMonitor][AliveObjectMonitor],AliveObjectAllocStat=[ type: bcos::gateway::Socket ,created: 9 ,destroyed: 5 ,alive: 4 ] 
info|2025-12-13 02:57:58.939833|timerFactory-0x00007ccbd95ff640|[RPC][WS][SERVICE]connected nodes,count=0
info|2025-12-13 02:57:59.354606|ioService-0x00007ccbed3ff640|[P2PService][Service][METRIC]heartBeat,connected count=3
info|2025-12-13 02:58:08.939852|timerFactory-0x00007ccbd95ff640|[RPC][WS][SERVICE]connected nodes,count=0
info|2025-12-13 02:58:09.354697|ioService-0x00007ccbed3ff640|[P2PService][Service][METRIC]heartBeat,connected count=3
info|2025-12-13 02:58:18.939923|timerFactory-0x00007ccbd95ff640|[RPC][WS][SERVICE]connected nodes,count=0
info|2025-12-13 02:58:19.354801|ioService-0x00007ccbed3ff640|[P2PService][Service][METRIC]heartBeat,connected count=3
info|2025-12-13 02:58:28.939959|timerFactory-0x00007ccbd95ff640|[RPC][WS][SERVICE]connected nodes,count=0
info|2025-12-13 02:58:29.354872|ioService-0x00007ccbed3ff640|[P2PService][Service][METRIC]heartBeat,connected count=3
info|2025-12-13 02:58:38.940008|timerFactory-0x00007ccbd95ff640|[RPC][WS][SERVICE]connected nodes,count=0
info|2025-12-13 02:58:39.354896|ioService-0x00007ccbed3ff640|[P2PService][Service][METRIC]heartBeat,connected count=3
info|2025-12-13 02:58:48.940075|timerFactory-0x00007ccbd95ff640|[RPC][WS][SERVICE]connected nodes,count=0
info|2025-12-13 02:58:49.354966|ioService-0x00007ccbed3ff640|[P2PService][Service][METRIC]heartBeat,connected count=3
info|2025-12-13 02:58:58.196709|objMonitor-0x00007ccbc67ff640|[startMonitor][AliveObjectMonitor],AliveObjectAllocStat=[ type: bcos::gateway::Socket ,created: 9 ,destroyed: 5 ,alive: 4 ] 
info|2025-12-13 02:58:58.940127|timerFactory-0x00007ccbd95ff640|[RPC][WS][SERVICE]connected nodes,count=0
info|2025-12-13 02:58:59.355041|ioService-0x00007ccbed3ff640|[P2PService][Service][METRIC]heartBeat,connected count=3
info|2025-12-13 02:59:08.940150|timerFactory-0x00007ccbd95ff640|[RPC][WS][SERVICE]connected nodes,count=0
info|2025-12-13 02:59:09.355230|ioService-0x00007ccbed3ff640|[P2PService][Service][METRIC]heartBeat,connected count=3
info|2025-12-13 02:59:18.940184|timerFactory-0x00007ccbd95ff640|[RPC][WS][SERVICE]connected nodes,count=0
info|2025-12-13 02:59:19.355287|ioService-0x00007ccbed3ff640|[P2PService][Service][METRIC]heartBeat,connected count=3
info|2025-12-13 02:59:28.940240|timerFactory-0x00007ccbd95ff640|[RPC][WS][SERVICE]connected nodes,count=0
info|2025-12-13 02:59:29.355314|ioService-0x00007ccbed3ff640|[P2PService][Service][METRIC]heartBeat,connected count=3
info|2025-12-13 02:59:38.940300|timerFactory-0x00007ccbd95ff640|[RPC][WS][SERVICE]connected nodes,count=0
info|2025-12-13 02:59:39.355375|ioService-0x00007ccbed3ff640|[P2PService][Service][METRIC]heartBeat,connected count=3
info|2025-12-13 02:59:48.940318|timerFactory-0x00007ccbd95ff640|[RPC][WS][SERVICE]connected nodes,count=0
info|2025-12-13 02:59:49.355528|ioService-0x00007ccbed3ff640|[P2PService][Service][METRIC]heartBeat,connected count=3
info|2025-12-13 02:59:58.196744|objMonitor-0x00007ccbc67ff640|[startMonitor][AliveObjectMonitor],AliveObjectAllocStat=[ type: bcos::gateway::Socket ,created: 9 ,destroyed: 5 ,alive: 4 ] 
info|2025-12-13 02:59:58.940381|timerFactory-0x00007ccbd95ff640|[RPC][WS][SERVICE]connected nodes,count=0
info|2025-12-13 02:59:59.355585|ioService-0x00007ccbed3ff640|[P2PService][Service][METRIC]heartBeat,connected count=3
