info|2025-12-21 02:00:01.876506|timerFactory-0x00007ed8bfdff640|[RPC][WS][SERVICE]connected nodes,count=0
info|2025-12-21 02:00:03.959751|ioService-0x00007ed8d3dff640|[P2PService][Service][METRIC]heartBeat,connected count=3
info|2025-12-21 02:00:11.876599|timerFactory-0x00007ed8bfdff640|[RPC][WS][SERVICE]connected nodes,count=0
info|2025-12-21 02:00:13.959879|ioService-0x00007ed8d3dff640|[P2PService][Service][METRIC]heartBeat,connected count=3
info|2025-12-21 02:00:21.876667|timerFactory-0x00007ed8bfdff640|[RPC][WS][SERVICE]connected nodes,count=0
info|2025-12-21 02:00:23.960044|ioService-0x00007ed8d3dff640|[P2PService][Service][METRIC]heartBeat,connected count=3
info|2025-12-21 02:00:31.876697|timerFactory-0x00007ed8bfdff640|[RPC][WS][SERVICE]connected nodes,count=0
info|2025-12-21 02:00:33.960099|ioService-0x00007ed8d3dff640|[P2PService][Service][METRIC]heartBeat,connected count=3
info|2025-12-21 02:00:41.876765|timerFactory-0x00007ed8bfdff640|[RPC][WS][SERVICE]connected nodes,count=0
info|2025-12-21 02:00:43.960165|ioService-0x00007ed8d3dff640|[P2PService][Service][METRIC]heartBeat,connected count=3
info|2025-12-21 02:00:51.876823|timerFactory-0x00007ed8bfdff640|[RPC][WS][SERVICE]connected nodes,count=0
info|2025-12-21 02:00:53.960224|ioService-0x00007ed8d3dff640|[P2PService][Service][METRIC]heartBeat,connected count=3
info|2025-12-21 02:00:58.975892|objMonitor-0x00007ed8ae7ff640|[startMonitor][AliveObjectMonitor],AliveObjectAllocStat=[ type: bcos::gateway::Socket ,created: 19 ,destroyed: 15 ,alive: 4 ] [ type: bcos::gateway::ResponseCallback ,created: 13461664 ,destroyed: 13461659 ,alive: 5 ] 
info|2025-12-21 02:01:01.876923|timerFactory-0x00007ed8bfdff640|[RPC][WS][SERVICE]connected nodes,count=0
info|2025-12-21 02:01:03.960250|ioService-0x00007ed8d3dff640|[P2PService][Service][METRIC]heartBeat,connected count=3
info|2025-12-21 02:01:11.876951|timerFactory-0x00007ed8bfdff640|[RPC][WS][SERVICE]connected nodes,count=0
info|2025-12-21 02:01:13.960279|ioService-0x00007ed8d3dff640|[P2PService][Service][METRIC]heartBeat,connected count=3
info|2025-12-21 02:01:21.877090|timerFactory-0x00007ed8bfdff640|[RPC][WS][SERVICE]connected nodes,count=0
info|2025-12-21 02:01:23.960306|ioService-0x00007ed8d3dff640|[P2PService][Service][METRIC]heartBeat,connected count=3
info|2025-12-21 02:01:31.877156|timerFactory-0x00007ed8bfdff640|[RPC][WS][SERVICE]connected nodes,count=0
info|2025-12-21 02:01:33.960333|ioService-0x00007ed8d3dff640|[P2PService][Service][METRIC]heartBeat,connected count=3
info|2025-12-21 02:01:41.877230|timerFactory-0x00007ed8bfdff640|[RPC][WS][SERVICE]connected nodes,count=0
info|2025-12-21 02:01:43.960427|ioService-0x00007ed8d3dff640|[P2PService][Service][METRIC]heartBeat,connected count=3
info|2025-12-21 02:01:51.877306|timerFactory-0x00007ed8bfdff640|[RPC][WS][SERVICE]connected nodes,count=0
info|2025-12-21 02:01:53.960500|ioService-0x00007ed8d3dff640|[P2PService][Service][METRIC]heartBeat,connected count=3
info|2025-12-21 02:01:58.975948|objMonitor-0x00007ed8ae7ff640|[startMonitor][AliveObjectMonitor],AliveObjectAllocStat=[ type: bcos::gateway::Socket ,created: 19 ,destroyed: 15 ,alive: 4 ] 
info|2025-12-21 02:02:01.877404|timerFactory-0x00007ed8bfdff640|[RPC][WS][SERVICE]connected nodes,count=0
info|2025-12-21 02:02:03.960620|ioService-0x00007ed8d3dff640|[P2PService][Service][METRIC]heartBeat,connected count=3
info|2025-12-21 02:02:11.877471|timerFactory-0x00007ed8bfdff640|[RPC][WS][SERVICE]connected nodes,count=0
info|2025-12-21 02:02:13.960649|ioService-0x00007ed8d3dff640|[P2PService][Service][METRIC]heartBeat,connected count=3
info|2025-12-21 02:02:21.877612|timerFactory-0x00007ed8bfdff640|[RPC][WS][SERVICE]connected nodes,count=0
info|2025-12-21 02:02:23.960709|ioService-0x00007ed8d3dff640|[P2PService][Service][METRIC]heartBeat,connected count=3
info|2025-12-21 02:02:31.877803|timerFactory-0x00007ed8bfdff640|[RPC][WS][SERVICE]connected nodes,count=0
info|2025-12-21 02:02:33.960800|ioService-0x00007ed8d3dff640|[P2PService][Service][METRIC]heartBeat,connected count=3
info|2025-12-21 02:02:41.877860|timerFactory-0x00007ed8bfdff640|[RPC][WS][SERVICE]connected nodes,count=0
info|2025-12-21 02:02:43.960863|ioService-0x00007ed8d3dff640|[P2PService][Service][METRIC]heartBeat,connected count=3
info|2025-12-21 02:02:51.877888|timerFactory-0x00007ed8bfdff640|[RPC][WS][SERVICE]connected nodes,count=0
info|2025-12-21 02:02:53.960939|ioService-0x00007ed8d3dff640|[P2PService][Service][METRIC]heartBeat,connected count=3
info|2025-12-21 02:02:58.976009|objMonitor-0x00007ed8ae7ff640|[startMonitor][AliveObjectMonitor],AliveObjectAllocStat=[ type: bcos::gateway::Socket ,created: 19 ,destroyed: 15 ,alive: 4 ] 
info|2025-12-21 02:03:01.877919|timerFactory-0x00007ed8bfdff640|[RPC][WS][SERVICE]connected nodes,count=0
info|2025-12-21 02:03:03.960960|ioService-0x00007ed8d3dff640|[P2PService][Service][METRIC]heartBeat,connected count=3
info|2025-12-21 02:03:11.877948|timerFactory-0x00007ed8bfdff640|[RPC][WS][SERVICE]connected nodes,count=0
info|2025-12-21 02:03:13.961023|ioService-0x00007ed8d3dff640|[P2PService][Service][METRIC]heartBeat,connected count=3
info|2025-12-21 02:03:21.878033|timerFactory-0x00007ed8bfdff640|[RPC][WS][SERVICE]connected nodes,count=0
info|2025-12-21 02:03:23.961082|ioService-0x00007ed8d3dff640|[P2PService][Service][METRIC]heartBeat,connected count=3
info|2025-12-21 02:03:31.878106|timerFactory-0x00007ed8bfdff640|[RPC][WS][SERVICE]connected nodes,count=0
info|2025-12-21 02:03:33.961104|ioService-0x00007ed8d3dff640|[P2PService][Service][METRIC]heartBeat,connected count=3
info|2025-12-21 02:03:41.878189|timerFactory-0x00007ed8bfdff640|[RPC][WS][SERVICE]connected nodes,count=0
info|2025-12-21 02:03:43.961123|ioService-0x00007ed8d3dff640|[P2PService][Service][METRIC]heartBeat,connected count=3
info|2025-12-21 02:03:51.878259|timerFactory-0x00007ed8bfdff640|[RPC][WS][SERVICE]connected nodes,count=0
info|2025-12-21 02:03:53.961143|ioService-0x00007ed8d3dff640|[P2PService][Service][METRIC]heartBeat,connected count=3
info|2025-12-21 02:03:58.976162|objMonitor-0x00007ed8ae7ff640|[startMonitor][AliveObjectMonitor],AliveObjectAllocStat=[ type: bcos::gateway::Socket ,created: 19 ,destroyed: 15 ,alive: 4 ] 
info|2025-12-21 02:04:01.878385|timerFactory-0x00007ed8bfdff640|[RPC][WS][SERVICE]connected nodes,count=0
info|2025-12-21 02:04:03.961201|ioService-0x00007ed8d3dff640|[P2PService][Service][METRIC]heartBeat,connected count=3
info|2025-12-21 02:04:11.878417|timerFactory-0x00007ed8bfdff640|[RPC][WS][SERVICE]connected nodes,count=0
info|2025-12-21 02:04:13.961255|ioService-0x00007ed8d3dff640|[P2PService][Service][METRIC]heartBeat,connected count=3
info|2025-12-21 02:04:21.878513|timerFactory-0x00007ed8bfdff640|[RPC][WS][SERVICE]connected nodes,count=0
info|2025-12-21 02:04:23.961301|ioService-0x00007ed8d3dff640|[P2PService][Service][METRIC]heartBeat,connected count=3
info|2025-12-21 02:04:31.878602|timerFactory-0x00007ed8bfdff640|[RPC][WS][SERVICE]connected nodes,count=0
info|2025-12-21 02:04:33.961327|ioService-0x00007ed8d3dff640|[P2PService][Service][METRIC]heartBeat,connected count=3
info|2025-12-21 02:04:41.878632|timerFactory-0x00007ed8bfdff640|[RPC][WS][SERVICE]connected nodes,count=0
info|2025-12-21 02:04:43.961351|ioService-0x00007ed8d3dff640|[P2PService][Service][METRIC]heartBeat,connected count=3
info|2025-12-21 02:04:51.878661|timerFactory-0x00007ed8bfdff640|[RPC][WS][SERVICE]connected nodes,count=0
info|2025-12-21 02:04:53.961436|ioService-0x00007ed8d3dff640|[P2PService][Service][METRIC]heartBeat,connected count=3
info|2025-12-21 02:04:58.976274|objMonitor-0x00007ed8ae7ff640|[startMonitor][AliveObjectMonitor],AliveObjectAllocStat=[ type: bcos::gateway::Socket ,created: 19 ,destroyed: 15 ,alive: 4 ] 
info|2025-12-21 02:05:01.878746|timerFactory-0x00007ed8bfdff640|[RPC][WS][SERVICE]connected nodes,count=0
info|2025-12-21 02:05:03.961465|ioService-0x00007ed8d3dff640|[P2PService][Service][METRIC]heartBeat,connected count=3
info|2025-12-21 02:05:11.878812|timerFactory-0x00007ed8bfdff640|[RPC][WS][SERVICE]connected nodes,count=0
info|2025-12-21 02:05:13.961490|ioService-0x00007ed8d3dff640|[P2PService][Service][METRIC]heartBeat,connected count=3
info|2025-12-21 02:05:21.878878|timerFactory-0x00007ed8bfdff640|[RPC][WS][SERVICE]connected nodes,count=0
info|2025-12-21 02:05:23.961513|ioService-0x00007ed8d3dff640|[P2PService][Service][METRIC]heartBeat,connected count=3
info|2025-12-21 02:05:31.878974|timerFactory-0x00007ed8bfdff640|[RPC][WS][SERVICE]connected nodes,count=0
info|2025-12-21 02:05:33.961537|ioService-0x00007ed8d3dff640|[P2PService][Service][METRIC]heartBeat,connected count=3
info|2025-12-21 02:05:41.879139|timerFactory-0x00007ed8bfdff640|[RPC][WS][SERVICE]connected nodes,count=0
info|2025-12-21 02:05:43.961586|ioService-0x00007ed8d3dff640|[P2PService][Service][METRIC]heartBeat,connected count=3
info|2025-12-21 02:05:51.879362|timerFactory-0x00007ed8bfdff640|[RPC][WS][SERVICE]connected nodes,count=0
info|2025-12-21 02:05:53.961678|ioService-0x00007ed8d3dff640|[P2PService][Service][METRIC]heartBeat,connected count=3
info|2025-12-21 02:05:58.976359|objMonitor-0x00007ed8ae7ff640|[startMonitor][AliveObjectMonitor],AliveObjectAllocStat=[ type: bcos::gateway::Socket ,created: 19 ,destroyed: 15 ,alive: 4 ] 
info|2025-12-21 02:06:01.879456|timerFactory-0x00007ed8bfdff640|[RPC][WS][SERVICE]connected nodes,count=0
info|2025-12-21 02:06:03.961731|ioService-0x00007ed8d3dff640|[P2PService][Service][METRIC]heartBeat,connected count=3
info|2025-12-21 02:06:11.879547|timerFactory-0x00007ed8bfdff640|[RPC][WS][SERVICE]connected nodes,count=0
info|2025-12-21 02:06:13.961759|ioService-0x00007ed8d3dff640|[P2PService][Service][METRIC]heartBeat,connected count=3
info|2025-12-21 02:06:21.879578|timerFactory-0x00007ed8bfdff640|[RPC][WS][SERVICE]connected nodes,count=0
info|2025-12-21 02:06:23.961794|ioService-0x00007ed8d3dff640|[P2PService][Service][METRIC]heartBeat,connected count=3
info|2025-12-21 02:06:31.879609|timerFactory-0x00007ed8bfdff640|[RPC][WS][SERVICE]connected nodes,count=0
info|2025-12-21 02:06:33.961880|ioService-0x00007ed8d3dff640|[P2PService][Service][METRIC]heartBeat,connected count=3
info|2025-12-21 02:06:41.879640|timerFactory-0x00007ed8bfdff640|[RPC][WS][SERVICE]connected nodes,count=0
info|2025-12-21 02:06:43.962022|ioService-0x00007ed8d3dff640|[P2PService][Service][METRIC]heartBeat,connected count=3
info|2025-12-21 02:06:51.879669|timerFactory-0x00007ed8bfdff640|[RPC][WS][SERVICE]connected nodes,count=0
info|2025-12-21 02:06:53.962083|ioService-0x00007ed8d3dff640|[P2PService][Service][METRIC]heartBeat,connected count=3
info|2025-12-21 02:06:58.976409|objMonitor-0x00007ed8ae7ff640|[startMonitor][AliveObjectMonitor],AliveObjectAllocStat=[ type: bcos::gateway::Socket ,created: 19 ,destroyed: 15 ,alive: 4 ] 
info|2025-12-21 02:07:01.879698|timerFactory-0x00007ed8bfdff640|[RPC][WS][SERVICE]connected nodes,count=0
info|2025-12-21 02:07:03.962108|ioService-0x00007ed8d3dff640|[P2PService][Service][METRIC]heartBeat,connected count=3
info|2025-12-21 02:07:11.879745|timerFactory-0x00007ed8bfdff640|[RPC][WS][SERVICE]connected nodes,count=0
info|2025-12-21 02:07:13.962177|ioService-0x00007ed8d3dff640|[P2PService][Service][METRIC]heartBeat,connected count=3
info|2025-12-21 02:07:21.879804|timerFactory-0x00007ed8bfdff640|[RPC][WS][SERVICE]connected nodes,count=0
info|2025-12-21 02:07:23.962203|ioService-0x00007ed8d3dff640|[P2PService][Service][METRIC]heartBeat,connected count=3
info|2025-12-21 02:07:31.879896|timerFactory-0x00007ed8bfdff640|[RPC][WS][SERVICE]connected nodes,count=0
info|2025-12-21 02:07:33.962324|ioService-0x00007ed8d3dff640|[P2PService][Service][METRIC]heartBeat,connected count=3
info|2025-12-21 02:07:41.880012|timerFactory-0x00007ed8bfdff640|[RPC][WS][SERVICE]connected nodes,count=0
info|2025-12-21 02:07:43.962355|ioService-0x00007ed8d3dff640|[P2PService][Service][METRIC]heartBeat,connected count=3
info|2025-12-21 02:07:51.880073|timerFactory-0x00007ed8bfdff640|[RPC][WS][SERVICE]connected nodes,count=0
info|2025-12-21 02:07:53.962384|ioService-0x00007ed8d3dff640|[P2PService][Service][METRIC]heartBeat,connected count=3
info|2025-12-21 02:07:58.976500|objMonitor-0x00007ed8ae7ff640|[startMonitor][AliveObjectMonitor],AliveObjectAllocStat=[ type: bcos::gateway::Socket ,created: 19 ,destroyed: 15 ,alive: 4 ] 
info|2025-12-21 02:08:01.880255|timerFactory-0x00007ed8bfdff640|[RPC][WS][SERVICE]connected nodes,count=0
info|2025-12-21 02:08:03.962407|ioService-0x00007ed8d3dff640|[P2PService][Service][METRIC]heartBeat,connected count=3
info|2025-12-21 02:08:11.880408|timerFactory-0x00007ed8bfdff640|[RPC][WS][SERVICE]connected nodes,count=0
info|2025-12-21 02:08:13.962437|ioService-0x00007ed8d3dff640|[P2PService][Service][METRIC]heartBeat,connected count=3
info|2025-12-21 02:08:21.880476|timerFactory-0x00007ed8bfdff640|[RPC][WS][SERVICE]connected nodes,count=0
info|2025-12-21 02:08:23.962569|ioService-0x00007ed8d3dff640|[P2PService][Service][METRIC]heartBeat,connected count=3
info|2025-12-21 02:08:31.880567|timerFactory-0x00007ed8bfdff640|[RPC][WS][SERVICE]connected nodes,count=0
info|2025-12-21 02:08:33.962772|ioService-0x00007ed8d3dff640|[P2PService][Service][METRIC]heartBeat,connected count=3
info|2025-12-21 02:08:41.880596|timerFactory-0x00007ed8bfdff640|[RPC][WS][SERVICE]connected nodes,count=0
info|2025-12-21 02:08:43.962813|ioService-0x00007ed8d3dff640|[P2PService][Service][METRIC]heartBeat,connected count=3
info|2025-12-21 02:08:51.880627|timerFactory-0x00007ed8bfdff640|[RPC][WS][SERVICE]connected nodes,count=0
info|2025-12-21 02:08:53.962836|ioService-0x00007ed8d3dff640|[P2PService][Service][METRIC]heartBeat,connected count=3
info|2025-12-21 02:08:58.976591|objMonitor-0x00007ed8ae7ff640|[startMonitor][AliveObjectMonitor],AliveObjectAllocStat=[ type: bcos::gateway::Socket ,created: 19 ,destroyed: 15 ,alive: 4 ] 
info|2025-12-21 02:09:01.880654|timerFactory-0x00007ed8bfdff640|[RPC][WS][SERVICE]connected nodes,count=0
info|2025-12-21 02:09:03.962896|ioService-0x00007ed8d3dff640|[P2PService][Service][METRIC]heartBeat,connected count=3
info|2025-12-21 02:09:11.880719|timerFactory-0x00007ed8bfdff640|[RPC][WS][SERVICE]connected nodes,count=0
info|2025-12-21 02:09:13.962996|ioService-0x00007ed8d3dff640|[P2PService][Service][METRIC]heartBeat,connected count=3
info|2025-12-21 02:09:21.880816|timerFactory-0x00007ed8bfdff640|[RPC][WS][SERVICE]connected nodes,count=0
info|2025-12-21 02:09:23.963023|ioService-0x00007ed8d3dff640|[P2PService][Service][METRIC]heartBeat,connected count=3
info|2025-12-21 02:09:31.880880|timerFactory-0x00007ed8bfdff640|[RPC][WS][SERVICE]connected nodes,count=0
info|2025-12-21 02:09:33.963106|ioService-0x00007ed8d3dff640|[P2PService][Service][METRIC]heartBeat,connected count=3
info|2025-12-21 02:09:41.880911|timerFactory-0x00007ed8bfdff640|[RPC][WS][SERVICE]connected nodes,count=0
info|2025-12-21 02:09:43.963216|ioService-0x00007ed8d3dff640|[P2PService][Service][METRIC]heartBeat,connected count=3
info|2025-12-21 02:09:51.881068|timerFactory-0x00007ed8bfdff640|[RPC][WS][SERVICE]connected nodes,count=0
info|2025-12-21 02:09:53.963272|ioService-0x00007ed8d3dff640|[P2PService][Service][METRIC]heartBeat,connected count=3
info|2025-12-21 02:09:58.976682|objMonitor-0x00007ed8ae7ff640|[startMonitor][AliveObjectMonitor],AliveObjectAllocStat=[ type: bcos::gateway::Socket ,created: 19 ,destroyed: 15 ,alive: 4 ] 
info|2025-12-21 02:10:01.881157|timerFactory-0x00007ed8bfdff640|[RPC][WS][SERVICE]connected nodes,count=0
info|2025-12-21 02:10:03.963294|ioService-0x00007ed8d3dff640|[P2PService][Service][METRIC]heartBeat,connected count=3
info|2025-12-21 02:10:11.881249|timerFactory-0x00007ed8bfdff640|[RPC][WS][SERVICE]connected nodes,count=0
info|2025-12-21 02:10:13.963325|ioService-0x00007ed8d3dff640|[P2PService][Service][METRIC]heartBeat,connected count=3
info|2025-12-21 02:10:21.881317|timerFactory-0x00007ed8bfdff640|[RPC][WS][SERVICE]connected nodes,count=0
info|2025-12-21 02:10:23.963393|ioService-0x00007ed8d3dff640|[P2PService][Service][METRIC]heartBeat,connected count=3
info|2025-12-21 02:10:31.881403|timerFactory-0x00007ed8bfdff640|[RPC][WS][SERVICE]connected nodes,count=0
info|2025-12-21 02:10:33.963454|ioService-0x00007ed8d3dff640|[P2PService][Service][METRIC]heartBeat,connected count=3
info|2025-12-21 02:10:41.881432|timerFactory-0x00007ed8bfdff640|[RPC][WS][SERVICE]connected nodes,count=0
info|2025-12-21 02:10:43.963508|ioService-0x00007ed8d3dff640|[P2PService][Service][METRIC]heartBeat,connected count=3
info|2025-12-21 02:10:51.881493|timerFactory-0x00007ed8bfdff640|[RPC][WS][SERVICE]connected nodes,count=0
info|2025-12-21 02:10:53.963632|ioService-0x00007ed8d3dff640|[P2PService][Service][METRIC]heartBeat,connected count=3
info|2025-12-21 02:10:58.976735|objMonitor-0x00007ed8ae7ff640|[startMonitor][AliveObjectMonitor],AliveObjectAllocStat=[ type: bcos::gateway::Socket ,created: 19 ,destroyed: 15 ,alive: 4 ] 
info|2025-12-21 02:11:01.881557|timerFactory-0x00007ed8bfdff640|[RPC][WS][SERVICE]connected nodes,count=0
info|2025-12-21 02:11:03.963776|ioService-0x00007ed8d3dff640|[P2PService][Service][METRIC]heartBeat,connected count=3
info|2025-12-21 02:11:11.881678|timerFactory-0x00007ed8bfdff640|[RPC][WS][SERVICE]connected nodes,count=0
info|2025-12-21 02:11:13.963888|ioService-0x00007ed8d3dff640|[P2PService][Service][METRIC]heartBeat,connected count=3
info|2025-12-21 02:11:21.881707|timerFactory-0x00007ed8bfdff640|[RPC][WS][SERVICE]connected nodes,count=0
info|2025-12-21 02:11:23.963911|ioService-0x00007ed8d3dff640|[P2PService][Service][METRIC]heartBeat,connected count=3
info|2025-12-21 02:11:31.881784|timerFactory-0x00007ed8bfdff640|[RPC][WS][SERVICE]connected nodes,count=0
info|2025-12-21 02:11:33.963975|ioService-0x00007ed8d3dff640|[P2PService][Service][METRIC]heartBeat,connected count=3
info|2025-12-21 02:11:41.881812|timerFactory-0x00007ed8bfdff640|[RPC][WS][SERVICE]connected nodes,count=0
info|2025-12-21 02:11:43.964030|ioService-0x00007ed8d3dff640|[P2PService][Service][METRIC]heartBeat,connected count=3
info|2025-12-21 02:11:51.881876|timerFactory-0x00007ed8bfdff640|[RPC][WS][SERVICE]connected nodes,count=0
info|2025-12-21 02:11:53.964093|ioService-0x00007ed8d3dff640|[P2PService][Service][METRIC]heartBeat,connected count=3
info|2025-12-21 02:11:58.976817|objMonitor-0x00007ed8ae7ff640|[startMonitor][AliveObjectMonitor],AliveObjectAllocStat=[ type: bcos::gateway::Socket ,created: 19 ,destroyed: 15 ,alive: 4 ] 
info|2025-12-21 02:12:01.881953|timerFactory-0x00007ed8bfdff640|[RPC][WS][SERVICE]connected nodes,count=0
info|2025-12-21 02:12:03.964186|ioService-0x00007ed8d3dff640|[P2PService][Service][METRIC]heartBeat,connected count=3
info|2025-12-21 02:12:11.882146|timerFactory-0x00007ed8bfdff640|[RPC][WS][SERVICE]connected nodes,count=0
info|2025-12-21 02:12:13.964218|ioService-0x00007ed8d3dff640|[P2PService][Service][METRIC]heartBeat,connected count=3
info|2025-12-21 02:12:21.882240|timerFactory-0x00007ed8bfdff640|[RPC][WS][SERVICE]connected nodes,count=0
info|2025-12-21 02:12:23.964245|ioService-0x00007ed8d3dff640|[P2PService][Service][METRIC]heartBeat,connected count=3
info|2025-12-21 02:12:31.882271|timerFactory-0x00007ed8bfdff640|[RPC][WS][SERVICE]connected nodes,count=0
info|2025-12-21 02:12:33.964271|ioService-0x00007ed8d3dff640|[P2PService][Service][METRIC]heartBeat,connected count=3
info|2025-12-21 02:12:41.882312|timerFactory-0x00007ed8bfdff640|[RPC][WS][SERVICE]connected nodes,count=0
info|2025-12-21 02:12:43.964300|ioService-0x00007ed8d3dff640|[P2PService][Service][METRIC]heartBeat,connected count=3
info|2025-12-21 02:12:51.882404|timerFactory-0x00007ed8bfdff640|[RPC][WS][SERVICE]connected nodes,count=0
info|2025-12-21 02:12:53.964327|ioService-0x00007ed8d3dff640|[P2PService][Service][METRIC]heartBeat,connected count=3
info|2025-12-21 02:12:58.976865|objMonitor-0x00007ed8ae7ff640|[startMonitor][AliveObjectMonitor],AliveObjectAllocStat=[ type: bcos::gateway::Socket ,created: 19 ,destroyed: 15 ,alive: 4 ] 
info|2025-12-21 02:13:01.882436|timerFactory-0x00007ed8bfdff640|[RPC][WS][SERVICE]connected nodes,count=0
info|2025-12-21 02:13:03.964348|ioService-0x00007ed8d3dff640|[P2PService][Service][METRIC]heartBeat,connected count=3
info|2025-12-21 02:13:11.882506|timerFactory-0x00007ed8bfdff640|[RPC][WS][SERVICE]connected nodes,count=0
info|2025-12-21 02:13:13.964370|ioService-0x00007ed8d3dff640|[P2PService][Service][METRIC]heartBeat,connected count=3
info|2025-12-21 02:13:21.882539|timerFactory-0x00007ed8bfdff640|[RPC][WS][SERVICE]connected nodes,count=0
info|2025-12-21 02:13:23.964391|ioService-0x00007ed8d3dff640|[P2PService][Service][METRIC]heartBeat,connected count=3
info|2025-12-21 02:13:31.882611|timerFactory-0x00007ed8bfdff640|[RPC][WS][SERVICE]connected nodes,count=0
info|2025-12-21 02:13:33.964411|ioService-0x00007ed8d3dff640|[P2PService][Service][METRIC]heartBeat,connected count=3
info|2025-12-21 02:13:41.882691|timerFactory-0x00007ed8bfdff640|[RPC][WS][SERVICE]connected nodes,count=0
info|2025-12-21 02:13:43.964543|ioService-0x00007ed8d3dff640|[P2PService][Service][METRIC]heartBeat,connected count=3
info|2025-12-21 02:13:51.882794|timerFactory-0x00007ed8bfdff640|[RPC][WS][SERVICE]connected nodes,count=0
info|2025-12-21 02:13:53.964645|ioService-0x00007ed8d3dff640|[P2PService][Service][METRIC]heartBeat,connected count=3
info|2025-12-21 02:13:58.976914|objMonitor-0x00007ed8ae7ff640|[startMonitor][AliveObjectMonitor],AliveObjectAllocStat=[ type: bcos::gateway::Socket ,created: 19 ,destroyed: 15 ,alive: 4 ] 
info|2025-12-21 02:14:01.882830|timerFactory-0x00007ed8bfdff640|[RPC][WS][SERVICE]connected nodes,count=0
info|2025-12-21 02:14:03.964736|ioService-0x00007ed8d3dff640|[P2PService][Service][METRIC]heartBeat,connected count=3
info|2025-12-21 02:14:11.882893|timerFactory-0x00007ed8bfdff640|[RPC][WS][SERVICE]connected nodes,count=0
info|2025-12-21 02:14:13.964775|ioService-0x00007ed8d3dff640|[P2PService][Service][METRIC]heartBeat,connected count=3
info|2025-12-21 02:14:21.882962|timerFactory-0x00007ed8bfdff640|[RPC][WS][SERVICE]connected nodes,count=0
info|2025-12-21 02:14:23.964802|ioService-0x00007ed8d3dff640|[P2PService][Service][METRIC]heartBeat,connected count=3
info|2025-12-21 02:14:31.883027|timerFactory-0x00007ed8bfdff640|[RPC][WS][SERVICE]connected nodes,count=0
info|2025-12-21 02:14:33.964828|ioService-0x00007ed8d3dff640|[P2PService][Service][METRIC]heartBeat,connected count=3
info|2025-12-21 02:14:41.883141|timerFactory-0x00007ed8bfdff640|[RPC][WS][SERVICE]connected nodes,count=0
info|2025-12-21 02:14:43.964855|ioService-0x00007ed8d3dff640|[P2PService][Service][METRIC]heartBeat,connected count=3
info|2025-12-21 02:14:51.883240|timerFactory-0x00007ed8bfdff640|[RPC][WS][SERVICE]connected nodes,count=0
info|2025-12-21 02:14:53.964881|ioService-0x00007ed8d3dff640|[P2PService][Service][METRIC]heartBeat,connected count=3
info|2025-12-21 02:14:58.976967|objMonitor-0x00007ed8ae7ff640|[startMonitor][AliveObjectMonitor],AliveObjectAllocStat=[ type: bcos::gateway::Socket ,created: 19 ,destroyed: 15 ,alive: 4 ] 
info|2025-12-21 02:15:01.883274|timerFactory-0x00007ed8bfdff640|[RPC][WS][SERVICE]connected nodes,count=0
info|2025-12-21 02:15:03.964908|ioService-0x00007ed8d3dff640|[P2PService][Service][METRIC]heartBeat,connected count=3
info|2025-12-21 02:15:11.883286|timerFactory-0x00007ed8bfdff640|[RPC][WS][SERVICE]connected nodes,count=0
info|2025-12-21 02:15:13.964971|ioService-0x00007ed8d3dff640|[P2PService][Service][METRIC]heartBeat,connected count=3
info|2025-12-21 02:15:21.883300|timerFactory-0x00007ed8bfdff640|[RPC][WS][SERVICE]connected nodes,count=0
info|2025-12-21 02:15:23.965011|ioService-0x00007ed8d3dff640|[P2PService][Service][METRIC]heartBeat,connected count=3
info|2025-12-21 02:15:31.883334|timerFactory-0x00007ed8bfdff640|[RPC][WS][SERVICE]connected nodes,count=0
info|2025-12-21 02:15:33.965035|ioService-0x00007ed8d3dff640|[P2PService][Service][METRIC]heartBeat,connected count=3
info|2025-12-21 02:15:41.883373|timerFactory-0x00007ed8bfdff640|[RPC][WS][SERVICE]connected nodes,count=0
info|2025-12-21 02:15:43.965061|ioService-0x00007ed8d3dff640|[P2PService][Service][METRIC]heartBeat,connected count=3
info|2025-12-21 02:15:51.883392|timerFactory-0x00007ed8bfdff640|[RPC][WS][SERVICE]connected nodes,count=0
info|2025-12-21 02:15:53.965133|ioService-0x00007ed8d3dff640|[P2PService][Service][METRIC]heartBeat,connected count=3
info|2025-12-21 02:15:58.977025|objMonitor-0x00007ed8ae7ff640|[startMonitor][AliveObjectMonitor],AliveObjectAllocStat=[ type: bcos::gateway::Socket ,created: 19 ,destroyed: 15 ,alive: 4 ] 
info|2025-12-21 02:16:01.883418|timerFactory-0x00007ed8bfdff640|[RPC][WS][SERVICE]connected nodes,count=0
info|2025-12-21 02:16:03.965277|ioService-0x00007ed8d3dff640|[P2PService][Service][METRIC]heartBeat,connected count=3
info|2025-12-21 02:16:11.883439|timerFactory-0x00007ed8bfdff640|[RPC][WS][SERVICE]connected nodes,count=0
info|2025-12-21 02:16:13.965343|ioService-0x00007ed8d3dff640|[P2PService][Service][METRIC]heartBeat,connected count=3
info|2025-12-21 02:16:21.883458|timerFactory-0x00007ed8bfdff640|[RPC][WS][SERVICE]connected nodes,count=0
info|2025-12-21 02:16:23.965400|ioService-0x00007ed8d3dff640|[P2PService][Service][METRIC]heartBeat,connected count=3
info|2025-12-21 02:16:31.883477|timerFactory-0x00007ed8bfdff640|[RPC][WS][SERVICE]connected nodes,count=0
info|2025-12-21 02:16:33.965424|ioService-0x00007ed8d3dff640|[P2PService][Service][METRIC]heartBeat,connected count=3
info|2025-12-21 02:16:41.883498|timerFactory-0x00007ed8bfdff640|[RPC][WS][SERVICE]connected nodes,count=0
info|2025-12-21 02:16:43.965449|ioService-0x00007ed8d3dff640|[P2PService][Service][METRIC]heartBeat,connected count=3
info|2025-12-21 02:16:51.883524|timerFactory-0x00007ed8bfdff640|[RPC][WS][SERVICE]connected nodes,count=0
info|2025-12-21 02:16:53.965508|ioService-0x00007ed8d3dff640|[P2PService][Service][METRIC]heartBeat,connected count=3
info|2025-12-21 02:16:58.977112|objMonitor-0x00007ed8ae7ff640|[startMonitor][AliveObjectMonitor],AliveObjectAllocStat=[ type: bcos::gateway::Socket ,created: 19 ,destroyed: 15 ,alive: 4 ] 
info|2025-12-21 02:17:01.883544|timerFactory-0x00007ed8bfdff640|[RPC][WS][SERVICE]connected nodes,count=0
info|2025-12-21 02:17:03.965586|ioService-0x00007ed8d3dff640|[P2PService][Service][METRIC]heartBeat,connected count=3
info|2025-12-21 02:17:11.883592|timerFactory-0x00007ed8bfdff640|[RPC][WS][SERVICE]connected nodes,count=0
info|2025-12-21 02:17:13.965648|ioService-0x00007ed8d3dff640|[P2PService][Service][METRIC]heartBeat,connected count=3
info|2025-12-21 02:17:21.883644|timerFactory-0x00007ed8bfdff640|[RPC][WS][SERVICE]connected nodes,count=0
info|2025-12-21 02:17:23.965677|ioService-0x00007ed8d3dff640|[P2PService][Service][METRIC]heartBeat,connected count=3
info|2025-12-21 02:17:31.883667|timerFactory-0x00007ed8bfdff640|[RPC][WS][SERVICE]connected nodes,count=0
info|2025-12-21 02:17:33.965738|ioService-0x00007ed8d3dff640|[P2PService][Service][METRIC]heartBeat,connected count=3
info|2025-12-21 02:17:41.883733|timerFactory-0x00007ed8bfdff640|[RPC][WS][SERVICE]connected nodes,count=0
info|2025-12-21 02:17:43.965763|ioService-0x00007ed8d3dff640|[P2PService][Service][METRIC]heartBeat,connected count=3
info|2025-12-21 02:17:51.883752|timerFactory-0x00007ed8bfdff640|[RPC][WS][SERVICE]connected nodes,count=0
info|2025-12-21 02:17:53.965902|ioService-0x00007ed8d3dff640|[P2PService][Service][METRIC]heartBeat,connected count=3
info|2025-12-21 02:17:58.977173|objMonitor-0x00007ed8ae7ff640|[startMonitor][AliveObjectMonitor],AliveObjectAllocStat=[ type: bcos::gateway::Socket ,created: 19 ,destroyed: 15 ,alive: 4 ] 
info|2025-12-21 02:18:01.883771|timerFactory-0x00007ed8bfdff640|[RPC][WS][SERVICE]connected nodes,count=0
info|2025-12-21 02:18:03.966004|ioService-0x00007ed8d3dff640|[P2PService][Service][METRIC]heartBeat,connected count=3
info|2025-12-21 02:18:11.883911|timerFactory-0x00007ed8bfdff640|[RPC][WS][SERVICE]connected nodes,count=0
info|2025-12-21 02:18:13.966188|ioService-0x00007ed8d3dff640|[P2PService][Service][METRIC]heartBeat,connected count=3
info|2025-12-21 02:18:21.883976|timerFactory-0x00007ed8bfdff640|[RPC][WS][SERVICE]connected nodes,count=0
info|2025-12-21 02:18:23.966274|ioService-0x00007ed8d3dff640|[P2PService][Service][METRIC]heartBeat,connected count=3
info|2025-12-21 02:18:31.884022|timerFactory-0x00007ed8bfdff640|[RPC][WS][SERVICE]connected nodes,count=0
info|2025-12-21 02:18:33.966358|ioService-0x00007ed8d3dff640|[P2PService][Service][METRIC]heartBeat,connected count=3
info|2025-12-21 02:18:41.884080|timerFactory-0x00007ed8bfdff640|[RPC][WS][SERVICE]connected nodes,count=0
info|2025-12-21 02:18:43.966384|ioService-0x00007ed8d3dff640|[P2PService][Service][METRIC]heartBeat,connected count=3
info|2025-12-21 02:18:51.884102|timerFactory-0x00007ed8bfdff640|[RPC][WS][SERVICE]connected nodes,count=0
info|2025-12-21 02:18:53.966473|ioService-0x00007ed8d3dff640|[P2PService][Service][METRIC]heartBeat,connected count=3
info|2025-12-21 02:18:58.977211|objMonitor-0x00007ed8ae7ff640|[startMonitor][AliveObjectMonitor],AliveObjectAllocStat=[ type: bcos::gateway::Socket ,created: 19 ,destroyed: 15 ,alive: 4 ] 
info|2025-12-21 02:19:01.884248|timerFactory-0x00007ed8bfdff640|[RPC][WS][SERVICE]connected nodes,count=0
info|2025-12-21 02:19:03.966539|ioService-0x00007ed8d3dff640|[P2PService][Service][METRIC]heartBeat,connected count=3
info|2025-12-21 02:19:11.884305|timerFactory-0x00007ed8bfdff640|[RPC][WS][SERVICE]connected nodes,count=0
info|2025-12-21 02:19:13.966628|ioService-0x00007ed8d3dff640|[P2PService][Service][METRIC]heartBeat,connected count=3
info|2025-12-21 02:19:21.884347|timerFactory-0x00007ed8bfdff640|[RPC][WS][SERVICE]connected nodes,count=0
info|2025-12-21 02:19:23.966710|ioService-0x00007ed8d3dff640|[P2PService][Service][METRIC]heartBeat,connected count=3
info|2025-12-21 02:19:31.884390|timerFactory-0x00007ed8bfdff640|[RPC][WS][SERVICE]connected nodes,count=0
info|2025-12-21 02:19:33.966734|ioService-0x00007ed8d3dff640|[P2PService][Service][METRIC]heartBeat,connected count=3
info|2025-12-21 02:19:41.884409|timerFactory-0x00007ed8bfdff640|[RPC][WS][SERVICE]connected nodes,count=0
info|2025-12-21 02:19:43.966839|ioService-0x00007ed8d3dff640|[P2PService][Service][METRIC]heartBeat,connected count=3
info|2025-12-21 02:19:51.884433|timerFactory-0x00007ed8bfdff640|[RPC][WS][SERVICE]connected nodes,count=0
info|2025-12-21 02:19:53.966985|ioService-0x00007ed8d3dff640|[P2PService][Service][METRIC]heartBeat,connected count=3
info|2025-12-21 02:19:58.977246|objMonitor-0x00007ed8ae7ff640|[startMonitor][AliveObjectMonitor],AliveObjectAllocStat=[ type: bcos::gateway::Socket ,created: 19 ,destroyed: 15 ,alive: 4 ] 
info|2025-12-21 02:20:01.884453|timerFactory-0x00007ed8bfdff640|[RPC][WS][SERVICE]connected nodes,count=0
info|2025-12-21 02:20:03.967075|ioService-0x00007ed8d3dff640|[P2PService][Service][METRIC]heartBeat,connected count=3
info|2025-12-21 02:20:11.884476|timerFactory-0x00007ed8bfdff640|[RPC][WS][SERVICE]connected nodes,count=0
info|2025-12-21 02:20:13.967127|ioService-0x00007ed8d3dff640|[P2PService][Service][METRIC]heartBeat,connected count=3
info|2025-12-21 02:20:21.884499|timerFactory-0x00007ed8bfdff640|[RPC][WS][SERVICE]connected nodes,count=0
info|2025-12-21 02:20:23.967229|ioService-0x00007ed8d3dff640|[P2PService][Service][METRIC]heartBeat,connected count=3
info|2025-12-21 02:20:31.884519|timerFactory-0x00007ed8bfdff640|[RPC][WS][SERVICE]connected nodes,count=0
info|2025-12-21 02:20:33.967265|ioService-0x00007ed8d3dff640|[P2PService][Service][METRIC]heartBeat,connected count=3
info|2025-12-21 02:20:41.884538|timerFactory-0x00007ed8bfdff640|[RPC][WS][SERVICE]connected nodes,count=0
info|2025-12-21 02:20:43.967294|ioService-0x00007ed8d3dff640|[P2PService][Service][METRIC]heartBeat,connected count=3
info|2025-12-21 02:20:51.884561|timerFactory-0x00007ed8bfdff640|[RPC][WS][SERVICE]connected nodes,count=0
info|2025-12-21 02:20:53.967322|ioService-0x00007ed8d3dff640|[P2PService][Service][METRIC]heartBeat,connected count=3
info|2025-12-21 02:20:58.977282|objMonitor-0x00007ed8ae7ff640|[startMonitor][AliveObjectMonitor],AliveObjectAllocStat=[ type: bcos::gateway::Socket ,created: 19 ,destroyed: 15 ,alive: 4 ] 
info|2025-12-21 02:21:01.884586|timerFactory-0x00007ed8bfdff640|[RPC][WS][SERVICE]connected nodes,count=0
info|2025-12-21 02:21:03.967346|ioService-0x00007ed8d3dff640|[P2PService][Service][METRIC]heartBeat,connected count=3
info|2025-12-21 02:21:11.884605|timerFactory-0x00007ed8bfdff640|[RPC][WS][SERVICE]connected nodes,count=0
info|2025-12-21 02:21:13.967367|ioService-0x00007ed8d3dff640|[P2PService][Service][METRIC]heartBeat,connected count=3
info|2025-12-21 02:21:21.884626|timerFactory-0x00007ed8bfdff640|[RPC][WS][SERVICE]connected nodes,count=0
info|2025-12-21 02:21:23.967392|ioService-0x00007ed8d3dff640|[P2PService][Service][METRIC]heartBeat,connected count=3
info|2025-12-21 02:21:31.884647|timerFactory-0x00007ed8bfdff640|[RPC][WS][SERVICE]connected nodes,count=0
info|2025-12-21 02:21:33.967459|ioService-0x00007ed8d3dff640|[P2PService][Service][METRIC]heartBeat,connected count=3
info|2025-12-21 02:21:41.884697|timerFactory-0x00007ed8bfdff640|[RPC][WS][SERVICE]connected nodes,count=0
info|2025-12-21 02:21:43.967615|ioService-0x00007ed8d3dff640|[P2PService][Service][METRIC]heartBeat,connected count=3
info|2025-12-21 02:21:51.884760|timerFactory-0x00007ed8bfdff640|[RPC][WS][SERVICE]connected nodes,count=0
info|2025-12-21 02:21:53.967684|ioService-0x00007ed8d3dff640|[P2PService][Service][METRIC]heartBeat,connected count=3
info|2025-12-21 02:21:58.977345|objMonitor-0x00007ed8ae7ff640|[startMonitor][AliveObjectMonitor],AliveObjectAllocStat=[ type: bcos::gateway::Socket ,created: 19 ,destroyed: 15 ,alive: 4 ] 
info|2025-12-21 02:22:01.884806|timerFactory-0x00007ed8bfdff640|[RPC][WS][SERVICE]connected nodes,count=0
info|2025-12-21 02:22:03.967743|ioService-0x00007ed8d3dff640|[P2PService][Service][METRIC]heartBeat,connected count=3
info|2025-12-21 02:22:11.884827|timerFactory-0x00007ed8bfdff640|[RPC][WS][SERVICE]connected nodes,count=0
info|2025-12-21 02:22:13.967766|ioService-0x00007ed8d3dff640|[P2PService][Service][METRIC]heartBeat,connected count=3
info|2025-12-21 02:22:21.884881|timerFactory-0x00007ed8bfdff640|[RPC][WS][SERVICE]connected nodes,count=0
info|2025-12-21 02:22:23.967792|ioService-0x00007ed8d3dff640|[P2PService][Service][METRIC]heartBeat,connected count=3
info|2025-12-21 02:22:31.884932|timerFactory-0x00007ed8bfdff640|[RPC][WS][SERVICE]connected nodes,count=0
info|2025-12-21 02:22:33.967939|ioService-0x00007ed8d3dff640|[P2PService][Service][METRIC]heartBeat,connected count=3
info|2025-12-21 02:22:41.884986|timerFactory-0x00007ed8bfdff640|[RPC][WS][SERVICE]connected nodes,count=0
info|2025-12-21 02:22:43.967995|ioService-0x00007ed8d3dff640|[P2PService][Service][METRIC]heartBeat,connected count=3
info|2025-12-21 02:22:51.885007|timerFactory-0x00007ed8bfdff640|[RPC][WS][SERVICE]connected nodes,count=0
info|2025-12-21 02:22:53.968102|ioService-0x00007ed8d3dff640|[P2PService][Service][METRIC]heartBeat,connected count=3
info|2025-12-21 02:22:58.977384|objMonitor-0x00007ed8ae7ff640|[startMonitor][AliveObjectMonitor],AliveObjectAllocStat=[ type: bcos::gateway::Socket ,created: 19 ,destroyed: 15 ,alive: 4 ] 
info|2025-12-21 02:23:01.885056|timerFactory-0x00007ed8bfdff640|[RPC][WS][SERVICE]connected nodes,count=0
info|2025-12-21 02:23:03.968160|ioService-0x00007ed8d3dff640|[P2PService][Service][METRIC]heartBeat,connected count=3
info|2025-12-21 02:23:11.885104|timerFactory-0x00007ed8bfdff640|[RPC][WS][SERVICE]connected nodes,count=0
info|2025-12-21 02:23:13.968234|ioService-0x00007ed8d3dff640|[P2PService][Service][METRIC]heartBeat,connected count=3
info|2025-12-21 02:23:21.885174|timerFactory-0x00007ed8bfdff640|[RPC][WS][SERVICE]connected nodes,count=0
info|2025-12-21 02:23:23.968258|ioService-0x00007ed8d3dff640|[P2PService][Service][METRIC]heartBeat,connected count=3
info|2025-12-21 02:23:31.885226|timerFactory-0x00007ed8bfdff640|[RPC][WS][SERVICE]connected nodes,count=0
info|2025-12-21 02:23:33.968280|ioService-0x00007ed8d3dff640|[P2PService][Service][METRIC]heartBeat,connected count=3
info|2025-12-21 02:23:41.885244|timerFactory-0x00007ed8bfdff640|[RPC][WS][SERVICE]connected nodes,count=0
info|2025-12-21 02:23:43.968341|ioService-0x00007ed8d3dff640|[P2PService][Service][METRIC]heartBeat,connected count=3
info|2025-12-21 02:23:51.885261|timerFactory-0x00007ed8bfdff640|[RPC][WS][SERVICE]connected nodes,count=0
info|2025-12-21 02:23:53.968399|ioService-0x00007ed8d3dff640|[P2PService][Service][METRIC]heartBeat,connected count=3
info|2025-12-21 02:23:58.977428|objMonitor-0x00007ed8ae7ff640|[startMonitor][AliveObjectMonitor],AliveObjectAllocStat=[ type: bcos::gateway::Socket ,created: 19 ,destroyed: 15 ,alive: 4 ] 
info|2025-12-21 02:24:01.885281|timerFactory-0x00007ed8bfdff640|[RPC][WS][SERVICE]connected nodes,count=0
info|2025-12-21 02:24:03.968422|ioService-0x00007ed8d3dff640|[P2PService][Service][METRIC]heartBeat,connected count=3
info|2025-12-21 02:24:11.885301|timerFactory-0x00007ed8bfdff640|[RPC][WS][SERVICE]connected nodes,count=0
info|2025-12-21 02:24:13.968444|ioService-0x00007ed8d3dff640|[P2PService][Service][METRIC]heartBeat,connected count=3
info|2025-12-21 02:24:21.885322|timerFactory-0x00007ed8bfdff640|[RPC][WS][SERVICE]connected nodes,count=0
info|2025-12-21 02:24:23.968600|ioService-0x00007ed8d3dff640|[P2PService][Service][METRIC]heartBeat,connected count=3
info|2025-12-21 02:24:31.885394|timerFactory-0x00007ed8bfdff640|[RPC][WS][SERVICE]connected nodes,count=0
info|2025-12-21 02:24:33.968652|ioService-0x00007ed8d3dff640|[P2PService][Service][METRIC]heartBeat,connected count=3
info|2025-12-21 02:24:41.885478|timerFactory-0x00007ed8bfdff640|[RPC][WS][SERVICE]connected nodes,count=0
info|2025-12-21 02:24:43.968671|ioService-0x00007ed8d3dff640|[P2PService][Service][METRIC]heartBeat,connected count=3
info|2025-12-21 02:24:51.885554|timerFactory-0x00007ed8bfdff640|[RPC][WS][SERVICE]connected nodes,count=0
info|2025-12-21 02:24:53.968735|ioService-0x00007ed8d3dff640|[P2PService][Service][METRIC]heartBeat,connected count=3
info|2025-12-21 02:24:58.977583|objMonitor-0x00007ed8ae7ff640|[startMonitor][AliveObjectMonitor],AliveObjectAllocStat=[ type: bcos::gateway::Socket ,created: 19 ,destroyed: 15 ,alive: 4 ] 
info|2025-12-21 02:25:01.885613|timerFactory-0x00007ed8bfdff640|[RPC][WS][SERVICE]connected nodes,count=0
info|2025-12-21 02:25:03.968797|ioService-0x00007ed8d3dff640|[P2PService][Service][METRIC]heartBeat,connected count=3
info|2025-12-21 02:25:11.885635|timerFactory-0x00007ed8bfdff640|[RPC][WS][SERVICE]connected nodes,count=0
info|2025-12-21 02:25:13.968826|ioService-0x00007ed8d3dff640|[P2PService][Service][METRIC]heartBeat,connected count=3
info|2025-12-21 02:25:21.885683|timerFactory-0x00007ed8bfdff640|[RPC][WS][SERVICE]connected nodes,count=0
info|2025-12-21 02:25:23.968858|ioService-0x00007ed8d3dff640|[P2PService][Service][METRIC]heartBeat,connected count=3
info|2025-12-21 02:25:31.885723|timerFactory-0x00007ed8bfdff640|[RPC][WS][SERVICE]connected nodes,count=0
info|2025-12-21 02:25:33.968909|ioService-0x00007ed8d3dff640|[P2PService][Service][METRIC]heartBeat,connected count=3
info|2025-12-21 02:25:41.885859|timerFactory-0x00007ed8bfdff640|[RPC][WS][SERVICE]connected nodes,count=0
info|2025-12-21 02:25:43.968995|ioService-0x00007ed8d3dff640|[P2PService][Service][METRIC]heartBeat,connected count=3
info|2025-12-21 02:25:51.886049|timerFactory-0x00007ed8bfdff640|[RPC][WS][SERVICE]connected nodes,count=0
info|2025-12-21 02:25:53.969072|ioService-0x00007ed8d3dff640|[P2PService][Service][METRIC]heartBeat,connected count=3
info|2025-12-21 02:25:58.977766|objMonitor-0x00007ed8ae7ff640|[startMonitor][AliveObjectMonitor],AliveObjectAllocStat=[ type: bcos::gateway::Socket ,created: 19 ,destroyed: 15 ,alive: 4 ] 
info|2025-12-21 02:26:01.886118|timerFactory-0x00007ed8bfdff640|[RPC][WS][SERVICE]connected nodes,count=0
info|2025-12-21 02:26:03.969095|ioService-0x00007ed8d3dff640|[P2PService][Service][METRIC]heartBeat,connected count=3
info|2025-12-21 02:26:11.886180|timerFactory-0x00007ed8bfdff640|[RPC][WS][SERVICE]connected nodes,count=0
info|2025-12-21 02:26:13.969119|ioService-0x00007ed8d3dff640|[P2PService][Service][METRIC]heartBeat,connected count=3
info|2025-12-21 02:26:21.886249|timerFactory-0x00007ed8bfdff640|[RPC][WS][SERVICE]connected nodes,count=0
info|2025-12-21 02:26:23.969234|ioService-0x00007ed8d3dff640|[P2PService][Service][METRIC]heartBeat,connected count=3
info|2025-12-21 02:26:31.886267|timerFactory-0x00007ed8bfdff640|[RPC][WS][SERVICE]connected nodes,count=0
info|2025-12-21 02:26:33.969295|ioService-0x00007ed8d3dff640|[P2PService][Service][METRIC]heartBeat,connected count=3
info|2025-12-21 02:26:41.886345|timerFactory-0x00007ed8bfdff640|[RPC][WS][SERVICE]connected nodes,count=0
info|2025-12-21 02:26:43.969321|ioService-0x00007ed8d3dff640|[P2PService][Service][METRIC]heartBeat,connected count=3
info|2025-12-21 02:26:51.886364|timerFactory-0x00007ed8bfdff640|[RPC][WS][SERVICE]connected nodes,count=0
info|2025-12-21 02:26:53.969348|ioService-0x00007ed8d3dff640|[P2PService][Service][METRIC]heartBeat,connected count=3
info|2025-12-21 02:26:58.977808|objMonitor-0x00007ed8ae7ff640|[startMonitor][AliveObjectMonitor],AliveObjectAllocStat=[ type: bcos::gateway::Socket ,created: 19 ,destroyed: 15 ,alive: 4 ] 
info|2025-12-21 02:27:01.886391|timerFactory-0x00007ed8bfdff640|[RPC][WS][SERVICE]connected nodes,count=0
info|2025-12-21 02:27:03.969410|ioService-0x00007ed8d3dff640|[P2PService][Service][METRIC]heartBeat,connected count=3
info|2025-12-21 02:27:11.886421|timerFactory-0x00007ed8bfdff640|[RPC][WS][SERVICE]connected nodes,count=0
info|2025-12-21 02:27:13.969438|ioService-0x00007ed8d3dff640|[P2PService][Service][METRIC]heartBeat,connected count=3
info|2025-12-21 02:27:21.886451|timerFactory-0x00007ed8bfdff640|[RPC][WS][SERVICE]connected nodes,count=0
info|2025-12-21 02:27:23.969465|ioService-0x00007ed8d3dff640|[P2PService][Service][METRIC]heartBeat,connected count=3
info|2025-12-21 02:27:31.886481|timerFactory-0x00007ed8bfdff640|[RPC][WS][SERVICE]connected nodes,count=0
info|2025-12-21 02:27:33.969493|ioService-0x00007ed8d3dff640|[P2PService][Service][METRIC]heartBeat,connected count=3
info|2025-12-21 02:27:41.886553|timerFactory-0x00007ed8bfdff640|[RPC][WS][SERVICE]connected nodes,count=0
info|2025-12-21 02:27:43.969554|ioService-0x00007ed8d3dff640|[P2PService][Service][METRIC]heartBeat,connected count=3
info|2025-12-21 02:27:51.886581|timerFactory-0x00007ed8bfdff640|[RPC][WS][SERVICE]connected nodes,count=0
info|2025-12-21 02:27:53.969618|ioService-0x00007ed8d3dff640|[P2PService][Service][METRIC]heartBeat,connected count=3
info|2025-12-21 02:27:58.977851|objMonitor-0x00007ed8ae7ff640|[startMonitor][AliveObjectMonitor],AliveObjectAllocStat=[ type: bcos::gateway::Socket ,created: 19 ,destroyed: 15 ,alive: 4 ] 
info|2025-12-21 02:28:01.886613|timerFactory-0x00007ed8bfdff640|[RPC][WS][SERVICE]connected nodes,count=0
info|2025-12-21 02:28:03.969750|ioService-0x00007ed8d3dff640|[P2PService][Service][METRIC]heartBeat,connected count=3
info|2025-12-21 02:28:11.886694|timerFactory-0x00007ed8bfdff640|[RPC][WS][SERVICE]connected nodes,count=0
info|2025-12-21 02:28:13.969782|ioService-0x00007ed8d3dff640|[P2PService][Service][METRIC]heartBeat,connected count=3
info|2025-12-21 02:28:21.886765|timerFactory-0x00007ed8bfdff640|[RPC][WS][SERVICE]connected nodes,count=0
info|2025-12-21 02:28:23.969990|ioService-0x00007ed8d3dff640|[P2PService][Service][METRIC]heartBeat,connected count=3
info|2025-12-21 02:28:31.886799|timerFactory-0x00007ed8bfdff640|[RPC][WS][SERVICE]connected nodes,count=0
info|2025-12-21 02:28:33.970019|ioService-0x00007ed8d3dff640|[P2PService][Service][METRIC]heartBeat,connected count=3
info|2025-12-21 02:28:41.886861|timerFactory-0x00007ed8bfdff640|[RPC][WS][SERVICE]connected nodes,count=0
info|2025-12-21 02:28:43.970042|ioService-0x00007ed8d3dff640|[P2PService][Service][METRIC]heartBeat,connected count=3
info|2025-12-21 02:28:51.886928|timerFactory-0x00007ed8bfdff640|[RPC][WS][SERVICE]connected nodes,count=0
info|2025-12-21 02:28:53.970101|ioService-0x00007ed8d3dff640|[P2PService][Service][METRIC]heartBeat,connected count=3
info|2025-12-21 02:28:58.978006|objMonitor-0x00007ed8ae7ff640|[startMonitor][AliveObjectMonitor],AliveObjectAllocStat=[ type: bcos::gateway::Socket ,created: 19 ,destroyed: 15 ,alive: 4 ] 
info|2025-12-21 02:29:01.886986|timerFactory-0x00007ed8bfdff640|[RPC][WS][SERVICE]connected nodes,count=0
info|2025-12-21 02:29:03.970132|ioService-0x00007ed8d3dff640|[P2PService][Service][METRIC]heartBeat,connected count=3
info|2025-12-21 02:29:11.887132|timerFactory-0x00007ed8bfdff640|[RPC][WS][SERVICE]connected nodes,count=0
info|2025-12-21 02:29:13.970253|ioService-0x00007ed8d3dff640|[P2PService][Service][METRIC]heartBeat,connected count=3
info|2025-12-21 02:29:21.887217|timerFactory-0x00007ed8bfdff640|[RPC][WS][SERVICE]connected nodes,count=0
info|2025-12-21 02:29:23.970306|ioService-0x00007ed8d3dff640|[P2PService][Service][METRIC]heartBeat,connected count=3
info|2025-12-21 02:29:31.887249|timerFactory-0x00007ed8bfdff640|[RPC][WS][SERVICE]connected nodes,count=0
info|2025-12-21 02:29:33.970367|ioService-0x00007ed8d3dff640|[P2PService][Service][METRIC]heartBeat,connected count=3
info|2025-12-21 02:29:41.887276|timerFactory-0x00007ed8bfdff640|[RPC][WS][SERVICE]connected nodes,count=0
info|2025-12-21 02:29:43.970455|ioService-0x00007ed8d3dff640|[P2PService][Service][METRIC]heartBeat,connected count=3
info|2025-12-21 02:29:51.887310|timerFactory-0x00007ed8bfdff640|[RPC][WS][SERVICE]connected nodes,count=0
info|2025-12-21 02:29:53.970523|ioService-0x00007ed8d3dff640|[P2PService][Service][METRIC]heartBeat,connected count=3
info|2025-12-21 02:29:58.978071|objMonitor-0x00007ed8ae7ff640|[startMonitor][AliveObjectMonitor],AliveObjectAllocStat=[ type: bcos::gateway::Socket ,created: 19 ,destroyed: 15 ,alive: 4 ] 
info|2025-12-21 02:30:01.887338|timerFactory-0x00007ed8bfdff640|[RPC][WS][SERVICE]connected nodes,count=0
info|2025-12-21 02:30:03.970601|ioService-0x00007ed8d3dff640|[P2PService][Service][METRIC]heartBeat,connected count=3
info|2025-12-21 02:30:11.887368|timerFactory-0x00007ed8bfdff640|[RPC][WS][SERVICE]connected nodes,count=0
info|2025-12-21 02:30:13.970693|ioService-0x00007ed8d3dff640|[P2PService][Service][METRIC]heartBeat,connected count=3
info|2025-12-21 02:30:21.887425|timerFactory-0x00007ed8bfdff640|[RPC][WS][SERVICE]connected nodes,count=0
info|2025-12-21 02:30:23.970781|ioService-0x00007ed8d3dff640|[P2PService][Service][METRIC]heartBeat,connected count=3
info|2025-12-21 02:30:31.887469|timerFactory-0x00007ed8bfdff640|[RPC][WS][SERVICE]connected nodes,count=0
info|2025-12-21 02:30:33.970875|ioService-0x00007ed8d3dff640|[P2PService][Service][METRIC]heartBeat,connected count=3
info|2025-12-21 02:30:41.887523|timerFactory-0x00007ed8bfdff640|[RPC][WS][SERVICE]connected nodes,count=0
info|2025-12-21 02:30:43.970982|ioService-0x00007ed8d3dff640|[P2PService][Service][METRIC]heartBeat,connected count=3
info|2025-12-21 02:30:51.887553|timerFactory-0x00007ed8bfdff640|[RPC][WS][SERVICE]connected nodes,count=0
info|2025-12-21 02:30:53.971008|ioService-0x00007ed8d3dff640|[P2PService][Service][METRIC]heartBeat,connected count=3
info|2025-12-21 02:30:58.978115|objMonitor-0x00007ed8ae7ff640|[startMonitor][AliveObjectMonitor],AliveObjectAllocStat=[ type: bcos::gateway::Socket ,created: 19 ,destroyed: 15 ,alive: 4 ] 
info|2025-12-21 02:31:01.887590|timerFactory-0x00007ed8bfdff640|[RPC][WS][SERVICE]connected nodes,count=0
info|2025-12-21 02:31:03.971084|ioService-0x00007ed8d3dff640|[P2PService][Service][METRIC]heartBeat,connected count=3
info|2025-12-21 02:31:11.887620|timerFactory-0x00007ed8bfdff640|[RPC][WS][SERVICE]connected nodes,count=0
info|2025-12-21 02:31:13.971179|ioService-0x00007ed8d3dff640|[P2PService][Service][METRIC]heartBeat,connected count=3
info|2025-12-21 02:31:21.887648|timerFactory-0x00007ed8bfdff640|[RPC][WS][SERVICE]connected nodes,count=0
info|2025-12-21 02:31:23.971247|ioService-0x00007ed8d3dff640|[P2PService][Service][METRIC]heartBeat,connected count=3
info|2025-12-21 02:31:31.887734|timerFactory-0x00007ed8bfdff640|[RPC][WS][SERVICE]connected nodes,count=0
info|2025-12-21 02:31:33.971303|ioService-0x00007ed8d3dff640|[P2PService][Service][METRIC]heartBeat,connected count=3
info|2025-12-21 02:31:41.887764|timerFactory-0x00007ed8bfdff640|[RPC][WS][SERVICE]connected nodes,count=0
info|2025-12-21 02:31:43.971326|ioService-0x00007ed8d3dff640|[P2PService][Service][METRIC]heartBeat,connected count=3
info|2025-12-21 02:31:51.887838|timerFactory-0x00007ed8bfdff640|[RPC][WS][SERVICE]connected nodes,count=0
info|2025-12-21 02:31:53.971349|ioService-0x00007ed8d3dff640|[P2PService][Service][METRIC]heartBeat,connected count=3
info|2025-12-21 02:31:58.978283|objMonitor-0x00007ed8ae7ff640|[startMonitor][AliveObjectMonitor],AliveObjectAllocStat=[ type: bcos::gateway::Socket ,created: 19 ,destroyed: 15 ,alive: 4 ] 
info|2025-12-21 02:32:01.888009|timerFactory-0x00007ed8bfdff640|[RPC][WS][SERVICE]connected nodes,count=0
info|2025-12-21 02:32:03.971375|ioService-0x00007ed8d3dff640|[P2PService][Service][METRIC]heartBeat,connected count=3
info|2025-12-21 02:32:11.888073|timerFactory-0x00007ed8bfdff640|[RPC][WS][SERVICE]connected nodes,count=0
info|2025-12-21 02:32:13.971400|ioService-0x00007ed8d3dff640|[P2PService][Service][METRIC]heartBeat,connected count=3
info|2025-12-21 02:32:21.888205|timerFactory-0x00007ed8bfdff640|[RPC][WS][SERVICE]connected nodes,count=0
info|2025-12-21 02:32:23.971426|ioService-0x00007ed8d3dff640|[P2PService][Service][METRIC]heartBeat,connected count=3
info|2025-12-21 02:32:31.888274|timerFactory-0x00007ed8bfdff640|[RPC][WS][SERVICE]connected nodes,count=0
info|2025-12-21 02:32:33.971498|ioService-0x00007ed8d3dff640|[P2PService][Service][METRIC]heartBeat,connected count=3
info|2025-12-21 02:32:41.888310|timerFactory-0x00007ed8bfdff640|[RPC][WS][SERVICE]connected nodes,count=0
info|2025-12-21 02:32:43.971583|ioService-0x00007ed8d3dff640|[P2PService][Service][METRIC]heartBeat,connected count=3
info|2025-12-21 02:32:51.888342|timerFactory-0x00007ed8bfdff640|[RPC][WS][SERVICE]connected nodes,count=0
info|2025-12-21 02:32:53.971614|ioService-0x00007ed8d3dff640|[P2PService][Service][METRIC]heartBeat,connected count=3
info|2025-12-21 02:32:58.978340|objMonitor-0x00007ed8ae7ff640|[startMonitor][AliveObjectMonitor],AliveObjectAllocStat=[ type: bcos::gateway::Socket ,created: 19 ,destroyed: 15 ,alive: 4 ] 
info|2025-12-21 02:33:01.888372|timerFactory-0x00007ed8bfdff640|[RPC][WS][SERVICE]connected nodes,count=0
info|2025-12-21 02:33:03.971641|ioService-0x00007ed8d3dff640|[P2PService][Service][METRIC]heartBeat,connected count=3
info|2025-12-21 02:33:11.888403|timerFactory-0x00007ed8bfdff640|[RPC][WS][SERVICE]connected nodes,count=0
info|2025-12-21 02:33:13.971663|ioService-0x00007ed8d3dff640|[P2PService][Service][METRIC]heartBeat,connected count=3
info|2025-12-21 02:33:21.888439|timerFactory-0x00007ed8bfdff640|[RPC][WS][SERVICE]connected nodes,count=0
info|2025-12-21 02:33:23.971686|ioService-0x00007ed8d3dff640|[P2PService][Service][METRIC]heartBeat,connected count=3
info|2025-12-21 02:33:31.888466|timerFactory-0x00007ed8bfdff640|[RPC][WS][SERVICE]connected nodes,count=0
info|2025-12-21 02:33:33.971856|ioService-0x00007ed8d3dff640|[P2PService][Service][METRIC]heartBeat,connected count=3
info|2025-12-21 02:33:41.888494|timerFactory-0x00007ed8bfdff640|[RPC][WS][SERVICE]connected nodes,count=0
info|2025-12-21 02:33:43.972013|ioService-0x00007ed8d3dff640|[P2PService][Service][METRIC]heartBeat,connected count=3
info|2025-12-21 02:33:51.888578|timerFactory-0x00007ed8bfdff640|[RPC][WS][SERVICE]connected nodes,count=0
info|2025-12-21 02:33:53.972161|ioService-0x00007ed8d3dff640|[P2PService][Service][METRIC]heartBeat,connected count=3
info|2025-12-21 02:33:58.978382|objMonitor-0x00007ed8ae7ff640|[startMonitor][AliveObjectMonitor],AliveObjectAllocStat=[ type: bcos::gateway::Socket ,created: 19 ,destroyed: 15 ,alive: 4 ] 
info|2025-12-21 02:34:01.888618|timerFactory-0x00007ed8bfdff640|[RPC][WS][SERVICE]connected nodes,count=0
info|2025-12-21 02:34:03.972203|ioService-0x00007ed8d3dff640|[P2PService][Service][METRIC]heartBeat,connected count=3
info|2025-12-21 02:34:11.888645|timerFactory-0x00007ed8bfdff640|[RPC][WS][SERVICE]connected nodes,count=0
info|2025-12-21 02:34:13.972235|ioService-0x00007ed8d3dff640|[P2PService][Service][METRIC]heartBeat,connected count=3
info|2025-12-21 02:34:21.888681|timerFactory-0x00007ed8bfdff640|[RPC][WS][SERVICE]connected nodes,count=0
info|2025-12-21 02:34:23.972257|ioService-0x00007ed8d3dff640|[P2PService][Service][METRIC]heartBeat,connected count=3
info|2025-12-21 02:34:31.888709|timerFactory-0x00007ed8bfdff640|[RPC][WS][SERVICE]connected nodes,count=0
info|2025-12-21 02:34:33.972285|ioService-0x00007ed8d3dff640|[P2PService][Service][METRIC]heartBeat,connected count=3
info|2025-12-21 02:34:41.888777|timerFactory-0x00007ed8bfdff640|[RPC][WS][SERVICE]connected nodes,count=0
info|2025-12-21 02:34:43.972309|ioService-0x00007ed8d3dff640|[P2PService][Service][METRIC]heartBeat,connected count=3
info|2025-12-21 02:34:51.888869|timerFactory-0x00007ed8bfdff640|[RPC][WS][SERVICE]connected nodes,count=0
info|2025-12-21 02:34:53.972328|ioService-0x00007ed8d3dff640|[P2PService][Service][METRIC]heartBeat,connected count=3
info|2025-12-21 02:34:58.978426|objMonitor-0x00007ed8ae7ff640|[startMonitor][AliveObjectMonitor],AliveObjectAllocStat=[ type: bcos::gateway::Socket ,created: 19 ,destroyed: 15 ,alive: 4 ] 
info|2025-12-21 02:35:01.888959|timerFactory-0x00007ed8bfdff640|[RPC][WS][SERVICE]connected nodes,count=0
info|2025-12-21 02:35:03.972355|ioService-0x00007ed8d3dff640|[P2PService][Service][METRIC]heartBeat,connected count=3
info|2025-12-21 02:35:11.889027|timerFactory-0x00007ed8bfdff640|[RPC][WS][SERVICE]connected nodes,count=0
info|2025-12-21 02:35:13.972383|ioService-0x00007ed8d3dff640|[P2PService][Service][METRIC]heartBeat,connected count=3
info|2025-12-21 02:35:21.889134|timerFactory-0x00007ed8bfdff640|[RPC][WS][SERVICE]connected nodes,count=0
info|2025-12-21 02:35:23.972404|ioService-0x00007ed8d3dff640|[P2PService][Service][METRIC]heartBeat,connected count=3
info|2025-12-21 02:35:31.889159|timerFactory-0x00007ed8bfdff640|[RPC][WS][SERVICE]connected nodes,count=0
info|2025-12-21 02:35:33.972503|ioService-0x00007ed8d3dff640|[P2PService][Service][METRIC]heartBeat,connected count=3
info|2025-12-21 02:35:41.889177|timerFactory-0x00007ed8bfdff640|[RPC][WS][SERVICE]connected nodes,count=0
info|2025-12-21 02:35:43.972558|ioService-0x00007ed8d3dff640|[P2PService][Service][METRIC]heartBeat,connected count=3
info|2025-12-21 02:35:51.889196|timerFactory-0x00007ed8bfdff640|[RPC][WS][SERVICE]connected nodes,count=0
info|2025-12-21 02:35:53.972585|ioService-0x00007ed8d3dff640|[P2PService][Service][METRIC]heartBeat,connected count=3
info|2025-12-21 02:35:58.978516|objMonitor-0x00007ed8ae7ff640|[startMonitor][AliveObjectMonitor],AliveObjectAllocStat=[ type: bcos::gateway::Socket ,created: 19 ,destroyed: 15 ,alive: 4 ] 
info|2025-12-21 02:36:01.889230|timerFactory-0x00007ed8bfdff640|[RPC][WS][SERVICE]connected nodes,count=0
info|2025-12-21 02:36:03.972759|ioService-0x00007ed8d3dff640|[P2PService][Service][METRIC]heartBeat,connected count=3
info|2025-12-21 02:36:11.889278|timerFactory-0x00007ed8bfdff640|[RPC][WS][SERVICE]connected nodes,count=0
info|2025-12-21 02:36:13.972940|ioService-0x00007ed8d3dff640|[P2PService][Service][METRIC]heartBeat,connected count=3
info|2025-12-21 02:36:21.889331|timerFactory-0x00007ed8bfdff640|[RPC][WS][SERVICE]connected nodes,count=0
info|2025-12-21 02:36:23.972988|ioService-0x00007ed8d3dff640|[P2PService][Service][METRIC]heartBeat,connected count=3
info|2025-12-21 02:36:31.889350|timerFactory-0x00007ed8bfdff640|[RPC][WS][SERVICE]connected nodes,count=0
info|2025-12-21 02:36:33.973062|ioService-0x00007ed8d3dff640|[P2PService][Service][METRIC]heartBeat,connected count=3
info|2025-12-21 02:36:41.889368|timerFactory-0x00007ed8bfdff640|[RPC][WS][SERVICE]connected nodes,count=0
info|2025-12-21 02:36:43.973128|ioService-0x00007ed8d3dff640|[P2PService][Service][METRIC]heartBeat,connected count=3
info|2025-12-21 02:36:51.889387|timerFactory-0x00007ed8bfdff640|[RPC][WS][SERVICE]connected nodes,count=0
info|2025-12-21 02:36:53.973151|ioService-0x00007ed8d3dff640|[P2PService][Service][METRIC]heartBeat,connected count=3
info|2025-12-21 02:36:58.978557|objMonitor-0x00007ed8ae7ff640|[startMonitor][AliveObjectMonitor],AliveObjectAllocStat=[ type: bcos::gateway::Socket ,created: 19 ,destroyed: 15 ,alive: 4 ] 
info|2025-12-21 02:37:01.889406|timerFactory-0x00007ed8bfdff640|[RPC][WS][SERVICE]connected nodes,count=0
info|2025-12-21 02:37:03.973210|ioService-0x00007ed8d3dff640|[P2PService][Service][METRIC]heartBeat,connected count=3
info|2025-12-21 02:37:11.889427|timerFactory-0x00007ed8bfdff640|[RPC][WS][SERVICE]connected nodes,count=0
info|2025-12-21 02:37:13.973265|ioService-0x00007ed8d3dff640|[P2PService][Service][METRIC]heartBeat,connected count=3
info|2025-12-21 02:37:21.889449|timerFactory-0x00007ed8bfdff640|[RPC][WS][SERVICE]connected nodes,count=0
info|2025-12-21 02:37:23.973319|ioService-0x00007ed8d3dff640|[P2PService][Service][METRIC]heartBeat,connected count=3
info|2025-12-21 02:37:31.889470|timerFactory-0x00007ed8bfdff640|[RPC][WS][SERVICE]connected nodes,count=0
info|2025-12-21 02:37:33.973352|ioService-0x00007ed8d3dff640|[P2PService][Service][METRIC]heartBeat,connected count=3
info|2025-12-21 02:37:41.889494|timerFactory-0x00007ed8bfdff640|[RPC][WS][SERVICE]connected nodes,count=0
info|2025-12-21 02:37:43.973422|ioService-0x00007ed8d3dff640|[P2PService][Service][METRIC]heartBeat,connected count=3
info|2025-12-21 02:37:51.889518|timerFactory-0x00007ed8bfdff640|[RPC][WS][SERVICE]connected nodes,count=0
info|2025-12-21 02:37:53.973467|ioService-0x00007ed8d3dff640|[P2PService][Service][METRIC]heartBeat,connected count=3
info|2025-12-21 02:37:58.978599|objMonitor-0x00007ed8ae7ff640|[startMonitor][AliveObjectMonitor],AliveObjectAllocStat=[ type: bcos::gateway::Socket ,created: 19 ,destroyed: 15 ,alive: 4 ] 
info|2025-12-21 02:38:01.889538|timerFactory-0x00007ed8bfdff640|[RPC][WS][SERVICE]connected nodes,count=0
info|2025-12-21 02:38:03.973657|ioService-0x00007ed8d3dff640|[P2PService][Service][METRIC]heartBeat,connected count=3
info|2025-12-21 02:38:11.889561|timerFactory-0x00007ed8bfdff640|[RPC][WS][SERVICE]connected nodes,count=0
info|2025-12-21 02:38:13.973726|ioService-0x00007ed8d3dff640|[P2PService][Service][METRIC]heartBeat,connected count=3
info|2025-12-21 02:38:21.889619|timerFactory-0x00007ed8bfdff640|[RPC][WS][SERVICE]connected nodes,count=0
info|2025-12-21 02:38:23.973763|ioService-0x00007ed8d3dff640|[P2PService][Service][METRIC]heartBeat,connected count=3
info|2025-12-21 02:38:31.889680|timerFactory-0x00007ed8bfdff640|[RPC][WS][SERVICE]connected nodes,count=0
info|2025-12-21 02:38:33.973828|ioService-0x00007ed8d3dff640|[P2PService][Service][METRIC]heartBeat,connected count=3
info|2025-12-21 02:38:41.889727|timerFactory-0x00007ed8bfdff640|[RPC][WS][SERVICE]connected nodes,count=0
info|2025-12-21 02:38:43.973940|ioService-0x00007ed8d3dff640|[P2PService][Service][METRIC]heartBeat,connected count=3
info|2025-12-21 02:38:51.889806|timerFactory-0x00007ed8bfdff640|[RPC][WS][SERVICE]connected nodes,count=0
info|2025-12-21 02:38:53.974062|ioService-0x00007ed8d3dff640|[P2PService][Service][METRIC]heartBeat,connected count=3
info|2025-12-21 02:38:58.978642|objMonitor-0x00007ed8ae7ff640|[startMonitor][AliveObjectMonitor],AliveObjectAllocStat=[ type: bcos::gateway::Socket ,created: 19 ,destroyed: 15 ,alive: 4 ] 
info|2025-12-21 02:39:01.889859|timerFactory-0x00007ed8bfdff640|[RPC][WS][SERVICE]connected nodes,count=0
info|2025-12-21 02:39:03.974222|ioService-0x00007ed8d3dff640|[P2PService][Service][METRIC]heartBeat,connected count=3
info|2025-12-21 02:39:11.889914|timerFactory-0x00007ed8bfdff640|[RPC][WS][SERVICE]connected nodes,count=0
info|2025-12-21 02:39:13.974295|ioService-0x00007ed8d3dff640|[P2PService][Service][METRIC]heartBeat,connected count=3
info|2025-12-21 02:39:21.889955|timerFactory-0x00007ed8bfdff640|[RPC][WS][SERVICE]connected nodes,count=0
info|2025-12-21 02:39:23.974371|ioService-0x00007ed8d3dff640|[P2PService][Service][METRIC]heartBeat,connected count=3
info|2025-12-21 02:39:31.889973|timerFactory-0x00007ed8bfdff640|[RPC][WS][SERVICE]connected nodes,count=0
info|2025-12-21 02:39:33.974483|ioService-0x00007ed8d3dff640|[P2PService][Service][METRIC]heartBeat,connected count=3
info|2025-12-21 02:39:41.890021|timerFactory-0x00007ed8bfdff640|[RPC][WS][SERVICE]connected nodes,count=0
info|2025-12-21 02:39:43.974543|ioService-0x00007ed8d3dff640|[P2PService][Service][METRIC]heartBeat,connected count=3
info|2025-12-21 02:39:51.890075|timerFactory-0x00007ed8bfdff640|[RPC][WS][SERVICE]connected nodes,count=0
info|2025-12-21 02:39:53.974636|ioService-0x00007ed8d3dff640|[P2PService][Service][METRIC]heartBeat,connected count=3
info|2025-12-21 02:39:58.978686|objMonitor-0x00007ed8ae7ff640|[startMonitor][AliveObjectMonitor],AliveObjectAllocStat=[ type: bcos::gateway::Socket ,created: 19 ,destroyed: 15 ,alive: 4 ] 
info|2025-12-21 02:40:01.890124|timerFactory-0x00007ed8bfdff640|[RPC][WS][SERVICE]connected nodes,count=0
info|2025-12-21 02:40:03.974654|ioService-0x00007ed8d3dff640|[P2PService][Service][METRIC]heartBeat,connected count=3
info|2025-12-21 02:40:11.890188|timerFactory-0x00007ed8bfdff640|[RPC][WS][SERVICE]connected nodes,count=0
info|2025-12-21 02:40:13.974774|ioService-0x00007ed8d3dff640|[P2PService][Service][METRIC]heartBeat,connected count=3
info|2025-12-21 02:40:21.890208|timerFactory-0x00007ed8bfdff640|[RPC][WS][SERVICE]connected nodes,count=0
info|2025-12-21 02:40:23.974864|ioService-0x00007ed8d3dff640|[P2PService][Service][METRIC]heartBeat,connected count=3
info|2025-12-21 02:40:31.890358|timerFactory-0x00007ed8bfdff640|[RPC][WS][SERVICE]connected nodes,count=0
info|2025-12-21 02:40:33.974893|ioService-0x00007ed8d3dff640|[P2PService][Service][METRIC]heartBeat,connected count=3
info|2025-12-21 02:40:41.890378|timerFactory-0x00007ed8bfdff640|[RPC][WS][SERVICE]connected nodes,count=0
info|2025-12-21 02:40:43.974917|ioService-0x00007ed8d3dff640|[P2PService][Service][METRIC]heartBeat,connected count=3
info|2025-12-21 02:40:51.890401|timerFactory-0x00007ed8bfdff640|[RPC][WS][SERVICE]connected nodes,count=0
info|2025-12-21 02:40:53.974995|ioService-0x00007ed8d3dff640|[P2PService][Service][METRIC]heartBeat,connected count=3
info|2025-12-21 02:40:58.978729|objMonitor-0x00007ed8ae7ff640|[startMonitor][AliveObjectMonitor],AliveObjectAllocStat=[ type: bcos::gateway::Socket ,created: 19 ,destroyed: 15 ,alive: 4 ] 
info|2025-12-21 02:41:01.890465|timerFactory-0x00007ed8bfdff640|[RPC][WS][SERVICE]connected nodes,count=0
info|2025-12-21 02:41:03.975016|ioService-0x00007ed8d3dff640|[P2PService][Service][METRIC]heartBeat,connected count=3
info|2025-12-21 02:41:11.890517|timerFactory-0x00007ed8bfdff640|[RPC][WS][SERVICE]connected nodes,count=0
info|2025-12-21 02:41:13.975077|ioService-0x00007ed8d3dff640|[P2PService][Service][METRIC]heartBeat,connected count=3
info|2025-12-21 02:41:21.890536|timerFactory-0x00007ed8bfdff640|[RPC][WS][SERVICE]connected nodes,count=0
info|2025-12-21 02:41:23.975210|ioService-0x00007ed8d3dff640|[P2PService][Service][METRIC]heartBeat,connected count=3
info|2025-12-21 02:41:31.890584|timerFactory-0x00007ed8bfdff640|[RPC][WS][SERVICE]connected nodes,count=0
info|2025-12-21 02:41:33.975266|ioService-0x00007ed8d3dff640|[P2PService][Service][METRIC]heartBeat,connected count=3
info|2025-12-21 02:41:41.890650|timerFactory-0x00007ed8bfdff640|[RPC][WS][SERVICE]connected nodes,count=0
info|2025-12-21 02:41:43.975326|ioService-0x00007ed8d3dff640|[P2PService][Service][METRIC]heartBeat,connected count=3
info|2025-12-21 02:41:51.890728|timerFactory-0x00007ed8bfdff640|[RPC][WS][SERVICE]connected nodes,count=0
info|2025-12-21 02:41:53.975349|ioService-0x00007ed8d3dff640|[P2PService][Service][METRIC]heartBeat,connected count=3
info|2025-12-21 02:41:58.978780|objMonitor-0x00007ed8ae7ff640|[startMonitor][AliveObjectMonitor],AliveObjectAllocStat=[ type: bcos::gateway::Socket ,created: 19 ,destroyed: 15 ,alive: 4 ] 
info|2025-12-21 02:42:01.890777|timerFactory-0x00007ed8bfdff640|[RPC][WS][SERVICE]connected nodes,count=0
info|2025-12-21 02:42:03.975432|ioService-0x00007ed8d3dff640|[P2PService][Service][METRIC]heartBeat,connected count=3
info|2025-12-21 02:42:11.890796|timerFactory-0x00007ed8bfdff640|[RPC][WS][SERVICE]connected nodes,count=0
info|2025-12-21 02:42:13.975501|ioService-0x00007ed8d3dff640|[P2PService][Service][METRIC]heartBeat,connected count=3
info|2025-12-21 02:42:21.890814|timerFactory-0x00007ed8bfdff640|[RPC][WS][SERVICE]connected nodes,count=0
info|2025-12-21 02:42:23.975563|ioService-0x00007ed8d3dff640|[P2PService][Service][METRIC]heartBeat,connected count=3
info|2025-12-21 02:42:31.890833|timerFactory-0x00007ed8bfdff640|[RPC][WS][SERVICE]connected nodes,count=0
info|2025-12-21 02:42:33.975606|ioService-0x00007ed8d3dff640|[P2PService][Service][METRIC]heartBeat,connected count=3
info|2025-12-21 02:42:41.890897|timerFactory-0x00007ed8bfdff640|[RPC][WS][SERVICE]connected nodes,count=0
info|2025-12-21 02:42:43.975752|ioService-0x00007ed8d3dff640|[P2PService][Service][METRIC]heartBeat,connected count=3
info|2025-12-21 02:42:51.890951|timerFactory-0x00007ed8bfdff640|[RPC][WS][SERVICE]connected nodes,count=0
info|2025-12-21 02:42:53.975844|ioService-0x00007ed8d3dff640|[P2PService][Service][METRIC]heartBeat,connected count=3
info|2025-12-21 02:42:58.978826|objMonitor-0x00007ed8ae7ff640|[startMonitor][AliveObjectMonitor],AliveObjectAllocStat=[ type: bcos::gateway::Socket ,created: 19 ,destroyed: 15 ,alive: 4 ] 
info|2025-12-21 02:43:01.890971|timerFactory-0x00007ed8bfdff640|[RPC][WS][SERVICE]connected nodes,count=0
info|2025-12-21 02:43:03.975901|ioService-0x00007ed8d3dff640|[P2PService][Service][METRIC]heartBeat,connected count=3
info|2025-12-21 02:43:11.890990|timerFactory-0x00007ed8bfdff640|[RPC][WS][SERVICE]connected nodes,count=0
info|2025-12-21 02:43:13.975968|ioService-0x00007ed8d3dff640|[P2PService][Service][METRIC]heartBeat,connected count=3
info|2025-12-21 02:43:21.891009|timerFactory-0x00007ed8bfdff640|[RPC][WS][SERVICE]connected nodes,count=0
info|2025-12-21 02:43:23.975993|ioService-0x00007ed8d3dff640|[P2PService][Service][METRIC]heartBeat,connected count=3
info|2025-12-21 02:43:31.891060|timerFactory-0x00007ed8bfdff640|[RPC][WS][SERVICE]connected nodes,count=0
info|2025-12-21 02:43:33.976021|ioService-0x00007ed8d3dff640|[P2PService][Service][METRIC]heartBeat,connected count=3
info|2025-12-21 02:43:41.891111|timerFactory-0x00007ed8bfdff640|[RPC][WS][SERVICE]connected nodes,count=0
info|2025-12-21 02:43:43.976053|ioService-0x00007ed8d3dff640|[P2PService][Service][METRIC]heartBeat,connected count=3
info|2025-12-21 02:43:51.891184|timerFactory-0x00007ed8bfdff640|[RPC][WS][SERVICE]connected nodes,count=0
info|2025-12-21 02:43:53.976094|ioService-0x00007ed8d3dff640|[P2PService][Service][METRIC]heartBeat,connected count=3
info|2025-12-21 02:43:58.978874|objMonitor-0x00007ed8ae7ff640|[startMonitor][AliveObjectMonitor],AliveObjectAllocStat=[ type: bcos::gateway::Socket ,created: 19 ,destroyed: 15 ,alive: 4 ] 
info|2025-12-21 02:44:01.891278|timerFactory-0x00007ed8bfdff640|[RPC][WS][SERVICE]connected nodes,count=0
info|2025-12-21 02:44:03.976162|ioService-0x00007ed8d3dff640|[P2PService][Service][METRIC]heartBeat,connected count=3
info|2025-12-21 02:44:11.891334|timerFactory-0x00007ed8bfdff640|[RPC][WS][SERVICE]connected nodes,count=0
info|2025-12-21 02:44:13.976217|ioService-0x00007ed8d3dff640|[P2PService][Service][METRIC]heartBeat,connected count=3
info|2025-12-21 02:44:21.891360|timerFactory-0x00007ed8bfdff640|[RPC][WS][SERVICE]connected nodes,count=0
info|2025-12-21 02:44:23.976278|ioService-0x00007ed8d3dff640|[P2PService][Service][METRIC]heartBeat,connected count=3
info|2025-12-21 02:44:31.891386|timerFactory-0x00007ed8bfdff640|[RPC][WS][SERVICE]connected nodes,count=0
info|2025-12-21 02:44:33.976300|ioService-0x00007ed8d3dff640|[P2PService][Service][METRIC]heartBeat,connected count=3
info|2025-12-21 02:44:41.891408|timerFactory-0x00007ed8bfdff640|[RPC][WS][SERVICE]connected nodes,count=0
info|2025-12-21 02:44:43.976358|ioService-0x00007ed8d3dff640|[P2PService][Service][METRIC]heartBeat,connected count=3
info|2025-12-21 02:44:51.891428|timerFactory-0x00007ed8bfdff640|[RPC][WS][SERVICE]connected nodes,count=0
info|2025-12-21 02:44:53.976484|ioService-0x00007ed8d3dff640|[P2PService][Service][METRIC]heartBeat,connected count=3
info|2025-12-21 02:44:58.978919|objMonitor-0x00007ed8ae7ff640|[startMonitor][AliveObjectMonitor],AliveObjectAllocStat=[ type: bcos::gateway::Socket ,created: 19 ,destroyed: 15 ,alive: 4 ] 
info|2025-12-21 02:45:01.891446|timerFactory-0x00007ed8bfdff640|[RPC][WS][SERVICE]connected nodes,count=0
info|2025-12-21 02:45:03.976519|ioService-0x00007ed8d3dff640|[P2PService][Service][METRIC]heartBeat,connected count=3
info|2025-12-21 02:45:11.891467|timerFactory-0x00007ed8bfdff640|[RPC][WS][SERVICE]connected nodes,count=0
info|2025-12-21 02:45:13.976613|ioService-0x00007ed8d3dff640|[P2PService][Service][METRIC]heartBeat,connected count=3
info|2025-12-21 02:45:21.891487|timerFactory-0x00007ed8bfdff640|[RPC][WS][SERVICE]connected nodes,count=0
info|2025-12-21 02:45:23.976702|ioService-0x00007ed8d3dff640|[P2PService][Service][METRIC]heartBeat,connected count=3
info|2025-12-21 02:45:31.891507|timerFactory-0x00007ed8bfdff640|[RPC][WS][SERVICE]connected nodes,count=0
info|2025-12-21 02:45:33.976800|ioService-0x00007ed8d3dff640|[P2PService][Service][METRIC]heartBeat,connected count=3
info|2025-12-21 02:45:41.891527|timerFactory-0x00007ed8bfdff640|[RPC][WS][SERVICE]connected nodes,count=0
info|2025-12-21 02:45:43.976831|ioService-0x00007ed8d3dff640|[P2PService][Service][METRIC]heartBeat,connected count=3
info|2025-12-21 02:45:51.891547|timerFactory-0x00007ed8bfdff640|[RPC][WS][SERVICE]connected nodes,count=0
info|2025-12-21 02:45:53.976871|ioService-0x00007ed8d3dff640|[P2PService][Service][METRIC]heartBeat,connected count=3
info|2025-12-21 02:45:58.978963|objMonitor-0x00007ed8ae7ff640|[startMonitor][AliveObjectMonitor],AliveObjectAllocStat=[ type: bcos::gateway::Socket ,created: 19 ,destroyed: 15 ,alive: 4 ] 
info|2025-12-21 02:46:01.891569|timerFactory-0x00007ed8bfdff640|[RPC][WS][SERVICE]connected nodes,count=0
info|2025-12-21 02:46:03.976988|ioService-0x00007ed8d3dff640|[P2PService][Service][METRIC]heartBeat,connected count=3
info|2025-12-21 02:46:11.891588|timerFactory-0x00007ed8bfdff640|[RPC][WS][SERVICE]connected nodes,count=0
info|2025-12-21 02:46:13.977055|ioService-0x00007ed8d3dff640|[P2PService][Service][METRIC]heartBeat,connected count=3
info|2025-12-21 02:46:21.891607|timerFactory-0x00007ed8bfdff640|[RPC][WS][SERVICE]connected nodes,count=0
info|2025-12-21 02:46:23.977115|ioService-0x00007ed8d3dff640|[P2PService][Service][METRIC]heartBeat,connected count=3
info|2025-12-21 02:46:31.891657|timerFactory-0x00007ed8bfdff640|[RPC][WS][SERVICE]connected nodes,count=0
info|2025-12-21 02:46:33.977174|ioService-0x00007ed8d3dff640|[P2PService][Service][METRIC]heartBeat,connected count=3
info|2025-12-21 02:46:41.891708|timerFactory-0x00007ed8bfdff640|[RPC][WS][SERVICE]connected nodes,count=0
info|2025-12-21 02:46:43.977228|ioService-0x00007ed8d3dff640|[P2PService][Service][METRIC]heartBeat,connected count=3
info|2025-12-21 02:46:51.891759|timerFactory-0x00007ed8bfdff640|[RPC][WS][SERVICE]connected nodes,count=0
info|2025-12-21 02:46:53.977249|ioService-0x00007ed8d3dff640|[P2PService][Service][METRIC]heartBeat,connected count=3
info|2025-12-21 02:46:58.979017|objMonitor-0x00007ed8ae7ff640|[startMonitor][AliveObjectMonitor],AliveObjectAllocStat=[ type: bcos::gateway::Socket ,created: 19 ,destroyed: 15 ,alive: 4 ] 
info|2025-12-21 02:47:01.891810|timerFactory-0x00007ed8bfdff640|[RPC][WS][SERVICE]connected nodes,count=0
info|2025-12-21 02:47:03.977354|ioService-0x00007ed8d3dff640|[P2PService][Service][METRIC]heartBeat,connected count=3
info|2025-12-21 02:47:11.891858|timerFactory-0x00007ed8bfdff640|[RPC][WS][SERVICE]connected nodes,count=0
info|2025-12-21 02:47:13.977376|ioService-0x00007ed8d3dff640|[P2PService][Service][METRIC]heartBeat,connected count=3
info|2025-12-21 02:47:21.891910|timerFactory-0x00007ed8bfdff640|[RPC][WS][SERVICE]connected nodes,count=0
info|2025-12-21 02:47:23.977430|ioService-0x00007ed8d3dff640|[P2PService][Service][METRIC]heartBeat,connected count=3
info|2025-12-21 02:47:31.891927|timerFactory-0x00007ed8bfdff640|[RPC][WS][SERVICE]connected nodes,count=0
info|2025-12-21 02:47:33.977456|ioService-0x00007ed8d3dff640|[P2PService][Service][METRIC]heartBeat,connected count=3
info|2025-12-21 02:47:41.891945|timerFactory-0x00007ed8bfdff640|[RPC][WS][SERVICE]connected nodes,count=0
info|2025-12-21 02:47:43.977685|ioService-0x00007ed8d3dff640|[P2PService][Service][METRIC]heartBeat,connected count=3
info|2025-12-21 02:47:51.891961|timerFactory-0x00007ed8bfdff640|[RPC][WS][SERVICE]connected nodes,count=0
info|2025-12-21 02:47:53.977777|ioService-0x00007ed8d3dff640|[P2PService][Service][METRIC]heartBeat,connected count=3
info|2025-12-21 02:47:58.979181|objMonitor-0x00007ed8ae7ff640|[startMonitor][AliveObjectMonitor],AliveObjectAllocStat=[ type: bcos::gateway::Socket ,created: 19 ,destroyed: 15 ,alive: 4 ] 
info|2025-12-21 02:48:01.891974|timerFactory-0x00007ed8bfdff640|[RPC][WS][SERVICE]connected nodes,count=0
info|2025-12-21 02:48:03.977859|ioService-0x00007ed8d3dff640|[P2PService][Service][METRIC]heartBeat,connected count=3
info|2025-12-21 02:48:11.891990|timerFactory-0x00007ed8bfdff640|[RPC][WS][SERVICE]connected nodes,count=0
info|2025-12-21 02:48:13.977919|ioService-0x00007ed8d3dff640|[P2PService][Service][METRIC]heartBeat,connected count=3
info|2025-12-21 02:48:21.892006|timerFactory-0x00007ed8bfdff640|[RPC][WS][SERVICE]connected nodes,count=0
info|2025-12-21 02:48:23.977970|ioService-0x00007ed8d3dff640|[P2PService][Service][METRIC]heartBeat,connected count=3
info|2025-12-21 02:48:31.892021|timerFactory-0x00007ed8bfdff640|[RPC][WS][SERVICE]connected nodes,count=0
info|2025-12-21 02:48:33.977990|ioService-0x00007ed8d3dff640|[P2PService][Service][METRIC]heartBeat,connected count=3
info|2025-12-21 02:48:41.892039|timerFactory-0x00007ed8bfdff640|[RPC][WS][SERVICE]connected nodes,count=0
info|2025-12-21 02:48:43.978014|ioService-0x00007ed8d3dff640|[P2PService][Service][METRIC]heartBeat,connected count=3
info|2025-12-21 02:48:51.892063|timerFactory-0x00007ed8bfdff640|[RPC][WS][SERVICE]connected nodes,count=0
info|2025-12-21 02:48:53.978072|ioService-0x00007ed8d3dff640|[P2PService][Service][METRIC]heartBeat,connected count=3
info|2025-12-21 02:48:58.979228|objMonitor-0x00007ed8ae7ff640|[startMonitor][AliveObjectMonitor],AliveObjectAllocStat=[ type: bcos::gateway::Socket ,created: 19 ,destroyed: 15 ,alive: 4 ] 
info|2025-12-21 02:49:01.892105|timerFactory-0x00007ed8bfdff640|[RPC][WS][SERVICE]connected nodes,count=0
info|2025-12-21 02:49:03.978136|ioService-0x00007ed8d3dff640|[P2PService][Service][METRIC]heartBeat,connected count=3
info|2025-12-21 02:49:11.892142|timerFactory-0x00007ed8bfdff640|[RPC][WS][SERVICE]connected nodes,count=0
info|2025-12-21 02:49:13.978179|ioService-0x00007ed8d3dff640|[P2PService][Service][METRIC]heartBeat,connected count=3
info|2025-12-21 02:49:21.892165|timerFactory-0x00007ed8bfdff640|[RPC][WS][SERVICE]connected nodes,count=0
info|2025-12-21 02:49:23.978201|ioService-0x00007ed8d3dff640|[P2PService][Service][METRIC]heartBeat,connected count=3
info|2025-12-21 02:49:31.892183|timerFactory-0x00007ed8bfdff640|[RPC][WS][SERVICE]connected nodes,count=0
info|2025-12-21 02:49:33.978229|ioService-0x00007ed8d3dff640|[P2PService][Service][METRIC]heartBeat,connected count=3
info|2025-12-21 02:49:41.892202|timerFactory-0x00007ed8bfdff640|[RPC][WS][SERVICE]connected nodes,count=0
info|2025-12-21 02:49:43.978263|ioService-0x00007ed8d3dff640|[P2PService][Service][METRIC]heartBeat,connected count=3
info|2025-12-21 02:49:51.892241|timerFactory-0x00007ed8bfdff640|[RPC][WS][SERVICE]connected nodes,count=0
info|2025-12-21 02:49:53.978294|ioService-0x00007ed8d3dff640|[P2PService][Service][METRIC]heartBeat,connected count=3
info|2025-12-21 02:49:58.979271|objMonitor-0x00007ed8ae7ff640|[startMonitor][AliveObjectMonitor],AliveObjectAllocStat=[ type: bcos::gateway::Socket ,created: 19 ,destroyed: 15 ,alive: 4 ] 
info|2025-12-21 02:50:01.892280|timerFactory-0x00007ed8bfdff640|[RPC][WS][SERVICE]connected nodes,count=0
info|2025-12-21 02:50:03.978329|ioService-0x00007ed8d3dff640|[P2PService][Service][METRIC]heartBeat,connected count=3
info|2025-12-21 02:50:11.892301|timerFactory-0x00007ed8bfdff640|[RPC][WS][SERVICE]connected nodes,count=0
info|2025-12-21 02:50:13.978364|ioService-0x00007ed8d3dff640|[P2PService][Service][METRIC]heartBeat,connected count=3
info|2025-12-21 02:50:21.892316|timerFactory-0x00007ed8bfdff640|[RPC][WS][SERVICE]connected nodes,count=0
info|2025-12-21 02:50:23.978582|ioService-0x00007ed8d3dff640|[P2PService][Service][METRIC]heartBeat,connected count=3
info|2025-12-21 02:50:31.892329|timerFactory-0x00007ed8bfdff640|[RPC][WS][SERVICE]connected nodes,count=0
info|2025-12-21 02:50:33.978707|ioService-0x00007ed8d3dff640|[P2PService][Service][METRIC]heartBeat,connected count=3
info|2025-12-21 02:50:41.892342|timerFactory-0x00007ed8bfdff640|[RPC][WS][SERVICE]connected nodes,count=0
info|2025-12-21 02:50:43.978891|ioService-0x00007ed8d3dff640|[P2PService][Service][METRIC]heartBeat,connected count=3
info|2025-12-21 02:50:51.892355|timerFactory-0x00007ed8bfdff640|[RPC][WS][SERVICE]connected nodes,count=0
info|2025-12-21 02:50:53.978971|ioService-0x00007ed8d3dff640|[P2PService][Service][METRIC]heartBeat,connected count=3
info|2025-12-21 02:50:58.979316|objMonitor-0x00007ed8ae7ff640|[startMonitor][AliveObjectMonitor],AliveObjectAllocStat=[ type: bcos::gateway::Socket ,created: 19 ,destroyed: 15 ,alive: 4 ] 
info|2025-12-21 02:51:01.892383|timerFactory-0x00007ed8bfdff640|[RPC][WS][SERVICE]connected nodes,count=0
info|2025-12-21 02:51:03.979063|ioService-0x00007ed8d3dff640|[P2PService][Service][METRIC]heartBeat,connected count=3
info|2025-12-21 02:51:11.892412|timerFactory-0x00007ed8bfdff640|[RPC][WS][SERVICE]connected nodes,count=0
info|2025-12-21 02:51:13.979172|ioService-0x00007ed8d3dff640|[P2PService][Service][METRIC]heartBeat,connected count=3
info|2025-12-21 02:51:21.892441|timerFactory-0x00007ed8bfdff640|[RPC][WS][SERVICE]connected nodes,count=0
info|2025-12-21 02:51:23.979204|ioService-0x00007ed8d3dff640|[P2PService][Service][METRIC]heartBeat,connected count=3
info|2025-12-21 02:51:31.892567|timerFactory-0x00007ed8bfdff640|[RPC][WS][SERVICE]connected nodes,count=0
info|2025-12-21 02:51:33.979228|ioService-0x00007ed8d3dff640|[P2PService][Service][METRIC]heartBeat,connected count=3
info|2025-12-21 02:51:41.892634|timerFactory-0x00007ed8bfdff640|[RPC][WS][SERVICE]connected nodes,count=0
info|2025-12-21 02:51:43.979253|ioService-0x00007ed8d3dff640|[P2PService][Service][METRIC]heartBeat,connected count=3
info|2025-12-21 02:51:51.892664|timerFactory-0x00007ed8bfdff640|[RPC][WS][SERVICE]connected nodes,count=0
info|2025-12-21 02:51:53.979278|ioService-0x00007ed8d3dff640|[P2PService][Service][METRIC]heartBeat,connected count=3
info|2025-12-21 02:51:58.979359|objMonitor-0x00007ed8ae7ff640|[startMonitor][AliveObjectMonitor],AliveObjectAllocStat=[ type: bcos::gateway::Socket ,created: 19 ,destroyed: 15 ,alive: 4 ] 
info|2025-12-21 02:52:01.892696|timerFactory-0x00007ed8bfdff640|[RPC][WS][SERVICE]connected nodes,count=0
info|2025-12-21 02:52:03.979339|ioService-0x00007ed8d3dff640|[P2PService][Service][METRIC]heartBeat,connected count=3
info|2025-12-21 02:52:11.892728|timerFactory-0x00007ed8bfdff640|[RPC][WS][SERVICE]connected nodes,count=0
info|2025-12-21 02:52:13.979363|ioService-0x00007ed8d3dff640|[P2PService][Service][METRIC]heartBeat,connected count=3
info|2025-12-21 02:52:21.892755|timerFactory-0x00007ed8bfdff640|[RPC][WS][SERVICE]connected nodes,count=0
info|2025-12-21 02:52:23.979420|ioService-0x00007ed8d3dff640|[P2PService][Service][METRIC]heartBeat,connected count=3
info|2025-12-21 02:52:31.892822|timerFactory-0x00007ed8bfdff640|[RPC][WS][SERVICE]connected nodes,count=0
info|2025-12-21 02:52:33.979443|ioService-0x00007ed8d3dff640|[P2PService][Service][METRIC]heartBeat,connected count=3
info|2025-12-21 02:52:41.893006|timerFactory-0x00007ed8bfdff640|[RPC][WS][SERVICE]connected nodes,count=0
info|2025-12-21 02:52:43.979464|ioService-0x00007ed8d3dff640|[P2PService][Service][METRIC]heartBeat,connected count=3
info|2025-12-21 02:52:51.893184|timerFactory-0x00007ed8bfdff640|[RPC][WS][SERVICE]connected nodes,count=0
info|2025-12-21 02:52:53.979500|ioService-0x00007ed8d3dff640|[P2PService][Service][METRIC]heartBeat,connected count=3
info|2025-12-21 02:52:58.979405|objMonitor-0x00007ed8ae7ff640|[startMonitor][AliveObjectMonitor],AliveObjectAllocStat=[ type: bcos::gateway::Socket ,created: 19 ,destroyed: 15 ,alive: 4 ] [ type: bcos::gateway::ResponseCallback ,created: 13508425 ,destroyed: 13508420 ,alive: 5 ] 
info|2025-12-21 02:53:01.893262|timerFactory-0x00007ed8bfdff640|[RPC][WS][SERVICE]connected nodes,count=0
info|2025-12-21 02:53:03.979596|ioService-0x00007ed8d3dff640|[P2PService][Service][METRIC]heartBeat,connected count=3
info|2025-12-21 02:53:11.893292|timerFactory-0x00007ed8bfdff640|[RPC][WS][SERVICE]connected nodes,count=0
info|2025-12-21 02:53:13.979620|ioService-0x00007ed8d3dff640|[P2PService][Service][METRIC]heartBeat,connected count=3
info|2025-12-21 02:53:21.893324|timerFactory-0x00007ed8bfdff640|[RPC][WS][SERVICE]connected nodes,count=0
info|2025-12-21 02:53:23.979702|ioService-0x00007ed8d3dff640|[P2PService][Service][METRIC]heartBeat,connected count=3
info|2025-12-21 02:53:31.893351|timerFactory-0x00007ed8bfdff640|[RPC][WS][SERVICE]connected nodes,count=0
info|2025-12-21 02:53:33.979765|ioService-0x00007ed8d3dff640|[P2PService][Service][METRIC]heartBeat,connected count=3
info|2025-12-21 02:53:41.893381|timerFactory-0x00007ed8bfdff640|[RPC][WS][SERVICE]connected nodes,count=0
info|2025-12-21 02:53:43.979787|ioService-0x00007ed8d3dff640|[P2PService][Service][METRIC]heartBeat,connected count=3
info|2025-12-21 02:53:51.893411|timerFactory-0x00007ed8bfdff640|[RPC][WS][SERVICE]connected nodes,count=0
info|2025-12-21 02:53:53.979816|ioService-0x00007ed8d3dff640|[P2PService][Service][METRIC]heartBeat,connected count=3
info|2025-12-21 02:53:58.979456|objMonitor-0x00007ed8ae7ff640|[startMonitor][AliveObjectMonitor],AliveObjectAllocStat=[ type: bcos::gateway::Socket ,created: 19 ,destroyed: 15 ,alive: 4 ] 
info|2025-12-21 02:54:01.893440|timerFactory-0x00007ed8bfdff640|[RPC][WS][SERVICE]connected nodes,count=0
info|2025-12-21 02:54:03.979850|ioService-0x00007ed8d3dff640|[P2PService][Service][METRIC]heartBeat,connected count=3
info|2025-12-21 02:54:11.893577|timerFactory-0x00007ed8bfdff640|[RPC][WS][SERVICE]connected nodes,count=0
info|2025-12-21 02:54:13.979992|ioService-0x00007ed8d3dff640|[P2PService][Service][METRIC]heartBeat,connected count=3
info|2025-12-21 02:54:21.893607|timerFactory-0x00007ed8bfdff640|[RPC][WS][SERVICE]connected nodes,count=0
info|2025-12-21 02:54:23.980252|ioService-0x00007ed8d3dff640|[P2PService][Service][METRIC]heartBeat,connected count=3
info|2025-12-21 02:54:31.893635|timerFactory-0x00007ed8bfdff640|[RPC][WS][SERVICE]connected nodes,count=0
info|2025-12-21 02:54:33.980277|ioService-0x00007ed8d3dff640|[P2PService][Service][METRIC]heartBeat,connected count=3
info|2025-12-21 02:54:41.893664|timerFactory-0x00007ed8bfdff640|[RPC][WS][SERVICE]connected nodes,count=0
info|2025-12-21 02:54:43.980300|ioService-0x00007ed8d3dff640|[P2PService][Service][METRIC]heartBeat,connected count=3
info|2025-12-21 02:54:51.893693|timerFactory-0x00007ed8bfdff640|[RPC][WS][SERVICE]connected nodes,count=0
info|2025-12-21 02:54:53.980387|ioService-0x00007ed8d3dff640|[P2PService][Service][METRIC]heartBeat,connected count=3
info|2025-12-21 02:54:58.979543|objMonitor-0x00007ed8ae7ff640|[startMonitor][AliveObjectMonitor],AliveObjectAllocStat=[ type: bcos::gateway::Socket ,created: 19 ,destroyed: 15 ,alive: 4 ] 
info|2025-12-21 02:55:01.893721|timerFactory-0x00007ed8bfdff640|[RPC][WS][SERVICE]connected nodes,count=0
info|2025-12-21 02:55:03.980448|ioService-0x00007ed8d3dff640|[P2PService][Service][METRIC]heartBeat,connected count=3
info|2025-12-21 02:55:11.893784|timerFactory-0x00007ed8bfdff640|[RPC][WS][SERVICE]connected nodes,count=0
info|2025-12-21 02:55:13.980574|ioService-0x00007ed8d3dff640|[P2PService][Service][METRIC]heartBeat,connected count=3
info|2025-12-21 02:55:21.893896|timerFactory-0x00007ed8bfdff640|[RPC][WS][SERVICE]connected nodes,count=0
info|2025-12-21 02:55:23.980645|ioService-0x00007ed8d3dff640|[P2PService][Service][METRIC]heartBeat,connected count=3
info|2025-12-21 02:55:31.893923|timerFactory-0x00007ed8bfdff640|[RPC][WS][SERVICE]connected nodes,count=0
info|2025-12-21 02:55:33.980739|ioService-0x00007ed8d3dff640|[P2PService][Service][METRIC]heartBeat,connected count=3
info|2025-12-21 02:55:41.893991|timerFactory-0x00007ed8bfdff640|[RPC][WS][SERVICE]connected nodes,count=0
info|2025-12-21 02:55:43.980882|ioService-0x00007ed8d3dff640|[P2PService][Service][METRIC]heartBeat,connected count=3
info|2025-12-21 02:55:51.894019|timerFactory-0x00007ed8bfdff640|[RPC][WS][SERVICE]connected nodes,count=0
info|2025-12-21 02:55:53.981011|ioService-0x00007ed8d3dff640|[P2PService][Service][METRIC]heartBeat,connected count=3
info|2025-12-21 02:55:58.979713|objMonitor-0x00007ed8ae7ff640|[startMonitor][AliveObjectMonitor],AliveObjectAllocStat=[ type: bcos::gateway::Socket ,created: 19 ,destroyed: 15 ,alive: 4 ] 
info|2025-12-21 02:56:01.894199|timerFactory-0x00007ed8bfdff640|[RPC][WS][SERVICE]connected nodes,count=0
info|2025-12-21 02:56:03.981143|ioService-0x00007ed8d3dff640|[P2PService][Service][METRIC]heartBeat,connected count=3
info|2025-12-21 02:56:11.894222|timerFactory-0x00007ed8bfdff640|[RPC][WS][SERVICE]connected nodes,count=0
info|2025-12-21 02:56:13.981209|ioService-0x00007ed8d3dff640|[P2PService][Service][METRIC]heartBeat,connected count=3
info|2025-12-21 02:56:21.894243|timerFactory-0x00007ed8bfdff640|[RPC][WS][SERVICE]connected nodes,count=0
info|2025-12-21 02:56:23.981261|ioService-0x00007ed8d3dff640|[P2PService][Service][METRIC]heartBeat,connected count=3
info|2025-12-21 02:56:31.894262|timerFactory-0x00007ed8bfdff640|[RPC][WS][SERVICE]connected nodes,count=0
info|2025-12-21 02:56:33.981283|ioService-0x00007ed8d3dff640|[P2PService][Service][METRIC]heartBeat,connected count=3
info|2025-12-21 02:56:41.894282|timerFactory-0x00007ed8bfdff640|[RPC][WS][SERVICE]connected nodes,count=0
info|2025-12-21 02:56:43.981302|ioService-0x00007ed8d3dff640|[P2PService][Service][METRIC]heartBeat,connected count=3
info|2025-12-21 02:56:51.894327|timerFactory-0x00007ed8bfdff640|[RPC][WS][SERVICE]connected nodes,count=0
info|2025-12-21 02:56:53.981323|ioService-0x00007ed8d3dff640|[P2PService][Service][METRIC]heartBeat,connected count=3
info|2025-12-21 02:56:58.979752|objMonitor-0x00007ed8ae7ff640|[startMonitor][AliveObjectMonitor],AliveObjectAllocStat=[ type: bcos::gateway::Socket ,created: 19 ,destroyed: 15 ,alive: 4 ] [ type: bcos::gateway::ResponseCallback ,created: 13512022 ,destroyed: 13512017 ,alive: 5 ] 
info|2025-12-21 02:57:01.894349|timerFactory-0x00007ed8bfdff640|[RPC][WS][SERVICE]connected nodes,count=0
info|2025-12-21 02:57:03.981345|ioService-0x00007ed8d3dff640|[P2PService][Service][METRIC]heartBeat,connected count=3
info|2025-12-21 02:57:11.894372|timerFactory-0x00007ed8bfdff640|[RPC][WS][SERVICE]connected nodes,count=0
info|2025-12-21 02:57:13.981424|ioService-0x00007ed8d3dff640|[P2PService][Service][METRIC]heartBeat,connected count=3
info|2025-12-21 02:57:21.894392|timerFactory-0x00007ed8bfdff640|[RPC][WS][SERVICE]connected nodes,count=0
info|2025-12-21 02:57:23.981445|ioService-0x00007ed8d3dff640|[P2PService][Service][METRIC]heartBeat,connected count=3
info|2025-12-21 02:57:31.894412|timerFactory-0x00007ed8bfdff640|[RPC][WS][SERVICE]connected nodes,count=0
info|2025-12-21 02:57:33.981485|ioService-0x00007ed8d3dff640|[P2PService][Service][METRIC]heartBeat,connected count=3
info|2025-12-21 02:57:41.894435|timerFactory-0x00007ed8bfdff640|[RPC][WS][SERVICE]connected nodes,count=0
info|2025-12-21 02:57:43.981509|ioService-0x00007ed8d3dff640|[P2PService][Service][METRIC]heartBeat,connected count=3
info|2025-12-21 02:57:51.894453|timerFactory-0x00007ed8bfdff640|[RPC][WS][SERVICE]connected nodes,count=0
info|2025-12-21 02:57:53.981578|ioService-0x00007ed8d3dff640|[P2PService][Service][METRIC]heartBeat,connected count=3
info|2025-12-21 02:57:58.979839|objMonitor-0x00007ed8ae7ff640|[startMonitor][AliveObjectMonitor],AliveObjectAllocStat=[ type: bcos::gateway::Socket ,created: 19 ,destroyed: 15 ,alive: 4 ] 
info|2025-12-21 02:58:01.894473|timerFactory-0x00007ed8bfdff640|[RPC][WS][SERVICE]connected nodes,count=0
info|2025-12-21 02:58:03.981608|ioService-0x00007ed8d3dff640|[P2PService][Service][METRIC]heartBeat,connected count=3
info|2025-12-21 02:58:11.894490|timerFactory-0x00007ed8bfdff640|[RPC][WS][SERVICE]connected nodes,count=0
info|2025-12-21 02:58:13.981639|ioService-0x00007ed8d3dff640|[P2PService][Service][METRIC]heartBeat,connected count=3
info|2025-12-21 02:58:21.894507|timerFactory-0x00007ed8bfdff640|[RPC][WS][SERVICE]connected nodes,count=0
info|2025-12-21 02:58:23.981827|ioService-0x00007ed8d3dff640|[P2PService][Service][METRIC]heartBeat,connected count=3
info|2025-12-21 02:58:31.894550|timerFactory-0x00007ed8bfdff640|[RPC][WS][SERVICE]connected nodes,count=0
info|2025-12-21 02:58:33.981895|ioService-0x00007ed8d3dff640|[P2PService][Service][METRIC]heartBeat,connected count=3
info|2025-12-21 02:58:41.894593|timerFactory-0x00007ed8bfdff640|[RPC][WS][SERVICE]connected nodes,count=0
info|2025-12-21 02:58:43.981978|ioService-0x00007ed8d3dff640|[P2PService][Service][METRIC]heartBeat,connected count=3
info|2025-12-21 02:58:51.894612|timerFactory-0x00007ed8bfdff640|[RPC][WS][SERVICE]connected nodes,count=0
info|2025-12-21 02:58:53.982127|ioService-0x00007ed8d3dff640|[P2PService][Service][METRIC]heartBeat,connected count=3
info|2025-12-21 02:58:58.980008|objMonitor-0x00007ed8ae7ff640|[startMonitor][AliveObjectMonitor],AliveObjectAllocStat=[ type: bcos::gateway::Socket ,created: 19 ,destroyed: 15 ,alive: 4 ] 
info|2025-12-21 02:59:01.894630|timerFactory-0x00007ed8bfdff640|[RPC][WS][SERVICE]connected nodes,count=0
info|2025-12-21 02:59:03.982277|ioService-0x00007ed8d3dff640|[P2PService][Service][METRIC]heartBeat,connected count=3
info|2025-12-21 02:59:11.894646|timerFactory-0x00007ed8bfdff640|[RPC][WS][SERVICE]connected nodes,count=0
info|2025-12-21 02:59:13.982327|ioService-0x00007ed8d3dff640|[P2PService][Service][METRIC]heartBeat,connected count=3
info|2025-12-21 02:59:21.894667|timerFactory-0x00007ed8bfdff640|[RPC][WS][SERVICE]connected nodes,count=0
info|2025-12-21 02:59:23.982357|ioService-0x00007ed8d3dff640|[P2PService][Service][METRIC]heartBeat,connected count=3
info|2025-12-21 02:59:31.894686|timerFactory-0x00007ed8bfdff640|[RPC][WS][SERVICE]connected nodes,count=0
info|2025-12-21 02:59:33.982426|ioService-0x00007ed8d3dff640|[P2PService][Service][METRIC]heartBeat,connected count=3
info|2025-12-21 02:59:41.894704|timerFactory-0x00007ed8bfdff640|[RPC][WS][SERVICE]connected nodes,count=0
info|2025-12-21 02:59:43.982512|ioService-0x00007ed8d3dff640|[P2PService][Service][METRIC]heartBeat,connected count=3
info|2025-12-21 02:59:51.894720|timerFactory-0x00007ed8bfdff640|[RPC][WS][SERVICE]connected nodes,count=0
info|2025-12-21 02:59:53.982541|ioService-0x00007ed8d3dff640|[P2PService][Service][METRIC]heartBeat,connected count=3
info|2025-12-21 02:59:58.980049|objMonitor-0x00007ed8ae7ff640|[startMonitor][AliveObjectMonitor],AliveObjectAllocStat=[ type: bcos::gateway::Socket ,created: 19 ,destroyed: 15 ,alive: 4 ] 
