info|2025-12-21 04:00:01.907477|timerFactory-0x00007ed8bfdff640|[RPC][WS][SERVICE]connected nodes,count=0
info|2025-12-21 04:00:04.008114|ioService-0x00007ed8d3dff640|[P2PService][Service][METRIC]heartBeat,connected count=3
info|2025-12-21 04:00:11.907498|timerFactory-0x00007ed8bfdff640|[RPC][WS][SERVICE]connected nodes,count=0
info|2025-12-21 04:00:14.008145|ioService-0x00007ed8d3dff640|[P2PService][Service][METRIC]heartBeat,connected count=3
info|2025-12-21 04:00:21.907526|timerFactory-0x00007ed8bfdff640|[RPC][WS][SERVICE]connected nodes,count=0
info|2025-12-21 04:00:24.008187|ioService-0x00007ed8d3dff640|[P2PService][Service][METRIC]heartBeat,connected count=3
info|2025-12-21 04:00:31.907587|timerFactory-0x00007ed8bfdff640|[RPC][WS][SERVICE]connected nodes,count=0
info|2025-12-21 04:00:34.008222|ioService-0x00007ed8d3dff640|[P2PService][Service][METRIC]heartBeat,connected count=3
info|2025-12-21 04:00:41.907688|timerFactory-0x00007ed8bfdff640|[RPC][WS][SERVICE]connected nodes,count=0
info|2025-12-21 04:00:44.008285|ioService-0x00007ed8d3dff640|[P2PService][Service][METRIC]heartBeat,connected count=3
info|2025-12-21 04:00:51.907753|timerFactory-0x00007ed8bfdff640|[RPC][WS][SERVICE]connected nodes,count=0
info|2025-12-21 04:00:54.008330|ioService-0x00007ed8d3dff640|[P2PService][Service][METRIC]heartBeat,connected count=3
info|2025-12-21 04:00:58.984805|objMonitor-0x00007ed8ae7ff640|[startMonitor][AliveObjectMonitor],AliveObjectAllocStat=[ type: bcos::gateway::Socket ,created: 19 ,destroyed: 15 ,alive: 4 ] [ type: bcos::gateway::ResponseCallback ,created: 13569574 ,destroyed: 13569568 ,alive: 6 ] 
info|2025-12-21 04:01:01.907780|timerFactory-0x00007ed8bfdff640|[RPC][WS][SERVICE]connected nodes,count=0
info|2025-12-21 04:01:04.008362|ioService-0x00007ed8d3dff640|[P2PService][Service][METRIC]heartBeat,connected count=3
info|2025-12-21 04:01:11.907838|timerFactory-0x00007ed8bfdff640|[RPC][WS][SERVICE]connected nodes,count=0
info|2025-12-21 04:01:14.008392|ioService-0x00007ed8d3dff640|[P2PService][Service][METRIC]heartBeat,connected count=3
info|2025-12-21 04:01:21.907951|timerFactory-0x00007ed8bfdff640|[RPC][WS][SERVICE]connected nodes,count=0
info|2025-12-21 04:01:24.008453|ioService-0x00007ed8d3dff640|[P2PService][Service][METRIC]heartBeat,connected count=3
info|2025-12-21 04:01:31.907981|timerFactory-0x00007ed8bfdff640|[RPC][WS][SERVICE]connected nodes,count=0
info|2025-12-21 04:01:34.008485|ioService-0x00007ed8d3dff640|[P2PService][Service][METRIC]heartBeat,connected count=3
info|2025-12-21 04:01:41.908002|timerFactory-0x00007ed8bfdff640|[RPC][WS][SERVICE]connected nodes,count=0
info|2025-12-21 04:01:44.008511|ioService-0x00007ed8d3dff640|[P2PService][Service][METRIC]heartBeat,connected count=3
info|2025-12-21 04:01:51.908026|timerFactory-0x00007ed8bfdff640|[RPC][WS][SERVICE]connected nodes,count=0
info|2025-12-21 04:01:54.008625|ioService-0x00007ed8d3dff640|[P2PService][Service][METRIC]heartBeat,connected count=3
info|2025-12-21 04:01:58.984848|objMonitor-0x00007ed8ae7ff640|[startMonitor][AliveObjectMonitor],AliveObjectAllocStat=[ type: bcos::gateway::Socket ,created: 19 ,destroyed: 15 ,alive: 4 ] 
info|2025-12-21 04:02:01.908051|timerFactory-0x00007ed8bfdff640|[RPC][WS][SERVICE]connected nodes,count=0
info|2025-12-21 04:02:04.008736|ioService-0x00007ed8d3dff640|[P2PService][Service][METRIC]heartBeat,connected count=3
info|2025-12-21 04:02:11.908077|timerFactory-0x00007ed8bfdff640|[RPC][WS][SERVICE]connected nodes,count=0
info|2025-12-21 04:02:14.008800|ioService-0x00007ed8d3dff640|[P2PService][Service][METRIC]heartBeat,connected count=3
info|2025-12-21 04:02:21.908103|timerFactory-0x00007ed8bfdff640|[RPC][WS][SERVICE]connected nodes,count=0
info|2025-12-21 04:02:24.008971|ioService-0x00007ed8d3dff640|[P2PService][Service][METRIC]heartBeat,connected count=3
info|2025-12-21 04:02:31.908127|timerFactory-0x00007ed8bfdff640|[RPC][WS][SERVICE]connected nodes,count=0
info|2025-12-21 04:02:34.009044|ioService-0x00007ed8d3dff640|[P2PService][Service][METRIC]heartBeat,connected count=3
info|2025-12-21 04:02:41.908159|timerFactory-0x00007ed8bfdff640|[RPC][WS][SERVICE]connected nodes,count=0
info|2025-12-21 04:02:44.009213|ioService-0x00007ed8d3dff640|[P2PService][Service][METRIC]heartBeat,connected count=3
info|2025-12-21 04:02:51.908238|timerFactory-0x00007ed8bfdff640|[RPC][WS][SERVICE]connected nodes,count=0
info|2025-12-21 04:02:54.009329|ioService-0x00007ed8d3dff640|[P2PService][Service][METRIC]heartBeat,connected count=3
info|2025-12-21 04:02:58.985013|objMonitor-0x00007ed8ae7ff640|[startMonitor][AliveObjectMonitor],AliveObjectAllocStat=[ type: bcos::gateway::Socket ,created: 19 ,destroyed: 15 ,alive: 4 ] 
info|2025-12-21 04:03:01.908284|timerFactory-0x00007ed8bfdff640|[RPC][WS][SERVICE]connected nodes,count=0
info|2025-12-21 04:03:04.009397|ioService-0x00007ed8d3dff640|[P2PService][Service][METRIC]heartBeat,connected count=3
info|2025-12-21 04:03:11.908313|timerFactory-0x00007ed8bfdff640|[RPC][WS][SERVICE]connected nodes,count=0
info|2025-12-21 04:03:14.009534|ioService-0x00007ed8d3dff640|[P2PService][Service][METRIC]heartBeat,connected count=3
info|2025-12-21 04:03:21.908367|timerFactory-0x00007ed8bfdff640|[RPC][WS][SERVICE]connected nodes,count=0
info|2025-12-21 04:03:24.009598|ioService-0x00007ed8d3dff640|[P2PService][Service][METRIC]heartBeat,connected count=3
info|2025-12-21 04:03:31.908423|timerFactory-0x00007ed8bfdff640|[RPC][WS][SERVICE]connected nodes,count=0
info|2025-12-21 04:03:34.009666|ioService-0x00007ed8d3dff640|[P2PService][Service][METRIC]heartBeat,connected count=3
info|2025-12-21 04:03:41.908447|timerFactory-0x00007ed8bfdff640|[RPC][WS][SERVICE]connected nodes,count=0
info|2025-12-21 04:03:44.009764|ioService-0x00007ed8d3dff640|[P2PService][Service][METRIC]heartBeat,connected count=3
info|2025-12-21 04:03:51.908474|timerFactory-0x00007ed8bfdff640|[RPC][WS][SERVICE]connected nodes,count=0
info|2025-12-21 04:03:54.009959|ioService-0x00007ed8d3dff640|[P2PService][Service][METRIC]heartBeat,connected count=3
info|2025-12-21 04:03:58.985052|objMonitor-0x00007ed8ae7ff640|[startMonitor][AliveObjectMonitor],AliveObjectAllocStat=[ type: bcos::gateway::Socket ,created: 19 ,destroyed: 15 ,alive: 4 ] 
info|2025-12-21 04:04:01.908536|timerFactory-0x00007ed8bfdff640|[RPC][WS][SERVICE]connected nodes,count=0
info|2025-12-21 04:04:04.010003|ioService-0x00007ed8d3dff640|[P2PService][Service][METRIC]heartBeat,connected count=3
info|2025-12-21 04:04:11.908563|timerFactory-0x00007ed8bfdff640|[RPC][WS][SERVICE]connected nodes,count=0
info|2025-12-21 04:04:14.010064|ioService-0x00007ed8d3dff640|[P2PService][Service][METRIC]heartBeat,connected count=3
info|2025-12-21 04:04:21.908588|timerFactory-0x00007ed8bfdff640|[RPC][WS][SERVICE]connected nodes,count=0
info|2025-12-21 04:04:24.010086|ioService-0x00007ed8d3dff640|[P2PService][Service][METRIC]heartBeat,connected count=3
info|2025-12-21 04:04:31.908611|timerFactory-0x00007ed8bfdff640|[RPC][WS][SERVICE]connected nodes,count=0
info|2025-12-21 04:04:34.010107|ioService-0x00007ed8d3dff640|[P2PService][Service][METRIC]heartBeat,connected count=3
info|2025-12-21 04:04:41.908640|timerFactory-0x00007ed8bfdff640|[RPC][WS][SERVICE]connected nodes,count=0
info|2025-12-21 04:04:44.010172|ioService-0x00007ed8d3dff640|[P2PService][Service][METRIC]heartBeat,connected count=3
info|2025-12-21 04:04:51.908667|timerFactory-0x00007ed8bfdff640|[RPC][WS][SERVICE]connected nodes,count=0
info|2025-12-21 04:04:54.010248|ioService-0x00007ed8d3dff640|[P2PService][Service][METRIC]heartBeat,connected count=3
info|2025-12-21 04:04:58.985099|objMonitor-0x00007ed8ae7ff640|[startMonitor][AliveObjectMonitor],AliveObjectAllocStat=[ type: bcos::gateway::Socket ,created: 19 ,destroyed: 15 ,alive: 4 ] 
info|2025-12-21 04:05:01.908729|timerFactory-0x00007ed8bfdff640|[RPC][WS][SERVICE]connected nodes,count=0
info|2025-12-21 04:05:04.010269|ioService-0x00007ed8d3dff640|[P2PService][Service][METRIC]heartBeat,connected count=3
info|2025-12-21 04:05:11.908779|timerFactory-0x00007ed8bfdff640|[RPC][WS][SERVICE]connected nodes,count=0
info|2025-12-21 04:05:14.010384|ioService-0x00007ed8d3dff640|[P2PService][Service][METRIC]heartBeat,connected count=3
info|2025-12-21 04:05:21.908805|timerFactory-0x00007ed8bfdff640|[RPC][WS][SERVICE]connected nodes,count=0
info|2025-12-21 04:05:24.010407|ioService-0x00007ed8d3dff640|[P2PService][Service][METRIC]heartBeat,connected count=3
info|2025-12-21 04:05:31.908831|timerFactory-0x00007ed8bfdff640|[RPC][WS][SERVICE]connected nodes,count=0
info|2025-12-21 04:05:34.010429|ioService-0x00007ed8d3dff640|[P2PService][Service][METRIC]heartBeat,connected count=3
info|2025-12-21 04:05:41.908894|timerFactory-0x00007ed8bfdff640|[RPC][WS][SERVICE]connected nodes,count=0
info|2025-12-21 04:05:44.010448|ioService-0x00007ed8d3dff640|[P2PService][Service][METRIC]heartBeat,connected count=3
info|2025-12-21 04:05:51.908949|timerFactory-0x00007ed8bfdff640|[RPC][WS][SERVICE]connected nodes,count=0
info|2025-12-21 04:05:54.010473|ioService-0x00007ed8d3dff640|[P2PService][Service][METRIC]heartBeat,connected count=3
info|2025-12-21 04:05:58.985137|objMonitor-0x00007ed8ae7ff640|[startMonitor][AliveObjectMonitor],AliveObjectAllocStat=[ type: bcos::gateway::Socket ,created: 19 ,destroyed: 15 ,alive: 4 ] 
info|2025-12-21 04:06:01.908975|timerFactory-0x00007ed8bfdff640|[RPC][WS][SERVICE]connected nodes,count=0
info|2025-12-21 04:06:04.010503|ioService-0x00007ed8d3dff640|[P2PService][Service][METRIC]heartBeat,connected count=3
info|2025-12-21 04:06:11.909004|timerFactory-0x00007ed8bfdff640|[RPC][WS][SERVICE]connected nodes,count=0
info|2025-12-21 04:06:14.010529|ioService-0x00007ed8d3dff640|[P2PService][Service][METRIC]heartBeat,connected count=3
info|2025-12-21 04:06:21.909032|timerFactory-0x00007ed8bfdff640|[RPC][WS][SERVICE]connected nodes,count=0
info|2025-12-21 04:06:24.010560|ioService-0x00007ed8d3dff640|[P2PService][Service][METRIC]heartBeat,connected count=3
info|2025-12-21 04:06:31.909064|timerFactory-0x00007ed8bfdff640|[RPC][WS][SERVICE]connected nodes,count=0
info|2025-12-21 04:06:34.010629|ioService-0x00007ed8d3dff640|[P2PService][Service][METRIC]heartBeat,connected count=3
info|2025-12-21 04:06:41.909088|timerFactory-0x00007ed8bfdff640|[RPC][WS][SERVICE]connected nodes,count=0
info|2025-12-21 04:06:44.010785|ioService-0x00007ed8d3dff640|[P2PService][Service][METRIC]heartBeat,connected count=3
info|2025-12-21 04:06:51.909110|timerFactory-0x00007ed8bfdff640|[RPC][WS][SERVICE]connected nodes,count=0
info|2025-12-21 04:06:54.010857|ioService-0x00007ed8d3dff640|[P2PService][Service][METRIC]heartBeat,connected count=3
info|2025-12-21 04:06:58.985181|objMonitor-0x00007ed8ae7ff640|[startMonitor][AliveObjectMonitor],AliveObjectAllocStat=[ type: bcos::gateway::Socket ,created: 19 ,destroyed: 15 ,alive: 4 ] 
info|2025-12-21 04:07:01.909172|timerFactory-0x00007ed8bfdff640|[RPC][WS][SERVICE]connected nodes,count=0
info|2025-12-21 04:07:04.011061|ioService-0x00007ed8d3dff640|[P2PService][Service][METRIC]heartBeat,connected count=3
info|2025-12-21 04:07:11.909229|timerFactory-0x00007ed8bfdff640|[RPC][WS][SERVICE]connected nodes,count=0
info|2025-12-21 04:07:14.011180|ioService-0x00007ed8d3dff640|[P2PService][Service][METRIC]heartBeat,connected count=3
info|2025-12-21 04:07:21.909292|timerFactory-0x00007ed8bfdff640|[RPC][WS][SERVICE]connected nodes,count=0
info|2025-12-21 04:07:24.011309|ioService-0x00007ed8d3dff640|[P2PService][Service][METRIC]heartBeat,connected count=3
info|2025-12-21 04:07:31.909314|timerFactory-0x00007ed8bfdff640|[RPC][WS][SERVICE]connected nodes,count=0
info|2025-12-21 04:07:34.011444|ioService-0x00007ed8d3dff640|[P2PService][Service][METRIC]heartBeat,connected count=3
info|2025-12-21 04:07:41.909339|timerFactory-0x00007ed8bfdff640|[RPC][WS][SERVICE]connected nodes,count=0
info|2025-12-21 04:07:44.011480|ioService-0x00007ed8d3dff640|[P2PService][Service][METRIC]heartBeat,connected count=3
info|2025-12-21 04:07:51.909403|timerFactory-0x00007ed8bfdff640|[RPC][WS][SERVICE]connected nodes,count=0
info|2025-12-21 04:07:54.011563|ioService-0x00007ed8d3dff640|[P2PService][Service][METRIC]heartBeat,connected count=3
info|2025-12-21 04:07:58.985256|objMonitor-0x00007ed8ae7ff640|[startMonitor][AliveObjectMonitor],AliveObjectAllocStat=[ type: bcos::gateway::Socket ,created: 19 ,destroyed: 15 ,alive: 4 ] 
info|2025-12-21 04:08:01.909465|timerFactory-0x00007ed8bfdff640|[RPC][WS][SERVICE]connected nodes,count=0
info|2025-12-21 04:08:04.011589|ioService-0x00007ed8d3dff640|[P2PService][Service][METRIC]heartBeat,connected count=3
info|2025-12-21 04:08:11.909489|timerFactory-0x00007ed8bfdff640|[RPC][WS][SERVICE]connected nodes,count=0
info|2025-12-21 04:08:14.011612|ioService-0x00007ed8d3dff640|[P2PService][Service][METRIC]heartBeat,connected count=3
info|2025-12-21 04:08:21.909552|timerFactory-0x00007ed8bfdff640|[RPC][WS][SERVICE]connected nodes,count=0
info|2025-12-21 04:08:24.011695|ioService-0x00007ed8d3dff640|[P2PService][Service][METRIC]heartBeat,connected count=3
info|2025-12-21 04:08:31.909574|timerFactory-0x00007ed8bfdff640|[RPC][WS][SERVICE]connected nodes,count=0
info|2025-12-21 04:08:34.011786|ioService-0x00007ed8d3dff640|[P2PService][Service][METRIC]heartBeat,connected count=3
info|2025-12-21 04:08:41.909639|timerFactory-0x00007ed8bfdff640|[RPC][WS][SERVICE]connected nodes,count=0
info|2025-12-21 04:08:44.011929|ioService-0x00007ed8d3dff640|[P2PService][Service][METRIC]heartBeat,connected count=3
info|2025-12-21 04:08:51.909661|timerFactory-0x00007ed8bfdff640|[RPC][WS][SERVICE]connected nodes,count=0
info|2025-12-21 04:08:54.011999|ioService-0x00007ed8d3dff640|[P2PService][Service][METRIC]heartBeat,connected count=3
info|2025-12-21 04:08:58.985300|objMonitor-0x00007ed8ae7ff640|[startMonitor][AliveObjectMonitor],AliveObjectAllocStat=[ type: bcos::gateway::Socket ,created: 19 ,destroyed: 15 ,alive: 4 ] 
info|2025-12-21 04:09:01.909683|timerFactory-0x00007ed8bfdff640|[RPC][WS][SERVICE]connected nodes,count=0
info|2025-12-21 04:09:04.012021|ioService-0x00007ed8d3dff640|[P2PService][Service][METRIC]heartBeat,connected count=3
info|2025-12-21 04:09:11.909710|timerFactory-0x00007ed8bfdff640|[RPC][WS][SERVICE]connected nodes,count=0
info|2025-12-21 04:09:14.012046|ioService-0x00007ed8d3dff640|[P2PService][Service][METRIC]heartBeat,connected count=3
info|2025-12-21 04:09:21.909733|timerFactory-0x00007ed8bfdff640|[RPC][WS][SERVICE]connected nodes,count=0
info|2025-12-21 04:09:24.012122|ioService-0x00007ed8d3dff640|[P2PService][Service][METRIC]heartBeat,connected count=3
info|2025-12-21 04:09:31.909763|timerFactory-0x00007ed8bfdff640|[RPC][WS][SERVICE]connected nodes,count=0
info|2025-12-21 04:09:34.012269|ioService-0x00007ed8d3dff640|[P2PService][Service][METRIC]heartBeat,connected count=3
info|2025-12-21 04:09:41.909791|timerFactory-0x00007ed8bfdff640|[RPC][WS][SERVICE]connected nodes,count=0
info|2025-12-21 04:09:44.012350|ioService-0x00007ed8d3dff640|[P2PService][Service][METRIC]heartBeat,connected count=3
info|2025-12-21 04:09:51.909819|timerFactory-0x00007ed8bfdff640|[RPC][WS][SERVICE]connected nodes,count=0
info|2025-12-21 04:09:54.012372|ioService-0x00007ed8d3dff640|[P2PService][Service][METRIC]heartBeat,connected count=3
info|2025-12-21 04:09:58.985351|objMonitor-0x00007ed8ae7ff640|[startMonitor][AliveObjectMonitor],AliveObjectAllocStat=[ type: bcos::gateway::Socket ,created: 19 ,destroyed: 15 ,alive: 4 ] 
info|2025-12-21 04:10:01.909842|timerFactory-0x00007ed8bfdff640|[RPC][WS][SERVICE]connected nodes,count=0
info|2025-12-21 04:10:04.012392|ioService-0x00007ed8d3dff640|[P2PService][Service][METRIC]heartBeat,connected count=3
info|2025-12-21 04:10:11.909905|timerFactory-0x00007ed8bfdff640|[RPC][WS][SERVICE]connected nodes,count=0
info|2025-12-21 04:10:14.012416|ioService-0x00007ed8d3dff640|[P2PService][Service][METRIC]heartBeat,connected count=3
info|2025-12-21 04:10:21.910001|timerFactory-0x00007ed8bfdff640|[RPC][WS][SERVICE]connected nodes,count=0
info|2025-12-21 04:10:24.012438|ioService-0x00007ed8d3dff640|[P2PService][Service][METRIC]heartBeat,connected count=3
info|2025-12-21 04:10:31.910058|timerFactory-0x00007ed8bfdff640|[RPC][WS][SERVICE]connected nodes,count=0
info|2025-12-21 04:10:34.012460|ioService-0x00007ed8d3dff640|[P2PService][Service][METRIC]heartBeat,connected count=3
info|2025-12-21 04:10:41.910115|timerFactory-0x00007ed8bfdff640|[RPC][WS][SERVICE]connected nodes,count=0
info|2025-12-21 04:10:44.012483|ioService-0x00007ed8d3dff640|[P2PService][Service][METRIC]heartBeat,connected count=3
info|2025-12-21 04:10:51.910221|timerFactory-0x00007ed8bfdff640|[RPC][WS][SERVICE]connected nodes,count=0
info|2025-12-21 04:10:54.012543|ioService-0x00007ed8d3dff640|[P2PService][Service][METRIC]heartBeat,connected count=3
info|2025-12-21 04:10:58.985399|objMonitor-0x00007ed8ae7ff640|[startMonitor][AliveObjectMonitor],AliveObjectAllocStat=[ type: bcos::gateway::Socket ,created: 19 ,destroyed: 15 ,alive: 4 ] 
info|2025-12-21 04:11:01.910284|timerFactory-0x00007ed8bfdff640|[RPC][WS][SERVICE]connected nodes,count=0
info|2025-12-21 04:11:04.012636|ioService-0x00007ed8d3dff640|[P2PService][Service][METRIC]heartBeat,connected count=3
info|2025-12-21 04:11:11.910310|timerFactory-0x00007ed8bfdff640|[RPC][WS][SERVICE]connected nodes,count=0
info|2025-12-21 04:11:14.012815|ioService-0x00007ed8d3dff640|[P2PService][Service][METRIC]heartBeat,connected count=3
info|2025-12-21 04:11:21.910335|timerFactory-0x00007ed8bfdff640|[RPC][WS][SERVICE]connected nodes,count=0
info|2025-12-21 04:11:24.012846|ioService-0x00007ed8d3dff640|[P2PService][Service][METRIC]heartBeat,connected count=3
info|2025-12-21 04:11:31.910363|timerFactory-0x00007ed8bfdff640|[RPC][WS][SERVICE]connected nodes,count=0
info|2025-12-21 04:11:34.012921|ioService-0x00007ed8d3dff640|[P2PService][Service][METRIC]heartBeat,connected count=3
info|2025-12-21 04:11:41.910422|timerFactory-0x00007ed8bfdff640|[RPC][WS][SERVICE]connected nodes,count=0
info|2025-12-21 04:11:44.012990|ioService-0x00007ed8d3dff640|[P2PService][Service][METRIC]heartBeat,connected count=3
info|2025-12-21 04:11:51.910481|timerFactory-0x00007ed8bfdff640|[RPC][WS][SERVICE]connected nodes,count=0
info|2025-12-21 04:11:54.013031|ioService-0x00007ed8d3dff640|[P2PService][Service][METRIC]heartBeat,connected count=3
info|2025-12-21 04:11:58.985445|objMonitor-0x00007ed8ae7ff640|[startMonitor][AliveObjectMonitor],AliveObjectAllocStat=[ type: bcos::gateway::Socket ,created: 19 ,destroyed: 15 ,alive: 4 ] 
info|2025-12-21 04:12:01.910507|timerFactory-0x00007ed8bfdff640|[RPC][WS][SERVICE]connected nodes,count=0
info|2025-12-21 04:12:04.013096|ioService-0x00007ed8d3dff640|[P2PService][Service][METRIC]heartBeat,connected count=3
info|2025-12-21 04:12:11.910531|timerFactory-0x00007ed8bfdff640|[RPC][WS][SERVICE]connected nodes,count=0
info|2025-12-21 04:12:14.013131|ioService-0x00007ed8d3dff640|[P2PService][Service][METRIC]heartBeat,connected count=3
info|2025-12-21 04:12:21.910600|timerFactory-0x00007ed8bfdff640|[RPC][WS][SERVICE]connected nodes,count=0
info|2025-12-21 04:12:24.013162|ioService-0x00007ed8d3dff640|[P2PService][Service][METRIC]heartBeat,connected count=3
info|2025-12-21 04:12:31.910658|timerFactory-0x00007ed8bfdff640|[RPC][WS][SERVICE]connected nodes,count=0
info|2025-12-21 04:12:34.013262|ioService-0x00007ed8d3dff640|[P2PService][Service][METRIC]heartBeat,connected count=3
info|2025-12-21 04:12:41.910725|timerFactory-0x00007ed8bfdff640|[RPC][WS][SERVICE]connected nodes,count=0
info|2025-12-21 04:12:44.013326|ioService-0x00007ed8d3dff640|[P2PService][Service][METRIC]heartBeat,connected count=3
info|2025-12-21 04:12:51.910754|timerFactory-0x00007ed8bfdff640|[RPC][WS][SERVICE]connected nodes,count=0
info|2025-12-21 04:12:54.013352|ioService-0x00007ed8d3dff640|[P2PService][Service][METRIC]heartBeat,connected count=3
info|2025-12-21 04:12:58.985489|objMonitor-0x00007ed8ae7ff640|[startMonitor][AliveObjectMonitor],AliveObjectAllocStat=[ type: bcos::gateway::Socket ,created: 19 ,destroyed: 15 ,alive: 4 ] 
info|2025-12-21 04:13:01.910779|timerFactory-0x00007ed8bfdff640|[RPC][WS][SERVICE]connected nodes,count=0
info|2025-12-21 04:13:04.013415|ioService-0x00007ed8d3dff640|[P2PService][Service][METRIC]heartBeat,connected count=3
info|2025-12-21 04:13:11.910807|timerFactory-0x00007ed8bfdff640|[RPC][WS][SERVICE]connected nodes,count=0
info|2025-12-21 04:13:14.013447|ioService-0x00007ed8d3dff640|[P2PService][Service][METRIC]heartBeat,connected count=3
info|2025-12-21 04:13:21.910864|timerFactory-0x00007ed8bfdff640|[RPC][WS][SERVICE]connected nodes,count=0
info|2025-12-21 04:13:24.013514|ioService-0x00007ed8d3dff640|[P2PService][Service][METRIC]heartBeat,connected count=3
info|2025-12-21 04:13:31.910935|timerFactory-0x00007ed8bfdff640|[RPC][WS][SERVICE]connected nodes,count=0
info|2025-12-21 04:13:34.013544|ioService-0x00007ed8d3dff640|[P2PService][Service][METRIC]heartBeat,connected count=3
info|2025-12-21 04:13:41.910964|timerFactory-0x00007ed8bfdff640|[RPC][WS][SERVICE]connected nodes,count=0
info|2025-12-21 04:13:44.013577|ioService-0x00007ed8d3dff640|[P2PService][Service][METRIC]heartBeat,connected count=3
info|2025-12-21 04:13:51.910986|timerFactory-0x00007ed8bfdff640|[RPC][WS][SERVICE]connected nodes,count=0
info|2025-12-21 04:13:54.013605|ioService-0x00007ed8d3dff640|[P2PService][Service][METRIC]heartBeat,connected count=3
info|2025-12-21 04:13:58.985538|objMonitor-0x00007ed8ae7ff640|[startMonitor][AliveObjectMonitor],AliveObjectAllocStat=[ type: bcos::gateway::Socket ,created: 19 ,destroyed: 15 ,alive: 4 ] 
info|2025-12-21 04:14:01.911008|timerFactory-0x00007ed8bfdff640|[RPC][WS][SERVICE]connected nodes,count=0
info|2025-12-21 04:14:04.013632|ioService-0x00007ed8d3dff640|[P2PService][Service][METRIC]heartBeat,connected count=3
info|2025-12-21 04:14:11.911032|timerFactory-0x00007ed8bfdff640|[RPC][WS][SERVICE]connected nodes,count=0
info|2025-12-21 04:14:14.013665|ioService-0x00007ed8d3dff640|[P2PService][Service][METRIC]heartBeat,connected count=3
info|2025-12-21 04:14:21.911055|timerFactory-0x00007ed8bfdff640|[RPC][WS][SERVICE]connected nodes,count=0
info|2025-12-21 04:14:24.013700|ioService-0x00007ed8d3dff640|[P2PService][Service][METRIC]heartBeat,connected count=3
info|2025-12-21 04:14:31.911211|timerFactory-0x00007ed8bfdff640|[RPC][WS][SERVICE]connected nodes,count=0
info|2025-12-21 04:14:34.013767|ioService-0x00007ed8d3dff640|[P2PService][Service][METRIC]heartBeat,connected count=3
info|2025-12-21 04:14:41.911231|timerFactory-0x00007ed8bfdff640|[RPC][WS][SERVICE]connected nodes,count=0
info|2025-12-21 04:14:44.013878|ioService-0x00007ed8d3dff640|[P2PService][Service][METRIC]heartBeat,connected count=3
info|2025-12-21 04:14:51.911253|timerFactory-0x00007ed8bfdff640|[RPC][WS][SERVICE]connected nodes,count=0
info|2025-12-21 04:14:54.014011|ioService-0x00007ed8d3dff640|[P2PService][Service][METRIC]heartBeat,connected count=3
info|2025-12-21 04:14:58.985687|objMonitor-0x00007ed8ae7ff640|[startMonitor][AliveObjectMonitor],AliveObjectAllocStat=[ type: bcos::gateway::Socket ,created: 19 ,destroyed: 15 ,alive: 4 ] 
info|2025-12-21 04:15:01.911271|timerFactory-0x00007ed8bfdff640|[RPC][WS][SERVICE]connected nodes,count=0
info|2025-12-21 04:15:04.014081|ioService-0x00007ed8d3dff640|[P2PService][Service][METRIC]heartBeat,connected count=3
info|2025-12-21 04:15:11.911292|timerFactory-0x00007ed8bfdff640|[RPC][WS][SERVICE]connected nodes,count=0
info|2025-12-21 04:15:14.014248|ioService-0x00007ed8d3dff640|[P2PService][Service][METRIC]heartBeat,connected count=3
info|2025-12-21 04:15:21.911316|timerFactory-0x00007ed8bfdff640|[RPC][WS][SERVICE]connected nodes,count=0
info|2025-12-21 04:15:24.014282|ioService-0x00007ed8d3dff640|[P2PService][Service][METRIC]heartBeat,connected count=3
info|2025-12-21 04:15:31.911338|timerFactory-0x00007ed8bfdff640|[RPC][WS][SERVICE]connected nodes,count=0
info|2025-12-21 04:15:34.014352|ioService-0x00007ed8d3dff640|[P2PService][Service][METRIC]heartBeat,connected count=3
info|2025-12-21 04:15:41.911357|timerFactory-0x00007ed8bfdff640|[RPC][WS][SERVICE]connected nodes,count=0
info|2025-12-21 04:15:44.014375|ioService-0x00007ed8d3dff640|[P2PService][Service][METRIC]heartBeat,connected count=3
info|2025-12-21 04:15:51.911402|timerFactory-0x00007ed8bfdff640|[RPC][WS][SERVICE]connected nodes,count=0
info|2025-12-21 04:15:54.014436|ioService-0x00007ed8d3dff640|[P2PService][Service][METRIC]heartBeat,connected count=3
info|2025-12-21 04:15:58.985742|objMonitor-0x00007ed8ae7ff640|[startMonitor][AliveObjectMonitor],AliveObjectAllocStat=[ type: bcos::gateway::Socket ,created: 19 ,destroyed: 15 ,alive: 4 ] 
info|2025-12-21 04:16:01.911422|timerFactory-0x00007ed8bfdff640|[RPC][WS][SERVICE]connected nodes,count=0
info|2025-12-21 04:16:04.014466|ioService-0x00007ed8d3dff640|[P2PService][Service][METRIC]heartBeat,connected count=3
info|2025-12-21 04:16:11.911443|timerFactory-0x00007ed8bfdff640|[RPC][WS][SERVICE]connected nodes,count=0
info|2025-12-21 04:16:14.014489|ioService-0x00007ed8d3dff640|[P2PService][Service][METRIC]heartBeat,connected count=3
info|2025-12-21 04:16:21.911464|timerFactory-0x00007ed8bfdff640|[RPC][WS][SERVICE]connected nodes,count=0
info|2025-12-21 04:16:24.014518|ioService-0x00007ed8d3dff640|[P2PService][Service][METRIC]heartBeat,connected count=3
info|2025-12-21 04:16:31.911550|timerFactory-0x00007ed8bfdff640|[RPC][WS][SERVICE]connected nodes,count=0
info|2025-12-21 04:16:34.014549|ioService-0x00007ed8d3dff640|[P2PService][Service][METRIC]heartBeat,connected count=3
info|2025-12-21 04:16:41.911571|timerFactory-0x00007ed8bfdff640|[RPC][WS][SERVICE]connected nodes,count=0
info|2025-12-21 04:16:44.014571|ioService-0x00007ed8d3dff640|[P2PService][Service][METRIC]heartBeat,connected count=3
info|2025-12-21 04:16:51.911591|timerFactory-0x00007ed8bfdff640|[RPC][WS][SERVICE]connected nodes,count=0
info|2025-12-21 04:16:54.014639|ioService-0x00007ed8d3dff640|[P2PService][Service][METRIC]heartBeat,connected count=3
info|2025-12-21 04:16:58.985921|objMonitor-0x00007ed8ae7ff640|[startMonitor][AliveObjectMonitor],AliveObjectAllocStat=[ type: bcos::gateway::Socket ,created: 19 ,destroyed: 15 ,alive: 4 ] 
info|2025-12-21 04:17:01.911616|timerFactory-0x00007ed8bfdff640|[RPC][WS][SERVICE]connected nodes,count=0
info|2025-12-21 04:17:04.014749|ioService-0x00007ed8d3dff640|[P2PService][Service][METRIC]heartBeat,connected count=3
info|2025-12-21 04:17:11.911666|timerFactory-0x00007ed8bfdff640|[RPC][WS][SERVICE]connected nodes,count=0
info|2025-12-21 04:17:14.014803|ioService-0x00007ed8d3dff640|[P2PService][Service][METRIC]heartBeat,connected count=3
info|2025-12-21 04:17:21.911686|timerFactory-0x00007ed8bfdff640|[RPC][WS][SERVICE]connected nodes,count=0
info|2025-12-21 04:17:24.014860|ioService-0x00007ed8d3dff640|[P2PService][Service][METRIC]heartBeat,connected count=3
info|2025-12-21 04:17:31.911704|timerFactory-0x00007ed8bfdff640|[RPC][WS][SERVICE]connected nodes,count=0
info|2025-12-21 04:17:34.014914|ioService-0x00007ed8d3dff640|[P2PService][Service][METRIC]heartBeat,connected count=3
info|2025-12-21 04:17:41.911722|timerFactory-0x00007ed8bfdff640|[RPC][WS][SERVICE]connected nodes,count=0
info|2025-12-21 04:17:44.015060|ioService-0x00007ed8d3dff640|[P2PService][Service][METRIC]heartBeat,connected count=3
info|2025-12-21 04:17:51.911752|timerFactory-0x00007ed8bfdff640|[RPC][WS][SERVICE]connected nodes,count=0
info|2025-12-21 04:17:54.015154|ioService-0x00007ed8d3dff640|[P2PService][Service][METRIC]heartBeat,connected count=3
info|2025-12-21 04:17:58.985973|objMonitor-0x00007ed8ae7ff640|[startMonitor][AliveObjectMonitor],AliveObjectAllocStat=[ type: bcos::gateway::Socket ,created: 19 ,destroyed: 15 ,alive: 4 ] 
info|2025-12-21 04:18:01.911773|timerFactory-0x00007ed8bfdff640|[RPC][WS][SERVICE]connected nodes,count=0
info|2025-12-21 04:18:04.015234|ioService-0x00007ed8d3dff640|[P2PService][Service][METRIC]heartBeat,connected count=3
info|2025-12-21 04:18:11.911798|timerFactory-0x00007ed8bfdff640|[RPC][WS][SERVICE]connected nodes,count=0
info|2025-12-21 04:18:14.015355|ioService-0x00007ed8d3dff640|[P2PService][Service][METRIC]heartBeat,connected count=3
info|2025-12-21 04:18:21.911825|timerFactory-0x00007ed8bfdff640|[RPC][WS][SERVICE]connected nodes,count=0
info|2025-12-21 04:18:24.015376|ioService-0x00007ed8d3dff640|[P2PService][Service][METRIC]heartBeat,connected count=3
info|2025-12-21 04:18:31.911851|timerFactory-0x00007ed8bfdff640|[RPC][WS][SERVICE]connected nodes,count=0
info|2025-12-21 04:18:34.015439|ioService-0x00007ed8d3dff640|[P2PService][Service][METRIC]heartBeat,connected count=3
info|2025-12-21 04:18:41.911878|timerFactory-0x00007ed8bfdff640|[RPC][WS][SERVICE]connected nodes,count=0
info|2025-12-21 04:18:44.015472|ioService-0x00007ed8d3dff640|[P2PService][Service][METRIC]heartBeat,connected count=3
info|2025-12-21 04:18:51.911941|timerFactory-0x00007ed8bfdff640|[RPC][WS][SERVICE]connected nodes,count=0
info|2025-12-21 04:18:54.015589|ioService-0x00007ed8d3dff640|[P2PService][Service][METRIC]heartBeat,connected count=3
info|2025-12-21 04:18:58.986025|objMonitor-0x00007ed8ae7ff640|[startMonitor][AliveObjectMonitor],AliveObjectAllocStat=[ type: bcos::gateway::Socket ,created: 19 ,destroyed: 15 ,alive: 4 ] 
info|2025-12-21 04:19:01.912003|timerFactory-0x00007ed8bfdff640|[RPC][WS][SERVICE]connected nodes,count=0
info|2025-12-21 04:19:04.015625|ioService-0x00007ed8d3dff640|[P2PService][Service][METRIC]heartBeat,connected count=3
info|2025-12-21 04:19:11.912027|timerFactory-0x00007ed8bfdff640|[RPC][WS][SERVICE]connected nodes,count=0
info|2025-12-21 04:19:14.015656|ioService-0x00007ed8d3dff640|[P2PService][Service][METRIC]heartBeat,connected count=3
info|2025-12-21 04:19:21.912080|timerFactory-0x00007ed8bfdff640|[RPC][WS][SERVICE]connected nodes,count=0
info|2025-12-21 04:19:24.015889|ioService-0x00007ed8d3dff640|[P2PService][Service][METRIC]heartBeat,connected count=3
info|2025-12-21 04:19:31.912104|timerFactory-0x00007ed8bfdff640|[RPC][WS][SERVICE]connected nodes,count=0
info|2025-12-21 04:19:34.015946|ioService-0x00007ed8d3dff640|[P2PService][Service][METRIC]heartBeat,connected count=3
info|2025-12-21 04:19:41.912130|timerFactory-0x00007ed8bfdff640|[RPC][WS][SERVICE]connected nodes,count=0
info|2025-12-21 04:19:44.016008|ioService-0x00007ed8d3dff640|[P2PService][Service][METRIC]heartBeat,connected count=3
info|2025-12-21 04:19:51.912161|timerFactory-0x00007ed8bfdff640|[RPC][WS][SERVICE]connected nodes,count=0
info|2025-12-21 04:19:54.016188|ioService-0x00007ed8d3dff640|[P2PService][Service][METRIC]heartBeat,connected count=3
info|2025-12-21 04:19:58.986074|objMonitor-0x00007ed8ae7ff640|[startMonitor][AliveObjectMonitor],AliveObjectAllocStat=[ type: bcos::gateway::Socket ,created: 19 ,destroyed: 15 ,alive: 4 ] 
info|2025-12-21 04:20:01.912269|timerFactory-0x00007ed8bfdff640|[RPC][WS][SERVICE]connected nodes,count=0
info|2025-12-21 04:20:04.016252|ioService-0x00007ed8d3dff640|[P2PService][Service][METRIC]heartBeat,connected count=3
info|2025-12-21 04:20:11.912347|timerFactory-0x00007ed8bfdff640|[RPC][WS][SERVICE]connected nodes,count=0
info|2025-12-21 04:20:14.016341|ioService-0x00007ed8d3dff640|[P2PService][Service][METRIC]heartBeat,connected count=3
info|2025-12-21 04:20:21.912379|timerFactory-0x00007ed8bfdff640|[RPC][WS][SERVICE]connected nodes,count=0
info|2025-12-21 04:20:24.016419|ioService-0x00007ed8d3dff640|[P2PService][Service][METRIC]heartBeat,connected count=3
info|2025-12-21 04:20:31.912409|timerFactory-0x00007ed8bfdff640|[RPC][WS][SERVICE]connected nodes,count=0
info|2025-12-21 04:20:34.016477|ioService-0x00007ed8d3dff640|[P2PService][Service][METRIC]heartBeat,connected count=3
info|2025-12-21 04:20:41.912503|timerFactory-0x00007ed8bfdff640|[RPC][WS][SERVICE]connected nodes,count=0
info|2025-12-21 04:20:44.016508|ioService-0x00007ed8d3dff640|[P2PService][Service][METRIC]heartBeat,connected count=3
info|2025-12-21 04:20:51.912591|timerFactory-0x00007ed8bfdff640|[RPC][WS][SERVICE]connected nodes,count=0
info|2025-12-21 04:20:54.016534|ioService-0x00007ed8d3dff640|[P2PService][Service][METRIC]heartBeat,connected count=3
info|2025-12-21 04:20:58.986120|objMonitor-0x00007ed8ae7ff640|[startMonitor][AliveObjectMonitor],AliveObjectAllocStat=[ type: bcos::gateway::Socket ,created: 19 ,destroyed: 15 ,alive: 4 ] 
info|2025-12-21 04:21:01.912654|timerFactory-0x00007ed8bfdff640|[RPC][WS][SERVICE]connected nodes,count=0
info|2025-12-21 04:21:04.016575|ioService-0x00007ed8d3dff640|[P2PService][Service][METRIC]heartBeat,connected count=3
info|2025-12-21 04:21:11.912748|timerFactory-0x00007ed8bfdff640|[RPC][WS][SERVICE]connected nodes,count=0
info|2025-12-21 04:21:14.016621|ioService-0x00007ed8d3dff640|[P2PService][Service][METRIC]heartBeat,connected count=3
info|2025-12-21 04:21:21.912778|timerFactory-0x00007ed8bfdff640|[RPC][WS][SERVICE]connected nodes,count=0
info|2025-12-21 04:21:24.016683|ioService-0x00007ed8d3dff640|[P2PService][Service][METRIC]heartBeat,connected count=3
info|2025-12-21 04:21:31.912844|timerFactory-0x00007ed8bfdff640|[RPC][WS][SERVICE]connected nodes,count=0
info|2025-12-21 04:21:34.016778|ioService-0x00007ed8d3dff640|[P2PService][Service][METRIC]heartBeat,connected count=3
info|2025-12-21 04:21:41.912936|timerFactory-0x00007ed8bfdff640|[RPC][WS][SERVICE]connected nodes,count=0
info|2025-12-21 04:21:44.016854|ioService-0x00007ed8d3dff640|[P2PService][Service][METRIC]heartBeat,connected count=3
info|2025-12-21 04:21:51.913038|timerFactory-0x00007ed8bfdff640|[RPC][WS][SERVICE]connected nodes,count=0
info|2025-12-21 04:21:54.016914|ioService-0x00007ed8d3dff640|[P2PService][Service][METRIC]heartBeat,connected count=3
info|2025-12-21 04:21:58.986171|objMonitor-0x00007ed8ae7ff640|[startMonitor][AliveObjectMonitor],AliveObjectAllocStat=[ type: bcos::gateway::Socket ,created: 19 ,destroyed: 15 ,alive: 4 ] 
info|2025-12-21 04:22:01.913095|timerFactory-0x00007ed8bfdff640|[RPC][WS][SERVICE]connected nodes,count=0
info|2025-12-21 04:22:04.017029|ioService-0x00007ed8d3dff640|[P2PService][Service][METRIC]heartBeat,connected count=3
info|2025-12-21 04:22:11.913198|timerFactory-0x00007ed8bfdff640|[RPC][WS][SERVICE]connected nodes,count=0
info|2025-12-21 04:22:14.017053|ioService-0x00007ed8d3dff640|[P2PService][Service][METRIC]heartBeat,connected count=3
info|2025-12-21 04:22:21.913228|timerFactory-0x00007ed8bfdff640|[RPC][WS][SERVICE]connected nodes,count=0
info|2025-12-21 04:22:24.017117|ioService-0x00007ed8d3dff640|[P2PService][Service][METRIC]heartBeat,connected count=3
info|2025-12-21 04:22:31.913341|timerFactory-0x00007ed8bfdff640|[RPC][WS][SERVICE]connected nodes,count=0
info|2025-12-21 04:22:34.017155|ioService-0x00007ed8d3dff640|[P2PService][Service][METRIC]heartBeat,connected count=3
info|2025-12-21 04:22:41.913436|timerFactory-0x00007ed8bfdff640|[RPC][WS][SERVICE]connected nodes,count=0
info|2025-12-21 04:22:44.017229|ioService-0x00007ed8d3dff640|[P2PService][Service][METRIC]heartBeat,connected count=3
info|2025-12-21 04:22:51.913525|timerFactory-0x00007ed8bfdff640|[RPC][WS][SERVICE]connected nodes,count=0
info|2025-12-21 04:22:54.017309|ioService-0x00007ed8d3dff640|[P2PService][Service][METRIC]heartBeat,connected count=3
info|2025-12-21 04:22:58.986375|objMonitor-0x00007ed8ae7ff640|[startMonitor][AliveObjectMonitor],AliveObjectAllocStat=[ type: bcos::gateway::Socket ,created: 19 ,destroyed: 15 ,alive: 4 ] 
info|2025-12-21 04:23:01.913613|timerFactory-0x00007ed8bfdff640|[RPC][WS][SERVICE]connected nodes,count=0
info|2025-12-21 04:23:04.017392|ioService-0x00007ed8d3dff640|[P2PService][Service][METRIC]heartBeat,connected count=3
info|2025-12-21 04:23:11.913717|timerFactory-0x00007ed8bfdff640|[RPC][WS][SERVICE]connected nodes,count=0
info|2025-12-21 04:23:14.017420|ioService-0x00007ed8d3dff640|[P2PService][Service][METRIC]heartBeat,connected count=3
info|2025-12-21 04:23:21.913777|timerFactory-0x00007ed8bfdff640|[RPC][WS][SERVICE]connected nodes,count=0
info|2025-12-21 04:23:24.017449|ioService-0x00007ed8d3dff640|[P2PService][Service][METRIC]heartBeat,connected count=3
info|2025-12-21 04:23:31.913809|timerFactory-0x00007ed8bfdff640|[RPC][WS][SERVICE]connected nodes,count=0
info|2025-12-21 04:23:34.017473|ioService-0x00007ed8d3dff640|[P2PService][Service][METRIC]heartBeat,connected count=3
info|2025-12-21 04:23:41.913838|timerFactory-0x00007ed8bfdff640|[RPC][WS][SERVICE]connected nodes,count=0
info|2025-12-21 04:23:44.017505|ioService-0x00007ed8d3dff640|[P2PService][Service][METRIC]heartBeat,connected count=3
info|2025-12-21 04:23:51.913920|timerFactory-0x00007ed8bfdff640|[RPC][WS][SERVICE]connected nodes,count=0
info|2025-12-21 04:23:54.017657|ioService-0x00007ed8d3dff640|[P2PService][Service][METRIC]heartBeat,connected count=3
info|2025-12-21 04:23:58.986506|objMonitor-0x00007ed8ae7ff640|[startMonitor][AliveObjectMonitor],AliveObjectAllocStat=[ type: bcos::gateway::Socket ,created: 19 ,destroyed: 15 ,alive: 4 ] 
info|2025-12-21 04:24:01.914024|timerFactory-0x00007ed8bfdff640|[RPC][WS][SERVICE]connected nodes,count=0
info|2025-12-21 04:24:04.017755|ioService-0x00007ed8d3dff640|[P2PService][Service][METRIC]heartBeat,connected count=3
info|2025-12-21 04:24:11.914050|timerFactory-0x00007ed8bfdff640|[RPC][WS][SERVICE]connected nodes,count=0
info|2025-12-21 04:24:14.017854|ioService-0x00007ed8d3dff640|[P2PService][Service][METRIC]heartBeat,connected count=3
info|2025-12-21 04:24:21.914140|timerFactory-0x00007ed8bfdff640|[RPC][WS][SERVICE]connected nodes,count=0
info|2025-12-21 04:24:24.017969|ioService-0x00007ed8d3dff640|[P2PService][Service][METRIC]heartBeat,connected count=3
info|2025-12-21 04:24:31.914226|timerFactory-0x00007ed8bfdff640|[RPC][WS][SERVICE]connected nodes,count=0
info|2025-12-21 04:24:34.018057|ioService-0x00007ed8d3dff640|[P2PService][Service][METRIC]heartBeat,connected count=3
info|2025-12-21 04:24:41.914246|timerFactory-0x00007ed8bfdff640|[RPC][WS][SERVICE]connected nodes,count=0
info|2025-12-21 04:24:44.018131|ioService-0x00007ed8d3dff640|[P2PService][Service][METRIC]heartBeat,connected count=3
info|2025-12-21 04:24:51.914295|timerFactory-0x00007ed8bfdff640|[RPC][WS][SERVICE]connected nodes,count=0
info|2025-12-21 04:24:54.018159|ioService-0x00007ed8d3dff640|[P2PService][Service][METRIC]heartBeat,connected count=3
info|2025-12-21 04:24:58.986642|objMonitor-0x00007ed8ae7ff640|[startMonitor][AliveObjectMonitor],AliveObjectAllocStat=[ type: bcos::gateway::Socket ,created: 19 ,destroyed: 15 ,alive: 4 ] 
info|2025-12-21 04:25:01.914312|timerFactory-0x00007ed8bfdff640|[RPC][WS][SERVICE]connected nodes,count=0
info|2025-12-21 04:25:04.018229|ioService-0x00007ed8d3dff640|[P2PService][Service][METRIC]heartBeat,connected count=3
info|2025-12-21 04:25:11.914327|timerFactory-0x00007ed8bfdff640|[RPC][WS][SERVICE]connected nodes,count=0
info|2025-12-21 04:25:14.018371|ioService-0x00007ed8d3dff640|[P2PService][Service][METRIC]heartBeat,connected count=3
info|2025-12-21 04:25:21.914350|timerFactory-0x00007ed8bfdff640|[RPC][WS][SERVICE]connected nodes,count=0
info|2025-12-21 04:25:24.018395|ioService-0x00007ed8d3dff640|[P2PService][Service][METRIC]heartBeat,connected count=3
info|2025-12-21 04:25:31.914369|timerFactory-0x00007ed8bfdff640|[RPC][WS][SERVICE]connected nodes,count=0
info|2025-12-21 04:25:34.018419|ioService-0x00007ed8d3dff640|[P2PService][Service][METRIC]heartBeat,connected count=3
info|2025-12-21 04:25:41.914383|timerFactory-0x00007ed8bfdff640|[RPC][WS][SERVICE]connected nodes,count=0
info|2025-12-21 04:25:44.018493|ioService-0x00007ed8d3dff640|[P2PService][Service][METRIC]heartBeat,connected count=3
info|2025-12-21 04:25:51.914399|timerFactory-0x00007ed8bfdff640|[RPC][WS][SERVICE]connected nodes,count=0
info|2025-12-21 04:25:54.018528|ioService-0x00007ed8d3dff640|[P2PService][Service][METRIC]heartBeat,connected count=3
info|2025-12-21 04:25:58.986693|objMonitor-0x00007ed8ae7ff640|[startMonitor][AliveObjectMonitor],AliveObjectAllocStat=[ type: bcos::gateway::Socket ,created: 19 ,destroyed: 15 ,alive: 4 ] 
info|2025-12-21 04:26:01.914413|timerFactory-0x00007ed8bfdff640|[RPC][WS][SERVICE]connected nodes,count=0
info|2025-12-21 04:26:04.018591|ioService-0x00007ed8d3dff640|[P2PService][Service][METRIC]heartBeat,connected count=3
info|2025-12-21 04:26:11.914428|timerFactory-0x00007ed8bfdff640|[RPC][WS][SERVICE]connected nodes,count=0
info|2025-12-21 04:26:14.018668|ioService-0x00007ed8d3dff640|[P2PService][Service][METRIC]heartBeat,connected count=3
info|2025-12-21 04:26:21.914441|timerFactory-0x00007ed8bfdff640|[RPC][WS][SERVICE]connected nodes,count=0
info|2025-12-21 04:26:24.018689|ioService-0x00007ed8d3dff640|[P2PService][Service][METRIC]heartBeat,connected count=3
info|2025-12-21 04:26:31.914458|timerFactory-0x00007ed8bfdff640|[RPC][WS][SERVICE]connected nodes,count=0
info|2025-12-21 04:26:34.018751|ioService-0x00007ed8d3dff640|[P2PService][Service][METRIC]heartBeat,connected count=3
info|2025-12-21 04:26:41.914473|timerFactory-0x00007ed8bfdff640|[RPC][WS][SERVICE]connected nodes,count=0
info|2025-12-21 04:26:44.018780|ioService-0x00007ed8d3dff640|[P2PService][Service][METRIC]heartBeat,connected count=3
info|2025-12-21 04:26:51.914487|timerFactory-0x00007ed8bfdff640|[RPC][WS][SERVICE]connected nodes,count=0
info|2025-12-21 04:26:54.018845|ioService-0x00007ed8d3dff640|[P2PService][Service][METRIC]heartBeat,connected count=3
info|2025-12-21 04:26:58.986746|objMonitor-0x00007ed8ae7ff640|[startMonitor][AliveObjectMonitor],AliveObjectAllocStat=[ type: bcos::gateway::Socket ,created: 19 ,destroyed: 15 ,alive: 4 ] 
info|2025-12-21 04:27:01.914501|timerFactory-0x00007ed8bfdff640|[RPC][WS][SERVICE]connected nodes,count=0
info|2025-12-21 04:27:04.018935|ioService-0x00007ed8d3dff640|[P2PService][Service][METRIC]heartBeat,connected count=3
info|2025-12-21 04:27:11.914514|timerFactory-0x00007ed8bfdff640|[RPC][WS][SERVICE]connected nodes,count=0
info|2025-12-21 04:27:14.018966|ioService-0x00007ed8d3dff640|[P2PService][Service][METRIC]heartBeat,connected count=3
info|2025-12-21 04:27:21.914531|timerFactory-0x00007ed8bfdff640|[RPC][WS][SERVICE]connected nodes,count=0
info|2025-12-21 04:27:24.019031|ioService-0x00007ed8d3dff640|[P2PService][Service][METRIC]heartBeat,connected count=3
info|2025-12-21 04:27:31.914567|timerFactory-0x00007ed8bfdff640|[RPC][WS][SERVICE]connected nodes,count=0
info|2025-12-21 04:27:34.019108|ioService-0x00007ed8d3dff640|[P2PService][Service][METRIC]heartBeat,connected count=3
info|2025-12-21 04:27:41.914602|timerFactory-0x00007ed8bfdff640|[RPC][WS][SERVICE]connected nodes,count=0
info|2025-12-21 04:27:44.019293|ioService-0x00007ed8d3dff640|[P2PService][Service][METRIC]heartBeat,connected count=3
info|2025-12-21 04:27:51.914619|timerFactory-0x00007ed8bfdff640|[RPC][WS][SERVICE]connected nodes,count=0
info|2025-12-21 04:27:54.019407|ioService-0x00007ed8d3dff640|[P2PService][Service][METRIC]heartBeat,connected count=3
info|2025-12-21 04:27:58.986788|objMonitor-0x00007ed8ae7ff640|[startMonitor][AliveObjectMonitor],AliveObjectAllocStat=[ type: bcos::gateway::Socket ,created: 19 ,destroyed: 15 ,alive: 4 ] 
info|2025-12-21 04:28:01.914632|timerFactory-0x00007ed8bfdff640|[RPC][WS][SERVICE]connected nodes,count=0
info|2025-12-21 04:28:04.019432|ioService-0x00007ed8d3dff640|[P2PService][Service][METRIC]heartBeat,connected count=3
info|2025-12-21 04:28:11.914675|timerFactory-0x00007ed8bfdff640|[RPC][WS][SERVICE]connected nodes,count=0
info|2025-12-21 04:28:14.019452|ioService-0x00007ed8d3dff640|[P2PService][Service][METRIC]heartBeat,connected count=3
info|2025-12-21 04:28:21.914710|timerFactory-0x00007ed8bfdff640|[RPC][WS][SERVICE]connected nodes,count=0
info|2025-12-21 04:28:24.019475|ioService-0x00007ed8d3dff640|[P2PService][Service][METRIC]heartBeat,connected count=3
info|2025-12-21 04:28:31.914726|timerFactory-0x00007ed8bfdff640|[RPC][WS][SERVICE]connected nodes,count=0
info|2025-12-21 04:28:34.019546|ioService-0x00007ed8d3dff640|[P2PService][Service][METRIC]heartBeat,connected count=3
info|2025-12-21 04:28:41.914744|timerFactory-0x00007ed8bfdff640|[RPC][WS][SERVICE]connected nodes,count=0
info|2025-12-21 04:28:44.019701|ioService-0x00007ed8d3dff640|[P2PService][Service][METRIC]heartBeat,connected count=3
info|2025-12-21 04:28:51.914758|timerFactory-0x00007ed8bfdff640|[RPC][WS][SERVICE]connected nodes,count=0
info|2025-12-21 04:28:54.019763|ioService-0x00007ed8d3dff640|[P2PService][Service][METRIC]heartBeat,connected count=3
info|2025-12-21 04:28:58.986835|objMonitor-0x00007ed8ae7ff640|[startMonitor][AliveObjectMonitor],AliveObjectAllocStat=[ type: bcos::gateway::Socket ,created: 19 ,destroyed: 15 ,alive: 4 ] 
info|2025-12-21 04:29:01.914771|timerFactory-0x00007ed8bfdff640|[RPC][WS][SERVICE]connected nodes,count=0
info|2025-12-21 04:29:04.019783|ioService-0x00007ed8d3dff640|[P2PService][Service][METRIC]heartBeat,connected count=3
info|2025-12-21 04:29:11.914785|timerFactory-0x00007ed8bfdff640|[RPC][WS][SERVICE]connected nodes,count=0
info|2025-12-21 04:29:14.019884|ioService-0x00007ed8d3dff640|[P2PService][Service][METRIC]heartBeat,connected count=3
info|2025-12-21 04:29:21.914799|timerFactory-0x00007ed8bfdff640|[RPC][WS][SERVICE]connected nodes,count=0
info|2025-12-21 04:29:24.019915|ioService-0x00007ed8d3dff640|[P2PService][Service][METRIC]heartBeat,connected count=3
info|2025-12-21 04:29:31.914813|timerFactory-0x00007ed8bfdff640|[RPC][WS][SERVICE]connected nodes,count=0
info|2025-12-21 04:29:34.019940|ioService-0x00007ed8d3dff640|[P2PService][Service][METRIC]heartBeat,connected count=3
info|2025-12-21 04:29:41.914828|timerFactory-0x00007ed8bfdff640|[RPC][WS][SERVICE]connected nodes,count=0
info|2025-12-21 04:29:44.019971|ioService-0x00007ed8d3dff640|[P2PService][Service][METRIC]heartBeat,connected count=3
info|2025-12-21 04:29:51.914848|timerFactory-0x00007ed8bfdff640|[RPC][WS][SERVICE]connected nodes,count=0
info|2025-12-21 04:29:54.020002|ioService-0x00007ed8d3dff640|[P2PService][Service][METRIC]heartBeat,connected count=3
info|2025-12-21 04:29:58.986876|objMonitor-0x00007ed8ae7ff640|[startMonitor][AliveObjectMonitor],AliveObjectAllocStat=[ type: bcos::gateway::Socket ,created: 19 ,destroyed: 15 ,alive: 4 ] 
info|2025-12-21 04:30:01.914863|timerFactory-0x00007ed8bfdff640|[RPC][WS][SERVICE]connected nodes,count=0
info|2025-12-21 04:30:04.020034|ioService-0x00007ed8d3dff640|[P2PService][Service][METRIC]heartBeat,connected count=3
info|2025-12-21 04:30:11.914879|timerFactory-0x00007ed8bfdff640|[RPC][WS][SERVICE]connected nodes,count=0
info|2025-12-21 04:30:14.020103|ioService-0x00007ed8d3dff640|[P2PService][Service][METRIC]heartBeat,connected count=3
info|2025-12-21 04:30:21.914896|timerFactory-0x00007ed8bfdff640|[RPC][WS][SERVICE]connected nodes,count=0
info|2025-12-21 04:30:24.020175|ioService-0x00007ed8d3dff640|[P2PService][Service][METRIC]heartBeat,connected count=3
info|2025-12-21 04:30:31.914909|timerFactory-0x00007ed8bfdff640|[RPC][WS][SERVICE]connected nodes,count=0
info|2025-12-21 04:30:34.020232|ioService-0x00007ed8d3dff640|[P2PService][Service][METRIC]heartBeat,connected count=3
info|2025-12-21 04:30:41.914924|timerFactory-0x00007ed8bfdff640|[RPC][WS][SERVICE]connected nodes,count=0
info|2025-12-21 04:30:44.020298|ioService-0x00007ed8d3dff640|[P2PService][Service][METRIC]heartBeat,connected count=3
info|2025-12-21 04:30:51.914985|timerFactory-0x00007ed8bfdff640|[RPC][WS][SERVICE]connected nodes,count=0
info|2025-12-21 04:30:54.020387|ioService-0x00007ed8d3dff640|[P2PService][Service][METRIC]heartBeat,connected count=3
info|2025-12-21 04:30:58.987041|objMonitor-0x00007ed8ae7ff640|[startMonitor][AliveObjectMonitor],AliveObjectAllocStat=[ type: bcos::gateway::Socket ,created: 19 ,destroyed: 15 ,alive: 4 ] 
info|2025-12-21 04:31:01.915009|timerFactory-0x00007ed8bfdff640|[RPC][WS][SERVICE]connected nodes,count=0
info|2025-12-21 04:31:04.020432|ioService-0x00007ed8d3dff640|[P2PService][Service][METRIC]heartBeat,connected count=3
info|2025-12-21 04:31:11.915029|timerFactory-0x00007ed8bfdff640|[RPC][WS][SERVICE]connected nodes,count=0
info|2025-12-21 04:31:14.020456|ioService-0x00007ed8d3dff640|[P2PService][Service][METRIC]heartBeat,connected count=3
info|2025-12-21 04:31:21.915045|timerFactory-0x00007ed8bfdff640|[RPC][WS][SERVICE]connected nodes,count=0
info|2025-12-21 04:31:24.020572|ioService-0x00007ed8d3dff640|[P2PService][Service][METRIC]heartBeat,connected count=3
info|2025-12-21 04:31:31.915066|timerFactory-0x00007ed8bfdff640|[RPC][WS][SERVICE]connected nodes,count=0
info|2025-12-21 04:31:34.020665|ioService-0x00007ed8d3dff640|[P2PService][Service][METRIC]heartBeat,connected count=3
info|2025-12-21 04:31:41.915117|timerFactory-0x00007ed8bfdff640|[RPC][WS][SERVICE]connected nodes,count=0
info|2025-12-21 04:31:44.020763|ioService-0x00007ed8d3dff640|[P2PService][Service][METRIC]heartBeat,connected count=3
info|2025-12-21 04:31:51.915187|timerFactory-0x00007ed8bfdff640|[RPC][WS][SERVICE]connected nodes,count=0
info|2025-12-21 04:31:54.020889|ioService-0x00007ed8d3dff640|[P2PService][Service][METRIC]heartBeat,connected count=3
info|2025-12-21 04:31:58.987079|objMonitor-0x00007ed8ae7ff640|[startMonitor][AliveObjectMonitor],AliveObjectAllocStat=[ type: bcos::gateway::Socket ,created: 19 ,destroyed: 15 ,alive: 4 ] 
info|2025-12-21 04:32:01.915208|timerFactory-0x00007ed8bfdff640|[RPC][WS][SERVICE]connected nodes,count=0
info|2025-12-21 04:32:04.020939|ioService-0x00007ed8d3dff640|[P2PService][Service][METRIC]heartBeat,connected count=3
info|2025-12-21 04:32:11.915258|timerFactory-0x00007ed8bfdff640|[RPC][WS][SERVICE]connected nodes,count=0
info|2025-12-21 04:32:14.020968|ioService-0x00007ed8d3dff640|[P2PService][Service][METRIC]heartBeat,connected count=3
info|2025-12-21 04:32:21.915279|timerFactory-0x00007ed8bfdff640|[RPC][WS][SERVICE]connected nodes,count=0
info|2025-12-21 04:32:24.020997|ioService-0x00007ed8d3dff640|[P2PService][Service][METRIC]heartBeat,connected count=3
info|2025-12-21 04:32:31.915318|timerFactory-0x00007ed8bfdff640|[RPC][WS][SERVICE]connected nodes,count=0
info|2025-12-21 04:32:34.021022|ioService-0x00007ed8d3dff640|[P2PService][Service][METRIC]heartBeat,connected count=3
info|2025-12-21 04:32:41.915341|timerFactory-0x00007ed8bfdff640|[RPC][WS][SERVICE]connected nodes,count=0
info|2025-12-21 04:32:44.021084|ioService-0x00007ed8d3dff640|[P2PService][Service][METRIC]heartBeat,connected count=3
info|2025-12-21 04:32:51.915391|timerFactory-0x00007ed8bfdff640|[RPC][WS][SERVICE]connected nodes,count=0
info|2025-12-21 04:32:54.021115|ioService-0x00007ed8d3dff640|[P2PService][Service][METRIC]heartBeat,connected count=3
info|2025-12-21 04:32:58.987115|objMonitor-0x00007ed8ae7ff640|[startMonitor][AliveObjectMonitor],AliveObjectAllocStat=[ type: bcos::gateway::Socket ,created: 19 ,destroyed: 15 ,alive: 4 ] 
info|2025-12-21 04:33:01.915415|timerFactory-0x00007ed8bfdff640|[RPC][WS][SERVICE]connected nodes,count=0
info|2025-12-21 04:33:04.021254|ioService-0x00007ed8d3dff640|[P2PService][Service][METRIC]heartBeat,connected count=3
info|2025-12-21 04:33:11.915441|timerFactory-0x00007ed8bfdff640|[RPC][WS][SERVICE]connected nodes,count=0
info|2025-12-21 04:33:14.021364|ioService-0x00007ed8d3dff640|[P2PService][Service][METRIC]heartBeat,connected count=3
info|2025-12-21 04:33:21.915464|timerFactory-0x00007ed8bfdff640|[RPC][WS][SERVICE]connected nodes,count=0
info|2025-12-21 04:33:24.021390|ioService-0x00007ed8d3dff640|[P2PService][Service][METRIC]heartBeat,connected count=3
info|2025-12-21 04:33:31.915523|timerFactory-0x00007ed8bfdff640|[RPC][WS][SERVICE]connected nodes,count=0
info|2025-12-21 04:33:34.021417|ioService-0x00007ed8d3dff640|[P2PService][Service][METRIC]heartBeat,connected count=3
info|2025-12-21 04:33:41.915616|timerFactory-0x00007ed8bfdff640|[RPC][WS][SERVICE]connected nodes,count=0
info|2025-12-21 04:33:44.021442|ioService-0x00007ed8d3dff640|[P2PService][Service][METRIC]heartBeat,connected count=3
info|2025-12-21 04:33:51.915676|timerFactory-0x00007ed8bfdff640|[RPC][WS][SERVICE]connected nodes,count=0
info|2025-12-21 04:33:54.021463|ioService-0x00007ed8d3dff640|[P2PService][Service][METRIC]heartBeat,connected count=3
info|2025-12-21 04:33:58.987207|objMonitor-0x00007ed8ae7ff640|[startMonitor][AliveObjectMonitor],AliveObjectAllocStat=[ type: bcos::gateway::Socket ,created: 19 ,destroyed: 15 ,alive: 4 ] 
info|2025-12-21 04:34:01.915743|timerFactory-0x00007ed8bfdff640|[RPC][WS][SERVICE]connected nodes,count=0
info|2025-12-21 04:34:04.021486|ioService-0x00007ed8d3dff640|[P2PService][Service][METRIC]heartBeat,connected count=3
info|2025-12-21 04:34:11.915809|timerFactory-0x00007ed8bfdff640|[RPC][WS][SERVICE]connected nodes,count=0
info|2025-12-21 04:34:14.021613|ioService-0x00007ed8d3dff640|[P2PService][Service][METRIC]heartBeat,connected count=3
info|2025-12-21 04:34:21.915839|timerFactory-0x00007ed8bfdff640|[RPC][WS][SERVICE]connected nodes,count=0
info|2025-12-21 04:34:24.021648|ioService-0x00007ed8d3dff640|[P2PService][Service][METRIC]heartBeat,connected count=3
info|2025-12-21 04:34:31.915898|timerFactory-0x00007ed8bfdff640|[RPC][WS][SERVICE]connected nodes,count=0
info|2025-12-21 04:34:34.021739|ioService-0x00007ed8d3dff640|[P2PService][Service][METRIC]heartBeat,connected count=3
info|2025-12-21 04:34:41.916025|timerFactory-0x00007ed8bfdff640|[RPC][WS][SERVICE]connected nodes,count=0
info|2025-12-21 04:34:44.021804|ioService-0x00007ed8d3dff640|[P2PService][Service][METRIC]heartBeat,connected count=3
info|2025-12-21 04:34:51.916048|timerFactory-0x00007ed8bfdff640|[RPC][WS][SERVICE]connected nodes,count=0
info|2025-12-21 04:34:54.021864|ioService-0x00007ed8d3dff640|[P2PService][Service][METRIC]heartBeat,connected count=3
info|2025-12-21 04:34:58.987300|objMonitor-0x00007ed8ae7ff640|[startMonitor][AliveObjectMonitor],AliveObjectAllocStat=[ type: bcos::gateway::Socket ,created: 19 ,destroyed: 15 ,alive: 4 ] 
info|2025-12-21 04:35:01.916104|timerFactory-0x00007ed8bfdff640|[RPC][WS][SERVICE]connected nodes,count=0
info|2025-12-21 04:35:04.021897|ioService-0x00007ed8d3dff640|[P2PService][Service][METRIC]heartBeat,connected count=3
info|2025-12-21 04:35:11.916160|timerFactory-0x00007ed8bfdff640|[RPC][WS][SERVICE]connected nodes,count=0
info|2025-12-21 04:35:14.021927|ioService-0x00007ed8d3dff640|[P2PService][Service][METRIC]heartBeat,connected count=3
info|2025-12-21 04:35:21.916179|timerFactory-0x00007ed8bfdff640|[RPC][WS][SERVICE]connected nodes,count=0
info|2025-12-21 04:35:24.021954|ioService-0x00007ed8d3dff640|[P2PService][Service][METRIC]heartBeat,connected count=3
info|2025-12-21 04:35:31.916199|timerFactory-0x00007ed8bfdff640|[RPC][WS][SERVICE]connected nodes,count=0
info|2025-12-21 04:35:34.021973|ioService-0x00007ed8d3dff640|[P2PService][Service][METRIC]heartBeat,connected count=3
info|2025-12-21 04:35:41.916219|timerFactory-0x00007ed8bfdff640|[RPC][WS][SERVICE]connected nodes,count=0
info|2025-12-21 04:35:44.021996|ioService-0x00007ed8d3dff640|[P2PService][Service][METRIC]heartBeat,connected count=3
info|2025-12-21 04:35:51.916239|timerFactory-0x00007ed8bfdff640|[RPC][WS][SERVICE]connected nodes,count=0
info|2025-12-21 04:35:54.022033|ioService-0x00007ed8d3dff640|[P2PService][Service][METRIC]heartBeat,connected count=3
info|2025-12-21 04:35:58.987350|objMonitor-0x00007ed8ae7ff640|[startMonitor][AliveObjectMonitor],AliveObjectAllocStat=[ type: bcos::gateway::Socket ,created: 19 ,destroyed: 15 ,alive: 4 ] 
info|2025-12-21 04:36:01.916261|timerFactory-0x00007ed8bfdff640|[RPC][WS][SERVICE]connected nodes,count=0
info|2025-12-21 04:36:04.022079|ioService-0x00007ed8d3dff640|[P2PService][Service][METRIC]heartBeat,connected count=3
info|2025-12-21 04:36:11.916283|timerFactory-0x00007ed8bfdff640|[RPC][WS][SERVICE]connected nodes,count=0
info|2025-12-21 04:36:14.022180|ioService-0x00007ed8d3dff640|[P2PService][Service][METRIC]heartBeat,connected count=3
info|2025-12-21 04:36:21.916315|timerFactory-0x00007ed8bfdff640|[RPC][WS][SERVICE]connected nodes,count=0
info|2025-12-21 04:36:24.022246|ioService-0x00007ed8d3dff640|[P2PService][Service][METRIC]heartBeat,connected count=3
info|2025-12-21 04:36:31.916339|timerFactory-0x00007ed8bfdff640|[RPC][WS][SERVICE]connected nodes,count=0
info|2025-12-21 04:36:34.022276|ioService-0x00007ed8d3dff640|[P2PService][Service][METRIC]heartBeat,connected count=3
info|2025-12-21 04:36:41.916381|timerFactory-0x00007ed8bfdff640|[RPC][WS][SERVICE]connected nodes,count=0
info|2025-12-21 04:36:44.022366|ioService-0x00007ed8d3dff640|[P2PService][Service][METRIC]heartBeat,connected count=3
info|2025-12-21 04:36:51.916409|timerFactory-0x00007ed8bfdff640|[RPC][WS][SERVICE]connected nodes,count=0
info|2025-12-21 04:36:54.022439|ioService-0x00007ed8d3dff640|[P2PService][Service][METRIC]heartBeat,connected count=3
info|2025-12-21 04:36:58.987394|objMonitor-0x00007ed8ae7ff640|[startMonitor][AliveObjectMonitor],AliveObjectAllocStat=[ type: bcos::gateway::Socket ,created: 19 ,destroyed: 15 ,alive: 4 ] 
info|2025-12-21 04:37:01.916495|timerFactory-0x00007ed8bfdff640|[RPC][WS][SERVICE]connected nodes,count=0
info|2025-12-21 04:37:04.022513|ioService-0x00007ed8d3dff640|[P2PService][Service][METRIC]heartBeat,connected count=3
info|2025-12-21 04:37:11.916539|timerFactory-0x00007ed8bfdff640|[RPC][WS][SERVICE]connected nodes,count=0
info|2025-12-21 04:37:14.022542|ioService-0x00007ed8d3dff640|[P2PService][Service][METRIC]heartBeat,connected count=3
info|2025-12-21 04:37:21.916562|timerFactory-0x00007ed8bfdff640|[RPC][WS][SERVICE]connected nodes,count=0
info|2025-12-21 04:37:24.022607|ioService-0x00007ed8d3dff640|[P2PService][Service][METRIC]heartBeat,connected count=3
info|2025-12-21 04:37:31.916615|timerFactory-0x00007ed8bfdff640|[RPC][WS][SERVICE]connected nodes,count=0
info|2025-12-21 04:37:34.022752|ioService-0x00007ed8d3dff640|[P2PService][Service][METRIC]heartBeat,connected count=3
info|2025-12-21 04:37:41.916707|timerFactory-0x00007ed8bfdff640|[RPC][WS][SERVICE]connected nodes,count=0
info|2025-12-21 04:37:44.022990|ioService-0x00007ed8d3dff640|[P2PService][Service][METRIC]heartBeat,connected count=3
info|2025-12-21 04:37:51.916757|timerFactory-0x00007ed8bfdff640|[RPC][WS][SERVICE]connected nodes,count=0
info|2025-12-21 04:37:54.023022|ioService-0x00007ed8d3dff640|[P2PService][Service][METRIC]heartBeat,connected count=3
info|2025-12-21 04:37:58.987445|objMonitor-0x00007ed8ae7ff640|[startMonitor][AliveObjectMonitor],AliveObjectAllocStat=[ type: bcos::gateway::Socket ,created: 19 ,destroyed: 15 ,alive: 4 ] 
info|2025-12-21 04:38:01.916784|timerFactory-0x00007ed8bfdff640|[RPC][WS][SERVICE]connected nodes,count=0
info|2025-12-21 04:38:04.023085|ioService-0x00007ed8d3dff640|[P2PService][Service][METRIC]heartBeat,connected count=3
info|2025-12-21 04:38:11.916812|timerFactory-0x00007ed8bfdff640|[RPC][WS][SERVICE]connected nodes,count=0
info|2025-12-21 04:38:14.023222|ioService-0x00007ed8d3dff640|[P2PService][Service][METRIC]heartBeat,connected count=3
info|2025-12-21 04:38:21.916836|timerFactory-0x00007ed8bfdff640|[RPC][WS][SERVICE]connected nodes,count=0
info|2025-12-21 04:38:24.023249|ioService-0x00007ed8d3dff640|[P2PService][Service][METRIC]heartBeat,connected count=3
info|2025-12-21 04:38:31.916858|timerFactory-0x00007ed8bfdff640|[RPC][WS][SERVICE]connected nodes,count=0
info|2025-12-21 04:38:34.023373|ioService-0x00007ed8d3dff640|[P2PService][Service][METRIC]heartBeat,connected count=3
info|2025-12-21 04:38:41.916915|timerFactory-0x00007ed8bfdff640|[RPC][WS][SERVICE]connected nodes,count=0
info|2025-12-21 04:38:44.023451|ioService-0x00007ed8d3dff640|[P2PService][Service][METRIC]heartBeat,connected count=3
info|2025-12-21 04:38:51.916975|timerFactory-0x00007ed8bfdff640|[RPC][WS][SERVICE]connected nodes,count=0
info|2025-12-21 04:38:54.023509|ioService-0x00007ed8d3dff640|[P2PService][Service][METRIC]heartBeat,connected count=3
info|2025-12-21 04:38:58.987495|objMonitor-0x00007ed8ae7ff640|[startMonitor][AliveObjectMonitor],AliveObjectAllocStat=[ type: bcos::gateway::Socket ,created: 19 ,destroyed: 15 ,alive: 4 ] 
info|2025-12-21 04:39:01.917034|timerFactory-0x00007ed8bfdff640|[RPC][WS][SERVICE]connected nodes,count=0
info|2025-12-21 04:39:04.023540|ioService-0x00007ed8d3dff640|[P2PService][Service][METRIC]heartBeat,connected count=3
info|2025-12-21 04:39:11.917130|timerFactory-0x00007ed8bfdff640|[RPC][WS][SERVICE]connected nodes,count=0
info|2025-12-21 04:39:14.023611|ioService-0x00007ed8d3dff640|[P2PService][Service][METRIC]heartBeat,connected count=3
info|2025-12-21 04:39:21.917201|timerFactory-0x00007ed8bfdff640|[RPC][WS][SERVICE]connected nodes,count=0
info|2025-12-21 04:39:24.023640|ioService-0x00007ed8d3dff640|[P2PService][Service][METRIC]heartBeat,connected count=3
info|2025-12-21 04:39:31.917257|timerFactory-0x00007ed8bfdff640|[RPC][WS][SERVICE]connected nodes,count=0
info|2025-12-21 04:39:34.023699|ioService-0x00007ed8d3dff640|[P2PService][Service][METRIC]heartBeat,connected count=3
info|2025-12-21 04:39:41.917354|timerFactory-0x00007ed8bfdff640|[RPC][WS][SERVICE]connected nodes,count=0
info|2025-12-21 04:39:44.023752|ioService-0x00007ed8d3dff640|[P2PService][Service][METRIC]heartBeat,connected count=3
info|2025-12-21 04:39:51.917382|timerFactory-0x00007ed8bfdff640|[RPC][WS][SERVICE]connected nodes,count=0
info|2025-12-21 04:39:54.023772|ioService-0x00007ed8d3dff640|[P2PService][Service][METRIC]heartBeat,connected count=3
info|2025-12-21 04:39:58.987544|objMonitor-0x00007ed8ae7ff640|[startMonitor][AliveObjectMonitor],AliveObjectAllocStat=[ type: bcos::gateway::Socket ,created: 19 ,destroyed: 15 ,alive: 4 ] 
info|2025-12-21 04:40:01.917406|timerFactory-0x00007ed8bfdff640|[RPC][WS][SERVICE]connected nodes,count=0
info|2025-12-21 04:40:04.023834|ioService-0x00007ed8d3dff640|[P2PService][Service][METRIC]heartBeat,connected count=3
info|2025-12-21 04:40:11.917429|timerFactory-0x00007ed8bfdff640|[RPC][WS][SERVICE]connected nodes,count=0
info|2025-12-21 04:40:14.023938|ioService-0x00007ed8d3dff640|[P2PService][Service][METRIC]heartBeat,connected count=3
info|2025-12-21 04:40:21.917453|timerFactory-0x00007ed8bfdff640|[RPC][WS][SERVICE]connected nodes,count=0
info|2025-12-21 04:40:24.023971|ioService-0x00007ed8d3dff640|[P2PService][Service][METRIC]heartBeat,connected count=3
info|2025-12-21 04:40:31.917505|timerFactory-0x00007ed8bfdff640|[RPC][WS][SERVICE]connected nodes,count=0
info|2025-12-21 04:40:34.023992|ioService-0x00007ed8d3dff640|[P2PService][Service][METRIC]heartBeat,connected count=3
info|2025-12-21 04:40:41.917598|timerFactory-0x00007ed8bfdff640|[RPC][WS][SERVICE]connected nodes,count=0
info|2025-12-21 04:40:44.024011|ioService-0x00007ed8d3dff640|[P2PService][Service][METRIC]heartBeat,connected count=3
info|2025-12-21 04:40:51.917661|timerFactory-0x00007ed8bfdff640|[RPC][WS][SERVICE]connected nodes,count=0
info|2025-12-21 04:40:54.024036|ioService-0x00007ed8d3dff640|[P2PService][Service][METRIC]heartBeat,connected count=3
info|2025-12-21 04:40:58.987630|objMonitor-0x00007ed8ae7ff640|[startMonitor][AliveObjectMonitor],AliveObjectAllocStat=[ type: bcos::gateway::Socket ,created: 19 ,destroyed: 15 ,alive: 4 ] 
info|2025-12-21 04:41:01.917687|timerFactory-0x00007ed8bfdff640|[RPC][WS][SERVICE]connected nodes,count=0
info|2025-12-21 04:41:04.024122|ioService-0x00007ed8d3dff640|[P2PService][Service][METRIC]heartBeat,connected count=3
info|2025-12-21 04:41:11.917714|timerFactory-0x00007ed8bfdff640|[RPC][WS][SERVICE]connected nodes,count=0
info|2025-12-21 04:41:14.024144|ioService-0x00007ed8d3dff640|[P2PService][Service][METRIC]heartBeat,connected count=3
info|2025-12-21 04:41:21.917744|timerFactory-0x00007ed8bfdff640|[RPC][WS][SERVICE]connected nodes,count=0
info|2025-12-21 04:41:24.024185|ioService-0x00007ed8d3dff640|[P2PService][Service][METRIC]heartBeat,connected count=3
info|2025-12-21 04:41:31.917829|timerFactory-0x00007ed8bfdff640|[RPC][WS][SERVICE]connected nodes,count=0
info|2025-12-21 04:41:34.024338|ioService-0x00007ed8d3dff640|[P2PService][Service][METRIC]heartBeat,connected count=3
info|2025-12-21 04:41:41.917898|timerFactory-0x00007ed8bfdff640|[RPC][WS][SERVICE]connected nodes,count=0
info|2025-12-21 04:41:44.024361|ioService-0x00007ed8d3dff640|[P2PService][Service][METRIC]heartBeat,connected count=3
info|2025-12-21 04:41:51.917922|timerFactory-0x00007ed8bfdff640|[RPC][WS][SERVICE]connected nodes,count=0
info|2025-12-21 04:41:54.024448|ioService-0x00007ed8d3dff640|[P2PService][Service][METRIC]heartBeat,connected count=3
info|2025-12-21 04:41:58.987675|objMonitor-0x00007ed8ae7ff640|[startMonitor][AliveObjectMonitor],AliveObjectAllocStat=[ type: bcos::gateway::Socket ,created: 19 ,destroyed: 15 ,alive: 4 ] 
info|2025-12-21 04:42:01.917978|timerFactory-0x00007ed8bfdff640|[RPC][WS][SERVICE]connected nodes,count=0
info|2025-12-21 04:42:04.024565|ioService-0x00007ed8d3dff640|[P2PService][Service][METRIC]heartBeat,connected count=3
info|2025-12-21 04:42:11.918040|timerFactory-0x00007ed8bfdff640|[RPC][WS][SERVICE]connected nodes,count=0
info|2025-12-21 04:42:14.024595|ioService-0x00007ed8d3dff640|[P2PService][Service][METRIC]heartBeat,connected count=3
info|2025-12-21 04:42:21.918068|timerFactory-0x00007ed8bfdff640|[RPC][WS][SERVICE]connected nodes,count=0
info|2025-12-21 04:42:24.024623|ioService-0x00007ed8d3dff640|[P2PService][Service][METRIC]heartBeat,connected count=3
info|2025-12-21 04:42:31.918134|timerFactory-0x00007ed8bfdff640|[RPC][WS][SERVICE]connected nodes,count=0
info|2025-12-21 04:42:34.024683|ioService-0x00007ed8d3dff640|[P2PService][Service][METRIC]heartBeat,connected count=3
info|2025-12-21 04:42:41.918210|timerFactory-0x00007ed8bfdff640|[RPC][WS][SERVICE]connected nodes,count=0
info|2025-12-21 04:42:44.024859|ioService-0x00007ed8d3dff640|[P2PService][Service][METRIC]heartBeat,connected count=3
info|2025-12-21 04:42:51.918237|timerFactory-0x00007ed8bfdff640|[RPC][WS][SERVICE]connected nodes,count=0
info|2025-12-21 04:42:54.024925|ioService-0x00007ed8d3dff640|[P2PService][Service][METRIC]heartBeat,connected count=3
info|2025-12-21 04:42:58.987798|objMonitor-0x00007ed8ae7ff640|[startMonitor][AliveObjectMonitor],AliveObjectAllocStat=[ type: bcos::gateway::Socket ,created: 19 ,destroyed: 15 ,alive: 4 ] 
info|2025-12-21 04:43:01.918347|timerFactory-0x00007ed8bfdff640|[RPC][WS][SERVICE]connected nodes,count=0
info|2025-12-21 04:43:04.025030|ioService-0x00007ed8d3dff640|[P2PService][Service][METRIC]heartBeat,connected count=3
info|2025-12-21 04:43:11.918371|timerFactory-0x00007ed8bfdff640|[RPC][WS][SERVICE]connected nodes,count=0
info|2025-12-21 04:43:14.025138|ioService-0x00007ed8d3dff640|[P2PService][Service][METRIC]heartBeat,connected count=3
info|2025-12-21 04:43:21.918391|timerFactory-0x00007ed8bfdff640|[RPC][WS][SERVICE]connected nodes,count=0
info|2025-12-21 04:43:24.025178|ioService-0x00007ed8d3dff640|[P2PService][Service][METRIC]heartBeat,connected count=3
info|2025-12-21 04:43:31.918414|timerFactory-0x00007ed8bfdff640|[RPC][WS][SERVICE]connected nodes,count=0
info|2025-12-21 04:43:34.025271|ioService-0x00007ed8d3dff640|[P2PService][Service][METRIC]heartBeat,connected count=3
info|2025-12-21 04:43:41.918435|timerFactory-0x00007ed8bfdff640|[RPC][WS][SERVICE]connected nodes,count=0
info|2025-12-21 04:43:44.025307|ioService-0x00007ed8d3dff640|[P2PService][Service][METRIC]heartBeat,connected count=3
info|2025-12-21 04:43:51.918456|timerFactory-0x00007ed8bfdff640|[RPC][WS][SERVICE]connected nodes,count=0
info|2025-12-21 04:43:54.025337|ioService-0x00007ed8d3dff640|[P2PService][Service][METRIC]heartBeat,connected count=3
info|2025-12-21 04:43:58.987842|objMonitor-0x00007ed8ae7ff640|[startMonitor][AliveObjectMonitor],AliveObjectAllocStat=[ type: bcos::gateway::Socket ,created: 19 ,destroyed: 15 ,alive: 4 ] 
info|2025-12-21 04:44:01.918477|timerFactory-0x00007ed8bfdff640|[RPC][WS][SERVICE]connected nodes,count=0
info|2025-12-21 04:44:04.025424|ioService-0x00007ed8d3dff640|[P2PService][Service][METRIC]heartBeat,connected count=3
info|2025-12-21 04:44:11.918531|timerFactory-0x00007ed8bfdff640|[RPC][WS][SERVICE]connected nodes,count=0
info|2025-12-21 04:44:14.025644|ioService-0x00007ed8d3dff640|[P2PService][Service][METRIC]heartBeat,connected count=3
info|2025-12-21 04:44:21.918614|timerFactory-0x00007ed8bfdff640|[RPC][WS][SERVICE]connected nodes,count=0
info|2025-12-21 04:44:24.025727|ioService-0x00007ed8d3dff640|[P2PService][Service][METRIC]heartBeat,connected count=3
info|2025-12-21 04:44:31.918698|timerFactory-0x00007ed8bfdff640|[RPC][WS][SERVICE]connected nodes,count=0
info|2025-12-21 04:44:34.025828|ioService-0x00007ed8d3dff640|[P2PService][Service][METRIC]heartBeat,connected count=3
info|2025-12-21 04:44:41.918754|timerFactory-0x00007ed8bfdff640|[RPC][WS][SERVICE]connected nodes,count=0
info|2025-12-21 04:44:44.025958|ioService-0x00007ed8d3dff640|[P2PService][Service][METRIC]heartBeat,connected count=3
info|2025-12-21 04:44:51.918779|timerFactory-0x00007ed8bfdff640|[RPC][WS][SERVICE]connected nodes,count=0
info|2025-12-21 04:44:54.026041|ioService-0x00007ed8d3dff640|[P2PService][Service][METRIC]heartBeat,connected count=3
info|2025-12-21 04:44:58.987886|objMonitor-0x00007ed8ae7ff640|[startMonitor][AliveObjectMonitor],AliveObjectAllocStat=[ type: bcos::gateway::Socket ,created: 19 ,destroyed: 15 ,alive: 4 ] 
info|2025-12-21 04:45:01.918801|timerFactory-0x00007ed8bfdff640|[RPC][WS][SERVICE]connected nodes,count=0
info|2025-12-21 04:45:04.026095|ioService-0x00007ed8d3dff640|[P2PService][Service][METRIC]heartBeat,connected count=3
info|2025-12-21 04:45:11.918867|timerFactory-0x00007ed8bfdff640|[RPC][WS][SERVICE]connected nodes,count=0
info|2025-12-21 04:45:14.026177|ioService-0x00007ed8d3dff640|[P2PService][Service][METRIC]heartBeat,connected count=3
info|2025-12-21 04:45:21.918895|timerFactory-0x00007ed8bfdff640|[RPC][WS][SERVICE]connected nodes,count=0
info|2025-12-21 04:45:24.026208|ioService-0x00007ed8d3dff640|[P2PService][Service][METRIC]heartBeat,connected count=3
info|2025-12-21 04:45:31.918927|timerFactory-0x00007ed8bfdff640|[RPC][WS][SERVICE]connected nodes,count=0
info|2025-12-21 04:45:34.026276|ioService-0x00007ed8d3dff640|[P2PService][Service][METRIC]heartBeat,connected count=3
info|2025-12-21 04:45:41.918955|timerFactory-0x00007ed8bfdff640|[RPC][WS][SERVICE]connected nodes,count=0
info|2025-12-21 04:45:44.026323|ioService-0x00007ed8d3dff640|[P2PService][Service][METRIC]heartBeat,connected count=3
info|2025-12-21 04:45:51.918985|timerFactory-0x00007ed8bfdff640|[RPC][WS][SERVICE]connected nodes,count=0
info|2025-12-21 04:45:54.026400|ioService-0x00007ed8d3dff640|[P2PService][Service][METRIC]heartBeat,connected count=3
info|2025-12-21 04:45:58.987931|objMonitor-0x00007ed8ae7ff640|[startMonitor][AliveObjectMonitor],AliveObjectAllocStat=[ type: bcos::gateway::Socket ,created: 19 ,destroyed: 15 ,alive: 4 ] [ type: bcos::gateway::ResponseCallback ,created: 13610041 ,destroyed: 13610037 ,alive: 4 ] 
info|2025-12-21 04:46:01.919015|timerFactory-0x00007ed8bfdff640|[RPC][WS][SERVICE]connected nodes,count=0
info|2025-12-21 04:46:04.026427|ioService-0x00007ed8d3dff640|[P2PService][Service][METRIC]heartBeat,connected count=3
info|2025-12-21 04:46:11.919044|timerFactory-0x00007ed8bfdff640|[RPC][WS][SERVICE]connected nodes,count=0
info|2025-12-21 04:46:14.026507|ioService-0x00007ed8d3dff640|[P2PService][Service][METRIC]heartBeat,connected count=3
info|2025-12-21 04:46:21.919110|timerFactory-0x00007ed8bfdff640|[RPC][WS][SERVICE]connected nodes,count=0
info|2025-12-21 04:46:24.026569|ioService-0x00007ed8d3dff640|[P2PService][Service][METRIC]heartBeat,connected count=3
info|2025-12-21 04:46:31.919193|timerFactory-0x00007ed8bfdff640|[RPC][WS][SERVICE]connected nodes,count=0
info|2025-12-21 04:46:34.026623|ioService-0x00007ed8d3dff640|[P2PService][Service][METRIC]heartBeat,connected count=3
info|2025-12-21 04:46:41.919262|timerFactory-0x00007ed8bfdff640|[RPC][WS][SERVICE]connected nodes,count=0
info|2025-12-21 04:46:44.026663|ioService-0x00007ed8d3dff640|[P2PService][Service][METRIC]heartBeat,connected count=3
info|2025-12-21 04:46:51.919288|timerFactory-0x00007ed8bfdff640|[RPC][WS][SERVICE]connected nodes,count=0
info|2025-12-21 04:46:54.026719|ioService-0x00007ed8d3dff640|[P2PService][Service][METRIC]heartBeat,connected count=3
info|2025-12-21 04:46:58.987978|objMonitor-0x00007ed8ae7ff640|[startMonitor][AliveObjectMonitor],AliveObjectAllocStat=[ type: bcos::gateway::Socket ,created: 19 ,destroyed: 15 ,alive: 4 ] 
info|2025-12-21 04:47:01.919325|timerFactory-0x00007ed8bfdff640|[RPC][WS][SERVICE]connected nodes,count=0
info|2025-12-21 04:47:04.026807|ioService-0x00007ed8d3dff640|[P2PService][Service][METRIC]heartBeat,connected count=3
info|2025-12-21 04:47:11.919353|timerFactory-0x00007ed8bfdff640|[RPC][WS][SERVICE]connected nodes,count=0
info|2025-12-21 04:47:14.026922|ioService-0x00007ed8d3dff640|[P2PService][Service][METRIC]heartBeat,connected count=3
info|2025-12-21 04:47:21.919382|timerFactory-0x00007ed8bfdff640|[RPC][WS][SERVICE]connected nodes,count=0
info|2025-12-21 04:47:24.026993|ioService-0x00007ed8d3dff640|[P2PService][Service][METRIC]heartBeat,connected count=3
info|2025-12-21 04:47:31.919452|timerFactory-0x00007ed8bfdff640|[RPC][WS][SERVICE]connected nodes,count=0
info|2025-12-21 04:47:34.027107|ioService-0x00007ed8d3dff640|[P2PService][Service][METRIC]heartBeat,connected count=3
info|2025-12-21 04:47:41.919479|timerFactory-0x00007ed8bfdff640|[RPC][WS][SERVICE]connected nodes,count=0
info|2025-12-21 04:47:44.027245|ioService-0x00007ed8d3dff640|[P2PService][Service][METRIC]heartBeat,connected count=3
info|2025-12-21 04:47:51.919506|timerFactory-0x00007ed8bfdff640|[RPC][WS][SERVICE]connected nodes,count=0
info|2025-12-21 04:47:54.027268|ioService-0x00007ed8d3dff640|[P2PService][Service][METRIC]heartBeat,connected count=3
info|2025-12-21 04:47:58.988028|objMonitor-0x00007ed8ae7ff640|[startMonitor][AliveObjectMonitor],AliveObjectAllocStat=[ type: bcos::gateway::Socket ,created: 19 ,destroyed: 15 ,alive: 4 ] 
info|2025-12-21 04:48:01.919535|timerFactory-0x00007ed8bfdff640|[RPC][WS][SERVICE]connected nodes,count=0
info|2025-12-21 04:48:04.027318|ioService-0x00007ed8d3dff640|[P2PService][Service][METRIC]heartBeat,connected count=3
info|2025-12-21 04:48:11.919566|timerFactory-0x00007ed8bfdff640|[RPC][WS][SERVICE]connected nodes,count=0
info|2025-12-21 04:48:14.027396|ioService-0x00007ed8d3dff640|[P2PService][Service][METRIC]heartBeat,connected count=3
info|2025-12-21 04:48:21.919598|timerFactory-0x00007ed8bfdff640|[RPC][WS][SERVICE]connected nodes,count=0
info|2025-12-21 04:48:24.027419|ioService-0x00007ed8d3dff640|[P2PService][Service][METRIC]heartBeat,connected count=3
info|2025-12-21 04:48:31.919628|timerFactory-0x00007ed8bfdff640|[RPC][WS][SERVICE]connected nodes,count=0
info|2025-12-21 04:48:34.027453|ioService-0x00007ed8d3dff640|[P2PService][Service][METRIC]heartBeat,connected count=3
info|2025-12-21 04:48:41.919662|timerFactory-0x00007ed8bfdff640|[RPC][WS][SERVICE]connected nodes,count=0
info|2025-12-21 04:48:44.027536|ioService-0x00007ed8d3dff640|[P2PService][Service][METRIC]heartBeat,connected count=3
info|2025-12-21 04:48:51.919734|timerFactory-0x00007ed8bfdff640|[RPC][WS][SERVICE]connected nodes,count=0
info|2025-12-21 04:48:54.027574|ioService-0x00007ed8d3dff640|[P2PService][Service][METRIC]heartBeat,connected count=3
info|2025-12-21 04:48:58.988074|objMonitor-0x00007ed8ae7ff640|[startMonitor][AliveObjectMonitor],AliveObjectAllocStat=[ type: bcos::gateway::Socket ,created: 19 ,destroyed: 15 ,alive: 4 ] 
info|2025-12-21 04:49:01.919770|timerFactory-0x00007ed8bfdff640|[RPC][WS][SERVICE]connected nodes,count=0
info|2025-12-21 04:49:04.027643|ioService-0x00007ed8d3dff640|[P2PService][Service][METRIC]heartBeat,connected count=3
info|2025-12-21 04:49:11.919849|timerFactory-0x00007ed8bfdff640|[RPC][WS][SERVICE]connected nodes,count=0
info|2025-12-21 04:49:14.027686|ioService-0x00007ed8d3dff640|[P2PService][Service][METRIC]heartBeat,connected count=3
info|2025-12-21 04:49:21.919879|timerFactory-0x00007ed8bfdff640|[RPC][WS][SERVICE]connected nodes,count=0
info|2025-12-21 04:49:24.027715|ioService-0x00007ed8d3dff640|[P2PService][Service][METRIC]heartBeat,connected count=3
info|2025-12-21 04:49:31.919950|timerFactory-0x00007ed8bfdff640|[RPC][WS][SERVICE]connected nodes,count=0
info|2025-12-21 04:49:34.027774|ioService-0x00007ed8d3dff640|[P2PService][Service][METRIC]heartBeat,connected count=3
info|2025-12-21 04:49:41.920074|timerFactory-0x00007ed8bfdff640|[RPC][WS][SERVICE]connected nodes,count=0
info|2025-12-21 04:49:44.027826|ioService-0x00007ed8d3dff640|[P2PService][Service][METRIC]heartBeat,connected count=3
info|2025-12-21 04:49:51.920174|timerFactory-0x00007ed8bfdff640|[RPC][WS][SERVICE]connected nodes,count=0
info|2025-12-21 04:49:54.027884|ioService-0x00007ed8d3dff640|[P2PService][Service][METRIC]heartBeat,connected count=3
info|2025-12-21 04:49:58.988179|objMonitor-0x00007ed8ae7ff640|[startMonitor][AliveObjectMonitor],AliveObjectAllocStat=[ type: bcos::gateway::Socket ,created: 19 ,destroyed: 15 ,alive: 4 ] [ type: bcos::gateway::ResponseCallback ,created: 13613638 ,destroyed: 13613634 ,alive: 4 ] 
info|2025-12-21 04:50:01.920205|timerFactory-0x00007ed8bfdff640|[RPC][WS][SERVICE]connected nodes,count=0
info|2025-12-21 04:50:04.027947|ioService-0x00007ed8d3dff640|[P2PService][Service][METRIC]heartBeat,connected count=3
info|2025-12-21 04:50:11.920296|timerFactory-0x00007ed8bfdff640|[RPC][WS][SERVICE]connected nodes,count=0
info|2025-12-21 04:50:14.028032|ioService-0x00007ed8d3dff640|[P2PService][Service][METRIC]heartBeat,connected count=3
info|2025-12-21 04:50:21.920354|timerFactory-0x00007ed8bfdff640|[RPC][WS][SERVICE]connected nodes,count=0
info|2025-12-21 04:50:24.028058|ioService-0x00007ed8d3dff640|[P2PService][Service][METRIC]heartBeat,connected count=3
info|2025-12-21 04:50:31.920428|timerFactory-0x00007ed8bfdff640|[RPC][WS][SERVICE]connected nodes,count=0
info|2025-12-21 04:50:34.028088|ioService-0x00007ed8d3dff640|[P2PService][Service][METRIC]heartBeat,connected count=3
info|2025-12-21 04:50:41.920510|timerFactory-0x00007ed8bfdff640|[RPC][WS][SERVICE]connected nodes,count=0
info|2025-12-21 04:50:44.028169|ioService-0x00007ed8d3dff640|[P2PService][Service][METRIC]heartBeat,connected count=3
info|2025-12-21 04:50:51.920575|timerFactory-0x00007ed8bfdff640|[RPC][WS][SERVICE]connected nodes,count=0
info|2025-12-21 04:50:54.028262|ioService-0x00007ed8d3dff640|[P2PService][Service][METRIC]heartBeat,connected count=3
info|2025-12-21 04:50:58.988261|objMonitor-0x00007ed8ae7ff640|[startMonitor][AliveObjectMonitor],AliveObjectAllocStat=[ type: bcos::gateway::Socket ,created: 19 ,destroyed: 15 ,alive: 4 ] 
info|2025-12-21 04:51:01.920633|timerFactory-0x00007ed8bfdff640|[RPC][WS][SERVICE]connected nodes,count=0
info|2025-12-21 04:51:04.028290|ioService-0x00007ed8d3dff640|[P2PService][Service][METRIC]heartBeat,connected count=3
info|2025-12-21 04:51:11.920698|timerFactory-0x00007ed8bfdff640|[RPC][WS][SERVICE]connected nodes,count=0
info|2025-12-21 04:51:14.028311|ioService-0x00007ed8d3dff640|[P2PService][Service][METRIC]heartBeat,connected count=3
info|2025-12-21 04:51:21.920723|timerFactory-0x00007ed8bfdff640|[RPC][WS][SERVICE]connected nodes,count=0
info|2025-12-21 04:51:24.028373|ioService-0x00007ed8d3dff640|[P2PService][Service][METRIC]heartBeat,connected count=3
info|2025-12-21 04:51:31.920752|timerFactory-0x00007ed8bfdff640|[RPC][WS][SERVICE]connected nodes,count=0
info|2025-12-21 04:51:34.028399|ioService-0x00007ed8d3dff640|[P2PService][Service][METRIC]heartBeat,connected count=3
info|2025-12-21 04:51:41.920779|timerFactory-0x00007ed8bfdff640|[RPC][WS][SERVICE]connected nodes,count=0
info|2025-12-21 04:51:44.028467|ioService-0x00007ed8d3dff640|[P2PService][Service][METRIC]heartBeat,connected count=3
info|2025-12-21 04:51:51.920803|timerFactory-0x00007ed8bfdff640|[RPC][WS][SERVICE]connected nodes,count=0
info|2025-12-21 04:51:54.028497|ioService-0x00007ed8d3dff640|[P2PService][Service][METRIC]heartBeat,connected count=3
info|2025-12-21 04:51:58.988348|objMonitor-0x00007ed8ae7ff640|[startMonitor][AliveObjectMonitor],AliveObjectAllocStat=[ type: bcos::gateway::Socket ,created: 19 ,destroyed: 15 ,alive: 4 ] 
info|2025-12-21 04:52:01.920878|timerFactory-0x00007ed8bfdff640|[RPC][WS][SERVICE]connected nodes,count=0
info|2025-12-21 04:52:04.028608|ioService-0x00007ed8d3dff640|[P2PService][Service][METRIC]heartBeat,connected count=3
info|2025-12-21 04:52:11.920902|timerFactory-0x00007ed8bfdff640|[RPC][WS][SERVICE]connected nodes,count=0
info|2025-12-21 04:52:14.028694|ioService-0x00007ed8d3dff640|[P2PService][Service][METRIC]heartBeat,connected count=3
info|2025-12-21 04:52:21.920964|timerFactory-0x00007ed8bfdff640|[RPC][WS][SERVICE]connected nodes,count=0
info|2025-12-21 04:52:24.028825|ioService-0x00007ed8d3dff640|[P2PService][Service][METRIC]heartBeat,connected count=3
info|2025-12-21 04:52:31.920990|timerFactory-0x00007ed8bfdff640|[RPC][WS][SERVICE]connected nodes,count=0
info|2025-12-21 04:52:34.028853|ioService-0x00007ed8d3dff640|[P2PService][Service][METRIC]heartBeat,connected count=3
info|2025-12-21 04:52:41.921017|timerFactory-0x00007ed8bfdff640|[RPC][WS][SERVICE]connected nodes,count=0
info|2025-12-21 04:52:44.028929|ioService-0x00007ed8d3dff640|[P2PService][Service][METRIC]heartBeat,connected count=3
info|2025-12-21 04:52:51.921045|timerFactory-0x00007ed8bfdff640|[RPC][WS][SERVICE]connected nodes,count=0
info|2025-12-21 04:52:54.028990|ioService-0x00007ed8d3dff640|[P2PService][Service][METRIC]heartBeat,connected count=3
info|2025-12-21 04:52:58.988387|objMonitor-0x00007ed8ae7ff640|[startMonitor][AliveObjectMonitor],AliveObjectAllocStat=[ type: bcos::gateway::Socket ,created: 19 ,destroyed: 15 ,alive: 4 ] 
info|2025-12-21 04:53:01.921104|timerFactory-0x00007ed8bfdff640|[RPC][WS][SERVICE]connected nodes,count=0
info|2025-12-21 04:53:04.029052|ioService-0x00007ed8d3dff640|[P2PService][Service][METRIC]heartBeat,connected count=3
info|2025-12-21 04:53:11.921132|timerFactory-0x00007ed8bfdff640|[RPC][WS][SERVICE]connected nodes,count=0
info|2025-12-21 04:53:14.029104|ioService-0x00007ed8d3dff640|[P2PService][Service][METRIC]heartBeat,connected count=3
info|2025-12-21 04:53:21.921159|timerFactory-0x00007ed8bfdff640|[RPC][WS][SERVICE]connected nodes,count=0
info|2025-12-21 04:53:24.029184|ioService-0x00007ed8d3dff640|[P2PService][Service][METRIC]heartBeat,connected count=3
info|2025-12-21 04:53:31.921186|timerFactory-0x00007ed8bfdff640|[RPC][WS][SERVICE]connected nodes,count=0
info|2025-12-21 04:53:34.029285|ioService-0x00007ed8d3dff640|[P2PService][Service][METRIC]heartBeat,connected count=3
info|2025-12-21 04:53:41.921268|timerFactory-0x00007ed8bfdff640|[RPC][WS][SERVICE]connected nodes,count=0
info|2025-12-21 04:53:44.029311|ioService-0x00007ed8d3dff640|[P2PService][Service][METRIC]heartBeat,connected count=3
info|2025-12-21 04:53:51.921296|timerFactory-0x00007ed8bfdff640|[RPC][WS][SERVICE]connected nodes,count=0
info|2025-12-21 04:53:54.029345|ioService-0x00007ed8d3dff640|[P2PService][Service][METRIC]heartBeat,connected count=3
info|2025-12-21 04:53:58.988424|objMonitor-0x00007ed8ae7ff640|[startMonitor][AliveObjectMonitor],AliveObjectAllocStat=[ type: bcos::gateway::Socket ,created: 19 ,destroyed: 15 ,alive: 4 ] 
info|2025-12-21 04:54:01.921362|timerFactory-0x00007ed8bfdff640|[RPC][WS][SERVICE]connected nodes,count=0
info|2025-12-21 04:54:04.029418|ioService-0x00007ed8d3dff640|[P2PService][Service][METRIC]heartBeat,connected count=3
info|2025-12-21 04:54:11.921389|timerFactory-0x00007ed8bfdff640|[RPC][WS][SERVICE]connected nodes,count=0
info|2025-12-21 04:54:14.029495|ioService-0x00007ed8d3dff640|[P2PService][Service][METRIC]heartBeat,connected count=3
info|2025-12-21 04:54:21.921419|timerFactory-0x00007ed8bfdff640|[RPC][WS][SERVICE]connected nodes,count=0
info|2025-12-21 04:54:24.029577|ioService-0x00007ed8d3dff640|[P2PService][Service][METRIC]heartBeat,connected count=3
info|2025-12-21 04:54:31.921448|timerFactory-0x00007ed8bfdff640|[RPC][WS][SERVICE]connected nodes,count=0
info|2025-12-21 04:54:34.029634|ioService-0x00007ed8d3dff640|[P2PService][Service][METRIC]heartBeat,connected count=3
info|2025-12-21 04:54:41.921476|timerFactory-0x00007ed8bfdff640|[RPC][WS][SERVICE]connected nodes,count=0
info|2025-12-21 04:54:44.029768|ioService-0x00007ed8d3dff640|[P2PService][Service][METRIC]heartBeat,connected count=3
info|2025-12-21 04:54:51.921509|timerFactory-0x00007ed8bfdff640|[RPC][WS][SERVICE]connected nodes,count=0
info|2025-12-21 04:54:54.029836|ioService-0x00007ed8d3dff640|[P2PService][Service][METRIC]heartBeat,connected count=3
info|2025-12-21 04:54:58.988537|objMonitor-0x00007ed8ae7ff640|[startMonitor][AliveObjectMonitor],AliveObjectAllocStat=[ type: bcos::gateway::Socket ,created: 19 ,destroyed: 15 ,alive: 4 ] 
info|2025-12-21 04:55:01.921537|timerFactory-0x00007ed8bfdff640|[RPC][WS][SERVICE]connected nodes,count=0
info|2025-12-21 04:55:04.029991|ioService-0x00007ed8d3dff640|[P2PService][Service][METRIC]heartBeat,connected count=3
info|2025-12-21 04:55:11.921566|timerFactory-0x00007ed8bfdff640|[RPC][WS][SERVICE]connected nodes,count=0
info|2025-12-21 04:55:14.030028|ioService-0x00007ed8d3dff640|[P2PService][Service][METRIC]heartBeat,connected count=3
info|2025-12-21 04:55:21.921623|timerFactory-0x00007ed8bfdff640|[RPC][WS][SERVICE]connected nodes,count=0
info|2025-12-21 04:55:24.030092|ioService-0x00007ed8d3dff640|[P2PService][Service][METRIC]heartBeat,connected count=3
info|2025-12-21 04:55:31.921651|timerFactory-0x00007ed8bfdff640|[RPC][WS][SERVICE]connected nodes,count=0
info|2025-12-21 04:55:34.030120|ioService-0x00007ed8d3dff640|[P2PService][Service][METRIC]heartBeat,connected count=3
info|2025-12-21 04:55:41.921677|timerFactory-0x00007ed8bfdff640|[RPC][WS][SERVICE]connected nodes,count=0
info|2025-12-21 04:55:44.030251|ioService-0x00007ed8d3dff640|[P2PService][Service][METRIC]heartBeat,connected count=3
info|2025-12-21 04:55:51.921704|timerFactory-0x00007ed8bfdff640|[RPC][WS][SERVICE]connected nodes,count=0
info|2025-12-21 04:55:54.030284|ioService-0x00007ed8d3dff640|[P2PService][Service][METRIC]heartBeat,connected count=3
info|2025-12-21 04:55:58.988577|objMonitor-0x00007ed8ae7ff640|[startMonitor][AliveObjectMonitor],AliveObjectAllocStat=[ type: bcos::gateway::Socket ,created: 19 ,destroyed: 15 ,alive: 4 ] 
info|2025-12-21 04:56:01.921770|timerFactory-0x00007ed8bfdff640|[RPC][WS][SERVICE]connected nodes,count=0
info|2025-12-21 04:56:04.030403|ioService-0x00007ed8d3dff640|[P2PService][Service][METRIC]heartBeat,connected count=3
info|2025-12-21 04:56:11.921796|timerFactory-0x00007ed8bfdff640|[RPC][WS][SERVICE]connected nodes,count=0
info|2025-12-21 04:56:14.030429|ioService-0x00007ed8d3dff640|[P2PService][Service][METRIC]heartBeat,connected count=3
info|2025-12-21 04:56:21.921879|timerFactory-0x00007ed8bfdff640|[RPC][WS][SERVICE]connected nodes,count=0
info|2025-12-21 04:56:24.030493|ioService-0x00007ed8d3dff640|[P2PService][Service][METRIC]heartBeat,connected count=3
info|2025-12-21 04:56:31.921909|timerFactory-0x00007ed8bfdff640|[RPC][WS][SERVICE]connected nodes,count=0
info|2025-12-21 04:56:34.030633|ioService-0x00007ed8d3dff640|[P2PService][Service][METRIC]heartBeat,connected count=3
info|2025-12-21 04:56:41.921936|timerFactory-0x00007ed8bfdff640|[RPC][WS][SERVICE]connected nodes,count=0
info|2025-12-21 04:56:44.030792|ioService-0x00007ed8d3dff640|[P2PService][Service][METRIC]heartBeat,connected count=3
info|2025-12-21 04:56:51.921963|timerFactory-0x00007ed8bfdff640|[RPC][WS][SERVICE]connected nodes,count=0
info|2025-12-21 04:56:54.030939|ioService-0x00007ed8d3dff640|[P2PService][Service][METRIC]heartBeat,connected count=3
info|2025-12-21 04:56:58.988613|objMonitor-0x00007ed8ae7ff640|[startMonitor][AliveObjectMonitor],AliveObjectAllocStat=[ type: bcos::gateway::Socket ,created: 19 ,destroyed: 15 ,alive: 4 ] 
info|2025-12-21 04:57:01.922043|timerFactory-0x00007ed8bfdff640|[RPC][WS][SERVICE]connected nodes,count=0
info|2025-12-21 04:57:04.031023|ioService-0x00007ed8d3dff640|[P2PService][Service][METRIC]heartBeat,connected count=3
info|2025-12-21 04:57:11.922162|timerFactory-0x00007ed8bfdff640|[RPC][WS][SERVICE]connected nodes,count=0
info|2025-12-21 04:57:14.031144|ioService-0x00007ed8d3dff640|[P2PService][Service][METRIC]heartBeat,connected count=3
info|2025-12-21 04:57:21.922191|timerFactory-0x00007ed8bfdff640|[RPC][WS][SERVICE]connected nodes,count=0
info|2025-12-21 04:57:24.031175|ioService-0x00007ed8d3dff640|[P2PService][Service][METRIC]heartBeat,connected count=3
info|2025-12-21 04:57:31.922219|timerFactory-0x00007ed8bfdff640|[RPC][WS][SERVICE]connected nodes,count=0
info|2025-12-21 04:57:34.031235|ioService-0x00007ed8d3dff640|[P2PService][Service][METRIC]heartBeat,connected count=3
info|2025-12-21 04:57:41.922249|timerFactory-0x00007ed8bfdff640|[RPC][WS][SERVICE]connected nodes,count=0
info|2025-12-21 04:57:44.031286|ioService-0x00007ed8d3dff640|[P2PService][Service][METRIC]heartBeat,connected count=3
info|2025-12-21 04:57:51.922277|timerFactory-0x00007ed8bfdff640|[RPC][WS][SERVICE]connected nodes,count=0
info|2025-12-21 04:57:54.031348|ioService-0x00007ed8d3dff640|[P2PService][Service][METRIC]heartBeat,connected count=3
info|2025-12-21 04:57:58.988711|objMonitor-0x00007ed8ae7ff640|[startMonitor][AliveObjectMonitor],AliveObjectAllocStat=[ type: bcos::gateway::Socket ,created: 19 ,destroyed: 15 ,alive: 4 ] 
info|2025-12-21 04:58:01.922391|timerFactory-0x00007ed8bfdff640|[RPC][WS][SERVICE]connected nodes,count=0
info|2025-12-21 04:58:04.031430|ioService-0x00007ed8d3dff640|[P2PService][Service][METRIC]heartBeat,connected count=3
info|2025-12-21 04:58:11.922464|timerFactory-0x00007ed8bfdff640|[RPC][WS][SERVICE]connected nodes,count=0
info|2025-12-21 04:58:14.031455|ioService-0x00007ed8d3dff640|[P2PService][Service][METRIC]heartBeat,connected count=3
info|2025-12-21 04:58:21.922491|timerFactory-0x00007ed8bfdff640|[RPC][WS][SERVICE]connected nodes,count=0
info|2025-12-21 04:58:24.031478|ioService-0x00007ed8d3dff640|[P2PService][Service][METRIC]heartBeat,connected count=3
info|2025-12-21 04:58:31.922523|timerFactory-0x00007ed8bfdff640|[RPC][WS][SERVICE]connected nodes,count=0
info|2025-12-21 04:58:34.031501|ioService-0x00007ed8d3dff640|[P2PService][Service][METRIC]heartBeat,connected count=3
info|2025-12-21 04:58:41.922551|timerFactory-0x00007ed8bfdff640|[RPC][WS][SERVICE]connected nodes,count=0
info|2025-12-21 04:58:44.031528|ioService-0x00007ed8d3dff640|[P2PService][Service][METRIC]heartBeat,connected count=3
info|2025-12-21 04:58:51.922580|timerFactory-0x00007ed8bfdff640|[RPC][WS][SERVICE]connected nodes,count=0
info|2025-12-21 04:58:54.031557|ioService-0x00007ed8d3dff640|[P2PService][Service][METRIC]heartBeat,connected count=3
info|2025-12-21 04:58:58.988905|objMonitor-0x00007ed8ae7ff640|[startMonitor][AliveObjectMonitor],AliveObjectAllocStat=[ type: bcos::gateway::Socket ,created: 19 ,destroyed: 15 ,alive: 4 ] 
info|2025-12-21 04:59:01.922607|timerFactory-0x00007ed8bfdff640|[RPC][WS][SERVICE]connected nodes,count=0
info|2025-12-21 04:59:04.031686|ioService-0x00007ed8d3dff640|[P2PService][Service][METRIC]heartBeat,connected count=3
info|2025-12-21 04:59:11.922635|timerFactory-0x00007ed8bfdff640|[RPC][WS][SERVICE]connected nodes,count=0
info|2025-12-21 04:59:14.031780|ioService-0x00007ed8d3dff640|[P2PService][Service][METRIC]heartBeat,connected count=3
info|2025-12-21 04:59:21.922664|timerFactory-0x00007ed8bfdff640|[RPC][WS][SERVICE]connected nodes,count=0
info|2025-12-21 04:59:24.031863|ioService-0x00007ed8d3dff640|[P2PService][Service][METRIC]heartBeat,connected count=3
info|2025-12-21 04:59:31.922692|timerFactory-0x00007ed8bfdff640|[RPC][WS][SERVICE]connected nodes,count=0
info|2025-12-21 04:59:34.031896|ioService-0x00007ed8d3dff640|[P2PService][Service][METRIC]heartBeat,connected count=3
info|2025-12-21 04:59:41.922757|timerFactory-0x00007ed8bfdff640|[RPC][WS][SERVICE]connected nodes,count=0
info|2025-12-21 04:59:44.031970|ioService-0x00007ed8d3dff640|[P2PService][Service][METRIC]heartBeat,connected count=3
info|2025-12-21 04:59:51.922790|timerFactory-0x00007ed8bfdff640|[RPC][WS][SERVICE]connected nodes,count=0
info|2025-12-21 04:59:54.032030|ioService-0x00007ed8d3dff640|[P2PService][Service][METRIC]heartBeat,connected count=3
info|2025-12-21 04:59:58.988944|objMonitor-0x00007ed8ae7ff640|[startMonitor][AliveObjectMonitor],AliveObjectAllocStat=[ type: bcos::gateway::Socket ,created: 19 ,destroyed: 15 ,alive: 4 ] 
